#
# A fatal error has been detected by the Java Runtime Environment:
#
#  SIGBUS (0x7) at pc=0x00007ff843944813, pid=50572, tid=50577
#
# JRE version: OpenJDK Runtime Environment (13.0.7+5) (build 13.0.7+5-Ubuntu-0ubuntu120.04)
# Java VM: OpenJDK 64-Bit Server VM (13.0.7+5-Ubuntu-0ubuntu120.04, mixed mode, tiered, serial gc, linux-amd64)
# Problematic frame:
# C  [libc.so.6+0x18b813]
#
# No core dump will be written. Core dumps have been disabled. To enable core dumping, try "ulimit -c unlimited" before starting Java again
#
# If you would like to submit a bug report, please visit:
#   Unknown
#

---------------  S U M M A R Y ------------

Command Line: -Xmx128g --add-modules=ALL-DEFAULT jdk.compiler/com.sun.tools.javac.launcher.Main /mnt/beegfs/rcabanas/dev/credici/papers/zeros/code/GenerateNparents.java -np 1 -nzr 0.4 -zdr 0.5 -o /mnt/beegfs/rcabanas/dev/credici/papers/zeros/models/s3 -rw -s 39 -ys 3

Host: AMD EPYC 7542 32-Core Processor, 64 cores, 251G, Ubuntu 20.04.4 LTS
Time: Mon Oct 14 12:32:50 2024 CEST elapsed time: 0.569714 seconds (0d 0h 0m 0s)

---------------  T H R E A D  ---------------

Current thread (0x00007ff83c018000):  JavaThread "main" [_thread_in_vm, id=50577, stack(0x00007ff841f23000,0x00007ff842024000)]

Stack: [0x00007ff841f23000,0x00007ff842024000],  sp=0x00007ff842020368,  free space=1012k
Native frames: (J=compiled Java code, A=aot compiled Java code, j=interpreted, Vv=VM code, C=native code)
C  [libc.so.6+0x18b813]
V  [libjvm.so+0x5af1e0]
V  [libjvm.so+0x5b41a0]
V  [libjvm.so+0x5b4d89]
V  [libjvm.so+0xa92660]
V  [libjvm.so+0xed3ede]
V  [libjvm.so+0x93c5ba]
V  [libjvm.so+0x93c96a]  JVM_DefineClassWithSource+0xaa
C  [libjava.so+0xf269]  Java_java_lang_ClassLoader_defineClass2+0xd9
J 484  java.lang.ClassLoader.defineClass2(Ljava/lang/ClassLoader;Ljava/lang/String;Ljava/nio/ByteBuffer;IILjava/security/ProtectionDomain;Ljava/lang/String;)Ljava/lang/Class; java.base@13.0.7 (0 bytes) @ 0x00007ff82c275d4d [0x00007ff82c275c20+0x000000000000012d]
J 506 c1 java.lang.ClassLoader.defineClass(Ljava/lang/String;Ljava/nio/ByteBuffer;Ljava/security/ProtectionDomain;)Ljava/lang/Class; java.base@13.0.7 (108 bytes) @ 0x00007ff824dc21dc [0x00007ff824dc1a60+0x000000000000077c]
J 470 c1 jdk.internal.loader.BuiltinClassLoader.defineClass(Ljava/lang/String;Ljdk/internal/loader/BuiltinClassLoader$LoadedModule;)Ljava/lang/Class; java.base@13.0.7 (162 bytes) @ 0x00007ff824daa8f4 [0x00007ff824da95a0+0x0000000000001354]
J 347 c1 jdk.internal.loader.BuiltinClassLoader.loadClassOrNull(Ljava/lang/String;Z)Ljava/lang/Class; java.base@13.0.7 (143 bytes) @ 0x00007ff824d7cf44 [0x00007ff824d7c4a0+0x0000000000000aa4]
J 356 c1 jdk.internal.loader.ClassLoaders$AppClassLoader.loadClass(Ljava/lang/String;Z)Ljava/lang/Class; java.base@13.0.7 (40 bytes) @ 0x00007ff824d8286c [0x00007ff824d82260+0x000000000000060c]
J 350 c1 java.lang.ClassLoader.loadClass(Ljava/lang/String;)Ljava/lang/Class; java.base@13.0.7 (7 bytes) @ 0x00007ff824d7fc9c [0x00007ff824d7fba0+0x00000000000000fc]
v  ~StubRoutines::call_stub
V  [libjvm.so+0x87f941]
V  [libjvm.so+0x87e1ae]
V  [libjvm.so+0xed5c3d]
V  [libjvm.so+0xed4b12]
V  [libjvm.so+0xed75ad]
V  [libjvm.so+0x665b26]
V  [libjvm.so+0xac0aca]
V  [libjvm.so+0xac709f]
V  [libjvm.so+0x87961b]
V  [libjvm.so+0x879bfb]
j  com.sun.tools.javac.comp.Modules.<init>(Lcom/sun/tools/javac/util/Context;)V+260 jdk.compiler@13.0.7
j  com.sun.tools.javac.comp.Modules.instance(Lcom/sun/tools/javac/util/Context;)Lcom/sun/tools/javac/comp/Modules;+19 jdk.compiler@13.0.7
j  com.sun.tools.javac.code.Symtab.<init>(Lcom/sun/tools/javac/util/Context;)V+1020 jdk.compiler@13.0.7
j  com.sun.tools.javac.code.Symtab.instance(Lcom/sun/tools/javac/util/Context;)Lcom/sun/tools/javac/code/Symtab;+20 jdk.compiler@13.0.7
j  com.sun.tools.javac.comp.Attr.<init>(Lcom/sun/tools/javac/util/Context;)V+82 jdk.compiler@13.0.7
j  com.sun.tools.javac.comp.Attr.instance(Lcom/sun/tools/javac/util/Context;)Lcom/sun/tools/javac/comp/Attr;+20 jdk.compiler@13.0.7
j  com.sun.tools.javac.comp.Annotate.<init>(Lcom/sun/tools/javac/util/Context;)V+80 jdk.compiler@13.0.7
j  com.sun.tools.javac.comp.Annotate.instance(Lcom/sun/tools/javac/util/Context;)Lcom/sun/tools/javac/comp/Annotate;+20 jdk.compiler@13.0.7
j  com.sun.tools.javac.jvm.ClassReader.<init>(Lcom/sun/tools/javac/util/Context;)V+152 jdk.compiler@13.0.7
j  com.sun.tools.javac.jvm.ClassReader.instance(Lcom/sun/tools/javac/util/Context;)Lcom/sun/tools/javac/jvm/ClassReader;+20 jdk.compiler@13.0.7
j  com.sun.tools.javac.code.ClassFinder.<init>(Lcom/sun/tools/javac/util/Context;)V+46 jdk.compiler@13.0.7
j  com.sun.tools.javac.code.ClassFinder.instance(Lcom/sun/tools/javac/util/Context;)Lcom/sun/tools/javac/code/ClassFinder;+20 jdk.compiler@13.0.7
j  com.sun.tools.javac.main.JavaCompiler.<init>(Lcom/sun/tools/javac/util/Context;)V+130 jdk.compiler@13.0.7
j  com.sun.tools.javac.main.JavaCompiler.instance(Lcom/sun/tools/javac/util/Context;)Lcom/sun/tools/javac/main/JavaCompiler;+20 jdk.compiler@13.0.7
j  com.sun.tools.javac.api.JavacTaskImpl.prepareCompiler(Z)V+122 jdk.compiler@13.0.7
j  com.sun.tools.javac.api.JavacTaskImpl.lambda$doCall$0()Lcom/sun/tools/javac/main/Main$Result;+2 jdk.compiler@13.0.7
j  com.sun.tools.javac.api.JavacTaskImpl$$Lambda$35.call()Ljava/lang/Object;+4 jdk.compiler@13.0.7
j  com.sun.tools.javac.api.JavacTaskImpl.handleExceptions(Ljava/util/concurrent/Callable;Ljava/lang/Object;Ljava/lang/Object;)Ljava/lang/Object;+17 jdk.compiler@13.0.7
j  com.sun.tools.javac.api.JavacTaskImpl.doCall()Lcom/sun/tools/javac/main/Main$Result;+13 jdk.compiler@13.0.7
j  com.sun.tools.javac.api.JavacTaskImpl.call()Ljava/lang/Boolean;+1 jdk.compiler@13.0.7
j  com.sun.tools.javac.launcher.Main.compile(Ljava/nio/file/Path;Ljava/util/List;Lcom/sun/tools/javac/launcher/Main$Context;)Ljava/lang/String;+95 jdk.compiler@13.0.7
j  com.sun.tools.javac.launcher.Main.run([Ljava/lang/String;[Ljava/lang/String;)V+30 jdk.compiler@13.0.7
j  com.sun.tools.javac.launcher.Main.main([Ljava/lang/String;)V+14 jdk.compiler@13.0.7
v  ~StubRoutines::call_stub
V  [libjvm.so+0x87f941]
V  [libjvm.so+0x90000a]
V  [libjvm.so+0x902949]
C  [libjli.so+0x5a2a]
C  [libjli.so+0x9d3d]

Java frames: (J=compiled Java code, j=interpreted, Vv=VM code)
J 484  java.lang.ClassLoader.defineClass2(Ljava/lang/ClassLoader;Ljava/lang/String;Ljava/nio/ByteBuffer;IILjava/security/ProtectionDomain;Ljava/lang/String;)Ljava/lang/Class; java.base@13.0.7 (0 bytes) @ 0x00007ff82c275cd0 [0x00007ff82c275c20+0x00000000000000b0]
J 506 c1 java.lang.ClassLoader.defineClass(Ljava/lang/String;Ljava/nio/ByteBuffer;Ljava/security/ProtectionDomain;)Ljava/lang/Class; java.base@13.0.7 (108 bytes) @ 0x00007ff824dc21dc [0x00007ff824dc1a60+0x000000000000077c]
J 470 c1 jdk.internal.loader.BuiltinClassLoader.defineClass(Ljava/lang/String;Ljdk/internal/loader/BuiltinClassLoader$LoadedModule;)Ljava/lang/Class; java.base@13.0.7 (162 bytes) @ 0x00007ff824daa8f4 [0x00007ff824da95a0+0x0000000000001354]
J 347 c1 jdk.internal.loader.BuiltinClassLoader.loadClassOrNull(Ljava/lang/String;Z)Ljava/lang/Class; java.base@13.0.7 (143 bytes) @ 0x00007ff824d7cf44 [0x00007ff824d7c4a0+0x0000000000000aa4]
J 356 c1 jdk.internal.loader.ClassLoaders$AppClassLoader.loadClass(Ljava/lang/String;Z)Ljava/lang/Class; java.base@13.0.7 (40 bytes) @ 0x00007ff824d8286c [0x00007ff824d82260+0x000000000000060c]
J 350 c1 java.lang.ClassLoader.loadClass(Ljava/lang/String;)Ljava/lang/Class; java.base@13.0.7 (7 bytes) @ 0x00007ff824d7fc9c [0x00007ff824d7fba0+0x00000000000000fc]
v  ~StubRoutines::call_stub
j  com.sun.tools.javac.comp.Modules.<init>(Lcom/sun/tools/javac/util/Context;)V+260 jdk.compiler@13.0.7
j  com.sun.tools.javac.comp.Modules.instance(Lcom/sun/tools/javac/util/Context;)Lcom/sun/tools/javac/comp/Modules;+19 jdk.compiler@13.0.7
j  com.sun.tools.javac.code.Symtab.<init>(Lcom/sun/tools/javac/util/Context;)V+1020 jdk.compiler@13.0.7
j  com.sun.tools.javac.code.Symtab.instance(Lcom/sun/tools/javac/util/Context;)Lcom/sun/tools/javac/code/Symtab;+20 jdk.compiler@13.0.7
j  com.sun.tools.javac.comp.Attr.<init>(Lcom/sun/tools/javac/util/Context;)V+82 jdk.compiler@13.0.7
j  com.sun.tools.javac.comp.Attr.instance(Lcom/sun/tools/javac/util/Context;)Lcom/sun/tools/javac/comp/Attr;+20 jdk.compiler@13.0.7
j  com.sun.tools.javac.comp.Annotate.<init>(Lcom/sun/tools/javac/util/Context;)V+80 jdk.compiler@13.0.7
j  com.sun.tools.javac.comp.Annotate.instance(Lcom/sun/tools/javac/util/Context;)Lcom/sun/tools/javac/comp/Annotate;+20 jdk.compiler@13.0.7
j  com.sun.tools.javac.jvm.ClassReader.<init>(Lcom/sun/tools/javac/util/Context;)V+152 jdk.compiler@13.0.7
j  com.sun.tools.javac.jvm.ClassReader.instance(Lcom/sun/tools/javac/util/Context;)Lcom/sun/tools/javac/jvm/ClassReader;+20 jdk.compiler@13.0.7
j  com.sun.tools.javac.code.ClassFinder.<init>(Lcom/sun/tools/javac/util/Context;)V+46 jdk.compiler@13.0.7
j  com.sun.tools.javac.code.ClassFinder.instance(Lcom/sun/tools/javac/util/Context;)Lcom/sun/tools/javac/code/ClassFinder;+20 jdk.compiler@13.0.7
j  com.sun.tools.javac.main.JavaCompiler.<init>(Lcom/sun/tools/javac/util/Context;)V+130 jdk.compiler@13.0.7
j  com.sun.tools.javac.main.JavaCompiler.instance(Lcom/sun/tools/javac/util/Context;)Lcom/sun/tools/javac/main/JavaCompiler;+20 jdk.compiler@13.0.7
j  com.sun.tools.javac.api.JavacTaskImpl.prepareCompiler(Z)V+122 jdk.compiler@13.0.7
j  com.sun.tools.javac.api.JavacTaskImpl.lambda$doCall$0()Lcom/sun/tools/javac/main/Main$Result;+2 jdk.compiler@13.0.7
j  com.sun.tools.javac.api.JavacTaskImpl$$Lambda$35.call()Ljava/lang/Object;+4 jdk.compiler@13.0.7
j  com.sun.tools.javac.api.JavacTaskImpl.handleExceptions(Ljava/util/concurrent/Callable;Ljava/lang/Object;Ljava/lang/Object;)Ljava/lang/Object;+17 jdk.compiler@13.0.7
j  com.sun.tools.javac.api.JavacTaskImpl.doCall()Lcom/sun/tools/javac/main/Main$Result;+13 jdk.compiler@13.0.7
j  com.sun.tools.javac.api.JavacTaskImpl.call()Ljava/lang/Boolean;+1 jdk.compiler@13.0.7
j  com.sun.tools.javac.launcher.Main.compile(Ljava/nio/file/Path;Ljava/util/List;Lcom/sun/tools/javac/launcher/Main$Context;)Ljava/lang/String;+95 jdk.compiler@13.0.7
j  com.sun.tools.javac.launcher.Main.run([Ljava/lang/String;[Ljava/lang/String;)V+30 jdk.compiler@13.0.7
j  com.sun.tools.javac.launcher.Main.main([Ljava/lang/String;)V+14 jdk.compiler@13.0.7
v  ~StubRoutines::call_stub

siginfo: si_signo: 7 (SIGBUS), si_code: 2 (BUS_ADRERR), si_addr: 0x00007ff83960a000

Register to memory mapping:

RAX=0x00007ff84065fa8c is pointing into metadata
RBX=0x00007ff83c018000 is a thread
RCX=0x0 is NULL
RDX=0x0000000000000044 is an unknown value
RSP=0x00007ff842020368 is pointing into the stack for thread: 0x00007ff83c018000
RBP=0x00007ff842020590 is pointing into the stack for thread: 0x00007ff83c018000
RSI=0x00007ff839609ff9 points into unknown readable memory: 00 06 1d fd 00 25 01
RDI=0x00007ff84065fa8c is pointing into metadata
R8 =0x0 is NULL
R9 =0x00000000ffffffff is an unknown value
R10=0x0000000000000006 is an unknown value
R11=0x0 is NULL
R12={method} {0x00007ff84065fa30} 'writeEnclosingMethodAttribute' '(Lcom/sun/tools/javac/util/Name;Lcom/sun/tools/javac/code/Symbol$ClassSymbol;)I' in 
[error occurred during error reporting (printing register info), id 0xb, SIGSEGV (0xb) at pc=0x00007ff842f3de63]

Registers:
RAX=0x00007ff84065fa8c, RBX=0x00007ff83c018000, RCX=0x0000000000000000, RDX=0x0000000000000044
RSP=0x00007ff842020368, RBP=0x00007ff842020590, RSI=0x00007ff839609ff9, RDI=0x00007ff84065fa8c
R8 =0x0000000000000000, R9 =0x00000000ffffffff, R10=0x0000000000000006, R11=0x0000000000000000
R12=0x00007ff84065fa30, R13=0x000000000000000f, R14=0x00007ff8420208a0, R15=0x00007ff83c018520
RIP=0x00007ff843944813, EFLAGS=0x0000000000010283, CSGSFS=0x0000000000000033, ERR=0x0000000000000004
  TRAPNO=0x000000000000000e

Top of Stack: (sp=0x00007ff842020368)
0x00007ff842020368:   00007ff84291e828 0000000000000000
0x00007ff842020378:   00007ff84323299d 0000000000000000
0x00007ff842020388:   0000000000000000 0000000000000000
0x00007ff842020398:   0000000000000000 0000000000000460 

Instructions: (pc=0x00007ff843944813)
0x00007ff843944713:   5d 06 00 0f 83 25 01 00 00 48 39 f7 72 0f 74 12
0x00007ff843944723:   4c 8d 0c 16 4c 39 cf 0f 82 c5 01 00 00 48 89 d1
0x00007ff843944733:   f3 a4 c3 80 fa 10 73 17 80 fa 08 73 27 80 fa 04
0x00007ff843944743:   73 33 80 fa 01 77 3b 72 05 0f b6 0e 88 0f c3 c5
0x00007ff843944753:   fa 6f 06 c5 fa 6f 4c 16 f0 c5 fa 7f 07 c5 fa 7f
0x00007ff843944763:   4c 17 f0 c3 48 8b 4c 16 f8 48 8b 36 48 89 4c 17
0x00007ff843944773:   f8 48 89 37 c3 8b 4c 16 fc 8b 36 89 4c 17 fc 89
0x00007ff843944783:   37 c3 0f b7 4c 16 fe 0f b7 36 66 89 4c 17 fe 66
0x00007ff843944793:   89 37 c3 48 81 fa 00 10 00 00 0f 87 6c ff ff ff
0x00007ff8439447a3:   48 81 fa 00 01 00 00 0f 87 91 00 00 00 48 81 fa
0x00007ff8439447b3:   80 00 00 00 72 5a c5 fe 6f 06 c5 fe 6f 4e 20 c5
0x00007ff8439447c3:   fe 6f 56 40 c5 fe 6f 5e 60 c5 fe 6f 64 16 e0 c5
0x00007ff8439447d3:   fe 6f 6c 16 c0 c5 fe 6f 74 16 a0 c5 fe 6f 7c 16
0x00007ff8439447e3:   80 c5 fe 7f 07 c5 fe 7f 4f 20 c5 fe 7f 57 40 c5
0x00007ff8439447f3:   fe 7f 5f 60 c5 fe 7f 64 17 e0 c5 fe 7f 6c 17 c0
0x00007ff843944803:   c5 fe 7f 74 17 a0 c5 fe 7f 7c 17 80 c5 f8 77 c3
0x00007ff843944813:   c5 fe 6f 06 c5 fe 6f 4e 20 c5 fe 6f 54 16 e0 c5
0x00007ff843944823:   fe 6f 5c 16 c0 c5 fe 7f 07 c5 fe 7f 4f 20 c5 fe
0x00007ff843944833:   7f 54 17 e0 c5 fe 7f 5c 17 c0 c5 f8 77 c3 48 39
0x00007ff843944843:   f7 0f 87 ab 00 00 00 0f 84 e5 fe ff ff c5 fe 6f
0x00007ff843944853:   26 c5 fe 6f 6c 16 e0 c5 fe 6f 74 16 c0 c5 fe 6f
0x00007ff843944863:   7c 16 a0 c5 7e 6f 44 16 80 49 89 fb 48 8d 4c 17
0x00007ff843944873:   e0 49 89 f8 49 83 e0 1f 49 83 e8 20 4c 29 c6 4c
0x00007ff843944883:   29 c7 4c 01 c2 48 3b 15 29 5c 06 00 0f 87 07 01
0x00007ff843944893:   00 00 c5 fe 6f 06 c5 fe 6f 4e 20 c5 fe 6f 56 40
0x00007ff8439448a3:   c5 fe 6f 5e 60 48 81 c6 80 00 00 00 48 81 ea 80
0x00007ff8439448b3:   00 00 00 c5 fd 7f 07 c5 fd 7f 4f 20 c5 fd 7f 57
0x00007ff8439448c3:   40 c5 fd 7f 5f 60 48 81 c7 80 00 00 00 48 81 fa
0x00007ff8439448d3:   80 00 00 00 77 bc c5 fe 7f 29 c5 fe 7f 71 e0 c5
0x00007ff8439448e3:   fe 7f 79 c0 c5 7e 7f 41 a0 c4 c1 7e 7f 23 c5 f8
0x00007ff8439448f3:   77 c3 c5 fe 6f 26 c5 fe 6f 6e 20 c5 fe 6f 76 40
0x00007ff843944903:   c5 fe 6f 7e 60 c5 7e 6f 44 16 e0 4c 8d 5c 17 e0 


Stack slot to memory mapping:
stack at sp + 0 slots: 0x00007ff84291e828: <offset 0x00000000005ae828> in /usr/lib/jvm/java-13-openjdk-amd64/lib/server/libjvm.so at 0x00007ff842370000
stack at sp + 1 slots: 0x0 is NULL
stack at sp + 2 slots: 0x00007ff84323299d: <offset 0x0000000000ec299d> in /usr/lib/jvm/java-13-openjdk-amd64/lib/server/libjvm.so at 0x00007ff842370000
stack at sp + 3 slots: 0x0 is NULL
stack at sp + 4 slots: 0x0 is NULL
stack at sp + 5 slots: 0x0 is NULL
stack at sp + 6 slots: 0x0 is NULL
stack at sp + 7 slots: 0x0000000000000460 is an unknown value


---------------  P R O C E S S  ---------------

Threads class SMR info:
_java_thread_list=0x00007ff83c139dc0, length=9, elements={
0x00007ff83c018000, 0x00007ff83c0a3800, 0x00007ff83c0a7000, 0x00007ff83c0cb000,
0x00007ff83c0cd000, 0x00007ff83c0cf000, 0x00007ff83c0d1000, 0x00007ff83c0d3000,
0x00007ff83c138800
}

Java Threads: ( => current thread )
=>0x00007ff83c018000 JavaThread "main" [_thread_in_vm, id=50577, stack(0x00007ff841f23000,0x00007ff842024000)]
  0x00007ff83c0a3800 JavaThread "Reference Handler" daemon [_thread_blocked, id=50593, stack(0x00007ff8411ae000,0x00007ff8412af000)]
  0x00007ff83c0a7000 JavaThread "Finalizer" daemon [_thread_blocked, id=50594, stack(0x00007ff8410ad000,0x00007ff8411ae000)]
  0x00007ff83c0cb000 JavaThread "Signal Dispatcher" daemon [_thread_blocked, id=50595, stack(0x00007ff840f73000,0x00007ff841074000)]
  0x00007ff83c0cd000 JavaThread "Service Thread" daemon [_thread_blocked, id=50596, stack(0x00007ff840e72000,0x00007ff840f73000)]
  0x00007ff83c0cf000 JavaThread "C2 CompilerThread0" daemon [_thread_blocked, id=50597, stack(0x00007ff840d71000,0x00007ff840e72000)]
  0x00007ff83c0d1000 JavaThread "C1 CompilerThread0" daemon [_thread_blocked, id=50598, stack(0x00007ff840c70000,0x00007ff840d71000)]
  0x00007ff83c0d3000 JavaThread "Sweeper thread" daemon [_thread_blocked, id=50600, stack(0x00007ff840b6f000,0x00007ff840c70000)]
  0x00007ff83c138800 JavaThread "Common-Cleaner" daemon [_thread_blocked, id=50635, stack(0x00007ff840a6e000,0x00007ff840b6f000)]

Other Threads:
  0x00007ff83c097800 VMThread "VM Thread" [stack: 0x00007ff8412b1000,0x00007ff8413b1000] [id=50592]
  0x00007ff83c181800 WatcherThread [stack: 0x00007ff84096e000,0x00007ff840a6e000] [id=50646]

Threads with active compile tasks:

VM state:not at safepoint (normal execution)

VM Mutex/Monitor currently owned by a thread: None

Heap:
 def new generation   total 629120K, used 22369K [0x00007fd824600000, 0x00007fd84f0a0000, 0x00007fe2cf0a0000)
  eden space 559232K,   4% used [0x00007fd824600000, 0x00007fd825bd85d8, 0x00007fd846820000)
  from space 69888K,   0% used [0x00007fd846820000, 0x00007fd846820000, 0x00007fd84ac60000)
  to   space 69888K,   0% used [0x00007fd84ac60000, 0x00007fd84ac60000, 0x00007fd84f0a0000)
 tenured generation   total 1398144K, used 0K [0x00007fe2cf0a0000, 0x00007fe324600000, 0x00007ff824600000)
   the space 1398144K,   0% used [0x00007fe2cf0a0000, 0x00007fe2cf0a0000, 0x00007fe2cf0a0200, 0x00007fe324600000)
 Metaspace       used 11406K, capacity 11521K, committed 11776K, reserved 12288K

Card table byte_map: [0x00007fd8145ff000,0x00007fd824600000] _byte_map_base: 0x00007f98284dc000

Polling page: 0x00007ff8439af000

Metaspace:

Usage:
   11.25 MB capacity,    11.14 MB (>99%) used,    97.02 KB ( <1%) free+waste,    17.50 KB ( <1%) overhead. 

Virtual space:
     12.00 MB reserved,      11.50 MB ( 96%) committed 

Chunk freelists:
75.00 KB

MaxMetaspaceSize: unlimited


CodeHeap 'non-profiled nmethods': size=120036Kb used=171Kb max_used=171Kb free=119864Kb
 bounds [0x00007ff82c251000, 0x00007ff82c4c1000, 0x00007ff83378a000]
CodeHeap 'profiled nmethods': size=120032Kb used=726Kb max_used=726Kb free=119305Kb
 bounds [0x00007ff824d19000, 0x00007ff824f89000, 0x00007ff82c251000]
CodeHeap 'non-nmethods': size=5692Kb used=1128Kb max_used=1141Kb free=4563Kb
 bounds [0x00007ff82478a000, 0x00007ff8249fa000, 0x00007ff824d19000]
 total_blobs=911 nmethods=529 adapters=298
 compilation: enabled
              stopped_count=0, restarted_count=0
 full_count=0

Compilation events (20 events):
Event: 0.536 Thread 0x00007ff83c0d1000  520       3       jdk.internal.org.objectweb.asm.Handler::getExceptionTableSize (10 bytes)
Event: 0.536 Thread 0x00007ff83c0d1000 nmethod 520 0x00007ff824dcc510 code [0x00007ff824dcc6a0, 0x00007ff824dcc890]
Event: 0.536 Thread 0x00007ff83c0d1000  521       1       jdk.internal.org.objectweb.asm.MethodWriter::hasAsmInstructions (5 bytes)
Event: 0.536 Thread 0x00007ff83c0d1000 nmethod 521 0x00007ff82c27b110 code [0x00007ff82c27b2a0, 0x00007ff82c27b350]
Event: 0.540 Thread 0x00007ff83c0d1000  522       3       java.lang.invoke.MemberName::getInvocationType (56 bytes)
Event: 0.540 Thread 0x00007ff83c0d1000 nmethod 522 0x00007ff824dcc990 code [0x00007ff824dccba0, 0x00007ff824dcd3c0]
Event: 0.540 Thread 0x00007ff83c0d1000  523       3       java.lang.reflect.Modifier::isPublic (12 bytes)
Event: 0.540 Thread 0x00007ff83c0d1000 nmethod 523 0x00007ff824dcd690 code [0x00007ff824dcd820, 0x00007ff824dcd950]
Event: 0.555 Thread 0x00007ff83c0cf000  524       4       java.lang.CharacterData::of (120 bytes)
Event: 0.556 Thread 0x00007ff83c0cf000 nmethod 524 0x00007ff82c27b410 code [0x00007ff82c27b580, 0x00007ff82c27b5f8]
Event: 0.557 Thread 0x00007ff83c0d1000  525       3       java.lang.invoke.MemberName::getName (25 bytes)
Event: 0.557 Thread 0x00007ff83c0d1000 nmethod 525 0x00007ff824dcda10 code [0x00007ff824dcdbc0, 0x00007ff824dcdf20]
Event: 0.562 Thread 0x00007ff83c0cf000  526       4       java.util.concurrent.ConcurrentHashMap::casTabAt (21 bytes)
Event: 0.562 Thread 0x00007ff83c0cf000 nmethod 526 0x00007ff82c27b710 code [0x00007ff82c27b880, 0x00007ff82c27b8f8]
Event: 0.562 Thread 0x00007ff83c0d1000  527       3       java.util.concurrent.ConcurrentHashMap$Node::<init> (14 bytes)
Event: 0.562 Thread 0x00007ff83c0d1000 nmethod 527 0x00007ff824dce010 code [0x00007ff824dce1a0, 0x00007ff824dce390]
Event: 0.565 Thread 0x00007ff83c0d1000  528       3       com.sun.tools.javac.util.Context::checkState (13 bytes)
Event: 0.566 Thread 0x00007ff83c0d1000 nmethod 528 0x00007ff824dce490 code [0x00007ff824dce640, 0x00007ff824dce820]
Event: 0.566 Thread 0x00007ff83c0d1000  529       1       java.lang.reflect.Method::getName (5 bytes)
Event: 0.566 Thread 0x00007ff83c0d1000 nmethod 529 0x00007ff82c27ba10 code [0x00007ff82c27bba0, 0x00007ff82c27bc50]

GC Heap History (0 events):
No events

Deoptimization events (20 events):
Event: 0.355 Thread 0x00007ff83c018000 DEOPT PACKING pc=0x00007ff824d74513 sp=0x00007ff842020270
Event: 0.355 Thread 0x00007ff83c018000 DEOPT UNPACKING pc=0x00007ff8247d333a sp=0x00007ff84201f760 mode 0
Event: 0.355 Thread 0x00007ff83c018000 DEOPT PACKING pc=0x00007ff824d74513 sp=0x00007ff842020270
Event: 0.355 Thread 0x00007ff83c018000 DEOPT UNPACKING pc=0x00007ff8247d333a sp=0x00007ff84201f760 mode 0
Event: 0.355 Thread 0x00007ff83c018000 DEOPT PACKING pc=0x00007ff824d74513 sp=0x00007ff842020270
Event: 0.355 Thread 0x00007ff83c018000 DEOPT UNPACKING pc=0x00007ff8247d333a sp=0x00007ff84201f760 mode 0
Event: 0.355 Thread 0x00007ff83c018000 DEOPT PACKING pc=0x00007ff824d74513 sp=0x00007ff842020270
Event: 0.355 Thread 0x00007ff83c018000 DEOPT UNPACKING pc=0x00007ff8247d333a sp=0x00007ff84201f760 mode 0
Event: 0.355 Thread 0x00007ff83c018000 DEOPT PACKING pc=0x00007ff824d74513 sp=0x00007ff842020270
Event: 0.355 Thread 0x00007ff83c018000 DEOPT UNPACKING pc=0x00007ff8247d333a sp=0x00007ff84201f760 mode 0
Event: 0.355 Thread 0x00007ff83c018000 DEOPT PACKING pc=0x00007ff824d74513 sp=0x00007ff842020270
Event: 0.355 Thread 0x00007ff83c018000 DEOPT UNPACKING pc=0x00007ff8247d333a sp=0x00007ff84201f760 mode 0
Event: 0.355 Thread 0x00007ff83c018000 DEOPT PACKING pc=0x00007ff824d74513 sp=0x00007ff842020270
Event: 0.355 Thread 0x00007ff83c018000 DEOPT UNPACKING pc=0x00007ff8247d333a sp=0x00007ff84201f760 mode 0
Event: 0.355 Thread 0x00007ff83c018000 DEOPT PACKING pc=0x00007ff824d74513 sp=0x00007ff842020270
Event: 0.355 Thread 0x00007ff83c018000 DEOPT UNPACKING pc=0x00007ff8247d333a sp=0x00007ff84201f760 mode 0
Event: 0.356 Thread 0x00007ff83c018000 DEOPT PACKING pc=0x00007ff824d74513 sp=0x00007ff842020270
Event: 0.356 Thread 0x00007ff83c018000 DEOPT UNPACKING pc=0x00007ff8247d333a sp=0x00007ff84201f760 mode 0
Event: 0.356 Thread 0x00007ff83c018000 DEOPT PACKING pc=0x00007ff824d74513 sp=0x00007ff842020270
Event: 0.356 Thread 0x00007ff83c018000 DEOPT UNPACKING pc=0x00007ff8247d333a sp=0x00007ff84201f760 mode 0

Classes unloaded (0 events):
No events

Classes redefined (0 events):
No events

Internal exceptions (2 events):
Event: 0.422 Thread 0x00007ff83c018000 Exception <a 'java/lang/NoSuchMethodError'{0x00007fd824b6e8f8}: 'int java.lang.invoke.DirectMethodHandle$Holder.invokeVirtual(java.lang.Object, java.lang.Object, java.lang.Object)'> (0x00007fd824b6e8f8) 
thrown [src/hotspot/share/interpreter/linkResolver.cpp, line 766]
Event: 0.535 Thread 0x00007ff83c018000 Exception <a 'java/lang/NoSuchMethodError'{0x00007fd824d1e8d8}: 'int java.lang.invoke.DirectMethodHandle$Holder.invokeStaticInit(java.lang.Object, java.lang.Object)'> (0x00007fd824d1e8d8) 
thrown [src/hotspot/share/interpreter/linkResolver.cpp, line 766]

Events (20 events):
Event: 0.546 loading class com/sun/tools/javac/comp/Resolve
Event: 0.546 loading class com/sun/tools/javac/comp/Resolve done
Event: 0.546 loading class com/sun/tools/javac/comp/Env
Event: 0.546 loading class com/sun/tools/javac/comp/Env done
Event: 0.556 loading class java/util/function/BiPredicate
Event: 0.557 loading class java/util/function/BiPredicate done
Event: 0.557 loading class com/sun/tools/javac/code/Type
Event: 0.557 loading class com/sun/tools/javac/code/Type done
Event: 0.557 loading class com/sun/tools/javac/code/Type
Event: 0.557 loading class com/sun/tools/javac/code/Type done
Event: 0.559 loading class com/sun/tools/javac/comp/TypeEnter$ImportsPhase
Event: 0.559 loading class com/sun/tools/javac/comp/TypeEnter$ImportsPhase done
Event: 0.559 loading class com/sun/tools/javac/tree/JCTree$JCImport
Event: 0.559 loading class com/sun/tools/javac/tree/JCTree$JCImport done
Event: 0.559 loading class com/sun/tools/javac/tree/JCTree$JCImport
Event: 0.559 loading class com/sun/tools/javac/tree/JCTree$JCImport done
Event: 0.560 loading class java/io/StringWriter
Event: 0.561 loading class java/io/StringWriter done
Event: 0.561 loading class java/lang/CloneNotSupportedException
Event: 0.561 loading class java/lang/CloneNotSupportedException done


Dynamic libraries:
55c9af259000-55c9af25a000 r--p 00000000 07:07 4860                       /usr/lib/jvm/java-13-openjdk-amd64/bin/java
55c9af25a000-55c9af25b000 r-xp 00001000 07:07 4860                       /usr/lib/jvm/java-13-openjdk-amd64/bin/java
55c9af25b000-55c9af25c000 r--p 00002000 07:07 4860                       /usr/lib/jvm/java-13-openjdk-amd64/bin/java
55c9af25c000-55c9af25d000 r--p 00002000 07:07 4860                       /usr/lib/jvm/java-13-openjdk-amd64/bin/java
55c9af25d000-55c9af25e000 rw-p 00003000 07:07 4860                       /usr/lib/jvm/java-13-openjdk-amd64/bin/java
55c9b0619000-55c9b063a000 rw-p 00000000 00:00 0                          [heap]
7fd7dc000000-7fd7dc021000 rw-p 00000000 00:00 0 
7fd7dc021000-7fd7e0000000 ---p 00000000 00:00 0 
7fd7e4000000-7fd7e4021000 rw-p 00000000 00:00 0 
7fd7e4021000-7fd7e8000000 ---p 00000000 00:00 0 
7fd7e8000000-7fd7e8021000 rw-p 00000000 00:00 0 
7fd7e8021000-7fd7ec000000 ---p 00000000 00:00 0 
7fd7ec000000-7fd7ec1aa000 rw-p 00000000 00:00 0 
7fd7ec1aa000-7fd7f0000000 ---p 00000000 00:00 0 
7fd7f0000000-7fd7f0093000 rw-p 00000000 00:00 0 
7fd7f0093000-7fd7f4000000 ---p 00000000 00:00 0 
7fd7f4000000-7fd7f4021000 rw-p 00000000 00:00 0 
7fd7f4021000-7fd7f8000000 ---p 00000000 00:00 0 
7fd7f8000000-7fd7f8021000 rw-p 00000000 00:00 0 
7fd7f8021000-7fd7fc000000 ---p 00000000 00:00 0 
7fd7fc000000-7fd7fc021000 rw-p 00000000 00:00 0 
7fd7fc021000-7fd800000000 ---p 00000000 00:00 0 
7fd800000000-7fd800021000 rw-p 00000000 00:00 0 
7fd800021000-7fd804000000 ---p 00000000 00:00 0 
7fd804000000-7fd804021000 rw-p 00000000 00:00 0 
7fd804021000-7fd808000000 ---p 00000000 00:00 0 
7fd809b54000-7fd809dff000 rw-p 00000000 00:00 0 
7fd809dff000-7fd8145ff000 ---p 00000000 00:00 0 
7fd8145ff000-7fd814755000 rw-p 00000000 00:00 0 
7fd814755000-7fd819b54000 ---p 00000000 00:00 0 
7fd819b54000-7fd819dff000 rw-p 00000000 00:00 0 
7fd819dff000-7fd8245ff000 ---p 00000000 00:00 0 
7fd8245ff000-7fd84f0a0000 rw-p 00000000 00:00 0 
7fd84f0a0000-7fe2cf0a0000 ---p 00000000 00:00 0 
7fe2cf0a0000-7fe324600000 rw-p 00000000 00:00 0 
7fe324600000-7ff824600000 ---p 00000000 00:00 0 
7ff82478a000-7ff8249fa000 rwxp 00000000 00:00 0 
7ff8249fa000-7ff824d19000 ---p 00000000 00:00 0 
7ff824d19000-7ff824f89000 rwxp 00000000 00:00 0 
7ff824f89000-7ff82c251000 ---p 00000000 00:00 0 
7ff82c251000-7ff82c4c1000 rwxp 00000000 00:00 0 
7ff82c4c1000-7ff83378a000 ---p 00000000 00:00 0 
7ff83378a000-7ff83c000000 r--s 00000000 07:07 5215                       /usr/lib/jvm/java-13-openjdk-amd64/lib/modules
7ff83c000000-7ff83c39c000 rw-p 00000000 00:00 0 
7ff83c39c000-7ff840000000 ---p 00000000 00:00 0 
7ff84050d000-7ff84068d000 rw-p 00000000 00:00 0 
7ff84068d000-7ff84070d000 ---p 00000000 00:00 0 
7ff84070d000-7ff84090d000 rw-p 00000000 00:00 0 
7ff84090d000-7ff84093e000 rw-p 00000000 00:00 0 
7ff84093e000-7ff840942000 r--p 00000000 07:07 5204                       /usr/lib/jvm/java-13-openjdk-amd64/lib/libnet.so
7ff840942000-7ff840950000 r-xp 00004000 07:07 5204                       /usr/lib/jvm/java-13-openjdk-amd64/lib/libnet.so
7ff840950000-7ff840954000 r--p 00012000 07:07 5204                       /usr/lib/jvm/java-13-openjdk-amd64/lib/libnet.so
7ff840954000-7ff840955000 r--p 00015000 07:07 5204                       /usr/lib/jvm/java-13-openjdk-amd64/lib/libnet.so
7ff840955000-7ff840956000 rw-p 00016000 07:07 5204                       /usr/lib/jvm/java-13-openjdk-amd64/lib/libnet.so
7ff840956000-7ff84095d000 r--p 00000000 07:07 5205                       /usr/lib/jvm/java-13-openjdk-amd64/lib/libnio.so
7ff84095d000-7ff840966000 r-xp 00007000 07:07 5205                       /usr/lib/jvm/java-13-openjdk-amd64/lib/libnio.so
7ff840966000-7ff84096a000 r--p 00010000 07:07 5205                       /usr/lib/jvm/java-13-openjdk-amd64/lib/libnio.so
7ff84096a000-7ff84096b000 r--p 00013000 07:07 5205                       /usr/lib/jvm/java-13-openjdk-amd64/lib/libnio.so
7ff84096b000-7ff84096c000 rw-p 00014000 07:07 5205                       /usr/lib/jvm/java-13-openjdk-amd64/lib/libnio.so
7ff84096c000-7ff84096d000 ---p 00000000 00:00 0 
7ff84096d000-7ff840a6e000 rw-p 00000000 00:00 0 
7ff840a6e000-7ff840a72000 ---p 00000000 00:00 0 
7ff840a72000-7ff840b6f000 rw-p 00000000 00:00 0 
7ff840b6f000-7ff840b73000 ---p 00000000 00:00 0 
7ff840b73000-7ff840c70000 rw-p 00000000 00:00 0 
7ff840c70000-7ff840c74000 ---p 00000000 00:00 0 
7ff840c74000-7ff840d71000 rw-p 00000000 00:00 0 
7ff840d71000-7ff840d75000 ---p 00000000 00:00 0 
7ff840d75000-7ff840e72000 rw-p 00000000 00:00 0 
7ff840e72000-7ff840e76000 ---p 00000000 00:00 0 
7ff840e76000-7ff840f73000 rw-p 00000000 00:00 0 
7ff840f73000-7ff840f77000 ---p 00000000 00:00 0 
7ff840f77000-7ff841074000 rw-p 00000000 00:00 0 
7ff841074000-7ff84107b000 r--s 00000000 07:07 8532                       /usr/lib/x86_64-linux-gnu/gconv/gconv-modules.cache
7ff84107b000-7ff8410ad000 r--p 00000000 07:07 5276                       /usr/lib/locale/C.UTF-8/LC_CTYPE
7ff8410ad000-7ff8410b1000 ---p 00000000 00:00 0 
7ff8410b1000-7ff8411ae000 rw-p 00000000 00:00 0 
7ff8411ae000-7ff8411b2000 ---p 00000000 00:00 0 
7ff8411b2000-7ff8412af000 rw-p 00000000 00:00 0 
7ff8412af000-7ff8412b0000 ---p 00000000 00:00 0 
7ff8412b0000-7ff841cce000 rw-p 00000000 00:00 0 
7ff841cce000-7ff841cd3000 rw-p 00000000 00:00 0 
7ff841cd3000-7ff841db9000 ---p 00000000 00:00 0 
7ff841db9000-7ff841dbe000 rw-p 00000000 00:00 0 
7ff841dbe000-7ff841ea4000 ---p 00000000 00:00 0 
7ff841ea4000-7ff841ea9000 rw-p 00000000 00:00 0 
7ff841ea9000-7ff841eb0000 ---p 00000000 00:00 0 
7ff841eb0000-7ff841eb2000 r--p 00000000 07:07 5214                       /usr/lib/jvm/java-13-openjdk-amd64/lib/libzip.so
7ff841eb2000-7ff841eb6000 r-xp 00002000 07:07 5214                       /usr/lib/jvm/java-13-openjdk-amd64/lib/libzip.so
7ff841eb6000-7ff841eb8000 r--p 00006000 07:07 5214                       /usr/lib/jvm/java-13-openjdk-amd64/lib/libzip.so
7ff841eb8000-7ff841eb9000 r--p 00007000 07:07 5214                       /usr/lib/jvm/java-13-openjdk-amd64/lib/libzip.so
7ff841eb9000-7ff841eba000 rw-p 00008000 07:07 5214                       /usr/lib/jvm/java-13-openjdk-amd64/lib/libzip.so
7ff841eba000-7ff841ec2000 rw-s 00000000 08:03 67973540                   /tmp/hsperfdata_rcabanas/50572
7ff841ec2000-7ff841ec5000 r--p 00000000 07:07 9108                       /usr/lib/x86_64-linux-gnu/libnss_files-2.31.so
7ff841ec5000-7ff841ecc000 r-xp 00003000 07:07 9108                       /usr/lib/x86_64-linux-gnu/libnss_files-2.31.so
7ff841ecc000-7ff841ece000 r--p 0000a000 07:07 9108                       /usr/lib/x86_64-linux-gnu/libnss_files-2.31.so
7ff841ece000-7ff841ecf000 r--p 0000b000 07:07 9108                       /usr/lib/x86_64-linux-gnu/libnss_files-2.31.so
7ff841ecf000-7ff841ed0000 rw-p 0000c000 07:07 9108                       /usr/lib/x86_64-linux-gnu/libnss_files-2.31.so
7ff841ed0000-7ff841ed6000 rw-p 00000000 00:00 0 
7ff841edc000-7ff841ede000 r--p 00000000 07:07 5195                       /usr/lib/jvm/java-13-openjdk-amd64/lib/libjimage.so
7ff841ede000-7ff841ee1000 r-xp 00002000 07:07 5195                       /usr/lib/jvm/java-13-openjdk-amd64/lib/libjimage.so
7ff841ee1000-7ff841ee2000 r--p 00005000 07:07 5195                       /usr/lib/jvm/java-13-openjdk-amd64/lib/libjimage.so
7ff841ee2000-7ff841ee3000 ---p 00006000 07:07 5195                       /usr/lib/jvm/java-13-openjdk-amd64/lib/libjimage.so
7ff841ee3000-7ff841ee4000 r--p 00006000 07:07 5195                       /usr/lib/jvm/java-13-openjdk-amd64/lib/libjimage.so
7ff841ee4000-7ff841ee5000 rw-p 00007000 07:07 5195                       /usr/lib/jvm/java-13-openjdk-amd64/lib/libjimage.so
7ff841ee5000-7ff841ef2000 r--p 00000000 07:07 5191                       /usr/lib/jvm/java-13-openjdk-amd64/lib/libjava.so
7ff841ef2000-7ff841f07000 r-xp 0000d000 07:07 5191                       /usr/lib/jvm/java-13-openjdk-amd64/lib/libjava.so
7ff841f07000-7ff841f0d000 r--p 00022000 07:07 5191                       /usr/lib/jvm/java-13-openjdk-amd64/lib/libjava.so
7ff841f0d000-7ff841f0e000 ---p 00028000 07:07 5191                       /usr/lib/jvm/java-13-openjdk-amd64/lib/libjava.so
7ff841f0e000-7ff841f0f000 r--p 00028000 07:07 5191                       /usr/lib/jvm/java-13-openjdk-amd64/lib/libjava.so
7ff841f0f000-7ff841f11000 rw-p 00029000 07:07 5191                       /usr/lib/jvm/java-13-openjdk-amd64/lib/libjava.so
7ff841f11000-7ff841f16000 r--p 00000000 07:07 5213                       /usr/lib/jvm/java-13-openjdk-amd64/lib/libverify.so
7ff841f16000-7ff841f1d000 r-xp 00005000 07:07 5213                       /usr/lib/jvm/java-13-openjdk-amd64/lib/libverify.so
7ff841f1d000-7ff841f1f000 r--p 0000c000 07:07 5213                       /usr/lib/jvm/java-13-openjdk-amd64/lib/libverify.so
7ff841f1f000-7ff841f20000 ---p 0000e000 07:07 5213                       /usr/lib/jvm/java-13-openjdk-amd64/lib/libverify.so
7ff841f20000-7ff841f22000 r--p 0000e000 07:07 5213                       /usr/lib/jvm/java-13-openjdk-amd64/lib/libverify.so
7ff841f22000-7ff841f23000 rw-p 00010000 07:07 5213                       /usr/lib/jvm/java-13-openjdk-amd64/lib/libverify.so
7ff841f23000-7ff841f27000 ---p 00000000 00:00 0 
7ff841f27000-7ff842024000 rw-p 00000000 00:00 0 
7ff842024000-7ff842027000 r--p 00000000 07:07 8948                       /usr/lib/x86_64-linux-gnu/libgcc_s.so.1
7ff842027000-7ff842039000 r-xp 00003000 07:07 8948                       /usr/lib/x86_64-linux-gnu/libgcc_s.so.1
7ff842039000-7ff84203d000 r--p 00015000 07:07 8948                       /usr/lib/x86_64-linux-gnu/libgcc_s.so.1
7ff84203d000-7ff84203e000 r--p 00018000 07:07 8948                       /usr/lib/x86_64-linux-gnu/libgcc_s.so.1
7ff84203e000-7ff84203f000 rw-p 00019000 07:07 8948                       /usr/lib/x86_64-linux-gnu/libgcc_s.so.1
7ff84203f000-7ff84204c000 r--p 00000000 07:07 9062                       /usr/lib/x86_64-linux-gnu/libm-2.31.so
7ff84204c000-7ff8420f3000 r-xp 0000d000 07:07 9062                       /usr/lib/x86_64-linux-gnu/libm-2.31.so
7ff8420f3000-7ff84218c000 r--p 000b4000 07:07 9062                       /usr/lib/x86_64-linux-gnu/libm-2.31.so
7ff84218c000-7ff84218d000 r--p 0014c000 07:07 9062                       /usr/lib/x86_64-linux-gnu/libm-2.31.so
7ff84218d000-7ff84218e000 rw-p 0014d000 07:07 9062                       /usr/lib/x86_64-linux-gnu/libm-2.31.so
7ff84218e000-7ff842224000 r--p 00000000 07:07 9213                       /usr/lib/x86_64-linux-gnu/libstdc++.so.6.0.28
7ff842224000-7ff842315000 r-xp 00096000 07:07 9213                       /usr/lib/x86_64-linux-gnu/libstdc++.so.6.0.28
7ff842315000-7ff84235e000 r--p 00187000 07:07 9213                       /usr/lib/x86_64-linux-gnu/libstdc++.so.6.0.28
7ff84235e000-7ff84235f000 ---p 001d0000 07:07 9213                       /usr/lib/x86_64-linux-gnu/libstdc++.so.6.0.28
7ff84235f000-7ff84236a000 r--p 001d0000 07:07 9213                       /usr/lib/x86_64-linux-gnu/libstdc++.so.6.0.28
7ff84236a000-7ff84236d000 rw-p 001db000 07:07 9213                       /usr/lib/x86_64-linux-gnu/libstdc++.so.6.0.28
7ff84236d000-7ff842370000 rw-p 00000000 00:00 0 
7ff842370000-7ff8425f6000 r--p 00000000 07:07 5226                       /usr/lib/jvm/java-13-openjdk-amd64/lib/server/libjvm.so
7ff8425f6000-7ff843373000 r-xp 00286000 07:07 5226                       /usr/lib/jvm/java-13-openjdk-amd64/lib/server/libjvm.so
7ff843373000-7ff8435ee000 r--p 01003000 07:07 5226                       /usr/lib/jvm/java-13-openjdk-amd64/lib/server/libjvm.so
7ff8435ee000-7ff8436b3000 r--p 0127d000 07:07 5226                       /usr/lib/jvm/java-13-openjdk-amd64/lib/server/libjvm.so
7ff8436b3000-7ff8436ee000 rw-p 01342000 07:07 5226                       /usr/lib/jvm/java-13-openjdk-amd64/lib/server/libjvm.so
7ff8436ee000-7ff843774000 rw-p 00000000 00:00 0 
7ff843774000-7ff84377a000 r--p 00000000 07:07 9166                       /usr/lib/x86_64-linux-gnu/libpthread-2.31.so
7ff84377a000-7ff84378b000 r-xp 00006000 07:07 9166                       /usr/lib/x86_64-linux-gnu/libpthread-2.31.so
7ff84378b000-7ff843791000 r--p 00017000 07:07 9166                       /usr/lib/x86_64-linux-gnu/libpthread-2.31.so
7ff843791000-7ff843792000 r--p 0001c000 07:07 9166                       /usr/lib/x86_64-linux-gnu/libpthread-2.31.so
7ff843792000-7ff843793000 rw-p 0001d000 07:07 9166                       /usr/lib/x86_64-linux-gnu/libpthread-2.31.so
7ff843793000-7ff843797000 rw-p 00000000 00:00 0 
7ff843797000-7ff843798000 r--p 00000000 07:07 8893                       /usr/lib/x86_64-linux-gnu/libdl-2.31.so
7ff843798000-7ff84379a000 r-xp 00001000 07:07 8893                       /usr/lib/x86_64-linux-gnu/libdl-2.31.so
7ff84379a000-7ff84379b000 r--p 00003000 07:07 8893                       /usr/lib/x86_64-linux-gnu/libdl-2.31.so
7ff84379b000-7ff84379c000 r--p 00003000 07:07 8893                       /usr/lib/x86_64-linux-gnu/libdl-2.31.so
7ff84379c000-7ff84379d000 rw-p 00004000 07:07 8893                       /usr/lib/x86_64-linux-gnu/libdl-2.31.so
7ff84379d000-7ff84379f000 r--p 00000000 07:07 9290                       /usr/lib/x86_64-linux-gnu/libz.so.1.2.11
7ff84379f000-7ff8437b0000 r-xp 00002000 07:07 9290                       /usr/lib/x86_64-linux-gnu/libz.so.1.2.11
7ff8437b0000-7ff8437b6000 r--p 00013000 07:07 9290                       /usr/lib/x86_64-linux-gnu/libz.so.1.2.11
7ff8437b6000-7ff8437b7000 ---p 00019000 07:07 9290                       /usr/lib/x86_64-linux-gnu/libz.so.1.2.11
7ff8437b7000-7ff8437b8000 r--p 00019000 07:07 9290                       /usr/lib/x86_64-linux-gnu/libz.so.1.2.11
7ff8437b8000-7ff8437b9000 rw-p 0001a000 07:07 9290                       /usr/lib/x86_64-linux-gnu/libz.so.1.2.11
7ff8437b9000-7ff8437db000 r--p 00000000 07:07 8851                       /usr/lib/x86_64-linux-gnu/libc-2.31.so
7ff8437db000-7ff843953000 r-xp 00022000 07:07 8851                       /usr/lib/x86_64-linux-gnu/libc-2.31.so
7ff843953000-7ff8439a1000 r--p 0019a000 07:07 8851                       /usr/lib/x86_64-linux-gnu/libc-2.31.so
7ff8439a1000-7ff8439a5000 r--p 001e7000 07:07 8851                       /usr/lib/x86_64-linux-gnu/libc-2.31.so
7ff8439a5000-7ff8439a7000 rw-p 001eb000 07:07 8851                       /usr/lib/x86_64-linux-gnu/libc-2.31.so
7ff8439a7000-7ff8439ab000 rw-p 00000000 00:00 0 
7ff8439ad000-7ff8439af000 r--s 0000c000 07:07 20930                      /usr/share/java/java-atk-wrapper.jar
7ff8439af000-7ff8439b0000 ---p 00000000 00:00 0 
7ff8439b0000-7ff8439b1000 r--p 00000000 00:00 0 
7ff8439b1000-7ff8439b4000 r--p 00000000 07:07 5196                       /usr/lib/jvm/java-13-openjdk-amd64/lib/libjli.so
7ff8439b4000-7ff8439be000 r-xp 00003000 07:07 5196                       /usr/lib/jvm/java-13-openjdk-amd64/lib/libjli.so
7ff8439be000-7ff8439c1000 r--p 0000d000 07:07 5196                       /usr/lib/jvm/java-13-openjdk-amd64/lib/libjli.so
7ff8439c1000-7ff8439c2000 r--p 0000f000 07:07 5196                       /usr/lib/jvm/java-13-openjdk-amd64/lib/libjli.so
7ff8439c2000-7ff8439c3000 rw-p 00010000 07:07 5196                       /usr/lib/jvm/java-13-openjdk-amd64/lib/libjli.so
7ff8439c3000-7ff8439c5000 rw-p 00000000 00:00 0 
7ff8439c5000-7ff8439c6000 r--p 00000000 07:07 8572                       /usr/lib/x86_64-linux-gnu/ld-2.31.so
7ff8439c6000-7ff8439e9000 r-xp 00001000 07:07 8572                       /usr/lib/x86_64-linux-gnu/ld-2.31.so
7ff8439e9000-7ff8439f1000 r--p 00024000 07:07 8572                       /usr/lib/x86_64-linux-gnu/ld-2.31.so
7ff8439f1000-7ff8439f2000 ---p 00000000 00:00 0 
7ff8439f2000-7ff8439f3000 r--p 0002c000 07:07 8572                       /usr/lib/x86_64-linux-gnu/ld-2.31.so
7ff8439f3000-7ff8439f4000 rw-p 0002d000 07:07 8572                       /usr/lib/x86_64-linux-gnu/ld-2.31.so
7ff8439f4000-7ff8439f5000 rw-p 00000000 00:00 0 
7ffdfc2c3000-7ffdfc2e4000 rw-p 00000000 00:00 0                          [stack]
7ffdfc30a000-7ffdfc30c000 r-xp 00000000 00:00 0                          [vdso]
ffffffffff600000-ffffffffff601000 r-xp 00000000 00:00 0                  [vsyscall]


VM Arguments:
jvm_args: -Xmx128g --add-modules=ALL-DEFAULT 
java_command: jdk.compiler/com.sun.tools.javac.launcher.Main /mnt/beegfs/rcabanas/dev/credici/papers/zeros/code/GenerateNparents.java -np 1 -nzr 0.4 -zdr 0.5 -o /mnt/beegfs/rcabanas/dev/credici/papers/zeros/models/s3 -rw -s 39 -ys 3
java_class_path (initial): /mnt/beegfs/rcabanas/dev/credici/target/credici-0.1.5-dev-SNAPSHOT-jar-with-dependencies.jar
Launcher Type: SUN_STANDARD

[Global flags]
     intx CICompilerCount                          = 2                                         {product} {ergonomic}
   size_t InitialHeapSize                          = 2147483648                                {product} {ergonomic}
   size_t MaxHeapSize                              = 137438953472                              {product} {command line}
   size_t MaxNewSize                               = 45812940800                               {product} {ergonomic}
   size_t MinHeapDeltaBytes                        = 196608                                    {product} {ergonomic}
   size_t MinHeapSize                              = 8388608                                   {product} {ergonomic}
   size_t NewSize                                  = 715784192                                 {product} {ergonomic}
    uintx NonNMethodCodeHeapSize                   = 5826188                                {pd product} {ergonomic}
    uintx NonProfiledCodeHeapSize                  = 122916026                              {pd product} {ergonomic}
   size_t OldSize                                  = 1431699456                                {product} {ergonomic}
    uintx ProfiledCodeHeapSize                     = 122916026                              {pd product} {ergonomic}
    uintx ReservedCodeCacheSize                    = 251658240                              {pd product} {ergonomic}
     bool SegmentedCodeCache                       = true                                      {product} {ergonomic}
   size_t SoftMaxHeapSize                          = 137438953472                           {manageable} {ergonomic}
     bool UseSerialGC                              = true                                      {product} {ergonomic}

Logging:
Log output configuration:
 #0: stdout all=warning uptime,level,tags
 #1: stderr all=off uptime,level,tags

Environment Variables:
PATH=/usr/local/sbin:/usr/local/bin:/usr/sbin:/usr/bin:/sbin:/bin
LD_LIBRARY_PATH=/.singularity.d/libs

Signal Handlers:
SIGSEGV: [libjvm.so+0xf8fcf0], sa_mask[0]=11111111011111111101111111111110, sa_flags=SA_RESTART|SA_SIGINFO
SIGBUS: [libjvm.so+0xf8fcf0], sa_mask[0]=11111111011111111101111111111110, sa_flags=SA_RESTART|SA_SIGINFO
SIGFPE: [libjvm.so+0xf8fcf0], sa_mask[0]=11111111011111111101111111111110, sa_flags=SA_RESTART|SA_SIGINFO
SIGPIPE: [libjvm.so+0xc3ffa0], sa_mask[0]=11111111011111111101111111111110, sa_flags=SA_RESTART|SA_SIGINFO
SIGXFSZ: [libjvm.so+0xc3ffa0], sa_mask[0]=11111111011111111101111111111110, sa_flags=SA_RESTART|SA_SIGINFO
SIGILL: [libjvm.so+0xf8fcf0], sa_mask[0]=11111111011111111101111111111110, sa_flags=SA_RESTART|SA_SIGINFO
SIGUSR2: [libjvm.so+0xc3fe40], sa_mask[0]=00000000000000000000000000000000, sa_flags=SA_RESTART|SA_SIGINFO
SIGHUP: [libjvm.so+0xc40580], sa_mask[0]=11111111011111111101111111111110, sa_flags=SA_RESTART|SA_SIGINFO
SIGINT: [libjvm.so+0xc40580], sa_mask[0]=11111111011111111101111111111110, sa_flags=SA_RESTART|SA_SIGINFO
SIGTERM: [libjvm.so+0xc40580], sa_mask[0]=11111111011111111101111111111110, sa_flags=SA_RESTART|SA_SIGINFO
SIGQUIT: [libjvm.so+0xc40580], sa_mask[0]=11111111011111111101111111111110, sa_flags=SA_RESTART|SA_SIGINFO


---------------  S Y S T E M  ---------------

OS:DISTRIB_ID=Ubuntu
DISTRIB_RELEASE=20.04
DISTRIB_CODENAME=focal
DISTRIB_DESCRIPTION="Ubuntu 20.04.4 LTS"
uname:Linux 3.10.0-1160.15.2.el7.x86_64 #1 SMP Wed Feb 3 15:06:38 UTC 2021 x86_64
OS uptime: 93 days 17:22 hours
libc:glibc 2.31 NPTL 2.31 
rlimit (soft/hard): STACK 8192k/infinity , CORE 0k/infinity , NPROC 4096/1030217 , NOFILE 131072/131072 , AS infinity/infinity , CPU infinity/infinity , DATA infinity/infinity , FSIZE infinity/infinity , MEMLOCK infinity/infinity
load average:15.28 4.42 1.55

/proc/meminfo:
MemTotal:       263895368 kB
MemFree:        246864644 kB
MemAvailable:   248378824 kB
Buffers:          266872 kB
Cached:          1754332 kB
SwapCached:            0 kB
Active:          6273908 kB
Inactive:        1234236 kB
Active(anon):    5705920 kB
Inactive(anon):   198184 kB
Active(file):     567988 kB
Inactive(file):  1036052 kB
Unevictable:       15716 kB
Mlocked:           15716 kB
SwapTotal:       4194300 kB
SwapFree:        4194300 kB
Dirty:               536 kB
Writeback:             0 kB
AnonPages:       5471656 kB
Mapped:           368348 kB
Shmem:            411364 kB
Slab:            1401532 kB
SReclaimable:     793244 kB
SUnreclaim:       608288 kB
KernelStack:       21312 kB
PageTables:        38744 kB
NFS_Unstable:          0 kB
Bounce:                0 kB
WritebackTmp:          0 kB
CommitLimit:    136141984 kB
Committed_AS:   29350832 kB
VmallocTotal:   34359738367 kB
VmallocUsed:      860736 kB
VmallocChunk:   34222554448 kB
Percpu:            15104 kB
HardwareCorrupted:     0 kB
AnonHugePages:   4276224 kB
CmaTotal:              0 kB
CmaFree:               0 kB
HugePages_Total:       0
HugePages_Free:        0
HugePages_Rsvd:        0
HugePages_Surp:        0
Hugepagesize:       2048 kB
DirectMap4k:      663144 kB
DirectMap2M:    17025024 kB
DirectMap1G:    250609664 kB

/sys/kernel/mm/transparent_hugepage/enabled:
[always] madvise never

/sys/kernel/mm/transparent_hugepage/defrag (defrag/compaction efforts parameter):
[always] madvise never


/proc/sys/kernel/threads-max (system-wide limit on the number of threads):
2060435


/proc/sys/vm/max_map_count (maximum number of memory map areas a process may have):
65530


/proc/sys/kernel/pid_max (system-wide limit on number of process identifiers):
65536



Steal ticks since vm start: 0
Steal ticks percentage since vm start:  0.000

CPU:total 64 (initial active 1) (32 cores per cpu, 1 threads per core) family 23 model 49 stepping 0, cmov, cx8, fxsr, mmx, sse, sse2, sse3, ssse3, sse4.1, sse4.2, popcnt, avx, avx2, aes, clmul, mmxext, 3dnowpref, lzcnt, sse4a, tsc, tscinvbit, tscinv, bmi1, bmi2, adx, sha, fma
CPU Model and flags from /proc/cpuinfo:
model name	: AMD EPYC 7542 32-Core Processor
flags		: fpu vme de pse tsc msr pae mce cx8 apic sep mtrr pge mca cmov pat pse36 clflush mmx fxsr sse sse2 ht syscall nx mmxext fxsr_opt pdpe1gb rdtscp lm constant_tsc art rep_good nopl nonstop_tsc extd_apicid aperfmperf eagerfpu pni pclmulqdq monitor ssse3 fma cx16 sse4_1 sse4_2 movbe popcnt aes xsave avx f16c rdrand lahf_lm cmp_legacy svm extapic cr8_legacy abm sse4a misalignsse 3dnowprefetch osvw ibs skinit wdt tce topoext perfctr_core perfctr_nb bpext perfctr_l2 cpb cat_l3 cdp_l3 hw_pstate sme retpoline_amd ssbd ibrs ibpb stibp vmmcall fsgsbase bmi1 avx2 smep bmi2 cqm rdt_a rdseed adx smap clflushopt clwb sha_ni xsaveopt xsavec xgetbv1 cqm_llc cqm_occup_llc cqm_mbm_total cqm_mbm_local clzero irperf xsaveerptr arat npt lbrv svm_lock nrip_save tsc_scale vmcb_clean flushbyasid decodeassists pausefilter pfthreshold avic v_vmsave_vmload vgif umip overflow_recov succor smca
Online cpus:0-63
Offline cpus:
BIOS frequency limitation:2900000
Frequency switch latency (ns):0
Available cpu frequencies:2900000 2400000 1500000 
Current governor:conservative
Core performance/turbo boost:1

Memory: 4k page, physical 263895368k(246864024k free), swap 4194300k(4194300k free)

vm_info: OpenJDK 64-Bit Server VM (13.0.7+5-Ubuntu-0ubuntu120.04) for linux-amd64 JRE (13.0.7+5-Ubuntu-0ubuntu120.04), built on Apr 21 2021 05:36:19 by "unknown" with gcc 9.3.0

END.
