#
# There is insufficient memory for the Java Runtime Environment to continue.
# Native memory allocation (mmap) failed to map 673452032 bytes for committing reserved memory.
# Possible reasons:
#   The system is out of physical RAM or swap space
# Possible solutions:
#   Reduce memory load on the system
#   Increase physical memory or swap space
#   Check if swap backing store is full
#   Decrease Java heap size (-Xmx/-Xms)
#   Decrease number of Java threads
#   Decrease Java thread stack sizes (-Xss)
#   Set larger code cache with -XX:ReservedCodeCacheSize=
# This output file may be truncated or incomplete.
#
#  Out of Memory Error (os_linux.cpp:2899), pid=11385, tid=11387
#
# JRE version: OpenJDK Runtime Environment (13.0.7+5) (build 13.0.7+5-Ubuntu-0ubuntu120.04)
# Java VM: OpenJDK 64-Bit Server VM (13.0.7+5-Ubuntu-0ubuntu120.04, mixed mode, tiered, serial gc, linux-amd64)
# No core dump will be written. Core dumps have been disabled. To enable core dumping, try "ulimit -c unlimited" before starting Java again
#

---------------  S U M M A R Y ------------

Command Line: -Xmx128g --add-modules=ALL-DEFAULT jdk.compiler/com.sun.tools.javac.launcher.Main /mnt/beegfs/rcabanas/dev/credici/papers/zeros/code/GenerateNparents.java -np 2 -nzr 1.0 -zdr 0.5 -o /mnt/beegfs/rcabanas/dev/credici/papers/zeros/models/s3 -rw -s 134 -ys 3

Host: AMD EPYC 7542 32-Core Processor, 64 cores, 251G, Ubuntu 20.04.4 LTS
Time: Mon Oct 14 12:51:21 2024 CEST elapsed time: 266.309056 seconds (0d 0h 4m 26s)

---------------  T H R E A D  ---------------

Current thread (0x00007fed58097800):  VMThread "VM Thread" [stack: 0x00007fed5e33f000,0x00007fed5e43f000] [id=11387]

Stack: [0x00007fed5e33f000,0x00007fed5e43f000],  sp=0x00007fed5e43d160,  free space=1016k
Native frames: (J=compiled Java code, A=aot compiled Java code, j=interpreted, Vv=VM code, C=native code)
V  [libjvm.so+0xf8f092]
V  [libjvm.so+0xf8fc91]
V  [libjvm.so+0x66ee5a]
V  [libjvm.so+0xc44a41]
V  [libjvm.so+0xc3b263]
V  [libjvm.so+0xf87f4b]
V  [libjvm.so+0x557506]
V  [libjvm.so+0x557723]
V  [libjvm.so+0xf18b0c]
V  [libjvm.so+0x557e65]
V  [libjvm.so+0x7e2edb]
V  [libjvm.so+0x7e39bd]
V  [libjvm.so+0x7d8b48]
V  [libjvm.so+0xf90940]
V  [libjvm.so+0xf96657]
V  [libjvm.so+0xf96d2b]
V  [libjvm.so+0xf9706a]
V  [libjvm.so+0xf2208f]
V  [libjvm.so+0xc493ff]

VM_Operation (0x00007fed5f0aec80): GenCollectForAllocation, mode: safepoint, requested by thread 0x00007fed58018000


---------------  P R O C E S S  ---------------

Threads class SMR info:
_java_thread_list=0x00007fed58136260, length=9, elements={
0x00007fed58018000, 0x00007fed580a3800, 0x00007fed580a7000, 0x00007fed580cb000,
0x00007fed580cd000, 0x00007fed580cf000, 0x00007fed580d1000, 0x00007fed580d3000,
0x00007fed58135000
}

Java Threads: ( => current thread )
  0x00007fed58018000 JavaThread "main" [_thread_blocked, id=11386, stack(0x00007fed5efb1000,0x00007fed5f0b2000)]
  0x00007fed580a3800 JavaThread "Reference Handler" daemon [_thread_blocked, id=11388, stack(0x00007fed5e23c000,0x00007fed5e33d000)]
  0x00007fed580a7000 JavaThread "Finalizer" daemon [_thread_blocked, id=11389, stack(0x00007fed5e13b000,0x00007fed5e23c000)]
  0x00007fed580cb000 JavaThread "Signal Dispatcher" daemon [_thread_blocked, id=11390, stack(0x00007fed5e001000,0x00007fed5e102000)]
  0x00007fed580cd000 JavaThread "Service Thread" daemon [_thread_blocked, id=11391, stack(0x00007fed5df00000,0x00007fed5e001000)]
  0x00007fed580cf000 JavaThread "C2 CompilerThread0" daemon [_thread_blocked, id=11392, stack(0x00007fed5ddff000,0x00007fed5df00000)]
  0x00007fed580d1000 JavaThread "C1 CompilerThread0" daemon [_thread_blocked, id=11393, stack(0x00007fed5dcfe000,0x00007fed5ddff000)]
  0x00007fed580d3000 JavaThread "Sweeper thread" daemon [_thread_blocked, id=11394, stack(0x00007fed5dbfd000,0x00007fed5dcfe000)]
  0x00007fed58135000 JavaThread "Common-Cleaner" daemon [_thread_blocked, id=11395, stack(0x00007fed5dafc000,0x00007fed5dbfd000)]

Other Threads:
=>0x00007fed58097800 VMThread "VM Thread" [stack: 0x00007fed5e33f000,0x00007fed5e43f000] [id=11387]
  0x00007fed58181800 WatcherThread [stack: 0x00007fed5d9fc000,0x00007fed5dafc000] [id=11396]

Threads with active compile tasks:

VM state:at safepoint (normal execution)

VM Mutex/Monitor currently owned by a thread:  ([mutex/lock_event])
[0x00007fed580140d0] Threads_lock - owner thread: 0x00007fed58097800
[0x00007fed58014cd0] Heap_lock - owner thread: 0x00007fed58018000

Heap:
 def new generation   total 1248960K, used 0K [0x00007fcd40600000, 0x00007fcd95130000, 0x00007fd7eb0a0000)
  eden space 1110208K,   0% used [0x00007fcd40600000, 0x00007fcd40600000, 0x00007fcd84230000)
  from space 138752K,   0% used [0x00007fcd8c9b0000, 0x00007fcd8c9b0000, 0x00007fcd95130000)
  to   space 138752K,   0% used [0x00007fcd84230000, 0x00007fcd84230000, 0x00007fcd8c9b0000)
 tenured generation   total 2920892K, used 2147135K [0x00007fd7eb0a0000, 0x00007fd89d50f000, 0x00007fed40600000)
   the space 2920892K,  73% used [0x00007fd7eb0a0000, 0x00007fd86e16fdf0, 0x00007fd86e16fe00, 0x00007fd89d50f000)
 Metaspace       used 29917K, capacity 30328K, committed 30464K, reserved 30720K

Card table byte_map: [0x00007fcd305ff000,0x00007fcd40600000] _byte_map_base: 0x00007f8d49bfc000

Polling page: 0x00007fed60a3d000

Metaspace:

Usage:
   29.62 MB capacity,    29.22 MB ( 99%) used,   306.00 KB (  1%) free+waste,   104.12 KB ( <1%) overhead. 

Virtual space:
     30.00 MB reserved,      29.75 MB (>99%) committed 

Chunk freelists:
92.00 KB

MaxMetaspaceSize: unlimited


CodeHeap 'non-profiled nmethods': size=120036Kb used=1852Kb max_used=1852Kb free=118183Kb
 bounds [0x00007fed48251000, 0x00007fed484c1000, 0x00007fed4f78a000]
CodeHeap 'profiled nmethods': size=120032Kb used=8143Kb max_used=8143Kb free=111888Kb
 bounds [0x00007fed40d19000, 0x00007fed41519000, 0x00007fed48251000]
CodeHeap 'non-nmethods': size=5692Kb used=1247Kb max_used=1291Kb free=4444Kb
 bounds [0x00007fed4078a000, 0x00007fed409fa000, 0x00007fed40d19000]
 total_blobs=4517 nmethods=3988 adapters=444
 compilation: enabled
              stopped_count=0, restarted_count=0
 full_count=0

Compilation events (20 events):
Event: 40.723 Thread 0x00007fed580d1000 4020       3       java.math.MutableBigInteger::getLowestSetBit (74 bytes)
Event: 40.723 Thread 0x00007fed580d1000 nmethod 4020 0x00007fed4150b510 code [0x00007fed4150b6c0, 0x00007fed4150b9e0]
Event: 40.724 Thread 0x00007fed580cf000 4021       4       java.math.MutableBigInteger::getLowestSetBit (74 bytes)
Event: 40.725 Thread 0x00007fed580cf000 nmethod 4021 0x00007fed48419a90 code [0x00007fed48419c00, 0x00007fed48419d58]
Event: 40.726 Thread 0x00007fed580cf000 4022       4       java.math.MutableBigInteger::binaryGCD (245 bytes)
Event: 40.778 Thread 0x00007fed580cf000 nmethod 4022 0x00007fed48419e90 code [0x00007fed4841a0a0, 0x00007fed4841bbf8]
Event: 46.846 Thread 0x00007fed580d1000 4023       3       ch.javasoft.math.BigFraction::divide (99 bytes)
Event: 46.847 Thread 0x00007fed580d1000 nmethod 4023 0x00007fed4150bb90 code [0x00007fed4150be00, 0x00007fed4150c750]
Event: 46.855 Thread 0x00007fed580cf000 4024       4       ch.javasoft.math.BigFraction::divide (99 bytes)
Event: 46.887 Thread 0x00007fed580cf000 nmethod 4024 0x00007fed4841cb90 code [0x00007fed4841cdc0, 0x00007fed4841db98]
Event: 61.342 Thread 0x00007fed580cf000 4025       4       java.util.Collections$UnmodifiableCollection::iterator (9 bytes)
Event: 61.344 Thread 0x00007fed580cf000 nmethod 4025 0x00007fed4841e690 code [0x00007fed4841e820, 0x00007fed4841e9d8]
Event: 174.163 Thread 0x00007fed580cf000 4026       4       ch.javasoft.metabolic.efm.column.AdjCandidates::appendPairTo (27 bytes)
Event: 174.257 Thread 0x00007fed580cf000 nmethod 4026 0x00007fed4841eb10 code [0x00007fed4841ece0, 0x00007fed4841f418]
Event: 174.257 Thread 0x00007fed580cf000 4027       4       ch.javasoft.metabolic.efm.column.AdjCandidates::removeLast (17 bytes)
Event: 174.259 Thread 0x00007fed580cf000 nmethod 4027 0x00007fed4841fb10 code [0x00007fed4841fca0, 0x00007fed4841fe98]
Event: 252.994 Thread 0x00007fed580d1000 4028       3       java.math.MutableBigInteger::setValue (16 bytes)
Event: 253.002 Thread 0x00007fed580d1000 nmethod 4028 0x00007fed4150cb10 code [0x00007fed4150cca0, 0x00007fed4150cdb0]
Event: 253.167 Thread 0x00007fed580cf000 4029       4       java.math.MutableBigInteger::setValue (16 bytes)
Event: 253.175 Thread 0x00007fed580cf000 nmethod 4029 0x00007fed48420090 code [0x00007fed48420200, 0x00007fed48420278]

GC Heap History (20 events):
Event: 52.649 GC heap after
{Heap after GC invocations=35 (full 2):
 def new generation   total 751552K, used 68514K [0x00007fcd40600000, 0x00007fcd73570000, 0x00007fd7eb0a0000)
  eden space 668096K,   0% used [0x00007fcd40600000, 0x00007fcd40600000, 0x00007fcd69270000)
  from space 83456K,  82% used [0x00007fcd69270000, 0x00007fcd6d558990, 0x00007fcd6e3f0000)
  to   space 83456K,   0% used [0x00007fcd6e3f0000, 0x00007fcd6e3f0000, 0x00007fcd73570000)
 tenured generation   total 1669968K, used 1526834K [0x00007fd7eb0a0000, 0x00007fd850f74000, 0x00007fed40600000)
   the space 1669968K,  91% used [0x00007fd7eb0a0000, 0x00007fd8483acae8, 0x00007fd8483acc00, 0x00007fd850f74000)
 Metaspace       used 29917K, capacity 30328K, committed 30464K, reserved 30720K
}
Event: 53.014 GC heap before
{Heap before GC invocations=35 (full 2):
 def new generation   total 751552K, used 736610K [0x00007fcd40600000, 0x00007fcd73570000, 0x00007fd7eb0a0000)
  eden space 668096K, 100% used [0x00007fcd40600000, 0x00007fcd69270000, 0x00007fcd69270000)
  from space 83456K,  82% used [0x00007fcd69270000, 0x00007fcd6d558990, 0x00007fcd6e3f0000)
  to   space 83456K,   0% used [0x00007fcd6e3f0000, 0x00007fcd6e3f0000, 0x00007fcd73570000)
 tenured generation   total 1669968K, used 1526834K [0x00007fd7eb0a0000, 0x00007fd850f74000, 0x00007fed40600000)
   the space 1669968K,  91% used [0x00007fd7eb0a0000, 0x00007fd8483acae8, 0x00007fd8483acc00, 0x00007fd850f74000)
 Metaspace       used 29917K, capacity 30328K, committed 30464K, reserved 30720K
}
Event: 53.376 GC heap after
{Heap after GC invocations=36 (full 2):
 def new generation   total 751552K, used 66731K [0x00007fcd40600000, 0x00007fcd73570000, 0x00007fd7eb0a0000)
  eden space 668096K,   0% used [0x00007fcd40600000, 0x00007fcd40600000, 0x00007fcd69270000)
  from space 83456K,  79% used [0x00007fcd6e3f0000, 0x00007fcd7251add0, 0x00007fcd73570000)
  to   space 83456K,   0% used [0x00007fcd69270000, 0x00007fcd69270000, 0x00007fcd6e3f0000)
 tenured generation   total 1669968K, used 1595348K [0x00007fd7eb0a0000, 0x00007fd850f74000, 0x00007fed40600000)
   the space 1669968K,  95% used [0x00007fd7eb0a0000, 0x00007fd84c695268, 0x00007fd84c695400, 0x00007fd850f74000)
 Metaspace       used 29917K, capacity 30328K, committed 30464K, reserved 30720K
}
Event: 53.662 GC heap before
{Heap before GC invocations=36 (full 2):
 def new generation   total 751552K, used 734827K [0x00007fcd40600000, 0x00007fcd73570000, 0x00007fd7eb0a0000)
  eden space 668096K, 100% used [0x00007fcd40600000, 0x00007fcd69270000, 0x00007fcd69270000)
  from space 83456K,  79% used [0x00007fcd6e3f0000, 0x00007fcd7251add0, 0x00007fcd73570000)
  to   space 83456K,   0% used [0x00007fcd69270000, 0x00007fcd69270000, 0x00007fcd6e3f0000)
 tenured generation   total 1669968K, used 1595348K [0x00007fd7eb0a0000, 0x00007fd850f74000, 0x00007fed40600000)
   the space 1669968K,  95% used [0x00007fd7eb0a0000, 0x00007fd84c695268, 0x00007fd84c695400, 0x00007fd850f74000)
 Metaspace       used 29917K, capacity 30328K, committed 30464K, reserved 30720K
}
Event: 53.959 GC heap after
{Heap after GC invocations=37 (full 2):
 def new generation   total 751552K, used 54739K [0x00007fcd40600000, 0x00007fcd73570000, 0x00007fd7eb0a0000)
  eden space 668096K,   0% used [0x00007fcd40600000, 0x00007fcd40600000, 0x00007fcd69270000)
  from space 83456K,  65% used [0x00007fcd69270000, 0x00007fcd6c7e4d48, 0x00007fcd6e3f0000)
  to   space 83456K,   0% used [0x00007fcd6e3f0000, 0x00007fcd6e3f0000, 0x00007fcd73570000)
 tenured generation   total 1669968K, used 1662079K [0x00007fd7eb0a0000, 0x00007fd850f74000, 0x00007fed40600000)
   the space 1669968K,  99% used [0x00007fd7eb0a0000, 0x00007fd8507bfda8, 0x00007fd8507bfe00, 0x00007fd850f74000)
 Metaspace       used 29917K, capacity 30328K, committed 30464K, reserved 30720K
}
Event: 54.230 GC heap before
{Heap before GC invocations=37 (full 2):
 def new generation   total 751552K, used 722835K [0x00007fcd40600000, 0x00007fcd73570000, 0x00007fd7eb0a0000)
  eden space 668096K, 100% used [0x00007fcd40600000, 0x00007fcd69270000, 0x00007fcd69270000)
  from space 83456K,  65% used [0x00007fcd69270000, 0x00007fcd6c7e4d48, 0x00007fcd6e3f0000)
  to   space 83456K,   0% used [0x00007fcd6e3f0000, 0x00007fcd6e3f0000, 0x00007fcd73570000)
 tenured generation   total 1669968K, used 1662079K [0x00007fd7eb0a0000, 0x00007fd850f74000, 0x00007fed40600000)
   the space 1669968K,  99% used [0x00007fd7eb0a0000, 0x00007fd8507bfda8, 0x00007fd8507bfe00, 0x00007fd850f74000)
 Metaspace       used 29917K, capacity 30328K, committed 30464K, reserved 30720K
}
Event: 54.544 GC heap after
{Heap after GC invocations=38 (full 2):
 def new generation   total 751552K, used 59358K [0x00007fcd40600000, 0x00007fcd73570000, 0x00007fd7eb0a0000)
  eden space 668096K,   0% used [0x00007fcd40600000, 0x00007fcd40600000, 0x00007fcd69270000)
  from space 83456K,  71% used [0x00007fcd6e3f0000, 0x00007fcd71de7948, 0x00007fcd73570000)
  to   space 83456K,   0% used [0x00007fcd69270000, 0x00007fcd69270000, 0x00007fcd6e3f0000)
 tenured generation   total 1717008K, used 1716818K [0x00007fd7eb0a0000, 0x00007fd853d64000, 0x00007fed40600000)
   the space 1717008K,  99% used [0x00007fd7eb0a0000, 0x00007fd853d349c0, 0x00007fd853d34a00, 0x00007fd853d64000)
 Metaspace       used 29917K, capacity 30328K, committed 30464K, reserved 30720K
}
Event: 54.544 GC heap before
{Heap before GC invocations=38 (full 2):
 def new generation   total 751552K, used 59358K [0x00007fcd40600000, 0x00007fcd73570000, 0x00007fd7eb0a0000)
  eden space 668096K,   0% used [0x00007fcd40600000, 0x00007fcd40600000, 0x00007fcd69270000)
  from space 83456K,  71% used [0x00007fcd6e3f0000, 0x00007fcd71de7948, 0x00007fcd73570000)
  to   space 83456K,   0% used [0x00007fcd69270000, 0x00007fcd69270000, 0x00007fcd6e3f0000)
 tenured generation   total 1717008K, used 1716818K [0x00007fd7eb0a0000, 0x00007fd853d64000, 0x00007fed40600000)
   the space 1717008K,  99% used [0x00007fd7eb0a0000, 0x00007fd853d349c0, 0x00007fd853d34a00, 0x00007fd853d64000)
 Metaspace       used 29917K, capacity 30328K, committed 30464K, reserved 30720K
}
Event: 58.912 GC heap after
{Heap after GC invocations=38 (full 3):
 def new generation   total 1248960K, used 0K [0x00007fcd40600000, 0x00007fcd95130000, 0x00007fd7eb0a0000)
  eden space 1110208K,   0% used [0x00007fcd40600000, 0x00007fcd40600000, 0x00007fcd84230000)
  from space 138752K,   0% used [0x00007fcd84230000, 0x00007fcd84230000, 0x00007fcd8c9b0000)
  to   space 138752K,   0% used [0x00007fcd8c9b0000, 0x00007fcd8c9b0000, 0x00007fcd95130000)
 tenured generation   total 2775356K, used 1665211K [0x00007fd7eb0a0000, 0x00007fd8946ef000, 0x00007fed40600000)
   the space 2775356K,  59% used [0x00007fd7eb0a0000, 0x00007fd850aced88, 0x00007fd850acee00, 0x00007fd8946ef000)
 Metaspace       used 29917K, capacity 30328K, committed 30464K, reserved 30720K
}
Event: 59.503 GC heap before
{Heap before GC invocations=38 (full 3):
 def new generation   total 1248960K, used 1110208K [0x00007fcd40600000, 0x00007fcd95130000, 0x00007fd7eb0a0000)
  eden space 1110208K, 100% used [0x00007fcd40600000, 0x00007fcd84230000, 0x00007fcd84230000)
  from space 138752K,   0% used [0x00007fcd84230000, 0x00007fcd84230000, 0x00007fcd8c9b0000)
  to   space 138752K,   0% used [0x00007fcd8c9b0000, 0x00007fcd8c9b0000, 0x00007fcd95130000)
 tenured generation   total 2775356K, used 1665211K [0x00007fd7eb0a0000, 0x00007fd8946ef000, 0x00007fed40600000)
   the space 2775356K,  59% used [0x00007fd7eb0a0000, 0x00007fd850aced88, 0x00007fd850acee00, 0x00007fd8946ef000)
 Metaspace       used 29917K, capacity 30328K, committed 30464K, reserved 30720K
}
Event: 59.917 GC heap after
{Heap after GC invocations=39 (full 3):
 def new generation   total 1248960K, used 94994K [0x00007fcd40600000, 0x00007fcd95130000, 0x00007fd7eb0a0000)
  eden space 1110208K,   0% used [0x00007fcd40600000, 0x00007fcd40600000, 0x00007fcd84230000)
  from space 138752K,  68% used [0x00007fcd8c9b0000, 0x00007fcd92674b10, 0x00007fcd95130000)
  to   space 138752K,   0% used [0x00007fcd84230000, 0x00007fcd84230000, 0x00007fcd8c9b0000)
 tenured generation   total 2775356K, used 1665211K [0x00007fd7eb0a0000, 0x00007fd8946ef000, 0x00007fed40600000)
   the space 2775356K,  59% used [0x00007fd7eb0a0000, 0x00007fd850aced88, 0x00007fd850acee00, 0x00007fd8946ef000)
 Metaspace       used 29917K, capacity 30328K, committed 30464K, reserved 30720K
}
Event: 75.421 GC heap before
{Heap before GC invocations=39 (full 3):
 def new generation   total 1248960K, used 1205202K [0x00007fcd40600000, 0x00007fcd95130000, 0x00007fd7eb0a0000)
  eden space 1110208K, 100% used [0x00007fcd40600000, 0x00007fcd84230000, 0x00007fcd84230000)
  from space 138752K,  68% used [0x00007fcd8c9b0000, 0x00007fcd92674b10, 0x00007fcd95130000)
  to   space 138752K,   0% used [0x00007fcd84230000, 0x00007fcd84230000, 0x00007fcd8c9b0000)
 tenured generation   total 2775356K, used 1665211K [0x00007fd7eb0a0000, 0x00007fd8946ef000, 0x00007fed40600000)
   the space 2775356K,  59% used [0x00007fd7eb0a0000, 0x00007fd850aced88, 0x00007fd850acee00, 0x00007fd8946ef000)
 Metaspace       used 29917K, capacity 30328K, committed 30464K, reserved 30720K
}
Event: 78.983 GC heap after
{Heap after GC invocations=40 (full 3):
 def new generation   total 1248960K, used 138752K [0x00007fcd40600000, 0x00007fcd95130000, 0x00007fd7eb0a0000)
  eden space 1110208K,   0% used [0x00007fcd40600000, 0x00007fcd40600000, 0x00007fcd84230000)
  from space 138752K, 100% used [0x00007fcd84230000, 0x00007fcd8c9b0000, 0x00007fcd8c9b0000)
  to   space 138752K,   0% used [0x00007fcd8c9b0000, 0x00007fcd8c9b0000, 0x00007fcd95130000)
 tenured generation   total 2775356K, used 2267853K [0x00007fd7eb0a0000, 0x00007fd8946ef000, 0x00007fed40600000)
   the space 2775356K,  81% used [0x00007fd7eb0a0000, 0x00007fd8757534e0, 0x00007fd875753600, 0x00007fd8946ef000)
 Metaspace       used 29917K, capacity 30328K, committed 30464K, reserved 30720K
}
Event: 145.533 GC heap before
{Heap before GC invocations=40 (full 3):
 def new generation   total 1248960K, used 1248960K [0x00007fcd40600000, 0x00007fcd95130000, 0x00007fd7eb0a0000)
  eden space 1110208K, 100% used [0x00007fcd40600000, 0x00007fcd84230000, 0x00007fcd84230000)
  from space 138752K, 100% used [0x00007fcd84230000, 0x00007fcd8c9b0000, 0x00007fcd8c9b0000)
  to   space 138752K,   0% used [0x00007fcd8c9b0000, 0x00007fcd8c9b0000, 0x00007fcd95130000)
 tenured generation   total 2775356K, used 2267853K [0x00007fd7eb0a0000, 0x00007fd8946ef000, 0x00007fed40600000)
   the space 2775356K,  81% used [0x00007fd7eb0a0000, 0x00007fd8757534e0, 0x00007fd875753600, 0x00007fd8946ef000)
 Metaspace       used 29917K, capacity 30328K, committed 30464K, reserved 30720K
}
Event: 146.837 GC heap after
{Heap after GC invocations=41 (full 3):
 def new generation   total 1248960K, used 138752K [0x00007fcd40600000, 0x00007fcd95130000, 0x00007fd7eb0a0000)
  eden space 1110208K,   0% used [0x00007fcd40600000, 0x00007fcd40600000, 0x00007fcd84230000)
  from space 138752K, 100% used [0x00007fcd8c9b0000, 0x00007fcd95130000, 0x00007fcd95130000)
  to   space 138752K,   0% used [0x00007fcd84230000, 0x00007fcd84230000, 0x00007fcd8c9b0000)
 tenured generation   total 2775356K, used 2501734K [0x00007fd7eb0a0000, 0x00007fd8946ef000, 0x00007fed40600000)
   the space 2775356K,  90% used [0x00007fd7eb0a0000, 0x00007fd883bb9870, 0x00007fd883bb9a00, 0x00007fd8946ef000)
 Metaspace       used 29917K, capacity 30328K, committed 30464K, reserved 30720K
}
Event: 205.596 GC heap before
{Heap before GC invocations=41 (full 3):
 def new generation   total 1248960K, used 1248960K [0x00007fcd40600000, 0x00007fcd95130000, 0x00007fd7eb0a0000)
  eden space 1110208K, 100% used [0x00007fcd40600000, 0x00007fcd84230000, 0x00007fcd84230000)
  from space 138752K, 100% used [0x00007fcd8c9b0000, 0x00007fcd95130000, 0x00007fcd95130000)
  to   space 138752K,   0% used [0x00007fcd84230000, 0x00007fcd84230000, 0x00007fcd8c9b0000)
 tenured generation   total 2775356K, used 2501734K [0x00007fd7eb0a0000, 0x00007fd8946ef000, 0x00007fed40600000)
   the space 2775356K,  90% used [0x00007fd7eb0a0000, 0x00007fd883bb9870, 0x00007fd883bb9a00, 0x00007fd8946ef000)
 Metaspace       used 29917K, capacity 30328K, committed 30464K, reserved 30720K
}
Event: 206.910 GC heap after
{Heap after GC invocations=42 (full 3):
 def new generation   total 1248960K, used 138751K [0x00007fcd40600000, 0x00007fcd95130000, 0x00007fd7eb0a0000)
  eden space 1110208K,   0% used [0x00007fcd40600000, 0x00007fcd40600000, 0x00007fcd84230000)
  from space 138752K,  99% used [0x00007fcd84230000, 0x00007fcd8c9afff0, 0x00007fcd8c9b0000)
  to   space 138752K,   0% used [0x00007fcd8c9b0000, 0x00007fcd8c9b0000, 0x00007fcd95130000)
 tenured generation   total 2775356K, used 2735606K [0x00007fd7eb0a0000, 0x00007fd8946ef000, 0x00007fed40600000)
   the space 2775356K,  98% used [0x00007fd7eb0a0000, 0x00007fd89201d8b0, 0x00007fd89201da00, 0x00007fd8946ef000)
 Metaspace       used 29917K, capacity 30328K, committed 30464K, reserved 30720K
}
Event: 253.411 GC heap before
{Heap before GC invocations=42 (full 3):
 def new generation   total 1248960K, used 1248959K [0x00007fcd40600000, 0x00007fcd95130000, 0x00007fd7eb0a0000)
  eden space 1110208K, 100% used [0x00007fcd40600000, 0x00007fcd84230000, 0x00007fcd84230000)
  from space 138752K,  99% used [0x00007fcd84230000, 0x00007fcd8c9afff0, 0x00007fcd8c9b0000)
  to   space 138752K,   0% used [0x00007fcd8c9b0000, 0x00007fcd8c9b0000, 0x00007fcd95130000)
 tenured generation   total 2775356K, used 2735606K [0x00007fd7eb0a0000, 0x00007fd8946ef000, 0x00007fed40600000)
   the space 2775356K,  98% used [0x00007fd7eb0a0000, 0x00007fd89201d8b0, 0x00007fd89201da00, 0x00007fd8946ef000)
 Metaspace       used 29917K, capacity 30328K, committed 30464K, reserved 30720K
}
Event: 254.421 GC heap after
{Heap after GC invocations=43 (full 3):
 def new generation   total 1248960K, used 138751K [0x00007fcd40600000, 0x00007fcd95130000, 0x00007fd7eb0a0000)
  eden space 1110208K,   0% used [0x00007fcd40600000, 0x00007fcd40600000, 0x00007fcd84230000)
  from space 138752K,  99% used [0x00007fcd8c9b0000, 0x00007fcd9512fff8, 0x00007fcd95130000)
  to   space 138752K,   0% used [0x00007fcd84230000, 0x00007fcd84230000, 0x00007fcd8c9b0000)
 tenured generation   total 2920892K, used 2920835K [0x00007fd7eb0a0000, 0x00007fd89d50f000, 0x00007fed40600000)
   the space 2920892K,  99% used [0x00007fd7eb0a0000, 0x00007fd89d500cb0, 0x00007fd89d500e00, 0x00007fd89d50f000)
 Metaspace       used 29917K, capacity 30328K, committed 30464K, reserved 30720K
}
Event: 254.421 GC heap before
{Heap before GC invocations=43 (full 3):
 def new generation   total 1248960K, used 138751K [0x00007fcd40600000, 0x00007fcd95130000, 0x00007fd7eb0a0000)
  eden space 1110208K,   0% used [0x00007fcd40600000, 0x00007fcd40600000, 0x00007fcd84230000)
  from space 138752K,  99% used [0x00007fcd8c9b0000, 0x00007fcd9512fff8, 0x00007fcd95130000)
  to   space 138752K,   0% used [0x00007fcd84230000, 0x00007fcd84230000, 0x00007fcd8c9b0000)
 tenured generation   total 2920892K, used 2920835K [0x00007fd7eb0a0000, 0x00007fd89d50f000, 0x00007fed40600000)
   the space 2920892K,  99% used [0x00007fd7eb0a0000, 0x00007fd89d500cb0, 0x00007fd89d500e00, 0x00007fd89d50f000)
 Metaspace       used 29917K, capacity 30328K, committed 30464K, reserved 30720K
}

Deoptimization events (20 events):
Event: 40.720 Thread 0x00007fed58018000 DEOPT PACKING pc=0x00007fed48415f30 sp=0x00007fed5f0aec80
Event: 40.720 Thread 0x00007fed58018000 DEOPT UNPACKING pc=0x00007fed407d2e25 sp=0x00007fed5f0aebb8 mode 2
Event: 40.722 Thread 0x00007fed58018000 Uncommon trap: trap_request=0xffffff45 fr.pc=0x00007fed48373e10 relative=0x0000000000000090
Event: 40.722 Thread 0x00007fed58018000 Uncommon trap: reason=unstable_if action=reinterpret pc=0x00007fed48373e10 method=java.math.MutableBigInteger.getLowestSetBit()I @ 31 c2
Event: 40.722 Thread 0x00007fed58018000 DEOPT PACKING pc=0x00007fed48373e10 sp=0x00007fed5f0aec20
Event: 40.722 Thread 0x00007fed58018000 DEOPT UNPACKING pc=0x00007fed407d2e25 sp=0x00007fed5f0aebc8 mode 2
Event: 46.846 Thread 0x00007fed58018000 Uncommon trap: trap_request=0xffffff45 fr.pc=0x00007fed4838d83c relative=0x000000000000097c
Event: 46.846 Thread 0x00007fed58018000 Uncommon trap: reason=unstable_if action=reinterpret pc=0x00007fed4838d83c method=ch.javasoft.math.BigFraction.divide(Lch/javasoft/math/BigFraction;)Lch/javasoft/math/BigFraction; @ 38 c2
Event: 46.846 Thread 0x00007fed58018000 DEOPT PACKING pc=0x00007fed4838d83c sp=0x00007fed5f0aed80
Event: 46.846 Thread 0x00007fed58018000 DEOPT UNPACKING pc=0x00007fed407d2e25 sp=0x00007fed5f0aed48 mode 2
Event: 61.205 Thread 0x00007fed58018000 Uncommon trap: trap_request=0xffffff45 fr.pc=0x00007fed4838fa34 relative=0x0000000000000134
Event: 61.205 Thread 0x00007fed58018000 Uncommon trap: reason=unstable_if action=reinterpret pc=0x00007fed4838fa34 method=java.util.concurrent.ConcurrentLinkedQueue.first()Ljava/util/concurrent/ConcurrentLinkedQueue$Node; @ 32 c2
Event: 61.205 Thread 0x00007fed58018000 DEOPT PACKING pc=0x00007fed4838fa34 sp=0x00007fed5f0aeed0
Event: 61.205 Thread 0x00007fed58018000 DEOPT UNPACKING pc=0x00007fed407d2e25 sp=0x00007fed5f0aee88 mode 2
Event: 61.600 Thread 0x00007fed58018000 DEOPT PACKING pc=0x00007fed415007d4 sp=0x00007fed5f0aebe0
Event: 61.600 Thread 0x00007fed58018000 DEOPT UNPACKING pc=0x00007fed407d333a sp=0x00007fed5f0ae190 mode 0
Event: 74.616 Thread 0x00007fed58018000 Uncommon trap: trap_request=0xffffff45 fr.pc=0x00007fed483a9f6c relative=0x000000000000024c
Event: 74.616 Thread 0x00007fed58018000 Uncommon trap: reason=unstable_if action=reinterpret pc=0x00007fed483a9f6c method=ch.javasoft.metabolic.efm.adj.incore.tree.AbstractTreeFactory.createLeaf(Lch/javasoft/metabolic/efm/memory/SortableMemory;[IIII)Lch/javasoft/metabolic/efm/adj/incore/tree/No
Event: 74.616 Thread 0x00007fed58018000 DEOPT PACKING pc=0x00007fed483a9f6c sp=0x00007fed5f0aed30
Event: 74.616 Thread 0x00007fed58018000 DEOPT UNPACKING pc=0x00007fed407d2e25 sp=0x00007fed5f0aecd8 mode 2

Classes unloaded (0 events):
No events

Classes redefined (0 events):
No events

Internal exceptions (20 events):
Event: 1.548 Thread 0x00007fed58018000 Implicit null exception at 0x00007fed482ad1bf to 0x00007fed482ad948
Event: 1.559 Thread 0x00007fed58018000 Exception <a 'java/lang/NoSuchMethodError'{0x00007fcd4323e8c0}: 'int java.lang.invoke.DirectMethodHandle$Holder.invokeSpecial(java.lang.Object, java.lang.Object, java.lang.Object, java.lang.Object, java.lang.Object)'> (0x00007fcd4323e8c0) 
thrown [src/hotspot/share/interpreter/linkResolver.cpp, line 766]
Event: 1.653 Thread 0x00007fed58018000 Exception <a 'java/lang/NoSuchMethodError'{0x00007fcd436562c0}: 'java.lang.Object java.lang.invoke.DirectMethodHandle$Holder.invokeStatic(java.lang.Object, java.lang.Object, int, int)'> (0x00007fcd436562c0) 
thrown [src/hotspot/share/interpreter/linkResolver.cpp, line 766]
Event: 2.088 Thread 0x00007fed58018000 Exception <a 'java/lang/NoSuchMethodError'{0x00007fcd44e7ba88}: 'int java.lang.invoke.DirectMethodHandle$Holder.invokeVirtual(java.lang.Object, java.lang.Object, java.lang.Object, java.lang.Object)'> (0x00007fcd44e7ba88) 
thrown [src/hotspot/share/interpreter/linkResolver.cpp, line 766]
Event: 2.089 Thread 0x00007fed58018000 Exception <a 'java/lang/NoSuchMethodError'{0x00007fcd44e89bd0}: 'java.lang.Object java.lang.invoke.DirectMethodHandle$Holder.invokeStatic(java.lang.Object, java.lang.Object, int, java.lang.Object)'> (0x00007fcd44e89bd0) 
thrown [src/hotspot/share/interpreter/linkResolver.cpp, line 766]
Event: 2.089 Thread 0x00007fed58018000 Exception <a 'java/lang/NoSuchMethodError'{0x00007fcd44e924e8}: 'java.lang.Object java.lang.invoke.Invokers$Holder.linkToTargetMethod(java.lang.Object, int, java.lang.Object, java.lang.Object)'> (0x00007fcd44e924e8) 
thrown [src/hotspot/share/interpreter/linkResolver.cpp, line 766]
Event: 2.149 Thread 0x00007fed58018000 Exception <a 'java/lang/NoSuchMethodError'{0x00007fcd44f8ea90}: 'java.lang.Object java.lang.invoke.DirectMethodHandle$Holder.invokeSpecial(java.lang.Object, java.lang.Object, java.lang.Object, java.lang.Object, java.lang.Object, java.lang.Object, java.lang.Object, java.lang.Object, java.lang.Object)'> (0x00007fcd44f8ea90) 
thrown [src/hotspot/share/interpreter/linkResolver.cpp, line 766]
Event: 2.150 Thread 0x00007fed58018000 Exception <a 'java/lang/NoSuchMethodError'{0x00007fcd44f937b8}: 'java.lang.Object java.lang.invoke.Invokers$Holder.linkToTargetMethod(java.lang.Object, java.lang.Object, java.lang.Object, java.lang.Object, java.lang.Object, java.lang.Object, java.lang.Object, java.lang.Object)'> (0x00007fcd44f937b8) 
thrown [src/hotspot/share/interpreter/linkResolver.cpp, line 766]
Event: 2.176 Thread 0x00007fed58018000 Exception <a 'java/lang/NoSuchMethodError'{0x00007fcd45045730}: 'java.lang.Object java.lang.invoke.Invokers$Holder.linkToTargetMethod(java.lang.Object, java.lang.Object, java.lang.Object, java.lang.Object, java.lang.Object, java.lang.Object, java.lang.Object)'> (0x00007fcd45045730) 
thrown [src/hotspot/share/interpreter/linkResolver.cpp, line 766]
Event: 2.965 Thread 0x00007fed58018000 Exception <a 'java/lang/NoSuchMethodError'{0x00007fcd4694c9e0}: 'java.lang.Object java.lang.invoke.DirectMethodHandle$Holder.invokeSpecial(java.lang.Object, java.lang.Object, int, java.lang.Object, java.lang.Object)'> (0x00007fcd4694c9e0) 
thrown [src/hotspot/share/interpreter/linkResolver.cpp, line 766]
Event: 2.972 Thread 0x00007fed58018000 Exception <a 'java/lang/NoSuchMethodError'{0x00007fcd469976d0}: 'java.lang.Object java.lang.invoke.Invokers$Holder.linkToTargetMethod(java.lang.Object, long, java.lang.Object)'> (0x00007fcd469976d0) 
thrown [src/hotspot/share/interpreter/linkResolver.cpp, line 766]
Event: 3.088 Thread 0x00007fed580a7000 Implicit null exception at 0x00007fed482a6a4c to 0x00007fed482a6b00
Event: 3.098 Thread 0x00007fed58018000 Exception <a 'java/lang/NoSuchMethodError'{0x00007fcd40643a00}: 'java.lang.Object java.lang.invoke.Invokers$Holder.invokeExact_MT(java.lang.Object, java.lang.Object, java.lang.Object, java.lang.Object, java.lang.Object, java.lang.Object)'> (0x00007fcd40643a00) 
thrown [src/hotspot/share/interpreter/linkResolver.cpp, line 766]
Event: 3.168 Thread 0x00007fed58018000 Exception <a 'java/lang/NoSuchMethodError'{0x00007fcd407815e0}: 'int java.lang.invoke.DirectMethodHandle$Holder.invokeStatic(java.lang.Object, java.lang.Object, int)'> (0x00007fcd407815e0) 
thrown [src/hotspot/share/interpreter/linkResolver.cpp, line 766]
Event: 3.270 Thread 0x00007fed58018000 Exception <a 'java/lang/NoSuchMethodError'{0x00007fcd409f8098}: 'int java.lang.invoke.DirectMethodHandle$Holder.invokeStatic(java.lang.Object, java.lang.Object, java.lang.Object, int)'> (0x00007fcd409f8098) 
thrown [src/hotspot/share/interpreter/linkResolver.cpp, line 766]
Event: 3.988 Thread 0x00007fed58018000 Exception <a 'java/lang/ClassNotFoundException'{0x00007fcd488fcce0}: com/sun/org/apache/xerces/internal/impl/msg/spi/SAXMessagesProvider> (0x00007fcd488fcce0) 
thrown [src/hotspot/share/classfile/systemDictionary.cpp, line 232]
Event: 4.623 Thread 0x00007fed58018000 Exception <a 'java/lang/NoSuchMethodError'{0x00007fcd49f2b690}: 'java.lang.Object java.lang.invoke.DirectMethodHandle$Holder.invokeStaticInit(java.lang.Object, java.lang.Object, java.lang.Object)'> (0x00007fcd49f2b690) 
thrown [src/hotspot/share/interpreter/linkResolver.cpp, line 766]
Event: 4.625 Thread 0x00007fed58018000 Exception <a 'java/lang/NoSuchMethodError'{0x00007fcd49f36658}: 'void java.lang.invoke.DirectMethodHandle$Holder.invokeStatic(java.lang.Object, java.lang.Object, java.lang.Object, java.lang.Object, java.lang.Object, java.lang.Object)'> (0x00007fcd49f36658) 
thrown [src/hotspot/share/interpreter/linkResolver.cpp, line 766]
Event: 4.649 Thread 0x00007fed58018000 Exception <a 'java/lang/NoSuchMethodError'{0x00007fcd49f6e350}: 'void java.lang.invoke.DirectMethodHandle$Holder.invokeStaticInit(java.lang.Object, java.lang.Object, java.lang.Object)'> (0x00007fcd49f6e350) 
thrown [src/hotspot/share/interpreter/linkResolver.cpp, line 766]
Event: 4.670 Thread 0x00007fed58018000 Exception <a 'java/net/UnknownHostException'{0x00007fcd49f8f678}> (0x00007fcd49f8f678) 
thrown [src/hotspot/share/prims/jni.cpp, line 598]

Events (20 events):
Event: 51.981 Executing VM operation: GenCollectForAllocation done
Event: 52.278 Executing VM operation: GenCollectForAllocation
Event: 52.649 Executing VM operation: GenCollectForAllocation done
Event: 53.014 Executing VM operation: GenCollectForAllocation
Event: 53.376 Executing VM operation: GenCollectForAllocation done
Event: 53.662 Executing VM operation: GenCollectForAllocation
Event: 53.959 Executing VM operation: GenCollectForAllocation done
Event: 54.230 Executing VM operation: GenCollectForAllocation
Event: 58.912 Executing VM operation: GenCollectForAllocation done
Event: 59.503 Executing VM operation: GenCollectForAllocation
Event: 59.917 Executing VM operation: GenCollectForAllocation done
Event: 61.344 Executing VM operation: HandshakeAllThreads
Event: 61.385 Executing VM operation: HandshakeAllThreads done
Event: 75.421 Executing VM operation: GenCollectForAllocation
Event: 78.983 Executing VM operation: GenCollectForAllocation done
Event: 145.533 Executing VM operation: GenCollectForAllocation
Event: 146.837 Executing VM operation: GenCollectForAllocation done
Event: 205.584 Executing VM operation: GenCollectForAllocation
Event: 206.910 Executing VM operation: GenCollectForAllocation done
Event: 253.411 Executing VM operation: GenCollectForAllocation


Dynamic libraries:
559b886e5000-559b886e6000 r--p 00000000 07:3b 4860                       /usr/lib/jvm/java-13-openjdk-amd64/bin/java
559b886e6000-559b886e7000 r-xp 00001000 07:3b 4860                       /usr/lib/jvm/java-13-openjdk-amd64/bin/java
559b886e7000-559b886e8000 r--p 00002000 07:3b 4860                       /usr/lib/jvm/java-13-openjdk-amd64/bin/java
559b886e8000-559b886e9000 r--p 00002000 07:3b 4860                       /usr/lib/jvm/java-13-openjdk-amd64/bin/java
559b886e9000-559b886ea000 rw-p 00003000 07:3b 4860                       /usr/lib/jvm/java-13-openjdk-amd64/bin/java
559b8a1f6000-559b8a217000 rw-p 00000000 00:00 0                          [heap]
7fccf8000000-7fccf8021000 rw-p 00000000 00:00 0 
7fccf8021000-7fccfc000000 ---p 00000000 00:00 0 
7fccfc000000-7fccfca5c000 rw-p 00000000 00:00 0 
7fccfca5c000-7fcd00000000 ---p 00000000 00:00 0 
7fcd00000000-7fcd00021000 rw-p 00000000 00:00 0 
7fcd00021000-7fcd04000000 ---p 00000000 00:00 0 
7fcd04000000-7fcd04021000 rw-p 00000000 00:00 0 
7fcd04021000-7fcd08000000 ---p 00000000 00:00 0 
7fcd08000000-7fcd0a980000 rw-p 00000000 00:00 0 
7fcd0a980000-7fcd0c000000 ---p 00000000 00:00 0 
7fcd0c000000-7fcd0c969000 rw-p 00000000 00:00 0 
7fcd0c969000-7fcd10000000 ---p 00000000 00:00 0 
7fcd10000000-7fcd10021000 rw-p 00000000 00:00 0 
7fcd10021000-7fcd14000000 ---p 00000000 00:00 0 
7fcd14000000-7fcd14021000 rw-p 00000000 00:00 0 
7fcd14021000-7fcd18000000 ---p 00000000 00:00 0 
7fcd18000000-7fcd18021000 rw-p 00000000 00:00 0 
7fcd18021000-7fcd1c000000 ---p 00000000 00:00 0 
7fcd1c000000-7fcd1c021000 rw-p 00000000 00:00 0 
7fcd1c021000-7fcd20000000 ---p 00000000 00:00 0 
7fcd20000000-7fcd24000000 rw-p 00000000 00:00 0 
7fcd25b54000-7fcd260e7000 rw-p 00000000 00:00 0 
7fcd260e7000-7fcd305ff000 ---p 00000000 00:00 0 
7fcd305ff000-7fcd308a5000 rw-p 00000000 00:00 0 
7fcd308a5000-7fcd35b54000 ---p 00000000 00:00 0 
7fcd35b54000-7fcd360e7000 rw-p 00000000 00:00 0 
7fcd360e7000-7fcd405ff000 ---p 00000000 00:00 0 
7fcd405ff000-7fcd95130000 rw-p 00000000 00:00 0 
7fcd95130000-7fd7eb0a0000 ---p 00000000 00:00 0 
7fd7eb0a0000-7fd89d50f000 rw-p 00000000 00:00 0 
7fd8c5750000-7fed40600000 ---p 00000000 00:00 0 
7fed4078a000-7fed409fa000 rwxp 00000000 00:00 0 
7fed409fa000-7fed40d19000 ---p 00000000 00:00 0 
7fed40d19000-7fed41519000 rwxp 00000000 00:00 0 
7fed41519000-7fed48251000 ---p 00000000 00:00 0 
7fed48251000-7fed484c1000 rwxp 00000000 00:00 0 
7fed484c1000-7fed4f78a000 ---p 00000000 00:00 0 
7fed4f78a000-7fed58000000 r--s 00000000 07:3b 5215                       /usr/lib/jvm/java-13-openjdk-amd64/lib/modules
7fed58000000-7fed587b3000 rw-p 00000000 00:00 0 
7fed587b3000-7fed5c000000 ---p 00000000 00:00 0 
7fed5c1c7000-7fed5c1cb000 r--p 00000000 07:3b 9178                       /usr/lib/x86_64-linux-gnu/libresolv-2.31.so
7fed5c1cb000-7fed5c1db000 r-xp 00004000 07:3b 9178                       /usr/lib/x86_64-linux-gnu/libresolv-2.31.so
7fed5c1db000-7fed5c1df000 r--p 00014000 07:3b 9178                       /usr/lib/x86_64-linux-gnu/libresolv-2.31.so
7fed5c1df000-7fed5c1e0000 r--p 00017000 07:3b 9178                       /usr/lib/x86_64-linux-gnu/libresolv-2.31.so
7fed5c1e0000-7fed5c1e1000 rw-p 00018000 07:3b 9178                       /usr/lib/x86_64-linux-gnu/libresolv-2.31.so
7fed5c1e1000-7fed5c1e3000 rw-p 00000000 00:00 0 
7fed5c1e3000-7fed5c1e4000 r--p 00000000 07:3b 9105                       /usr/lib/x86_64-linux-gnu/libnss_dns-2.31.so
7fed5c1e4000-7fed5c1e8000 r-xp 00001000 07:3b 9105                       /usr/lib/x86_64-linux-gnu/libnss_dns-2.31.so
7fed5c1e8000-7fed5c1e9000 r--p 00005000 07:3b 9105                       /usr/lib/x86_64-linux-gnu/libnss_dns-2.31.so
7fed5c1e9000-7fed5c1ea000 r--p 00005000 07:3b 9105                       /usr/lib/x86_64-linux-gnu/libnss_dns-2.31.so
7fed5c1ea000-7fed5c1eb000 rw-p 00006000 07:3b 9105                       /usr/lib/x86_64-linux-gnu/libnss_dns-2.31.so
7fed5c1eb000-7fed5c1ed000 r--p 00000000 07:3b 5202                       /usr/lib/jvm/java-13-openjdk-amd64/lib/libmanagement_ext.so
7fed5c1ed000-7fed5c1f0000 r-xp 00002000 07:3b 5202                       /usr/lib/jvm/java-13-openjdk-amd64/lib/libmanagement_ext.so
7fed5c1f0000-7fed5c1f1000 r--p 00005000 07:3b 5202                       /usr/lib/jvm/java-13-openjdk-amd64/lib/libmanagement_ext.so
7fed5c1f1000-7fed5c1f2000 ---p 00006000 07:3b 5202                       /usr/lib/jvm/java-13-openjdk-amd64/lib/libmanagement_ext.so
7fed5c1f2000-7fed5c1f3000 r--p 00006000 07:3b 5202                       /usr/lib/jvm/java-13-openjdk-amd64/lib/libmanagement_ext.so
7fed5c1f3000-7fed5c1f4000 rw-p 00007000 07:3b 5202                       /usr/lib/jvm/java-13-openjdk-amd64/lib/libmanagement_ext.so
7fed5c1f4000-7fed5c1f7000 r--p 00000000 07:3b 5200                       /usr/lib/jvm/java-13-openjdk-amd64/lib/libmanagement.so
7fed5c1f7000-7fed5c1f8000 r-xp 00003000 07:3b 5200                       /usr/lib/jvm/java-13-openjdk-amd64/lib/libmanagement.so
7fed5c1f8000-7fed5c1f9000 r--p 00004000 07:3b 5200                       /usr/lib/jvm/java-13-openjdk-amd64/lib/libmanagement.so
7fed5c1f9000-7fed5c1fa000 r--p 00004000 07:3b 5200                       /usr/lib/jvm/java-13-openjdk-amd64/lib/libmanagement.so
7fed5c1fa000-7fed5c1fb000 rw-p 00005000 07:3b 5200                       /usr/lib/jvm/java-13-openjdk-amd64/lib/libmanagement.so
7fed5c1fb000-7fed5c3bb000 rw-p 00000000 00:00 0 
7fed5c3bb000-7fed5c3fb000 ---p 00000000 00:00 0 
7fed5c3fb000-7fed5c5fb000 rw-p 00000000 00:00 0 
7fed5c5fb000-7fed5c7fb000 rw-p 00000000 00:00 0 
7fed5c7fb000-7fed5c9fb000 rw-p 00000000 00:00 0 
7fed5c9fb000-7fed5cbfb000 rw-p 00000000 00:00 0 
7fed5cbfb000-7fed5cdfb000 rw-p 00000000 00:00 0 
7fed5cdfb000-7fed5cffb000 rw-p 00000000 00:00 0 
7fed5cffb000-7fed5d39b000 rw-p 00000000 00:00 0 
7fed5d39b000-7fed5d59b000 rw-p 00000000 00:00 0 
7fed5d59b000-7fed5d79b000 rw-p 00000000 00:00 0 
7fed5d79b000-7fed5d99b000 rw-p 00000000 00:00 0 
7fed5d99b000-7fed5d9cc000 rw-p 00000000 00:00 0 
7fed5d9cc000-7fed5d9d0000 r--p 00000000 07:3b 5204                       /usr/lib/jvm/java-13-openjdk-amd64/lib/libnet.so
7fed5d9d0000-7fed5d9de000 r-xp 00004000 07:3b 5204                       /usr/lib/jvm/java-13-openjdk-amd64/lib/libnet.so
7fed5d9de000-7fed5d9e2000 r--p 00012000 07:3b 5204                       /usr/lib/jvm/java-13-openjdk-amd64/lib/libnet.so
7fed5d9e2000-7fed5d9e3000 r--p 00015000 07:3b 5204                       /usr/lib/jvm/java-13-openjdk-amd64/lib/libnet.so
7fed5d9e3000-7fed5d9e4000 rw-p 00016000 07:3b 5204                       /usr/lib/jvm/java-13-openjdk-amd64/lib/libnet.so
7fed5d9e4000-7fed5d9eb000 r--p 00000000 07:3b 5205                       /usr/lib/jvm/java-13-openjdk-amd64/lib/libnio.so
7fed5d9eb000-7fed5d9f4000 r-xp 00007000 07:3b 5205                       /usr/lib/jvm/java-13-openjdk-amd64/lib/libnio.so
7fed5d9f4000-7fed5d9f8000 r--p 00010000 07:3b 5205                       /usr/lib/jvm/java-13-openjdk-amd64/lib/libnio.so
7fed5d9f8000-7fed5d9f9000 r--p 00013000 07:3b 5205                       /usr/lib/jvm/java-13-openjdk-amd64/lib/libnio.so
7fed5d9f9000-7fed5d9fa000 rw-p 00014000 07:3b 5205                       /usr/lib/jvm/java-13-openjdk-amd64/lib/libnio.so
7fed5d9fa000-7fed5d9fb000 ---p 00000000 00:00 0 
7fed5d9fb000-7fed5dafc000 rw-p 00000000 00:00 0 
7fed5dafc000-7fed5db00000 ---p 00000000 00:00 0 
7fed5db00000-7fed5dbfd000 rw-p 00000000 00:00 0 
7fed5dbfd000-7fed5dc01000 ---p 00000000 00:00 0 
7fed5dc01000-7fed5dcfe000 rw-p 00000000 00:00 0 
7fed5dcfe000-7fed5dd02000 ---p 00000000 00:00 0 
7fed5dd02000-7fed5ddff000 rw-p 00000000 00:00 0 
7fed5ddff000-7fed5de03000 ---p 00000000 00:00 0 
7fed5de03000-7fed5df00000 rw-p 00000000 00:00 0 
7fed5df00000-7fed5df04000 ---p 00000000 00:00 0 
7fed5df04000-7fed5e001000 rw-p 00000000 00:00 0 
7fed5e001000-7fed5e005000 ---p 00000000 00:00 0 
7fed5e005000-7fed5e102000 rw-p 00000000 00:00 0 
7fed5e102000-7fed5e109000 r--s 00000000 07:3b 8532                       /usr/lib/x86_64-linux-gnu/gconv/gconv-modules.cache
7fed5e109000-7fed5e13b000 r--p 00000000 07:3b 5276                       /usr/lib/locale/C.UTF-8/LC_CTYPE
7fed5e13b000-7fed5e13f000 ---p 00000000 00:00 0 
7fed5e13f000-7fed5e23c000 rw-p 00000000 00:00 0 
7fed5e23c000-7fed5e240000 ---p 00000000 00:00 0 
7fed5e240000-7fed5e33d000 rw-p 00000000 00:00 0 
7fed5e33d000-7fed5e33e000 ---p 00000000 00:00 0 
7fed5e33e000-7fed5ed5c000 rw-p 00000000 00:00 0 
7fed5ed5c000-7fed5ed61000 rw-p 00000000 00:00 0 
7fed5ed61000-7fed5ee47000 ---p 00000000 00:00 0 
7fed5ee47000-7fed5ee57000 rw-p 00000000 00:00 0 
7fed5ee57000-7fed5ef32000 ---p 00000000 00:00 0 
7fed5ef32000-7fed5ef37000 rw-p 00000000 00:00 0 
7fed5ef37000-7fed5ef3e000 ---p 00000000 00:00 0 
7fed5ef3e000-7fed5ef40000 r--p 00000000 07:3b 5214                       /usr/lib/jvm/java-13-openjdk-amd64/lib/libzip.so
7fed5ef40000-7fed5ef44000 r-xp 00002000 07:3b 5214                       /usr/lib/jvm/java-13-openjdk-amd64/lib/libzip.so
7fed5ef44000-7fed5ef46000 r--p 00006000 07:3b 5214                       /usr/lib/jvm/java-13-openjdk-amd64/lib/libzip.so
7fed5ef46000-7fed5ef47000 r--p 00007000 07:3b 5214                       /usr/lib/jvm/java-13-openjdk-amd64/lib/libzip.so
7fed5ef47000-7fed5ef48000 rw-p 00008000 07:3b 5214                       /usr/lib/jvm/java-13-openjdk-amd64/lib/libzip.so
7fed5ef48000-7fed5ef50000 rw-s 00000000 08:03 34784707                   /tmp/hsperfdata_rcabanas/11385
7fed5ef50000-7fed5ef53000 r--p 00000000 07:3b 9108                       /usr/lib/x86_64-linux-gnu/libnss_files-2.31.so
7fed5ef53000-7fed5ef5a000 r-xp 00003000 07:3b 9108                       /usr/lib/x86_64-linux-gnu/libnss_files-2.31.so
7fed5ef5a000-7fed5ef5c000 r--p 0000a000 07:3b 9108                       /usr/lib/x86_64-linux-gnu/libnss_files-2.31.so
7fed5ef5c000-7fed5ef5d000 r--p 0000b000 07:3b 9108                       /usr/lib/x86_64-linux-gnu/libnss_files-2.31.so
7fed5ef5d000-7fed5ef5e000 rw-p 0000c000 07:3b 9108                       /usr/lib/x86_64-linux-gnu/libnss_files-2.31.so
7fed5ef5e000-7fed5ef64000 rw-p 00000000 00:00 0 
7fed5ef6a000-7fed5ef6c000 r--p 00000000 07:3b 5195                       /usr/lib/jvm/java-13-openjdk-amd64/lib/libjimage.so
7fed5ef6c000-7fed5ef6f000 r-xp 00002000 07:3b 5195                       /usr/lib/jvm/java-13-openjdk-amd64/lib/libjimage.so
7fed5ef6f000-7fed5ef70000 r--p 00005000 07:3b 5195                       /usr/lib/jvm/java-13-openjdk-amd64/lib/libjimage.so
7fed5ef70000-7fed5ef71000 ---p 00006000 07:3b 5195                       /usr/lib/jvm/java-13-openjdk-amd64/lib/libjimage.so
7fed5ef71000-7fed5ef72000 r--p 00006000 07:3b 5195                       /usr/lib/jvm/java-13-openjdk-amd64/lib/libjimage.so
7fed5ef72000-7fed5ef73000 rw-p 00007000 07:3b 5195                       /usr/lib/jvm/java-13-openjdk-amd64/lib/libjimage.so
7fed5ef73000-7fed5ef80000 r--p 00000000 07:3b 5191                       /usr/lib/jvm/java-13-openjdk-amd64/lib/libjava.so
7fed5ef80000-7fed5ef95000 r-xp 0000d000 07:3b 5191                       /usr/lib/jvm/java-13-openjdk-amd64/lib/libjava.so
7fed5ef95000-7fed5ef9b000 r--p 00022000 07:3b 5191                       /usr/lib/jvm/java-13-openjdk-amd64/lib/libjava.so
7fed5ef9b000-7fed5ef9c000 ---p 00028000 07:3b 5191                       /usr/lib/jvm/java-13-openjdk-amd64/lib/libjava.so
7fed5ef9c000-7fed5ef9d000 r--p 00028000 07:3b 5191                       /usr/lib/jvm/java-13-openjdk-amd64/lib/libjava.so
7fed5ef9d000-7fed5ef9f000 rw-p 00029000 07:3b 5191                       /usr/lib/jvm/java-13-openjdk-amd64/lib/libjava.so
7fed5ef9f000-7fed5efa4000 r--p 00000000 07:3b 5213                       /usr/lib/jvm/java-13-openjdk-amd64/lib/libverify.so
7fed5efa4000-7fed5efab000 r-xp 00005000 07:3b 5213                       /usr/lib/jvm/java-13-openjdk-amd64/lib/libverify.so
7fed5efab000-7fed5efad000 r--p 0000c000 07:3b 5213                       /usr/lib/jvm/java-13-openjdk-amd64/lib/libverify.so
7fed5efad000-7fed5efae000 ---p 0000e000 07:3b 5213                       /usr/lib/jvm/java-13-openjdk-amd64/lib/libverify.so
7fed5efae000-7fed5efb0000 r--p 0000e000 07:3b 5213                       /usr/lib/jvm/java-13-openjdk-amd64/lib/libverify.so
7fed5efb0000-7fed5efb1000 rw-p 00010000 07:3b 5213                       /usr/lib/jvm/java-13-openjdk-amd64/lib/libverify.so
7fed5efb1000-7fed5efb5000 ---p 00000000 00:00 0 
7fed5efb5000-7fed5f0b2000 rw-p 00000000 00:00 0 
7fed5f0b2000-7fed5f0b5000 r--p 00000000 07:3b 8948                       /usr/lib/x86_64-linux-gnu/libgcc_s.so.1
7fed5f0b5000-7fed5f0c7000 r-xp 00003000 07:3b 8948                       /usr/lib/x86_64-linux-gnu/libgcc_s.so.1
7fed5f0c7000-7fed5f0cb000 r--p 00015000 07:3b 8948                       /usr/lib/x86_64-linux-gnu/libgcc_s.so.1
7fed5f0cb000-7fed5f0cc000 r--p 00018000 07:3b 8948                       /usr/lib/x86_64-linux-gnu/libgcc_s.so.1
7fed5f0cc000-7fed5f0cd000 rw-p 00019000 07:3b 8948                       /usr/lib/x86_64-linux-gnu/libgcc_s.so.1
7fed5f0cd000-7fed5f0da000 r--p 00000000 07:3b 9062                       /usr/lib/x86_64-linux-gnu/libm-2.31.so
7fed5f0da000-7fed5f181000 r-xp 0000d000 07:3b 9062                       /usr/lib/x86_64-linux-gnu/libm-2.31.so
7fed5f181000-7fed5f21a000 r--p 000b4000 07:3b 9062                       /usr/lib/x86_64-linux-gnu/libm-2.31.so
7fed5f21a000-7fed5f21b000 r--p 0014c000 07:3b 9062                       /usr/lib/x86_64-linux-gnu/libm-2.31.so
7fed5f21b000-7fed5f21c000 rw-p 0014d000 07:3b 9062                       /usr/lib/x86_64-linux-gnu/libm-2.31.so
7fed5f21c000-7fed5f2b2000 r--p 00000000 07:3b 9213                       /usr/lib/x86_64-linux-gnu/libstdc++.so.6.0.28
7fed5f2b2000-7fed5f3a3000 r-xp 00096000 07:3b 9213                       /usr/lib/x86_64-linux-gnu/libstdc++.so.6.0.28
7fed5f3a3000-7fed5f3ec000 r--p 00187000 07:3b 9213                       /usr/lib/x86_64-linux-gnu/libstdc++.so.6.0.28
7fed5f3ec000-7fed5f3ed000 ---p 001d0000 07:3b 9213                       /usr/lib/x86_64-linux-gnu/libstdc++.so.6.0.28
7fed5f3ed000-7fed5f3f8000 r--p 001d0000 07:3b 9213                       /usr/lib/x86_64-linux-gnu/libstdc++.so.6.0.28
7fed5f3f8000-7fed5f3fb000 rw-p 001db000 07:3b 9213                       /usr/lib/x86_64-linux-gnu/libstdc++.so.6.0.28
7fed5f3fb000-7fed5f3fe000 rw-p 00000000 00:00 0 
7fed5f3fe000-7fed5f684000 r--p 00000000 07:3b 5226                       /usr/lib/jvm/java-13-openjdk-amd64/lib/server/libjvm.so
7fed5f684000-7fed60401000 r-xp 00286000 07:3b 5226                       /usr/lib/jvm/java-13-openjdk-amd64/lib/server/libjvm.so
7fed60401000-7fed6067c000 r--p 01003000 07:3b 5226                       /usr/lib/jvm/java-13-openjdk-amd64/lib/server/libjvm.so
7fed6067c000-7fed60741000 r--p 0127d000 07:3b 5226                       /usr/lib/jvm/java-13-openjdk-amd64/lib/server/libjvm.so
7fed60741000-7fed6077c000 rw-p 01342000 07:3b 5226                       /usr/lib/jvm/java-13-openjdk-amd64/lib/server/libjvm.so
7fed6077c000-7fed60802000 rw-p 00000000 00:00 0 
7fed60802000-7fed60808000 r--p 00000000 07:3b 9166                       /usr/lib/x86_64-linux-gnu/libpthread-2.31.so
7fed60808000-7fed60819000 r-xp 00006000 07:3b 9166                       /usr/lib/x86_64-linux-gnu/libpthread-2.31.so
7fed60819000-7fed6081f000 r--p 00017000 07:3b 9166                       /usr/lib/x86_64-linux-gnu/libpthread-2.31.so
7fed6081f000-7fed60820000 r--p 0001c000 07:3b 9166                       /usr/lib/x86_64-linux-gnu/libpthread-2.31.so
7fed60820000-7fed60821000 rw-p 0001d000 07:3b 9166                       /usr/lib/x86_64-linux-gnu/libpthread-2.31.so
7fed60821000-7fed60825000 rw-p 00000000 00:00 0 
7fed60825000-7fed60826000 r--p 00000000 07:3b 8893                       /usr/lib/x86_64-linux-gnu/libdl-2.31.so
7fed60826000-7fed60828000 r-xp 00001000 07:3b 8893                       /usr/lib/x86_64-linux-gnu/libdl-2.31.so
7fed60828000-7fed60829000 r--p 00003000 07:3b 8893                       /usr/lib/x86_64-linux-gnu/libdl-2.31.so
7fed60829000-7fed6082a000 r--p 00003000 07:3b 8893                       /usr/lib/x86_64-linux-gnu/libdl-2.31.so
7fed6082a000-7fed6082b000 rw-p 00004000 07:3b 8893                       /usr/lib/x86_64-linux-gnu/libdl-2.31.so
7fed6082b000-7fed6082d000 r--p 00000000 07:3b 9290                       /usr/lib/x86_64-linux-gnu/libz.so.1.2.11
7fed6082d000-7fed6083e000 r-xp 00002000 07:3b 9290                       /usr/lib/x86_64-linux-gnu/libz.so.1.2.11
7fed6083e000-7fed60844000 r--p 00013000 07:3b 9290                       /usr/lib/x86_64-linux-gnu/libz.so.1.2.11
7fed60844000-7fed60845000 ---p 00019000 07:3b 9290                       /usr/lib/x86_64-linux-gnu/libz.so.1.2.11
7fed60845000-7fed60846000 r--p 00019000 07:3b 9290                       /usr/lib/x86_64-linux-gnu/libz.so.1.2.11
7fed60846000-7fed60847000 rw-p 0001a000 07:3b 9290                       /usr/lib/x86_64-linux-gnu/libz.so.1.2.11
7fed60847000-7fed60869000 r--p 00000000 07:3b 8851                       /usr/lib/x86_64-linux-gnu/libc-2.31.so
7fed60869000-7fed609e1000 r-xp 00022000 07:3b 8851                       /usr/lib/x86_64-linux-gnu/libc-2.31.so
7fed609e1000-7fed60a2f000 r--p 0019a000 07:3b 8851                       /usr/lib/x86_64-linux-gnu/libc-2.31.so
7fed60a2f000-7fed60a33000 r--p 001e7000 07:3b 8851                       /usr/lib/x86_64-linux-gnu/libc-2.31.so
7fed60a33000-7fed60a35000 rw-p 001eb000 07:3b 8851                       /usr/lib/x86_64-linux-gnu/libc-2.31.so
7fed60a35000-7fed60a39000 rw-p 00000000 00:00 0 
7fed60a3b000-7fed60a3d000 r--s 0000c000 07:3b 20930                      /usr/share/java/java-atk-wrapper.jar
7fed60a3d000-7fed60a3e000 ---p 00000000 00:00 0 
7fed60a3e000-7fed60a3f000 r--p 00000000 00:00 0 
7fed60a3f000-7fed60a42000 r--p 00000000 07:3b 5196                       /usr/lib/jvm/java-13-openjdk-amd64/lib/libjli.so
7fed60a42000-7fed60a4c000 r-xp 00003000 07:3b 5196                       /usr/lib/jvm/java-13-openjdk-amd64/lib/libjli.so
7fed60a4c000-7fed60a4f000 r--p 0000d000 07:3b 5196                       /usr/lib/jvm/java-13-openjdk-amd64/lib/libjli.so
7fed60a4f000-7fed60a50000 r--p 0000f000 07:3b 5196                       /usr/lib/jvm/java-13-openjdk-amd64/lib/libjli.so
7fed60a50000-7fed60a51000 rw-p 00010000 07:3b 5196                       /usr/lib/jvm/java-13-openjdk-amd64/lib/libjli.so
7fed60a51000-7fed60a53000 rw-p 00000000 00:00 0 
7fed60a53000-7fed60a54000 r--p 00000000 07:3b 8572                       /usr/lib/x86_64-linux-gnu/ld-2.31.so
7fed60a54000-7fed60a77000 r-xp 00001000 07:3b 8572                       /usr/lib/x86_64-linux-gnu/ld-2.31.so
7fed60a77000-7fed60a7f000 r--p 00024000 07:3b 8572                       /usr/lib/x86_64-linux-gnu/ld-2.31.so
7fed60a7f000-7fed60a80000 ---p 00000000 00:00 0 
7fed60a80000-7fed60a81000 r--p 0002c000 07:3b 8572                       /usr/lib/x86_64-linux-gnu/ld-2.31.so
7fed60a81000-7fed60a82000 rw-p 0002d000 07:3b 8572                       /usr/lib/x86_64-linux-gnu/ld-2.31.so
7fed60a82000-7fed60a83000 rw-p 00000000 00:00 0 
7ffcc232a000-7ffcc234b000 rw-p 00000000 00:00 0                          [stack]
7ffcc2388000-7ffcc238a000 r-xp 00000000 00:00 0                          [vdso]
ffffffffff600000-ffffffffff601000 r-xp 00000000 00:00 0                  [vsyscall]


VM Arguments:
jvm_args: -Xmx128g --add-modules=ALL-DEFAULT 
java_command: jdk.compiler/com.sun.tools.javac.launcher.Main /mnt/beegfs/rcabanas/dev/credici/papers/zeros/code/GenerateNparents.java -np 2 -nzr 1.0 -zdr 0.5 -o /mnt/beegfs/rcabanas/dev/credici/papers/zeros/models/s3 -rw -s 134 -ys 3
java_class_path (initial): /mnt/beegfs/rcabanas/dev/credici/target/credici-0.1.5-dev-SNAPSHOT-jar-with-dependencies.jar
Launcher Type: SUN_STANDARD

[Global flags]
     intx CICompilerCount                          = 2                                         {product} {ergonomic}
   size_t InitialHeapSize                          = 2147483648                                {product} {ergonomic}
   size_t MaxHeapSize                              = 137438953472                              {product} {command line}
   size_t MaxNewSize                               = 45812940800                               {product} {ergonomic}
   size_t MinHeapDeltaBytes                        = 196608                                    {product} {ergonomic}
   size_t MinHeapSize                              = 8388608                                   {product} {ergonomic}
   size_t NewSize                                  = 715784192                                 {product} {ergonomic}
    uintx NonNMethodCodeHeapSize                   = 5826188                                {pd product} {ergonomic}
    uintx NonProfiledCodeHeapSize                  = 122916026                              {pd product} {ergonomic}
   size_t OldSize                                  = 1431699456                                {product} {ergonomic}
    uintx ProfiledCodeHeapSize                     = 122916026                              {pd product} {ergonomic}
    uintx ReservedCodeCacheSize                    = 251658240                              {pd product} {ergonomic}
     bool SegmentedCodeCache                       = true                                      {product} {ergonomic}
   size_t SoftMaxHeapSize                          = 137438953472                           {manageable} {ergonomic}
     bool UseSerialGC                              = true                                      {product} {ergonomic}

Logging:
Log output configuration:
 #0: stdout all=warning uptime,level,tags
 #1: stderr all=off uptime,level,tags

Environment Variables:
PATH=/usr/local/sbin:/usr/local/bin:/usr/sbin:/usr/bin:/sbin:/bin
LD_LIBRARY_PATH=/.singularity.d/libs

Signal Handlers:
SIGSEGV: [libjvm.so+0xf8fcf0], sa_mask[0]=11111111011111111101111111111110, sa_flags=SA_RESTART|SA_SIGINFO
SIGBUS: [libjvm.so+0xf8fcf0], sa_mask[0]=11111111011111111101111111111110, sa_flags=SA_RESTART|SA_SIGINFO
SIGFPE: [libjvm.so+0xf8fcf0], sa_mask[0]=11111111011111111101111111111110, sa_flags=SA_RESTART|SA_SIGINFO
SIGPIPE: [libjvm.so+0xc3ffa0], sa_mask[0]=11111111011111111101111111111110, sa_flags=SA_RESTART|SA_SIGINFO
SIGXFSZ: [libjvm.so+0xc3ffa0], sa_mask[0]=11111111011111111101111111111110, sa_flags=SA_RESTART|SA_SIGINFO
SIGILL: [libjvm.so+0xf8fcf0], sa_mask[0]=11111111011111111101111111111110, sa_flags=SA_RESTART|SA_SIGINFO
SIGUSR2: [libjvm.so+0xc3fe40], sa_mask[0]=00000000000000000000000000000000, sa_flags=SA_RESTART|SA_SIGINFO
SIGHUP: [libjvm.so+0xc40580], sa_mask[0]=11111111011111111101111111111110, sa_flags=SA_RESTART|SA_SIGINFO
SIGINT: [libjvm.so+0xc40580], sa_mask[0]=11111111011111111101111111111110, sa_flags=SA_RESTART|SA_SIGINFO
SIGTERM: [libjvm.so+0xc40580], sa_mask[0]=11111111011111111101111111111110, sa_flags=SA_RESTART|SA_SIGINFO
SIGQUIT: [libjvm.so+0xc40580], sa_mask[0]=11111111011111111101111111111110, sa_flags=SA_RESTART|SA_SIGINFO


---------------  S Y S T E M  ---------------

OS:DISTRIB_ID=Ubuntu
DISTRIB_RELEASE=20.04
DISTRIB_CODENAME=focal
DISTRIB_DESCRIPTION="Ubuntu 20.04.4 LTS"
uname:Linux 3.10.0-1160.15.2.el7.x86_64 #1 SMP Wed Feb 3 15:06:38 UTC 2021 x86_64
OS uptime: 2 days 16:14 hours
libc:glibc 2.31 NPTL 2.31 
rlimit (soft/hard): STACK 8192k/infinity , CORE 0k/infinity , NPROC 4096/1030217 , NOFILE 131072/131072 , AS infinity/infinity , CPU infinity/infinity , DATA infinity/infinity , FSIZE infinity/infinity , MEMLOCK infinity/infinity
load average:64.75 64.88 48.42

/proc/meminfo:
MemTotal:       263895364 kB
MemFree:          612912 kB
MemAvailable:     223704 kB
Buffers:          112436 kB
Cached:           199916 kB
SwapCached:       176972 kB
Active:         248559080 kB
Inactive:        5294076 kB
Active(anon):   248412880 kB
Inactive(anon):  5141000 kB
Active(file):     146200 kB
Inactive(file):   153076 kB
Unevictable:       26564 kB
Mlocked:           26564 kB
SwapTotal:       4194300 kB
SwapFree:          46820 kB
Dirty:                 0 kB
Writeback:           672 kB
AnonPages:      253448944 kB
Mapped:            96160 kB
Shmem:              5576 kB
Slab:             727784 kB
SReclaimable:     163632 kB
SUnreclaim:       564152 kB
KernelStack:       53264 kB
PageTables:       602772 kB
NFS_Unstable:          0 kB
Bounce:                0 kB
WritebackTmp:          0 kB
CommitLimit:    136141980 kB
Committed_AS:   318280588 kB
VmallocTotal:   34359738367 kB
VmallocUsed:      863184 kB
VmallocChunk:   34222529768 kB
Percpu:            18176 kB
HardwareCorrupted:     0 kB
AnonHugePages:  147134464 kB
CmaTotal:              0 kB
CmaFree:               0 kB
HugePages_Total:       0
HugePages_Free:        0
HugePages_Rsvd:        0
HugePages_Surp:        0
Hugepagesize:       2048 kB
DirectMap4k:      636520 kB
DirectMap2M:    31731712 kB
DirectMap1G:    235929600 kB

/sys/kernel/mm/transparent_hugepage/enabled:
[always] madvise never

/sys/kernel/mm/transparent_hugepage/defrag (defrag/compaction efforts parameter):
[always] madvise never


/proc/sys/kernel/threads-max (system-wide limit on the number of threads):
2060435


/proc/sys/vm/max_map_count (maximum number of memory map areas a process may have):
65530


/proc/sys/kernel/pid_max (system-wide limit on number of process identifiers):
65536



Steal ticks since vm start: 0
Steal ticks percentage since vm start:  0.000

CPU:total 64 (initial active 1) (32 cores per cpu, 1 threads per core) family 23 model 49 stepping 0, cmov, cx8, fxsr, mmx, sse, sse2, sse3, ssse3, sse4.1, sse4.2, popcnt, avx, avx2, aes, clmul, mmxext, 3dnowpref, lzcnt, sse4a, tsc, tscinvbit, tscinv, bmi1, bmi2, adx, sha, fma
CPU Model and flags from /proc/cpuinfo:
model name	: AMD EPYC 7542 32-Core Processor
flags		: fpu vme de pse tsc msr pae mce cx8 apic sep mtrr pge mca cmov pat pse36 clflush mmx fxsr sse sse2 ht syscall nx mmxext fxsr_opt pdpe1gb rdtscp lm constant_tsc art rep_good nopl nonstop_tsc extd_apicid aperfmperf eagerfpu pni pclmulqdq monitor ssse3 fma cx16 sse4_1 sse4_2 movbe popcnt aes xsave avx f16c rdrand lahf_lm cmp_legacy svm extapic cr8_legacy abm sse4a misalignsse 3dnowprefetch osvw ibs skinit wdt tce topoext perfctr_core perfctr_nb bpext perfctr_l2 cpb cat_l3 cdp_l3 hw_pstate sme retpoline_amd ssbd ibrs ibpb stibp vmmcall fsgsbase bmi1 avx2 smep bmi2 cqm rdt_a rdseed adx smap clflushopt clwb sha_ni xsaveopt xsavec xgetbv1 cqm_llc cqm_occup_llc cqm_mbm_total cqm_mbm_local clzero irperf xsaveerptr arat npt lbrv svm_lock nrip_save tsc_scale vmcb_clean flushbyasid decodeassists pausefilter pfthreshold avic v_vmsave_vmload vgif umip overflow_recov succor smca
Online cpus:0-63
Offline cpus:
BIOS frequency limitation:2900000
Frequency switch latency (ns):0
Available cpu frequencies:2900000 2400000 1500000 
Current governor:conservative
Core performance/turbo boost:1

Memory: 4k page, physical 263895364k(613896k free), swap 4194300k(46200k free)

vm_info: OpenJDK 64-Bit Server VM (13.0.7+5-Ubuntu-0ubuntu120.04) for linux-amd64 JRE (13.0.7+5-Ubuntu-0ubuntu120.04), built on Apr 21 2021 05:36:19 by "unknown" with gcc 9.3.0

END.
