#
# There is insufficient memory for the Java Runtime Environment to continue.
# Native memory allocation (mmap) failed to map 1308450816 bytes for committing reserved memory.
# Possible reasons:
#   The system is out of physical RAM or swap space
# Possible solutions:
#   Reduce memory load on the system
#   Increase physical memory or swap space
#   Check if swap backing store is full
#   Decrease Java heap size (-Xmx/-Xms)
#   Decrease number of Java threads
#   Decrease Java thread stack sizes (-Xss)
#   Set larger code cache with -XX:ReservedCodeCacheSize=
# This output file may be truncated or incomplete.
#
#  Out of Memory Error (os_linux.cpp:2899), pid=12949, tid=12956
#
# JRE version: OpenJDK Runtime Environment (13.0.7+5) (build 13.0.7+5-Ubuntu-0ubuntu120.04)
# Java VM: OpenJDK 64-Bit Server VM (13.0.7+5-Ubuntu-0ubuntu120.04, mixed mode, tiered, serial gc, linux-amd64)
# No core dump will be written. Core dumps have been disabled. To enable core dumping, try "ulimit -c unlimited" before starting Java again
#

---------------  S U M M A R Y ------------

Command Line: -Xmx128g --add-modules=ALL-DEFAULT jdk.compiler/com.sun.tools.javac.launcher.Main /mnt/beegfs/rcabanas/dev/credici/papers/zeros/code/GenerateNparents.java -np 2 -nzr 1.0 -zdr 0.5 -o /mnt/beegfs/rcabanas/dev/credici/papers/zeros/models/s3 -rw -s 100 -ys 3

Host: AMD EPYC 7542 32-Core Processor, 64 cores, 251G, Ubuntu 20.04.4 LTS
Time: Mon Oct 14 12:54:35 2024 CEST elapsed time: 108.716959 seconds (0d 0h 1m 48s)

---------------  T H R E A D  ---------------

Current thread (0x00007f58b4097800):  VMThread "VM Thread" [stack: 0x00007f58b94f3000,0x00007f58b95f3000] [id=12956]

Stack: [0x00007f58b94f3000,0x00007f58b95f3000],  sp=0x00007f58b95f1160,  free space=1016k
Native frames: (J=compiled Java code, A=aot compiled Java code, j=interpreted, Vv=VM code, C=native code)
V  [libjvm.so+0xf8f092]
V  [libjvm.so+0xf8fc91]
V  [libjvm.so+0x66ee5a]
V  [libjvm.so+0xc44a41]
V  [libjvm.so+0xc3b263]
V  [libjvm.so+0xf87f4b]
V  [libjvm.so+0x557506]
V  [libjvm.so+0x557723]
V  [libjvm.so+0xf18b0c]
V  [libjvm.so+0x557e65]
V  [libjvm.so+0x7e2edb]
V  [libjvm.so+0x7e39bd]
V  [libjvm.so+0x7d8b48]
V  [libjvm.so+0xf90940]
V  [libjvm.so+0xf96657]
V  [libjvm.so+0xf96d2b]
V  [libjvm.so+0xf9706a]
V  [libjvm.so+0xf2208f]
V  [libjvm.so+0xc493ff]

VM_Operation (0x00007f58ba2610d0): GenCollectForAllocation, mode: safepoint, requested by thread 0x00007f58b4018000


---------------  P R O C E S S  ---------------

Threads class SMR info:
_java_thread_list=0x00007f58b413de60, length=9, elements={
0x00007f58b4018000, 0x00007f58b40a3800, 0x00007f58b40a7000, 0x00007f58b40d3800,
0x00007f58b40d5000, 0x00007f58b40d7000, 0x00007f58b40d9000, 0x00007f58b40db000,
0x00007f58b413c800
}

Java Threads: ( => current thread )
  0x00007f58b4018000 JavaThread "main" [_thread_blocked, id=12955, stack(0x00007f58ba165000,0x00007f58ba266000)]
  0x00007f58b40a3800 JavaThread "Reference Handler" daemon [_thread_blocked, id=12958, stack(0x00007f58b93f0000,0x00007f58b94f1000)]
  0x00007f58b40a7000 JavaThread "Finalizer" daemon [_thread_blocked, id=12960, stack(0x00007f58b92ef000,0x00007f58b93f0000)]
  0x00007f58b40d3800 JavaThread "Signal Dispatcher" daemon [_thread_blocked, id=12964, stack(0x00007f58b91b5000,0x00007f58b92b6000)]
  0x00007f58b40d5000 JavaThread "Service Thread" daemon [_thread_blocked, id=12965, stack(0x00007f58b90b4000,0x00007f58b91b5000)]
  0x00007f58b40d7000 JavaThread "C2 CompilerThread0" daemon [_thread_blocked, id=12966, stack(0x00007f58b8fb3000,0x00007f58b90b4000)]
  0x00007f58b40d9000 JavaThread "C1 CompilerThread0" daemon [_thread_blocked, id=12967, stack(0x00007f58b8eb2000,0x00007f58b8fb3000)]
  0x00007f58b40db000 JavaThread "Sweeper thread" daemon [_thread_blocked, id=12968, stack(0x00007f58b8db1000,0x00007f58b8eb2000)]
  0x00007f58b413c800 JavaThread "Common-Cleaner" daemon [_thread_blocked, id=12972, stack(0x00007f58b8cb0000,0x00007f58b8db1000)]

Other Threads:
=>0x00007f58b4097800 VMThread "VM Thread" [stack: 0x00007f58b94f3000,0x00007f58b95f3000] [id=12956]
  0x00007f58b4189800 WatcherThread [stack: 0x00007f58b8bb0000,0x00007f58b8cb0000] [id=12973]

Threads with active compile tasks:

VM state:at safepoint (normal execution)

VM Mutex/Monitor currently owned by a thread:  ([mutex/lock_event])
[0x00007f58b40140d0] Threads_lock - owner thread: 0x00007f58b4097800
[0x00007f58b4014cd0] Heap_lock - owner thread: 0x00007f58b4018000

Heap:
 def new generation   total 981376K, used 0K [0x00007f389c600000, 0x00007f38deed0000, 0x00007f43470a0000)
  eden space 872384K,   0% used [0x00007f389c600000, 0x00007f389c600000, 0x00007f38d19f0000)
  from space 108992K,   0% used [0x00007f38d19f0000, 0x00007f38d19f0000, 0x00007f38d8460000)
  to   space 108992K,   0% used [0x00007f38d8460000, 0x00007f38d8460000, 0x00007f38deed0000)
 tenured generation   total 2227724K, used 2103303K [0x00007f43470a0000, 0x00007f43cf023000, 0x00007f589c600000)
   the space 2227724K,  94% used [0x00007f43470a0000, 0x00007f43c76a1fb8, 0x00007f43c76a2000, 0x00007f43cf023000)
 Metaspace       used 29934K, capacity 30396K, committed 30720K, reserved 30720K

Card table byte_map: [0x00007f388c5ff000,0x00007f389c600000] _byte_map_base: 0x00007ef8f011c000

Polling page: 0x00007f58bbbf1000

Metaspace:

Usage:
   29.68 MB capacity,    29.23 MB ( 98%) used,   357.69 KB (  1%) free+waste,   104.25 KB ( <1%) overhead. 

Virtual space:
     30.00 MB reserved,      30.00 MB (100%) committed 

Chunk freelists:
116.00 KB

MaxMetaspaceSize: unlimited


CodeHeap 'non-profiled nmethods': size=120036Kb used=1884Kb max_used=1884Kb free=118151Kb
 bounds [0x00007f58a4251000, 0x00007f58a44c1000, 0x00007f58ab78a000]
CodeHeap 'profiled nmethods': size=120032Kb used=7734Kb max_used=7734Kb free=112297Kb
 bounds [0x00007f589cd19000, 0x00007f589d4a9000, 0x00007f58a4251000]
CodeHeap 'non-nmethods': size=5692Kb used=1248Kb max_used=1299Kb free=4443Kb
 bounds [0x00007f589c78a000, 0x00007f589c9fa000, 0x00007f589cd19000]
 total_blobs=4470 nmethods=3941 adapters=444
 compilation: enabled
              stopped_count=0, restarted_count=0
 full_count=0

Compilation events (20 events):
Event: 31.309 Thread 0x00007f58b40d7000 3981       4       ch.javasoft.math.ops.BigFractionOperations::reduceVector (10 bytes)
Event: 31.317 Thread 0x00007f58b40d7000 nmethod 3981 0x00007f58a4424090 code [0x00007f58a4424260, 0x00007f58a4424808]
Event: 31.389 Thread 0x00007f58b40d9000 3982       3       ch.javasoft.math.BigFraction::gcd (151 bytes)
Event: 31.391 Thread 0x00007f58b40d9000 nmethod 3982 0x00007f589d4a3390 code [0x00007f589d4a3600, 0x00007f589d4a3f40]
Event: 31.391 Thread 0x00007f58b40d9000 3983       3       ch.javasoft.math.BigFraction::valueOf (71 bytes)
Event: 31.392 Thread 0x00007f58b40d9000 nmethod 3983 0x00007f589d4a4410 code [0x00007f589d4a4600, 0x00007f589d4a4a40]
Event: 31.406 Thread 0x00007f58b40d7000 3984       4       ch.javasoft.math.BigFraction::valueOf (71 bytes)
Event: 31.412 Thread 0x00007f58b40d7000 nmethod 3984 0x00007f58a4424d90 code [0x00007f58a4424f40, 0x00007f58a4425378]
Event: 31.413 Thread 0x00007f58b40d7000 3985       4       ch.javasoft.math.BigFraction::gcd (151 bytes)
Event: 31.446 Thread 0x00007f58b40d7000 nmethod 3985 0x00007f58a4425710 code [0x00007f58a4425940, 0x00007f58a4426798]
Event: 37.147 Thread 0x00007f58b40d9000 3986       3       java.math.MutableBigInteger::divideOneWord (332 bytes)
Event: 37.148 Thread 0x00007f58b40d9000 nmethod 3986 0x00007f589d4a4c10 code [0x00007f589d4a4e20, 0x00007f589d4a5680]
Event: 37.148 Thread 0x00007f58b40d7000 3987       4       java.math.MutableBigInteger::normalize (91 bytes)
Event: 37.150 Thread 0x00007f58b40d7000 nmethod 3987 0x00007f58a4427190 code [0x00007f58a4427300, 0x00007f58a4427438]
Event: 37.153 Thread 0x00007f58b40d7000 3988       4       java.math.MutableBigInteger::divideOneWord (332 bytes)
Event: 37.160 Thread 0x00007f58b40d7000 nmethod 3988 0x00007f58a4427590 code [0x00007f58a4427740, 0x00007f58a4427e58]
Event: 47.896 Thread 0x00007f58b40d9000 3989       3       ch.javasoft.metabolic.efm.adj.incore.tree.AbstractRoot$1::compare (13 bytes)
Event: 47.897 Thread 0x00007f58b40d9000 nmethod 3989 0x00007f589d4a5b90 code [0x00007f589d4a5d40, 0x00007f589d4a6040]
Event: 47.897 Thread 0x00007f58b40d9000 3990       3       ch.javasoft.metabolic.efm.adj.incore.tree.AbstractRoot$1::compare (64 bytes)
Event: 47.897 Thread 0x00007f58b40d9000 nmethod 3990 0x00007f589d4a6110 code [0x00007f589d4a6300, 0x00007f589d4a6770]

GC Heap History (20 events):
Event: 37.002 GC heap after
{Heap after GC invocations=28 (full 1):
 def new generation   total 629248K, used 46813K [0x00007f389c600000, 0x00007f38c70c0000, 0x00007f43470a0000)
  eden space 559360K,   0% used [0x00007f389c600000, 0x00007f389c600000, 0x00007f38be840000)
  from space 69888K,  66% used [0x00007f38c2c80000, 0x00007f38c5a37620, 0x00007f38c70c0000)
  to   space 69888K,   0% used [0x00007f38be840000, 0x00007f38be840000, 0x00007f38c2c80000)
 tenured generation   total 1398144K, used 1333246K [0x00007f43470a0000, 0x00007f439c600000, 0x00007f589c600000)
   the space 1398144K,  95% used [0x00007f43470a0000, 0x00007f439869fb60, 0x00007f439869fc00, 0x00007f439c600000)
 Metaspace       used 29934K, capacity 30396K, committed 30720K, reserved 30720K
}
Event: 37.281 GC heap before
{Heap before GC invocations=28 (full 1):
 def new generation   total 629248K, used 606173K [0x00007f389c600000, 0x00007f38c70c0000, 0x00007f43470a0000)
  eden space 559360K, 100% used [0x00007f389c600000, 0x00007f38be840000, 0x00007f38be840000)
  from space 69888K,  66% used [0x00007f38c2c80000, 0x00007f38c5a37620, 0x00007f38c70c0000)
  to   space 69888K,   0% used [0x00007f38be840000, 0x00007f38be840000, 0x00007f38c2c80000)
 tenured generation   total 1398144K, used 1333246K [0x00007f43470a0000, 0x00007f439c600000, 0x00007f589c600000)
   the space 1398144K,  95% used [0x00007f43470a0000, 0x00007f439869fb60, 0x00007f439869fc00, 0x00007f439c600000)
 Metaspace       used 29934K, capacity 30396K, committed 30720K, reserved 30720K
}
Event: 37.519 GC heap after
{Heap after GC invocations=29 (full 1):
 def new generation   total 629248K, used 50709K [0x00007f389c600000, 0x00007f38c70c0000, 0x00007f43470a0000)
  eden space 559360K,   0% used [0x00007f389c600000, 0x00007f389c600000, 0x00007f38be840000)
  from space 69888K,  72% used [0x00007f38be840000, 0x00007f38c19c57c0, 0x00007f38c2c80000)
  to   space 69888K,   0% used [0x00007f38c2c80000, 0x00007f38c2c80000, 0x00007f38c70c0000)
 tenured generation   total 1398144K, used 1380059K [0x00007f43470a0000, 0x00007f439c600000, 0x00007f589c600000)
   the space 1398144K,  98% used [0x00007f43470a0000, 0x00007f439b456ed0, 0x00007f439b457000, 0x00007f439c600000)
 Metaspace       used 29934K, capacity 30396K, committed 30720K, reserved 30720K
}
Event: 37.797 GC heap before
{Heap before GC invocations=29 (full 1):
 def new generation   total 629248K, used 610069K [0x00007f389c600000, 0x00007f38c70c0000, 0x00007f43470a0000)
  eden space 559360K, 100% used [0x00007f389c600000, 0x00007f38be840000, 0x00007f38be840000)
  from space 69888K,  72% used [0x00007f38be840000, 0x00007f38c19c57c0, 0x00007f38c2c80000)
  to   space 69888K,   0% used [0x00007f38c2c80000, 0x00007f38c2c80000, 0x00007f38c70c0000)
 tenured generation   total 1398144K, used 1380059K [0x00007f43470a0000, 0x00007f439c600000, 0x00007f589c600000)
   the space 1398144K,  98% used [0x00007f43470a0000, 0x00007f439b456ed0, 0x00007f439b457000, 0x00007f439c600000)
 Metaspace       used 29934K, capacity 30396K, committed 30720K, reserved 30720K
}
Event: 38.022 GC heap after
{Heap after GC invocations=30 (full 1):
 def new generation   total 629248K, used 47532K [0x00007f389c600000, 0x00007f38c70c0000, 0x00007f43470a0000)
  eden space 559360K,   0% used [0x00007f389c600000, 0x00007f389c600000, 0x00007f38be840000)
  from space 69888K,  68% used [0x00007f38c2c80000, 0x00007f38c5aeb060, 0x00007f38c70c0000)
  to   space 69888K,   0% used [0x00007f38be840000, 0x00007f38be840000, 0x00007f38c2c80000)
 tenured generation   total 1430784K, used 1430768K [0x00007f43470a0000, 0x00007f439e5e0000, 0x00007f589c600000)
   the space 1430784K,  99% used [0x00007f43470a0000, 0x00007f439e5dc290, 0x00007f439e5dc400, 0x00007f439e5e0000)
 Metaspace       used 29934K, capacity 30396K, committed 30720K, reserved 30720K
}
Event: 38.022 GC heap before
{Heap before GC invocations=30 (full 1):
 def new generation   total 629248K, used 47532K [0x00007f389c600000, 0x00007f38c70c0000, 0x00007f43470a0000)
  eden space 559360K,   0% used [0x00007f389c600000, 0x00007f389c600000, 0x00007f38be840000)
  from space 69888K,  68% used [0x00007f38c2c80000, 0x00007f38c5aeb060, 0x00007f38c70c0000)
  to   space 69888K,   0% used [0x00007f38be840000, 0x00007f38be840000, 0x00007f38c2c80000)
 tenured generation   total 1430784K, used 1430768K [0x00007f43470a0000, 0x00007f439e5e0000, 0x00007f589c600000)
   the space 1430784K,  99% used [0x00007f43470a0000, 0x00007f439e5dc290, 0x00007f439e5dc400, 0x00007f439e5e0000)
 Metaspace       used 29934K, capacity 30396K, committed 30720K, reserved 30720K
}
Event: 42.257 GC heap after
{Heap after GC invocations=30 (full 2):
 def new generation   total 981376K, used 0K [0x00007f389c600000, 0x00007f38deed0000, 0x00007f43470a0000)
  eden space 872384K,   0% used [0x00007f389c600000, 0x00007f389c600000, 0x00007f38d19f0000)
  from space 108992K,   0% used [0x00007f38d19f0000, 0x00007f38d19f0000, 0x00007f38d8460000)
  to   space 108992K,   0% used [0x00007f38d8460000, 0x00007f38d8460000, 0x00007f38deed0000)
 tenured generation   total 2180684K, used 1308409K [0x00007f43470a0000, 0x00007f43cc233000, 0x00007f589c600000)
   the space 2180684K,  59% used [0x00007f43470a0000, 0x00007f4396e5e668, 0x00007f4396e5e800, 0x00007f43cc233000)
 Metaspace       used 29934K, capacity 30396K, committed 30720K, reserved 30720K
}
Event: 42.819 GC heap before
{Heap before GC invocations=30 (full 2):
 def new generation   total 981376K, used 872384K [0x00007f389c600000, 0x00007f38deed0000, 0x00007f43470a0000)
  eden space 872384K, 100% used [0x00007f389c600000, 0x00007f38d19f0000, 0x00007f38d19f0000)
  from space 108992K,   0% used [0x00007f38d19f0000, 0x00007f38d19f0000, 0x00007f38d8460000)
  to   space 108992K,   0% used [0x00007f38d8460000, 0x00007f38d8460000, 0x00007f38deed0000)
 tenured generation   total 2180684K, used 1308409K [0x00007f43470a0000, 0x00007f43cc233000, 0x00007f589c600000)
   the space 2180684K,  59% used [0x00007f43470a0000, 0x00007f4396e5e668, 0x00007f4396e5e800, 0x00007f43cc233000)
 Metaspace       used 29934K, capacity 30396K, committed 30720K, reserved 30720K
}
Event: 43.177 GC heap after
{Heap after GC invocations=31 (full 2):
 def new generation   total 981376K, used 88405K [0x00007f389c600000, 0x00007f38deed0000, 0x00007f43470a0000)
  eden space 872384K,   0% used [0x00007f389c600000, 0x00007f389c600000, 0x00007f38d19f0000)
  from space 108992K,  81% used [0x00007f38d8460000, 0x00007f38ddab5740, 0x00007f38deed0000)
  to   space 108992K,   0% used [0x00007f38d19f0000, 0x00007f38d19f0000, 0x00007f38d8460000)
 tenured generation   total 2180684K, used 1308409K [0x00007f43470a0000, 0x00007f43cc233000, 0x00007f589c600000)
   the space 2180684K,  59% used [0x00007f43470a0000, 0x00007f4396e5e668, 0x00007f4396e5e800, 0x00007f43cc233000)
 Metaspace       used 29934K, capacity 30396K, committed 30720K, reserved 30720K
}
Event: 43.617 GC heap before
{Heap before GC invocations=31 (full 2):
 def new generation   total 981376K, used 960789K [0x00007f389c600000, 0x00007f38deed0000, 0x00007f43470a0000)
  eden space 872384K, 100% used [0x00007f389c600000, 0x00007f38d19f0000, 0x00007f38d19f0000)
  from space 108992K,  81% used [0x00007f38d8460000, 0x00007f38ddab5740, 0x00007f38deed0000)
  to   space 108992K,   0% used [0x00007f38d19f0000, 0x00007f38d19f0000, 0x00007f38d8460000)
 tenured generation   total 2180684K, used 1308409K [0x00007f43470a0000, 0x00007f43cc233000, 0x00007f589c600000)
   the space 2180684K,  59% used [0x00007f43470a0000, 0x00007f4396e5e668, 0x00007f4396e5e800, 0x00007f43cc233000)
 Metaspace       used 29934K, capacity 30396K, committed 30720K, reserved 30720K
}
Event: 44.083 GC heap after
{Heap after GC invocations=32 (full 2):
 def new generation   total 981376K, used 95401K [0x00007f389c600000, 0x00007f38deed0000, 0x00007f43470a0000)
  eden space 872384K,   0% used [0x00007f389c600000, 0x00007f389c600000, 0x00007f38d19f0000)
  from space 108992K,  87% used [0x00007f38d19f0000, 0x00007f38d771a770, 0x00007f38d8460000)
  to   space 108992K,   0% used [0x00007f38d8460000, 0x00007f38d8460000, 0x00007f38deed0000)
 tenured generation   total 2180684K, used 1396814K [0x00007f43470a0000, 0x00007f43cc233000, 0x00007f589c600000)
   the space 2180684K,  64% used [0x00007f43470a0000, 0x00007f439c4b3968, 0x00007f439c4b3a00, 0x00007f43cc233000)
 Metaspace       used 29934K, capacity 30396K, committed 30720K, reserved 30720K
}
Event: 44.525 GC heap before
{Heap before GC invocations=32 (full 2):
 def new generation   total 981376K, used 967785K [0x00007f389c600000, 0x00007f38deed0000, 0x00007f43470a0000)
  eden space 872384K, 100% used [0x00007f389c600000, 0x00007f38d19f0000, 0x00007f38d19f0000)
  from space 108992K,  87% used [0x00007f38d19f0000, 0x00007f38d771a770, 0x00007f38d8460000)
  to   space 108992K,   0% used [0x00007f38d8460000, 0x00007f38d8460000, 0x00007f38deed0000)
 tenured generation   total 2180684K, used 1396814K [0x00007f43470a0000, 0x00007f43cc233000, 0x00007f589c600000)
   the space 2180684K,  64% used [0x00007f43470a0000, 0x00007f439c4b3968, 0x00007f439c4b3a00, 0x00007f43cc233000)
 Metaspace       used 29934K, capacity 30396K, committed 30720K, reserved 30720K
}
Event: 44.982 GC heap after
{Heap after GC invocations=33 (full 2):
 def new generation   total 981376K, used 87002K [0x00007f389c600000, 0x00007f38deed0000, 0x00007f43470a0000)
  eden space 872384K,   0% used [0x00007f389c600000, 0x00007f389c600000, 0x00007f38d19f0000)
  from space 108992K,  79% used [0x00007f38d8460000, 0x00007f38dd956a78, 0x00007f38deed0000)
  to   space 108992K,   0% used [0x00007f38d19f0000, 0x00007f38d19f0000, 0x00007f38d8460000)
 tenured generation   total 2180684K, used 1492215K [0x00007f43470a0000, 0x00007f43cc233000, 0x00007f589c600000)
   the space 2180684K,  68% used [0x00007f43470a0000, 0x00007f43a21ddf88, 0x00007f43a21de000, 0x00007f43cc233000)
 Metaspace       used 29934K, capacity 30396K, committed 30720K, reserved 30720K
}
Event: 45.451 GC heap before
{Heap before GC invocations=33 (full 2):
 def new generation   total 981376K, used 959386K [0x00007f389c600000, 0x00007f38deed0000, 0x00007f43470a0000)
  eden space 872384K, 100% used [0x00007f389c600000, 0x00007f38d19f0000, 0x00007f38d19f0000)
  from space 108992K,  79% used [0x00007f38d8460000, 0x00007f38dd956a78, 0x00007f38deed0000)
  to   space 108992K,   0% used [0x00007f38d19f0000, 0x00007f38d19f0000, 0x00007f38d8460000)
 tenured generation   total 2180684K, used 1492215K [0x00007f43470a0000, 0x00007f43cc233000, 0x00007f589c600000)
   the space 2180684K,  68% used [0x00007f43470a0000, 0x00007f43a21ddf88, 0x00007f43a21de000, 0x00007f43cc233000)
 Metaspace       used 29934K, capacity 30396K, committed 30720K, reserved 30720K
}
Event: 46.005 GC heap after
{Heap after GC invocations=34 (full 2):
 def new generation   total 981376K, used 104015K [0x00007f389c600000, 0x00007f38deed0000, 0x00007f43470a0000)
  eden space 872384K,   0% used [0x00007f389c600000, 0x00007f389c600000, 0x00007f38d19f0000)
  from space 108992K,  95% used [0x00007f38d19f0000, 0x00007f38d7f83f30, 0x00007f38d8460000)
  to   space 108992K,   0% used [0x00007f38d8460000, 0x00007f38d8460000, 0x00007f38deed0000)
 tenured generation   total 2180684K, used 1579217K [0x00007f43470a0000, 0x00007f43cc233000, 0x00007f589c600000)
   the space 2180684K,  72% used [0x00007f43470a0000, 0x00007f43a76d4700, 0x00007f43a76d4800, 0x00007f43cc233000)
 Metaspace       used 29934K, capacity 30396K, committed 30720K, reserved 30720K
}
Event: 50.974 GC heap before
{Heap before GC invocations=34 (full 2):
 def new generation   total 981376K, used 976399K [0x00007f389c600000, 0x00007f38deed0000, 0x00007f43470a0000)
  eden space 872384K, 100% used [0x00007f389c600000, 0x00007f38d19f0000, 0x00007f38d19f0000)
  from space 108992K,  95% used [0x00007f38d19f0000, 0x00007f38d7f83f30, 0x00007f38d8460000)
  to   space 108992K,   0% used [0x00007f38d8460000, 0x00007f38d8460000, 0x00007f38deed0000)
 tenured generation   total 2180684K, used 1579217K [0x00007f43470a0000, 0x00007f43cc233000, 0x00007f589c600000)
   the space 2180684K,  72% used [0x00007f43470a0000, 0x00007f43a76d4700, 0x00007f43a76d4800, 0x00007f43cc233000)
 Metaspace       used 29934K, capacity 30396K, committed 30720K, reserved 30720K
}
Event: 52.983 GC heap after
{Heap after GC invocations=35 (full 2):
 def new generation   total 981376K, used 108992K [0x00007f389c600000, 0x00007f38deed0000, 0x00007f43470a0000)
  eden space 872384K,   0% used [0x00007f389c600000, 0x00007f389c600000, 0x00007f38d19f0000)
  from space 108992K, 100% used [0x00007f38d8460000, 0x00007f38deed0000, 0x00007f38deed0000)
  to   space 108992K,   0% used [0x00007f38d19f0000, 0x00007f38d19f0000, 0x00007f38d8460000)
 tenured generation   total 2180684K, used 1836789K [0x00007f43470a0000, 0x00007f43cc233000, 0x00007f589c600000)
   the space 2180684K,  84% used [0x00007f43470a0000, 0x00007f43b725d520, 0x00007f43b725d600, 0x00007f43cc233000)
 Metaspace       used 29934K, capacity 30396K, committed 30720K, reserved 30720K
}
Event: 97.309 GC heap before
{Heap before GC invocations=35 (full 2):
 def new generation   total 981376K, used 981376K [0x00007f389c600000, 0x00007f38deed0000, 0x00007f43470a0000)
  eden space 872384K, 100% used [0x00007f389c600000, 0x00007f38d19f0000, 0x00007f38d19f0000)
  from space 108992K, 100% used [0x00007f38d8460000, 0x00007f38deed0000, 0x00007f38deed0000)
  to   space 108992K,   0% used [0x00007f38d19f0000, 0x00007f38d19f0000, 0x00007f38d8460000)
 tenured generation   total 2180684K, used 1836789K [0x00007f43470a0000, 0x00007f43cc233000, 0x00007f589c600000)
   the space 2180684K,  84% used [0x00007f43470a0000, 0x00007f43b725d520, 0x00007f43b725d600, 0x00007f43cc233000)
 Metaspace       used 29934K, capacity 30396K, committed 30720K, reserved 30720K
}
Event: 99.761 GC heap after
{Heap after GC invocations=36 (full 2):
 def new generation   total 981376K, used 108991K [0x00007f389c600000, 0x00007f38deed0000, 0x00007f43470a0000)
  eden space 872384K,   0% used [0x00007f389c600000, 0x00007f389c600000, 0x00007f38d19f0000)
  from space 108992K,  99% used [0x00007f38d19f0000, 0x00007f38d845fff8, 0x00007f38d8460000)
  to   space 108992K,   0% used [0x00007f38d8460000, 0x00007f38d8460000, 0x00007f38deed0000)
 tenured generation   total 2227724K, used 2227532K [0x00007f43470a0000, 0x00007f43cf023000, 0x00007f589c600000)
   the space 2227724K,  99% used [0x00007f43470a0000, 0x00007f43ceff3150, 0x00007f43ceff3200, 0x00007f43cf023000)
 Metaspace       used 29934K, capacity 30396K, committed 30720K, reserved 30720K
}
Event: 99.761 GC heap before
{Heap before GC invocations=36 (full 2):
 def new generation   total 981376K, used 108991K [0x00007f389c600000, 0x00007f38deed0000, 0x00007f43470a0000)
  eden space 872384K,   0% used [0x00007f389c600000, 0x00007f389c600000, 0x00007f38d19f0000)
  from space 108992K,  99% used [0x00007f38d19f0000, 0x00007f38d845fff8, 0x00007f38d8460000)
  to   space 108992K,   0% used [0x00007f38d8460000, 0x00007f38d8460000, 0x00007f38deed0000)
 tenured generation   total 2227724K, used 2227532K [0x00007f43470a0000, 0x00007f43cf023000, 0x00007f589c600000)
   the space 2227724K,  99% used [0x00007f43470a0000, 0x00007f43ceff3150, 0x00007f43ceff3200, 0x00007f43cf023000)
 Metaspace       used 29934K, capacity 30396K, committed 30720K, reserved 30720K
}

Deoptimization events (20 events):
Event: 31.389 Thread 0x00007f58b4018000 Uncommon trap: trap_request=0xffffff45 fr.pc=0x00007f58a43c6484 relative=0x0000000000000364
Event: 31.389 Thread 0x00007f58b4018000 Uncommon trap: reason=unstable_if action=reinterpret pc=0x00007f58a43c6484 method=ch.javasoft.math.BigFraction.valueOf(Ljava/math/BigInteger;Ljava/math/BigInteger;)Lch/javasoft/math/BigFraction; @ 42 c2
Event: 31.389 Thread 0x00007f58b4018000 DEOPT PACKING pc=0x00007f58a43c6484 sp=0x00007f58ba262ce0
Event: 31.389 Thread 0x00007f58b4018000 DEOPT UNPACKING pc=0x00007f589c7d2e25 sp=0x00007f58ba262c38 mode 2
Event: 31.391 Thread 0x00007f58b4018000 Uncommon trap: trap_request=0xffffff45 fr.pc=0x00007f58a436ea04 relative=0x0000000000000144
Event: 31.391 Thread 0x00007f58b4018000 Uncommon trap: reason=unstable_if action=reinterpret pc=0x00007f58a436ea04 method=ch.javasoft.math.BigFraction.valueOf(Ljava/math/BigInteger;Ljava/math/BigInteger;)Lch/javasoft/math/BigFraction; @ 42 c2
Event: 31.391 Thread 0x00007f58b4018000 DEOPT PACKING pc=0x00007f58a436ea04 sp=0x00007f58ba262c60
Event: 31.391 Thread 0x00007f58b4018000 DEOPT UNPACKING pc=0x00007f589c7d2e25 sp=0x00007f58ba262c20 mode 2
Event: 31.399 Thread 0x00007f58b4018000 DEOPT PACKING pc=0x00007f589d4a3dad sp=0x00007f58ba262ca0
Event: 31.399 Thread 0x00007f58b4018000 DEOPT UNPACKING pc=0x00007f589c7d333a sp=0x00007f58ba262188 mode 0
Event: 31.428 Thread 0x00007f58b4018000 DEOPT PACKING pc=0x00007f589d4a3dad sp=0x00007f58ba262ca0
Event: 31.428 Thread 0x00007f58b4018000 DEOPT UNPACKING pc=0x00007f589c7d333a sp=0x00007f58ba262188 mode 0
Event: 37.146 Thread 0x00007f58b4018000 Uncommon trap: trap_request=0xffffff45 fr.pc=0x00007f58a43a20d0 relative=0x0000000000000690
Event: 37.146 Thread 0x00007f58b4018000 Uncommon trap: reason=unstable_if action=reinterpret pc=0x00007f58a43a20d0 method=java.math.MutableBigInteger.divideOneWord(ILjava/math/MutableBigInteger;)I @ 321 c2
Event: 37.146 Thread 0x00007f58b4018000 DEOPT PACKING pc=0x00007f58a43a20d0 sp=0x00007f58ba262c60
Event: 37.146 Thread 0x00007f58b4018000 DEOPT UNPACKING pc=0x00007f589c7d2e25 sp=0x00007f58ba262bc8 mode 2
Event: 46.422 Thread 0x00007f58b4018000 Uncommon trap: trap_request=0xffffff45 fr.pc=0x00007f58a43f364c relative=0x000000000000054c
Event: 46.422 Thread 0x00007f58b4018000 Uncommon trap: reason=unstable_if action=reinterpret pc=0x00007f58a43f364c method=java.util.concurrent.ConcurrentLinkedQueue.isEmpty()Z @ 4 c2
Event: 46.422 Thread 0x00007f58b4018000 DEOPT PACKING pc=0x00007f58a43f364c sp=0x00007f58ba262f40
Event: 46.422 Thread 0x00007f58b4018000 DEOPT UNPACKING pc=0x00007f589c7d2e25 sp=0x00007f58ba262ea0 mode 2

Classes unloaded (0 events):
No events

Classes redefined (0 events):
No events

Internal exceptions (20 events):
Event: 1.929 Thread 0x00007f58b4018000 Exception <a 'java/lang/NoSuchMethodError'{0x00007f389f23e938}: 'int java.lang.invoke.DirectMethodHandle$Holder.invokeSpecial(java.lang.Object, java.lang.Object, java.lang.Object, java.lang.Object, java.lang.Object)'> (0x00007f389f23e938) 
thrown [src/hotspot/share/interpreter/linkResolver.cpp, line 766]
Event: 2.064 Thread 0x00007f58b4018000 Exception <a 'java/lang/NoSuchMethodError'{0x00007f389f655748}: 'java.lang.Object java.lang.invoke.DirectMethodHandle$Holder.invokeStatic(java.lang.Object, java.lang.Object, int, int)'> (0x00007f389f655748) 
thrown [src/hotspot/share/interpreter/linkResolver.cpp, line 766]
Event: 2.717 Thread 0x00007f58b4018000 Exception <a 'java/lang/NoSuchMethodError'{0x00007f38a0e7a5b0}: 'int java.lang.invoke.DirectMethodHandle$Holder.invokeVirtual(java.lang.Object, java.lang.Object, java.lang.Object, java.lang.Object)'> (0x00007f38a0e7a5b0) 
thrown [src/hotspot/share/interpreter/linkResolver.cpp, line 766]
Event: 2.721 Thread 0x00007f58b4018000 Exception <a 'java/lang/NoSuchMethodError'{0x00007f38a0e886f8}: 'java.lang.Object java.lang.invoke.DirectMethodHandle$Holder.invokeStatic(java.lang.Object, java.lang.Object, int, java.lang.Object)'> (0x00007f38a0e886f8) 
thrown [src/hotspot/share/interpreter/linkResolver.cpp, line 766]
Event: 2.722 Thread 0x00007f58b4018000 Exception <a 'java/lang/NoSuchMethodError'{0x00007f38a0e91010}: 'java.lang.Object java.lang.invoke.Invokers$Holder.linkToTargetMethod(java.lang.Object, int, java.lang.Object, java.lang.Object)'> (0x00007f38a0e91010) 
thrown [src/hotspot/share/interpreter/linkResolver.cpp, line 766]
Event: 2.836 Thread 0x00007f58b4018000 Exception <a 'java/lang/NoSuchMethodError'{0x00007f38a0f8d818}: 'java.lang.Object java.lang.invoke.DirectMethodHandle$Holder.invokeSpecial(java.lang.Object, java.lang.Object, java.lang.Object, java.lang.Object, java.lang.Object, java.lang.Object, java.lang.Object, java.lang.Object, java.lang.Object)'> (0x00007f38a0f8d818) 
thrown [src/hotspot/share/interpreter/linkResolver.cpp, line 766]
Event: 2.841 Thread 0x00007f58b4018000 Exception <a 'java/lang/NoSuchMethodError'{0x00007f38a0f92540}: 'java.lang.Object java.lang.invoke.Invokers$Holder.linkToTargetMethod(java.lang.Object, java.lang.Object, java.lang.Object, java.lang.Object, java.lang.Object, java.lang.Object, java.lang.Object, java.lang.Object)'> (0x00007f38a0f92540) 
thrown [src/hotspot/share/interpreter/linkResolver.cpp, line 766]
Event: 2.873 Thread 0x00007f58b4018000 Exception <a 'java/lang/NoSuchMethodError'{0x00007f38a10444b8}: 'java.lang.Object java.lang.invoke.Invokers$Holder.linkToTargetMethod(java.lang.Object, java.lang.Object, java.lang.Object, java.lang.Object, java.lang.Object, java.lang.Object, java.lang.Object)'> (0x00007f38a10444b8) 
thrown [src/hotspot/share/interpreter/linkResolver.cpp, line 766]
Event: 3.991 Thread 0x00007f58b4018000 Exception <a 'java/lang/NoSuchMethodError'{0x00007f38a1e5f2b8}: 'java.lang.Object java.lang.invoke.DirectMethodHandle$Holder.invokeSpecial(java.lang.Object, java.lang.Object, int, java.lang.Object, java.lang.Object)'> (0x00007f38a1e5f2b8) 
thrown [src/hotspot/share/interpreter/linkResolver.cpp, line 766]
Event: 4.005 Thread 0x00007f58b4018000 Exception <a 'java/lang/NoSuchMethodError'{0x00007f38a1ea9fa8}: 'java.lang.Object java.lang.invoke.Invokers$Holder.linkToTargetMethod(java.lang.Object, long, java.lang.Object)'> (0x00007f38a1ea9fa8) 
thrown [src/hotspot/share/interpreter/linkResolver.cpp, line 766]
Event: 4.123 Thread 0x00007f58b40a7000 Implicit null exception at 0x00007f58a42a73cc to 0x00007f58a42a7480
Event: 4.132 Thread 0x00007f58b4018000 Exception <a 'java/lang/NoSuchMethodError'{0x00007f389c6686e0}: 'java.lang.Object java.lang.invoke.Invokers$Holder.invokeExact_MT(java.lang.Object, java.lang.Object, java.lang.Object, java.lang.Object, java.lang.Object, java.lang.Object)'> (0x00007f389c6686e0) 
thrown [src/hotspot/share/interpreter/linkResolver.cpp, line 766]
Event: 4.239 Thread 0x00007f58b4018000 Exception <a 'java/lang/NoSuchMethodError'{0x00007f389c7a61f8}: 'int java.lang.invoke.DirectMethodHandle$Holder.invokeStatic(java.lang.Object, java.lang.Object, int)'> (0x00007f389c7a61f8) 
thrown [src/hotspot/share/interpreter/linkResolver.cpp, line 766]
Event: 4.388 Thread 0x00007f58b4018000 Exception <a 'java/lang/NoSuchMethodError'{0x00007f389ca1b5e8}: 'int java.lang.invoke.DirectMethodHandle$Holder.invokeStatic(java.lang.Object, java.lang.Object, java.lang.Object, int)'> (0x00007f389ca1b5e8) 
thrown [src/hotspot/share/interpreter/linkResolver.cpp, line 766]
Event: 5.360 Thread 0x00007f58b4018000 Exception <a 'java/lang/ClassNotFoundException'{0x00007f38a47247a8}: com/sun/org/apache/xerces/internal/impl/msg/spi/SAXMessagesProvider> (0x00007f38a47247a8) 
thrown [src/hotspot/share/classfile/systemDictionary.cpp, line 232]
Event: 6.201 Thread 0x00007f58b4018000 Exception <a 'java/lang/NoSuchMethodError'{0x00007f38a5d4c8f0}: 'java.lang.Object java.lang.invoke.DirectMethodHandle$Holder.invokeStaticInit(java.lang.Object, java.lang.Object, java.lang.Object)'> (0x00007f38a5d4c8f0) 
thrown [src/hotspot/share/interpreter/linkResolver.cpp, line 766]
Event: 6.203 Thread 0x00007f58b4018000 Exception <a 'java/lang/NoSuchMethodError'{0x00007f38a5d578b8}: 'void java.lang.invoke.DirectMethodHandle$Holder.invokeStatic(java.lang.Object, java.lang.Object, java.lang.Object, java.lang.Object, java.lang.Object, java.lang.Object)'> (0x00007f38a5d578b8) 
thrown [src/hotspot/share/interpreter/linkResolver.cpp, line 766]
Event: 6.218 Thread 0x00007f58b4018000 Exception <a 'java/lang/NoSuchMethodError'{0x00007f38a5d8f5b0}: 'void java.lang.invoke.DirectMethodHandle$Holder.invokeStaticInit(java.lang.Object, java.lang.Object, java.lang.Object)'> (0x00007f38a5d8f5b0) 
thrown [src/hotspot/share/interpreter/linkResolver.cpp, line 766]
Event: 6.243 Thread 0x00007f58b4018000 Exception <a 'java/net/UnknownHostException'{0x00007f38a5db08d8}> (0x00007f38a5db08d8) 
thrown [src/hotspot/share/prims/jni.cpp, line 598]
Event: 19.708 Thread 0x00007f58b4018000 Implicit null exception at 0x00007f58a43feecc to 0x00007f58a43fef50

Events (20 events):
Event: 36.083 Executing VM operation: GenCollectForAllocation done
Event: 36.327 Executing VM operation: GenCollectForAllocation
Event: 36.529 Executing VM operation: GenCollectForAllocation done
Event: 36.793 Executing VM operation: GenCollectForAllocation
Event: 37.002 Executing VM operation: GenCollectForAllocation done
Event: 37.281 Executing VM operation: GenCollectForAllocation
Event: 37.519 Executing VM operation: GenCollectForAllocation done
Event: 37.797 Executing VM operation: GenCollectForAllocation
Event: 42.257 Executing VM operation: GenCollectForAllocation done
Event: 42.818 Executing VM operation: GenCollectForAllocation
Event: 43.177 Executing VM operation: GenCollectForAllocation done
Event: 43.617 Executing VM operation: GenCollectForAllocation
Event: 44.083 Executing VM operation: GenCollectForAllocation done
Event: 44.525 Executing VM operation: GenCollectForAllocation
Event: 44.982 Executing VM operation: GenCollectForAllocation done
Event: 45.451 Executing VM operation: GenCollectForAllocation
Event: 46.005 Executing VM operation: GenCollectForAllocation done
Event: 50.974 Executing VM operation: GenCollectForAllocation
Event: 52.983 Executing VM operation: GenCollectForAllocation done
Event: 97.309 Executing VM operation: GenCollectForAllocation


Dynamic libraries:
55b2c17e3000-55b2c17e4000 r--p 00000000 07:37 4860                       /usr/lib/jvm/java-13-openjdk-amd64/bin/java
55b2c17e4000-55b2c17e5000 r-xp 00001000 07:37 4860                       /usr/lib/jvm/java-13-openjdk-amd64/bin/java
55b2c17e5000-55b2c17e6000 r--p 00002000 07:37 4860                       /usr/lib/jvm/java-13-openjdk-amd64/bin/java
55b2c17e6000-55b2c17e7000 r--p 00002000 07:37 4860                       /usr/lib/jvm/java-13-openjdk-amd64/bin/java
55b2c17e7000-55b2c17e8000 rw-p 00003000 07:37 4860                       /usr/lib/jvm/java-13-openjdk-amd64/bin/java
55b2c2fcf000-55b2c2ff0000 rw-p 00000000 00:00 0                          [heap]
7f3854000000-7f3854021000 rw-p 00000000 00:00 0 
7f3854021000-7f3858000000 ---p 00000000 00:00 0 
7f385c000000-7f385c021000 rw-p 00000000 00:00 0 
7f385c021000-7f3860000000 ---p 00000000 00:00 0 
7f3860000000-7f3860021000 rw-p 00000000 00:00 0 
7f3860021000-7f3864000000 ---p 00000000 00:00 0 
7f3864000000-7f3866022000 rw-p 00000000 00:00 0 
7f3866022000-7f3868000000 ---p 00000000 00:00 0 
7f3868000000-7f3868a5c000 rw-p 00000000 00:00 0 
7f3868a5c000-7f386c000000 ---p 00000000 00:00 0 
7f386c000000-7f386c021000 rw-p 00000000 00:00 0 
7f386c021000-7f3870000000 ---p 00000000 00:00 0 
7f3870000000-7f3870021000 rw-p 00000000 00:00 0 
7f3870021000-7f3874000000 ---p 00000000 00:00 0 
7f3874000000-7f3874021000 rw-p 00000000 00:00 0 
7f3874021000-7f3878000000 ---p 00000000 00:00 0 
7f3878000000-7f3878021000 rw-p 00000000 00:00 0 
7f3878021000-7f387c000000 ---p 00000000 00:00 0 
7f387c000000-7f387d22d000 rw-p 00000000 00:00 0 
7f387d22d000-7f3880000000 ---p 00000000 00:00 0 
7f3880d54000-7f3880f54000 rw-p 00000000 00:00 0 
7f3880f54000-7f3881154000 rw-p 00000000 00:00 0 
7f3881154000-7f3881354000 rw-p 00000000 00:00 0 
7f3881354000-7f3881554000 rw-p 00000000 00:00 0 
7f3881554000-7f3881754000 rw-p 00000000 00:00 0 
7f3881754000-7f3881954000 rw-p 00000000 00:00 0 
7f3881954000-7f3881f94000 rw-p 00000000 00:00 0 
7f3881f94000-7f388c5ff000 ---p 00000000 00:00 0 
7f388c5ff000-7f388c814000 rw-p 00000000 00:00 0 
7f388c814000-7f3891b54000 ---p 00000000 00:00 0 
7f3891b54000-7f3891f95000 rw-p 00000000 00:00 0 
7f3891f95000-7f389c5ff000 ---p 00000000 00:00 0 
7f389c5ff000-7f38deed0000 rw-p 00000000 00:00 0 
7f38deed0000-7f43470a0000 ---p 00000000 00:00 0 
7f43470a0000-7f43cf023000 rw-p 00000000 00:00 0 
7f441cff9000-7f589c600000 ---p 00000000 00:00 0 
7f589c78a000-7f589c9fa000 rwxp 00000000 00:00 0 
7f589c9fa000-7f589cd19000 ---p 00000000 00:00 0 
7f589cd19000-7f589d4a9000 rwxp 00000000 00:00 0 
7f589d4a9000-7f58a4251000 ---p 00000000 00:00 0 
7f58a4251000-7f58a44c1000 rwxp 00000000 00:00 0 
7f58a44c1000-7f58ab78a000 ---p 00000000 00:00 0 
7f58ab78a000-7f58b4000000 r--s 00000000 07:37 5215                       /usr/lib/jvm/java-13-openjdk-amd64/lib/modules
7f58b4000000-7f58b47d6000 rw-p 00000000 00:00 0 
7f58b47d6000-7f58b8000000 ---p 00000000 00:00 0 
7f58b817b000-7f58b817f000 r--p 00000000 07:37 9178                       /usr/lib/x86_64-linux-gnu/libresolv-2.31.so
7f58b817f000-7f58b818f000 r-xp 00004000 07:37 9178                       /usr/lib/x86_64-linux-gnu/libresolv-2.31.so
7f58b818f000-7f58b8193000 r--p 00014000 07:37 9178                       /usr/lib/x86_64-linux-gnu/libresolv-2.31.so
7f58b8193000-7f58b8194000 r--p 00017000 07:37 9178                       /usr/lib/x86_64-linux-gnu/libresolv-2.31.so
7f58b8194000-7f58b8195000 rw-p 00018000 07:37 9178                       /usr/lib/x86_64-linux-gnu/libresolv-2.31.so
7f58b8195000-7f58b8197000 rw-p 00000000 00:00 0 
7f58b8197000-7f58b8198000 r--p 00000000 07:37 9105                       /usr/lib/x86_64-linux-gnu/libnss_dns-2.31.so
7f58b8198000-7f58b819c000 r-xp 00001000 07:37 9105                       /usr/lib/x86_64-linux-gnu/libnss_dns-2.31.so
7f58b819c000-7f58b819d000 r--p 00005000 07:37 9105                       /usr/lib/x86_64-linux-gnu/libnss_dns-2.31.so
7f58b819d000-7f58b819e000 r--p 00005000 07:37 9105                       /usr/lib/x86_64-linux-gnu/libnss_dns-2.31.so
7f58b819e000-7f58b819f000 rw-p 00006000 07:37 9105                       /usr/lib/x86_64-linux-gnu/libnss_dns-2.31.so
7f58b819f000-7f58b81a1000 r--p 00000000 07:37 5202                       /usr/lib/jvm/java-13-openjdk-amd64/lib/libmanagement_ext.so
7f58b81a1000-7f58b81a4000 r-xp 00002000 07:37 5202                       /usr/lib/jvm/java-13-openjdk-amd64/lib/libmanagement_ext.so
7f58b81a4000-7f58b81a5000 r--p 00005000 07:37 5202                       /usr/lib/jvm/java-13-openjdk-amd64/lib/libmanagement_ext.so
7f58b81a5000-7f58b81a6000 ---p 00006000 07:37 5202                       /usr/lib/jvm/java-13-openjdk-amd64/lib/libmanagement_ext.so
7f58b81a6000-7f58b81a7000 r--p 00006000 07:37 5202                       /usr/lib/jvm/java-13-openjdk-amd64/lib/libmanagement_ext.so
7f58b81a7000-7f58b81a8000 rw-p 00007000 07:37 5202                       /usr/lib/jvm/java-13-openjdk-amd64/lib/libmanagement_ext.so
7f58b81a8000-7f58b81ab000 r--p 00000000 07:37 5200                       /usr/lib/jvm/java-13-openjdk-amd64/lib/libmanagement.so
7f58b81ab000-7f58b81ac000 r-xp 00003000 07:37 5200                       /usr/lib/jvm/java-13-openjdk-amd64/lib/libmanagement.so
7f58b81ac000-7f58b81ad000 r--p 00004000 07:37 5200                       /usr/lib/jvm/java-13-openjdk-amd64/lib/libmanagement.so
7f58b81ad000-7f58b81ae000 r--p 00004000 07:37 5200                       /usr/lib/jvm/java-13-openjdk-amd64/lib/libmanagement.so
7f58b81ae000-7f58b81af000 rw-p 00005000 07:37 5200                       /usr/lib/jvm/java-13-openjdk-amd64/lib/libmanagement.so
7f58b81af000-7f58b854f000 rw-p 00000000 00:00 0 
7f58b854f000-7f58b874f000 rw-p 00000000 00:00 0 
7f58b874f000-7f58b894f000 rw-p 00000000 00:00 0 
7f58b894f000-7f58b8b4f000 rw-p 00000000 00:00 0 
7f58b8b4f000-7f58b8b80000 rw-p 00000000 00:00 0 
7f58b8b80000-7f58b8b84000 r--p 00000000 07:37 5204                       /usr/lib/jvm/java-13-openjdk-amd64/lib/libnet.so
7f58b8b84000-7f58b8b92000 r-xp 00004000 07:37 5204                       /usr/lib/jvm/java-13-openjdk-amd64/lib/libnet.so
7f58b8b92000-7f58b8b96000 r--p 00012000 07:37 5204                       /usr/lib/jvm/java-13-openjdk-amd64/lib/libnet.so
7f58b8b96000-7f58b8b97000 r--p 00015000 07:37 5204                       /usr/lib/jvm/java-13-openjdk-amd64/lib/libnet.so
7f58b8b97000-7f58b8b98000 rw-p 00016000 07:37 5204                       /usr/lib/jvm/java-13-openjdk-amd64/lib/libnet.so
7f58b8b98000-7f58b8b9f000 r--p 00000000 07:37 5205                       /usr/lib/jvm/java-13-openjdk-amd64/lib/libnio.so
7f58b8b9f000-7f58b8ba8000 r-xp 00007000 07:37 5205                       /usr/lib/jvm/java-13-openjdk-amd64/lib/libnio.so
7f58b8ba8000-7f58b8bac000 r--p 00010000 07:37 5205                       /usr/lib/jvm/java-13-openjdk-amd64/lib/libnio.so
7f58b8bac000-7f58b8bad000 r--p 00013000 07:37 5205                       /usr/lib/jvm/java-13-openjdk-amd64/lib/libnio.so
7f58b8bad000-7f58b8bae000 rw-p 00014000 07:37 5205                       /usr/lib/jvm/java-13-openjdk-amd64/lib/libnio.so
7f58b8bae000-7f58b8baf000 ---p 00000000 00:00 0 
7f58b8baf000-7f58b8cb0000 rw-p 00000000 00:00 0 
7f58b8cb0000-7f58b8cb4000 ---p 00000000 00:00 0 
7f58b8cb4000-7f58b8db1000 rw-p 00000000 00:00 0 
7f58b8db1000-7f58b8db5000 ---p 00000000 00:00 0 
7f58b8db5000-7f58b8eb2000 rw-p 00000000 00:00 0 
7f58b8eb2000-7f58b8eb6000 ---p 00000000 00:00 0 
7f58b8eb6000-7f58b8fb3000 rw-p 00000000 00:00 0 
7f58b8fb3000-7f58b8fb7000 ---p 00000000 00:00 0 
7f58b8fb7000-7f58b90b4000 rw-p 00000000 00:00 0 
7f58b90b4000-7f58b90b8000 ---p 00000000 00:00 0 
7f58b90b8000-7f58b91b5000 rw-p 00000000 00:00 0 
7f58b91b5000-7f58b91b9000 ---p 00000000 00:00 0 
7f58b91b9000-7f58b92b6000 rw-p 00000000 00:00 0 
7f58b92b6000-7f58b92bd000 r--s 00000000 07:37 8532                       /usr/lib/x86_64-linux-gnu/gconv/gconv-modules.cache
7f58b92bd000-7f58b92ef000 r--p 00000000 07:37 5276                       /usr/lib/locale/C.UTF-8/LC_CTYPE
7f58b92ef000-7f58b92f3000 ---p 00000000 00:00 0 
7f58b92f3000-7f58b93f0000 rw-p 00000000 00:00 0 
7f58b93f0000-7f58b93f4000 ---p 00000000 00:00 0 
7f58b93f4000-7f58b94f1000 rw-p 00000000 00:00 0 
7f58b94f1000-7f58b94f2000 ---p 00000000 00:00 0 
7f58b94f2000-7f58b9f10000 rw-p 00000000 00:00 0 
7f58b9f10000-7f58b9f15000 rw-p 00000000 00:00 0 
7f58b9f15000-7f58b9ffb000 ---p 00000000 00:00 0 
7f58b9ffb000-7f58ba00b000 rw-p 00000000 00:00 0 
7f58ba00b000-7f58ba0e6000 ---p 00000000 00:00 0 
7f58ba0e6000-7f58ba0eb000 rw-p 00000000 00:00 0 
7f58ba0eb000-7f58ba0f2000 ---p 00000000 00:00 0 
7f58ba0f2000-7f58ba0f4000 r--p 00000000 07:37 5214                       /usr/lib/jvm/java-13-openjdk-amd64/lib/libzip.so
7f58ba0f4000-7f58ba0f8000 r-xp 00002000 07:37 5214                       /usr/lib/jvm/java-13-openjdk-amd64/lib/libzip.so
7f58ba0f8000-7f58ba0fa000 r--p 00006000 07:37 5214                       /usr/lib/jvm/java-13-openjdk-amd64/lib/libzip.so
7f58ba0fa000-7f58ba0fb000 r--p 00007000 07:37 5214                       /usr/lib/jvm/java-13-openjdk-amd64/lib/libzip.so
7f58ba0fb000-7f58ba0fc000 rw-p 00008000 07:37 5214                       /usr/lib/jvm/java-13-openjdk-amd64/lib/libzip.so
7f58ba0fc000-7f58ba104000 rw-s 00000000 08:03 34784703                   /tmp/hsperfdata_rcabanas/12949
7f58ba104000-7f58ba107000 r--p 00000000 07:37 9108                       /usr/lib/x86_64-linux-gnu/libnss_files-2.31.so
7f58ba107000-7f58ba10e000 r-xp 00003000 07:37 9108                       /usr/lib/x86_64-linux-gnu/libnss_files-2.31.so
7f58ba10e000-7f58ba110000 r--p 0000a000 07:37 9108                       /usr/lib/x86_64-linux-gnu/libnss_files-2.31.so
7f58ba110000-7f58ba111000 r--p 0000b000 07:37 9108                       /usr/lib/x86_64-linux-gnu/libnss_files-2.31.so
7f58ba111000-7f58ba112000 rw-p 0000c000 07:37 9108                       /usr/lib/x86_64-linux-gnu/libnss_files-2.31.so
7f58ba112000-7f58ba118000 rw-p 00000000 00:00 0 
7f58ba11e000-7f58ba120000 r--p 00000000 07:37 5195                       /usr/lib/jvm/java-13-openjdk-amd64/lib/libjimage.so
7f58ba120000-7f58ba123000 r-xp 00002000 07:37 5195                       /usr/lib/jvm/java-13-openjdk-amd64/lib/libjimage.so
7f58ba123000-7f58ba124000 r--p 00005000 07:37 5195                       /usr/lib/jvm/java-13-openjdk-amd64/lib/libjimage.so
7f58ba124000-7f58ba125000 ---p 00006000 07:37 5195                       /usr/lib/jvm/java-13-openjdk-amd64/lib/libjimage.so
7f58ba125000-7f58ba126000 r--p 00006000 07:37 5195                       /usr/lib/jvm/java-13-openjdk-amd64/lib/libjimage.so
7f58ba126000-7f58ba127000 rw-p 00007000 07:37 5195                       /usr/lib/jvm/java-13-openjdk-amd64/lib/libjimage.so
7f58ba127000-7f58ba134000 r--p 00000000 07:37 5191                       /usr/lib/jvm/java-13-openjdk-amd64/lib/libjava.so
7f58ba134000-7f58ba149000 r-xp 0000d000 07:37 5191                       /usr/lib/jvm/java-13-openjdk-amd64/lib/libjava.so
7f58ba149000-7f58ba14f000 r--p 00022000 07:37 5191                       /usr/lib/jvm/java-13-openjdk-amd64/lib/libjava.so
7f58ba14f000-7f58ba150000 ---p 00028000 07:37 5191                       /usr/lib/jvm/java-13-openjdk-amd64/lib/libjava.so
7f58ba150000-7f58ba151000 r--p 00028000 07:37 5191                       /usr/lib/jvm/java-13-openjdk-amd64/lib/libjava.so
7f58ba151000-7f58ba153000 rw-p 00029000 07:37 5191                       /usr/lib/jvm/java-13-openjdk-amd64/lib/libjava.so
7f58ba153000-7f58ba158000 r--p 00000000 07:37 5213                       /usr/lib/jvm/java-13-openjdk-amd64/lib/libverify.so
7f58ba158000-7f58ba15f000 r-xp 00005000 07:37 5213                       /usr/lib/jvm/java-13-openjdk-amd64/lib/libverify.so
7f58ba15f000-7f58ba161000 r--p 0000c000 07:37 5213                       /usr/lib/jvm/java-13-openjdk-amd64/lib/libverify.so
7f58ba161000-7f58ba162000 ---p 0000e000 07:37 5213                       /usr/lib/jvm/java-13-openjdk-amd64/lib/libverify.so
7f58ba162000-7f58ba164000 r--p 0000e000 07:37 5213                       /usr/lib/jvm/java-13-openjdk-amd64/lib/libverify.so
7f58ba164000-7f58ba165000 rw-p 00010000 07:37 5213                       /usr/lib/jvm/java-13-openjdk-amd64/lib/libverify.so
7f58ba165000-7f58ba169000 ---p 00000000 00:00 0 
7f58ba169000-7f58ba266000 rw-p 00000000 00:00 0 
7f58ba266000-7f58ba269000 r--p 00000000 07:37 8948                       /usr/lib/x86_64-linux-gnu/libgcc_s.so.1
7f58ba269000-7f58ba27b000 r-xp 00003000 07:37 8948                       /usr/lib/x86_64-linux-gnu/libgcc_s.so.1
7f58ba27b000-7f58ba27f000 r--p 00015000 07:37 8948                       /usr/lib/x86_64-linux-gnu/libgcc_s.so.1
7f58ba27f000-7f58ba280000 r--p 00018000 07:37 8948                       /usr/lib/x86_64-linux-gnu/libgcc_s.so.1
7f58ba280000-7f58ba281000 rw-p 00019000 07:37 8948                       /usr/lib/x86_64-linux-gnu/libgcc_s.so.1
7f58ba281000-7f58ba28e000 r--p 00000000 07:37 9062                       /usr/lib/x86_64-linux-gnu/libm-2.31.so
7f58ba28e000-7f58ba335000 r-xp 0000d000 07:37 9062                       /usr/lib/x86_64-linux-gnu/libm-2.31.so
7f58ba335000-7f58ba3ce000 r--p 000b4000 07:37 9062                       /usr/lib/x86_64-linux-gnu/libm-2.31.so
7f58ba3ce000-7f58ba3cf000 r--p 0014c000 07:37 9062                       /usr/lib/x86_64-linux-gnu/libm-2.31.so
7f58ba3cf000-7f58ba3d0000 rw-p 0014d000 07:37 9062                       /usr/lib/x86_64-linux-gnu/libm-2.31.so
7f58ba3d0000-7f58ba466000 r--p 00000000 07:37 9213                       /usr/lib/x86_64-linux-gnu/libstdc++.so.6.0.28
7f58ba466000-7f58ba557000 r-xp 00096000 07:37 9213                       /usr/lib/x86_64-linux-gnu/libstdc++.so.6.0.28
7f58ba557000-7f58ba5a0000 r--p 00187000 07:37 9213                       /usr/lib/x86_64-linux-gnu/libstdc++.so.6.0.28
7f58ba5a0000-7f58ba5a1000 ---p 001d0000 07:37 9213                       /usr/lib/x86_64-linux-gnu/libstdc++.so.6.0.28
7f58ba5a1000-7f58ba5ac000 r--p 001d0000 07:37 9213                       /usr/lib/x86_64-linux-gnu/libstdc++.so.6.0.28
7f58ba5ac000-7f58ba5af000 rw-p 001db000 07:37 9213                       /usr/lib/x86_64-linux-gnu/libstdc++.so.6.0.28
7f58ba5af000-7f58ba5b2000 rw-p 00000000 00:00 0 
7f58ba5b2000-7f58ba838000 r--p 00000000 07:37 5226                       /usr/lib/jvm/java-13-openjdk-amd64/lib/server/libjvm.so
7f58ba838000-7f58bb5b5000 r-xp 00286000 07:37 5226                       /usr/lib/jvm/java-13-openjdk-amd64/lib/server/libjvm.so
7f58bb5b5000-7f58bb830000 r--p 01003000 07:37 5226                       /usr/lib/jvm/java-13-openjdk-amd64/lib/server/libjvm.so
7f58bb830000-7f58bb8f5000 r--p 0127d000 07:37 5226                       /usr/lib/jvm/java-13-openjdk-amd64/lib/server/libjvm.so
7f58bb8f5000-7f58bb930000 rw-p 01342000 07:37 5226                       /usr/lib/jvm/java-13-openjdk-amd64/lib/server/libjvm.so
7f58bb930000-7f58bb9b6000 rw-p 00000000 00:00 0 
7f58bb9b6000-7f58bb9bc000 r--p 00000000 07:37 9166                       /usr/lib/x86_64-linux-gnu/libpthread-2.31.so
7f58bb9bc000-7f58bb9cd000 r-xp 00006000 07:37 9166                       /usr/lib/x86_64-linux-gnu/libpthread-2.31.so
7f58bb9cd000-7f58bb9d3000 r--p 00017000 07:37 9166                       /usr/lib/x86_64-linux-gnu/libpthread-2.31.so
7f58bb9d3000-7f58bb9d4000 r--p 0001c000 07:37 9166                       /usr/lib/x86_64-linux-gnu/libpthread-2.31.so
7f58bb9d4000-7f58bb9d5000 rw-p 0001d000 07:37 9166                       /usr/lib/x86_64-linux-gnu/libpthread-2.31.so
7f58bb9d5000-7f58bb9d9000 rw-p 00000000 00:00 0 
7f58bb9d9000-7f58bb9da000 r--p 00000000 07:37 8893                       /usr/lib/x86_64-linux-gnu/libdl-2.31.so
7f58bb9da000-7f58bb9dc000 r-xp 00001000 07:37 8893                       /usr/lib/x86_64-linux-gnu/libdl-2.31.so
7f58bb9dc000-7f58bb9dd000 r--p 00003000 07:37 8893                       /usr/lib/x86_64-linux-gnu/libdl-2.31.so
7f58bb9dd000-7f58bb9de000 r--p 00003000 07:37 8893                       /usr/lib/x86_64-linux-gnu/libdl-2.31.so
7f58bb9de000-7f58bb9df000 rw-p 00004000 07:37 8893                       /usr/lib/x86_64-linux-gnu/libdl-2.31.so
7f58bb9df000-7f58bb9e1000 r--p 00000000 07:37 9290                       /usr/lib/x86_64-linux-gnu/libz.so.1.2.11
7f58bb9e1000-7f58bb9f2000 r-xp 00002000 07:37 9290                       /usr/lib/x86_64-linux-gnu/libz.so.1.2.11
7f58bb9f2000-7f58bb9f8000 r--p 00013000 07:37 9290                       /usr/lib/x86_64-linux-gnu/libz.so.1.2.11
7f58bb9f8000-7f58bb9f9000 ---p 00019000 07:37 9290                       /usr/lib/x86_64-linux-gnu/libz.so.1.2.11
7f58bb9f9000-7f58bb9fa000 r--p 00019000 07:37 9290                       /usr/lib/x86_64-linux-gnu/libz.so.1.2.11
7f58bb9fa000-7f58bb9fb000 rw-p 0001a000 07:37 9290                       /usr/lib/x86_64-linux-gnu/libz.so.1.2.11
7f58bb9fb000-7f58bba1d000 r--p 00000000 07:37 8851                       /usr/lib/x86_64-linux-gnu/libc-2.31.so
7f58bba1d000-7f58bbb95000 r-xp 00022000 07:37 8851                       /usr/lib/x86_64-linux-gnu/libc-2.31.so
7f58bbb95000-7f58bbbe3000 r--p 0019a000 07:37 8851                       /usr/lib/x86_64-linux-gnu/libc-2.31.so
7f58bbbe3000-7f58bbbe7000 r--p 001e7000 07:37 8851                       /usr/lib/x86_64-linux-gnu/libc-2.31.so
7f58bbbe7000-7f58bbbe9000 rw-p 001eb000 07:37 8851                       /usr/lib/x86_64-linux-gnu/libc-2.31.so
7f58bbbe9000-7f58bbbed000 rw-p 00000000 00:00 0 
7f58bbbef000-7f58bbbf1000 r--s 0000c000 07:37 20930                      /usr/share/java/java-atk-wrapper.jar
7f58bbbf1000-7f58bbbf2000 ---p 00000000 00:00 0 
7f58bbbf2000-7f58bbbf3000 r--p 00000000 00:00 0 
7f58bbbf3000-7f58bbbf6000 r--p 00000000 07:37 5196                       /usr/lib/jvm/java-13-openjdk-amd64/lib/libjli.so
7f58bbbf6000-7f58bbc00000 r-xp 00003000 07:37 5196                       /usr/lib/jvm/java-13-openjdk-amd64/lib/libjli.so
7f58bbc00000-7f58bbc03000 r--p 0000d000 07:37 5196                       /usr/lib/jvm/java-13-openjdk-amd64/lib/libjli.so
7f58bbc03000-7f58bbc04000 r--p 0000f000 07:37 5196                       /usr/lib/jvm/java-13-openjdk-amd64/lib/libjli.so
7f58bbc04000-7f58bbc05000 rw-p 00010000 07:37 5196                       /usr/lib/jvm/java-13-openjdk-amd64/lib/libjli.so
7f58bbc05000-7f58bbc07000 rw-p 00000000 00:00 0 
7f58bbc07000-7f58bbc08000 r--p 00000000 07:37 8572                       /usr/lib/x86_64-linux-gnu/ld-2.31.so
7f58bbc08000-7f58bbc2b000 r-xp 00001000 07:37 8572                       /usr/lib/x86_64-linux-gnu/ld-2.31.so
7f58bbc2b000-7f58bbc33000 r--p 00024000 07:37 8572                       /usr/lib/x86_64-linux-gnu/ld-2.31.so
7f58bbc33000-7f58bbc34000 ---p 00000000 00:00 0 
7f58bbc34000-7f58bbc35000 r--p 0002c000 07:37 8572                       /usr/lib/x86_64-linux-gnu/ld-2.31.so
7f58bbc35000-7f58bbc36000 rw-p 0002d000 07:37 8572                       /usr/lib/x86_64-linux-gnu/ld-2.31.so
7f58bbc36000-7f58bbc37000 rw-p 00000000 00:00 0 
7ffe9fa0b000-7ffe9fa2c000 rw-p 00000000 00:00 0                          [stack]
7ffe9faa0000-7ffe9faa2000 r-xp 00000000 00:00 0                          [vdso]
ffffffffff600000-ffffffffff601000 r-xp 00000000 00:00 0                  [vsyscall]


VM Arguments:
jvm_args: -Xmx128g --add-modules=ALL-DEFAULT 
java_command: jdk.compiler/com.sun.tools.javac.launcher.Main /mnt/beegfs/rcabanas/dev/credici/papers/zeros/code/GenerateNparents.java -np 2 -nzr 1.0 -zdr 0.5 -o /mnt/beegfs/rcabanas/dev/credici/papers/zeros/models/s3 -rw -s 100 -ys 3
java_class_path (initial): /mnt/beegfs/rcabanas/dev/credici/target/credici-0.1.5-dev-SNAPSHOT-jar-with-dependencies.jar
Launcher Type: SUN_STANDARD

[Global flags]
     intx CICompilerCount                          = 2                                         {product} {ergonomic}
   size_t InitialHeapSize                          = 2147483648                                {product} {ergonomic}
   size_t MaxHeapSize                              = 137438953472                              {product} {command line}
   size_t MaxNewSize                               = 45812940800                               {product} {ergonomic}
   size_t MinHeapDeltaBytes                        = 196608                                    {product} {ergonomic}
   size_t MinHeapSize                              = 8388608                                   {product} {ergonomic}
   size_t NewSize                                  = 715784192                                 {product} {ergonomic}
    uintx NonNMethodCodeHeapSize                   = 5826188                                {pd product} {ergonomic}
    uintx NonProfiledCodeHeapSize                  = 122916026                              {pd product} {ergonomic}
   size_t OldSize                                  = 1431699456                                {product} {ergonomic}
    uintx ProfiledCodeHeapSize                     = 122916026                              {pd product} {ergonomic}
    uintx ReservedCodeCacheSize                    = 251658240                              {pd product} {ergonomic}
     bool SegmentedCodeCache                       = true                                      {product} {ergonomic}
   size_t SoftMaxHeapSize                          = 137438953472                           {manageable} {ergonomic}
     bool UseSerialGC                              = true                                      {product} {ergonomic}

Logging:
Log output configuration:
 #0: stdout all=warning uptime,level,tags
 #1: stderr all=off uptime,level,tags

Environment Variables:
PATH=/usr/local/sbin:/usr/local/bin:/usr/sbin:/usr/bin:/sbin:/bin
LD_LIBRARY_PATH=/.singularity.d/libs

Signal Handlers:
SIGSEGV: [libjvm.so+0xf8fcf0], sa_mask[0]=11111111011111111101111111111110, sa_flags=SA_RESTART|SA_SIGINFO
SIGBUS: [libjvm.so+0xf8fcf0], sa_mask[0]=11111111011111111101111111111110, sa_flags=SA_RESTART|SA_SIGINFO
SIGFPE: [libjvm.so+0xf8fcf0], sa_mask[0]=11111111011111111101111111111110, sa_flags=SA_RESTART|SA_SIGINFO
SIGPIPE: [libjvm.so+0xc3ffa0], sa_mask[0]=11111111011111111101111111111110, sa_flags=SA_RESTART|SA_SIGINFO
SIGXFSZ: [libjvm.so+0xc3ffa0], sa_mask[0]=11111111011111111101111111111110, sa_flags=SA_RESTART|SA_SIGINFO
SIGILL: [libjvm.so+0xf8fcf0], sa_mask[0]=11111111011111111101111111111110, sa_flags=SA_RESTART|SA_SIGINFO
SIGUSR2: [libjvm.so+0xc3fe40], sa_mask[0]=00000000000000000000000000000000, sa_flags=SA_RESTART|SA_SIGINFO
SIGHUP: [libjvm.so+0xc40580], sa_mask[0]=11111111011111111101111111111110, sa_flags=SA_RESTART|SA_SIGINFO
SIGINT: [libjvm.so+0xc40580], sa_mask[0]=11111111011111111101111111111110, sa_flags=SA_RESTART|SA_SIGINFO
SIGTERM: [libjvm.so+0xc40580], sa_mask[0]=11111111011111111101111111111110, sa_flags=SA_RESTART|SA_SIGINFO
SIGQUIT: [libjvm.so+0xc40580], sa_mask[0]=11111111011111111101111111111110, sa_flags=SA_RESTART|SA_SIGINFO


---------------  S Y S T E M  ---------------

OS:DISTRIB_ID=Ubuntu
DISTRIB_RELEASE=20.04
DISTRIB_CODENAME=focal
DISTRIB_DESCRIPTION="Ubuntu 20.04.4 LTS"
uname:Linux 3.10.0-1160.15.2.el7.x86_64 #1 SMP Wed Feb 3 15:06:38 UTC 2021 x86_64
OS uptime: 2 days 16:17 hours
libc:glibc 2.31 NPTL 2.31 
rlimit (soft/hard): STACK 8192k/infinity , CORE 0k/infinity , NPROC 4096/1030217 , NOFILE 131072/131072 , AS infinity/infinity , CPU infinity/infinity , DATA infinity/infinity , FSIZE infinity/infinity , MEMLOCK infinity/infinity
load average:64.62 64.89 51.55

/proc/meminfo:
MemTotal:       263895364 kB
MemFree:          639452 kB
MemAvailable:     539932 kB
Buffers:          239820 kB
Cached:           366996 kB
SwapCached:        63592 kB
Active:         246146856 kB
Inactive:        7664672 kB
Active(anon):   245855340 kB
Inactive(anon):  7369200 kB
Active(file):     291516 kB
Inactive(file):   295472 kB
Unevictable:       26564 kB
Mlocked:           26564 kB
SwapTotal:       4194300 kB
SwapFree:         185884 kB
Dirty:               360 kB
Writeback:             0 kB
AnonPages:      253169604 kB
Mapped:           189564 kB
Shmem:             11400 kB
Slab:             731992 kB
SReclaimable:     167944 kB
SUnreclaim:       564048 kB
KernelStack:       53536 kB
PageTables:       602412 kB
NFS_Unstable:          0 kB
Bounce:                0 kB
WritebackTmp:          0 kB
CommitLimit:    136141980 kB
Committed_AS:   320841360 kB
VmallocTotal:   34359738367 kB
VmallocUsed:      863184 kB
VmallocChunk:   34222529488 kB
Percpu:            18176 kB
HardwareCorrupted:     0 kB
AnonHugePages:  146366464 kB
CmaTotal:              0 kB
CmaFree:               0 kB
HugePages_Total:       0
HugePages_Free:        0
HugePages_Rsvd:        0
HugePages_Surp:        0
Hugepagesize:       2048 kB
DirectMap4k:      636520 kB
DirectMap2M:    31731712 kB
DirectMap1G:    235929600 kB

/sys/kernel/mm/transparent_hugepage/enabled:
[always] madvise never

/sys/kernel/mm/transparent_hugepage/defrag (defrag/compaction efforts parameter):
[always] madvise never


/proc/sys/kernel/threads-max (system-wide limit on the number of threads):
2060435


/proc/sys/vm/max_map_count (maximum number of memory map areas a process may have):
65530


/proc/sys/kernel/pid_max (system-wide limit on number of process identifiers):
65536



Steal ticks since vm start: 0
Steal ticks percentage since vm start:  0.000

CPU:total 64 (initial active 1) (32 cores per cpu, 1 threads per core) family 23 model 49 stepping 0, cmov, cx8, fxsr, mmx, sse, sse2, sse3, ssse3, sse4.1, sse4.2, popcnt, avx, avx2, aes, clmul, mmxext, 3dnowpref, lzcnt, sse4a, tsc, tscinvbit, tscinv, bmi1, bmi2, adx, sha, fma
CPU Model and flags from /proc/cpuinfo:
model name	: AMD EPYC 7542 32-Core Processor
flags		: fpu vme de pse tsc msr pae mce cx8 apic sep mtrr pge mca cmov pat pse36 clflush mmx fxsr sse sse2 ht syscall nx mmxext fxsr_opt pdpe1gb rdtscp lm constant_tsc art rep_good nopl nonstop_tsc extd_apicid aperfmperf eagerfpu pni pclmulqdq monitor ssse3 fma cx16 sse4_1 sse4_2 movbe popcnt aes xsave avx f16c rdrand lahf_lm cmp_legacy svm extapic cr8_legacy abm sse4a misalignsse 3dnowprefetch osvw ibs skinit wdt tce topoext perfctr_core perfctr_nb bpext perfctr_l2 cpb cat_l3 cdp_l3 hw_pstate sme retpoline_amd ssbd ibrs ibpb stibp vmmcall fsgsbase bmi1 avx2 smep bmi2 cqm rdt_a rdseed adx smap clflushopt clwb sha_ni xsaveopt xsavec xgetbv1 cqm_llc cqm_occup_llc cqm_mbm_total cqm_mbm_local clzero irperf xsaveerptr arat npt lbrv svm_lock nrip_save tsc_scale vmcb_clean flushbyasid decodeassists pausefilter pfthreshold avic v_vmsave_vmload vgif umip overflow_recov succor smca
Online cpus:0-63
Offline cpus:
BIOS frequency limitation:2900000
Frequency switch latency (ns):0
Available cpu frequencies:2900000 2400000 1500000 
Current governor:conservative
Core performance/turbo boost:1

Memory: 4k page, physical 263895364k(639452k free), swap 4194300k(185884k free)

vm_info: OpenJDK 64-Bit Server VM (13.0.7+5-Ubuntu-0ubuntu120.04) for linux-amd64 JRE (13.0.7+5-Ubuntu-0ubuntu120.04), built on Apr 21 2021 05:36:19 by "unknown" with gcc 9.3.0

END.
