#
# There is insufficient memory for the Java Runtime Environment to continue.
# Native memory allocation (mmap) failed to map 10484695040 bytes for committing reserved memory.
# Possible reasons:
#   The system is out of physical RAM or swap space
# Possible solutions:
#   Reduce memory load on the system
#   Increase physical memory or swap space
#   Check if swap backing store is full
#   Decrease Java heap size (-Xmx/-Xms)
#   Decrease number of Java threads
#   Decrease Java thread stack sizes (-Xss)
#   Set larger code cache with -XX:ReservedCodeCacheSize=
# This output file may be truncated or incomplete.
#
#  Out of Memory Error (os_linux.cpp:2899), pid=128463, tid=128465
#
# JRE version: OpenJDK Runtime Environment (13.0.7+5) (build 13.0.7+5-Ubuntu-0ubuntu120.04)
# Java VM: OpenJDK 64-Bit Server VM (13.0.7+5-Ubuntu-0ubuntu120.04, mixed mode, tiered, serial gc, linux-amd64)
# No core dump will be written. Core dumps have been disabled. To enable core dumping, try "ulimit -c unlimited" before starting Java again
#

---------------  S U M M A R Y ------------

Command Line: -Xmx128g --add-modules=ALL-DEFAULT jdk.compiler/com.sun.tools.javac.launcher.Main /mnt/beegfs/rcabanas/dev/credici/papers/zeros/code/GenerateNparents.java -np 2 -nzr 0.8 -zdr 0.5 -o /mnt/beegfs/rcabanas/dev/credici/papers/zeros/models/s3 -rw -s 93 -ys 3

Host: AMD EPYC 7542 32-Core Processor, 64 cores, 251G, Ubuntu 20.04.4 LTS
Time: Mon Oct 14 13:14:21 2024 CEST elapsed time: 1257.146482 seconds (0d 0h 20m 57s)

---------------  T H R E A D  ---------------

Current thread (0x00007fc6bc097800):  VMThread "VM Thread" [stack: 0x00007fc6c153f000,0x00007fc6c163f000] [id=128465]

Stack: [0x00007fc6c153f000,0x00007fc6c163f000],  sp=0x00007fc6c163d160,  free space=1016k
Native frames: (J=compiled Java code, A=aot compiled Java code, j=interpreted, Vv=VM code, C=native code)
V  [libjvm.so+0xf8f092]
V  [libjvm.so+0xf8fc91]
V  [libjvm.so+0x66ee5a]
V  [libjvm.so+0xc44a41]
V  [libjvm.so+0xc3b263]
V  [libjvm.so+0xf87f4b]
V  [libjvm.so+0x557506]
V  [libjvm.so+0x557723]
V  [libjvm.so+0xf18b0c]
V  [libjvm.so+0x557e65]
V  [libjvm.so+0x7e2edb]
V  [libjvm.so+0x7e39bd]
V  [libjvm.so+0x7d8b48]
V  [libjvm.so+0xf90940]
V  [libjvm.so+0xf96657]
V  [libjvm.so+0xf96d2b]
V  [libjvm.so+0xf9706a]
V  [libjvm.so+0xf2208f]
V  [libjvm.so+0xc493ff]

VM_Operation (0x00007fc6c01c4f70): GenCollectForAllocation, mode: safepoint, requested by thread 0x00007fc6bc7d4800


---------------  P R O C E S S  ---------------

Threads class SMR info:
_java_thread_list=0x00007fc6bc7f3c60, length=10, elements={
0x00007fc6bc018000, 0x00007fc6bc0a3800, 0x00007fc6bc0a7000, 0x00007fc6bc0cb000,
0x00007fc6bc0cd000, 0x00007fc6bc0cf000, 0x00007fc6bc0d1000, 0x00007fc6bc0d3000,
0x00007fc6bc134800, 0x00007fc6bc7d4800
}

Java Threads: ( => current thread )
  0x00007fc6bc018000 JavaThread "main" [_thread_blocked, id=128464, stack(0x00007fc6c21b1000,0x00007fc6c22b2000)]
  0x00007fc6bc0a3800 JavaThread "Reference Handler" daemon [_thread_blocked, id=128466, stack(0x00007fc6c143c000,0x00007fc6c153d000)]
  0x00007fc6bc0a7000 JavaThread "Finalizer" daemon [_thread_blocked, id=128467, stack(0x00007fc6c133b000,0x00007fc6c143c000)]
  0x00007fc6bc0cb000 JavaThread "Signal Dispatcher" daemon [_thread_blocked, id=128468, stack(0x00007fc6c1201000,0x00007fc6c1302000)]
  0x00007fc6bc0cd000 JavaThread "Service Thread" daemon [_thread_blocked, id=128469, stack(0x00007fc6c1100000,0x00007fc6c1201000)]
  0x00007fc6bc0cf000 JavaThread "C2 CompilerThread0" daemon [_thread_blocked, id=128470, stack(0x00007fc6c0fff000,0x00007fc6c1100000)]
  0x00007fc6bc0d1000 JavaThread "C1 CompilerThread0" daemon [_thread_blocked, id=128471, stack(0x00007fc6c0efe000,0x00007fc6c0fff000)]
  0x00007fc6bc0d3000 JavaThread "Sweeper thread" daemon [_thread_blocked, id=128472, stack(0x00007fc6c0dfd000,0x00007fc6c0efe000)]
  0x00007fc6bc134800 JavaThread "Common-Cleaner" daemon [_thread_blocked, id=128473, stack(0x00007fc6c0cfc000,0x00007fc6c0dfd000)]
  0x00007fc6bc7d4800 JavaThread "Thread-0" [_thread_blocked, id=129748, stack(0x00007fc6c00c6000,0x00007fc6c01c7000)]

Other Threads:
=>0x00007fc6bc097800 VMThread "VM Thread" [stack: 0x00007fc6c153f000,0x00007fc6c163f000] [id=128465]
  0x00007fc6bc181800 WatcherThread [stack: 0x00007fc6c0bfc000,0x00007fc6c0cfc000] [id=128474]

Threads with active compile tasks:

VM state:at safepoint (normal execution)

VM Mutex/Monitor currently owned by a thread:  ([mutex/lock_event])
[0x00007fc6bc0140d0] Threads_lock - owner thread: 0x00007fc6bc097800
[0x00007fc6bc014cd0] Heap_lock - owner thread: 0x00007fc6bc7d4800

Heap:
 def new generation   total 5136512K, used 15007K [0x00007fa6a4600000, 0x00007fa800b70000, 0x00007fb14f0a0000)
  eden space 4565824K,   0% used [0x00007fa6a4600000, 0x00007fa6a54a7c50, 0x00007fa7bb0d0000)
  from space 570688K,   0% used [0x00007fa7bb0d0000, 0x00007fa7bb0d0000, 0x00007fa7dde20000)
  to   space 570688K,   0% used [0x00007fa7dde20000, 0x00007fa7dde20000, 0x00007fa800b70000)
 tenured generation   total 15358440K, used 15358439K [0x00007fb14f0a0000, 0x00007fb4f871a000, 0x00007fc6a4600000)
   the space 15358440K,  99% used [0x00007fb14f0a0000, 0x00007fb4f8719ef8, 0x00007fb4f871a000, 0x00007fb4f871a000)
 Metaspace       used 30014K, capacity 30471K, committed 30720K, reserved 30720K

Card table byte_map: [0x00007fa6945ff000,0x00007fa6a4600000] _byte_map_base: 0x00007f66c10dc000

Polling page: 0x00007fc6c3c3d000

Metaspace:

Usage:
   29.76 MB capacity,    29.31 MB ( 99%) used,   351.15 KB (  1%) free+waste,   105.19 KB ( <1%) overhead. 

Virtual space:
     30.00 MB reserved,      30.00 MB (100%) committed 

Chunk freelists:
105.00 KB

MaxMetaspaceSize: unlimited


CodeHeap 'non-profiled nmethods': size=120036Kb used=1989Kb max_used=1989Kb free=118046Kb
 bounds [0x00007fc6ac251000, 0x00007fc6ac4c1000, 0x00007fc6b378a000]
CodeHeap 'profiled nmethods': size=120032Kb used=7773Kb max_used=7773Kb free=112259Kb
 bounds [0x00007fc6a4d19000, 0x00007fc6a54b9000, 0x00007fc6ac251000]
CodeHeap 'non-nmethods': size=5692Kb used=1249Kb max_used=1297Kb free=4442Kb
 bounds [0x00007fc6a478a000, 0x00007fc6a49fa000, 0x00007fc6a4d19000]
 total_blobs=4541 nmethods=4010 adapters=446
 compilation: enabled
              stopped_count=0, restarted_count=0
 full_count=0

Compilation events (20 events):
Event: 1204.846 Thread 0x00007fc6bc0d1000 nmethod 4062 0x00007fc6a54ac490 code [0x00007fc6a54ac760, 0x00007fc6a54ada50]
Event: 1204.852 Thread 0x00007fc6bc0d1000 4063       3       jdk.internal.math.FDBigInteger::cmp (147 bytes)
Event: 1204.853 Thread 0x00007fc6bc0d1000 nmethod 4063 0x00007fc6a54ae190 code [0x00007fc6a54ae380, 0x00007fc6a54aead0]
Event: 1204.853 Thread 0x00007fc6bc0d1000 4065       3       java.math.BigDecimal$StringBuilderHelper::putIntCompact (197 bytes)
Event: 1204.853 Thread 0x00007fc6bc0d1000 nmethod 4065 0x00007fc6a54aed90 code [0x00007fc6a54aef80, 0x00007fc6a54af4d0]
Event: 1204.853 Thread 0x00007fc6bc0d1000 4064       3       jdk.internal.math.FDBigInteger::mult (148 bytes)
Event: 1204.854 Thread 0x00007fc6bc0d1000 nmethod 4064 0x00007fc6a54af890 code [0x00007fc6a54afa40, 0x00007fc6a54afe10]
Event: 1204.901 Thread 0x00007fc6bc0cf000 nmethod 4052 0x00007fc6ac43f890 code [0x00007fc6ac43fa60, 0x00007fc6ac4407c8]
Event: 1204.901 Thread 0x00007fc6bc0cf000 4057       4       ch.javasoft.util.genarr.GenericFixSizeArray::length (6 bytes)
Event: 1204.902 Thread 0x00007fc6bc0cf000 nmethod 4057 0x00007fc6ac441110 code [0x00007fc6ac441280, 0x00007fc6ac4412d8]
Event: 1205.495 Thread 0x00007fc6bc0d1000 4069       3       java.lang.Thread::interrupted (8 bytes)
Event: 1205.495 Thread 0x00007fc6bc0d1000 nmethod 4069 0x00007fc6a54b0090 code [0x00007fc6a54b0220, 0x00007fc6a54b0340]
Event: 1205.495 Thread 0x00007fc6bc0d1000 4070       1       java.util.concurrent.atomic.AtomicReference::get (5 bytes)
Event: 1205.496 Thread 0x00007fc6bc0d1000 nmethod 4070 0x00007fc6ac441710 code [0x00007fc6ac4418a0, 0x00007fc6ac441950]
Event: 1205.496 Thread 0x00007fc6bc0cf000 4068       4       java.util.concurrent.locks.AbstractQueuedSynchronizer::compareAndSetState (10 bytes)
Event: 1205.498 Thread 0x00007fc6bc0cf000 nmethod 4068 0x00007fc6ac441a10 code [0x00007fc6ac441b80, 0x00007fc6ac441bd8]
Event: 1205.498 Thread 0x00007fc6bc0cf000 4066       4       java.lang.invoke.VarHandleGuards::guard_LII_Z (70 bytes)
Event: 1205.500 Thread 0x00007fc6bc0cf000 nmethod 4066 0x00007fc6ac441d10 code [0x00007fc6ac441ea0, 0x00007fc6ac442028]
Event: 1205.501 Thread 0x00007fc6bc0cf000 4067       4       java.lang.invoke.VarHandleInts$FieldInstanceReadWrite::compareAndSet (24 bytes)
Event: 1205.502 Thread 0x00007fc6bc0cf000 nmethod 4067 0x00007fc6ac442290 code [0x00007fc6ac442400, 0x00007fc6ac4424f8]

GC Heap History (20 events):
Event: 488.028 GC heap after
{Heap after GC invocations=58 (full 5):
 def new generation   total 2750976K, used 292870K [0x00007fa6a4600000, 0x00007fa75eef0000, 0x00007fb14f0a0000)
  eden space 2445376K,   0% used [0x00007fa6a4600000, 0x00007fa6a4600000, 0x00007fa739a10000)
  from space 305600K,  95% used [0x00007fa74c480000, 0x00007fa75e281bc8, 0x00007fa75eef0000)
  to   space 305600K,   0% used [0x00007fa739a10000, 0x00007fa739a10000, 0x00007fa74c480000)
 tenured generation   total 6113096K, used 4149936K [0x00007fb14f0a0000, 0x00007fb2c4272000, 0x00007fc6a4600000)
   the space 6113096K,  67% used [0x00007fb14f0a0000, 0x00007fb24c54c1a0, 0x00007fb24c54c200, 0x00007fb2c4272000)
 Metaspace       used 29890K, capacity 30343K, committed 30464K, reserved 30720K
}
Event: 607.307 GC heap before
{Heap before GC invocations=58 (full 5):
 def new generation   total 2750976K, used 2738246K [0x00007fa6a4600000, 0x00007fa75eef0000, 0x00007fb14f0a0000)
  eden space 2445376K, 100% used [0x00007fa6a4600000, 0x00007fa739a10000, 0x00007fa739a10000)
  from space 305600K,  95% used [0x00007fa74c480000, 0x00007fa75e281bc8, 0x00007fa75eef0000)
  to   space 305600K,   0% used [0x00007fa739a10000, 0x00007fa739a10000, 0x00007fa74c480000)
 tenured generation   total 6113096K, used 4149936K [0x00007fb14f0a0000, 0x00007fb2c4272000, 0x00007fc6a4600000)
   the space 6113096K,  67% used [0x00007fb14f0a0000, 0x00007fb24c54c1a0, 0x00007fb24c54c200, 0x00007fb2c4272000)
 Metaspace       used 29890K, capacity 30343K, committed 30464K, reserved 30720K
}
Event: 622.950 GC heap after
{Heap after GC invocations=59 (full 5):
 def new generation   total 2750976K, used 305600K [0x00007fa6a4600000, 0x00007fa75eef0000, 0x00007fb14f0a0000)
  eden space 2445376K,   0% used [0x00007fa6a4600000, 0x00007fa6a4600000, 0x00007fa739a10000)
  from space 305600K, 100% used [0x00007fa739a10000, 0x00007fa74c480000, 0x00007fa74c480000)
  to   space 305600K,   0% used [0x00007fa74c480000, 0x00007fa74c480000, 0x00007fa75eef0000)
 tenured generation   total 6113096K, used 6072586K [0x00007fb14f0a0000, 0x00007fb2c4272000, 0x00007fc6a4600000)
   the space 6113096K,  99% used [0x00007fb14f0a0000, 0x00007fb2c1ae2b90, 0x00007fb2c1ae2c00, 0x00007fb2c4272000)
 Metaspace       used 29890K, capacity 30343K, committed 30464K, reserved 30720K
}
Event: 866.553 GC heap before
{Heap before GC invocations=59 (full 5):
 def new generation   total 2750976K, used 2750976K [0x00007fa6a4600000, 0x00007fa75eef0000, 0x00007fb14f0a0000)
  eden space 2445376K, 100% used [0x00007fa6a4600000, 0x00007fa739a10000, 0x00007fa739a10000)
  from space 305600K, 100% used [0x00007fa739a10000, 0x00007fa74c480000, 0x00007fa74c480000)
  to   space 305600K,   0% used [0x00007fa74c480000, 0x00007fa74c480000, 0x00007fa75eef0000)
 tenured generation   total 6113096K, used 6072586K [0x00007fb14f0a0000, 0x00007fb2c4272000, 0x00007fc6a4600000)
   the space 6113096K,  99% used [0x00007fb14f0a0000, 0x00007fb2c1ae2b90, 0x00007fb2c1ae2c00, 0x00007fb2c4272000)
 Metaspace       used 29890K, capacity 30343K, committed 30464K, reserved 30720K
}
Event: 870.795 GC heap after
{Heap after GC invocations=60 (full 5):
 def new generation   total 2750976K, used 305599K [0x00007fa6a4600000, 0x00007fa75eef0000, 0x00007fb14f0a0000)
  eden space 2445376K,   0% used [0x00007fa6a4600000, 0x00007fa6a4600000, 0x00007fa739a10000)
  from space 305600K,  99% used [0x00007fa74c480000, 0x00007fa75eeefff0, 0x00007fa75eef0000)
  to   space 305600K,   0% used [0x00007fa739a10000, 0x00007fa739a10000, 0x00007fa74c480000)
 tenured generation   total 6587504K, used 6587396K [0x00007fb14f0a0000, 0x00007fb2e11bc000, 0x00007fc6a4600000)
   the space 6587504K,  99% used [0x00007fb14f0a0000, 0x00007fb2e11a12e0, 0x00007fb2e11a1400, 0x00007fb2e11bc000)
 Metaspace       used 29890K, capacity 30343K, committed 30464K, reserved 30720K
}
Event: 870.795 GC heap before
{Heap before GC invocations=60 (full 5):
 def new generation   total 2750976K, used 305599K [0x00007fa6a4600000, 0x00007fa75eef0000, 0x00007fb14f0a0000)
  eden space 2445376K,   0% used [0x00007fa6a4600000, 0x00007fa6a4600000, 0x00007fa739a10000)
  from space 305600K,  99% used [0x00007fa74c480000, 0x00007fa75eeefff0, 0x00007fa75eef0000)
  to   space 305600K,   0% used [0x00007fa739a10000, 0x00007fa739a10000, 0x00007fa74c480000)
 tenured generation   total 6587504K, used 6587396K [0x00007fb14f0a0000, 0x00007fb2e11bc000, 0x00007fc6a4600000)
   the space 6587504K,  99% used [0x00007fb14f0a0000, 0x00007fb2e11a12e0, 0x00007fb2e11a1400, 0x00007fb2e11bc000)
 Metaspace       used 29890K, capacity 30343K, committed 30464K, reserved 30720K
}
Event: 917.123 GC heap after
{Heap after GC invocations=60 (full 6):
 def new generation   total 3885248K, used 0K [0x00007fa6a4600000, 0x00007fa7abdc0000, 0x00007fb14f0a0000)
  eden space 3453568K,   0% used [0x00007fa6a4600000, 0x00007fa6a4600000, 0x00007fa7772a0000)
  from space 431680K,   0% used [0x00007fa7772a0000, 0x00007fa7772a0000, 0x00007fa791830000)
  to   space 431680K,   0% used [0x00007fa791830000, 0x00007fa791830000, 0x00007fa7abdc0000)
 tenured generation   total 8633772K, used 5180262K [0x00007fb14f0a0000, 0x00007fb35e00b000, 0x00007fc6a4600000)
   the space 8633772K,  59% used [0x00007fb14f0a0000, 0x00007fb28b379aa8, 0x00007fb28b379c00, 0x00007fb35e00b000)
 Metaspace       used 29890K, capacity 30343K, committed 30464K, reserved 30720K
}
Event: 1101.331 GC heap before
{Heap before GC invocations=60 (full 6):
 def new generation   total 3885248K, used 3453568K [0x00007fa6a4600000, 0x00007fa7abdc0000, 0x00007fb14f0a0000)
  eden space 3453568K, 100% used [0x00007fa6a4600000, 0x00007fa7772a0000, 0x00007fa7772a0000)
  from space 431680K,   0% used [0x00007fa7772a0000, 0x00007fa7772a0000, 0x00007fa791830000)
  to   space 431680K,   0% used [0x00007fa791830000, 0x00007fa791830000, 0x00007fa7abdc0000)
 tenured generation   total 8633772K, used 5180262K [0x00007fb14f0a0000, 0x00007fb35e00b000, 0x00007fc6a4600000)
   the space 8633772K,  59% used [0x00007fb14f0a0000, 0x00007fb28b379aa8, 0x00007fb28b379c00, 0x00007fb35e00b000)
 Metaspace       used 29890K, capacity 30343K, committed 30464K, reserved 30720K
}
Event: 1106.576 GC heap after
{Heap after GC invocations=61 (full 6):
 def new generation   total 3885248K, used 431680K [0x00007fa6a4600000, 0x00007fa7abdc0000, 0x00007fb14f0a0000)
  eden space 3453568K,   0% used [0x00007fa6a4600000, 0x00007fa6a4600000, 0x00007fa7772a0000)
  from space 431680K, 100% used [0x00007fa791830000, 0x00007fa7abdc0000, 0x00007fa7abdc0000)
  to   space 431680K,   0% used [0x00007fa7772a0000, 0x00007fa7772a0000, 0x00007fa791830000)
 tenured generation   total 8633772K, used 6151349K [0x00007fb14f0a0000, 0x00007fb35e00b000, 0x00007fc6a4600000)
   the space 8633772K,  71% used [0x00007fb14f0a0000, 0x00007fb2c67cd7a8, 0x00007fb2c67cd800, 0x00007fb35e00b000)
 Metaspace       used 29890K, capacity 30343K, committed 30464K, reserved 30720K
}
Event: 1126.423 GC heap before
{Heap before GC invocations=61 (full 6):
 def new generation   total 3885248K, used 3885248K [0x00007fa6a4600000, 0x00007fa7abdc0000, 0x00007fb14f0a0000)
  eden space 3453568K, 100% used [0x00007fa6a4600000, 0x00007fa7772a0000, 0x00007fa7772a0000)
  from space 431680K, 100% used [0x00007fa791830000, 0x00007fa7abdc0000, 0x00007fa7abdc0000)
  to   space 431680K,   0% used [0x00007fa7772a0000, 0x00007fa7772a0000, 0x00007fa791830000)
 tenured generation   total 8633772K, used 6151349K [0x00007fb14f0a0000, 0x00007fb35e00b000, 0x00007fc6a4600000)
   the space 8633772K,  71% used [0x00007fb14f0a0000, 0x00007fb2c67cd7a8, 0x00007fb2c67cd800, 0x00007fb35e00b000)
 Metaspace       used 29891K, capacity 30343K, committed 30464K, reserved 30720K
}
Event: 1136.684 GC heap after
{Heap after GC invocations=62 (full 6):
 def new generation   total 3885248K, used 431679K [0x00007fa6a4600000, 0x00007fa7abdc0000, 0x00007fb14f0a0000)
  eden space 3453568K,   0% used [0x00007fa6a4600000, 0x00007fa6a4600000, 0x00007fa7772a0000)
  from space 431680K,  99% used [0x00007fa7772a0000, 0x00007fa79182fff0, 0x00007fa791830000)
  to   space 431680K,   0% used [0x00007fa791830000, 0x00007fa791830000, 0x00007fa7abdc0000)
 tenured generation   total 8633772K, used 8208444K [0x00007fb14f0a0000, 0x00007fb35e00b000, 0x00007fc6a4600000)
   the space 8633772K,  95% used [0x00007fb14f0a0000, 0x00007fb3440af088, 0x00007fb3440af200, 0x00007fb35e00b000)
 Metaspace       used 29891K, capacity 30343K, committed 30464K, reserved 30720K
}
Event: 1143.901 GC heap before
{Heap before GC invocations=62 (full 6):
 def new generation   total 3885248K, used 3885247K [0x00007fa6a4600000, 0x00007fa7abdc0000, 0x00007fb14f0a0000)
  eden space 3453568K, 100% used [0x00007fa6a4600000, 0x00007fa7772a0000, 0x00007fa7772a0000)
  from space 431680K,  99% used [0x00007fa7772a0000, 0x00007fa79182fff0, 0x00007fa791830000)
  to   space 431680K,   0% used [0x00007fa791830000, 0x00007fa791830000, 0x00007fa7abdc0000)
 tenured generation   total 8633772K, used 8208444K [0x00007fb14f0a0000, 0x00007fb35e00b000, 0x00007fc6a4600000)
   the space 8633772K,  95% used [0x00007fb14f0a0000, 0x00007fb3440af088, 0x00007fb3440af200, 0x00007fb35e00b000)
 Metaspace       used 29940K, capacity 30407K, committed 30720K, reserved 30720K
}
Event: 1151.379 GC heap after
{Heap after GC invocations=63 (full 6):
 def new generation   total 3885248K, used 431680K [0x00007fa6a4600000, 0x00007fa7abdc0000, 0x00007fb14f0a0000)
  eden space 3453568K,   0% used [0x00007fa6a4600000, 0x00007fa6a4600000, 0x00007fa7772a0000)
  from space 431680K, 100% used [0x00007fa791830000, 0x00007fa7abdc0000, 0x00007fa7abdc0000)
  to   space 431680K,   0% used [0x00007fa7772a0000, 0x00007fa7772a0000, 0x00007fa791830000)
 tenured generation   total 11113068K, used 11113020K [0x00007fb14f0a0000, 0x00007fb3f553b000, 0x00007fc6a4600000)
   the space 11113068K,  99% used [0x00007fb14f0a0000, 0x00007fb3f552f3e0, 0x00007fb3f552f400, 0x00007fb3f553b000)
 Metaspace       used 29940K, capacity 30407K, committed 30720K, reserved 30720K
}
Event: 1151.379 GC heap before
{Heap before GC invocations=63 (full 6):
 def new generation   total 3885248K, used 431680K [0x00007fa6a4600000, 0x00007fa7abdc0000, 0x00007fb14f0a0000)
  eden space 3453568K,   0% used [0x00007fa6a4600000, 0x00007fa6a4600000, 0x00007fa7772a0000)
  from space 431680K, 100% used [0x00007fa791830000, 0x00007fa7abdc0000, 0x00007fa7abdc0000)
  to   space 431680K,   0% used [0x00007fa7772a0000, 0x00007fa7772a0000, 0x00007fa791830000)
 tenured generation   total 11113068K, used 11113020K [0x00007fb14f0a0000, 0x00007fb3f553b000, 0x00007fc6a4600000)
   the space 11113068K,  99% used [0x00007fb14f0a0000, 0x00007fb3f552f3e0, 0x00007fb3f552f400, 0x00007fb3f553b000)
 Metaspace       used 29940K, capacity 30407K, committed 30720K, reserved 30720K
}
Event: 1184.844 GC heap after
{Heap after GC invocations=63 (full 7):
 def new generation   total 5136512K, used 0K [0x00007fa6a4600000, 0x00007fa800b70000, 0x00007fb14f0a0000)
  eden space 4565824K,   0% used [0x00007fa6a4600000, 0x00007fa6a4600000, 0x00007fa7bb0d0000)
  from space 570688K,   0% used [0x00007fa7bb0d0000, 0x00007fa7bb0d0000, 0x00007fa7dde20000)
  to   space 570688K,   0% used [0x00007fa7dde20000, 0x00007fa7dde20000, 0x00007fa800b70000)
 tenured generation   total 11414376K, used 6848624K [0x00007fb14f0a0000, 0x00007fb407b7a000, 0x00007fc6a4600000)
   the space 11414376K,  59% used [0x00007fb14f0a0000, 0x00007fb2f10bc008, 0x00007fb2f10bc200, 0x00007fb407b7a000)
 Metaspace       used 29940K, capacity 30407K, committed 30720K, reserved 30720K
}
Event: 1190.462 GC heap before
{Heap before GC invocations=63 (full 7):
 def new generation   total 5136512K, used 4565824K [0x00007fa6a4600000, 0x00007fa800b70000, 0x00007fb14f0a0000)
  eden space 4565824K, 100% used [0x00007fa6a4600000, 0x00007fa7bb0d0000, 0x00007fa7bb0d0000)
  from space 570688K,   0% used [0x00007fa7bb0d0000, 0x00007fa7bb0d0000, 0x00007fa7dde20000)
  to   space 570688K,   0% used [0x00007fa7dde20000, 0x00007fa7dde20000, 0x00007fa800b70000)
 tenured generation   total 11414376K, used 6848624K [0x00007fb14f0a0000, 0x00007fb407b7a000, 0x00007fc6a4600000)
   the space 11414376K,  59% used [0x00007fb14f0a0000, 0x00007fb2f10bc008, 0x00007fb2f10bc200, 0x00007fb407b7a000)
 Metaspace       used 29940K, capacity 30407K, committed 30720K, reserved 30720K
}
Event: 1197.272 GC heap after
{Heap after GC invocations=64 (full 7):
 def new generation   total 5136512K, used 570687K [0x00007fa6a4600000, 0x00007fa800b70000, 0x00007fb14f0a0000)
  eden space 4565824K,   0% used [0x00007fa6a4600000, 0x00007fa6a4600000, 0x00007fa7bb0d0000)
  from space 570688K,  99% used [0x00007fa7dde20000, 0x00007fa800b6fe40, 0x00007fa800b70000)
  to   space 570688K,   0% used [0x00007fa7bb0d0000, 0x00007fa7bb0d0000, 0x00007fa7dde20000)
 tenured generation   total 11414376K, used 10843713K [0x00007fb14f0a0000, 0x00007fb407b7a000, 0x00007fc6a4600000)
   the space 11414376K,  95% used [0x00007fb14f0a0000, 0x00007fb3e4e30688, 0x00007fb3e4e30800, 0x00007fb407b7a000)
 Metaspace       used 29940K, capacity 30407K, committed 30720K, reserved 30720K
}
Event: 1205.506 GC heap before
{Heap before GC invocations=64 (full 7):
 def new generation   total 5136512K, used 5136511K [0x00007fa6a4600000, 0x00007fa800b70000, 0x00007fb14f0a0000)
  eden space 4565824K, 100% used [0x00007fa6a4600000, 0x00007fa7bb0d0000, 0x00007fa7bb0d0000)
  from space 570688K,  99% used [0x00007fa7dde20000, 0x00007fa800b6fe40, 0x00007fa800b70000)
  to   space 570688K,   0% used [0x00007fa7bb0d0000, 0x00007fa7bb0d0000, 0x00007fa7dde20000)
 tenured generation   total 11414376K, used 10843713K [0x00007fb14f0a0000, 0x00007fb407b7a000, 0x00007fc6a4600000)
   the space 11414376K,  95% used [0x00007fb14f0a0000, 0x00007fb3e4e30688, 0x00007fb3e4e30800, 0x00007fb407b7a000)
 Metaspace       used 30014K, capacity 30471K, committed 30720K, reserved 30720K
}
Event: 1216.838 GC heap after
{Heap after GC invocations=65 (full 7):
 def new generation   total 5136512K, used 570688K [0x00007fa6a4600000, 0x00007fa800b70000, 0x00007fb14f0a0000)
  eden space 4565824K,   0% used [0x00007fa6a4600000, 0x00007fa6a4600000, 0x00007fa7bb0d0000)
  from space 570688K, 100% used [0x00007fa7bb0d0000, 0x00007fa7dde20000, 0x00007fa7dde20000)
  to   space 570688K,   0% used [0x00007fa7dde20000, 0x00007fa7dde20000, 0x00007fa800b70000)
 tenured generation   total 15358440K, used 15358424K [0x00007fb14f0a0000, 0x00007fb4f871a000, 0x00007fc6a4600000)
   the space 15358440K,  99% used [0x00007fb14f0a0000, 0x00007fb4f8716060, 0x00007fb4f8716200, 0x00007fb4f871a000)
 Metaspace       used 30014K, capacity 30471K, committed 30720K, reserved 30720K
}
Event: 1216.838 GC heap before
{Heap before GC invocations=65 (full 7):
 def new generation   total 5136512K, used 570688K [0x00007fa6a4600000, 0x00007fa800b70000, 0x00007fb14f0a0000)
  eden space 4565824K,   0% used [0x00007fa6a4600000, 0x00007fa6a4600000, 0x00007fa7bb0d0000)
  from space 570688K, 100% used [0x00007fa7bb0d0000, 0x00007fa7dde20000, 0x00007fa7dde20000)
  to   space 570688K,   0% used [0x00007fa7dde20000, 0x00007fa7dde20000, 0x00007fa800b70000)
 tenured generation   total 15358440K, used 15358424K [0x00007fb14f0a0000, 0x00007fb4f871a000, 0x00007fc6a4600000)
   the space 15358440K,  99% used [0x00007fb14f0a0000, 0x00007fb4f8716060, 0x00007fb4f8716200, 0x00007fb4f871a000)
 Metaspace       used 30014K, capacity 30471K, committed 30720K, reserved 30720K
}

Deoptimization events (20 events):
Event: 1123.941 Thread 0x00007fc6bc018000 DEOPT PACKING pc=0x00007fc6a5486727 sp=0x00007fc6c22aee50
Event: 1123.941 Thread 0x00007fc6bc018000 DEOPT UNPACKING pc=0x00007fc6a47d333a sp=0x00007fc6c22ae460 mode 0
Event: 1123.944 Thread 0x00007fc6bc018000 DEOPT PACKING pc=0x00007fc6a5486727 sp=0x00007fc6c22aee50
Event: 1123.944 Thread 0x00007fc6bc018000 DEOPT UNPACKING pc=0x00007fc6a47d333a sp=0x00007fc6c22ae460 mode 0
Event: 1123.947 Thread 0x00007fc6bc018000 DEOPT PACKING pc=0x00007fc6a5486727 sp=0x00007fc6c22aee50
Event: 1123.947 Thread 0x00007fc6bc018000 DEOPT UNPACKING pc=0x00007fc6a47d333a sp=0x00007fc6c22ae460 mode 0
Event: 1123.954 Thread 0x00007fc6bc018000 DEOPT PACKING pc=0x00007fc6a5486727 sp=0x00007fc6c22aee50
Event: 1123.954 Thread 0x00007fc6bc018000 DEOPT UNPACKING pc=0x00007fc6a47d333a sp=0x00007fc6c22ae460 mode 0
Event: 1139.454 Thread 0x00007fc6bc018000 Uncommon trap: trap_request=0xffffff45 fr.pc=0x00007fc6ac43aa3c relative=0x00000000000005dc
Event: 1139.454 Thread 0x00007fc6bc018000 Uncommon trap: reason=unstable_if action=reinterpret pc=0x00007fc6ac43aa3c method=ch.javasoft.metabolic.efm.impl.AbstractDoubleDescriptionImpl.filterModes(Lch/javasoft/metabolic/efm/column/ColumnHome;Lch/javasoft/metabolic/efm/model/NetworkEfmModel;Lch/ja
Event: 1139.454 Thread 0x00007fc6bc018000 DEOPT PACKING pc=0x00007fc6ac43aa3c sp=0x00007fc6c22aef80
Event: 1139.454 Thread 0x00007fc6bc018000 DEOPT UNPACKING pc=0x00007fc6a47d2e25 sp=0x00007fc6c22aef70 mode 2
Event: 1140.412 Thread 0x00007fc6bc018000 DEOPT PACKING pc=0x00007fc6a53c1fbc sp=0x00007fc6c22aeb90
Event: 1140.412 Thread 0x00007fc6bc018000 DEOPT UNPACKING pc=0x00007fc6a47d333a sp=0x00007fc6c22ae030 mode 0
Event: 1140.421 Thread 0x00007fc6bc018000 DEOPT PACKING pc=0x00007fc6a53c9008 sp=0x00007fc6c22aea60
Event: 1140.421 Thread 0x00007fc6bc018000 DEOPT UNPACKING pc=0x00007fc6a47d333a sp=0x00007fc6c22ae088 mode 0
Event: 1204.832 Thread 0x00007fc6bc018000 DEOPT PACKING pc=0x00007fc6a53c9008 sp=0x00007fc6c22ae980
Event: 1204.832 Thread 0x00007fc6bc018000 DEOPT UNPACKING pc=0x00007fc6a47d333a sp=0x00007fc6c22adfa8 mode 0
Event: 1204.847 Thread 0x00007fc6bc018000 DEOPT PACKING pc=0x00007fc6a53c9008 sp=0x00007fc6c22ae980
Event: 1204.847 Thread 0x00007fc6bc018000 DEOPT UNPACKING pc=0x00007fc6a47d333a sp=0x00007fc6c22adfa8 mode 0

Classes unloaded (0 events):
No events

Classes redefined (0 events):
No events

Internal exceptions (20 events):
Event: 4.140 Thread 0x00007fc6bc018000 Exception <a 'java/lang/NoSuchMethodError'{0x00007fa6a8f92f58}: 'java.lang.Object java.lang.invoke.DirectMethodHandle$Holder.invokeSpecial(java.lang.Object, java.lang.Object, java.lang.Object, java.lang.Object, java.lang.Object, java.lang.Object, java.lang.Object, java.lang.Object, java.lang.Object)'> (0x00007fa6a8f92f58) 
thrown [src/hotspot/share/interpreter/linkResolver.cpp, line 766]
Event: 4.144 Thread 0x00007fc6bc018000 Exception <a 'java/lang/NoSuchMethodError'{0x00007fa6a8f97c80}: 'java.lang.Object java.lang.invoke.Invokers$Holder.linkToTargetMethod(java.lang.Object, java.lang.Object, java.lang.Object, java.lang.Object, java.lang.Object, java.lang.Object, java.lang.Object, java.lang.Object)'> (0x00007fa6a8f97c80) 
thrown [src/hotspot/share/interpreter/linkResolver.cpp, line 766]
Event: 4.198 Thread 0x00007fc6bc018000 Exception <a 'java/lang/NoSuchMethodError'{0x00007fa6a9049bf8}: 'java.lang.Object java.lang.invoke.Invokers$Holder.linkToTargetMethod(java.lang.Object, java.lang.Object, java.lang.Object, java.lang.Object, java.lang.Object, java.lang.Object, java.lang.Object)'> (0x00007fa6a9049bf8) 
thrown [src/hotspot/share/interpreter/linkResolver.cpp, line 766]
Event: 5.113 Thread 0x00007fc6bc018000 Implicit null exception at 0x00007fc6ac2c6345 to 0x00007fc6ac2c6514
Event: 5.113 Thread 0x00007fc6bc018000 Implicit null exception at 0x00007fc6ac27e58f to 0x00007fc6ac27e5f9
Event: 5.822 Thread 0x00007fc6bc018000 Implicit null exception at 0x00007fc6ac2a75c3 to 0x00007fc6ac2a7644
Event: 6.005 Thread 0x00007fc6bc018000 Exception <a 'java/lang/NoSuchMethodError'{0x00007fa6aa9505b0}: 'java.lang.Object java.lang.invoke.DirectMethodHandle$Holder.invokeSpecial(java.lang.Object, java.lang.Object, int, java.lang.Object, java.lang.Object)'> (0x00007fa6aa9505b0) 
thrown [src/hotspot/share/interpreter/linkResolver.cpp, line 766]
Event: 6.032 Thread 0x00007fc6bc018000 Exception <a 'java/lang/NoSuchMethodError'{0x00007fa6aa99b2a0}: 'java.lang.Object java.lang.invoke.Invokers$Holder.linkToTargetMethod(java.lang.Object, long, java.lang.Object)'> (0x00007fa6aa99b2a0) 
thrown [src/hotspot/share/interpreter/linkResolver.cpp, line 766]
Event: 6.186 Thread 0x00007fc6bc0a7000 Implicit null exception at 0x00007fc6ac2a6b40 to 0x00007fc6ac2a6bac
Event: 6.207 Thread 0x00007fc6bc018000 Exception <a 'java/lang/NoSuchMethodError'{0x00007fa6a5123e80}: 'java.lang.Object java.lang.invoke.Invokers$Holder.invokeExact_MT(java.lang.Object, java.lang.Object, java.lang.Object, java.lang.Object, java.lang.Object, java.lang.Object)'> (0x00007fa6a5123e80) 
thrown [src/hotspot/share/interpreter/linkResolver.cpp, line 766]
Event: 6.350 Thread 0x00007fc6bc018000 Exception <a 'java/lang/NoSuchMethodError'{0x00007fa6a5261ab0}: 'int java.lang.invoke.DirectMethodHandle$Holder.invokeStatic(java.lang.Object, java.lang.Object, int)'> (0x00007fa6a5261ab0) 
thrown [src/hotspot/share/interpreter/linkResolver.cpp, line 766]
Event: 6.609 Thread 0x00007fc6bc018000 Exception <a 'java/lang/NoSuchMethodError'{0x00007fa6a54d5a28}: 'int java.lang.invoke.DirectMethodHandle$Holder.invokeStatic(java.lang.Object, java.lang.Object, java.lang.Object, int)'> (0x00007fa6a54d5a28) 
thrown [src/hotspot/share/interpreter/linkResolver.cpp, line 766]
Event: 6.626 Thread 0x00007fc6bc018000 Exception <a 'java/lang/NoSuchMethodError'{0x00007fa6a55075c0}: 'java.lang.Object java.lang.invoke.DirectMethodHandle$Holder.invokeStatic(java.lang.Object, int, java.lang.Object)'> (0x00007fa6a55075c0) 
thrown [src/hotspot/share/interpreter/linkResolver.cpp, line 766]
Event: 6.629 Thread 0x00007fc6bc018000 Exception <a 'java/lang/NoSuchMethodError'{0x00007fa6a550feb8}: 'void java.lang.invoke.DirectMethodHandle$Holder.invokeInterface(java.lang.Object, java.lang.Object, int)'> (0x00007fa6a550feb8) 
thrown [src/hotspot/share/interpreter/linkResolver.cpp, line 766]
Event: 6.630 Thread 0x00007fc6bc018000 Exception <a 'java/lang/IncompatibleClassChangeError'{0x00007fa6a5513c78}: Found class java.lang.Object, but interface was expected> (0x00007fa6a5513c78) 
thrown [src/hotspot/share/interpreter/linkResolver.cpp, line 833]
Event: 8.074 Thread 0x00007fc6bc018000 Exception <a 'java/lang/ClassNotFoundException'{0x00007fa6ab9f9af0}: com/sun/org/apache/xerces/internal/impl/msg/spi/SAXMessagesProvider> (0x00007fa6ab9f9af0) 
thrown [src/hotspot/share/classfile/systemDictionary.cpp, line 232]
Event: 9.265 Thread 0x00007fc6bc018000 Exception <a 'java/lang/NoSuchMethodError'{0x00007fa6acf628c8}: 'java.lang.Object java.lang.invoke.DirectMethodHandle$Holder.invokeStaticInit(java.lang.Object, java.lang.Object, java.lang.Object)'> (0x00007fa6acf628c8) 
thrown [src/hotspot/share/interpreter/linkResolver.cpp, line 766]
Event: 9.267 Thread 0x00007fc6bc018000 Exception <a 'java/lang/NoSuchMethodError'{0x00007fa6acf6d890}: 'void java.lang.invoke.DirectMethodHandle$Holder.invokeStatic(java.lang.Object, java.lang.Object, java.lang.Object, java.lang.Object, java.lang.Object, java.lang.Object)'> (0x00007fa6acf6d890) 
thrown [src/hotspot/share/interpreter/linkResolver.cpp, line 766]
Event: 9.299 Thread 0x00007fc6bc018000 Exception <a 'java/lang/NoSuchMethodError'{0x00007fa6acfa5588}: 'void java.lang.invoke.DirectMethodHandle$Holder.invokeStaticInit(java.lang.Object, java.lang.Object, java.lang.Object)'> (0x00007fa6acfa5588) 
thrown [src/hotspot/share/interpreter/linkResolver.cpp, line 766]
Event: 9.357 Thread 0x00007fc6bc018000 Exception <a 'java/net/UnknownHostException'{0x00007fa6acfc6888}> (0x00007fa6acfc6888) 
thrown [src/hotspot/share/prims/jni.cpp, line 598]

Events (20 events):
Event: 1202.009 loading class java/util/concurrent/BlockingQueue done
Event: 1202.009 loading class ch/javasoft/metabolic/efm/model/AbstractColumnToFluxDistributionConverter$WorkerThread
Event: 1202.009 loading class ch/javasoft/metabolic/efm/model/AbstractColumnToFluxDistributionConverter$WorkerThread done
Event: 1202.011 loading class ch/javasoft/metabolic/efm/model/LogPkg
Event: 1202.012 loading class ch/javasoft/metabolic/efm/model/LogPkg done
Event: 1202.013 loading class ch/javasoft/metabolic/efm/model/nullspace/LogPkg
Event: 1202.013 loading class ch/javasoft/metabolic/efm/model/nullspace/LogPkg done
Event: 1205.483 loading class java/util/concurrent/ArrayBlockingQueue
Event: 1205.484 loading class java/util/concurrent/ArrayBlockingQueue done
Event: 1205.485 loading class java/util/concurrent/locks/AbstractQueuedSynchronizer$ConditionObject
Event: 1205.488 loading class java/util/concurrent/locks/Condition
Event: 1205.489 loading class java/util/concurrent/locks/Condition done
Event: 1205.489 loading class java/util/concurrent/locks/AbstractQueuedSynchronizer$ConditionObject done
Event: 1205.490 Thread 0x00007fc6bc7d4800 Thread added: 0x00007fc6bc7d4800
Event: 1205.490 loading class ch/javasoft/metabolic/efm/model/AbstractColumnToFluxDistributionConverter$1
Event: 1205.490 loading class ch/javasoft/metabolic/efm/model/AbstractColumnToFluxDistributionConverter$1 done
Event: 1205.491 Protecting memory [0x00007fc6c00c6000,0x00007fc6c00ca000] with protection modes 0
Event: 1205.503 Executing VM operation: RevokeBias
Event: 1205.504 Executing VM operation: RevokeBias done
Event: 1205.505 Executing VM operation: GenCollectForAllocation


Dynamic libraries:
560476b6a000-560476b6b000 r--p 00000000 07:06 4860                       /usr/lib/jvm/java-13-openjdk-amd64/bin/java
560476b6b000-560476b6c000 r-xp 00001000 07:06 4860                       /usr/lib/jvm/java-13-openjdk-amd64/bin/java
560476b6c000-560476b6d000 r--p 00002000 07:06 4860                       /usr/lib/jvm/java-13-openjdk-amd64/bin/java
560476b6d000-560476b6e000 r--p 00002000 07:06 4860                       /usr/lib/jvm/java-13-openjdk-amd64/bin/java
560476b6e000-560476b6f000 rw-p 00003000 07:06 4860                       /usr/lib/jvm/java-13-openjdk-amd64/bin/java
560477536000-560477557000 rw-p 00000000 00:00 0                          [heap]
7fa654000000-7fa655552000 rw-p 00000000 00:00 0 
7fa655552000-7fa658000000 ---p 00000000 00:00 0 
7fa658000000-7fa658021000 rw-p 00000000 00:00 0 
7fa658021000-7fa65c000000 ---p 00000000 00:00 0 
7fa65c000000-7fa65c021000 rw-p 00000000 00:00 0 
7fa65c021000-7fa660000000 ---p 00000000 00:00 0 
7fa660000000-7fa664000000 rw-p 00000000 00:00 0 
7fa664000000-7fa664021000 rw-p 00000000 00:00 0 
7fa664021000-7fa668000000 ---p 00000000 00:00 0 
7fa668000000-7fa668021000 rw-p 00000000 00:00 0 
7fa668021000-7fa66c000000 ---p 00000000 00:00 0 
7fa66c000000-7fa66d93e000 rw-p 00000000 00:00 0 
7fa66d93e000-7fa670000000 ---p 00000000 00:00 0 
7fa670000000-7fa6709b2000 rw-p 00000000 00:00 0 
7fa6709b2000-7fa674000000 ---p 00000000 00:00 0 
7fa674000000-7fa674021000 rw-p 00000000 00:00 0 
7fa674021000-7fa678000000 ---p 00000000 00:00 0 
7fa678000000-7fa678021000 rw-p 00000000 00:00 0 
7fa678021000-7fa67c000000 ---p 00000000 00:00 0 
7fa67c000000-7fa67c021000 rw-p 00000000 00:00 0 
7fa67c021000-7fa680000000 ---p 00000000 00:00 0 
7fa680000000-7fa680021000 rw-p 00000000 00:00 0 
7fa680021000-7fa684000000 ---p 00000000 00:00 0 
7fa684000000-7fa688000000 rw-p 00000000 00:00 0 
7fa688d54000-7fa688f54000 rw-p 00000000 00:00 0 
7fa688f54000-7fa689154000 rw-p 00000000 00:00 0 
7fa689154000-7fa689354000 rw-p 00000000 00:00 0 
7fa689354000-7fa689554000 rw-p 00000000 00:00 0 
7fa689554000-7fa689754000 rw-p 00000000 00:00 0 
7fa689754000-7fa689954000 rw-p 00000000 00:00 0 
7fa689954000-7fa68b8a0000 rw-p 00000000 00:00 0 
7fa68b8a0000-7fa6945ff000 ---p 00000000 00:00 0 
7fa6945ff000-7fa6950e2000 rw-p 00000000 00:00 0 
7fa6950e2000-7fa699b54000 ---p 00000000 00:00 0 
7fa699b54000-7fa69b8a0000 rw-p 00000000 00:00 0 
7fa69b8a0000-7fa6a45ff000 ---p 00000000 00:00 0 
7fa6a45ff000-7fa800b70000 rw-p 00000000 00:00 0 
7fa800b70000-7fb14f0a0000 ---p 00000000 00:00 0 
7fb14f0a0000-7fb4f871a000 rw-p 00000000 00:00 0 
7fb769616000-7fc6a4600000 ---p 00000000 00:00 0 
7fc6a478a000-7fc6a49fa000 rwxp 00000000 00:00 0 
7fc6a49fa000-7fc6a4d19000 ---p 00000000 00:00 0 
7fc6a4d19000-7fc6a54b9000 rwxp 00000000 00:00 0 
7fc6a54b9000-7fc6ac251000 ---p 00000000 00:00 0 
7fc6ac251000-7fc6ac4c1000 rwxp 00000000 00:00 0 
7fc6ac4c1000-7fc6b378a000 ---p 00000000 00:00 0 
7fc6b378a000-7fc6bc000000 r--s 00000000 07:06 5215                       /usr/lib/jvm/java-13-openjdk-amd64/lib/modules
7fc6bc000000-7fc6bc80d000 rw-p 00000000 00:00 0 
7fc6bc80d000-7fc6c0000000 ---p 00000000 00:00 0 
7fc6c00c6000-7fc6c00ca000 ---p 00000000 00:00 0 
7fc6c00ca000-7fc6c01c7000 rw-p 00000000 00:00 0 
7fc6c01c7000-7fc6c01cb000 r--p 00000000 07:06 9178                       /usr/lib/x86_64-linux-gnu/libresolv-2.31.so
7fc6c01cb000-7fc6c01db000 r-xp 00004000 07:06 9178                       /usr/lib/x86_64-linux-gnu/libresolv-2.31.so
7fc6c01db000-7fc6c01df000 r--p 00014000 07:06 9178                       /usr/lib/x86_64-linux-gnu/libresolv-2.31.so
7fc6c01df000-7fc6c01e0000 r--p 00017000 07:06 9178                       /usr/lib/x86_64-linux-gnu/libresolv-2.31.so
7fc6c01e0000-7fc6c01e1000 rw-p 00018000 07:06 9178                       /usr/lib/x86_64-linux-gnu/libresolv-2.31.so
7fc6c01e1000-7fc6c01e3000 rw-p 00000000 00:00 0 
7fc6c01e3000-7fc6c01e4000 r--p 00000000 07:06 9105                       /usr/lib/x86_64-linux-gnu/libnss_dns-2.31.so
7fc6c01e4000-7fc6c01e8000 r-xp 00001000 07:06 9105                       /usr/lib/x86_64-linux-gnu/libnss_dns-2.31.so
7fc6c01e8000-7fc6c01e9000 r--p 00005000 07:06 9105                       /usr/lib/x86_64-linux-gnu/libnss_dns-2.31.so
7fc6c01e9000-7fc6c01ea000 r--p 00005000 07:06 9105                       /usr/lib/x86_64-linux-gnu/libnss_dns-2.31.so
7fc6c01ea000-7fc6c01eb000 rw-p 00006000 07:06 9105                       /usr/lib/x86_64-linux-gnu/libnss_dns-2.31.so
7fc6c01eb000-7fc6c01ed000 r--p 00000000 07:06 5202                       /usr/lib/jvm/java-13-openjdk-amd64/lib/libmanagement_ext.so
7fc6c01ed000-7fc6c01f0000 r-xp 00002000 07:06 5202                       /usr/lib/jvm/java-13-openjdk-amd64/lib/libmanagement_ext.so
7fc6c01f0000-7fc6c01f1000 r--p 00005000 07:06 5202                       /usr/lib/jvm/java-13-openjdk-amd64/lib/libmanagement_ext.so
7fc6c01f1000-7fc6c01f2000 ---p 00006000 07:06 5202                       /usr/lib/jvm/java-13-openjdk-amd64/lib/libmanagement_ext.so
7fc6c01f2000-7fc6c01f3000 r--p 00006000 07:06 5202                       /usr/lib/jvm/java-13-openjdk-amd64/lib/libmanagement_ext.so
7fc6c01f3000-7fc6c01f4000 rw-p 00007000 07:06 5202                       /usr/lib/jvm/java-13-openjdk-amd64/lib/libmanagement_ext.so
7fc6c01f4000-7fc6c01f7000 r--p 00000000 07:06 5200                       /usr/lib/jvm/java-13-openjdk-amd64/lib/libmanagement.so
7fc6c01f7000-7fc6c01f8000 r-xp 00003000 07:06 5200                       /usr/lib/jvm/java-13-openjdk-amd64/lib/libmanagement.so
7fc6c01f8000-7fc6c01f9000 r--p 00004000 07:06 5200                       /usr/lib/jvm/java-13-openjdk-amd64/lib/libmanagement.so
7fc6c01f9000-7fc6c01fa000 r--p 00004000 07:06 5200                       /usr/lib/jvm/java-13-openjdk-amd64/lib/libmanagement.so
7fc6c01fa000-7fc6c01fb000 rw-p 00005000 07:06 5200                       /usr/lib/jvm/java-13-openjdk-amd64/lib/libmanagement.so
7fc6c01fb000-7fc6c059b000 rw-p 00000000 00:00 0 
7fc6c059b000-7fc6c079b000 rw-p 00000000 00:00 0 
7fc6c079b000-7fc6c099b000 rw-p 00000000 00:00 0 
7fc6c099b000-7fc6c0b9b000 rw-p 00000000 00:00 0 
7fc6c0b9b000-7fc6c0bcc000 rw-p 00000000 00:00 0 
7fc6c0bcc000-7fc6c0bd0000 r--p 00000000 07:06 5204                       /usr/lib/jvm/java-13-openjdk-amd64/lib/libnet.so
7fc6c0bd0000-7fc6c0bde000 r-xp 00004000 07:06 5204                       /usr/lib/jvm/java-13-openjdk-amd64/lib/libnet.so
7fc6c0bde000-7fc6c0be2000 r--p 00012000 07:06 5204                       /usr/lib/jvm/java-13-openjdk-amd64/lib/libnet.so
7fc6c0be2000-7fc6c0be3000 r--p 00015000 07:06 5204                       /usr/lib/jvm/java-13-openjdk-amd64/lib/libnet.so
7fc6c0be3000-7fc6c0be4000 rw-p 00016000 07:06 5204                       /usr/lib/jvm/java-13-openjdk-amd64/lib/libnet.so
7fc6c0be4000-7fc6c0beb000 r--p 00000000 07:06 5205                       /usr/lib/jvm/java-13-openjdk-amd64/lib/libnio.so
7fc6c0beb000-7fc6c0bf4000 r-xp 00007000 07:06 5205                       /usr/lib/jvm/java-13-openjdk-amd64/lib/libnio.so
7fc6c0bf4000-7fc6c0bf8000 r--p 00010000 07:06 5205                       /usr/lib/jvm/java-13-openjdk-amd64/lib/libnio.so
7fc6c0bf8000-7fc6c0bf9000 r--p 00013000 07:06 5205                       /usr/lib/jvm/java-13-openjdk-amd64/lib/libnio.so
7fc6c0bf9000-7fc6c0bfa000 rw-p 00014000 07:06 5205                       /usr/lib/jvm/java-13-openjdk-amd64/lib/libnio.so
7fc6c0bfa000-7fc6c0bfb000 ---p 00000000 00:00 0 
7fc6c0bfb000-7fc6c0cfc000 rw-p 00000000 00:00 0 
7fc6c0cfc000-7fc6c0d00000 ---p 00000000 00:00 0 
7fc6c0d00000-7fc6c0dfd000 rw-p 00000000 00:00 0 
7fc6c0dfd000-7fc6c0e01000 ---p 00000000 00:00 0 
7fc6c0e01000-7fc6c0efe000 rw-p 00000000 00:00 0 
7fc6c0efe000-7fc6c0f02000 ---p 00000000 00:00 0 
7fc6c0f02000-7fc6c0fff000 rw-p 00000000 00:00 0 
7fc6c0fff000-7fc6c1003000 ---p 00000000 00:00 0 
7fc6c1003000-7fc6c1100000 rw-p 00000000 00:00 0 
7fc6c1100000-7fc6c1104000 ---p 00000000 00:00 0 
7fc6c1104000-7fc6c1201000 rw-p 00000000 00:00 0 
7fc6c1201000-7fc6c1205000 ---p 00000000 00:00 0 
7fc6c1205000-7fc6c1302000 rw-p 00000000 00:00 0 
7fc6c1302000-7fc6c1309000 r--s 00000000 07:06 8532                       /usr/lib/x86_64-linux-gnu/gconv/gconv-modules.cache
7fc6c1309000-7fc6c133b000 r--p 00000000 07:06 5276                       /usr/lib/locale/C.UTF-8/LC_CTYPE
7fc6c133b000-7fc6c133f000 ---p 00000000 00:00 0 
7fc6c133f000-7fc6c143c000 rw-p 00000000 00:00 0 
7fc6c143c000-7fc6c1440000 ---p 00000000 00:00 0 
7fc6c1440000-7fc6c153d000 rw-p 00000000 00:00 0 
7fc6c153d000-7fc6c153e000 ---p 00000000 00:00 0 
7fc6c153e000-7fc6c1f5c000 rw-p 00000000 00:00 0 
7fc6c1f5c000-7fc6c1f61000 rw-p 00000000 00:00 0 
7fc6c1f61000-7fc6c2047000 ---p 00000000 00:00 0 
7fc6c2047000-7fc6c2057000 rw-p 00000000 00:00 0 
7fc6c2057000-7fc6c2132000 ---p 00000000 00:00 0 
7fc6c2132000-7fc6c2137000 rw-p 00000000 00:00 0 
7fc6c2137000-7fc6c213e000 ---p 00000000 00:00 0 
7fc6c213e000-7fc6c2140000 r--p 00000000 07:06 5214                       /usr/lib/jvm/java-13-openjdk-amd64/lib/libzip.so
7fc6c2140000-7fc6c2144000 r-xp 00002000 07:06 5214                       /usr/lib/jvm/java-13-openjdk-amd64/lib/libzip.so
7fc6c2144000-7fc6c2146000 r--p 00006000 07:06 5214                       /usr/lib/jvm/java-13-openjdk-amd64/lib/libzip.so
7fc6c2146000-7fc6c2147000 r--p 00007000 07:06 5214                       /usr/lib/jvm/java-13-openjdk-amd64/lib/libzip.so
7fc6c2147000-7fc6c2148000 rw-p 00008000 07:06 5214                       /usr/lib/jvm/java-13-openjdk-amd64/lib/libzip.so
7fc6c2148000-7fc6c2150000 rw-s 00000000 08:03 67204667                   /tmp/hsperfdata_rcabanas/128463
7fc6c2150000-7fc6c2153000 r--p 00000000 07:06 9108                       /usr/lib/x86_64-linux-gnu/libnss_files-2.31.so
7fc6c2153000-7fc6c215a000 r-xp 00003000 07:06 9108                       /usr/lib/x86_64-linux-gnu/libnss_files-2.31.so
7fc6c215a000-7fc6c215c000 r--p 0000a000 07:06 9108                       /usr/lib/x86_64-linux-gnu/libnss_files-2.31.so
7fc6c215c000-7fc6c215d000 r--p 0000b000 07:06 9108                       /usr/lib/x86_64-linux-gnu/libnss_files-2.31.so
7fc6c215d000-7fc6c215e000 rw-p 0000c000 07:06 9108                       /usr/lib/x86_64-linux-gnu/libnss_files-2.31.so
7fc6c215e000-7fc6c2164000 rw-p 00000000 00:00 0 
7fc6c216a000-7fc6c216c000 r--p 00000000 07:06 5195                       /usr/lib/jvm/java-13-openjdk-amd64/lib/libjimage.so
7fc6c216c000-7fc6c216f000 r-xp 00002000 07:06 5195                       /usr/lib/jvm/java-13-openjdk-amd64/lib/libjimage.so
7fc6c216f000-7fc6c2170000 r--p 00005000 07:06 5195                       /usr/lib/jvm/java-13-openjdk-amd64/lib/libjimage.so
7fc6c2170000-7fc6c2171000 ---p 00006000 07:06 5195                       /usr/lib/jvm/java-13-openjdk-amd64/lib/libjimage.so
7fc6c2171000-7fc6c2172000 r--p 00006000 07:06 5195                       /usr/lib/jvm/java-13-openjdk-amd64/lib/libjimage.so
7fc6c2172000-7fc6c2173000 rw-p 00007000 07:06 5195                       /usr/lib/jvm/java-13-openjdk-amd64/lib/libjimage.so
7fc6c2173000-7fc6c2180000 r--p 00000000 07:06 5191                       /usr/lib/jvm/java-13-openjdk-amd64/lib/libjava.so
7fc6c2180000-7fc6c2195000 r-xp 0000d000 07:06 5191                       /usr/lib/jvm/java-13-openjdk-amd64/lib/libjava.so
7fc6c2195000-7fc6c219b000 r--p 00022000 07:06 5191                       /usr/lib/jvm/java-13-openjdk-amd64/lib/libjava.so
7fc6c219b000-7fc6c219c000 ---p 00028000 07:06 5191                       /usr/lib/jvm/java-13-openjdk-amd64/lib/libjava.so
7fc6c219c000-7fc6c219d000 r--p 00028000 07:06 5191                       /usr/lib/jvm/java-13-openjdk-amd64/lib/libjava.so
7fc6c219d000-7fc6c219f000 rw-p 00029000 07:06 5191                       /usr/lib/jvm/java-13-openjdk-amd64/lib/libjava.so
7fc6c219f000-7fc6c21a4000 r--p 00000000 07:06 5213                       /usr/lib/jvm/java-13-openjdk-amd64/lib/libverify.so
7fc6c21a4000-7fc6c21ab000 r-xp 00005000 07:06 5213                       /usr/lib/jvm/java-13-openjdk-amd64/lib/libverify.so
7fc6c21ab000-7fc6c21ad000 r--p 0000c000 07:06 5213                       /usr/lib/jvm/java-13-openjdk-amd64/lib/libverify.so
7fc6c21ad000-7fc6c21ae000 ---p 0000e000 07:06 5213                       /usr/lib/jvm/java-13-openjdk-amd64/lib/libverify.so
7fc6c21ae000-7fc6c21b0000 r--p 0000e000 07:06 5213                       /usr/lib/jvm/java-13-openjdk-amd64/lib/libverify.so
7fc6c21b0000-7fc6c21b1000 rw-p 00010000 07:06 5213                       /usr/lib/jvm/java-13-openjdk-amd64/lib/libverify.so
7fc6c21b1000-7fc6c21b5000 ---p 00000000 00:00 0 
7fc6c21b5000-7fc6c22b2000 rw-p 00000000 00:00 0 
7fc6c22b2000-7fc6c22b5000 r--p 00000000 07:06 8948                       /usr/lib/x86_64-linux-gnu/libgcc_s.so.1
7fc6c22b5000-7fc6c22c7000 r-xp 00003000 07:06 8948                       /usr/lib/x86_64-linux-gnu/libgcc_s.so.1
7fc6c22c7000-7fc6c22cb000 r--p 00015000 07:06 8948                       /usr/lib/x86_64-linux-gnu/libgcc_s.so.1
7fc6c22cb000-7fc6c22cc000 r--p 00018000 07:06 8948                       /usr/lib/x86_64-linux-gnu/libgcc_s.so.1
7fc6c22cc000-7fc6c22cd000 rw-p 00019000 07:06 8948                       /usr/lib/x86_64-linux-gnu/libgcc_s.so.1
7fc6c22cd000-7fc6c22da000 r--p 00000000 07:06 9062                       /usr/lib/x86_64-linux-gnu/libm-2.31.so
7fc6c22da000-7fc6c2381000 r-xp 0000d000 07:06 9062                       /usr/lib/x86_64-linux-gnu/libm-2.31.so
7fc6c2381000-7fc6c241a000 r--p 000b4000 07:06 9062                       /usr/lib/x86_64-linux-gnu/libm-2.31.so
7fc6c241a000-7fc6c241b000 r--p 0014c000 07:06 9062                       /usr/lib/x86_64-linux-gnu/libm-2.31.so
7fc6c241b000-7fc6c241c000 rw-p 0014d000 07:06 9062                       /usr/lib/x86_64-linux-gnu/libm-2.31.so
7fc6c241c000-7fc6c24b2000 r--p 00000000 07:06 9213                       /usr/lib/x86_64-linux-gnu/libstdc++.so.6.0.28
7fc6c24b2000-7fc6c25a3000 r-xp 00096000 07:06 9213                       /usr/lib/x86_64-linux-gnu/libstdc++.so.6.0.28
7fc6c25a3000-7fc6c25ec000 r--p 00187000 07:06 9213                       /usr/lib/x86_64-linux-gnu/libstdc++.so.6.0.28
7fc6c25ec000-7fc6c25ed000 ---p 001d0000 07:06 9213                       /usr/lib/x86_64-linux-gnu/libstdc++.so.6.0.28
7fc6c25ed000-7fc6c25f8000 r--p 001d0000 07:06 9213                       /usr/lib/x86_64-linux-gnu/libstdc++.so.6.0.28
7fc6c25f8000-7fc6c25fb000 rw-p 001db000 07:06 9213                       /usr/lib/x86_64-linux-gnu/libstdc++.so.6.0.28
7fc6c25fb000-7fc6c25fe000 rw-p 00000000 00:00 0 
7fc6c25fe000-7fc6c2884000 r--p 00000000 07:06 5226                       /usr/lib/jvm/java-13-openjdk-amd64/lib/server/libjvm.so
7fc6c2884000-7fc6c3601000 r-xp 00286000 07:06 5226                       /usr/lib/jvm/java-13-openjdk-amd64/lib/server/libjvm.so
7fc6c3601000-7fc6c387c000 r--p 01003000 07:06 5226                       /usr/lib/jvm/java-13-openjdk-amd64/lib/server/libjvm.so
7fc6c387c000-7fc6c3941000 r--p 0127d000 07:06 5226                       /usr/lib/jvm/java-13-openjdk-amd64/lib/server/libjvm.so
7fc6c3941000-7fc6c397c000 rw-p 01342000 07:06 5226                       /usr/lib/jvm/java-13-openjdk-amd64/lib/server/libjvm.so
7fc6c397c000-7fc6c3a02000 rw-p 00000000 00:00 0 
7fc6c3a02000-7fc6c3a08000 r--p 00000000 07:06 9166                       /usr/lib/x86_64-linux-gnu/libpthread-2.31.so
7fc6c3a08000-7fc6c3a19000 r-xp 00006000 07:06 9166                       /usr/lib/x86_64-linux-gnu/libpthread-2.31.so
7fc6c3a19000-7fc6c3a1f000 r--p 00017000 07:06 9166                       /usr/lib/x86_64-linux-gnu/libpthread-2.31.so
7fc6c3a1f000-7fc6c3a20000 r--p 0001c000 07:06 9166                       /usr/lib/x86_64-linux-gnu/libpthread-2.31.so
7fc6c3a20000-7fc6c3a21000 rw-p 0001d000 07:06 9166                       /usr/lib/x86_64-linux-gnu/libpthread-2.31.so
7fc6c3a21000-7fc6c3a25000 rw-p 00000000 00:00 0 
7fc6c3a25000-7fc6c3a26000 r--p 00000000 07:06 8893                       /usr/lib/x86_64-linux-gnu/libdl-2.31.so
7fc6c3a26000-7fc6c3a28000 r-xp 00001000 07:06 8893                       /usr/lib/x86_64-linux-gnu/libdl-2.31.so
7fc6c3a28000-7fc6c3a29000 r--p 00003000 07:06 8893                       /usr/lib/x86_64-linux-gnu/libdl-2.31.so
7fc6c3a29000-7fc6c3a2a000 r--p 00003000 07:06 8893                       /usr/lib/x86_64-linux-gnu/libdl-2.31.so
7fc6c3a2a000-7fc6c3a2b000 rw-p 00004000 07:06 8893                       /usr/lib/x86_64-linux-gnu/libdl-2.31.so
7fc6c3a2b000-7fc6c3a2d000 r--p 00000000 07:06 9290                       /usr/lib/x86_64-linux-gnu/libz.so.1.2.11
7fc6c3a2d000-7fc6c3a3e000 r-xp 00002000 07:06 9290                       /usr/lib/x86_64-linux-gnu/libz.so.1.2.11
7fc6c3a3e000-7fc6c3a44000 r--p 00013000 07:06 9290                       /usr/lib/x86_64-linux-gnu/libz.so.1.2.11
7fc6c3a44000-7fc6c3a45000 ---p 00019000 07:06 9290                       /usr/lib/x86_64-linux-gnu/libz.so.1.2.11
7fc6c3a45000-7fc6c3a46000 r--p 00019000 07:06 9290                       /usr/lib/x86_64-linux-gnu/libz.so.1.2.11
7fc6c3a46000-7fc6c3a47000 rw-p 0001a000 07:06 9290                       /usr/lib/x86_64-linux-gnu/libz.so.1.2.11
7fc6c3a47000-7fc6c3a69000 r--p 00000000 07:06 8851                       /usr/lib/x86_64-linux-gnu/libc-2.31.so
7fc6c3a69000-7fc6c3be1000 r-xp 00022000 07:06 8851                       /usr/lib/x86_64-linux-gnu/libc-2.31.so
7fc6c3be1000-7fc6c3c2f000 r--p 0019a000 07:06 8851                       /usr/lib/x86_64-linux-gnu/libc-2.31.so
7fc6c3c2f000-7fc6c3c33000 r--p 001e7000 07:06 8851                       /usr/lib/x86_64-linux-gnu/libc-2.31.so
7fc6c3c33000-7fc6c3c35000 rw-p 001eb000 07:06 8851                       /usr/lib/x86_64-linux-gnu/libc-2.31.so
7fc6c3c35000-7fc6c3c39000 rw-p 00000000 00:00 0 
7fc6c3c3b000-7fc6c3c3d000 r--s 0000c000 07:06 20930                      /usr/share/java/java-atk-wrapper.jar
7fc6c3c3d000-7fc6c3c3e000 ---p 00000000 00:00 0 
7fc6c3c3e000-7fc6c3c3f000 r--p 00000000 00:00 0 
7fc6c3c3f000-7fc6c3c42000 r--p 00000000 07:06 5196                       /usr/lib/jvm/java-13-openjdk-amd64/lib/libjli.so
7fc6c3c42000-7fc6c3c4c000 r-xp 00003000 07:06 5196                       /usr/lib/jvm/java-13-openjdk-amd64/lib/libjli.so
7fc6c3c4c000-7fc6c3c4f000 r--p 0000d000 07:06 5196                       /usr/lib/jvm/java-13-openjdk-amd64/lib/libjli.so
7fc6c3c4f000-7fc6c3c50000 r--p 0000f000 07:06 5196                       /usr/lib/jvm/java-13-openjdk-amd64/lib/libjli.so
7fc6c3c50000-7fc6c3c51000 rw-p 00010000 07:06 5196                       /usr/lib/jvm/java-13-openjdk-amd64/lib/libjli.so
7fc6c3c51000-7fc6c3c53000 rw-p 00000000 00:00 0 
7fc6c3c53000-7fc6c3c54000 r--p 00000000 07:06 8572                       /usr/lib/x86_64-linux-gnu/ld-2.31.so
7fc6c3c54000-7fc6c3c77000 r-xp 00001000 07:06 8572                       /usr/lib/x86_64-linux-gnu/ld-2.31.so
7fc6c3c77000-7fc6c3c7f000 r--p 00024000 07:06 8572                       /usr/lib/x86_64-linux-gnu/ld-2.31.so
7fc6c3c7f000-7fc6c3c80000 ---p 00000000 00:00 0 
7fc6c3c80000-7fc6c3c81000 r--p 0002c000 07:06 8572                       /usr/lib/x86_64-linux-gnu/ld-2.31.so
7fc6c3c81000-7fc6c3c82000 rw-p 0002d000 07:06 8572                       /usr/lib/x86_64-linux-gnu/ld-2.31.so
7fc6c3c82000-7fc6c3c83000 rw-p 00000000 00:00 0 
7ffc49af3000-7ffc49b14000 rw-p 00000000 00:00 0                          [stack]
7ffc49bb0000-7ffc49bb2000 r-xp 00000000 00:00 0                          [vdso]
ffffffffff600000-ffffffffff601000 r-xp 00000000 00:00 0                  [vsyscall]


VM Arguments:
jvm_args: -Xmx128g --add-modules=ALL-DEFAULT 
java_command: jdk.compiler/com.sun.tools.javac.launcher.Main /mnt/beegfs/rcabanas/dev/credici/papers/zeros/code/GenerateNparents.java -np 2 -nzr 0.8 -zdr 0.5 -o /mnt/beegfs/rcabanas/dev/credici/papers/zeros/models/s3 -rw -s 93 -ys 3
java_class_path (initial): /mnt/beegfs/rcabanas/dev/credici/target/credici-0.1.5-dev-SNAPSHOT-jar-with-dependencies.jar
Launcher Type: SUN_STANDARD

[Global flags]
     intx CICompilerCount                          = 2                                         {product} {ergonomic}
   size_t InitialHeapSize                          = 2147483648                                {product} {ergonomic}
   size_t MaxHeapSize                              = 137438953472                              {product} {command line}
   size_t MaxNewSize                               = 45812940800                               {product} {ergonomic}
   size_t MinHeapDeltaBytes                        = 196608                                    {product} {ergonomic}
   size_t MinHeapSize                              = 8388608                                   {product} {ergonomic}
   size_t NewSize                                  = 715784192                                 {product} {ergonomic}
    uintx NonNMethodCodeHeapSize                   = 5826188                                {pd product} {ergonomic}
    uintx NonProfiledCodeHeapSize                  = 122916026                              {pd product} {ergonomic}
   size_t OldSize                                  = 1431699456                                {product} {ergonomic}
    uintx ProfiledCodeHeapSize                     = 122916026                              {pd product} {ergonomic}
    uintx ReservedCodeCacheSize                    = 251658240                              {pd product} {ergonomic}
     bool SegmentedCodeCache                       = true                                      {product} {ergonomic}
   size_t SoftMaxHeapSize                          = 137438953472                           {manageable} {ergonomic}
     bool UseSerialGC                              = true                                      {product} {ergonomic}

Logging:
Log output configuration:
 #0: stdout all=warning uptime,level,tags
 #1: stderr all=off uptime,level,tags

Environment Variables:
PATH=/usr/local/sbin:/usr/local/bin:/usr/sbin:/usr/bin:/sbin:/bin
LD_LIBRARY_PATH=/.singularity.d/libs

Signal Handlers:
SIGSEGV: [libjvm.so+0xf8fcf0], sa_mask[0]=11111111011111111101111111111110, sa_flags=SA_RESTART|SA_SIGINFO
SIGBUS: [libjvm.so+0xf8fcf0], sa_mask[0]=11111111011111111101111111111110, sa_flags=SA_RESTART|SA_SIGINFO
SIGFPE: [libjvm.so+0xf8fcf0], sa_mask[0]=11111111011111111101111111111110, sa_flags=SA_RESTART|SA_SIGINFO
SIGPIPE: [libjvm.so+0xc3ffa0], sa_mask[0]=11111111011111111101111111111110, sa_flags=SA_RESTART|SA_SIGINFO
SIGXFSZ: [libjvm.so+0xc3ffa0], sa_mask[0]=11111111011111111101111111111110, sa_flags=SA_RESTART|SA_SIGINFO
SIGILL: [libjvm.so+0xf8fcf0], sa_mask[0]=11111111011111111101111111111110, sa_flags=SA_RESTART|SA_SIGINFO
SIGUSR2: [libjvm.so+0xc3fe40], sa_mask[0]=00000000000000000000000000000000, sa_flags=SA_RESTART|SA_SIGINFO
SIGHUP: [libjvm.so+0xc40580], sa_mask[0]=11111111011111111101111111111110, sa_flags=SA_RESTART|SA_SIGINFO
SIGINT: [libjvm.so+0xc40580], sa_mask[0]=11111111011111111101111111111110, sa_flags=SA_RESTART|SA_SIGINFO
SIGTERM: [libjvm.so+0xc40580], sa_mask[0]=11111111011111111101111111111110, sa_flags=SA_RESTART|SA_SIGINFO
SIGQUIT: [libjvm.so+0xc40580], sa_mask[0]=11111111011111111101111111111110, sa_flags=SA_RESTART|SA_SIGINFO


---------------  S Y S T E M  ---------------

OS:DISTRIB_ID=Ubuntu
DISTRIB_RELEASE=20.04
DISTRIB_CODENAME=focal
DISTRIB_DESCRIPTION="Ubuntu 20.04.4 LTS"
uname:Linux 3.10.0-1160.15.2.el7.x86_64 #1 SMP Wed Feb 3 15:06:38 UTC 2021 x86_64
OS uptime: 928 days 20:14 hours
libc:glibc 2.31 NPTL 2.31 
rlimit (soft/hard): STACK 8192k/infinity , CORE 0k/infinity , NPROC 4096/1030157 , NOFILE 131072/131072 , AS infinity/infinity , CPU infinity/infinity , DATA infinity/infinity , FSIZE infinity/infinity , MEMLOCK infinity/infinity
load average:17.19 17.32 16.31

/proc/meminfo:
MemTotal:       263800832 kB
MemFree:         7591440 kB
MemAvailable:    7359744 kB
Buffers:           96708 kB
Cached:          2320272 kB
SwapCached:       281092 kB
Active:         241536476 kB
Inactive:        5522032 kB
Active(anon):   241416876 kB
Inactive(anon):  5191908 kB
Active(file):     119600 kB
Inactive(file):   330124 kB
Unevictable:       15716 kB
Mlocked:           15716 kB
SwapTotal:       4194300 kB
SwapFree:          27844 kB
Dirty:               384 kB
Writeback:             0 kB
AnonPages:      244445052 kB
Mapped:           135436 kB
Shmem:           1962556 kB
Slab:             564620 kB
SReclaimable:     178004 kB
SUnreclaim:       386616 kB
KernelStack:       27232 kB
PageTables:       524300 kB
NFS_Unstable:          0 kB
Bounce:                0 kB
WritebackTmp:          0 kB
CommitLimit:    136094716 kB
Committed_AS:   274915564 kB
VmallocTotal:   34359738367 kB
VmallocUsed:      908100 kB
VmallocChunk:   34224559632 kB
Percpu:            69632 kB
HardwareCorrupted:     0 kB
AnonHugePages:  112629760 kB
CmaTotal:              0 kB
CmaFree:               0 kB
HugePages_Total:       0
HugePages_Free:        0
HugePages_Rsvd:        0
HugePages_Surp:        0
Hugepagesize:       2048 kB
DirectMap4k:      622792 kB
DirectMap2M:    27551744 kB
DirectMap1G:    240123904 kB

/sys/kernel/mm/transparent_hugepage/enabled:
[always] madvise never

/sys/kernel/mm/transparent_hugepage/defrag (defrag/compaction efforts parameter):
[always] madvise never


/proc/sys/kernel/threads-max (system-wide limit on the number of threads):
2060314


/proc/sys/vm/max_map_count (maximum number of memory map areas a process may have):
65530


/proc/sys/kernel/pid_max (system-wide limit on number of process identifiers):
262144



Steal ticks since vm start: 0
Steal ticks percentage since vm start:  0.000

CPU:total 64 (initial active 1) (32 cores per cpu, 1 threads per core) family 23 model 49 stepping 0, cmov, cx8, fxsr, mmx, sse, sse2, sse3, ssse3, sse4.1, sse4.2, popcnt, avx, avx2, aes, clmul, mmxext, 3dnowpref, lzcnt, sse4a, tsc, tscinvbit, tscinv, bmi1, bmi2, adx, sha, fma
CPU Model and flags from /proc/cpuinfo:
model name	: AMD EPYC 7542 32-Core Processor
flags		: fpu vme de pse tsc msr pae mce cx8 apic sep mtrr pge mca cmov pat pse36 clflush mmx fxsr sse sse2 ht syscall nx mmxext fxsr_opt pdpe1gb rdtscp lm constant_tsc art rep_good nopl nonstop_tsc extd_apicid aperfmperf eagerfpu pni pclmulqdq monitor ssse3 fma cx16 sse4_1 sse4_2 movbe popcnt aes xsave avx f16c rdrand lahf_lm cmp_legacy svm extapic cr8_legacy abm sse4a misalignsse 3dnowprefetch osvw ibs skinit wdt tce topoext perfctr_core perfctr_nb bpext perfctr_l2 cpb cat_l3 cdp_l3 hw_pstate sme retpoline_amd ssbd ibrs ibpb stibp vmmcall fsgsbase bmi1 avx2 smep bmi2 cqm rdt_a rdseed adx smap clflushopt clwb sha_ni xsaveopt xsavec xgetbv1 cqm_llc cqm_occup_llc cqm_mbm_total cqm_mbm_local clzero irperf xsaveerptr arat npt lbrv svm_lock nrip_save tsc_scale vmcb_clean flushbyasid decodeassists pausefilter pfthreshold avic v_vmsave_vmload vgif umip overflow_recov succor smca
Online cpus:0-63
Offline cpus:64-255
BIOS frequency limitation:2900000
Frequency switch latency (ns):0
Available cpu frequencies:2900000 2400000 1500000 
Current governor:conservative
Core performance/turbo boost:1

Memory: 4k page, physical 263800832k(7590904k free), swap 4194300k(27844k free)

vm_info: OpenJDK 64-Bit Server VM (13.0.7+5-Ubuntu-0ubuntu120.04) for linux-amd64 JRE (13.0.7+5-Ubuntu-0ubuntu120.04), built on Apr 21 2021 05:36:19 by "unknown" with gcc 9.3.0

END.
