#
# There is insufficient memory for the Java Runtime Environment to continue.
# Native memory allocation (mmap) failed to map 2784641024 bytes for committing reserved memory.
# Possible reasons:
#   The system is out of physical RAM or swap space
# Possible solutions:
#   Reduce memory load on the system
#   Increase physical memory or swap space
#   Check if swap backing store is full
#   Decrease Java heap size (-Xmx/-Xms)
#   Decrease number of Java threads
#   Decrease Java thread stack sizes (-Xss)
#   Set larger code cache with -XX:ReservedCodeCacheSize=
# This output file may be truncated or incomplete.
#
#  Out of Memory Error (os_linux.cpp:2899), pid=5751, tid=5766
#
# JRE version: OpenJDK Runtime Environment (13.0.7+5) (build 13.0.7+5-Ubuntu-0ubuntu120.04)
# Java VM: OpenJDK 64-Bit Server VM (13.0.7+5-Ubuntu-0ubuntu120.04, mixed mode, tiered, serial gc, linux-amd64)
# No core dump will be written. Core dumps have been disabled. To enable core dumping, try "ulimit -c unlimited" before starting Java again
#

---------------  S U M M A R Y ------------

Command Line: -Xmx128g --add-modules=ALL-DEFAULT jdk.compiler/com.sun.tools.javac.launcher.Main /mnt/beegfs/rcabanas/dev/credici/papers/zeros/code/GenerateNparents.java -np 2 -nzr 0.4 -zdr 0.5 -o /mnt/beegfs/rcabanas/dev/credici/papers/zeros/models/s3 -rw -s 97 -ys 3

Host: AMD EPYC 7542 32-Core Processor, 64 cores, 251G, Ubuntu 20.04.4 LTS
Time: Mon Oct 14 13:12:39 2024 CEST elapsed time: 2293.329757 seconds (0d 0h 38m 13s)

---------------  T H R E A D  ---------------

Current thread (0x00007f0fc4097800):  VMThread "VM Thread" [stack: 0x00007f0fc989b000,0x00007f0fc999b000] [id=5766]

Stack: [0x00007f0fc989b000,0x00007f0fc999b000],  sp=0x00007f0fc9999160,  free space=1016k
Native frames: (J=compiled Java code, A=aot compiled Java code, j=interpreted, Vv=VM code, C=native code)
V  [libjvm.so+0xf8f092]
V  [libjvm.so+0xf8fc91]
V  [libjvm.so+0x66ee5a]
V  [libjvm.so+0xc44a41]
V  [libjvm.so+0xc3b263]
V  [libjvm.so+0xf87f4b]
V  [libjvm.so+0x557506]
V  [libjvm.so+0x557723]
V  [libjvm.so+0xf18b0c]
V  [libjvm.so+0x557e65]
V  [libjvm.so+0x7e2edb]
V  [libjvm.so+0x7e39bd]
V  [libjvm.so+0x7d8b48]
V  [libjvm.so+0xf90940]
V  [libjvm.so+0xf96657]
V  [libjvm.so+0xf96d2b]
V  [libjvm.so+0xf9706a]
V  [libjvm.so+0xf2208f]
V  [libjvm.so+0xc493ff]

VM_Operation (0x00007f0fca60b240): GenCollectForAllocation, mode: safepoint, requested by thread 0x00007f0fc4018000


---------------  P R O C E S S  ---------------

Threads class SMR info:
_java_thread_list=0x00007eef680012a0, length=9, elements={
0x00007f0fc4018000, 0x00007f0fc40a3800, 0x00007f0fc40a7000, 0x00007f0fc40cb000,
0x00007f0fc40cd000, 0x00007f0fc40cf000, 0x00007f0fc40d1000, 0x00007f0fc40d3000,
0x00007f0fc4135000
}

Java Threads: ( => current thread )
  0x00007f0fc4018000 JavaThread "main" [_thread_blocked, id=5753, stack(0x00007f0fca50d000,0x00007f0fca60e000)]
  0x00007f0fc40a3800 JavaThread "Reference Handler" daemon [_thread_blocked, id=5767, stack(0x00007f0fc9798000,0x00007f0fc9899000)]
  0x00007f0fc40a7000 JavaThread "Finalizer" daemon [_thread_blocked, id=5768, stack(0x00007f0fc9697000,0x00007f0fc9798000)]
  0x00007f0fc40cb000 JavaThread "Signal Dispatcher" daemon [_thread_blocked, id=5771, stack(0x00007f0fc955d000,0x00007f0fc965e000)]
  0x00007f0fc40cd000 JavaThread "Service Thread" daemon [_thread_blocked, id=5772, stack(0x00007f0fc945c000,0x00007f0fc955d000)]
  0x00007f0fc40cf000 JavaThread "C2 CompilerThread0" daemon [_thread_blocked, id=5774, stack(0x00007f0fc935b000,0x00007f0fc945c000)]
  0x00007f0fc40d1000 JavaThread "C1 CompilerThread0" daemon [_thread_blocked, id=5775, stack(0x00007f0fc925a000,0x00007f0fc935b000)]
  0x00007f0fc40d3000 JavaThread "Sweeper thread" daemon [_thread_blocked, id=5776, stack(0x00007f0fc9159000,0x00007f0fc925a000)]
  0x00007f0fc4135000 JavaThread "Common-Cleaner" daemon [_thread_blocked, id=5789, stack(0x00007f0fc9058000,0x00007f0fc9159000)]

Other Threads:
=>0x00007f0fc4097800 VMThread "VM Thread" [stack: 0x00007f0fc989b000,0x00007f0fc999b000] [id=5766]
  0x00007f0fc4181800 WatcherThread [stack: 0x00007f0fc8f58000,0x00007f0fc9058000] [id=5799]

Threads with active compile tasks:

VM state:at safepoint (normal execution)

VM Mutex/Monitor currently owned by a thread:  ([mutex/lock_event])
[0x00007f0fc40140d0] Threads_lock - owner thread: 0x00007f0fc4097800
[0x00007f0fc4014cd0] Heap_lock - owner thread: 0x00007f0fc4018000

Heap:
 def new generation   total 1537152K, used 55149K [0x00007eefac600000, 0x00007ef0149e0000, 0x00007efa570a0000)
  eden space 1366400K,   4% used [0x00007eefac600000, 0x00007eefafbdb6d0, 0x00007eefffc60000)
  from space 170752K,   0% used [0x00007eefffc60000, 0x00007eefffc60000, 0x00007ef00a320000)
  to   space 170752K,   0% used [0x00007ef00a320000, 0x00007ef00a320000, 0x00007ef0149e0000)
 tenured generation   total 4079064K, used 4079063K [0x00007efa570a0000, 0x00007efb50016000, 0x00007f0fac600000)
   the space 4079064K,  99% used [0x00007efa570a0000, 0x00007efb50015e18, 0x00007efb50016000, 0x00007efb50016000)
 Metaspace       used 31085K, capacity 31543K, committed 31744K, reserved 32768K

Card table byte_map: [0x00007eef9c5ff000,0x00007eefac600000] _byte_map_base: 0x00007eb02489c000

Polling page: 0x00007f0fcbf99000

Metaspace:

Usage:
   30.80 MB capacity,    30.36 MB ( 99%) used,   349.34 KB (  1%) free+waste,   108.62 KB ( <1%) overhead. 

Virtual space:
     32.00 MB reserved,      31.00 MB ( 97%) committed 

Chunk freelists:
93.00 KB

MaxMetaspaceSize: unlimited


CodeHeap 'non-profiled nmethods': size=120036Kb used=2603Kb max_used=2860Kb free=117432Kb
 bounds [0x00007f0fb4251000, 0x00007f0fb4521000, 0x00007f0fbb78a000]
CodeHeap 'profiled nmethods': size=120032Kb used=6428Kb max_used=8255Kb free=113603Kb
 bounds [0x00007f0facd19000, 0x00007f0fad529000, 0x00007f0fb4251000]
CodeHeap 'non-nmethods': size=5692Kb used=1252Kb max_used=1314Kb free=4439Kb
 bounds [0x00007f0fac78a000, 0x00007f0fac9fa000, 0x00007f0facd19000]
 total_blobs=4259 nmethods=3724 adapters=450
 compilation: enabled
              stopped_count=0, restarted_count=0
 full_count=0

Compilation events (20 events):
Event: 2280.335 Thread 0x00007f0fc40cf000 4720       4       ch.idsia.crema.model.Strides::getIterator (177 bytes)
Event: 2280.361 Thread 0x00007f0fc40cf000 nmethod 4720 0x00007f0fb4369a10 code [0x00007f0fb4369bc0, 0x00007f0fb436a478]
Event: 2280.361 Thread 0x00007f0fc40cf000 4719       4       ch.idsia.crema.utility.IndexIterator::hasNext (13 bytes)
Event: 2280.362 Thread 0x00007f0fc40cf000 nmethod 4719 0x00007f0fb4369610 code [0x00007f0fb4369780, 0x00007f0fb43697d8]
Event: 2281.567 Thread 0x00007f0fc40cf000 4721       4       ch.idsia.crema.factor.credal.vertex.VertexFactor::multiply (4 bytes)
Event: 2281.568 Thread 0x00007f0fc40cf000 nmethod 4721 0x00007f0fb439e790 code [0x00007f0fb439e900, 0x00007f0fb439e958]
Event: 2281.575 Thread 0x00007f0fc40d1000 4722 %     3       ch.idsia.crema.factor.credal.vertex.VertexFactor::combine @ 268 (347 bytes)
Event: 2281.578 Thread 0x00007f0fc40d1000 nmethod 4722% 0x00007f0fad50a810 code [0x00007f0fad50abe0, 0x00007f0fad50c750]
Event: 2281.578 Thread 0x00007f0fc40d1000 4723       3       ch.idsia.crema.factor.credal.vertex.VertexFactor::combine (347 bytes)
Event: 2281.580 Thread 0x00007f0fc40d1000 nmethod 4723 0x00007f0fad3c7f90 code [0x00007f0fad3c8340, 0x00007f0fad3c98f0]
Event: 2281.581 Thread 0x00007f0fc40cf000 4724 %     4       ch.idsia.crema.factor.credal.vertex.VertexFactor::combine @ 268 (347 bytes)
Event: 2281.616 Thread 0x00007f0fc40cf000 nmethod 4724% 0x00007f0fb439ce90 code [0x00007f0fb439d080, 0x00007f0fb439deb8]
Event: 2285.117 Thread 0x00007f0fc40d1000 4725 %     3       ch.idsia.crema.factor.credal.vertex.VertexFactor::combine @ 268 (347 bytes)
Event: 2285.120 Thread 0x00007f0fc40d1000 nmethod 4725% 0x00007f0facd71d10 code [0x00007f0facd720c0, 0x00007f0facd73bd0]
Event: 2285.122 Thread 0x00007f0fc40cf000 4726 %     4       ch.idsia.crema.factor.credal.vertex.VertexFactor::combine @ 268 (347 bytes)
Event: 2285.177 Thread 0x00007f0fc40cf000 nmethod 4726% 0x00007f0fb440eb10 code [0x00007f0fb440ed40, 0x00007f0fb440fe40]
Event: 2287.481 Thread 0x00007f0fc40cf000 4727 %     4       ch.idsia.crema.factor.credal.vertex.VertexFactor::reseparate @ 267 (373 bytes)
Event: 2287.940 Thread 0x00007f0fc40cf000 nmethod 4727% 0x00007f0fb44b7110 code [0x00007f0fb44b74c0, 0x00007f0fb44ba480]
Event: 2287.941 Thread 0x00007f0fc40cf000 4728       4       ch.idsia.crema.factor.credal.vertex.VertexFactor::reseparate (373 bytes)
Event: 2288.380 Thread 0x00007f0fc40cf000 nmethod 4728 0x00007f0fb4440b10 code [0x00007f0fb4440ee0, 0x00007f0fb4444348]

GC Heap History (20 events):
Event: 2275.291 GC heap after
{Heap after GC invocations=3068 (full 1):
 def new generation   total 629248K, used 69888K [0x00007eefac600000, 0x00007eefd70c0000, 0x00007efa570a0000)
  eden space 559360K,   0% used [0x00007eefac600000, 0x00007eefac600000, 0x00007eefce840000)
  from space 69888K, 100% used [0x00007eefd2c80000, 0x00007eefd70c0000, 0x00007eefd70c0000)
  to   space 69888K,   0% used [0x00007eefce840000, 0x00007eefce840000, 0x00007eefd2c80000)
 tenured generation   total 1450176K, used 1450071K [0x00007efa570a0000, 0x00007efaaf8d0000, 0x00007f0fac600000)
   the space 1450176K,  99% used [0x00007efa570a0000, 0x00007efaaf8b5d28, 0x00007efaaf8b5e00, 0x00007efaaf8d0000)
 Metaspace       used 30576K, capacity 31065K, committed 31232K, reserved 32768K
}
Event: 2275.291 GC heap before
{Heap before GC invocations=3068 (full 1):
 def new generation   total 629248K, used 69888K [0x00007eefac600000, 0x00007eefd70c0000, 0x00007efa570a0000)
  eden space 559360K,   0% used [0x00007eefac600000, 0x00007eefac600000, 0x00007eefce840000)
  from space 69888K, 100% used [0x00007eefd2c80000, 0x00007eefd70c0000, 0x00007eefd70c0000)
  to   space 69888K,   0% used [0x00007eefce840000, 0x00007eefce840000, 0x00007eefd2c80000)
 tenured generation   total 1450176K, used 1450071K [0x00007efa570a0000, 0x00007efaaf8d0000, 0x00007f0fac600000)
   the space 1450176K,  99% used [0x00007efa570a0000, 0x00007efaaf8b5d28, 0x00007efaaf8b5e00, 0x00007efaaf8d0000)
 Metaspace       used 30576K, capacity 31065K, committed 31232K, reserved 32768K
}
Event: 2276.526 GC heap after
{Heap after GC invocations=3068 (full 2):
 def new generation   total 629248K, used 0K [0x00007eefac600000, 0x00007eefd70c0000, 0x00007efa570a0000)
  eden space 559360K,   0% used [0x00007eefac600000, 0x00007eefac600000, 0x00007eefce840000)
  from space 69888K,   0% used [0x00007eefd2c80000, 0x00007eefd2c80000, 0x00007eefd70c0000)
  to   space 69888K,   0% used [0x00007eefce840000, 0x00007eefce840000, 0x00007eefd2c80000)
 tenured generation   total 1398144K, used 599462K [0x00007efa570a0000, 0x00007efaac600000, 0x00007f0fac600000)
   the space 1398144K,  42% used [0x00007efa570a0000, 0x00007efa7ba099e0, 0x00007efa7ba09a00, 0x00007efaac600000)
 Metaspace       used 30576K, capacity 31065K, committed 31232K, reserved 32768K
}
Event: 2277.068 GC heap before
{Heap before GC invocations=3068 (full 2):
 def new generation   total 629248K, used 559360K [0x00007eefac600000, 0x00007eefd70c0000, 0x00007efa570a0000)
  eden space 559360K, 100% used [0x00007eefac600000, 0x00007eefce840000, 0x00007eefce840000)
  from space 69888K,   0% used [0x00007eefd2c80000, 0x00007eefd2c80000, 0x00007eefd70c0000)
  to   space 69888K,   0% used [0x00007eefce840000, 0x00007eefce840000, 0x00007eefd2c80000)
 tenured generation   total 1398144K, used 599462K [0x00007efa570a0000, 0x00007efaac600000, 0x00007f0fac600000)
   the space 1398144K,  42% used [0x00007efa570a0000, 0x00007efa7ba099e0, 0x00007efa7ba09a00, 0x00007efaac600000)
 Metaspace       used 30638K, capacity 31095K, committed 31232K, reserved 32768K
}
Event: 2277.703 GC heap after
{Heap after GC invocations=3069 (full 2):
 def new generation   total 629248K, used 69887K [0x00007eefac600000, 0x00007eefd70c0000, 0x00007efa570a0000)
  eden space 559360K,   0% used [0x00007eefac600000, 0x00007eefac600000, 0x00007eefce840000)
  from space 69888K,  99% used [0x00007eefce840000, 0x00007eefd2c7fff8, 0x00007eefd2c80000)
  to   space 69888K,   0% used [0x00007eefd2c80000, 0x00007eefd2c80000, 0x00007eefd70c0000)
 tenured generation   total 1398144K, used 1087984K [0x00007efa570a0000, 0x00007efaac600000, 0x00007f0fac600000)
   the space 1398144K,  77% used [0x00007efa570a0000, 0x00007efa9971c3c8, 0x00007efa9971c400, 0x00007efaac600000)
 Metaspace       used 30638K, capacity 31095K, committed 31232K, reserved 32768K
}
Event: 2278.223 GC heap before
{Heap before GC invocations=3069 (full 2):
 def new generation   total 629248K, used 629247K [0x00007eefac600000, 0x00007eefd70c0000, 0x00007efa570a0000)
  eden space 559360K, 100% used [0x00007eefac600000, 0x00007eefce840000, 0x00007eefce840000)
  from space 69888K,  99% used [0x00007eefce840000, 0x00007eefd2c7fff8, 0x00007eefd2c80000)
  to   space 69888K,   0% used [0x00007eefd2c80000, 0x00007eefd2c80000, 0x00007eefd70c0000)
 tenured generation   total 1398144K, used 1087984K [0x00007efa570a0000, 0x00007efaac600000, 0x00007f0fac600000)
   the space 1398144K,  77% used [0x00007efa570a0000, 0x00007efa9971c3c8, 0x00007efa9971c400, 0x00007efaac600000)
 Metaspace       used 31074K, capacity 31543K, committed 31744K, reserved 32768K
}
Event: 2279.002 GC heap after
{Heap after GC invocations=3070 (full 2):
 def new generation   total 629248K, used 69888K [0x00007eefac600000, 0x00007eefd70c0000, 0x00007efa570a0000)
  eden space 559360K,   0% used [0x00007eefac600000, 0x00007eefac600000, 0x00007eefce840000)
  from space 69888K, 100% used [0x00007eefd2c80000, 0x00007eefd70c0000, 0x00007eefd70c0000)
  to   space 69888K,   0% used [0x00007eefce840000, 0x00007eefce840000, 0x00007eefd2c80000)
 tenured generation   total 1644656K, used 1644590K [0x00007efa570a0000, 0x00007efabb6bc000, 0x00007f0fac600000)
   the space 1644656K,  99% used [0x00007efa570a0000, 0x00007efabb6ab9a0, 0x00007efabb6aba00, 0x00007efabb6bc000)
 Metaspace       used 31074K, capacity 31543K, committed 31744K, reserved 32768K
}
Event: 2279.002 GC heap before
{Heap before GC invocations=3070 (full 2):
 def new generation   total 629248K, used 69888K [0x00007eefac600000, 0x00007eefd70c0000, 0x00007efa570a0000)
  eden space 559360K,   0% used [0x00007eefac600000, 0x00007eefac600000, 0x00007eefce840000)
  from space 69888K, 100% used [0x00007eefd2c80000, 0x00007eefd70c0000, 0x00007eefd70c0000)
  to   space 69888K,   0% used [0x00007eefce840000, 0x00007eefce840000, 0x00007eefd2c80000)
 tenured generation   total 1644656K, used 1644590K [0x00007efa570a0000, 0x00007efabb6bc000, 0x00007f0fac600000)
   the space 1644656K,  99% used [0x00007efa570a0000, 0x00007efabb6ab9a0, 0x00007efabb6aba00, 0x00007efabb6bc000)
 Metaspace       used 31074K, capacity 31543K, committed 31744K, reserved 32768K
}
Event: 2280.158 GC heap after
{Heap after GC invocations=3070 (full 3):
 def new generation   total 860544K, used 0K [0x00007eefac600000, 0x00007eefe6bb0000, 0x00007efa570a0000)
  eden space 764992K,   0% used [0x00007eefac600000, 0x00007eefac600000, 0x00007eefdb110000)
  from space 95552K,   0% used [0x00007eefdb110000, 0x00007eefdb110000, 0x00007eefe0e60000)
  to   space 95552K,   0% used [0x00007eefe0e60000, 0x00007eefe0e60000, 0x00007eefe6bb0000)
 tenured generation   total 1912152K, used 1147289K [0x00007efa570a0000, 0x00007efacbbf6000, 0x00007f0fac600000)
   the space 1912152K,  59% used [0x00007efa570a0000, 0x00007efa9d106640, 0x00007efa9d106800, 0x00007efacbbf6000)
 Metaspace       used 31074K, capacity 31543K, committed 31744K, reserved 32768K
}
Event: 2280.962 GC heap before
{Heap before GC invocations=3070 (full 3):
 def new generation   total 860544K, used 764992K [0x00007eefac600000, 0x00007eefe6bb0000, 0x00007efa570a0000)
  eden space 764992K, 100% used [0x00007eefac600000, 0x00007eefdb110000, 0x00007eefdb110000)
  from space 95552K,   0% used [0x00007eefdb110000, 0x00007eefdb110000, 0x00007eefe0e60000)
  to   space 95552K,   0% used [0x00007eefe0e60000, 0x00007eefe0e60000, 0x00007eefe6bb0000)
 tenured generation   total 1912152K, used 1147289K [0x00007efa570a0000, 0x00007efacbbf6000, 0x00007f0fac600000)
   the space 1912152K,  59% used [0x00007efa570a0000, 0x00007efa9d106640, 0x00007efa9d106800, 0x00007efacbbf6000)
 Metaspace       used 31081K, capacity 31543K, committed 31744K, reserved 32768K
}
Event: 2281.373 GC heap after
{Heap after GC invocations=3071 (full 3):
 def new generation   total 860544K, used 95551K [0x00007eefac600000, 0x00007eefe6bb0000, 0x00007efa570a0000)
  eden space 764992K,   0% used [0x00007eefac600000, 0x00007eefac600000, 0x00007eefdb110000)
  from space 95552K,  99% used [0x00007eefe0e60000, 0x00007eefe6baff18, 0x00007eefe6bb0000)
  to   space 95552K,   0% used [0x00007eefdb110000, 0x00007eefdb110000, 0x00007eefe0e60000)
 tenured generation   total 1912152K, used 1503256K [0x00007efa570a0000, 0x00007efacbbf6000, 0x00007f0fac600000)
   the space 1912152K,  78% used [0x00007efa570a0000, 0x00007efab2ca62e0, 0x00007efab2ca6400, 0x00007efacbbf6000)
 Metaspace       used 31081K, capacity 31543K, committed 31744K, reserved 32768K
}
Event: 2282.449 GC heap before
{Heap before GC invocations=3071 (full 3):
 def new generation   total 860544K, used 860543K [0x00007eefac600000, 0x00007eefe6bb0000, 0x00007efa570a0000)
  eden space 764992K, 100% used [0x00007eefac600000, 0x00007eefdb110000, 0x00007eefdb110000)
  from space 95552K,  99% used [0x00007eefe0e60000, 0x00007eefe6baff18, 0x00007eefe6bb0000)
  to   space 95552K,   0% used [0x00007eefdb110000, 0x00007eefdb110000, 0x00007eefe0e60000)
 tenured generation   total 1912152K, used 1503256K [0x00007efa570a0000, 0x00007efacbbf6000, 0x00007f0fac600000)
   the space 1912152K,  78% used [0x00007efa570a0000, 0x00007efab2ca62e0, 0x00007efab2ca6400, 0x00007efacbbf6000)
 Metaspace       used 31085K, capacity 31543K, committed 31744K, reserved 32768K
}
Event: 2282.935 GC heap after
{Heap after GC invocations=3072 (full 3):
 def new generation   total 860544K, used 95550K [0x00007eefac600000, 0x00007eefe6bb0000, 0x00007efa570a0000)
  eden space 764992K,   0% used [0x00007eefac600000, 0x00007eefac600000, 0x00007eefdb110000)
  from space 95552K,  99% used [0x00007eefdb110000, 0x00007eefe0e5fb10, 0x00007eefe0e60000)
  to   space 95552K,   0% used [0x00007eefe0e60000, 0x00007eefe0e60000, 0x00007eefe6bb0000)
 tenured generation   total 2049432K, used 2049277K [0x00007efa570a0000, 0x00007efad4206000, 0x00007f0fac600000)
   the space 2049432K,  99% used [0x00007efa570a0000, 0x00007efad41df558, 0x00007efad41df600, 0x00007efad4206000)
 Metaspace       used 31085K, capacity 31543K, committed 31744K, reserved 32768K
}
Event: 2282.935 GC heap before
{Heap before GC invocations=3072 (full 3):
 def new generation   total 860544K, used 95550K [0x00007eefac600000, 0x00007eefe6bb0000, 0x00007efa570a0000)
  eden space 764992K,   0% used [0x00007eefac600000, 0x00007eefac600000, 0x00007eefdb110000)
  from space 95552K,  99% used [0x00007eefdb110000, 0x00007eefe0e5fb10, 0x00007eefe0e60000)
  to   space 95552K,   0% used [0x00007eefe0e60000, 0x00007eefe0e60000, 0x00007eefe6bb0000)
 tenured generation   total 2049432K, used 2049277K [0x00007efa570a0000, 0x00007efad4206000, 0x00007f0fac600000)
   the space 2049432K,  99% used [0x00007efa570a0000, 0x00007efad41df558, 0x00007efad41df600, 0x00007efad4206000)
 Metaspace       used 31085K, capacity 31543K, committed 31744K, reserved 32768K
}
Event: 2284.811 GC heap after
{Heap after GC invocations=3072 (full 4):
 def new generation   total 1537152K, used 43393K [0x00007eefac600000, 0x00007ef0149e0000, 0x00007efa570a0000)
  eden space 1366400K,   3% used [0x00007eefac600000, 0x00007eefaf0604e0, 0x00007eefffc60000)
  from space 170752K,   0% used [0x00007eefffc60000, 0x00007eefffc60000, 0x00007ef00a320000)
  to   space 170752K,   0% used [0x00007ef00a320000, 0x00007ef00a320000, 0x00007ef0149e0000)
 tenured generation   total 3415720K, used 2049431K [0x00007efa570a0000, 0x00007efb2784a000, 0x00007f0fac600000)
   the space 3415720K,  59% used [0x00007efa570a0000, 0x00007efad4205ef8, 0x00007efad4206000, 0x00007efb2784a000)
 Metaspace       used 31085K, capacity 31543K, committed 31744K, reserved 32768K
}
Event: 2286.148 GC heap before
{Heap before GC invocations=3072 (full 4):
 def new generation   total 1537152K, used 1366400K [0x00007eefac600000, 0x00007ef0149e0000, 0x00007efa570a0000)
  eden space 1366400K, 100% used [0x00007eefac600000, 0x00007eefffc60000, 0x00007eefffc60000)
  from space 170752K,   0% used [0x00007eefffc60000, 0x00007eefffc60000, 0x00007ef00a320000)
  to   space 170752K,   0% used [0x00007ef00a320000, 0x00007ef00a320000, 0x00007ef0149e0000)
 tenured generation   total 3415720K, used 2049431K [0x00007efa570a0000, 0x00007efb2784a000, 0x00007f0fac600000)
   the space 3415720K,  59% used [0x00007efa570a0000, 0x00007efad4205ef8, 0x00007efad4206000, 0x00007efb2784a000)
 Metaspace       used 31085K, capacity 31543K, committed 31744K, reserved 32768K
}
Event: 2287.294 GC heap after
{Heap after GC invocations=3073 (full 4):
 def new generation   total 1537152K, used 170751K [0x00007eefac600000, 0x00007ef0149e0000, 0x00007efa570a0000)
  eden space 1366400K,   0% used [0x00007eefac600000, 0x00007eefac600000, 0x00007eefffc60000)
  from space 170752K,  99% used [0x00007ef00a320000, 0x00007ef0149dfdf0, 0x00007ef0149e0000)
  to   space 170752K,   0% used [0x00007eefffc60000, 0x00007eefffc60000, 0x00007ef00a320000)
 tenured generation   total 3415720K, used 3026109K [0x00007efa570a0000, 0x00007efb2784a000, 0x00007f0fac600000)
   the space 3415720K,  88% used [0x00007efa570a0000, 0x00007efb0fbcf5f8, 0x00007efb0fbcf600, 0x00007efb2784a000)
 Metaspace       used 31085K, capacity 31543K, committed 31744K, reserved 32768K
}
Event: 2289.483 GC heap before
{Heap before GC invocations=3073 (full 4):
 def new generation   total 1537152K, used 1537151K [0x00007eefac600000, 0x00007ef0149e0000, 0x00007efa570a0000)
  eden space 1366400K, 100% used [0x00007eefac600000, 0x00007eefffc60000, 0x00007eefffc60000)
  from space 170752K,  99% used [0x00007ef00a320000, 0x00007ef0149dfdf0, 0x00007ef0149e0000)
  to   space 170752K,   0% used [0x00007eefffc60000, 0x00007eefffc60000, 0x00007ef00a320000)
 tenured generation   total 3415720K, used 3026109K [0x00007efa570a0000, 0x00007efb2784a000, 0x00007f0fac600000)
   the space 3415720K,  88% used [0x00007efa570a0000, 0x00007efb0fbcf5f8, 0x00007efb0fbcf600, 0x00007efb2784a000)
 Metaspace       used 31085K, capacity 31543K, committed 31744K, reserved 32768K
}
Event: 2290.602 GC heap after
{Heap after GC invocations=3074 (full 4):
 def new generation   total 1537152K, used 170751K [0x00007eefac600000, 0x00007ef0149e0000, 0x00007efa570a0000)
  eden space 1366400K,   0% used [0x00007eefac600000, 0x00007eefac600000, 0x00007eefffc60000)
  from space 170752K,  99% used [0x00007eefffc60000, 0x00007ef00a31ff40, 0x00007ef00a320000)
  to   space 170752K,   0% used [0x00007ef00a320000, 0x00007ef00a320000, 0x00007ef0149e0000)
 tenured generation   total 4079064K, used 4079020K [0x00007efa570a0000, 0x00007efb50016000, 0x00007f0fac600000)
   the space 4079064K,  99% used [0x00007efa570a0000, 0x00007efb5000b1c8, 0x00007efb5000b200, 0x00007efb50016000)
 Metaspace       used 31085K, capacity 31543K, committed 31744K, reserved 32768K
}
Event: 2290.602 GC heap before
{Heap before GC invocations=3074 (full 4):
 def new generation   total 1537152K, used 170751K [0x00007eefac600000, 0x00007ef0149e0000, 0x00007efa570a0000)
  eden space 1366400K,   0% used [0x00007eefac600000, 0x00007eefac600000, 0x00007eefffc60000)
  from space 170752K,  99% used [0x00007eefffc60000, 0x00007ef00a31ff40, 0x00007ef00a320000)
  to   space 170752K,   0% used [0x00007ef00a320000, 0x00007ef00a320000, 0x00007ef0149e0000)
 tenured generation   total 4079064K, used 4079020K [0x00007efa570a0000, 0x00007efb50016000, 0x00007f0fac600000)
   the space 4079064K,  99% used [0x00007efa570a0000, 0x00007efb5000b1c8, 0x00007efb5000b200, 0x00007efb50016000)
 Metaspace       used 31085K, capacity 31543K, committed 31744K, reserved 32768K
}

Deoptimization events (20 events):
Event: 2285.173 Thread 0x00007f0fc4018000 DEOPT PACKING pc=0x00007f0facd73932 sp=0x00007f0fca60b570
Event: 2285.173 Thread 0x00007f0fc4018000 DEOPT UNPACKING pc=0x00007f0fac7d333a sp=0x00007f0fca60ab88 mode 0
Event: 2285.173 Thread 0x00007f0fc4018000 DEOPT PACKING pc=0x00007f0facd73932 sp=0x00007f0fca60b570
Event: 2285.173 Thread 0x00007f0fc4018000 DEOPT UNPACKING pc=0x00007f0fac7d333a sp=0x00007f0fca60ab88 mode 0
Event: 2285.173 Thread 0x00007f0fc4018000 DEOPT PACKING pc=0x00007f0facd73932 sp=0x00007f0fca60b570
Event: 2285.173 Thread 0x00007f0fc4018000 DEOPT UNPACKING pc=0x00007f0fac7d333a sp=0x00007f0fca60ab88 mode 0
Event: 2285.173 Thread 0x00007f0fc4018000 DEOPT PACKING pc=0x00007f0facd73932 sp=0x00007f0fca60b570
Event: 2285.173 Thread 0x00007f0fc4018000 DEOPT UNPACKING pc=0x00007f0fac7d333a sp=0x00007f0fca60ab88 mode 0
Event: 2285.174 Thread 0x00007f0fc4018000 DEOPT PACKING pc=0x00007f0facd73932 sp=0x00007f0fca60b570
Event: 2285.174 Thread 0x00007f0fc4018000 DEOPT UNPACKING pc=0x00007f0fac7d333a sp=0x00007f0fca60ab88 mode 0
Event: 2285.174 Thread 0x00007f0fc4018000 DEOPT PACKING pc=0x00007f0facd73932 sp=0x00007f0fca60b570
Event: 2285.174 Thread 0x00007f0fc4018000 DEOPT UNPACKING pc=0x00007f0fac7d333a sp=0x00007f0fca60ab88 mode 0
Event: 2285.174 Thread 0x00007f0fc4018000 DEOPT PACKING pc=0x00007f0facd73932 sp=0x00007f0fca60b570
Event: 2285.174 Thread 0x00007f0fc4018000 DEOPT UNPACKING pc=0x00007f0fac7d333a sp=0x00007f0fca60ab88 mode 0
Event: 2285.174 Thread 0x00007f0fc4018000 DEOPT PACKING pc=0x00007f0facd73932 sp=0x00007f0fca60b570
Event: 2285.174 Thread 0x00007f0fc4018000 DEOPT UNPACKING pc=0x00007f0fac7d333a sp=0x00007f0fca60ab88 mode 0
Event: 2285.177 Thread 0x00007f0fc4018000 DEOPT PACKING pc=0x00007f0facd73932 sp=0x00007f0fca60b570
Event: 2285.177 Thread 0x00007f0fc4018000 DEOPT UNPACKING pc=0x00007f0fac7d333a sp=0x00007f0fca60ab88 mode 0
Event: 2287.953 Thread 0x00007f0fc4018000 DEOPT PACKING pc=0x00007f0fad4aeb9e sp=0x00007f0fca60b4a0
Event: 2287.953 Thread 0x00007f0fc4018000 DEOPT UNPACKING pc=0x00007f0fac7d333a sp=0x00007f0fca60aa20 mode 0

Classes unloaded (0 events):
No events

Classes redefined (0 events):
No events

Internal exceptions (20 events):
Event: 3.001 Thread 0x00007f0fc4018000 Exception <a 'java/lang/NoSuchMethodError'{0x00007eefb2952518}: 'java.lang.Object java.lang.invoke.DirectMethodHandle$Holder.invokeSpecial(java.lang.Object, java.lang.Object, int, java.lang.Object, java.lang.Object)'> (0x00007eefb2952518) 
thrown [src/hotspot/share/interpreter/linkResolver.cpp, line 766]
Event: 3.003 Thread 0x00007f0fc4018000 Exception <a 'java/lang/NoSuchMethodError'{0x00007eefb299d208}: 'java.lang.Object java.lang.invoke.Invokers$Holder.linkToTargetMethod(java.lang.Object, long, java.lang.Object)'> (0x00007eefb299d208) 
thrown [src/hotspot/share/interpreter/linkResolver.cpp, line 766]
Event: 3.207 Thread 0x00007f0fc40a7000 Implicit null exception at 0x00007f0fb42a90cc to 0x00007f0fb42a9180
Event: 3.214 Thread 0x00007f0fc4018000 Exception <a 'java/lang/NoSuchMethodError'{0x00007eefac6686e0}: 'java.lang.Object java.lang.invoke.Invokers$Holder.invokeExact_MT(java.lang.Object, java.lang.Object, java.lang.Object, java.lang.Object, java.lang.Object, java.lang.Object)'> (0x00007eefac6686e0) 
thrown [src/hotspot/share/interpreter/linkResolver.cpp, line 766]
Event: 3.292 Thread 0x00007f0fc4018000 Exception <a 'java/lang/NoSuchMethodError'{0x00007eefac7a61f8}: 'int java.lang.invoke.DirectMethodHandle$Holder.invokeStatic(java.lang.Object, java.lang.Object, int)'> (0x00007eefac7a61f8) 
thrown [src/hotspot/share/interpreter/linkResolver.cpp, line 766]
Event: 3.438 Thread 0x00007f0fc4018000 Exception <a 'java/lang/NoSuchMethodError'{0x00007eefaca152f0}: 'int java.lang.invoke.DirectMethodHandle$Holder.invokeStatic(java.lang.Object, java.lang.Object, java.lang.Object, int)'> (0x00007eefaca152f0) 
thrown [src/hotspot/share/interpreter/linkResolver.cpp, line 766]
Event: 3.446 Thread 0x00007f0fc4018000 Exception <a 'java/lang/NoSuchMethodError'{0x00007eefaca47080}: 'java.lang.Object java.lang.invoke.DirectMethodHandle$Holder.invokeStatic(java.lang.Object, int, java.lang.Object)'> (0x00007eefaca47080) 
thrown [src/hotspot/share/interpreter/linkResolver.cpp, line 766]
Event: 3.449 Thread 0x00007f0fc4018000 Exception <a 'java/lang/NoSuchMethodError'{0x00007eefaca4f978}: 'void java.lang.invoke.DirectMethodHandle$Holder.invokeInterface(java.lang.Object, java.lang.Object, int)'> (0x00007eefaca4f978) 
thrown [src/hotspot/share/interpreter/linkResolver.cpp, line 766]
Event: 3.449 Thread 0x00007f0fc4018000 Exception <a 'java/lang/IncompatibleClassChangeError'{0x00007eefaca53738}: Found class java.lang.Object, but interface was expected> (0x00007eefaca53738) 
thrown [src/hotspot/share/interpreter/linkResolver.cpp, line 833]
Event: 4.287 Thread 0x00007f0fc4018000 Exception <a 'java/lang/ClassNotFoundException'{0x00007eefb2cd7b48}: com/sun/org/apache/xerces/internal/impl/msg/spi/SAXMessagesProvider> (0x00007eefb2cd7b48) 
thrown [src/hotspot/share/classfile/systemDictionary.cpp, line 232]
Event: 4.908 Thread 0x00007f0fc4018000 Exception <a 'java/lang/NoSuchMethodError'{0x00007eefb41b65b8}: 'java.lang.Object java.lang.invoke.DirectMethodHandle$Holder.invokeStaticInit(java.lang.Object, java.lang.Object, java.lang.Object)'> (0x00007eefb41b65b8) 
thrown [src/hotspot/share/interpreter/linkResolver.cpp, line 766]
Event: 4.909 Thread 0x00007f0fc4018000 Exception <a 'java/lang/NoSuchMethodError'{0x00007eefb41c18b0}: 'void java.lang.invoke.DirectMethodHandle$Holder.invokeStatic(java.lang.Object, java.lang.Object, java.lang.Object, java.lang.Object, java.lang.Object, java.lang.Object)'> (0x00007eefb41c18b0) 
thrown [src/hotspot/share/interpreter/linkResolver.cpp, line 766]
Event: 4.920 Thread 0x00007f0fc4018000 Exception <a 'java/lang/NoSuchMethodError'{0x00007eefb41f95a8}: 'void java.lang.invoke.DirectMethodHandle$Holder.invokeStaticInit(java.lang.Object, java.lang.Object, java.lang.Object)'> (0x00007eefb41f95a8) 
thrown [src/hotspot/share/interpreter/linkResolver.cpp, line 766]
Event: 4.942 Thread 0x00007f0fc4018000 Exception <a 'java/net/UnknownHostException'{0x00007eefb421a8d0}> (0x00007eefb421a8d0) 
thrown [src/hotspot/share/prims/jni.cpp, line 598]
Event: 2274.081 Thread 0x00007f0fc4018000 Exception <a 'java/net/UnknownHostException'{0x00007eefbe6afbd0}> (0x00007eefbe6afbd0) 
thrown [src/hotspot/share/prims/jni.cpp, line 598]
Event: 2274.089 Thread 0x00007f0fc4018000 Implicit null exception at 0x00007f0fb44a21d3 to 0x00007f0fb44a9eb0
Event: 2274.113 Thread 0x00007f0fc4018000 Implicit null exception at 0x00007f0fb43c3a08 to 0x00007f0fb43c3cfc
Event: 2274.242 Thread 0x00007f0fc4018000 Exception <a 'java/net/UnknownHostException'{0x00007eefbf193e00}> (0x00007eefbf193e00) 
thrown [src/hotspot/share/prims/jni.cpp, line 598]
Event: 2276.837 Thread 0x00007f0fc4018000 Exception <a 'java/lang/NoSuchMethodError'{0x00007eefbfa1a0d0}: 'void java.lang.invoke.DirectMethodHandle$Holder.invokeStatic(java.lang.Object, java.lang.Object, int)'> (0x00007eefbfa1a0d0) 
thrown [src/hotspot/share/interpreter/linkResolver.cpp, line 766]
Event: 2276.843 Thread 0x00007f0fc4018000 Exception <a 'java/lang/NoSuchMethodError'{0x00007eefbfa39960}: 'java.lang.Object java.lang.invoke.Invokers$Holder.linkToTargetMethod(java.lang.Object, int, java.lang.Object)'> (0x00007eefbfa39960) 
thrown [src/hotspot/share/interpreter/linkResolver.cpp, line 766]

Events (20 events):
Event: 2278.028 loading class org/apache/commons/math3/exception/ZeroException done
Event: 2278.028 loading class org/apache/commons/math3/linear/FieldVector
Event: 2278.028 loading class org/apache/commons/math3/linear/FieldVector done
Event: 2278.029 loading class org/apache/commons/math3/linear/SingularMatrixException
Event: 2278.029 loading class org/apache/commons/math3/linear/SingularMatrixException done
Event: 2278.029 loading class org/apache/commons/math3/linear/BlockRealMatrix
Event: 2278.029 loading class org/apache/commons/math3/linear/BlockRealMatrix done
Event: 2278.033 loading class org/apache/commons/math3/optim/PointValuePair
Event: 2278.033 loading class org/apache/commons/math3/optim/PointValuePair done
Event: 2278.034 loading class org/apache/commons/math3/util/Pair
Event: 2278.034 loading class org/apache/commons/math3/util/Pair done
Event: 2278.223 Executing VM operation: GenCollectForAllocation
Event: 2280.158 Executing VM operation: GenCollectForAllocation done
Event: 2280.961 Executing VM operation: GenCollectForAllocation
Event: 2281.373 Executing VM operation: GenCollectForAllocation done
Event: 2282.449 Executing VM operation: GenCollectForAllocation
Event: 2284.811 Executing VM operation: GenCollectForAllocation done
Event: 2286.148 Executing VM operation: GenCollectForAllocation
Event: 2287.294 Executing VM operation: GenCollectForAllocation done
Event: 2289.483 Executing VM operation: GenCollectForAllocation


Dynamic libraries:
561082b76000-561082b77000 r--p 00000000 07:15 4860                       /usr/lib/jvm/java-13-openjdk-amd64/bin/java
561082b77000-561082b78000 r-xp 00001000 07:15 4860                       /usr/lib/jvm/java-13-openjdk-amd64/bin/java
561082b78000-561082b79000 r--p 00002000 07:15 4860                       /usr/lib/jvm/java-13-openjdk-amd64/bin/java
561082b79000-561082b7a000 r--p 00002000 07:15 4860                       /usr/lib/jvm/java-13-openjdk-amd64/bin/java
561082b7a000-561082b7b000 rw-p 00003000 07:15 4860                       /usr/lib/jvm/java-13-openjdk-amd64/bin/java
561083718000-561083739000 rw-p 00000000 00:00 0                          [heap]
7eef64000000-7eef64021000 rw-p 00000000 00:00 0 
7eef64021000-7eef68000000 ---p 00000000 00:00 0 
7eef68000000-7eef68054000 rw-p 00000000 00:00 0 
7eef68054000-7eef6c000000 ---p 00000000 00:00 0 
7eef6c000000-7eef6c021000 rw-p 00000000 00:00 0 
7eef6c021000-7eef70000000 ---p 00000000 00:00 0 
7eef70000000-7eef70021000 rw-p 00000000 00:00 0 
7eef70021000-7eef74000000 ---p 00000000 00:00 0 
7eef74000000-7eef769ce000 rw-p 00000000 00:00 0 
7eef769ce000-7eef78000000 ---p 00000000 00:00 0 
7eef78000000-7eef78b29000 rw-p 00000000 00:00 0 
7eef78b29000-7eef7c000000 ---p 00000000 00:00 0 
7eef7c000000-7eef7c021000 rw-p 00000000 00:00 0 
7eef7c021000-7eef80000000 ---p 00000000 00:00 0 
7eef80000000-7eef80021000 rw-p 00000000 00:00 0 
7eef80021000-7eef84000000 ---p 00000000 00:00 0 
7eef84000000-7eef84021000 rw-p 00000000 00:00 0 
7eef84021000-7eef88000000 ---p 00000000 00:00 0 
7eef88000000-7eef88021000 rw-p 00000000 00:00 0 
7eef88021000-7eef8c000000 ---p 00000000 00:00 0 
7eef8c000000-7eef8c033000 rw-p 00000000 00:00 0 
7eef8c033000-7eef90000000 ---p 00000000 00:00 0 
7eef90d7b000-7eef90e7b000 rw-p 00000000 00:00 0 
7eef90e7b000-7eef90f7b000 ---p 00000000 00:00 0 
7eef90f7b000-7eef9117b000 rw-p 00000000 00:00 0 
7eef9117b000-7eef9137b000 rw-p 00000000 00:00 0 
7eef9137b000-7eef9157b000 rw-p 00000000 00:00 0 
7eef9157b000-7eef9177b000 rw-p 00000000 00:00 0 
7eef9177b000-7eef9197b000 rw-p 00000000 00:00 0 
7eef91b54000-7eef9231c000 rw-p 00000000 00:00 0 
7eef9231c000-7eef9c5ff000 ---p 00000000 00:00 0 
7eef9c5ff000-7eef9c941000 rw-p 00000000 00:00 0 
7eef9c941000-7eefa1b54000 ---p 00000000 00:00 0 
7eefa1b54000-7eefa231d000 rw-p 00000000 00:00 0 
7eefa231d000-7eefac5ff000 ---p 00000000 00:00 0 
7eefac5ff000-7ef0149e0000 rw-p 00000000 00:00 0 
7ef0149e0000-7efa570a0000 ---p 00000000 00:00 0 
7efa570a0000-7efb50016000 rw-p 00000000 00:00 0 
7efbf5fba000-7f0fac600000 ---p 00000000 00:00 0 
7f0fac78a000-7f0fac9fa000 rwxp 00000000 00:00 0 
7f0fac9fa000-7f0facd19000 ---p 00000000 00:00 0 
7f0facd19000-7f0fad529000 rwxp 00000000 00:00 0 
7f0fad529000-7f0fb4251000 ---p 00000000 00:00 0 
7f0fb4251000-7f0fb4521000 rwxp 00000000 00:00 0 
7f0fb4521000-7f0fbb78a000 ---p 00000000 00:00 0 
7f0fbb78a000-7f0fc4000000 r--s 00000000 07:15 5215                       /usr/lib/jvm/java-13-openjdk-amd64/lib/modules
7f0fc4000000-7f0fc47d3000 rw-p 00000000 00:00 0 
7f0fc47d3000-7f0fc8000000 ---p 00000000 00:00 0 
7f0fc8022000-7f0fc8026000 ---p 00000000 00:00 0 
7f0fc8026000-7f0fc8123000 rw-p 00000000 00:00 0 
7f0fc8123000-7f0fc8127000 r--p 00000000 07:15 9178                       /usr/lib/x86_64-linux-gnu/libresolv-2.31.so
7f0fc8127000-7f0fc8137000 r-xp 00004000 07:15 9178                       /usr/lib/x86_64-linux-gnu/libresolv-2.31.so
7f0fc8137000-7f0fc813b000 r--p 00014000 07:15 9178                       /usr/lib/x86_64-linux-gnu/libresolv-2.31.so
7f0fc813b000-7f0fc813c000 r--p 00017000 07:15 9178                       /usr/lib/x86_64-linux-gnu/libresolv-2.31.so
7f0fc813c000-7f0fc813d000 rw-p 00018000 07:15 9178                       /usr/lib/x86_64-linux-gnu/libresolv-2.31.so
7f0fc813d000-7f0fc813f000 rw-p 00000000 00:00 0 
7f0fc813f000-7f0fc8140000 r--p 00000000 07:15 9105                       /usr/lib/x86_64-linux-gnu/libnss_dns-2.31.so
7f0fc8140000-7f0fc8144000 r-xp 00001000 07:15 9105                       /usr/lib/x86_64-linux-gnu/libnss_dns-2.31.so
7f0fc8144000-7f0fc8145000 r--p 00005000 07:15 9105                       /usr/lib/x86_64-linux-gnu/libnss_dns-2.31.so
7f0fc8145000-7f0fc8146000 r--p 00005000 07:15 9105                       /usr/lib/x86_64-linux-gnu/libnss_dns-2.31.so
7f0fc8146000-7f0fc8147000 rw-p 00006000 07:15 9105                       /usr/lib/x86_64-linux-gnu/libnss_dns-2.31.so
7f0fc8147000-7f0fc8149000 r--p 00000000 07:15 5202                       /usr/lib/jvm/java-13-openjdk-amd64/lib/libmanagement_ext.so
7f0fc8149000-7f0fc814c000 r-xp 00002000 07:15 5202                       /usr/lib/jvm/java-13-openjdk-amd64/lib/libmanagement_ext.so
7f0fc814c000-7f0fc814d000 r--p 00005000 07:15 5202                       /usr/lib/jvm/java-13-openjdk-amd64/lib/libmanagement_ext.so
7f0fc814d000-7f0fc814e000 ---p 00006000 07:15 5202                       /usr/lib/jvm/java-13-openjdk-amd64/lib/libmanagement_ext.so
7f0fc814e000-7f0fc814f000 r--p 00006000 07:15 5202                       /usr/lib/jvm/java-13-openjdk-amd64/lib/libmanagement_ext.so
7f0fc814f000-7f0fc8150000 rw-p 00007000 07:15 5202                       /usr/lib/jvm/java-13-openjdk-amd64/lib/libmanagement_ext.so
7f0fc8150000-7f0fc8153000 r--p 00000000 07:15 5200                       /usr/lib/jvm/java-13-openjdk-amd64/lib/libmanagement.so
7f0fc8153000-7f0fc8154000 r-xp 00003000 07:15 5200                       /usr/lib/jvm/java-13-openjdk-amd64/lib/libmanagement.so
7f0fc8154000-7f0fc8155000 r--p 00004000 07:15 5200                       /usr/lib/jvm/java-13-openjdk-amd64/lib/libmanagement.so
7f0fc8155000-7f0fc8156000 r--p 00004000 07:15 5200                       /usr/lib/jvm/java-13-openjdk-amd64/lib/libmanagement.so
7f0fc8156000-7f0fc8157000 rw-p 00005000 07:15 5200                       /usr/lib/jvm/java-13-openjdk-amd64/lib/libmanagement.so
7f0fc8157000-7f0fc8357000 rw-p 00000000 00:00 0 
7f0fc8357000-7f0fc8557000 rw-p 00000000 00:00 0 
7f0fc8557000-7f0fc88f7000 rw-p 00000000 00:00 0 
7f0fc88f7000-7f0fc8af7000 rw-p 00000000 00:00 0 
7f0fc8af7000-7f0fc8cf7000 rw-p 00000000 00:00 0 
7f0fc8cf7000-7f0fc8ef7000 rw-p 00000000 00:00 0 
7f0fc8ef7000-7f0fc8f28000 rw-p 00000000 00:00 0 
7f0fc8f28000-7f0fc8f2c000 r--p 00000000 07:15 5204                       /usr/lib/jvm/java-13-openjdk-amd64/lib/libnet.so
7f0fc8f2c000-7f0fc8f3a000 r-xp 00004000 07:15 5204                       /usr/lib/jvm/java-13-openjdk-amd64/lib/libnet.so
7f0fc8f3a000-7f0fc8f3e000 r--p 00012000 07:15 5204                       /usr/lib/jvm/java-13-openjdk-amd64/lib/libnet.so
7f0fc8f3e000-7f0fc8f3f000 r--p 00015000 07:15 5204                       /usr/lib/jvm/java-13-openjdk-amd64/lib/libnet.so
7f0fc8f3f000-7f0fc8f40000 rw-p 00016000 07:15 5204                       /usr/lib/jvm/java-13-openjdk-amd64/lib/libnet.so
7f0fc8f40000-7f0fc8f47000 r--p 00000000 07:15 5205                       /usr/lib/jvm/java-13-openjdk-amd64/lib/libnio.so
7f0fc8f47000-7f0fc8f50000 r-xp 00007000 07:15 5205                       /usr/lib/jvm/java-13-openjdk-amd64/lib/libnio.so
7f0fc8f50000-7f0fc8f54000 r--p 00010000 07:15 5205                       /usr/lib/jvm/java-13-openjdk-amd64/lib/libnio.so
7f0fc8f54000-7f0fc8f55000 r--p 00013000 07:15 5205                       /usr/lib/jvm/java-13-openjdk-amd64/lib/libnio.so
7f0fc8f55000-7f0fc8f56000 rw-p 00014000 07:15 5205                       /usr/lib/jvm/java-13-openjdk-amd64/lib/libnio.so
7f0fc8f56000-7f0fc8f57000 ---p 00000000 00:00 0 
7f0fc8f57000-7f0fc9058000 rw-p 00000000 00:00 0 
7f0fc9058000-7f0fc905c000 ---p 00000000 00:00 0 
7f0fc905c000-7f0fc9159000 rw-p 00000000 00:00 0 
7f0fc9159000-7f0fc915d000 ---p 00000000 00:00 0 
7f0fc915d000-7f0fc925a000 rw-p 00000000 00:00 0 
7f0fc925a000-7f0fc925e000 ---p 00000000 00:00 0 
7f0fc925e000-7f0fc935b000 rw-p 00000000 00:00 0 
7f0fc935b000-7f0fc935f000 ---p 00000000 00:00 0 
7f0fc935f000-7f0fc945c000 rw-p 00000000 00:00 0 
7f0fc945c000-7f0fc9460000 ---p 00000000 00:00 0 
7f0fc9460000-7f0fc955d000 rw-p 00000000 00:00 0 
7f0fc955d000-7f0fc9561000 ---p 00000000 00:00 0 
7f0fc9561000-7f0fc965e000 rw-p 00000000 00:00 0 
7f0fc965e000-7f0fc9665000 r--s 00000000 07:15 8532                       /usr/lib/x86_64-linux-gnu/gconv/gconv-modules.cache
7f0fc9665000-7f0fc9697000 r--p 00000000 07:15 5276                       /usr/lib/locale/C.UTF-8/LC_CTYPE
7f0fc9697000-7f0fc969b000 ---p 00000000 00:00 0 
7f0fc969b000-7f0fc9798000 rw-p 00000000 00:00 0 
7f0fc9798000-7f0fc979c000 ---p 00000000 00:00 0 
7f0fc979c000-7f0fc9899000 rw-p 00000000 00:00 0 
7f0fc9899000-7f0fc989a000 ---p 00000000 00:00 0 
7f0fc989a000-7f0fca2b8000 rw-p 00000000 00:00 0 
7f0fca2b8000-7f0fca2be000 rw-p 00000000 00:00 0 
7f0fca2be000-7f0fca3a3000 ---p 00000000 00:00 0 
7f0fca3a3000-7f0fca3b4000 rw-p 00000000 00:00 0 
7f0fca3b4000-7f0fca48e000 ---p 00000000 00:00 0 
7f0fca48e000-7f0fca493000 rw-p 00000000 00:00 0 
7f0fca493000-7f0fca49a000 ---p 00000000 00:00 0 
7f0fca49a000-7f0fca49c000 r--p 00000000 07:15 5214                       /usr/lib/jvm/java-13-openjdk-amd64/lib/libzip.so
7f0fca49c000-7f0fca4a0000 r-xp 00002000 07:15 5214                       /usr/lib/jvm/java-13-openjdk-amd64/lib/libzip.so
7f0fca4a0000-7f0fca4a2000 r--p 00006000 07:15 5214                       /usr/lib/jvm/java-13-openjdk-amd64/lib/libzip.so
7f0fca4a2000-7f0fca4a3000 r--p 00007000 07:15 5214                       /usr/lib/jvm/java-13-openjdk-amd64/lib/libzip.so
7f0fca4a3000-7f0fca4a4000 rw-p 00008000 07:15 5214                       /usr/lib/jvm/java-13-openjdk-amd64/lib/libzip.so
7f0fca4a4000-7f0fca4ac000 rw-s 00000000 08:03 34784673                   /tmp/hsperfdata_rcabanas/5751
7f0fca4ac000-7f0fca4af000 r--p 00000000 07:15 9108                       /usr/lib/x86_64-linux-gnu/libnss_files-2.31.so
7f0fca4af000-7f0fca4b6000 r-xp 00003000 07:15 9108                       /usr/lib/x86_64-linux-gnu/libnss_files-2.31.so
7f0fca4b6000-7f0fca4b8000 r--p 0000a000 07:15 9108                       /usr/lib/x86_64-linux-gnu/libnss_files-2.31.so
7f0fca4b8000-7f0fca4b9000 r--p 0000b000 07:15 9108                       /usr/lib/x86_64-linux-gnu/libnss_files-2.31.so
7f0fca4b9000-7f0fca4ba000 rw-p 0000c000 07:15 9108                       /usr/lib/x86_64-linux-gnu/libnss_files-2.31.so
7f0fca4ba000-7f0fca4c0000 rw-p 00000000 00:00 0 
7f0fca4c6000-7f0fca4c8000 r--p 00000000 07:15 5195                       /usr/lib/jvm/java-13-openjdk-amd64/lib/libjimage.so
7f0fca4c8000-7f0fca4cb000 r-xp 00002000 07:15 5195                       /usr/lib/jvm/java-13-openjdk-amd64/lib/libjimage.so
7f0fca4cb000-7f0fca4cc000 r--p 00005000 07:15 5195                       /usr/lib/jvm/java-13-openjdk-amd64/lib/libjimage.so
7f0fca4cc000-7f0fca4cd000 ---p 00006000 07:15 5195                       /usr/lib/jvm/java-13-openjdk-amd64/lib/libjimage.so
7f0fca4cd000-7f0fca4ce000 r--p 00006000 07:15 5195                       /usr/lib/jvm/java-13-openjdk-amd64/lib/libjimage.so
7f0fca4ce000-7f0fca4cf000 rw-p 00007000 07:15 5195                       /usr/lib/jvm/java-13-openjdk-amd64/lib/libjimage.so
7f0fca4cf000-7f0fca4dc000 r--p 00000000 07:15 5191                       /usr/lib/jvm/java-13-openjdk-amd64/lib/libjava.so
7f0fca4dc000-7f0fca4f1000 r-xp 0000d000 07:15 5191                       /usr/lib/jvm/java-13-openjdk-amd64/lib/libjava.so
7f0fca4f1000-7f0fca4f7000 r--p 00022000 07:15 5191                       /usr/lib/jvm/java-13-openjdk-amd64/lib/libjava.so
7f0fca4f7000-7f0fca4f8000 ---p 00028000 07:15 5191                       /usr/lib/jvm/java-13-openjdk-amd64/lib/libjava.so
7f0fca4f8000-7f0fca4f9000 r--p 00028000 07:15 5191                       /usr/lib/jvm/java-13-openjdk-amd64/lib/libjava.so
7f0fca4f9000-7f0fca4fb000 rw-p 00029000 07:15 5191                       /usr/lib/jvm/java-13-openjdk-amd64/lib/libjava.so
7f0fca4fb000-7f0fca500000 r--p 00000000 07:15 5213                       /usr/lib/jvm/java-13-openjdk-amd64/lib/libverify.so
7f0fca500000-7f0fca507000 r-xp 00005000 07:15 5213                       /usr/lib/jvm/java-13-openjdk-amd64/lib/libverify.so
7f0fca507000-7f0fca509000 r--p 0000c000 07:15 5213                       /usr/lib/jvm/java-13-openjdk-amd64/lib/libverify.so
7f0fca509000-7f0fca50a000 ---p 0000e000 07:15 5213                       /usr/lib/jvm/java-13-openjdk-amd64/lib/libverify.so
7f0fca50a000-7f0fca50c000 r--p 0000e000 07:15 5213                       /usr/lib/jvm/java-13-openjdk-amd64/lib/libverify.so
7f0fca50c000-7f0fca50d000 rw-p 00010000 07:15 5213                       /usr/lib/jvm/java-13-openjdk-amd64/lib/libverify.so
7f0fca50d000-7f0fca511000 ---p 00000000 00:00 0 
7f0fca511000-7f0fca60e000 rw-p 00000000 00:00 0 
7f0fca60e000-7f0fca611000 r--p 00000000 07:15 8948                       /usr/lib/x86_64-linux-gnu/libgcc_s.so.1
7f0fca611000-7f0fca623000 r-xp 00003000 07:15 8948                       /usr/lib/x86_64-linux-gnu/libgcc_s.so.1
7f0fca623000-7f0fca627000 r--p 00015000 07:15 8948                       /usr/lib/x86_64-linux-gnu/libgcc_s.so.1
7f0fca627000-7f0fca628000 r--p 00018000 07:15 8948                       /usr/lib/x86_64-linux-gnu/libgcc_s.so.1
7f0fca628000-7f0fca629000 rw-p 00019000 07:15 8948                       /usr/lib/x86_64-linux-gnu/libgcc_s.so.1
7f0fca629000-7f0fca636000 r--p 00000000 07:15 9062                       /usr/lib/x86_64-linux-gnu/libm-2.31.so
7f0fca636000-7f0fca6dd000 r-xp 0000d000 07:15 9062                       /usr/lib/x86_64-linux-gnu/libm-2.31.so
7f0fca6dd000-7f0fca776000 r--p 000b4000 07:15 9062                       /usr/lib/x86_64-linux-gnu/libm-2.31.so
7f0fca776000-7f0fca777000 r--p 0014c000 07:15 9062                       /usr/lib/x86_64-linux-gnu/libm-2.31.so
7f0fca777000-7f0fca778000 rw-p 0014d000 07:15 9062                       /usr/lib/x86_64-linux-gnu/libm-2.31.so
7f0fca778000-7f0fca80e000 r--p 00000000 07:15 9213                       /usr/lib/x86_64-linux-gnu/libstdc++.so.6.0.28
7f0fca80e000-7f0fca8ff000 r-xp 00096000 07:15 9213                       /usr/lib/x86_64-linux-gnu/libstdc++.so.6.0.28
7f0fca8ff000-7f0fca948000 r--p 00187000 07:15 9213                       /usr/lib/x86_64-linux-gnu/libstdc++.so.6.0.28
7f0fca948000-7f0fca949000 ---p 001d0000 07:15 9213                       /usr/lib/x86_64-linux-gnu/libstdc++.so.6.0.28
7f0fca949000-7f0fca954000 r--p 001d0000 07:15 9213                       /usr/lib/x86_64-linux-gnu/libstdc++.so.6.0.28
7f0fca954000-7f0fca957000 rw-p 001db000 07:15 9213                       /usr/lib/x86_64-linux-gnu/libstdc++.so.6.0.28
7f0fca957000-7f0fca95a000 rw-p 00000000 00:00 0 
7f0fca95a000-7f0fcabe0000 r--p 00000000 07:15 5226                       /usr/lib/jvm/java-13-openjdk-amd64/lib/server/libjvm.so
7f0fcabe0000-7f0fcb95d000 r-xp 00286000 07:15 5226                       /usr/lib/jvm/java-13-openjdk-amd64/lib/server/libjvm.so
7f0fcb95d000-7f0fcbbd8000 r--p 01003000 07:15 5226                       /usr/lib/jvm/java-13-openjdk-amd64/lib/server/libjvm.so
7f0fcbbd8000-7f0fcbc9d000 r--p 0127d000 07:15 5226                       /usr/lib/jvm/java-13-openjdk-amd64/lib/server/libjvm.so
7f0fcbc9d000-7f0fcbcd8000 rw-p 01342000 07:15 5226                       /usr/lib/jvm/java-13-openjdk-amd64/lib/server/libjvm.so
7f0fcbcd8000-7f0fcbd5e000 rw-p 00000000 00:00 0 
7f0fcbd5e000-7f0fcbd64000 r--p 00000000 07:15 9166                       /usr/lib/x86_64-linux-gnu/libpthread-2.31.so
7f0fcbd64000-7f0fcbd75000 r-xp 00006000 07:15 9166                       /usr/lib/x86_64-linux-gnu/libpthread-2.31.so
7f0fcbd75000-7f0fcbd7b000 r--p 00017000 07:15 9166                       /usr/lib/x86_64-linux-gnu/libpthread-2.31.so
7f0fcbd7b000-7f0fcbd7c000 r--p 0001c000 07:15 9166                       /usr/lib/x86_64-linux-gnu/libpthread-2.31.so
7f0fcbd7c000-7f0fcbd7d000 rw-p 0001d000 07:15 9166                       /usr/lib/x86_64-linux-gnu/libpthread-2.31.so
7f0fcbd7d000-7f0fcbd81000 rw-p 00000000 00:00 0 
7f0fcbd81000-7f0fcbd82000 r--p 00000000 07:15 8893                       /usr/lib/x86_64-linux-gnu/libdl-2.31.so
7f0fcbd82000-7f0fcbd84000 r-xp 00001000 07:15 8893                       /usr/lib/x86_64-linux-gnu/libdl-2.31.so
7f0fcbd84000-7f0fcbd85000 r--p 00003000 07:15 8893                       /usr/lib/x86_64-linux-gnu/libdl-2.31.so
7f0fcbd85000-7f0fcbd86000 r--p 00003000 07:15 8893                       /usr/lib/x86_64-linux-gnu/libdl-2.31.so
7f0fcbd86000-7f0fcbd87000 rw-p 00004000 07:15 8893                       /usr/lib/x86_64-linux-gnu/libdl-2.31.so
7f0fcbd87000-7f0fcbd89000 r--p 00000000 07:15 9290                       /usr/lib/x86_64-linux-gnu/libz.so.1.2.11
7f0fcbd89000-7f0fcbd9a000 r-xp 00002000 07:15 9290                       /usr/lib/x86_64-linux-gnu/libz.so.1.2.11
7f0fcbd9a000-7f0fcbda0000 r--p 00013000 07:15 9290                       /usr/lib/x86_64-linux-gnu/libz.so.1.2.11
7f0fcbda0000-7f0fcbda1000 ---p 00019000 07:15 9290                       /usr/lib/x86_64-linux-gnu/libz.so.1.2.11
7f0fcbda1000-7f0fcbda2000 r--p 00019000 07:15 9290                       /usr/lib/x86_64-linux-gnu/libz.so.1.2.11
7f0fcbda2000-7f0fcbda3000 rw-p 0001a000 07:15 9290                       /usr/lib/x86_64-linux-gnu/libz.so.1.2.11
7f0fcbda3000-7f0fcbdc5000 r--p 00000000 07:15 8851                       /usr/lib/x86_64-linux-gnu/libc-2.31.so
7f0fcbdc5000-7f0fcbf3d000 r-xp 00022000 07:15 8851                       /usr/lib/x86_64-linux-gnu/libc-2.31.so
7f0fcbf3d000-7f0fcbf8b000 r--p 0019a000 07:15 8851                       /usr/lib/x86_64-linux-gnu/libc-2.31.so
7f0fcbf8b000-7f0fcbf8f000 r--p 001e7000 07:15 8851                       /usr/lib/x86_64-linux-gnu/libc-2.31.so
7f0fcbf8f000-7f0fcbf91000 rw-p 001eb000 07:15 8851                       /usr/lib/x86_64-linux-gnu/libc-2.31.so
7f0fcbf91000-7f0fcbf95000 rw-p 00000000 00:00 0 
7f0fcbf97000-7f0fcbf99000 r--s 0000c000 07:15 20930                      /usr/share/java/java-atk-wrapper.jar
7f0fcbf99000-7f0fcbf9a000 ---p 00000000 00:00 0 
7f0fcbf9a000-7f0fcbf9b000 r--p 00000000 00:00 0 
7f0fcbf9b000-7f0fcbf9e000 r--p 00000000 07:15 5196                       /usr/lib/jvm/java-13-openjdk-amd64/lib/libjli.so
7f0fcbf9e000-7f0fcbfa8000 r-xp 00003000 07:15 5196                       /usr/lib/jvm/java-13-openjdk-amd64/lib/libjli.so
7f0fcbfa8000-7f0fcbfab000 r--p 0000d000 07:15 5196                       /usr/lib/jvm/java-13-openjdk-amd64/lib/libjli.so
7f0fcbfab000-7f0fcbfac000 r--p 0000f000 07:15 5196                       /usr/lib/jvm/java-13-openjdk-amd64/lib/libjli.so
7f0fcbfac000-7f0fcbfad000 rw-p 00010000 07:15 5196                       /usr/lib/jvm/java-13-openjdk-amd64/lib/libjli.so
7f0fcbfad000-7f0fcbfaf000 rw-p 00000000 00:00 0 
7f0fcbfaf000-7f0fcbfb0000 r--p 00000000 07:15 8572                       /usr/lib/x86_64-linux-gnu/ld-2.31.so
7f0fcbfb0000-7f0fcbfd3000 r-xp 00001000 07:15 8572                       /usr/lib/x86_64-linux-gnu/ld-2.31.so
7f0fcbfd3000-7f0fcbfdb000 r--p 00024000 07:15 8572                       /usr/lib/x86_64-linux-gnu/ld-2.31.so
7f0fcbfdb000-7f0fcbfdc000 ---p 00000000 00:00 0 
7f0fcbfdc000-7f0fcbfdd000 r--p 0002c000 07:15 8572                       /usr/lib/x86_64-linux-gnu/ld-2.31.so
7f0fcbfdd000-7f0fcbfde000 rw-p 0002d000 07:15 8572                       /usr/lib/x86_64-linux-gnu/ld-2.31.so
7f0fcbfde000-7f0fcbfdf000 rw-p 00000000 00:00 0 
7ffc93f76000-7ffc93f97000 rw-p 00000000 00:00 0                          [stack]
7ffc93fb0000-7ffc93fb2000 r-xp 00000000 00:00 0                          [vdso]
ffffffffff600000-ffffffffff601000 r-xp 00000000 00:00 0                  [vsyscall]


VM Arguments:
jvm_args: -Xmx128g --add-modules=ALL-DEFAULT 
java_command: jdk.compiler/com.sun.tools.javac.launcher.Main /mnt/beegfs/rcabanas/dev/credici/papers/zeros/code/GenerateNparents.java -np 2 -nzr 0.4 -zdr 0.5 -o /mnt/beegfs/rcabanas/dev/credici/papers/zeros/models/s3 -rw -s 97 -ys 3
java_class_path (initial): /mnt/beegfs/rcabanas/dev/credici/target/credici-0.1.5-dev-SNAPSHOT-jar-with-dependencies.jar
Launcher Type: SUN_STANDARD

[Global flags]
     intx CICompilerCount                          = 2                                         {product} {ergonomic}
   size_t InitialHeapSize                          = 2147483648                                {product} {ergonomic}
   size_t MaxHeapSize                              = 137438953472                              {product} {command line}
   size_t MaxNewSize                               = 45812940800                               {product} {ergonomic}
   size_t MinHeapDeltaBytes                        = 196608                                    {product} {ergonomic}
   size_t MinHeapSize                              = 8388608                                   {product} {ergonomic}
   size_t NewSize                                  = 715784192                                 {product} {ergonomic}
    uintx NonNMethodCodeHeapSize                   = 5826188                                {pd product} {ergonomic}
    uintx NonProfiledCodeHeapSize                  = 122916026                              {pd product} {ergonomic}
   size_t OldSize                                  = 1431699456                                {product} {ergonomic}
    uintx ProfiledCodeHeapSize                     = 122916026                              {pd product} {ergonomic}
    uintx ReservedCodeCacheSize                    = 251658240                              {pd product} {ergonomic}
     bool SegmentedCodeCache                       = true                                      {product} {ergonomic}
   size_t SoftMaxHeapSize                          = 137438953472                           {manageable} {ergonomic}
     bool UseSerialGC                              = true                                      {product} {ergonomic}

Logging:
Log output configuration:
 #0: stdout all=warning uptime,level,tags
 #1: stderr all=off uptime,level,tags

Environment Variables:
PATH=/usr/local/sbin:/usr/local/bin:/usr/sbin:/usr/bin:/sbin:/bin
LD_LIBRARY_PATH=/.singularity.d/libs

Signal Handlers:
SIGSEGV: [libjvm.so+0xf8fcf0], sa_mask[0]=11111111011111111101111111111110, sa_flags=SA_RESTART|SA_SIGINFO
SIGBUS: [libjvm.so+0xf8fcf0], sa_mask[0]=11111111011111111101111111111110, sa_flags=SA_RESTART|SA_SIGINFO
SIGFPE: [libjvm.so+0xf8fcf0], sa_mask[0]=11111111011111111101111111111110, sa_flags=SA_RESTART|SA_SIGINFO
SIGPIPE: [libjvm.so+0xc3ffa0], sa_mask[0]=11111111011111111101111111111110, sa_flags=SA_RESTART|SA_SIGINFO
SIGXFSZ: [libjvm.so+0xc3ffa0], sa_mask[0]=11111111011111111101111111111110, sa_flags=SA_RESTART|SA_SIGINFO
SIGILL: [libjvm.so+0xf8fcf0], sa_mask[0]=11111111011111111101111111111110, sa_flags=SA_RESTART|SA_SIGINFO
SIGUSR2: [libjvm.so+0xc3fe40], sa_mask[0]=00000000000000000000000000000000, sa_flags=SA_RESTART|SA_SIGINFO
SIGHUP: [libjvm.so+0xc40580], sa_mask[0]=11111111011111111101111111111110, sa_flags=SA_RESTART|SA_SIGINFO
SIGINT: [libjvm.so+0xc40580], sa_mask[0]=11111111011111111101111111111110, sa_flags=SA_RESTART|SA_SIGINFO
SIGTERM: [libjvm.so+0xc40580], sa_mask[0]=11111111011111111101111111111110, sa_flags=SA_RESTART|SA_SIGINFO
SIGQUIT: [libjvm.so+0xc40580], sa_mask[0]=11111111011111111101111111111110, sa_flags=SA_RESTART|SA_SIGINFO


---------------  S Y S T E M  ---------------

OS:DISTRIB_ID=Ubuntu
DISTRIB_RELEASE=20.04
DISTRIB_CODENAME=focal
DISTRIB_DESCRIPTION="Ubuntu 20.04.4 LTS"
uname:Linux 3.10.0-1160.15.2.el7.x86_64 #1 SMP Wed Feb 3 15:06:38 UTC 2021 x86_64
OS uptime: 2 days 16:35 hours
libc:glibc 2.31 NPTL 2.31 
rlimit (soft/hard): STACK 8192k/infinity , CORE 0k/infinity , NPROC 4096/1030217 , NOFILE 131072/131072 , AS infinity/infinity , CPU infinity/infinity , DATA infinity/infinity , FSIZE infinity/infinity , MEMLOCK infinity/infinity
load average:64.38 64.56 60.65

/proc/meminfo:
MemTotal:       263895364 kB
MemFree:          664204 kB
MemAvailable:    1170296 kB
Buffers:          317092 kB
Cached:           897744 kB
SwapCached:       376492 kB
Active:         245678824 kB
Inactive:        8110724 kB
Active(anon):   245328496 kB
Inactive(anon):  7271488 kB
Active(file):     350328 kB
Inactive(file):   839236 kB
Unevictable:       28280 kB
Mlocked:           28280 kB
SwapTotal:       4194300 kB
SwapFree:           3420 kB
Dirty:                 0 kB
Writeback:           144 kB
AnonPages:      252227964 kB
Mapped:           185744 kB
Shmem:             17696 kB
Slab:             735816 kB
SReclaimable:     174016 kB
SUnreclaim:       561800 kB
KernelStack:       53488 kB
PageTables:       598092 kB
NFS_Unstable:          0 kB
Bounce:                0 kB
WritebackTmp:          0 kB
CommitLimit:    136141980 kB
Committed_AS:   330508680 kB
VmallocTotal:   34359738367 kB
VmallocUsed:      863184 kB
VmallocChunk:   34222528124 kB
Percpu:            18176 kB
HardwareCorrupted:     0 kB
AnonHugePages:  141547520 kB
CmaTotal:              0 kB
CmaFree:               0 kB
HugePages_Total:       0
HugePages_Free:        0
HugePages_Rsvd:        0
HugePages_Surp:        0
Hugepagesize:       2048 kB
DirectMap4k:      636520 kB
DirectMap2M:    31731712 kB
DirectMap1G:    235929600 kB

/sys/kernel/mm/transparent_hugepage/enabled:
[always] madvise never

/sys/kernel/mm/transparent_hugepage/defrag (defrag/compaction efforts parameter):
[always] madvise never


/proc/sys/kernel/threads-max (system-wide limit on the number of threads):
2060435


/proc/sys/vm/max_map_count (maximum number of memory map areas a process may have):
65530


/proc/sys/kernel/pid_max (system-wide limit on number of process identifiers):
65536



Steal ticks since vm start: 0
Steal ticks percentage since vm start:  0.000

CPU:total 64 (initial active 1) (32 cores per cpu, 1 threads per core) family 23 model 49 stepping 0, cmov, cx8, fxsr, mmx, sse, sse2, sse3, ssse3, sse4.1, sse4.2, popcnt, avx, avx2, aes, clmul, mmxext, 3dnowpref, lzcnt, sse4a, tsc, tscinvbit, tscinv, bmi1, bmi2, adx, sha, fma
CPU Model and flags from /proc/cpuinfo:
model name	: AMD EPYC 7542 32-Core Processor
flags		: fpu vme de pse tsc msr pae mce cx8 apic sep mtrr pge mca cmov pat pse36 clflush mmx fxsr sse sse2 ht syscall nx mmxext fxsr_opt pdpe1gb rdtscp lm constant_tsc art rep_good nopl nonstop_tsc extd_apicid aperfmperf eagerfpu pni pclmulqdq monitor ssse3 fma cx16 sse4_1 sse4_2 movbe popcnt aes xsave avx f16c rdrand lahf_lm cmp_legacy svm extapic cr8_legacy abm sse4a misalignsse 3dnowprefetch osvw ibs skinit wdt tce topoext perfctr_core perfctr_nb bpext perfctr_l2 cpb cat_l3 cdp_l3 hw_pstate sme retpoline_amd ssbd ibrs ibpb stibp vmmcall fsgsbase bmi1 avx2 smep bmi2 cqm rdt_a rdseed adx smap clflushopt clwb sha_ni xsaveopt xsavec xgetbv1 cqm_llc cqm_occup_llc cqm_mbm_total cqm_mbm_local clzero irperf xsaveerptr arat npt lbrv svm_lock nrip_save tsc_scale vmcb_clean flushbyasid decodeassists pausefilter pfthreshold avic v_vmsave_vmload vgif umip overflow_recov succor smca
Online cpus:0-63
Offline cpus:
BIOS frequency limitation:2900000
Frequency switch latency (ns):0
Available cpu frequencies:2900000 2400000 1500000 
Current governor:conservative
Core performance/turbo boost:1

Memory: 4k page, physical 263895364k(664204k free), swap 4194300k(3420k free)

vm_info: OpenJDK 64-Bit Server VM (13.0.7+5-Ubuntu-0ubuntu120.04) for linux-amd64 JRE (13.0.7+5-Ubuntu-0ubuntu120.04), built on Apr 21 2021 05:36:19 by "unknown" with gcc 9.3.0

END.
