#
# There is insufficient memory for the Java Runtime Environment to continue.
# Native memory allocation (mmap) failed to map 1768308736 bytes for committing reserved memory.
# Possible reasons:
#   The system is out of physical RAM or swap space
# Possible solutions:
#   Reduce memory load on the system
#   Increase physical memory or swap space
#   Check if swap backing store is full
#   Decrease Java heap size (-Xmx/-Xms)
#   Decrease number of Java threads
#   Decrease Java thread stack sizes (-Xss)
#   Set larger code cache with -XX:ReservedCodeCacheSize=
# This output file may be truncated or incomplete.
#
#  Out of Memory Error (os_linux.cpp:2899), pid=14060, tid=14062
#
# JRE version: OpenJDK Runtime Environment (13.0.7+5) (build 13.0.7+5-Ubuntu-0ubuntu120.04)
# Java VM: OpenJDK 64-Bit Server VM (13.0.7+5-Ubuntu-0ubuntu120.04, mixed mode, tiered, serial gc, linux-amd64)
# No core dump will be written. Core dumps have been disabled. To enable core dumping, try "ulimit -c unlimited" before starting Java again
#

---------------  S U M M A R Y ------------

Command Line: -Xmx128g --add-modules=ALL-DEFAULT jdk.compiler/com.sun.tools.javac.launcher.Main /mnt/beegfs/rcabanas/dev/credici/papers/zeros/code/GenerateNparents.java -np 2 -nzr 1.0 -zdr 0.5 -o /mnt/beegfs/rcabanas/dev/credici/papers/zeros/models/s3 -rw -s 171 -ys 3

Host: AMD EPYC 7542 32-Core Processor, 64 cores, 251G, Ubuntu 20.04.4 LTS
Time: Mon Oct 14 13:00:49 2024 CEST elapsed time: 288.571509 seconds (0d 0h 4m 48s)

---------------  T H R E A D  ---------------

Current thread (0x00007fe7c4097800):  VMThread "VM Thread" [stack: 0x00007fe7c8056000,0x00007fe7c8156000] [id=14062]

Stack: [0x00007fe7c8056000,0x00007fe7c8156000],  sp=0x00007fe7c8154160,  free space=1016k
Native frames: (J=compiled Java code, A=aot compiled Java code, j=interpreted, Vv=VM code, C=native code)
V  [libjvm.so+0xf8f092]
V  [libjvm.so+0xf8fc91]
V  [libjvm.so+0x66ee5a]
V  [libjvm.so+0xc44a41]
V  [libjvm.so+0xc3b263]
V  [libjvm.so+0xf87f4b]
V  [libjvm.so+0x557506]
V  [libjvm.so+0x557723]
V  [libjvm.so+0xf18b0c]
V  [libjvm.so+0x557e65]
V  [libjvm.so+0x7e2edb]
V  [libjvm.so+0x7e39bd]
V  [libjvm.so+0x7d8b48]
V  [libjvm.so+0xf90940]
V  [libjvm.so+0xf96657]
V  [libjvm.so+0xf96d2b]
V  [libjvm.so+0xf9706a]
V  [libjvm.so+0xf2208f]
V  [libjvm.so+0xc493ff]

VM_Operation (0x00007fe7c85c5cc0): GenCollectForAllocation, mode: safepoint, requested by thread 0x00007fe7c4018000


---------------  P R O C E S S  ---------------

Threads class SMR info:
_java_thread_list=0x00007fe7c413e430, length=9, elements={
0x00007fe7c4018000, 0x00007fe7c40a3800, 0x00007fe7c40a7000, 0x00007fe7c40d3800,
0x00007fe7c40d5000, 0x00007fe7c40d7000, 0x00007fe7c40d9000, 0x00007fe7c40db000,
0x00007fe7c413d000
}

Java Threads: ( => current thread )
  0x00007fe7c4018000 JavaThread "main" [_thread_blocked, id=14061, stack(0x00007fe7c84c8000,0x00007fe7c85c9000)]
  0x00007fe7c40a3800 JavaThread "Reference Handler" daemon [_thread_blocked, id=14063, stack(0x00007fe7ac689000,0x00007fe7ac78a000)]
  0x00007fe7c40a7000 JavaThread "Finalizer" daemon [_thread_blocked, id=14064, stack(0x00007fc791253000,0x00007fc791354000)]
  0x00007fe7c40d3800 JavaThread "Signal Dispatcher" daemon [_thread_blocked, id=14066, stack(0x00007fc791152000,0x00007fc791253000)]
  0x00007fe7c40d5000 JavaThread "Service Thread" daemon [_thread_blocked, id=14067, stack(0x00007fc791051000,0x00007fc791152000)]
  0x00007fe7c40d7000 JavaThread "C2 CompilerThread0" daemon [_thread_blocked, id=14068, stack(0x00007fc790f50000,0x00007fc791051000)]
  0x00007fe7c40d9000 JavaThread "C1 CompilerThread0" daemon [_thread_blocked, id=14069, stack(0x00007fc790e4f000,0x00007fc790f50000)]
  0x00007fe7c40db000 JavaThread "Sweeper thread" daemon [_thread_blocked, id=14070, stack(0x00007fc790d4e000,0x00007fc790e4f000)]
  0x00007fe7c413d000 JavaThread "Common-Cleaner" daemon [_thread_blocked, id=14071, stack(0x00007fc790c4d000,0x00007fc790d4e000)]

Other Threads:
=>0x00007fe7c4097800 VMThread "VM Thread" [stack: 0x00007fe7c8056000,0x00007fe7c8156000] [id=14062]
  0x00007fe7c4189800 WatcherThread [stack: 0x00007fc790b4d000,0x00007fc790c4d000] [id=14072]

Threads with active compile tasks:

VM state:at safepoint (normal execution)

VM Mutex/Monitor currently owned by a thread:  ([mutex/lock_event])
[0x00007fe7c40140d0] Threads_lock - owner thread: 0x00007fe7c4097800
[0x00007fe7c4014cd0] Heap_lock - owner thread: 0x00007fe7c4018000

Heap:
 def new generation   total 1712384K, used 0K [0x00007fc7ac600000, 0x00007fc820800000, 0x00007fd2570a0000)
  eden space 1522176K,   0% used [0x00007fc7ac600000, 0x00007fc7ac600000, 0x00007fc809480000)
  from space 190208K,   0% used [0x00007fc814e40000, 0x00007fc814e40000, 0x00007fc820800000)
  to   space 190208K,   0% used [0x00007fc809480000, 0x00007fc809480000, 0x00007fc814e40000)
 tenured generation   total 3891144K, used 3370803K [0x00007fd2570a0000, 0x00007fd344892000, 0x00007fe7ac600000)
   the space 3891144K,  86% used [0x00007fd2570a0000, 0x00007fd324c6cc80, 0x00007fd324c6ce00, 0x00007fd344892000)
 Metaspace       used 29870K, capacity 30324K, committed 30464K, reserved 30720K

Card table byte_map: [0x00007fc79c5ff000,0x00007fc7ac600000] _byte_map_base: 0x00007f87b889c000

Polling page: 0x00007fe7c9f54000

Metaspace:

Usage:
   29.61 MB capacity,    29.17 MB ( 99%) used,   349.38 KB (  1%) free+waste,   104.06 KB ( <1%) overhead. 

Virtual space:
     30.00 MB reserved,      29.75 MB (>99%) committed 

Chunk freelists:
116.00 KB

MaxMetaspaceSize: unlimited


CodeHeap 'non-profiled nmethods': size=120036Kb used=1717Kb max_used=1717Kb free=118318Kb
 bounds [0x00007fe7b4251000, 0x00007fe7b44c1000, 0x00007fe7bb78a000]
CodeHeap 'profiled nmethods': size=120032Kb used=7604Kb max_used=7604Kb free=112427Kb
 bounds [0x00007fe7acd19000, 0x00007fe7ad489000, 0x00007fe7b4251000]
CodeHeap 'non-nmethods': size=5692Kb used=1247Kb max_used=1293Kb free=4444Kb
 bounds [0x00007fe7ac78a000, 0x00007fe7ac9fa000, 0x00007fe7acd19000]
 total_blobs=4423 nmethods=3894 adapters=444
 compilation: enabled
              stopped_count=0, restarted_count=0
 full_count=0

Compilation events (20 events):
Event: 253.500 Thread 0x00007fe7c40d9000 3940 %     3       ch.javasoft.metabolic.efm.adj.incore.AbstractAdjacencyEnumerator::adjacentPairs @ 40 (115 bytes)
Event: 253.546 Thread 0x00007fe7c40d9000 nmethod 3940% 0x00007fe7ad480d90 code [0x00007fe7ad481000, 0x00007fe7ad481d20]
Event: 255.476 Thread 0x00007fe7c40d9000 3941       3       ch.javasoft.metabolic.efm.adj.incore.AbstractAdjacencyEnumerator::adjacentPairs (115 bytes)
Event: 255.477 Thread 0x00007fe7c40d9000 nmethod 3941 0x00007fe7ad482190 code [0x00007fe7ad482400, 0x00007fe7ad482fa0]
Event: 255.614 Thread 0x00007fe7c40d7000 3942 %     4       ch.javasoft.metabolic.efm.adj.incore.AbstractAdjacencyEnumerator::adjacentPairs @ 40 (115 bytes)
Event: 255.658 Thread 0x00007fe7c40d7000 nmethod 3942% 0x00007fe7b43f7a90 code [0x00007fe7b43f7c60, 0x00007fe7b43f8468]
Event: 255.663 Thread 0x00007fe7c40d7000 3943       4       ch.javasoft.metabolic.efm.adj.incore.AbstractAdjacencyEnumerator::adjacentPairs (115 bytes)
Event: 255.691 Thread 0x00007fe7c40d7000 nmethod 3943 0x00007fe7b43f8d10 code [0x00007fe7b43f8f00, 0x00007fe7b43f9918]
Event: 259.079 Thread 0x00007fe7c40d9000 3944       3       ch.javasoft.math.BigFraction::divide (99 bytes)
Event: 259.081 Thread 0x00007fe7c40d9000 nmethod 3944 0x00007fe7ad483410 code [0x00007fe7ad483680, 0x00007fe7ad483fd0]
Event: 259.081 Thread 0x00007fe7c40d9000 3945       3       ch.javasoft.math.ops.BigFractionOperations::reduceVector (67 bytes)
Event: 259.082 Thread 0x00007fe7c40d9000 nmethod 3945 0x00007fe7ad484390 code [0x00007fe7ad4845c0, 0x00007fe7ad484e10]
Event: 259.089 Thread 0x00007fe7c40d7000 3946       4       ch.javasoft.math.BigFraction::divide (99 bytes)
Event: 259.123 Thread 0x00007fe7c40d7000 nmethod 3946 0x00007fe7b43fa310 code [0x00007fe7b43fa540, 0x00007fe7b43fb3b8]
Event: 259.123 Thread 0x00007fe7c40d7000 3947       4       ch.javasoft.math.ops.BigFractionOperations::reduceVector (67 bytes)
Event: 259.147 Thread 0x00007fe7c40d7000 nmethod 3947 0x00007fe7b43fbe90 code [0x00007fe7b43fc060, 0x00007fe7b43fc5a8]
Event: 259.414 Thread 0x00007fe7c40d9000 3948       3       ch.javasoft.math.BigFraction::gcd (151 bytes)
Event: 259.416 Thread 0x00007fe7c40d9000 nmethod 3948 0x00007fe7ad485190 code [0x00007fe7ad485400, 0x00007fe7ad485d40]
Event: 259.430 Thread 0x00007fe7c40d7000 3949       4       ch.javasoft.math.BigFraction::gcd (151 bytes)
Event: 259.468 Thread 0x00007fe7c40d7000 nmethod 3949 0x00007fe7b43fcb10 code [0x00007fe7b43fcd40, 0x00007fe7b43fdbd8]

GC Heap History (20 events):
Event: 255.475 GC heap after
{Heap after GC invocations=42 (full 3):
 def new generation   total 1712384K, used 190207K [0x00007fc7ac600000, 0x00007fc820800000, 0x00007fd2570a0000)
  eden space 1522176K,   0% used [0x00007fc7ac600000, 0x00007fc7ac600000, 0x00007fc809480000)
  from space 190208K,  99% used [0x00007fc809480000, 0x00007fc814e3ffe8, 0x00007fc814e40000)
  to   space 190208K,   0% used [0x00007fc814e40000, 0x00007fc814e40000, 0x00007fc820800000)
 tenured generation   total 3805128K, used 2730022K [0x00007fd2570a0000, 0x00007fd33f492000, 0x00007fe7ac600000)
   the space 3805128K,  71% used [0x00007fd2570a0000, 0x00007fd2fdaa9bd8, 0x00007fd2fdaa9c00, 0x00007fd33f492000)
 Metaspace       used 29870K, capacity 30324K, committed 30464K, reserved 30720K
}
Event: 256.501 GC heap before
{Heap before GC invocations=42 (full 3):
 def new generation   total 1712384K, used 1712383K [0x00007fc7ac600000, 0x00007fc820800000, 0x00007fd2570a0000)
  eden space 1522176K, 100% used [0x00007fc7ac600000, 0x00007fc809480000, 0x00007fc809480000)
  from space 190208K,  99% used [0x00007fc809480000, 0x00007fc814e3ffe8, 0x00007fc814e40000)
  to   space 190208K,   0% used [0x00007fc814e40000, 0x00007fc814e40000, 0x00007fc820800000)
 tenured generation   total 3805128K, used 2730022K [0x00007fd2570a0000, 0x00007fd33f492000, 0x00007fe7ac600000)
   the space 3805128K,  71% used [0x00007fd2570a0000, 0x00007fd2fdaa9bd8, 0x00007fd2fdaa9c00, 0x00007fd33f492000)
 Metaspace       used 29870K, capacity 30324K, committed 30464K, reserved 30720K
}
Event: 257.341 GC heap after
{Heap after GC invocations=43 (full 3):
 def new generation   total 1712384K, used 120012K [0x00007fc7ac600000, 0x00007fc820800000, 0x00007fd2570a0000)
  eden space 1522176K,   0% used [0x00007fc7ac600000, 0x00007fc7ac600000, 0x00007fc809480000)
  from space 190208K,  63% used [0x00007fc814e40000, 0x00007fc81c373260, 0x00007fc820800000)
  to   space 190208K,   0% used [0x00007fc809480000, 0x00007fc809480000, 0x00007fc814e40000)
 tenured generation   total 3805128K, used 2920230K [0x00007fd2570a0000, 0x00007fd33f492000, 0x00007fe7ac600000)
   the space 3805128K,  76% used [0x00007fd2570a0000, 0x00007fd309469860, 0x00007fd309469a00, 0x00007fd33f492000)
 Metaspace       used 29870K, capacity 30324K, committed 30464K, reserved 30720K
}
Event: 258.226 GC heap before
{Heap before GC invocations=43 (full 3):
 def new generation   total 1712384K, used 1642188K [0x00007fc7ac600000, 0x00007fc820800000, 0x00007fd2570a0000)
  eden space 1522176K, 100% used [0x00007fc7ac600000, 0x00007fc809480000, 0x00007fc809480000)
  from space 190208K,  63% used [0x00007fc814e40000, 0x00007fc81c373260, 0x00007fc820800000)
  to   space 190208K,   0% used [0x00007fc809480000, 0x00007fc809480000, 0x00007fc814e40000)
 tenured generation   total 3805128K, used 2920230K [0x00007fd2570a0000, 0x00007fd33f492000, 0x00007fe7ac600000)
   the space 3805128K,  76% used [0x00007fd2570a0000, 0x00007fd309469860, 0x00007fd309469a00, 0x00007fd33f492000)
 Metaspace       used 29870K, capacity 30324K, committed 30464K, reserved 30720K
}
Event: 259.045 GC heap after
{Heap after GC invocations=44 (full 3):
 def new generation   total 1712384K, used 122395K [0x00007fc7ac600000, 0x00007fc820800000, 0x00007fd2570a0000)
  eden space 1522176K,   0% used [0x00007fc7ac600000, 0x00007fc7ac600000, 0x00007fc809480000)
  from space 190208K,  64% used [0x00007fc809480000, 0x00007fc810c06cd0, 0x00007fc814e40000)
  to   space 190208K,   0% used [0x00007fc814e40000, 0x00007fc814e40000, 0x00007fc820800000)
 tenured generation   total 3805128K, used 3040242K [0x00007fd2570a0000, 0x00007fd33f492000, 0x00007fe7ac600000)
   the space 3805128K,  79% used [0x00007fd2570a0000, 0x00007fd31099c900, 0x00007fd31099ca00, 0x00007fd33f492000)
 Metaspace       used 29870K, capacity 30324K, committed 30464K, reserved 30720K
}
Event: 260.039 GC heap before
{Heap before GC invocations=44 (full 3):
 def new generation   total 1712384K, used 1644571K [0x00007fc7ac600000, 0x00007fc820800000, 0x00007fd2570a0000)
  eden space 1522176K, 100% used [0x00007fc7ac600000, 0x00007fc809480000, 0x00007fc809480000)
  from space 190208K,  64% used [0x00007fc809480000, 0x00007fc810c06cd0, 0x00007fc814e40000)
  to   space 190208K,   0% used [0x00007fc814e40000, 0x00007fc814e40000, 0x00007fc820800000)
 tenured generation   total 3805128K, used 3040242K [0x00007fd2570a0000, 0x00007fd33f492000, 0x00007fe7ac600000)
   the space 3805128K,  79% used [0x00007fd2570a0000, 0x00007fd31099c900, 0x00007fd31099ca00, 0x00007fd33f492000)
 Metaspace       used 29870K, capacity 30324K, committed 30464K, reserved 30720K
}
Event: 260.856 GC heap after
{Heap after GC invocations=45 (full 3):
 def new generation   total 1712384K, used 121907K [0x00007fc7ac600000, 0x00007fc820800000, 0x00007fd2570a0000)
  eden space 1522176K,   0% used [0x00007fc7ac600000, 0x00007fc7ac600000, 0x00007fc809480000)
  from space 190208K,  64% used [0x00007fc814e40000, 0x00007fc81c54cec0, 0x00007fc820800000)
  to   space 190208K,   0% used [0x00007fc809480000, 0x00007fc809480000, 0x00007fc814e40000)
 tenured generation   total 3805128K, used 3162636K [0x00007fd2570a0000, 0x00007fd33f492000, 0x00007fe7ac600000)
   the space 3805128K,  83% used [0x00007fd2570a0000, 0x00007fd3181233d0, 0x00007fd318123400, 0x00007fd33f492000)
 Metaspace       used 29870K, capacity 30324K, committed 30464K, reserved 30720K
}
Event: 261.743 GC heap before
{Heap before GC invocations=45 (full 3):
 def new generation   total 1712384K, used 1644083K [0x00007fc7ac600000, 0x00007fc820800000, 0x00007fd2570a0000)
  eden space 1522176K, 100% used [0x00007fc7ac600000, 0x00007fc809480000, 0x00007fc809480000)
  from space 190208K,  64% used [0x00007fc814e40000, 0x00007fc81c54cec0, 0x00007fc820800000)
  to   space 190208K,   0% used [0x00007fc809480000, 0x00007fc809480000, 0x00007fc814e40000)
 tenured generation   total 3805128K, used 3162636K [0x00007fd2570a0000, 0x00007fd33f492000, 0x00007fe7ac600000)
   the space 3805128K,  83% used [0x00007fd2570a0000, 0x00007fd3181233d0, 0x00007fd318123400, 0x00007fd33f492000)
 Metaspace       used 29870K, capacity 30324K, committed 30464K, reserved 30720K
}
Event: 262.517 GC heap after
{Heap after GC invocations=46 (full 3):
 def new generation   total 1712384K, used 121760K [0x00007fc7ac600000, 0x00007fc820800000, 0x00007fd2570a0000)
  eden space 1522176K,   0% used [0x00007fc7ac600000, 0x00007fc7ac600000, 0x00007fc809480000)
  from space 190208K,  64% used [0x00007fc809480000, 0x00007fc810b68308, 0x00007fc814e40000)
  to   space 190208K,   0% used [0x00007fc814e40000, 0x00007fc814e40000, 0x00007fc820800000)
 tenured generation   total 3805128K, used 3284544K [0x00007fd2570a0000, 0x00007fd33f492000, 0x00007fe7ac600000)
   the space 3805128K,  86% used [0x00007fd2570a0000, 0x00007fd31f830050, 0x00007fd31f830200, 0x00007fd33f492000)
 Metaspace       used 29870K, capacity 30324K, committed 30464K, reserved 30720K
}
Event: 263.352 GC heap before
{Heap before GC invocations=46 (full 3):
 def new generation   total 1712384K, used 1643936K [0x00007fc7ac600000, 0x00007fc820800000, 0x00007fd2570a0000)
  eden space 1522176K, 100% used [0x00007fc7ac600000, 0x00007fc809480000, 0x00007fc809480000)
  from space 190208K,  64% used [0x00007fc809480000, 0x00007fc810b68308, 0x00007fc814e40000)
  to   space 190208K,   0% used [0x00007fc814e40000, 0x00007fc814e40000, 0x00007fc820800000)
 tenured generation   total 3805128K, used 3284544K [0x00007fd2570a0000, 0x00007fd33f492000, 0x00007fe7ac600000)
   the space 3805128K,  86% used [0x00007fd2570a0000, 0x00007fd31f830050, 0x00007fd31f830200, 0x00007fd33f492000)
 Metaspace       used 29870K, capacity 30324K, committed 30464K, reserved 30720K
}
Event: 264.105 GC heap after
{Heap after GC invocations=47 (full 3):
 def new generation   total 1712384K, used 120870K [0x00007fc7ac600000, 0x00007fc820800000, 0x00007fd2570a0000)
  eden space 1522176K,   0% used [0x00007fc7ac600000, 0x00007fc7ac600000, 0x00007fc809480000)
  from space 190208K,  63% used [0x00007fc814e40000, 0x00007fc81c4499d8, 0x00007fc820800000)
  to   space 190208K,   0% used [0x00007fc809480000, 0x00007fc809480000, 0x00007fc814e40000)
 tenured generation   total 3805128K, used 3406304K [0x00007fd2570a0000, 0x00007fd33f492000, 0x00007fe7ac600000)
   the space 3805128K,  89% used [0x00007fd2570a0000, 0x00007fd326f182b8, 0x00007fd326f18400, 0x00007fd33f492000)
 Metaspace       used 29870K, capacity 30324K, committed 30464K, reserved 30720K
}
Event: 265.007 GC heap before
{Heap before GC invocations=47 (full 3):
 def new generation   total 1712384K, used 1643046K [0x00007fc7ac600000, 0x00007fc820800000, 0x00007fd2570a0000)
  eden space 1522176K, 100% used [0x00007fc7ac600000, 0x00007fc809480000, 0x00007fc809480000)
  from space 190208K,  63% used [0x00007fc814e40000, 0x00007fc81c4499d8, 0x00007fc820800000)
  to   space 190208K,   0% used [0x00007fc809480000, 0x00007fc809480000, 0x00007fc814e40000)
 tenured generation   total 3805128K, used 3406304K [0x00007fd2570a0000, 0x00007fd33f492000, 0x00007fe7ac600000)
   the space 3805128K,  89% used [0x00007fd2570a0000, 0x00007fd326f182b8, 0x00007fd326f18400, 0x00007fd33f492000)
 Metaspace       used 29870K, capacity 30324K, committed 30464K, reserved 30720K
}
Event: 265.764 GC heap after
{Heap after GC invocations=48 (full 3):
 def new generation   total 1712384K, used 121245K [0x00007fc7ac600000, 0x00007fc820800000, 0x00007fd2570a0000)
  eden space 1522176K,   0% used [0x00007fc7ac600000, 0x00007fc7ac600000, 0x00007fc809480000)
  from space 190208K,  63% used [0x00007fc809480000, 0x00007fc810ae7790, 0x00007fc814e40000)
  to   space 190208K,   0% used [0x00007fc814e40000, 0x00007fc814e40000, 0x00007fc820800000)
 tenured generation   total 3805128K, used 3527174K [0x00007fd2570a0000, 0x00007fd33f492000, 0x00007fe7ac600000)
   the space 3805128K,  92% used [0x00007fd2570a0000, 0x00007fd32e521a40, 0x00007fd32e521c00, 0x00007fd33f492000)
 Metaspace       used 29870K, capacity 30324K, committed 30464K, reserved 30720K
}
Event: 266.634 GC heap before
{Heap before GC invocations=48 (full 3):
 def new generation   total 1712384K, used 1643421K [0x00007fc7ac600000, 0x00007fc820800000, 0x00007fd2570a0000)
  eden space 1522176K, 100% used [0x00007fc7ac600000, 0x00007fc809480000, 0x00007fc809480000)
  from space 190208K,  63% used [0x00007fc809480000, 0x00007fc810ae7790, 0x00007fc814e40000)
  to   space 190208K,   0% used [0x00007fc814e40000, 0x00007fc814e40000, 0x00007fc820800000)
 tenured generation   total 3805128K, used 3527174K [0x00007fd2570a0000, 0x00007fd33f492000, 0x00007fe7ac600000)
   the space 3805128K,  92% used [0x00007fd2570a0000, 0x00007fd32e521a40, 0x00007fd32e521c00, 0x00007fd33f492000)
 Metaspace       used 29870K, capacity 30324K, committed 30464K, reserved 30720K
}
Event: 267.534 GC heap after
{Heap after GC invocations=49 (full 3):
 def new generation   total 1712384K, used 120867K [0x00007fc7ac600000, 0x00007fc820800000, 0x00007fd2570a0000)
  eden space 1522176K,   0% used [0x00007fc7ac600000, 0x00007fc7ac600000, 0x00007fc809480000)
  from space 190208K,  63% used [0x00007fc814e40000, 0x00007fc81c448e30, 0x00007fc820800000)
  to   space 190208K,   0% used [0x00007fc809480000, 0x00007fc809480000, 0x00007fc814e40000)
 tenured generation   total 3805128K, used 3648420K [0x00007fd2570a0000, 0x00007fd33f492000, 0x00007fe7ac600000)
   the space 3805128K,  95% used [0x00007fd2570a0000, 0x00007fd335b890a0, 0x00007fd335b89200, 0x00007fd33f492000)
 Metaspace       used 29870K, capacity 30324K, committed 30464K, reserved 30720K
}
Event: 268.620 GC heap before
{Heap before GC invocations=49 (full 3):
 def new generation   total 1712384K, used 1643043K [0x00007fc7ac600000, 0x00007fc820800000, 0x00007fd2570a0000)
  eden space 1522176K, 100% used [0x00007fc7ac600000, 0x00007fc809480000, 0x00007fc809480000)
  from space 190208K,  63% used [0x00007fc814e40000, 0x00007fc81c448e30, 0x00007fc820800000)
  to   space 190208K,   0% used [0x00007fc809480000, 0x00007fc809480000, 0x00007fc814e40000)
 tenured generation   total 3805128K, used 3648420K [0x00007fd2570a0000, 0x00007fd33f492000, 0x00007fe7ac600000)
   the space 3805128K,  95% used [0x00007fd2570a0000, 0x00007fd335b890a0, 0x00007fd335b89200, 0x00007fd33f492000)
 Metaspace       used 29870K, capacity 30324K, committed 30464K, reserved 30720K
}
Event: 270.416 GC heap after
{Heap after GC invocations=50 (full 3):
 def new generation   total 1712384K, used 121758K [0x00007fc7ac600000, 0x00007fc820800000, 0x00007fd2570a0000)
  eden space 1522176K,   0% used [0x00007fc7ac600000, 0x00007fc7ac600000, 0x00007fc809480000)
  from space 190208K,  64% used [0x00007fc809480000, 0x00007fc810b67800, 0x00007fc814e40000)
  to   space 190208K,   0% used [0x00007fc814e40000, 0x00007fc814e40000, 0x00007fc820800000)
 tenured generation   total 3805128K, used 3769287K [0x00007fd2570a0000, 0x00007fd33f492000, 0x00007fe7ac600000)
   the space 3805128K,  99% used [0x00007fd2570a0000, 0x00007fd33d191c90, 0x00007fd33d191e00, 0x00007fd33f492000)
 Metaspace       used 29870K, capacity 30324K, committed 30464K, reserved 30720K
}
Event: 271.430 GC heap before
{Heap before GC invocations=50 (full 3):
 def new generation   total 1712384K, used 1643934K [0x00007fc7ac600000, 0x00007fc820800000, 0x00007fd2570a0000)
  eden space 1522176K, 100% used [0x00007fc7ac600000, 0x00007fc809480000, 0x00007fc809480000)
  from space 190208K,  64% used [0x00007fc809480000, 0x00007fc810b67800, 0x00007fc814e40000)
  to   space 190208K,   0% used [0x00007fc814e40000, 0x00007fc814e40000, 0x00007fc820800000)
 tenured generation   total 3805128K, used 3769287K [0x00007fd2570a0000, 0x00007fd33f492000, 0x00007fe7ac600000)
   the space 3805128K,  99% used [0x00007fd2570a0000, 0x00007fd33d191c90, 0x00007fd33d191e00, 0x00007fd33f492000)
 Metaspace       used 29870K, capacity 30324K, committed 30464K, reserved 30720K
}
Event: 272.194 GC heap after
{Heap after GC invocations=51 (full 3):
 def new generation   total 1712384K, used 122970K [0x00007fc7ac600000, 0x00007fc820800000, 0x00007fd2570a0000)
  eden space 1522176K,   0% used [0x00007fc7ac600000, 0x00007fc7ac600000, 0x00007fc809480000)
  from space 190208K,  64% used [0x00007fc814e40000, 0x00007fc81c656858, 0x00007fc820800000)
  to   space 190208K,   0% used [0x00007fc809480000, 0x00007fc809480000, 0x00007fc814e40000)
 tenured generation   total 3891144K, used 3891044K [0x00007fd2570a0000, 0x00007fd344892000, 0x00007fe7ac600000)
   the space 3891144K,  99% used [0x00007fd2570a0000, 0x00007fd344879170, 0x00007fd344879200, 0x00007fd344892000)
 Metaspace       used 29870K, capacity 30324K, committed 30464K, reserved 30720K
}
Event: 272.194 GC heap before
{Heap before GC invocations=51 (full 3):
 def new generation   total 1712384K, used 122970K [0x00007fc7ac600000, 0x00007fc820800000, 0x00007fd2570a0000)
  eden space 1522176K,   0% used [0x00007fc7ac600000, 0x00007fc7ac600000, 0x00007fc809480000)
  from space 190208K,  64% used [0x00007fc814e40000, 0x00007fc81c656858, 0x00007fc820800000)
  to   space 190208K,   0% used [0x00007fc809480000, 0x00007fc809480000, 0x00007fc814e40000)
 tenured generation   total 3891144K, used 3891044K [0x00007fd2570a0000, 0x00007fd344892000, 0x00007fe7ac600000)
   the space 3891144K,  99% used [0x00007fd2570a0000, 0x00007fd344879170, 0x00007fd344879200, 0x00007fd344892000)
 Metaspace       used 29870K, capacity 30324K, committed 30464K, reserved 30720K
}

Deoptimization events (20 events):
Event: 259.079 Thread 0x00007fe7c4018000 DEOPT PACKING pc=0x00007fe7b43efde8 sp=0x00007fe7c85c5d70
Event: 259.079 Thread 0x00007fe7c4018000 DEOPT UNPACKING pc=0x00007fe7ac7d2e25 sp=0x00007fe7c85c5cc0 mode 2
Event: 259.079 Thread 0x00007fe7c4018000 Uncommon trap: trap_request=0xffffff45 fr.pc=0x00007fe7b4377f70 relative=0x0000000000000a30
Event: 259.079 Thread 0x00007fe7c4018000 Uncommon trap: reason=unstable_if action=reinterpret pc=0x00007fe7b4377f70 method=ch.javasoft.math.BigFraction.divide(Lch/javasoft/math/BigFraction;)Lch/javasoft/math/BigFraction; @ 38 c2
Event: 259.079 Thread 0x00007fe7c4018000 DEOPT PACKING pc=0x00007fe7b4377f70 sp=0x00007fe7c85c5ce0
Event: 259.079 Thread 0x00007fe7c4018000 DEOPT UNPACKING pc=0x00007fe7ac7d2e25 sp=0x00007fe7c85c5cb8 mode 2
Event: 259.087 Thread 0x00007fe7c4018000 DEOPT PACKING pc=0x00007fe7ad484d43 sp=0x00007fe7c85c5d60
Event: 259.087 Thread 0x00007fe7c4018000 DEOPT UNPACKING pc=0x00007fe7ac7d333a sp=0x00007fe7c85c5230 mode 0
Event: 259.131 Thread 0x00007fe7c4018000 DEOPT PACKING pc=0x00007fe7ad484d43 sp=0x00007fe7c85c5d60
Event: 259.131 Thread 0x00007fe7c4018000 DEOPT UNPACKING pc=0x00007fe7ac7d333a sp=0x00007fe7c85c5230 mode 0
Event: 259.144 Thread 0x00007fe7c4018000 DEOPT PACKING pc=0x00007fe7ad484d43 sp=0x00007fe7c85c5d60
Event: 259.144 Thread 0x00007fe7c4018000 DEOPT UNPACKING pc=0x00007fe7ac7d333a sp=0x00007fe7c85c5230 mode 0
Event: 259.414 Thread 0x00007fe7c4018000 Uncommon trap: trap_request=0xffffff45 fr.pc=0x00007fe7b43f2038 relative=0x0000000000000af8
Event: 259.414 Thread 0x00007fe7c4018000 Uncommon trap: reason=unstable_if action=reinterpret pc=0x00007fe7b43f2038 method=ch.javasoft.math.BigFraction.gcd([Lch/javasoft/math/BigFraction;)Lch/javasoft/math/BigFraction; @ 24 c2
Event: 259.414 Thread 0x00007fe7c4018000 DEOPT PACKING pc=0x00007fe7b43f2038 sp=0x00007fe7c85c5d20
Event: 259.414 Thread 0x00007fe7c4018000 DEOPT UNPACKING pc=0x00007fe7ac7d2e25 sp=0x00007fe7c85c5ce0 mode 2
Event: 259.419 Thread 0x00007fe7c4018000 DEOPT PACKING pc=0x00007fe7ad485bad sp=0x00007fe7c85c5ce0
Event: 259.419 Thread 0x00007fe7c4018000 DEOPT UNPACKING pc=0x00007fe7ac7d333a sp=0x00007fe7c85c51c8 mode 0
Event: 259.460 Thread 0x00007fe7c4018000 DEOPT PACKING pc=0x00007fe7ad485bad sp=0x00007fe7c85c5ce0
Event: 259.460 Thread 0x00007fe7c4018000 DEOPT UNPACKING pc=0x00007fe7ac7d333a sp=0x00007fe7c85c51c8 mode 0

Classes unloaded (0 events):
No events

Classes redefined (0 events):
No events

Internal exceptions (20 events):
Event: 2.636 Thread 0x00007fe7c4018000 Exception <a 'java/lang/NoSuchMethodError'{0x00007fc7b19919a8}: 'java.lang.Object java.lang.invoke.DirectMethodHandle$Holder.invokeStatic(java.lang.Object, java.lang.Object, int, java.lang.Object)'> (0x00007fc7b19919a8) 
thrown [src/hotspot/share/interpreter/linkResolver.cpp, line 766]
Event: 2.637 Thread 0x00007fe7c4018000 Exception <a 'java/lang/NoSuchMethodError'{0x00007fc7b199a2c0}: 'java.lang.Object java.lang.invoke.Invokers$Holder.linkToTargetMethod(java.lang.Object, int, java.lang.Object, java.lang.Object)'> (0x00007fc7b199a2c0) 
thrown [src/hotspot/share/interpreter/linkResolver.cpp, line 766]
Event: 2.728 Thread 0x00007fe7c4018000 Exception <a 'java/lang/NoSuchMethodError'{0x00007fc7b1a95a90}: 'java.lang.Object java.lang.invoke.DirectMethodHandle$Holder.invokeSpecial(java.lang.Object, java.lang.Object, java.lang.Object, java.lang.Object, java.lang.Object, java.lang.Object, java.lang.Object, java.lang.Object, java.lang.Object)'> (0x00007fc7b1a95a90) 
thrown [src/hotspot/share/interpreter/linkResolver.cpp, line 766]
Event: 2.736 Thread 0x00007fe7c4018000 Exception <a 'java/lang/NoSuchMethodError'{0x00007fc7b1a9a7b8}: 'java.lang.Object java.lang.invoke.Invokers$Holder.linkToTargetMethod(java.lang.Object, java.lang.Object, java.lang.Object, java.lang.Object, java.lang.Object, java.lang.Object, java.lang.Object, java.lang.Object)'> (0x00007fc7b1a9a7b8) 
thrown [src/hotspot/share/interpreter/linkResolver.cpp, line 766]
Event: 2.763 Thread 0x00007fe7c4018000 Exception <a 'java/lang/NoSuchMethodError'{0x00007fc7b1b4c730}: 'java.lang.Object java.lang.invoke.Invokers$Holder.linkToTargetMethod(java.lang.Object, java.lang.Object, java.lang.Object, java.lang.Object, java.lang.Object, java.lang.Object, java.lang.Object)'> (0x00007fc7b1b4c730) 
thrown [src/hotspot/share/interpreter/linkResolver.cpp, line 766]
Event: 3.299 Thread 0x00007fe7c4018000 Implicit null exception at 0x00007fe7b42b1245 to 0x00007fe7b42b1418
Event: 3.299 Thread 0x00007fe7c4018000 Implicit null exception at 0x00007fe7b427ea0f to 0x00007fe7b427ea79
Event: 3.630 Thread 0x00007fe7c4018000 Implicit null exception at 0x00007fe7b4290bc8 to 0x00007fe7b4290c4a
Event: 3.904 Thread 0x00007fe7c4018000 Exception <a 'java/lang/NoSuchMethodError'{0x00007fc7b2966a58}: 'java.lang.Object java.lang.invoke.DirectMethodHandle$Holder.invokeSpecial(java.lang.Object, java.lang.Object, int, java.lang.Object, java.lang.Object)'> (0x00007fc7b2966a58) 
thrown [src/hotspot/share/interpreter/linkResolver.cpp, line 766]
Event: 3.923 Thread 0x00007fe7c4018000 Exception <a 'java/lang/NoSuchMethodError'{0x00007fc7b29b1748}: 'java.lang.Object java.lang.invoke.Invokers$Holder.linkToTargetMethod(java.lang.Object, long, java.lang.Object)'> (0x00007fc7b29b1748) 
thrown [src/hotspot/share/interpreter/linkResolver.cpp, line 766]
Event: 4.172 Thread 0x00007fe7c40a7000 Implicit null exception at 0x00007fe7b42a454c to 0x00007fe7b42a4600
Event: 4.179 Thread 0x00007fe7c4018000 Exception <a 'java/lang/NoSuchMethodError'{0x00007fc7ac615ac0}: 'java.lang.Object java.lang.invoke.Invokers$Holder.invokeExact_MT(java.lang.Object, java.lang.Object, java.lang.Object, java.lang.Object, java.lang.Object, java.lang.Object)'> (0x00007fc7ac615ac0) 
thrown [src/hotspot/share/interpreter/linkResolver.cpp, line 766]
Event: 4.284 Thread 0x00007fe7c4018000 Exception <a 'java/lang/NoSuchMethodError'{0x00007fc7ac7536a0}: 'int java.lang.invoke.DirectMethodHandle$Holder.invokeStatic(java.lang.Object, java.lang.Object, int)'> (0x00007fc7ac7536a0) 
thrown [src/hotspot/share/interpreter/linkResolver.cpp, line 766]
Event: 4.492 Thread 0x00007fe7c4018000 Exception <a 'java/lang/NoSuchMethodError'{0x00007fc7ac9c9d18}: 'int java.lang.invoke.DirectMethodHandle$Holder.invokeStatic(java.lang.Object, java.lang.Object, java.lang.Object, int)'> (0x00007fc7ac9c9d18) 
thrown [src/hotspot/share/interpreter/linkResolver.cpp, line 766]
Event: 5.450 Thread 0x00007fe7c4018000 Exception <a 'java/lang/ClassNotFoundException'{0x00007fc7b483ed10}: com/sun/org/apache/xerces/internal/impl/msg/spi/SAXMessagesProvider> (0x00007fc7b483ed10) 
thrown [src/hotspot/share/classfile/systemDictionary.cpp, line 232]
Event: 6.317 Thread 0x00007fe7c4018000 Exception <a 'java/lang/NoSuchMethodError'{0x00007fc7b5e660a8}: 'java.lang.Object java.lang.invoke.DirectMethodHandle$Holder.invokeStaticInit(java.lang.Object, java.lang.Object, java.lang.Object)'> (0x00007fc7b5e660a8) 
thrown [src/hotspot/share/interpreter/linkResolver.cpp, line 766]
Event: 6.320 Thread 0x00007fe7c4018000 Exception <a 'java/lang/NoSuchMethodError'{0x00007fc7b5e71070}: 'void java.lang.invoke.DirectMethodHandle$Holder.invokeStatic(java.lang.Object, java.lang.Object, java.lang.Object, java.lang.Object, java.lang.Object, java.lang.Object)'> (0x00007fc7b5e71070) 
thrown [src/hotspot/share/interpreter/linkResolver.cpp, line 766]
Event: 6.338 Thread 0x00007fe7c4018000 Exception <a 'java/lang/NoSuchMethodError'{0x00007fc7b5ea8d68}: 'void java.lang.invoke.DirectMethodHandle$Holder.invokeStaticInit(java.lang.Object, java.lang.Object, java.lang.Object)'> (0x00007fc7b5ea8d68) 
thrown [src/hotspot/share/interpreter/linkResolver.cpp, line 766]
Event: 6.361 Thread 0x00007fe7c4018000 Exception <a 'java/net/UnknownHostException'{0x00007fc7b5eca090}> (0x00007fc7b5eca090) 
thrown [src/hotspot/share/prims/jni.cpp, line 598]
Event: 15.949 Thread 0x00007fe7c4018000 Implicit null exception at 0x00007fe7b43df9cc to 0x00007fe7b43dfa50

Events (20 events):
Event: 207.758 Executing VM operation: GenCollectForAllocation done
Event: 253.546 Executing VM operation: GenCollectForAllocation
Event: 255.475 Executing VM operation: GenCollectForAllocation done
Event: 256.500 Executing VM operation: GenCollectForAllocation
Event: 257.341 Executing VM operation: GenCollectForAllocation done
Event: 258.226 Executing VM operation: GenCollectForAllocation
Event: 259.045 Executing VM operation: GenCollectForAllocation done
Event: 260.039 Executing VM operation: GenCollectForAllocation
Event: 260.856 Executing VM operation: GenCollectForAllocation done
Event: 261.743 Executing VM operation: GenCollectForAllocation
Event: 262.517 Executing VM operation: GenCollectForAllocation done
Event: 263.352 Executing VM operation: GenCollectForAllocation
Event: 264.105 Executing VM operation: GenCollectForAllocation done
Event: 265.006 Executing VM operation: GenCollectForAllocation
Event: 265.764 Executing VM operation: GenCollectForAllocation done
Event: 266.634 Executing VM operation: GenCollectForAllocation
Event: 267.534 Executing VM operation: GenCollectForAllocation done
Event: 268.499 Executing VM operation: GenCollectForAllocation
Event: 270.424 Executing VM operation: GenCollectForAllocation done
Event: 271.425 Executing VM operation: GenCollectForAllocation


Dynamic libraries:
55c0a031d000-55c0a031e000 r--p 00000000 07:3d 4860                       /usr/lib/jvm/java-13-openjdk-amd64/bin/java
55c0a031e000-55c0a031f000 r-xp 00001000 07:3d 4860                       /usr/lib/jvm/java-13-openjdk-amd64/bin/java
55c0a031f000-55c0a0320000 r--p 00002000 07:3d 4860                       /usr/lib/jvm/java-13-openjdk-amd64/bin/java
55c0a0320000-55c0a0321000 r--p 00002000 07:3d 4860                       /usr/lib/jvm/java-13-openjdk-amd64/bin/java
55c0a0321000-55c0a0322000 rw-p 00003000 07:3d 4860                       /usr/lib/jvm/java-13-openjdk-amd64/bin/java
55c0a1e31000-55c0a1e52000 rw-p 00000000 00:00 0                          [heap]
7fc760000000-7fc76047a000 rw-p 00000000 00:00 0 
7fc76047a000-7fc764000000 ---p 00000000 00:00 0 
7fc764000000-7fc764021000 rw-p 00000000 00:00 0 
7fc764021000-7fc768000000 ---p 00000000 00:00 0 
7fc76b066000-7fc76b226000 rw-p 00000000 00:00 0 
7fc76b226000-7fc76b266000 ---p 00000000 00:00 0 
7fc76b266000-7fc76b466000 rw-p 00000000 00:00 0 
7fc76b466000-7fc76b666000 rw-p 00000000 00:00 0 
7fc76b666000-7fc76b866000 rw-p 00000000 00:00 0 
7fc76b866000-7fc76ba66000 rw-p 00000000 00:00 0 
7fc76bc00000-7fc76be00000 rw-p 00000000 00:00 0 
7fc76be00000-7fc76c000000 rw-p 00000000 00:00 0 
7fc76c000000-7fc76c021000 rw-p 00000000 00:00 0 
7fc76c021000-7fc770000000 ---p 00000000 00:00 0 
7fc770000000-7fc770021000 rw-p 00000000 00:00 0 
7fc770021000-7fc774000000 ---p 00000000 00:00 0 
7fc774000000-7fc775c1c000 rw-p 00000000 00:00 0 
7fc775c1c000-7fc778000000 ---p 00000000 00:00 0 
7fc778000000-7fc778b3f000 rw-p 00000000 00:00 0 
7fc778b3f000-7fc77c000000 ---p 00000000 00:00 0 
7fc77c000000-7fc77c021000 rw-p 00000000 00:00 0 
7fc77c021000-7fc780000000 ---p 00000000 00:00 0 
7fc780000000-7fc780021000 rw-p 00000000 00:00 0 
7fc780021000-7fc784000000 ---p 00000000 00:00 0 
7fc784000000-7fc784021000 rw-p 00000000 00:00 0 
7fc784021000-7fc788000000 ---p 00000000 00:00 0 
7fc788000000-7fc788021000 rw-p 00000000 00:00 0 
7fc788021000-7fc78c000000 ---p 00000000 00:00 0 
7fc78c000000-7fc790000000 rw-p 00000000 00:00 0 
7fc7901ab000-7fc79054b000 rw-p 00000000 00:00 0 
7fc79054b000-7fc79074b000 rw-p 00000000 00:00 0 
7fc79074b000-7fc79094b000 rw-p 00000000 00:00 0 
7fc79094b000-7fc790b4b000 rw-p 00000000 00:00 0 
7fc790b4b000-7fc790b4c000 ---p 00000000 00:00 0 
7fc790b4c000-7fc790c4d000 rw-p 00000000 00:00 0 
7fc790c4d000-7fc790c51000 ---p 00000000 00:00 0 
7fc790c51000-7fc790d4e000 rw-p 00000000 00:00 0 
7fc790d4e000-7fc790d52000 ---p 00000000 00:00 0 
7fc790d52000-7fc790e4f000 rw-p 00000000 00:00 0 
7fc790e4f000-7fc790e53000 ---p 00000000 00:00 0 
7fc790e53000-7fc790f50000 rw-p 00000000 00:00 0 
7fc790f50000-7fc790f54000 ---p 00000000 00:00 0 
7fc790f54000-7fc791051000 rw-p 00000000 00:00 0 
7fc791051000-7fc791055000 ---p 00000000 00:00 0 
7fc791055000-7fc791152000 rw-p 00000000 00:00 0 
7fc791152000-7fc791156000 ---p 00000000 00:00 0 
7fc791156000-7fc791253000 rw-p 00000000 00:00 0 
7fc791253000-7fc791257000 ---p 00000000 00:00 0 
7fc791257000-7fc7922c0000 rw-p 00000000 00:00 0 
7fc7922c0000-7fc79c5ff000 ---p 00000000 00:00 0 
7fc79c5ff000-7fc79c9a0000 rw-p 00000000 00:00 0 
7fc79c9a0000-7fc7a1b54000 ---p 00000000 00:00 0 
7fc7a1b54000-7fc7a22c1000 rw-p 00000000 00:00 0 
7fc7a22c1000-7fc7ac5ff000 ---p 00000000 00:00 0 
7fc7ac5ff000-7fc820800000 rw-p 00000000 00:00 0 
7fc820800000-7fd2570a0000 ---p 00000000 00:00 0 
7fd2570a0000-7fd344892000 rw-p 00000000 00:00 0 
7fd3adef6000-7fe7ac600000 ---p 00000000 00:00 0 
7fe7ac60c000-7fe7ac610000 r--p 00000000 07:3d 9178                       /usr/lib/x86_64-linux-gnu/libresolv-2.31.so
7fe7ac610000-7fe7ac620000 r-xp 00004000 07:3d 9178                       /usr/lib/x86_64-linux-gnu/libresolv-2.31.so
7fe7ac620000-7fe7ac624000 r--p 00014000 07:3d 9178                       /usr/lib/x86_64-linux-gnu/libresolv-2.31.so
7fe7ac624000-7fe7ac625000 r--p 00017000 07:3d 9178                       /usr/lib/x86_64-linux-gnu/libresolv-2.31.so
7fe7ac625000-7fe7ac626000 rw-p 00018000 07:3d 9178                       /usr/lib/x86_64-linux-gnu/libresolv-2.31.so
7fe7ac626000-7fe7ac628000 rw-p 00000000 00:00 0 
7fe7ac628000-7fe7ac629000 r--p 00000000 07:3d 9105                       /usr/lib/x86_64-linux-gnu/libnss_dns-2.31.so
7fe7ac629000-7fe7ac62d000 r-xp 00001000 07:3d 9105                       /usr/lib/x86_64-linux-gnu/libnss_dns-2.31.so
7fe7ac62d000-7fe7ac62e000 r--p 00005000 07:3d 9105                       /usr/lib/x86_64-linux-gnu/libnss_dns-2.31.so
7fe7ac62e000-7fe7ac62f000 r--p 00005000 07:3d 9105                       /usr/lib/x86_64-linux-gnu/libnss_dns-2.31.so
7fe7ac62f000-7fe7ac630000 rw-p 00006000 07:3d 9105                       /usr/lib/x86_64-linux-gnu/libnss_dns-2.31.so
7fe7ac630000-7fe7ac632000 r--p 00000000 07:3d 5202                       /usr/lib/jvm/java-13-openjdk-amd64/lib/libmanagement_ext.so
7fe7ac632000-7fe7ac635000 r-xp 00002000 07:3d 5202                       /usr/lib/jvm/java-13-openjdk-amd64/lib/libmanagement_ext.so
7fe7ac635000-7fe7ac636000 r--p 00005000 07:3d 5202                       /usr/lib/jvm/java-13-openjdk-amd64/lib/libmanagement_ext.so
7fe7ac636000-7fe7ac637000 ---p 00006000 07:3d 5202                       /usr/lib/jvm/java-13-openjdk-amd64/lib/libmanagement_ext.so
7fe7ac637000-7fe7ac638000 r--p 00006000 07:3d 5202                       /usr/lib/jvm/java-13-openjdk-amd64/lib/libmanagement_ext.so
7fe7ac638000-7fe7ac639000 rw-p 00007000 07:3d 5202                       /usr/lib/jvm/java-13-openjdk-amd64/lib/libmanagement_ext.so
7fe7ac639000-7fe7ac63c000 r--p 00000000 07:3d 5200                       /usr/lib/jvm/java-13-openjdk-amd64/lib/libmanagement.so
7fe7ac63c000-7fe7ac63d000 r-xp 00003000 07:3d 5200                       /usr/lib/jvm/java-13-openjdk-amd64/lib/libmanagement.so
7fe7ac63d000-7fe7ac63e000 r--p 00004000 07:3d 5200                       /usr/lib/jvm/java-13-openjdk-amd64/lib/libmanagement.so
7fe7ac63e000-7fe7ac63f000 r--p 00004000 07:3d 5200                       /usr/lib/jvm/java-13-openjdk-amd64/lib/libmanagement.so
7fe7ac63f000-7fe7ac640000 rw-p 00005000 07:3d 5200                       /usr/lib/jvm/java-13-openjdk-amd64/lib/libmanagement.so
7fe7ac640000-7fe7ac671000 rw-p 00000000 00:00 0 
7fe7ac671000-7fe7ac675000 r--p 00000000 07:3d 5204                       /usr/lib/jvm/java-13-openjdk-amd64/lib/libnet.so
7fe7ac675000-7fe7ac683000 r-xp 00004000 07:3d 5204                       /usr/lib/jvm/java-13-openjdk-amd64/lib/libnet.so
7fe7ac683000-7fe7ac687000 r--p 00012000 07:3d 5204                       /usr/lib/jvm/java-13-openjdk-amd64/lib/libnet.so
7fe7ac687000-7fe7ac688000 r--p 00015000 07:3d 5204                       /usr/lib/jvm/java-13-openjdk-amd64/lib/libnet.so
7fe7ac688000-7fe7ac689000 rw-p 00016000 07:3d 5204                       /usr/lib/jvm/java-13-openjdk-amd64/lib/libnet.so
7fe7ac689000-7fe7ac68d000 ---p 00000000 00:00 0 
7fe7ac68d000-7fe7ac78a000 rw-p 00000000 00:00 0 
7fe7ac78a000-7fe7ac9fa000 rwxp 00000000 00:00 0 
7fe7ac9fa000-7fe7acd19000 ---p 00000000 00:00 0 
7fe7acd19000-7fe7ad489000 rwxp 00000000 00:00 0 
7fe7ad489000-7fe7b4251000 ---p 00000000 00:00 0 
7fe7b4251000-7fe7b44c1000 rwxp 00000000 00:00 0 
7fe7b44c1000-7fe7bb78a000 ---p 00000000 00:00 0 
7fe7bb78a000-7fe7c4000000 r--s 00000000 07:3d 5215                       /usr/lib/jvm/java-13-openjdk-amd64/lib/modules
7fe7c4000000-7fe7c47aa000 rw-p 00000000 00:00 0 
7fe7c47aa000-7fe7c8000000 ---p 00000000 00:00 0 
7fe7c8005000-7fe7c800c000 r--p 00000000 07:3d 5205                       /usr/lib/jvm/java-13-openjdk-amd64/lib/libnio.so
7fe7c800c000-7fe7c8015000 r-xp 00007000 07:3d 5205                       /usr/lib/jvm/java-13-openjdk-amd64/lib/libnio.so
7fe7c8015000-7fe7c8019000 r--p 00010000 07:3d 5205                       /usr/lib/jvm/java-13-openjdk-amd64/lib/libnio.so
7fe7c8019000-7fe7c801a000 r--p 00013000 07:3d 5205                       /usr/lib/jvm/java-13-openjdk-amd64/lib/libnio.so
7fe7c801a000-7fe7c801b000 rw-p 00014000 07:3d 5205                       /usr/lib/jvm/java-13-openjdk-amd64/lib/libnio.so
7fe7c801b000-7fe7c8022000 r--s 00000000 07:3d 8532                       /usr/lib/x86_64-linux-gnu/gconv/gconv-modules.cache
7fe7c8022000-7fe7c8054000 r--p 00000000 07:3d 5276                       /usr/lib/locale/C.UTF-8/LC_CTYPE
7fe7c8054000-7fe7c8055000 ---p 00000000 00:00 0 
7fe7c8055000-7fe7c8278000 rw-p 00000000 00:00 0 
7fe7c8278000-7fe7c835e000 ---p 00000000 00:00 0 
7fe7c835e000-7fe7c836d000 rw-p 00000000 00:00 0 
7fe7c836d000-7fe7c8449000 ---p 00000000 00:00 0 
7fe7c8449000-7fe7c844e000 rw-p 00000000 00:00 0 
7fe7c844e000-7fe7c8455000 ---p 00000000 00:00 0 
7fe7c8455000-7fe7c8457000 r--p 00000000 07:3d 5214                       /usr/lib/jvm/java-13-openjdk-amd64/lib/libzip.so
7fe7c8457000-7fe7c845b000 r-xp 00002000 07:3d 5214                       /usr/lib/jvm/java-13-openjdk-amd64/lib/libzip.so
7fe7c845b000-7fe7c845d000 r--p 00006000 07:3d 5214                       /usr/lib/jvm/java-13-openjdk-amd64/lib/libzip.so
7fe7c845d000-7fe7c845e000 r--p 00007000 07:3d 5214                       /usr/lib/jvm/java-13-openjdk-amd64/lib/libzip.so
7fe7c845e000-7fe7c845f000 rw-p 00008000 07:3d 5214                       /usr/lib/jvm/java-13-openjdk-amd64/lib/libzip.so
7fe7c845f000-7fe7c8467000 rw-s 00000000 08:03 34784708                   /tmp/hsperfdata_rcabanas/14060
7fe7c8467000-7fe7c846a000 r--p 00000000 07:3d 9108                       /usr/lib/x86_64-linux-gnu/libnss_files-2.31.so
7fe7c846a000-7fe7c8471000 r-xp 00003000 07:3d 9108                       /usr/lib/x86_64-linux-gnu/libnss_files-2.31.so
7fe7c8471000-7fe7c8473000 r--p 0000a000 07:3d 9108                       /usr/lib/x86_64-linux-gnu/libnss_files-2.31.so
7fe7c8473000-7fe7c8474000 r--p 0000b000 07:3d 9108                       /usr/lib/x86_64-linux-gnu/libnss_files-2.31.so
7fe7c8474000-7fe7c8475000 rw-p 0000c000 07:3d 9108                       /usr/lib/x86_64-linux-gnu/libnss_files-2.31.so
7fe7c8475000-7fe7c847b000 rw-p 00000000 00:00 0 
7fe7c8481000-7fe7c8483000 r--p 00000000 07:3d 5195                       /usr/lib/jvm/java-13-openjdk-amd64/lib/libjimage.so
7fe7c8483000-7fe7c8486000 r-xp 00002000 07:3d 5195                       /usr/lib/jvm/java-13-openjdk-amd64/lib/libjimage.so
7fe7c8486000-7fe7c8487000 r--p 00005000 07:3d 5195                       /usr/lib/jvm/java-13-openjdk-amd64/lib/libjimage.so
7fe7c8487000-7fe7c8488000 ---p 00006000 07:3d 5195                       /usr/lib/jvm/java-13-openjdk-amd64/lib/libjimage.so
7fe7c8488000-7fe7c8489000 r--p 00006000 07:3d 5195                       /usr/lib/jvm/java-13-openjdk-amd64/lib/libjimage.so
7fe7c8489000-7fe7c848a000 rw-p 00007000 07:3d 5195                       /usr/lib/jvm/java-13-openjdk-amd64/lib/libjimage.so
7fe7c848a000-7fe7c8497000 r--p 00000000 07:3d 5191                       /usr/lib/jvm/java-13-openjdk-amd64/lib/libjava.so
7fe7c8497000-7fe7c84ac000 r-xp 0000d000 07:3d 5191                       /usr/lib/jvm/java-13-openjdk-amd64/lib/libjava.so
7fe7c84ac000-7fe7c84b2000 r--p 00022000 07:3d 5191                       /usr/lib/jvm/java-13-openjdk-amd64/lib/libjava.so
7fe7c84b2000-7fe7c84b3000 ---p 00028000 07:3d 5191                       /usr/lib/jvm/java-13-openjdk-amd64/lib/libjava.so
7fe7c84b3000-7fe7c84b4000 r--p 00028000 07:3d 5191                       /usr/lib/jvm/java-13-openjdk-amd64/lib/libjava.so
7fe7c84b4000-7fe7c84b6000 rw-p 00029000 07:3d 5191                       /usr/lib/jvm/java-13-openjdk-amd64/lib/libjava.so
7fe7c84b6000-7fe7c84bb000 r--p 00000000 07:3d 5213                       /usr/lib/jvm/java-13-openjdk-amd64/lib/libverify.so
7fe7c84bb000-7fe7c84c2000 r-xp 00005000 07:3d 5213                       /usr/lib/jvm/java-13-openjdk-amd64/lib/libverify.so
7fe7c84c2000-7fe7c84c4000 r--p 0000c000 07:3d 5213                       /usr/lib/jvm/java-13-openjdk-amd64/lib/libverify.so
7fe7c84c4000-7fe7c84c5000 ---p 0000e000 07:3d 5213                       /usr/lib/jvm/java-13-openjdk-amd64/lib/libverify.so
7fe7c84c5000-7fe7c84c7000 r--p 0000e000 07:3d 5213                       /usr/lib/jvm/java-13-openjdk-amd64/lib/libverify.so
7fe7c84c7000-7fe7c84c8000 rw-p 00010000 07:3d 5213                       /usr/lib/jvm/java-13-openjdk-amd64/lib/libverify.so
7fe7c84c8000-7fe7c84cc000 ---p 00000000 00:00 0 
7fe7c84cc000-7fe7c85c9000 rw-p 00000000 00:00 0 
7fe7c85c9000-7fe7c85cc000 r--p 00000000 07:3d 8948                       /usr/lib/x86_64-linux-gnu/libgcc_s.so.1
7fe7c85cc000-7fe7c85de000 r-xp 00003000 07:3d 8948                       /usr/lib/x86_64-linux-gnu/libgcc_s.so.1
7fe7c85de000-7fe7c85e2000 r--p 00015000 07:3d 8948                       /usr/lib/x86_64-linux-gnu/libgcc_s.so.1
7fe7c85e2000-7fe7c85e3000 r--p 00018000 07:3d 8948                       /usr/lib/x86_64-linux-gnu/libgcc_s.so.1
7fe7c85e3000-7fe7c85e4000 rw-p 00019000 07:3d 8948                       /usr/lib/x86_64-linux-gnu/libgcc_s.so.1
7fe7c85e4000-7fe7c85f1000 r--p 00000000 07:3d 9062                       /usr/lib/x86_64-linux-gnu/libm-2.31.so
7fe7c85f1000-7fe7c8698000 r-xp 0000d000 07:3d 9062                       /usr/lib/x86_64-linux-gnu/libm-2.31.so
7fe7c8698000-7fe7c8731000 r--p 000b4000 07:3d 9062                       /usr/lib/x86_64-linux-gnu/libm-2.31.so
7fe7c8731000-7fe7c8732000 r--p 0014c000 07:3d 9062                       /usr/lib/x86_64-linux-gnu/libm-2.31.so
7fe7c8732000-7fe7c8733000 rw-p 0014d000 07:3d 9062                       /usr/lib/x86_64-linux-gnu/libm-2.31.so
7fe7c8733000-7fe7c87c9000 r--p 00000000 07:3d 9213                       /usr/lib/x86_64-linux-gnu/libstdc++.so.6.0.28
7fe7c87c9000-7fe7c88ba000 r-xp 00096000 07:3d 9213                       /usr/lib/x86_64-linux-gnu/libstdc++.so.6.0.28
7fe7c88ba000-7fe7c8903000 r--p 00187000 07:3d 9213                       /usr/lib/x86_64-linux-gnu/libstdc++.so.6.0.28
7fe7c8903000-7fe7c8904000 ---p 001d0000 07:3d 9213                       /usr/lib/x86_64-linux-gnu/libstdc++.so.6.0.28
7fe7c8904000-7fe7c890f000 r--p 001d0000 07:3d 9213                       /usr/lib/x86_64-linux-gnu/libstdc++.so.6.0.28
7fe7c890f000-7fe7c8912000 rw-p 001db000 07:3d 9213                       /usr/lib/x86_64-linux-gnu/libstdc++.so.6.0.28
7fe7c8912000-7fe7c8915000 rw-p 00000000 00:00 0 
7fe7c8915000-7fe7c8b9b000 r--p 00000000 07:3d 5226                       /usr/lib/jvm/java-13-openjdk-amd64/lib/server/libjvm.so
7fe7c8b9b000-7fe7c9918000 r-xp 00286000 07:3d 5226                       /usr/lib/jvm/java-13-openjdk-amd64/lib/server/libjvm.so
7fe7c9918000-7fe7c9b93000 r--p 01003000 07:3d 5226                       /usr/lib/jvm/java-13-openjdk-amd64/lib/server/libjvm.so
7fe7c9b93000-7fe7c9c58000 r--p 0127d000 07:3d 5226                       /usr/lib/jvm/java-13-openjdk-amd64/lib/server/libjvm.so
7fe7c9c58000-7fe7c9c93000 rw-p 01342000 07:3d 5226                       /usr/lib/jvm/java-13-openjdk-amd64/lib/server/libjvm.so
7fe7c9c93000-7fe7c9d19000 rw-p 00000000 00:00 0 
7fe7c9d19000-7fe7c9d1f000 r--p 00000000 07:3d 9166                       /usr/lib/x86_64-linux-gnu/libpthread-2.31.so
7fe7c9d1f000-7fe7c9d30000 r-xp 00006000 07:3d 9166                       /usr/lib/x86_64-linux-gnu/libpthread-2.31.so
7fe7c9d30000-7fe7c9d36000 r--p 00017000 07:3d 9166                       /usr/lib/x86_64-linux-gnu/libpthread-2.31.so
7fe7c9d36000-7fe7c9d37000 r--p 0001c000 07:3d 9166                       /usr/lib/x86_64-linux-gnu/libpthread-2.31.so
7fe7c9d37000-7fe7c9d38000 rw-p 0001d000 07:3d 9166                       /usr/lib/x86_64-linux-gnu/libpthread-2.31.so
7fe7c9d38000-7fe7c9d3c000 rw-p 00000000 00:00 0 
7fe7c9d3c000-7fe7c9d3d000 r--p 00000000 07:3d 8893                       /usr/lib/x86_64-linux-gnu/libdl-2.31.so
7fe7c9d3d000-7fe7c9d3f000 r-xp 00001000 07:3d 8893                       /usr/lib/x86_64-linux-gnu/libdl-2.31.so
7fe7c9d3f000-7fe7c9d40000 r--p 00003000 07:3d 8893                       /usr/lib/x86_64-linux-gnu/libdl-2.31.so
7fe7c9d40000-7fe7c9d41000 r--p 00003000 07:3d 8893                       /usr/lib/x86_64-linux-gnu/libdl-2.31.so
7fe7c9d41000-7fe7c9d42000 rw-p 00004000 07:3d 8893                       /usr/lib/x86_64-linux-gnu/libdl-2.31.so
7fe7c9d42000-7fe7c9d44000 r--p 00000000 07:3d 9290                       /usr/lib/x86_64-linux-gnu/libz.so.1.2.11
7fe7c9d44000-7fe7c9d55000 r-xp 00002000 07:3d 9290                       /usr/lib/x86_64-linux-gnu/libz.so.1.2.11
7fe7c9d55000-7fe7c9d5b000 r--p 00013000 07:3d 9290                       /usr/lib/x86_64-linux-gnu/libz.so.1.2.11
7fe7c9d5b000-7fe7c9d5c000 ---p 00019000 07:3d 9290                       /usr/lib/x86_64-linux-gnu/libz.so.1.2.11
7fe7c9d5c000-7fe7c9d5d000 r--p 00019000 07:3d 9290                       /usr/lib/x86_64-linux-gnu/libz.so.1.2.11
7fe7c9d5d000-7fe7c9d5e000 rw-p 0001a000 07:3d 9290                       /usr/lib/x86_64-linux-gnu/libz.so.1.2.11
7fe7c9d5e000-7fe7c9d80000 r--p 00000000 07:3d 8851                       /usr/lib/x86_64-linux-gnu/libc-2.31.so
7fe7c9d80000-7fe7c9ef8000 r-xp 00022000 07:3d 8851                       /usr/lib/x86_64-linux-gnu/libc-2.31.so
7fe7c9ef8000-7fe7c9f46000 r--p 0019a000 07:3d 8851                       /usr/lib/x86_64-linux-gnu/libc-2.31.so
7fe7c9f46000-7fe7c9f4a000 r--p 001e7000 07:3d 8851                       /usr/lib/x86_64-linux-gnu/libc-2.31.so
7fe7c9f4a000-7fe7c9f4c000 rw-p 001eb000 07:3d 8851                       /usr/lib/x86_64-linux-gnu/libc-2.31.so
7fe7c9f4c000-7fe7c9f50000 rw-p 00000000 00:00 0 
7fe7c9f52000-7fe7c9f54000 r--s 0000c000 07:3d 20930                      /usr/share/java/java-atk-wrapper.jar
7fe7c9f54000-7fe7c9f55000 ---p 00000000 00:00 0 
7fe7c9f55000-7fe7c9f56000 r--p 00000000 00:00 0 
7fe7c9f56000-7fe7c9f59000 r--p 00000000 07:3d 5196                       /usr/lib/jvm/java-13-openjdk-amd64/lib/libjli.so
7fe7c9f59000-7fe7c9f63000 r-xp 00003000 07:3d 5196                       /usr/lib/jvm/java-13-openjdk-amd64/lib/libjli.so
7fe7c9f63000-7fe7c9f66000 r--p 0000d000 07:3d 5196                       /usr/lib/jvm/java-13-openjdk-amd64/lib/libjli.so
7fe7c9f66000-7fe7c9f67000 r--p 0000f000 07:3d 5196                       /usr/lib/jvm/java-13-openjdk-amd64/lib/libjli.so
7fe7c9f67000-7fe7c9f68000 rw-p 00010000 07:3d 5196                       /usr/lib/jvm/java-13-openjdk-amd64/lib/libjli.so
7fe7c9f68000-7fe7c9f6a000 rw-p 00000000 00:00 0 
7fe7c9f6a000-7fe7c9f6b000 r--p 00000000 07:3d 8572                       /usr/lib/x86_64-linux-gnu/ld-2.31.so
7fe7c9f6b000-7fe7c9f8e000 r-xp 00001000 07:3d 8572                       /usr/lib/x86_64-linux-gnu/ld-2.31.so
7fe7c9f8e000-7fe7c9f96000 r--p 00024000 07:3d 8572                       /usr/lib/x86_64-linux-gnu/ld-2.31.so
7fe7c9f96000-7fe7c9f97000 ---p 00000000 00:00 0 
7fe7c9f97000-7fe7c9f98000 r--p 0002c000 07:3d 8572                       /usr/lib/x86_64-linux-gnu/ld-2.31.so
7fe7c9f98000-7fe7c9f99000 rw-p 0002d000 07:3d 8572                       /usr/lib/x86_64-linux-gnu/ld-2.31.so
7fe7c9f99000-7fe7c9f9a000 rw-p 00000000 00:00 0 
7ffd11a6f000-7ffd11a90000 rw-p 00000000 00:00 0                          [stack]
7ffd11b39000-7ffd11b3b000 r-xp 00000000 00:00 0                          [vdso]
ffffffffff600000-ffffffffff601000 r-xp 00000000 00:00 0                  [vsyscall]


VM Arguments:
jvm_args: -Xmx128g --add-modules=ALL-DEFAULT 
java_command: jdk.compiler/com.sun.tools.javac.launcher.Main /mnt/beegfs/rcabanas/dev/credici/papers/zeros/code/GenerateNparents.java -np 2 -nzr 1.0 -zdr 0.5 -o /mnt/beegfs/rcabanas/dev/credici/papers/zeros/models/s3 -rw -s 171 -ys 3
java_class_path (initial): /mnt/beegfs/rcabanas/dev/credici/target/credici-0.1.5-dev-SNAPSHOT-jar-with-dependencies.jar
Launcher Type: SUN_STANDARD

[Global flags]
     intx CICompilerCount                          = 2                                         {product} {ergonomic}
   size_t InitialHeapSize                          = 2147483648                                {product} {ergonomic}
   size_t MaxHeapSize                              = 137438953472                              {product} {command line}
   size_t MaxNewSize                               = 45812940800                               {product} {ergonomic}
   size_t MinHeapDeltaBytes                        = 196608                                    {product} {ergonomic}
   size_t MinHeapSize                              = 8388608                                   {product} {ergonomic}
   size_t NewSize                                  = 715784192                                 {product} {ergonomic}
    uintx NonNMethodCodeHeapSize                   = 5826188                                {pd product} {ergonomic}
    uintx NonProfiledCodeHeapSize                  = 122916026                              {pd product} {ergonomic}
   size_t OldSize                                  = 1431699456                                {product} {ergonomic}
    uintx ProfiledCodeHeapSize                     = 122916026                              {pd product} {ergonomic}
    uintx ReservedCodeCacheSize                    = 251658240                              {pd product} {ergonomic}
     bool SegmentedCodeCache                       = true                                      {product} {ergonomic}
   size_t SoftMaxHeapSize                          = 137438953472                           {manageable} {ergonomic}
     bool UseSerialGC                              = true                                      {product} {ergonomic}

Logging:
Log output configuration:
 #0: stdout all=warning uptime,level,tags
 #1: stderr all=off uptime,level,tags

Environment Variables:
PATH=/usr/local/sbin:/usr/local/bin:/usr/sbin:/usr/bin:/sbin:/bin
LD_LIBRARY_PATH=/.singularity.d/libs

Signal Handlers:
SIGSEGV: [libjvm.so+0xf8fcf0], sa_mask[0]=11111111011111111101111111111110, sa_flags=SA_RESTART|SA_SIGINFO
SIGBUS: [libjvm.so+0xf8fcf0], sa_mask[0]=11111111011111111101111111111110, sa_flags=SA_RESTART|SA_SIGINFO
SIGFPE: [libjvm.so+0xf8fcf0], sa_mask[0]=11111111011111111101111111111110, sa_flags=SA_RESTART|SA_SIGINFO
SIGPIPE: [libjvm.so+0xc3ffa0], sa_mask[0]=11111111011111111101111111111110, sa_flags=SA_RESTART|SA_SIGINFO
SIGXFSZ: [libjvm.so+0xc3ffa0], sa_mask[0]=11111111011111111101111111111110, sa_flags=SA_RESTART|SA_SIGINFO
SIGILL: [libjvm.so+0xf8fcf0], sa_mask[0]=11111111011111111101111111111110, sa_flags=SA_RESTART|SA_SIGINFO
SIGUSR2: [libjvm.so+0xc3fe40], sa_mask[0]=00000000000000000000000000000000, sa_flags=SA_RESTART|SA_SIGINFO
SIGHUP: [libjvm.so+0xc40580], sa_mask[0]=11111111011111111101111111111110, sa_flags=SA_RESTART|SA_SIGINFO
SIGINT: [libjvm.so+0xc40580], sa_mask[0]=11111111011111111101111111111110, sa_flags=SA_RESTART|SA_SIGINFO
SIGTERM: [libjvm.so+0xc40580], sa_mask[0]=11111111011111111101111111111110, sa_flags=SA_RESTART|SA_SIGINFO
SIGQUIT: [libjvm.so+0xc40580], sa_mask[0]=11111111011111111101111111111110, sa_flags=SA_RESTART|SA_SIGINFO


---------------  S Y S T E M  ---------------

OS:DISTRIB_ID=Ubuntu
DISTRIB_RELEASE=20.04
DISTRIB_CODENAME=focal
DISTRIB_DESCRIPTION="Ubuntu 20.04.4 LTS"
uname:Linux 3.10.0-1160.15.2.el7.x86_64 #1 SMP Wed Feb 3 15:06:38 UTC 2021 x86_64
OS uptime: 2 days 16:23 hours
libc:glibc 2.31 NPTL 2.31 
rlimit (soft/hard): STACK 8192k/infinity , CORE 0k/infinity , NPROC 4096/1030217 , NOFILE 131072/131072 , AS infinity/infinity , CPU infinity/infinity , DATA infinity/infinity , FSIZE infinity/infinity , MEMLOCK infinity/infinity
load average:67.98 65.80 56.29

/proc/meminfo:
MemTotal:       263895364 kB
MemFree:          671068 kB
MemAvailable:     495484 kB
Buffers:          229724 kB
Cached:           304992 kB
SwapCached:       721720 kB
Active:         245897064 kB
Inactive:        7891000 kB
Active(anon):   245651420 kB
Inactive(anon):  7624636 kB
Active(file):     245644 kB
Inactive(file):   266364 kB
Unevictable:       26564 kB
Mlocked:           26564 kB
SwapTotal:       4194300 kB
SwapFree:              0 kB
Dirty:               708 kB
Writeback:           276 kB
AnonPages:      252272728 kB
Mapped:           157660 kB
Shmem:             13804 kB
Slab:             728500 kB
SReclaimable:     165776 kB
SUnreclaim:       562724 kB
KernelStack:       53488 kB
PageTables:       600936 kB
NFS_Unstable:          0 kB
Bounce:                0 kB
WritebackTmp:          0 kB
CommitLimit:    136141980 kB
Committed_AS:   327998924 kB
VmallocTotal:   34359738367 kB
VmallocUsed:      863184 kB
VmallocChunk:   34222528848 kB
Percpu:            18176 kB
HardwareCorrupted:     0 kB
AnonHugePages:  144930816 kB
CmaTotal:              0 kB
CmaFree:               0 kB
HugePages_Total:       0
HugePages_Free:        0
HugePages_Rsvd:        0
HugePages_Surp:        0
Hugepagesize:       2048 kB
DirectMap4k:      636520 kB
DirectMap2M:    31731712 kB
DirectMap1G:    235929600 kB

/sys/kernel/mm/transparent_hugepage/enabled:
[always] madvise never

/sys/kernel/mm/transparent_hugepage/defrag (defrag/compaction efforts parameter):
[always] madvise never


/proc/sys/kernel/threads-max (system-wide limit on the number of threads):
2060435


/proc/sys/vm/max_map_count (maximum number of memory map areas a process may have):
65530


/proc/sys/kernel/pid_max (system-wide limit on number of process identifiers):
65536



Steal ticks since vm start: 0
Steal ticks percentage since vm start:  0.000

CPU:total 64 (initial active 1) (32 cores per cpu, 1 threads per core) family 23 model 49 stepping 0, cmov, cx8, fxsr, mmx, sse, sse2, sse3, ssse3, sse4.1, sse4.2, popcnt, avx, avx2, aes, clmul, mmxext, 3dnowpref, lzcnt, sse4a, tsc, tscinvbit, tscinv, bmi1, bmi2, adx, sha, fma
CPU Model and flags from /proc/cpuinfo:
model name	: AMD EPYC 7542 32-Core Processor
flags		: fpu vme de pse tsc msr pae mce cx8 apic sep mtrr pge mca cmov pat pse36 clflush mmx fxsr sse sse2 ht syscall nx mmxext fxsr_opt pdpe1gb rdtscp lm constant_tsc art rep_good nopl nonstop_tsc extd_apicid aperfmperf eagerfpu pni pclmulqdq monitor ssse3 fma cx16 sse4_1 sse4_2 movbe popcnt aes xsave avx f16c rdrand lahf_lm cmp_legacy svm extapic cr8_legacy abm sse4a misalignsse 3dnowprefetch osvw ibs skinit wdt tce topoext perfctr_core perfctr_nb bpext perfctr_l2 cpb cat_l3 cdp_l3 hw_pstate sme retpoline_amd ssbd ibrs ibpb stibp vmmcall fsgsbase bmi1 avx2 smep bmi2 cqm rdt_a rdseed adx smap clflushopt clwb sha_ni xsaveopt xsavec xgetbv1 cqm_llc cqm_occup_llc cqm_mbm_total cqm_mbm_local clzero irperf xsaveerptr arat npt lbrv svm_lock nrip_save tsc_scale vmcb_clean flushbyasid decodeassists pausefilter pfthreshold avic v_vmsave_vmload vgif umip overflow_recov succor smca
Online cpus:0-63
Offline cpus:
BIOS frequency limitation:2900000
Frequency switch latency (ns):0
Available cpu frequencies:2900000 2400000 1500000 
Current governor:conservative
Core performance/turbo boost:1

Memory: 4k page, physical 263895364k(670292k free), swap 4194300k(0k free)

vm_info: OpenJDK 64-Bit Server VM (13.0.7+5-Ubuntu-0ubuntu120.04) for linux-amd64 JRE (13.0.7+5-Ubuntu-0ubuntu120.04), built on Apr 21 2021 05:36:19 by "unknown" with gcc 9.3.0

END.
