#
# There is insufficient memory for the Java Runtime Environment to continue.
# Native memory allocation (mmap) failed to map 788504576 bytes for committing reserved memory.
# Possible reasons:
#   The system is out of physical RAM or swap space
# Possible solutions:
#   Reduce memory load on the system
#   Increase physical memory or swap space
#   Check if swap backing store is full
#   Decrease Java heap size (-Xmx/-Xms)
#   Decrease number of Java threads
#   Decrease Java thread stack sizes (-Xss)
#   Set larger code cache with -XX:ReservedCodeCacheSize=
# This output file may be truncated or incomplete.
#
#  Out of Memory Error (os_linux.cpp:2899), pid=13450, tid=13452
#
# JRE version: OpenJDK Runtime Environment (13.0.7+5) (build 13.0.7+5-Ubuntu-0ubuntu120.04)
# Java VM: OpenJDK 64-Bit Server VM (13.0.7+5-Ubuntu-0ubuntu120.04, mixed mode, tiered, serial gc, linux-amd64)
# No core dump will be written. Core dumps have been disabled. To enable core dumping, try "ulimit -c unlimited" before starting Java again
#

---------------  S U M M A R Y ------------

Command Line: -Xmx128g --add-modules=ALL-DEFAULT jdk.compiler/com.sun.tools.javac.launcher.Main /mnt/beegfs/rcabanas/dev/credici/papers/zeros/code/GenerateNparents.java -np 2 -nzr 1.0 -zdr 0.5 -o /mnt/beegfs/rcabanas/dev/credici/papers/zeros/models/s3 -rw -s 143 -ys 3

Host: AMD EPYC 7542 32-Core Processor, 64 cores, 251G, Ubuntu 20.04.4 LTS
Time: Mon Oct 14 12:55:27 2024 CEST elapsed time: 50.993394 seconds (0d 0h 0m 50s)

---------------  T H R E A D  ---------------

Current thread (0x00007f3ea8097800):  VMThread "VM Thread" [stack: 0x00007f3eadb98000,0x00007f3eadc98000] [id=13452]

Stack: [0x00007f3eadb98000,0x00007f3eadc98000],  sp=0x00007f3eadc96160,  free space=1016k
Native frames: (J=compiled Java code, A=aot compiled Java code, j=interpreted, Vv=VM code, C=native code)
V  [libjvm.so+0xf8f092]
V  [libjvm.so+0xf8fc91]
V  [libjvm.so+0x66ee5a]
V  [libjvm.so+0xc44a41]
V  [libjvm.so+0xc3b263]
V  [libjvm.so+0xf87f4b]
V  [libjvm.so+0x557506]
V  [libjvm.so+0x557723]
V  [libjvm.so+0xf18b0c]
V  [libjvm.so+0x557e65]
V  [libjvm.so+0x7e2edb]
V  [libjvm.so+0x7e39bd]
V  [libjvm.so+0x7d8b48]
V  [libjvm.so+0xf90940]
V  [libjvm.so+0xf96657]
V  [libjvm.so+0xf96d2b]
V  [libjvm.so+0xf9706a]
V  [libjvm.so+0xf2208f]
V  [libjvm.so+0xc493ff]

VM_Operation (0x00007f3eae907b70): GenCollectForAllocation, mode: safepoint, requested by thread 0x00007f3ea8018000


---------------  P R O C E S S  ---------------

Threads class SMR info:
_java_thread_list=0x00007f3ea8135b70, length=9, elements={
0x00007f3ea8018000, 0x00007f3ea80a3800, 0x00007f3ea80a7000, 0x00007f3ea80cb000,
0x00007f3ea80cd000, 0x00007f3ea80cf000, 0x00007f3ea80d1000, 0x00007f3ea80d3000,
0x00007f3ea8134800
}

Java Threads: ( => current thread )
  0x00007f3ea8018000 JavaThread "main" [_thread_blocked, id=13451, stack(0x00007f3eae80a000,0x00007f3eae90b000)]
  0x00007f3ea80a3800 JavaThread "Reference Handler" daemon [_thread_blocked, id=13453, stack(0x00007f3eada95000,0x00007f3eadb96000)]
  0x00007f3ea80a7000 JavaThread "Finalizer" daemon [_thread_blocked, id=13454, stack(0x00007f3ead994000,0x00007f3eada95000)]
  0x00007f3ea80cb000 JavaThread "Signal Dispatcher" daemon [_thread_blocked, id=13455, stack(0x00007f3ead85a000,0x00007f3ead95b000)]
  0x00007f3ea80cd000 JavaThread "Service Thread" daemon [_thread_blocked, id=13456, stack(0x00007f3ead759000,0x00007f3ead85a000)]
  0x00007f3ea80cf000 JavaThread "C2 CompilerThread0" daemon [_thread_blocked, id=13457, stack(0x00007f3ead658000,0x00007f3ead759000)]
  0x00007f3ea80d1000 JavaThread "C1 CompilerThread0" daemon [_thread_blocked, id=13458, stack(0x00007f3ead557000,0x00007f3ead658000)]
  0x00007f3ea80d3000 JavaThread "Sweeper thread" daemon [_thread_blocked, id=13459, stack(0x00007f3ead456000,0x00007f3ead557000)]
  0x00007f3ea8134800 JavaThread "Common-Cleaner" daemon [_thread_blocked, id=13460, stack(0x00007f3ead355000,0x00007f3ead456000)]

Other Threads:
=>0x00007f3ea8097800 VMThread "VM Thread" [stack: 0x00007f3eadb98000,0x00007f3eadc98000] [id=13452]
  0x00007f3ea8181800 WatcherThread [stack: 0x00007f3ead255000,0x00007f3ead355000] [id=13461]

Threads with active compile tasks:

VM state:at safepoint (normal execution)

VM Mutex/Monitor currently owned by a thread:  ([mutex/lock_event])
[0x00007f3ea80140d0] Threads_lock - owner thread: 0x00007f3ea8097800
[0x00007f3ea8014cd0] Heap_lock - owner thread: 0x00007f3ea8018000

Heap:
 def new generation   total 629248K, used 0K [0x00007f1e90600000, 0x00007f1ebb0c0000, 0x00007f293b0a0000)
  eden space 559360K,   0% used [0x00007f1e90600000, 0x00007f1e90600000, 0x00007f1eb2840000)
  from space 69888K,   0% used [0x00007f1eb6c80000, 0x00007f1eb6c80000, 0x00007f1ebb0c0000)
  to   space 69888K,   0% used [0x00007f1eb2840000, 0x00007f1eb2840000, 0x00007f1eb6c80000)
 tenured generation   total 1437120K, used 1324284K [0x00007f293b0a0000, 0x00007f2992c10000, 0x00007f3e90600000)
   the space 1437120K,  92% used [0x00007f293b0a0000, 0x00007f298bddf0a8, 0x00007f298bddf200, 0x00007f2992c10000)
 Metaspace       used 29955K, capacity 30392K, committed 30720K, reserved 30720K

Card table byte_map: [0x00007f1e805ff000,0x00007f1e90600000] _byte_map_base: 0x00007edef117c000

Polling page: 0x00007f3eb0296000

Metaspace:

Usage:
   29.68 MB capacity,    29.25 MB ( 99%) used,   332.63 KB (  1%) free+waste,   104.19 KB ( <1%) overhead. 

Virtual space:
     30.00 MB reserved,      30.00 MB (100%) committed 

Chunk freelists:
120.00 KB

MaxMetaspaceSize: unlimited


CodeHeap 'non-profiled nmethods': size=120036Kb used=1910Kb max_used=1910Kb free=118125Kb
 bounds [0x00007f3e98251000, 0x00007f3e984c1000, 0x00007f3e9f78a000]
CodeHeap 'profiled nmethods': size=120032Kb used=7776Kb max_used=7776Kb free=112255Kb
 bounds [0x00007f3e90d19000, 0x00007f3e914b9000, 0x00007f3e98251000]
CodeHeap 'non-nmethods': size=5692Kb used=1247Kb max_used=1297Kb free=4444Kb
 bounds [0x00007f3e9078a000, 0x00007f3e909fa000, 0x00007f3e90d19000]
 total_blobs=4466 nmethods=3937 adapters=444
 compilation: enabled
              stopped_count=0, restarted_count=0
 full_count=0

Compilation events (20 events):
Event: 40.692 Thread 0x00007f3ea80d1000 3979       3       java.math.MutableBigInteger::binaryGCD (245 bytes)
Event: 40.693 Thread 0x00007f3ea80d1000 nmethod 3979 0x00007f3e914a9f10 code [0x00007f3e914aa1a0, 0x00007f3e914aac30]
Event: 40.695 Thread 0x00007f3ea80cf000 3980       4       java.math.MutableBigInteger::binaryGCD (245 bytes)
Event: 40.767 Thread 0x00007f3ea80cf000 nmethod 3980 0x00007f3e9841e510 code [0x00007f3e9841e760, 0x00007f3e98420330]
Event: 44.087 Thread 0x00007f3ea80d1000 3981       3       ch.javasoft.math.BigFraction::valueOf (71 bytes)
Event: 44.088 Thread 0x00007f3ea80d1000 nmethod 3981 0x00007f3e914ab190 code [0x00007f3e914ab380, 0x00007f3e914ab7c0]
Event: 44.088 Thread 0x00007f3ea80d1000 3982       3       ch.javasoft.metabolic.efm.util.ColumnUtil::mergeNumeric (197 bytes)
Event: 44.091 Thread 0x00007f3ea80d1000 nmethod 3982 0x00007f3e914ab990 code [0x00007f3e914abe00, 0x00007f3e914ae1a0]
Event: 44.091 Thread 0x00007f3ea80d1000 3983       3       ch.javasoft.math.BigFraction::gcd (151 bytes)
Event: 44.092 Thread 0x00007f3ea80d1000 nmethod 3983 0x00007f3e914af090 code [0x00007f3e914af300, 0x00007f3e914afc40]
Event: 44.099 Thread 0x00007f3ea80cf000 3984       4       ch.javasoft.metabolic.efm.util.ColumnUtil::mergeNumeric (197 bytes)
Event: 44.861 Thread 0x00007f3ea80cf000 nmethod 3984 0x00007f3e98421410 code [0x00007f3e984219e0, 0x00007f3e98427590]
Event: 44.862 Thread 0x00007f3ea80cf000 3986       4       ch.javasoft.math.BigFraction::gcd (151 bytes)
Event: 44.931 Thread 0x00007f3ea80cf000 nmethod 3986 0x00007f3e9842b690 code [0x00007f3e9842b8c0, 0x00007f3e9842c718]
Event: 44.931 Thread 0x00007f3ea80cf000 3985       4       ch.javasoft.math.BigFraction::valueOf (71 bytes)
Event: 44.938 Thread 0x00007f3ea80cf000 nmethod 3985 0x00007f3e9842d110 code [0x00007f3e9842d2c0, 0x00007f3e9842d6f8]
Event: 45.108 Thread 0x00007f3ea80d1000 3987       3       java.math.MutableBigInteger::divideOneWord (332 bytes)
Event: 45.111 Thread 0x00007f3ea80d1000 nmethod 3987 0x00007f3e914b0110 code [0x00007f3e914b0320, 0x00007f3e914b0b80]
Event: 45.114 Thread 0x00007f3ea80cf000 3988       4       java.math.MutableBigInteger::divideOneWord (332 bytes)
Event: 45.124 Thread 0x00007f3ea80cf000 nmethod 3988 0x00007f3e9842da90 code [0x00007f3e9842dc40, 0x00007f3e9842e338]

GC Heap History (20 events):
Event: 40.622 GC heap after
{Heap after GC invocations=17 (full 1):
 def new generation   total 629248K, used 57722K [0x00007f1e90600000, 0x00007f1ebb0c0000, 0x00007f293b0a0000)
  eden space 559360K,   0% used [0x00007f1e90600000, 0x00007f1e90600000, 0x00007f1eb2840000)
  from space 69888K,  82% used [0x00007f1eb2840000, 0x00007f1eb609eb48, 0x00007f1eb6c80000)
  to   space 69888K,   0% used [0x00007f1eb6c80000, 0x00007f1eb6c80000, 0x00007f1ebb0c0000)
 tenured generation   total 1398144K, used 970400K [0x00007f293b0a0000, 0x00007f2990600000, 0x00007f3e90600000)
   the space 1398144K,  69% used [0x00007f293b0a0000, 0x00007f29764483a0, 0x00007f2976448400, 0x00007f2990600000)
 Metaspace       used 29955K, capacity 30392K, committed 30720K, reserved 30720K
}
Event: 40.942 GC heap before
{Heap before GC invocations=17 (full 1):
 def new generation   total 629248K, used 617082K [0x00007f1e90600000, 0x00007f1ebb0c0000, 0x00007f293b0a0000)
  eden space 559360K, 100% used [0x00007f1e90600000, 0x00007f1eb2840000, 0x00007f1eb2840000)
  from space 69888K,  82% used [0x00007f1eb2840000, 0x00007f1eb609eb48, 0x00007f1eb6c80000)
  to   space 69888K,   0% used [0x00007f1eb6c80000, 0x00007f1eb6c80000, 0x00007f1ebb0c0000)
 tenured generation   total 1398144K, used 970400K [0x00007f293b0a0000, 0x00007f2990600000, 0x00007f3e90600000)
   the space 1398144K,  69% used [0x00007f293b0a0000, 0x00007f29764483a0, 0x00007f2976448400, 0x00007f2990600000)
 Metaspace       used 29955K, capacity 30392K, committed 30720K, reserved 30720K
}
Event: 41.199 GC heap after
{Heap after GC invocations=18 (full 1):
 def new generation   total 629248K, used 44297K [0x00007f1e90600000, 0x00007f1ebb0c0000, 0x00007f293b0a0000)
  eden space 559360K,   0% used [0x00007f1e90600000, 0x00007f1e90600000, 0x00007f1eb2840000)
  from space 69888K,  63% used [0x00007f1eb6c80000, 0x00007f1eb97c26c0, 0x00007f1ebb0c0000)
  to   space 69888K,   0% used [0x00007f1eb2840000, 0x00007f1eb2840000, 0x00007f1eb6c80000)
 tenured generation   total 1398144K, used 1028123K [0x00007f293b0a0000, 0x00007f2990600000, 0x00007f3e90600000)
   the space 1398144K,  73% used [0x00007f293b0a0000, 0x00007f2979ca6db8, 0x00007f2979ca6e00, 0x00007f2990600000)
 Metaspace       used 29955K, capacity 30392K, committed 30720K, reserved 30720K
}
Event: 41.481 GC heap before
{Heap before GC invocations=18 (full 1):
 def new generation   total 629248K, used 603657K [0x00007f1e90600000, 0x00007f1ebb0c0000, 0x00007f293b0a0000)
  eden space 559360K, 100% used [0x00007f1e90600000, 0x00007f1eb2840000, 0x00007f1eb2840000)
  from space 69888K,  63% used [0x00007f1eb6c80000, 0x00007f1eb97c26c0, 0x00007f1ebb0c0000)
  to   space 69888K,   0% used [0x00007f1eb2840000, 0x00007f1eb2840000, 0x00007f1eb6c80000)
 tenured generation   total 1398144K, used 1028123K [0x00007f293b0a0000, 0x00007f2990600000, 0x00007f3e90600000)
   the space 1398144K,  73% used [0x00007f293b0a0000, 0x00007f2979ca6db8, 0x00007f2979ca6e00, 0x00007f2990600000)
 Metaspace       used 29955K, capacity 30392K, committed 30720K, reserved 30720K
}
Event: 41.735 GC heap after
{Heap after GC invocations=19 (full 1):
 def new generation   total 629248K, used 42992K [0x00007f1e90600000, 0x00007f1ebb0c0000, 0x00007f293b0a0000)
  eden space 559360K,   0% used [0x00007f1e90600000, 0x00007f1e90600000, 0x00007f1eb2840000)
  from space 69888K,  61% used [0x00007f1eb2840000, 0x00007f1eb523c0f0, 0x00007f1eb6c80000)
  to   space 69888K,   0% used [0x00007f1eb6c80000, 0x00007f1eb6c80000, 0x00007f1ebb0c0000)
 tenured generation   total 1398144K, used 1072420K [0x00007f293b0a0000, 0x00007f2990600000, 0x00007f3e90600000)
   the space 1398144K,  76% used [0x00007f293b0a0000, 0x00007f297c7e91f8, 0x00007f297c7e9200, 0x00007f2990600000)
 Metaspace       used 29955K, capacity 30392K, committed 30720K, reserved 30720K
}
Event: 42.045 GC heap before
{Heap before GC invocations=19 (full 1):
 def new generation   total 629248K, used 602352K [0x00007f1e90600000, 0x00007f1ebb0c0000, 0x00007f293b0a0000)
  eden space 559360K, 100% used [0x00007f1e90600000, 0x00007f1eb2840000, 0x00007f1eb2840000)
  from space 69888K,  61% used [0x00007f1eb2840000, 0x00007f1eb523c0f0, 0x00007f1eb6c80000)
  to   space 69888K,   0% used [0x00007f1eb6c80000, 0x00007f1eb6c80000, 0x00007f1ebb0c0000)
 tenured generation   total 1398144K, used 1072420K [0x00007f293b0a0000, 0x00007f2990600000, 0x00007f3e90600000)
   the space 1398144K,  76% used [0x00007f293b0a0000, 0x00007f297c7e91f8, 0x00007f297c7e9200, 0x00007f2990600000)
 Metaspace       used 29955K, capacity 30392K, committed 30720K, reserved 30720K
}
Event: 42.353 GC heap after
{Heap after GC invocations=20 (full 1):
 def new generation   total 629248K, used 69888K [0x00007f1e90600000, 0x00007f1ebb0c0000, 0x00007f293b0a0000)
  eden space 559360K,   0% used [0x00007f1e90600000, 0x00007f1e90600000, 0x00007f1eb2840000)
  from space 69888K, 100% used [0x00007f1eb6c80000, 0x00007f1ebb0c0000, 0x00007f1ebb0c0000)
  to   space 69888K,   0% used [0x00007f1eb2840000, 0x00007f1eb2840000, 0x00007f1eb6c80000)
 tenured generation   total 1398144K, used 1119096K [0x00007f293b0a0000, 0x00007f2990600000, 0x00007f3e90600000)
   the space 1398144K,  80% used [0x00007f293b0a0000, 0x00007f297f57e158, 0x00007f297f57e200, 0x00007f2990600000)
 Metaspace       used 29955K, capacity 30392K, committed 30720K, reserved 30720K
}
Event: 42.626 GC heap before
{Heap before GC invocations=20 (full 1):
 def new generation   total 629248K, used 629248K [0x00007f1e90600000, 0x00007f1ebb0c0000, 0x00007f293b0a0000)
  eden space 559360K, 100% used [0x00007f1e90600000, 0x00007f1eb2840000, 0x00007f1eb2840000)
  from space 69888K, 100% used [0x00007f1eb6c80000, 0x00007f1ebb0c0000, 0x00007f1ebb0c0000)
  to   space 69888K,   0% used [0x00007f1eb2840000, 0x00007f1eb2840000, 0x00007f1eb6c80000)
 tenured generation   total 1398144K, used 1119096K [0x00007f293b0a0000, 0x00007f2990600000, 0x00007f3e90600000)
   the space 1398144K,  80% used [0x00007f293b0a0000, 0x00007f297f57e158, 0x00007f297f57e200, 0x00007f2990600000)
 Metaspace       used 29955K, capacity 30392K, committed 30720K, reserved 30720K
}
Event: 42.922 GC heap after
{Heap after GC invocations=21 (full 1):
 def new generation   total 629248K, used 47150K [0x00007f1e90600000, 0x00007f1ebb0c0000, 0x00007f293b0a0000)
  eden space 559360K,   0% used [0x00007f1e90600000, 0x00007f1e90600000, 0x00007f1eb2840000)
  from space 69888K,  67% used [0x00007f1eb2840000, 0x00007f1eb564b830, 0x00007f1eb6c80000)
  to   space 69888K,   0% used [0x00007f1eb6c80000, 0x00007f1eb6c80000, 0x00007f1ebb0c0000)
 tenured generation   total 1398144K, used 1188983K [0x00007f293b0a0000, 0x00007f2990600000, 0x00007f3e90600000)
   the space 1398144K,  85% used [0x00007f293b0a0000, 0x00007f29839bdf88, 0x00007f29839be000, 0x00007f2990600000)
 Metaspace       used 29955K, capacity 30392K, committed 30720K, reserved 30720K
}
Event: 43.211 GC heap before
{Heap before GC invocations=21 (full 1):
 def new generation   total 629248K, used 606510K [0x00007f1e90600000, 0x00007f1ebb0c0000, 0x00007f293b0a0000)
  eden space 559360K, 100% used [0x00007f1e90600000, 0x00007f1eb2840000, 0x00007f1eb2840000)
  from space 69888K,  67% used [0x00007f1eb2840000, 0x00007f1eb564b830, 0x00007f1eb6c80000)
  to   space 69888K,   0% used [0x00007f1eb6c80000, 0x00007f1eb6c80000, 0x00007f1ebb0c0000)
 tenured generation   total 1398144K, used 1188983K [0x00007f293b0a0000, 0x00007f2990600000, 0x00007f3e90600000)
   the space 1398144K,  85% used [0x00007f293b0a0000, 0x00007f29839bdf88, 0x00007f29839be000, 0x00007f2990600000)
 Metaspace       used 29955K, capacity 30392K, committed 30720K, reserved 30720K
}
Event: 43.471 GC heap after
{Heap after GC invocations=22 (full 1):
 def new generation   total 629248K, used 43957K [0x00007f1e90600000, 0x00007f1ebb0c0000, 0x00007f293b0a0000)
  eden space 559360K,   0% used [0x00007f1e90600000, 0x00007f1e90600000, 0x00007f1eb2840000)
  from space 69888K,  62% used [0x00007f1eb6c80000, 0x00007f1eb976d5f0, 0x00007f1ebb0c0000)
  to   space 69888K,   0% used [0x00007f1eb2840000, 0x00007f1eb2840000, 0x00007f1eb6c80000)
 tenured generation   total 1398144K, used 1236133K [0x00007f293b0a0000, 0x00007f2990600000, 0x00007f3e90600000)
   the space 1398144K,  88% used [0x00007f293b0a0000, 0x00007f29867c95c8, 0x00007f29867c9600, 0x00007f2990600000)
 Metaspace       used 29955K, capacity 30392K, committed 30720K, reserved 30720K
}
Event: 43.727 GC heap before
{Heap before GC invocations=22 (full 1):
 def new generation   total 629248K, used 603317K [0x00007f1e90600000, 0x00007f1ebb0c0000, 0x00007f293b0a0000)
  eden space 559360K, 100% used [0x00007f1e90600000, 0x00007f1eb2840000, 0x00007f1eb2840000)
  from space 69888K,  62% used [0x00007f1eb6c80000, 0x00007f1eb976d5f0, 0x00007f1ebb0c0000)
  to   space 69888K,   0% used [0x00007f1eb2840000, 0x00007f1eb2840000, 0x00007f1eb6c80000)
 tenured generation   total 1398144K, used 1236133K [0x00007f293b0a0000, 0x00007f2990600000, 0x00007f3e90600000)
   the space 1398144K,  88% used [0x00007f293b0a0000, 0x00007f29867c95c8, 0x00007f29867c9600, 0x00007f2990600000)
 Metaspace       used 29955K, capacity 30392K, committed 30720K, reserved 30720K
}
Event: 43.965 GC heap after
{Heap after GC invocations=23 (full 1):
 def new generation   total 629248K, used 44632K [0x00007f1e90600000, 0x00007f1ebb0c0000, 0x00007f293b0a0000)
  eden space 559360K,   0% used [0x00007f1e90600000, 0x00007f1e90600000, 0x00007f1eb2840000)
  from space 69888K,  63% used [0x00007f1eb2840000, 0x00007f1eb53d6360, 0x00007f1eb6c80000)
  to   space 69888K,   0% used [0x00007f1eb6c80000, 0x00007f1eb6c80000, 0x00007f1ebb0c0000)
 tenured generation   total 1398144K, used 1280090K [0x00007f293b0a0000, 0x00007f2990600000, 0x00007f3e90600000)
   the space 1398144K,  91% used [0x00007f293b0a0000, 0x00007f29892b6978, 0x00007f29892b6a00, 0x00007f2990600000)
 Metaspace       used 29955K, capacity 30392K, committed 30720K, reserved 30720K
}
Event: 44.532 GC heap before
{Heap before GC invocations=23 (full 1):
 def new generation   total 629248K, used 603992K [0x00007f1e90600000, 0x00007f1ebb0c0000, 0x00007f293b0a0000)
  eden space 559360K, 100% used [0x00007f1e90600000, 0x00007f1eb2840000, 0x00007f1eb2840000)
  from space 69888K,  63% used [0x00007f1eb2840000, 0x00007f1eb53d6360, 0x00007f1eb6c80000)
  to   space 69888K,   0% used [0x00007f1eb6c80000, 0x00007f1eb6c80000, 0x00007f1ebb0c0000)
 tenured generation   total 1398144K, used 1280090K [0x00007f293b0a0000, 0x00007f2990600000, 0x00007f3e90600000)
   the space 1398144K,  91% used [0x00007f293b0a0000, 0x00007f29892b6978, 0x00007f29892b6a00, 0x00007f2990600000)
 Metaspace       used 29955K, capacity 30392K, committed 30720K, reserved 30720K
}
Event: 44.849 GC heap after
{Heap after GC invocations=24 (full 1):
 def new generation   total 629248K, used 66007K [0x00007f1e90600000, 0x00007f1ebb0c0000, 0x00007f293b0a0000)
  eden space 559360K,   0% used [0x00007f1e90600000, 0x00007f1e90600000, 0x00007f1eb2840000)
  from space 69888K,  94% used [0x00007f1eb6c80000, 0x00007f1ebacf5df8, 0x00007f1ebb0c0000)
  to   space 69888K,   0% used [0x00007f1eb2840000, 0x00007f1eb2840000, 0x00007f1eb6c80000)
 tenured generation   total 1398144K, used 1324722K [0x00007f293b0a0000, 0x00007f2990600000, 0x00007f3e90600000)
   the space 1398144K,  94% used [0x00007f293b0a0000, 0x00007f298be4ca58, 0x00007f298be4cc00, 0x00007f2990600000)
 Metaspace       used 29955K, capacity 30392K, committed 30720K, reserved 30720K
}
Event: 45.187 GC heap before
{Heap before GC invocations=24 (full 1):
 def new generation   total 629248K, used 625367K [0x00007f1e90600000, 0x00007f1ebb0c0000, 0x00007f293b0a0000)
  eden space 559360K, 100% used [0x00007f1e90600000, 0x00007f1eb2840000, 0x00007f1eb2840000)
  from space 69888K,  94% used [0x00007f1eb6c80000, 0x00007f1ebacf5df8, 0x00007f1ebb0c0000)
  to   space 69888K,   0% used [0x00007f1eb2840000, 0x00007f1eb2840000, 0x00007f1eb6c80000)
 tenured generation   total 1398144K, used 1324722K [0x00007f293b0a0000, 0x00007f2990600000, 0x00007f3e90600000)
   the space 1398144K,  94% used [0x00007f293b0a0000, 0x00007f298be4ca58, 0x00007f298be4cc00, 0x00007f2990600000)
 Metaspace       used 29955K, capacity 30392K, committed 30720K, reserved 30720K
}
Event: 45.481 GC heap after
{Heap after GC invocations=25 (full 1):
 def new generation   total 629248K, used 46214K [0x00007f1e90600000, 0x00007f1ebb0c0000, 0x00007f293b0a0000)
  eden space 559360K,   0% used [0x00007f1e90600000, 0x00007f1e90600000, 0x00007f1eb2840000)
  from space 69888K,  66% used [0x00007f1eb2840000, 0x00007f1eb5561910, 0x00007f1eb6c80000)
  to   space 69888K,   0% used [0x00007f1eb6c80000, 0x00007f1eb6c80000, 0x00007f1ebb0c0000)
 tenured generation   total 1398144K, used 1390729K [0x00007f293b0a0000, 0x00007f2990600000, 0x00007f3e90600000)
   the space 1398144K,  99% used [0x00007f293b0a0000, 0x00007f298fec26f0, 0x00007f298fec2800, 0x00007f2990600000)
 Metaspace       used 29955K, capacity 30392K, committed 30720K, reserved 30720K
}
Event: 45.759 GC heap before
{Heap before GC invocations=25 (full 1):
 def new generation   total 629248K, used 605574K [0x00007f1e90600000, 0x00007f1ebb0c0000, 0x00007f293b0a0000)
  eden space 559360K, 100% used [0x00007f1e90600000, 0x00007f1eb2840000, 0x00007f1eb2840000)
  from space 69888K,  66% used [0x00007f1eb2840000, 0x00007f1eb5561910, 0x00007f1eb6c80000)
  to   space 69888K,   0% used [0x00007f1eb6c80000, 0x00007f1eb6c80000, 0x00007f1ebb0c0000)
 tenured generation   total 1398144K, used 1390729K [0x00007f293b0a0000, 0x00007f2990600000, 0x00007f3e90600000)
   the space 1398144K,  99% used [0x00007f293b0a0000, 0x00007f298fec26f0, 0x00007f298fec2800, 0x00007f2990600000)
 Metaspace       used 29955K, capacity 30392K, committed 30720K, reserved 30720K
}
Event: 46.000 GC heap after
{Heap after GC invocations=26 (full 1):
 def new generation   total 629248K, used 41383K [0x00007f1e90600000, 0x00007f1ebb0c0000, 0x00007f293b0a0000)
  eden space 559360K,   0% used [0x00007f1e90600000, 0x00007f1e90600000, 0x00007f1eb2840000)
  from space 69888K,  59% used [0x00007f1eb6c80000, 0x00007f1eb94e9f18, 0x00007f1ebb0c0000)
  to   space 69888K,   0% used [0x00007f1eb2840000, 0x00007f1eb2840000, 0x00007f1eb6c80000)
 tenured generation   total 1437120K, used 1436943K [0x00007f293b0a0000, 0x00007f2992c10000, 0x00007f3e90600000)
   the space 1437120K,  99% used [0x00007f293b0a0000, 0x00007f2992be3c90, 0x00007f2992be3e00, 0x00007f2992c10000)
 Metaspace       used 29955K, capacity 30392K, committed 30720K, reserved 30720K
}
Event: 46.000 GC heap before
{Heap before GC invocations=26 (full 1):
 def new generation   total 629248K, used 41383K [0x00007f1e90600000, 0x00007f1ebb0c0000, 0x00007f293b0a0000)
  eden space 559360K,   0% used [0x00007f1e90600000, 0x00007f1e90600000, 0x00007f1eb2840000)
  from space 69888K,  59% used [0x00007f1eb6c80000, 0x00007f1eb94e9f18, 0x00007f1ebb0c0000)
  to   space 69888K,   0% used [0x00007f1eb2840000, 0x00007f1eb2840000, 0x00007f1eb6c80000)
 tenured generation   total 1437120K, used 1436943K [0x00007f293b0a0000, 0x00007f2992c10000, 0x00007f3e90600000)
   the space 1437120K,  99% used [0x00007f293b0a0000, 0x00007f2992be3c90, 0x00007f2992be3e00, 0x00007f2992c10000)
 Metaspace       used 29955K, capacity 30392K, committed 30720K, reserved 30720K
}

Deoptimization events (20 events):
Event: 44.463 Thread 0x00007f3ea8018000 DEOPT PACKING pc=0x00007f3e914adfff sp=0x00007f3eae907bf0
Event: 44.463 Thread 0x00007f3ea8018000 DEOPT UNPACKING pc=0x00007f3e907d333a sp=0x00007f3eae907148 mode 0
Event: 44.490 Thread 0x00007f3ea8018000 DEOPT PACKING pc=0x00007f3e914afaad sp=0x00007f3eae907af0
Event: 44.490 Thread 0x00007f3ea8018000 DEOPT UNPACKING pc=0x00007f3e907d333a sp=0x00007f3eae906fd8 mode 0
Event: 44.493 Thread 0x00007f3ea8018000 DEOPT PACKING pc=0x00007f3e914adfff sp=0x00007f3eae907bf0
Event: 44.493 Thread 0x00007f3ea8018000 DEOPT UNPACKING pc=0x00007f3e907d333a sp=0x00007f3eae907148 mode 0
Event: 44.499 Thread 0x00007f3ea8018000 DEOPT PACKING pc=0x00007f3e914adfff sp=0x00007f3eae907bf0
Event: 44.499 Thread 0x00007f3ea8018000 DEOPT UNPACKING pc=0x00007f3e907d333a sp=0x00007f3eae907148 mode 0
Event: 44.500 Thread 0x00007f3ea8018000 DEOPT PACKING pc=0x00007f3e914afaad sp=0x00007f3eae907af0
Event: 44.500 Thread 0x00007f3ea8018000 DEOPT UNPACKING pc=0x00007f3e907d333a sp=0x00007f3eae906fd8 mode 0
Event: 44.505 Thread 0x00007f3ea8018000 DEOPT PACKING pc=0x00007f3e914adfff sp=0x00007f3eae907bf0
Event: 44.505 Thread 0x00007f3ea8018000 DEOPT UNPACKING pc=0x00007f3e907d333a sp=0x00007f3eae907148 mode 0
Event: 44.526 Thread 0x00007f3ea8018000 DEOPT PACKING pc=0x00007f3e914afaad sp=0x00007f3eae907af0
Event: 44.526 Thread 0x00007f3ea8018000 DEOPT UNPACKING pc=0x00007f3e907d333a sp=0x00007f3eae906fd8 mode 0
Event: 44.529 Thread 0x00007f3ea8018000 DEOPT PACKING pc=0x00007f3e914adfff sp=0x00007f3eae907bf0
Event: 44.529 Thread 0x00007f3ea8018000 DEOPT UNPACKING pc=0x00007f3e907d333a sp=0x00007f3eae907148 mode 0
Event: 45.108 Thread 0x00007f3ea8018000 Uncommon trap: trap_request=0xffffff45 fr.pc=0x00007f3e983e21e0 relative=0x0000000000000720
Event: 45.108 Thread 0x00007f3ea8018000 Uncommon trap: reason=unstable_if action=reinterpret pc=0x00007f3e983e21e0 method=java.math.MutableBigInteger.divideOneWord(ILjava/math/MutableBigInteger;)I @ 321 c2
Event: 45.108 Thread 0x00007f3ea8018000 DEOPT PACKING pc=0x00007f3e983e21e0 sp=0x00007f3eae907ce0
Event: 45.108 Thread 0x00007f3ea8018000 DEOPT UNPACKING pc=0x00007f3e907d2e25 sp=0x00007f3eae907c48 mode 2

Classes unloaded (0 events):
No events

Classes redefined (0 events):
No events

Internal exceptions (20 events):
Event: 1.948 Thread 0x00007f3ea8018000 Exception <a 'java/lang/NoSuchMethodError'{0x00007f1e9323e5f8}: 'int java.lang.invoke.DirectMethodHandle$Holder.invokeSpecial(java.lang.Object, java.lang.Object, java.lang.Object, java.lang.Object, java.lang.Object)'> (0x00007f1e9323e5f8) 
thrown [src/hotspot/share/interpreter/linkResolver.cpp, line 766]
Event: 2.089 Thread 0x00007f3ea8018000 Exception <a 'java/lang/NoSuchMethodError'{0x00007f1e93655548}: 'java.lang.Object java.lang.invoke.DirectMethodHandle$Holder.invokeStatic(java.lang.Object, java.lang.Object, int, int)'> (0x00007f1e93655548) 
thrown [src/hotspot/share/interpreter/linkResolver.cpp, line 766]
Event: 2.769 Thread 0x00007f3ea8018000 Exception <a 'java/lang/NoSuchMethodError'{0x00007f1e94e95b58}: 'int java.lang.invoke.DirectMethodHandle$Holder.invokeVirtual(java.lang.Object, java.lang.Object, java.lang.Object, java.lang.Object)'> (0x00007f1e94e95b58) 
thrown [src/hotspot/share/interpreter/linkResolver.cpp, line 766]
Event: 2.778 Thread 0x00007f3ea8018000 Exception <a 'java/lang/NoSuchMethodError'{0x00007f1e94ea3ca0}: 'java.lang.Object java.lang.invoke.DirectMethodHandle$Holder.invokeStatic(java.lang.Object, java.lang.Object, int, java.lang.Object)'> (0x00007f1e94ea3ca0) 
thrown [src/hotspot/share/interpreter/linkResolver.cpp, line 766]
Event: 2.778 Thread 0x00007f3ea8018000 Exception <a 'java/lang/NoSuchMethodError'{0x00007f1e94eac5b8}: 'java.lang.Object java.lang.invoke.Invokers$Holder.linkToTargetMethod(java.lang.Object, int, java.lang.Object, java.lang.Object)'> (0x00007f1e94eac5b8) 
thrown [src/hotspot/share/interpreter/linkResolver.cpp, line 766]
Event: 2.888 Thread 0x00007f3ea8018000 Exception <a 'java/lang/NoSuchMethodError'{0x00007f1e94fa8870}: 'java.lang.Object java.lang.invoke.DirectMethodHandle$Holder.invokeSpecial(java.lang.Object, java.lang.Object, java.lang.Object, java.lang.Object, java.lang.Object, java.lang.Object, java.lang.Object, java.lang.Object, java.lang.Object)'> (0x00007f1e94fa8870) 
thrown [src/hotspot/share/interpreter/linkResolver.cpp, line 766]
Event: 2.892 Thread 0x00007f3ea8018000 Exception <a 'java/lang/NoSuchMethodError'{0x00007f1e94fad598}: 'java.lang.Object java.lang.invoke.Invokers$Holder.linkToTargetMethod(java.lang.Object, java.lang.Object, java.lang.Object, java.lang.Object, java.lang.Object, java.lang.Object, java.lang.Object, java.lang.Object)'> (0x00007f1e94fad598) 
thrown [src/hotspot/share/interpreter/linkResolver.cpp, line 766]
Event: 2.924 Thread 0x00007f3ea8018000 Exception <a 'java/lang/NoSuchMethodError'{0x00007f1e9505f510}: 'java.lang.Object java.lang.invoke.Invokers$Holder.linkToTargetMethod(java.lang.Object, java.lang.Object, java.lang.Object, java.lang.Object, java.lang.Object, java.lang.Object, java.lang.Object)'> (0x00007f1e9505f510) 
thrown [src/hotspot/share/interpreter/linkResolver.cpp, line 766]
Event: 4.175 Thread 0x00007f3ea8018000 Exception <a 'java/lang/NoSuchMethodError'{0x00007f1e95e7fcf8}: 'java.lang.Object java.lang.invoke.DirectMethodHandle$Holder.invokeSpecial(java.lang.Object, java.lang.Object, int, java.lang.Object, java.lang.Object)'> (0x00007f1e95e7fcf8) 
thrown [src/hotspot/share/interpreter/linkResolver.cpp, line 766]
Event: 4.190 Thread 0x00007f3ea8018000 Exception <a 'java/lang/NoSuchMethodError'{0x00007f1e95eca9e8}: 'java.lang.Object java.lang.invoke.Invokers$Holder.linkToTargetMethod(java.lang.Object, long, java.lang.Object)'> (0x00007f1e95eca9e8) 
thrown [src/hotspot/share/interpreter/linkResolver.cpp, line 766]
Event: 4.314 Thread 0x00007f3ea80a7000 Implicit null exception at 0x00007f3e982aaecc to 0x00007f3e982aaf80
Event: 4.324 Thread 0x00007f3ea8018000 Exception <a 'java/lang/NoSuchMethodError'{0x00007f1e90665148}: 'java.lang.Object java.lang.invoke.Invokers$Holder.invokeExact_MT(java.lang.Object, java.lang.Object, java.lang.Object, java.lang.Object, java.lang.Object, java.lang.Object)'> (0x00007f1e90665148) 
thrown [src/hotspot/share/interpreter/linkResolver.cpp, line 766]
Event: 4.431 Thread 0x00007f3ea8018000 Exception <a 'java/lang/NoSuchMethodError'{0x00007f1e907a2d28}: 'int java.lang.invoke.DirectMethodHandle$Holder.invokeStatic(java.lang.Object, java.lang.Object, int)'> (0x00007f1e907a2d28) 
thrown [src/hotspot/share/interpreter/linkResolver.cpp, line 766]
Event: 4.600 Thread 0x00007f3ea8018000 Exception <a 'java/lang/NoSuchMethodError'{0x00007f1e90a18ec8}: 'int java.lang.invoke.DirectMethodHandle$Holder.invokeStatic(java.lang.Object, java.lang.Object, java.lang.Object, int)'> (0x00007f1e90a18ec8) 
thrown [src/hotspot/share/interpreter/linkResolver.cpp, line 766]
Event: 5.537 Thread 0x00007f3ea8018000 Exception <a 'java/lang/ClassNotFoundException'{0x00007f1e982f8200}: com/sun/org/apache/xerces/internal/impl/msg/spi/SAXMessagesProvider> (0x00007f1e982f8200) 
thrown [src/hotspot/share/classfile/systemDictionary.cpp, line 232]
Event: 6.419 Thread 0x00007f3ea8018000 Exception <a 'java/lang/NoSuchMethodError'{0x00007f1e999290b0}: 'java.lang.Object java.lang.invoke.DirectMethodHandle$Holder.invokeStaticInit(java.lang.Object, java.lang.Object, java.lang.Object)'> (0x00007f1e999290b0) 
thrown [src/hotspot/share/interpreter/linkResolver.cpp, line 766]
Event: 6.421 Thread 0x00007f3ea8018000 Exception <a 'java/lang/NoSuchMethodError'{0x00007f1e99934078}: 'void java.lang.invoke.DirectMethodHandle$Holder.invokeStatic(java.lang.Object, java.lang.Object, java.lang.Object, java.lang.Object, java.lang.Object, java.lang.Object)'> (0x00007f1e99934078) 
thrown [src/hotspot/share/interpreter/linkResolver.cpp, line 766]
Event: 6.440 Thread 0x00007f3ea8018000 Exception <a 'java/lang/NoSuchMethodError'{0x00007f1e9996bd70}: 'void java.lang.invoke.DirectMethodHandle$Holder.invokeStaticInit(java.lang.Object, java.lang.Object, java.lang.Object)'> (0x00007f1e9996bd70) 
thrown [src/hotspot/share/interpreter/linkResolver.cpp, line 766]
Event: 6.476 Thread 0x00007f3ea8018000 Exception <a 'java/net/UnknownHostException'{0x00007f1e9998d098}> (0x00007f1e9998d098) 
thrown [src/hotspot/share/prims/jni.cpp, line 598]
Event: 17.399 Thread 0x00007f3ea8018000 Implicit null exception at 0x00007f3e983ec04c to 0x00007f3e983ec0d0

Events (20 events):
Event: 39.916 Executing VM operation: GenCollectForAllocation done
Event: 40.318 Executing VM operation: GenCollectForAllocation
Event: 40.622 Executing VM operation: GenCollectForAllocation done
Event: 40.942 Executing VM operation: GenCollectForAllocation
Event: 41.199 Executing VM operation: GenCollectForAllocation done
Event: 41.481 Executing VM operation: GenCollectForAllocation
Event: 41.735 Executing VM operation: GenCollectForAllocation done
Event: 42.044 Executing VM operation: GenCollectForAllocation
Event: 42.353 Executing VM operation: GenCollectForAllocation done
Event: 42.626 Executing VM operation: GenCollectForAllocation
Event: 42.922 Executing VM operation: GenCollectForAllocation done
Event: 43.211 Executing VM operation: GenCollectForAllocation
Event: 43.471 Executing VM operation: GenCollectForAllocation done
Event: 43.727 Executing VM operation: GenCollectForAllocation
Event: 43.965 Executing VM operation: GenCollectForAllocation done
Event: 44.531 Executing VM operation: GenCollectForAllocation
Event: 44.864 Executing VM operation: GenCollectForAllocation done
Event: 45.187 Executing VM operation: GenCollectForAllocation
Event: 45.481 Executing VM operation: GenCollectForAllocation done
Event: 45.759 Executing VM operation: GenCollectForAllocation


Dynamic libraries:
564680892000-564680893000 r--p 00000000 07:37 4860                       /usr/lib/jvm/java-13-openjdk-amd64/bin/java
564680893000-564680894000 r-xp 00001000 07:37 4860                       /usr/lib/jvm/java-13-openjdk-amd64/bin/java
564680894000-564680895000 r--p 00002000 07:37 4860                       /usr/lib/jvm/java-13-openjdk-amd64/bin/java
564680895000-564680896000 r--p 00002000 07:37 4860                       /usr/lib/jvm/java-13-openjdk-amd64/bin/java
564680896000-564680897000 rw-p 00003000 07:37 4860                       /usr/lib/jvm/java-13-openjdk-amd64/bin/java
56468280d000-56468282e000 rw-p 00000000 00:00 0                          [heap]
7f1e48000000-7f1e48021000 rw-p 00000000 00:00 0 
7f1e48021000-7f1e4c000000 ---p 00000000 00:00 0 
7f1e50000000-7f1e50021000 rw-p 00000000 00:00 0 
7f1e50021000-7f1e54000000 ---p 00000000 00:00 0 
7f1e54000000-7f1e54021000 rw-p 00000000 00:00 0 
7f1e54021000-7f1e58000000 ---p 00000000 00:00 0 
7f1e58000000-7f1e5a6c9000 rw-p 00000000 00:00 0 
7f1e5a6c9000-7f1e5c000000 ---p 00000000 00:00 0 
7f1e5c000000-7f1e5c85e000 rw-p 00000000 00:00 0 
7f1e5c85e000-7f1e60000000 ---p 00000000 00:00 0 
7f1e60000000-7f1e60021000 rw-p 00000000 00:00 0 
7f1e60021000-7f1e64000000 ---p 00000000 00:00 0 
7f1e64000000-7f1e64021000 rw-p 00000000 00:00 0 
7f1e64021000-7f1e68000000 ---p 00000000 00:00 0 
7f1e68000000-7f1e68021000 rw-p 00000000 00:00 0 
7f1e68021000-7f1e6c000000 ---p 00000000 00:00 0 
7f1e6c000000-7f1e6c021000 rw-p 00000000 00:00 0 
7f1e6c021000-7f1e70000000 ---p 00000000 00:00 0 
7f1e70000000-7f1e713f7000 rw-p 00000000 00:00 0 
7f1e713f7000-7f1e74000000 ---p 00000000 00:00 0 
7f1e75554000-7f1e75754000 rw-p 00000000 00:00 0 
7f1e75754000-7f1e75954000 rw-p 00000000 00:00 0 
7f1e75954000-7f1e75b54000 rw-p 00000000 00:00 0 
7f1e75b54000-7f1e75e12000 rw-p 00000000 00:00 0 
7f1e75e12000-7f1e805ff000 ---p 00000000 00:00 0 
7f1e805ff000-7f1e80755000 rw-p 00000000 00:00 0 
7f1e80755000-7f1e85b54000 ---p 00000000 00:00 0 
7f1e85b54000-7f1e85e13000 rw-p 00000000 00:00 0 
7f1e85e13000-7f1e905ff000 ---p 00000000 00:00 0 
7f1e905ff000-7f1ebb0c0000 rw-p 00000000 00:00 0 
7f1ebb0c0000-7f293b0a0000 ---p 00000000 00:00 0 
7f293b0a0000-7f2992c10000 rw-p 00000000 00:00 0 
7f29c1c0a000-7f3e90600000 ---p 00000000 00:00 0 
7f3e9078a000-7f3e909fa000 rwxp 00000000 00:00 0 
7f3e909fa000-7f3e90d19000 ---p 00000000 00:00 0 
7f3e90d19000-7f3e914b9000 rwxp 00000000 00:00 0 
7f3e914b9000-7f3e98251000 ---p 00000000 00:00 0 
7f3e98251000-7f3e984c1000 rwxp 00000000 00:00 0 
7f3e984c1000-7f3e9f78a000 ---p 00000000 00:00 0 
7f3e9f78a000-7f3ea8000000 r--s 00000000 07:37 5215                       /usr/lib/jvm/java-13-openjdk-amd64/lib/modules
7f3ea8000000-7f3ea87e0000 rw-p 00000000 00:00 0 
7f3ea87e0000-7f3eac000000 ---p 00000000 00:00 0 
7f3eac020000-7f3eac024000 r--p 00000000 07:37 9178                       /usr/lib/x86_64-linux-gnu/libresolv-2.31.so
7f3eac024000-7f3eac034000 r-xp 00004000 07:37 9178                       /usr/lib/x86_64-linux-gnu/libresolv-2.31.so
7f3eac034000-7f3eac038000 r--p 00014000 07:37 9178                       /usr/lib/x86_64-linux-gnu/libresolv-2.31.so
7f3eac038000-7f3eac039000 r--p 00017000 07:37 9178                       /usr/lib/x86_64-linux-gnu/libresolv-2.31.so
7f3eac039000-7f3eac03a000 rw-p 00018000 07:37 9178                       /usr/lib/x86_64-linux-gnu/libresolv-2.31.so
7f3eac03a000-7f3eac03c000 rw-p 00000000 00:00 0 
7f3eac03c000-7f3eac03d000 r--p 00000000 07:37 9105                       /usr/lib/x86_64-linux-gnu/libnss_dns-2.31.so
7f3eac03d000-7f3eac041000 r-xp 00001000 07:37 9105                       /usr/lib/x86_64-linux-gnu/libnss_dns-2.31.so
7f3eac041000-7f3eac042000 r--p 00005000 07:37 9105                       /usr/lib/x86_64-linux-gnu/libnss_dns-2.31.so
7f3eac042000-7f3eac043000 r--p 00005000 07:37 9105                       /usr/lib/x86_64-linux-gnu/libnss_dns-2.31.so
7f3eac043000-7f3eac044000 rw-p 00006000 07:37 9105                       /usr/lib/x86_64-linux-gnu/libnss_dns-2.31.so
7f3eac044000-7f3eac046000 r--p 00000000 07:37 5202                       /usr/lib/jvm/java-13-openjdk-amd64/lib/libmanagement_ext.so
7f3eac046000-7f3eac049000 r-xp 00002000 07:37 5202                       /usr/lib/jvm/java-13-openjdk-amd64/lib/libmanagement_ext.so
7f3eac049000-7f3eac04a000 r--p 00005000 07:37 5202                       /usr/lib/jvm/java-13-openjdk-amd64/lib/libmanagement_ext.so
7f3eac04a000-7f3eac04b000 ---p 00006000 07:37 5202                       /usr/lib/jvm/java-13-openjdk-amd64/lib/libmanagement_ext.so
7f3eac04b000-7f3eac04c000 r--p 00006000 07:37 5202                       /usr/lib/jvm/java-13-openjdk-amd64/lib/libmanagement_ext.so
7f3eac04c000-7f3eac04d000 rw-p 00007000 07:37 5202                       /usr/lib/jvm/java-13-openjdk-amd64/lib/libmanagement_ext.so
7f3eac04d000-7f3eac050000 r--p 00000000 07:37 5200                       /usr/lib/jvm/java-13-openjdk-amd64/lib/libmanagement.so
7f3eac050000-7f3eac051000 r-xp 00003000 07:37 5200                       /usr/lib/jvm/java-13-openjdk-amd64/lib/libmanagement.so
7f3eac051000-7f3eac052000 r--p 00004000 07:37 5200                       /usr/lib/jvm/java-13-openjdk-amd64/lib/libmanagement.so
7f3eac052000-7f3eac053000 r--p 00004000 07:37 5200                       /usr/lib/jvm/java-13-openjdk-amd64/lib/libmanagement.so
7f3eac053000-7f3eac054000 rw-p 00005000 07:37 5200                       /usr/lib/jvm/java-13-openjdk-amd64/lib/libmanagement.so
7f3eac054000-7f3eac254000 rw-p 00000000 00:00 0 
7f3eac254000-7f3eac454000 rw-p 00000000 00:00 0 
7f3eac454000-7f3eac654000 rw-p 00000000 00:00 0 
7f3eac654000-7f3eac854000 rw-p 00000000 00:00 0 
7f3eac854000-7f3eacbf4000 rw-p 00000000 00:00 0 
7f3eacbf4000-7f3eacdf4000 rw-p 00000000 00:00 0 
7f3eacdf4000-7f3eacff4000 rw-p 00000000 00:00 0 
7f3eacff4000-7f3ead1f4000 rw-p 00000000 00:00 0 
7f3ead1f4000-7f3ead225000 rw-p 00000000 00:00 0 
7f3ead225000-7f3ead229000 r--p 00000000 07:37 5204                       /usr/lib/jvm/java-13-openjdk-amd64/lib/libnet.so
7f3ead229000-7f3ead237000 r-xp 00004000 07:37 5204                       /usr/lib/jvm/java-13-openjdk-amd64/lib/libnet.so
7f3ead237000-7f3ead23b000 r--p 00012000 07:37 5204                       /usr/lib/jvm/java-13-openjdk-amd64/lib/libnet.so
7f3ead23b000-7f3ead23c000 r--p 00015000 07:37 5204                       /usr/lib/jvm/java-13-openjdk-amd64/lib/libnet.so
7f3ead23c000-7f3ead23d000 rw-p 00016000 07:37 5204                       /usr/lib/jvm/java-13-openjdk-amd64/lib/libnet.so
7f3ead23d000-7f3ead244000 r--p 00000000 07:37 5205                       /usr/lib/jvm/java-13-openjdk-amd64/lib/libnio.so
7f3ead244000-7f3ead24d000 r-xp 00007000 07:37 5205                       /usr/lib/jvm/java-13-openjdk-amd64/lib/libnio.so
7f3ead24d000-7f3ead251000 r--p 00010000 07:37 5205                       /usr/lib/jvm/java-13-openjdk-amd64/lib/libnio.so
7f3ead251000-7f3ead252000 r--p 00013000 07:37 5205                       /usr/lib/jvm/java-13-openjdk-amd64/lib/libnio.so
7f3ead252000-7f3ead253000 rw-p 00014000 07:37 5205                       /usr/lib/jvm/java-13-openjdk-amd64/lib/libnio.so
7f3ead253000-7f3ead254000 ---p 00000000 00:00 0 
7f3ead254000-7f3ead355000 rw-p 00000000 00:00 0 
7f3ead355000-7f3ead359000 ---p 00000000 00:00 0 
7f3ead359000-7f3ead456000 rw-p 00000000 00:00 0 
7f3ead456000-7f3ead45a000 ---p 00000000 00:00 0 
7f3ead45a000-7f3ead557000 rw-p 00000000 00:00 0 
7f3ead557000-7f3ead55b000 ---p 00000000 00:00 0 
7f3ead55b000-7f3ead658000 rw-p 00000000 00:00 0 
7f3ead658000-7f3ead65c000 ---p 00000000 00:00 0 
7f3ead65c000-7f3ead759000 rw-p 00000000 00:00 0 
7f3ead759000-7f3ead75d000 ---p 00000000 00:00 0 
7f3ead75d000-7f3ead85a000 rw-p 00000000 00:00 0 
7f3ead85a000-7f3ead85e000 ---p 00000000 00:00 0 
7f3ead85e000-7f3ead95b000 rw-p 00000000 00:00 0 
7f3ead95b000-7f3ead962000 r--s 00000000 07:37 8532                       /usr/lib/x86_64-linux-gnu/gconv/gconv-modules.cache
7f3ead962000-7f3ead994000 r--p 00000000 07:37 5276                       /usr/lib/locale/C.UTF-8/LC_CTYPE
7f3ead994000-7f3ead998000 ---p 00000000 00:00 0 
7f3ead998000-7f3eada95000 rw-p 00000000 00:00 0 
7f3eada95000-7f3eada99000 ---p 00000000 00:00 0 
7f3eada99000-7f3eadb96000 rw-p 00000000 00:00 0 
7f3eadb96000-7f3eadb97000 ---p 00000000 00:00 0 
7f3eadb97000-7f3eae5b5000 rw-p 00000000 00:00 0 
7f3eae5b5000-7f3eae5ba000 rw-p 00000000 00:00 0 
7f3eae5ba000-7f3eae6a0000 ---p 00000000 00:00 0 
7f3eae6a0000-7f3eae6b0000 rw-p 00000000 00:00 0 
7f3eae6b0000-7f3eae78b000 ---p 00000000 00:00 0 
7f3eae78b000-7f3eae790000 rw-p 00000000 00:00 0 
7f3eae790000-7f3eae797000 ---p 00000000 00:00 0 
7f3eae797000-7f3eae799000 r--p 00000000 07:37 5214                       /usr/lib/jvm/java-13-openjdk-amd64/lib/libzip.so
7f3eae799000-7f3eae79d000 r-xp 00002000 07:37 5214                       /usr/lib/jvm/java-13-openjdk-amd64/lib/libzip.so
7f3eae79d000-7f3eae79f000 r--p 00006000 07:37 5214                       /usr/lib/jvm/java-13-openjdk-amd64/lib/libzip.so
7f3eae79f000-7f3eae7a0000 r--p 00007000 07:37 5214                       /usr/lib/jvm/java-13-openjdk-amd64/lib/libzip.so
7f3eae7a0000-7f3eae7a1000 rw-p 00008000 07:37 5214                       /usr/lib/jvm/java-13-openjdk-amd64/lib/libzip.so
7f3eae7a1000-7f3eae7a9000 rw-s 00000000 08:03 34784703                   /tmp/hsperfdata_rcabanas/13450
7f3eae7a9000-7f3eae7ac000 r--p 00000000 07:37 9108                       /usr/lib/x86_64-linux-gnu/libnss_files-2.31.so
7f3eae7ac000-7f3eae7b3000 r-xp 00003000 07:37 9108                       /usr/lib/x86_64-linux-gnu/libnss_files-2.31.so
7f3eae7b3000-7f3eae7b5000 r--p 0000a000 07:37 9108                       /usr/lib/x86_64-linux-gnu/libnss_files-2.31.so
7f3eae7b5000-7f3eae7b6000 r--p 0000b000 07:37 9108                       /usr/lib/x86_64-linux-gnu/libnss_files-2.31.so
7f3eae7b6000-7f3eae7b7000 rw-p 0000c000 07:37 9108                       /usr/lib/x86_64-linux-gnu/libnss_files-2.31.so
7f3eae7b7000-7f3eae7bd000 rw-p 00000000 00:00 0 
7f3eae7c3000-7f3eae7c5000 r--p 00000000 07:37 5195                       /usr/lib/jvm/java-13-openjdk-amd64/lib/libjimage.so
7f3eae7c5000-7f3eae7c8000 r-xp 00002000 07:37 5195                       /usr/lib/jvm/java-13-openjdk-amd64/lib/libjimage.so
7f3eae7c8000-7f3eae7c9000 r--p 00005000 07:37 5195                       /usr/lib/jvm/java-13-openjdk-amd64/lib/libjimage.so
7f3eae7c9000-7f3eae7ca000 ---p 00006000 07:37 5195                       /usr/lib/jvm/java-13-openjdk-amd64/lib/libjimage.so
7f3eae7ca000-7f3eae7cb000 r--p 00006000 07:37 5195                       /usr/lib/jvm/java-13-openjdk-amd64/lib/libjimage.so
7f3eae7cb000-7f3eae7cc000 rw-p 00007000 07:37 5195                       /usr/lib/jvm/java-13-openjdk-amd64/lib/libjimage.so
7f3eae7cc000-7f3eae7d9000 r--p 00000000 07:37 5191                       /usr/lib/jvm/java-13-openjdk-amd64/lib/libjava.so
7f3eae7d9000-7f3eae7ee000 r-xp 0000d000 07:37 5191                       /usr/lib/jvm/java-13-openjdk-amd64/lib/libjava.so
7f3eae7ee000-7f3eae7f4000 r--p 00022000 07:37 5191                       /usr/lib/jvm/java-13-openjdk-amd64/lib/libjava.so
7f3eae7f4000-7f3eae7f5000 ---p 00028000 07:37 5191                       /usr/lib/jvm/java-13-openjdk-amd64/lib/libjava.so
7f3eae7f5000-7f3eae7f6000 r--p 00028000 07:37 5191                       /usr/lib/jvm/java-13-openjdk-amd64/lib/libjava.so
7f3eae7f6000-7f3eae7f8000 rw-p 00029000 07:37 5191                       /usr/lib/jvm/java-13-openjdk-amd64/lib/libjava.so
7f3eae7f8000-7f3eae7fd000 r--p 00000000 07:37 5213                       /usr/lib/jvm/java-13-openjdk-amd64/lib/libverify.so
7f3eae7fd000-7f3eae804000 r-xp 00005000 07:37 5213                       /usr/lib/jvm/java-13-openjdk-amd64/lib/libverify.so
7f3eae804000-7f3eae806000 r--p 0000c000 07:37 5213                       /usr/lib/jvm/java-13-openjdk-amd64/lib/libverify.so
7f3eae806000-7f3eae807000 ---p 0000e000 07:37 5213                       /usr/lib/jvm/java-13-openjdk-amd64/lib/libverify.so
7f3eae807000-7f3eae809000 r--p 0000e000 07:37 5213                       /usr/lib/jvm/java-13-openjdk-amd64/lib/libverify.so
7f3eae809000-7f3eae80a000 rw-p 00010000 07:37 5213                       /usr/lib/jvm/java-13-openjdk-amd64/lib/libverify.so
7f3eae80a000-7f3eae80e000 ---p 00000000 00:00 0 
7f3eae80e000-7f3eae90b000 rw-p 00000000 00:00 0 
7f3eae90b000-7f3eae90e000 r--p 00000000 07:37 8948                       /usr/lib/x86_64-linux-gnu/libgcc_s.so.1
7f3eae90e000-7f3eae920000 r-xp 00003000 07:37 8948                       /usr/lib/x86_64-linux-gnu/libgcc_s.so.1
7f3eae920000-7f3eae924000 r--p 00015000 07:37 8948                       /usr/lib/x86_64-linux-gnu/libgcc_s.so.1
7f3eae924000-7f3eae925000 r--p 00018000 07:37 8948                       /usr/lib/x86_64-linux-gnu/libgcc_s.so.1
7f3eae925000-7f3eae926000 rw-p 00019000 07:37 8948                       /usr/lib/x86_64-linux-gnu/libgcc_s.so.1
7f3eae926000-7f3eae933000 r--p 00000000 07:37 9062                       /usr/lib/x86_64-linux-gnu/libm-2.31.so
7f3eae933000-7f3eae9da000 r-xp 0000d000 07:37 9062                       /usr/lib/x86_64-linux-gnu/libm-2.31.so
7f3eae9da000-7f3eaea73000 r--p 000b4000 07:37 9062                       /usr/lib/x86_64-linux-gnu/libm-2.31.so
7f3eaea73000-7f3eaea74000 r--p 0014c000 07:37 9062                       /usr/lib/x86_64-linux-gnu/libm-2.31.so
7f3eaea74000-7f3eaea75000 rw-p 0014d000 07:37 9062                       /usr/lib/x86_64-linux-gnu/libm-2.31.so
7f3eaea75000-7f3eaeb0b000 r--p 00000000 07:37 9213                       /usr/lib/x86_64-linux-gnu/libstdc++.so.6.0.28
7f3eaeb0b000-7f3eaebfc000 r-xp 00096000 07:37 9213                       /usr/lib/x86_64-linux-gnu/libstdc++.so.6.0.28
7f3eaebfc000-7f3eaec45000 r--p 00187000 07:37 9213                       /usr/lib/x86_64-linux-gnu/libstdc++.so.6.0.28
7f3eaec45000-7f3eaec46000 ---p 001d0000 07:37 9213                       /usr/lib/x86_64-linux-gnu/libstdc++.so.6.0.28
7f3eaec46000-7f3eaec51000 r--p 001d0000 07:37 9213                       /usr/lib/x86_64-linux-gnu/libstdc++.so.6.0.28
7f3eaec51000-7f3eaec54000 rw-p 001db000 07:37 9213                       /usr/lib/x86_64-linux-gnu/libstdc++.so.6.0.28
7f3eaec54000-7f3eaec57000 rw-p 00000000 00:00 0 
7f3eaec57000-7f3eaeedd000 r--p 00000000 07:37 5226                       /usr/lib/jvm/java-13-openjdk-amd64/lib/server/libjvm.so
7f3eaeedd000-7f3eafc5a000 r-xp 00286000 07:37 5226                       /usr/lib/jvm/java-13-openjdk-amd64/lib/server/libjvm.so
7f3eafc5a000-7f3eafed5000 r--p 01003000 07:37 5226                       /usr/lib/jvm/java-13-openjdk-amd64/lib/server/libjvm.so
7f3eafed5000-7f3eaff9a000 r--p 0127d000 07:37 5226                       /usr/lib/jvm/java-13-openjdk-amd64/lib/server/libjvm.so
7f3eaff9a000-7f3eaffd5000 rw-p 01342000 07:37 5226                       /usr/lib/jvm/java-13-openjdk-amd64/lib/server/libjvm.so
7f3eaffd5000-7f3eb005b000 rw-p 00000000 00:00 0 
7f3eb005b000-7f3eb0061000 r--p 00000000 07:37 9166                       /usr/lib/x86_64-linux-gnu/libpthread-2.31.so
7f3eb0061000-7f3eb0072000 r-xp 00006000 07:37 9166                       /usr/lib/x86_64-linux-gnu/libpthread-2.31.so
7f3eb0072000-7f3eb0078000 r--p 00017000 07:37 9166                       /usr/lib/x86_64-linux-gnu/libpthread-2.31.so
7f3eb0078000-7f3eb0079000 r--p 0001c000 07:37 9166                       /usr/lib/x86_64-linux-gnu/libpthread-2.31.so
7f3eb0079000-7f3eb007a000 rw-p 0001d000 07:37 9166                       /usr/lib/x86_64-linux-gnu/libpthread-2.31.so
7f3eb007a000-7f3eb007e000 rw-p 00000000 00:00 0 
7f3eb007e000-7f3eb007f000 r--p 00000000 07:37 8893                       /usr/lib/x86_64-linux-gnu/libdl-2.31.so
7f3eb007f000-7f3eb0081000 r-xp 00001000 07:37 8893                       /usr/lib/x86_64-linux-gnu/libdl-2.31.so
7f3eb0081000-7f3eb0082000 r--p 00003000 07:37 8893                       /usr/lib/x86_64-linux-gnu/libdl-2.31.so
7f3eb0082000-7f3eb0083000 r--p 00003000 07:37 8893                       /usr/lib/x86_64-linux-gnu/libdl-2.31.so
7f3eb0083000-7f3eb0084000 rw-p 00004000 07:37 8893                       /usr/lib/x86_64-linux-gnu/libdl-2.31.so
7f3eb0084000-7f3eb0086000 r--p 00000000 07:37 9290                       /usr/lib/x86_64-linux-gnu/libz.so.1.2.11
7f3eb0086000-7f3eb0097000 r-xp 00002000 07:37 9290                       /usr/lib/x86_64-linux-gnu/libz.so.1.2.11
7f3eb0097000-7f3eb009d000 r--p 00013000 07:37 9290                       /usr/lib/x86_64-linux-gnu/libz.so.1.2.11
7f3eb009d000-7f3eb009e000 ---p 00019000 07:37 9290                       /usr/lib/x86_64-linux-gnu/libz.so.1.2.11
7f3eb009e000-7f3eb009f000 r--p 00019000 07:37 9290                       /usr/lib/x86_64-linux-gnu/libz.so.1.2.11
7f3eb009f000-7f3eb00a0000 rw-p 0001a000 07:37 9290                       /usr/lib/x86_64-linux-gnu/libz.so.1.2.11
7f3eb00a0000-7f3eb00c2000 r--p 00000000 07:37 8851                       /usr/lib/x86_64-linux-gnu/libc-2.31.so
7f3eb00c2000-7f3eb023a000 r-xp 00022000 07:37 8851                       /usr/lib/x86_64-linux-gnu/libc-2.31.so
7f3eb023a000-7f3eb0288000 r--p 0019a000 07:37 8851                       /usr/lib/x86_64-linux-gnu/libc-2.31.so
7f3eb0288000-7f3eb028c000 r--p 001e7000 07:37 8851                       /usr/lib/x86_64-linux-gnu/libc-2.31.so
7f3eb028c000-7f3eb028e000 rw-p 001eb000 07:37 8851                       /usr/lib/x86_64-linux-gnu/libc-2.31.so
7f3eb028e000-7f3eb0292000 rw-p 00000000 00:00 0 
7f3eb0294000-7f3eb0296000 r--s 0000c000 07:37 20930                      /usr/share/java/java-atk-wrapper.jar
7f3eb0296000-7f3eb0297000 ---p 00000000 00:00 0 
7f3eb0297000-7f3eb0298000 r--p 00000000 00:00 0 
7f3eb0298000-7f3eb029b000 r--p 00000000 07:37 5196                       /usr/lib/jvm/java-13-openjdk-amd64/lib/libjli.so
7f3eb029b000-7f3eb02a5000 r-xp 00003000 07:37 5196                       /usr/lib/jvm/java-13-openjdk-amd64/lib/libjli.so
7f3eb02a5000-7f3eb02a8000 r--p 0000d000 07:37 5196                       /usr/lib/jvm/java-13-openjdk-amd64/lib/libjli.so
7f3eb02a8000-7f3eb02a9000 r--p 0000f000 07:37 5196                       /usr/lib/jvm/java-13-openjdk-amd64/lib/libjli.so
7f3eb02a9000-7f3eb02aa000 rw-p 00010000 07:37 5196                       /usr/lib/jvm/java-13-openjdk-amd64/lib/libjli.so
7f3eb02aa000-7f3eb02ac000 rw-p 00000000 00:00 0 
7f3eb02ac000-7f3eb02ad000 r--p 00000000 07:37 8572                       /usr/lib/x86_64-linux-gnu/ld-2.31.so
7f3eb02ad000-7f3eb02d0000 r-xp 00001000 07:37 8572                       /usr/lib/x86_64-linux-gnu/ld-2.31.so
7f3eb02d0000-7f3eb02d8000 r--p 00024000 07:37 8572                       /usr/lib/x86_64-linux-gnu/ld-2.31.so
7f3eb02d8000-7f3eb02d9000 ---p 00000000 00:00 0 
7f3eb02d9000-7f3eb02da000 r--p 0002c000 07:37 8572                       /usr/lib/x86_64-linux-gnu/ld-2.31.so
7f3eb02da000-7f3eb02db000 rw-p 0002d000 07:37 8572                       /usr/lib/x86_64-linux-gnu/ld-2.31.so
7f3eb02db000-7f3eb02dc000 rw-p 00000000 00:00 0 
7ffc0f126000-7ffc0f147000 rw-p 00000000 00:00 0                          [stack]
7ffc0f1bc000-7ffc0f1be000 r-xp 00000000 00:00 0                          [vdso]
ffffffffff600000-ffffffffff601000 r-xp 00000000 00:00 0                  [vsyscall]


VM Arguments:
jvm_args: -Xmx128g --add-modules=ALL-DEFAULT 
java_command: jdk.compiler/com.sun.tools.javac.launcher.Main /mnt/beegfs/rcabanas/dev/credici/papers/zeros/code/GenerateNparents.java -np 2 -nzr 1.0 -zdr 0.5 -o /mnt/beegfs/rcabanas/dev/credici/papers/zeros/models/s3 -rw -s 143 -ys 3
java_class_path (initial): /mnt/beegfs/rcabanas/dev/credici/target/credici-0.1.5-dev-SNAPSHOT-jar-with-dependencies.jar
Launcher Type: SUN_STANDARD

[Global flags]
     intx CICompilerCount                          = 2                                         {product} {ergonomic}
   size_t InitialHeapSize                          = 2147483648                                {product} {ergonomic}
   size_t MaxHeapSize                              = 137438953472                              {product} {command line}
   size_t MaxNewSize                               = 45812940800                               {product} {ergonomic}
   size_t MinHeapDeltaBytes                        = 196608                                    {product} {ergonomic}
   size_t MinHeapSize                              = 8388608                                   {product} {ergonomic}
   size_t NewSize                                  = 715784192                                 {product} {ergonomic}
    uintx NonNMethodCodeHeapSize                   = 5826188                                {pd product} {ergonomic}
    uintx NonProfiledCodeHeapSize                  = 122916026                              {pd product} {ergonomic}
   size_t OldSize                                  = 1431699456                                {product} {ergonomic}
    uintx ProfiledCodeHeapSize                     = 122916026                              {pd product} {ergonomic}
    uintx ReservedCodeCacheSize                    = 251658240                              {pd product} {ergonomic}
     bool SegmentedCodeCache                       = true                                      {product} {ergonomic}
   size_t SoftMaxHeapSize                          = 137438953472                           {manageable} {ergonomic}
     bool UseSerialGC                              = true                                      {product} {ergonomic}

Logging:
Log output configuration:
 #0: stdout all=warning uptime,level,tags
 #1: stderr all=off uptime,level,tags

Environment Variables:
PATH=/usr/local/sbin:/usr/local/bin:/usr/sbin:/usr/bin:/sbin:/bin
LD_LIBRARY_PATH=/.singularity.d/libs

Signal Handlers:
SIGSEGV: [libjvm.so+0xf8fcf0], sa_mask[0]=11111111011111111101111111111110, sa_flags=SA_RESTART|SA_SIGINFO
SIGBUS: [libjvm.so+0xf8fcf0], sa_mask[0]=11111111011111111101111111111110, sa_flags=SA_RESTART|SA_SIGINFO
SIGFPE: [libjvm.so+0xf8fcf0], sa_mask[0]=11111111011111111101111111111110, sa_flags=SA_RESTART|SA_SIGINFO
SIGPIPE: [libjvm.so+0xc3ffa0], sa_mask[0]=11111111011111111101111111111110, sa_flags=SA_RESTART|SA_SIGINFO
SIGXFSZ: [libjvm.so+0xc3ffa0], sa_mask[0]=11111111011111111101111111111110, sa_flags=SA_RESTART|SA_SIGINFO
SIGILL: [libjvm.so+0xf8fcf0], sa_mask[0]=11111111011111111101111111111110, sa_flags=SA_RESTART|SA_SIGINFO
SIGUSR2: [libjvm.so+0xc3fe40], sa_mask[0]=00000000000000000000000000000000, sa_flags=SA_RESTART|SA_SIGINFO
SIGHUP: [libjvm.so+0xc40580], sa_mask[0]=11111111011111111101111111111110, sa_flags=SA_RESTART|SA_SIGINFO
SIGINT: [libjvm.so+0xc40580], sa_mask[0]=11111111011111111101111111111110, sa_flags=SA_RESTART|SA_SIGINFO
SIGTERM: [libjvm.so+0xc40580], sa_mask[0]=11111111011111111101111111111110, sa_flags=SA_RESTART|SA_SIGINFO
SIGQUIT: [libjvm.so+0xc40580], sa_mask[0]=11111111011111111101111111111110, sa_flags=SA_RESTART|SA_SIGINFO


---------------  S Y S T E M  ---------------

OS:DISTRIB_ID=Ubuntu
DISTRIB_RELEASE=20.04
DISTRIB_CODENAME=focal
DISTRIB_DESCRIPTION="Ubuntu 20.04.4 LTS"
uname:Linux 3.10.0-1160.15.2.el7.x86_64 #1 SMP Wed Feb 3 15:06:38 UTC 2021 x86_64
OS uptime: 2 days 16:18 hours
libc:glibc 2.31 NPTL 2.31 
rlimit (soft/hard): STACK 8192k/infinity , CORE 0k/infinity , NPROC 4096/1030217 , NOFILE 131072/131072 , AS infinity/infinity , CPU infinity/infinity , DATA infinity/infinity , FSIZE infinity/infinity , MEMLOCK infinity/infinity
load average:64.84 64.91 52.32

/proc/meminfo:
MemTotal:       263895364 kB
MemFree:          652952 kB
MemAvailable:     231712 kB
Buffers:          110488 kB
Cached:           187576 kB
SwapCached:       141492 kB
Active:         247131828 kB
Inactive:        6693684 kB
Active(anon):   246996780 kB
Inactive(anon):  6554100 kB
Active(file):     135048 kB
Inactive(file):   139584 kB
Unevictable:       26564 kB
Mlocked:           26564 kB
SwapTotal:       4194300 kB
SwapFree:              0 kB
Dirty:               340 kB
Writeback:             0 kB
AnonPages:      253416752 kB
Mapped:            59692 kB
Shmem:             11412 kB
Slab:             713232 kB
SReclaimable:     149212 kB
SUnreclaim:       564020 kB
KernelStack:       53088 kB
PageTables:       603252 kB
NFS_Unstable:          0 kB
Bounce:                0 kB
WritebackTmp:          0 kB
CommitLimit:    136141980 kB
Committed_AS:   319655332 kB
VmallocTotal:   34359738367 kB
VmallocUsed:      863184 kB
VmallocChunk:   34222529376 kB
Percpu:            18176 kB
HardwareCorrupted:     0 kB
AnonHugePages:  145631232 kB
CmaTotal:              0 kB
CmaFree:               0 kB
HugePages_Total:       0
HugePages_Free:        0
HugePages_Rsvd:        0
HugePages_Surp:        0
Hugepagesize:       2048 kB
DirectMap4k:      636520 kB
DirectMap2M:    31731712 kB
DirectMap1G:    235929600 kB

/sys/kernel/mm/transparent_hugepage/enabled:
[always] madvise never

/sys/kernel/mm/transparent_hugepage/defrag (defrag/compaction efforts parameter):
[always] madvise never


/proc/sys/kernel/threads-max (system-wide limit on the number of threads):
2060435


/proc/sys/vm/max_map_count (maximum number of memory map areas a process may have):
65530


/proc/sys/kernel/pid_max (system-wide limit on number of process identifiers):
65536



Steal ticks since vm start: 0
Steal ticks percentage since vm start:  0.000

CPU:total 64 (initial active 1) (32 cores per cpu, 1 threads per core) family 23 model 49 stepping 0, cmov, cx8, fxsr, mmx, sse, sse2, sse3, ssse3, sse4.1, sse4.2, popcnt, avx, avx2, aes, clmul, mmxext, 3dnowpref, lzcnt, sse4a, tsc, tscinvbit, tscinv, bmi1, bmi2, adx, sha, fma
CPU Model and flags from /proc/cpuinfo:
model name	: AMD EPYC 7542 32-Core Processor
flags		: fpu vme de pse tsc msr pae mce cx8 apic sep mtrr pge mca cmov pat pse36 clflush mmx fxsr sse sse2 ht syscall nx mmxext fxsr_opt pdpe1gb rdtscp lm constant_tsc art rep_good nopl nonstop_tsc extd_apicid aperfmperf eagerfpu pni pclmulqdq monitor ssse3 fma cx16 sse4_1 sse4_2 movbe popcnt aes xsave avx f16c rdrand lahf_lm cmp_legacy svm extapic cr8_legacy abm sse4a misalignsse 3dnowprefetch osvw ibs skinit wdt tce topoext perfctr_core perfctr_nb bpext perfctr_l2 cpb cat_l3 cdp_l3 hw_pstate sme retpoline_amd ssbd ibrs ibpb stibp vmmcall fsgsbase bmi1 avx2 smep bmi2 cqm rdt_a rdseed adx smap clflushopt clwb sha_ni xsaveopt xsavec xgetbv1 cqm_llc cqm_occup_llc cqm_mbm_total cqm_mbm_local clzero irperf xsaveerptr arat npt lbrv svm_lock nrip_save tsc_scale vmcb_clean flushbyasid decodeassists pausefilter pfthreshold avic v_vmsave_vmload vgif umip overflow_recov succor smca
Online cpus:0-63
Offline cpus:
BIOS frequency limitation:2900000
Frequency switch latency (ns):0
Available cpu frequencies:2900000 2400000 1500000 
Current governor:conservative
Core performance/turbo boost:1

Memory: 4k page, physical 263895364k(659656k free), swap 4194300k(0k free)

vm_info: OpenJDK 64-Bit Server VM (13.0.7+5-Ubuntu-0ubuntu120.04) for linux-amd64 JRE (13.0.7+5-Ubuntu-0ubuntu120.04), built on Apr 21 2021 05:36:19 by "unknown" with gcc 9.3.0

END.
