#
# A fatal error has been detected by the Java Runtime Environment:
#
#  SIGBUS (0x7) at pc=0x00007f8a0dce4ec0, pid=113100, tid=113206
#
# JRE version:  (13.0.7+5) (build )
# Java VM: OpenJDK 64-Bit Server VM (13.0.7+5-Ubuntu-0ubuntu120.04, mixed mode, tiered, serial gc, linux-amd64)
# Problematic frame:
# V  [libjvm.so+0x8d9ec0]
#
# No core dump will be written. Core dumps have been disabled. To enable core dumping, try "ulimit -c unlimited" before starting Java again
#
#

---------------  S U M M A R Y ------------

Command Line: -Xmx128g --add-modules=ALL-DEFAULT jdk.compiler/com.sun.tools.javac.launcher.Main /mnt/beegfs/rcabanas/dev/credici/papers/zeros/code/GenerateNparents.java -np 1 -nzr 0.8 -zdr 0.5 -o /mnt/beegfs/rcabanas/dev/credici/papers/zeros/models/s3 -rw -s 24 -ys 3

Host: AMD EPYC 7542 32-Core Processor, 64 cores, 251G, Ubuntu 20.04.4 LTS
Time: Mon Oct 14 12:32:02 2024 CEST elapsed time: 0.069197 seconds (0d 0h 0m 0s)

---------------  T H R E A D  ---------------

Current thread is native thread

Stack: [0x00007f8a0cfbe000,0x00007f8a0d0bf000],  sp=0x00007f8a0d0bdbe8,  free space=1022k
Native frames: (J=compiled Java code, A=aot compiled Java code, j=interpreted, Vv=VM code, C=native code)
V  [libjvm.so+0x8d9ec0]
V  [libjvm.so+0xf258f3]
V  [libjvm.so+0x908da5]  JNI_CreateJavaVM+0x55
C  [libjli.so+0x4d6f]
C  [libjli.so+0x9d3d]


siginfo: si_signo: 7 (SIGBUS), si_code: 2 (BUS_ADRERR), si_addr: 0x00007f8a0dce4ec0

Registers:
RAX=0x000001928a95bfad, RBX=0x00007f8a0d0bddd7, RCX=0x0000000000000000, RDX=0x00000000000002dd
RSP=0x00007f8a0d0bdbe8, RBP=0x00007f8a0d0bdc00, RSI=0x000001928a95bcd0, RDI=0x00007f8a080181b0
R8 =0x0000000000000000, R9 =0x0000000000000001, R10=0x00000000670cf322, R11=0x00007f8a08000080
R12=0x00007f8a08018000, R13=0x00007f8a08018000, R14=0x00007f8a0d0bdc50, R15=0x00007f8a08018000
RIP=0x00007f8a0dce4ec0, EFLAGS=0x0000000000010206, CSGSFS=0x0000000000000033, ERR=0x0000000000000014
  TRAPNO=0x000000000000000e

Top of Stack: (sp=0x00007f8a0d0bdbe8)
0x00007f8a0d0bdbe8:   00007f8a0e325180 00007f8a0d0bddd7
0x00007f8a0d0bdbf8:   00007f8a0d0bdc30 00007f8a0d0bddc0
0x00007f8a0d0bdc08:   00007f8a0e3308f3 0000000000000000
0x00007f8a0d0bdc18:   0000000000000000 0000000000000000 

Instructions: (pc=0x00007f8a0dce4ec0)
0x00007f8a0dce4dc0:   
[error occurred during error reporting (printing registers, top of stack, instructions near pc), id 0x7, SIGBUS (0x7) at pc=0x00007f8a0e044258]


---------------  P R O C E S S  ---------------

VM state:not at safepoint (not fully initialized)

VM Mutex/Monitor currently owned by a thread: None

Deoptimization events (0 events):
No events

Classes unloaded (0 events):
No events

Classes redefined (0 events):
No events

Internal exceptions (0 events):
No events

Events (0 events):
No events


Dynamic libraries:
5640b2cce000-5640b2ccf000 r--p 00000000 07:00 4860                       /usr/lib/jvm/java-13-openjdk-amd64/bin/java
5640b2ccf000-5640b2cd0000 r-xp 00001000 07:00 4860                       /usr/lib/jvm/java-13-openjdk-amd64/bin/java
5640b2cd0000-5640b2cd1000 r--p 00002000 07:00 4860                       /usr/lib/jvm/java-13-openjdk-amd64/bin/java
5640b2cd1000-5640b2cd2000 r--p 00002000 07:00 4860                       /usr/lib/jvm/java-13-openjdk-amd64/bin/java
5640b2cd2000-5640b2cd3000 rw-p 00003000 07:00 4860                       /usr/lib/jvm/java-13-openjdk-amd64/bin/java
5640b3493000-5640b34b4000 rw-p 00000000 00:00 0                          [heap]
7f8a08000000-7f8a08021000 rw-p 00000000 00:00 0 
7f8a08021000-7f8a0c000000 ---p 00000000 00:00 0 
7f8a0cf55000-7f8a0cf5d000 rw-s 00000000 08:03 67241729                   /tmp/hsperfdata_rcabanas/113100
7f8a0cf5d000-7f8a0cf60000 r--p 00000000 07:00 9108                       /usr/lib/x86_64-linux-gnu/libnss_files-2.31.so
7f8a0cf60000-7f8a0cf67000 r-xp 00003000 07:00 9108                       /usr/lib/x86_64-linux-gnu/libnss_files-2.31.so
7f8a0cf67000-7f8a0cf69000 r--p 0000a000 07:00 9108                       /usr/lib/x86_64-linux-gnu/libnss_files-2.31.so
7f8a0cf69000-7f8a0cf6a000 r--p 0000b000 07:00 9108                       /usr/lib/x86_64-linux-gnu/libnss_files-2.31.so
7f8a0cf6a000-7f8a0cf6b000 rw-p 0000c000 07:00 9108                       /usr/lib/x86_64-linux-gnu/libnss_files-2.31.so
7f8a0cf6b000-7f8a0cf71000 rw-p 00000000 00:00 0 
7f8a0cf77000-7f8a0cf79000 r--p 00000000 07:00 5195                       /usr/lib/jvm/java-13-openjdk-amd64/lib/libjimage.so
7f8a0cf79000-7f8a0cf7c000 r-xp 00002000 07:00 5195                       /usr/lib/jvm/java-13-openjdk-amd64/lib/libjimage.so
7f8a0cf7c000-7f8a0cf7d000 r--p 00005000 07:00 5195                       /usr/lib/jvm/java-13-openjdk-amd64/lib/libjimage.so
7f8a0cf7d000-7f8a0cf7e000 ---p 00006000 07:00 5195                       /usr/lib/jvm/java-13-openjdk-amd64/lib/libjimage.so
7f8a0cf7e000-7f8a0cf7f000 r--p 00006000 07:00 5195                       /usr/lib/jvm/java-13-openjdk-amd64/lib/libjimage.so
7f8a0cf7f000-7f8a0cf80000 rw-p 00007000 07:00 5195                       /usr/lib/jvm/java-13-openjdk-amd64/lib/libjimage.so
7f8a0cf80000-7f8a0cf8d000 r--p 00000000 07:00 5191                       /usr/lib/jvm/java-13-openjdk-amd64/lib/libjava.so
7f8a0cf8d000-7f8a0cfa2000 r-xp 0000d000 07:00 5191                       /usr/lib/jvm/java-13-openjdk-amd64/lib/libjava.so
7f8a0cfa2000-7f8a0cfa8000 r--p 00022000 07:00 5191                       /usr/lib/jvm/java-13-openjdk-amd64/lib/libjava.so
7f8a0cfa8000-7f8a0cfa9000 ---p 00028000 07:00 5191                       /usr/lib/jvm/java-13-openjdk-amd64/lib/libjava.so
7f8a0cfa9000-7f8a0cfaa000 r--p 00028000 07:00 5191                       /usr/lib/jvm/java-13-openjdk-amd64/lib/libjava.so
7f8a0cfaa000-7f8a0cfac000 rw-p 00029000 07:00 5191                       /usr/lib/jvm/java-13-openjdk-amd64/lib/libjava.so
7f8a0cfac000-7f8a0cfb1000 r--p 00000000 07:00 5213                       /usr/lib/jvm/java-13-openjdk-amd64/lib/libverify.so
7f8a0cfb1000-7f8a0cfb8000 r-xp 00005000 07:00 5213                       /usr/lib/jvm/java-13-openjdk-amd64/lib/libverify.so
7f8a0cfb8000-7f8a0cfba000 r--p 0000c000 07:00 5213                       /usr/lib/jvm/java-13-openjdk-amd64/lib/libverify.so
7f8a0cfba000-7f8a0cfbb000 ---p 0000e000 07:00 5213                       /usr/lib/jvm/java-13-openjdk-amd64/lib/libverify.so
7f8a0cfbb000-7f8a0cfbd000 r--p 0000e000 07:00 5213                       /usr/lib/jvm/java-13-openjdk-amd64/lib/libverify.so
7f8a0cfbd000-7f8a0cfbe000 rw-p 00010000 07:00 5213                       /usr/lib/jvm/java-13-openjdk-amd64/lib/libverify.so
7f8a0cfbe000-7f8a0d0bf000 rw-p 00000000 00:00 0 
7f8a0d0bf000-7f8a0d0c2000 r--p 00000000 07:00 8948                       /usr/lib/x86_64-linux-gnu/libgcc_s.so.1
7f8a0d0c2000-7f8a0d0d4000 r-xp 00003000 07:00 8948                       /usr/lib/x86_64-linux-gnu/libgcc_s.so.1
7f8a0d0d4000-7f8a0d0d8000 r--p 00015000 07:00 8948                       /usr/lib/x86_64-linux-gnu/libgcc_s.so.1
7f8a0d0d8000-7f8a0d0d9000 r--p 00018000 07:00 8948                       /usr/lib/x86_64-linux-gnu/libgcc_s.so.1
7f8a0d0d9000-7f8a0d0da000 rw-p 00019000 07:00 8948                       /usr/lib/x86_64-linux-gnu/libgcc_s.so.1
7f8a0d0da000-7f8a0d0e7000 r--p 00000000 07:00 9062                       /usr/lib/x86_64-linux-gnu/libm-2.31.so
7f8a0d0e7000-7f8a0d18e000 r-xp 0000d000 07:00 9062                       /usr/lib/x86_64-linux-gnu/libm-2.31.so
7f8a0d18e000-7f8a0d227000 r--p 000b4000 07:00 9062                       /usr/lib/x86_64-linux-gnu/libm-2.31.so
7f8a0d227000-7f8a0d228000 r--p 0014c000 07:00 9062                       /usr/lib/x86_64-linux-gnu/libm-2.31.so
7f8a0d228000-7f8a0d229000 rw-p 0014d000 07:00 9062                       /usr/lib/x86_64-linux-gnu/libm-2.31.so
7f8a0d229000-7f8a0d2bf000 r--p 00000000 07:00 9213                       /usr/lib/x86_64-linux-gnu/libstdc++.so.6.0.28
7f8a0d2bf000-7f8a0d3b0000 r-xp 00096000 07:00 9213                       /usr/lib/x86_64-linux-gnu/libstdc++.so.6.0.28
7f8a0d3b0000-7f8a0d3f9000 r--p 00187000 07:00 9213                       /usr/lib/x86_64-linux-gnu/libstdc++.so.6.0.28
7f8a0d3f9000-7f8a0d3fa000 ---p 001d0000 07:00 9213                       /usr/lib/x86_64-linux-gnu/libstdc++.so.6.0.28
7f8a0d3fa000-7f8a0d405000 r--p 001d0000 07:00 9213                       /usr/lib/x86_64-linux-gnu/libstdc++.so.6.0.28
7f8a0d405000-7f8a0d408000 rw-p 001db000 07:00 9213                       /usr/lib/x86_64-linux-gnu/libstdc++.so.6.0.28
7f8a0d408000-7f8a0d40b000 rw-p 00000000 00:00 0 
7f8a0d40b000-7f8a0d691000 r--p 00000000 07:00 5226                       /usr/lib/jvm/java-13-openjdk-amd64/lib/server/libjvm.so
7f8a0d691000-7f8a0e40e000 r-xp 00286000 07:00 5226                       /usr/lib/jvm/java-13-openjdk-amd64/lib/server/libjvm.so
7f8a0e40e000-7f8a0e689000 r--p 01003000 07:00 5226                       /usr/lib/jvm/java-13-openjdk-amd64/lib/server/libjvm.so
7f8a0e689000-7f8a0e74e000 r--p 0127d000 07:00 5226                       /usr/lib/jvm/java-13-openjdk-amd64/lib/server/libjvm.so
7f8a0e74e000-7f8a0e789000 rw-p 01342000 07:00 5226                       /usr/lib/jvm/java-13-openjdk-amd64/lib/server/libjvm.so
7f8a0e789000-7f8a0e80f000 rw-p 00000000 00:00 0 
7f8a0e80f000-7f8a0e815000 r--p 00000000 07:00 9166                       /usr/lib/x86_64-linux-gnu/libpthread-2.31.so
7f8a0e815000-7f8a0e826000 r-xp 00006000 07:00 9166                       /usr/lib/x86_64-linux-gnu/libpthread-2.31.so
7f8a0e826000-7f8a0e82c000 r--p 00017000 07:00 9166                       /usr/lib/x86_64-linux-gnu/libpthread-2.31.so
7f8a0e82c000-7f8a0e82d000 r--p 0001c000 07:00 9166                       /usr/lib/x86_64-linux-gnu/libpthread-2.31.so
7f8a0e82d000-7f8a0e82e000 rw-p 0001d000 07:00 9166                       /usr/lib/x86_64-linux-gnu/libpthread-2.31.so
7f8a0e82e000-7f8a0e832000 rw-p 00000000 00:00 0 
7f8a0e832000-7f8a0e833000 r--p 00000000 07:00 8893                       /usr/lib/x86_64-linux-gnu/libdl-2.31.so
7f8a0e833000-7f8a0e835000 r-xp 00001000 07:00 8893                       /usr/lib/x86_64-linux-gnu/libdl-2.31.so
7f8a0e835000-7f8a0e836000 r--p 00003000 07:00 8893                       /usr/lib/x86_64-linux-gnu/libdl-2.31.so
7f8a0e836000-7f8a0e837000 r--p 00003000 07:00 8893                       /usr/lib/x86_64-linux-gnu/libdl-2.31.so
7f8a0e837000-7f8a0e838000 rw-p 00004000 07:00 8893                       /usr/lib/x86_64-linux-gnu/libdl-2.31.so
7f8a0e838000-7f8a0e83a000 r--p 00000000 07:00 9290                       /usr/lib/x86_64-linux-gnu/libz.so.1.2.11
7f8a0e83a000-7f8a0e84b000 r-xp 00002000 07:00 9290                       /usr/lib/x86_64-linux-gnu/libz.so.1.2.11
7f8a0e84b000-7f8a0e851000 r--p 00013000 07:00 9290                       /usr/lib/x86_64-linux-gnu/libz.so.1.2.11
7f8a0e851000-7f8a0e852000 ---p 00019000 07:00 9290                       /usr/lib/x86_64-linux-gnu/libz.so.1.2.11
7f8a0e852000-7f8a0e853000 r--p 00019000 07:00 9290                       /usr/lib/x86_64-linux-gnu/libz.so.1.2.11
7f8a0e853000-7f8a0e854000 rw-p 0001a000 07:00 9290                       /usr/lib/x86_64-linux-gnu/libz.so.1.2.11
7f8a0e854000-7f8a0e876000 r--p 00000000 07:00 8851                       /usr/lib/x86_64-linux-gnu/libc-2.31.so
7f8a0e876000-7f8a0e9ee000 r-xp 00022000 07:00 8851                       /usr/lib/x86_64-linux-gnu/libc-2.31.so
7f8a0e9ee000-7f8a0ea3c000 r--p 0019a000 07:00 8851                       /usr/lib/x86_64-linux-gnu/libc-2.31.so
7f8a0ea3c000-7f8a0ea40000 r--p 001e7000 07:00 8851                       /usr/lib/x86_64-linux-gnu/libc-2.31.so
7f8a0ea40000-7f8a0ea42000 rw-p 001eb000 07:00 8851                       /usr/lib/x86_64-linux-gnu/libc-2.31.so
7f8a0ea42000-7f8a0ea46000 rw-p 00000000 00:00 0 
7f8a0ea4a000-7f8a0ea4b000 ---p 00000000 00:00 0 
7f8a0ea4b000-7f8a0ea4c000 r--p 00000000 00:00 0 
7f8a0ea4c000-7f8a0ea4f000 r--p 00000000 07:00 5196                       /usr/lib/jvm/java-13-openjdk-amd64/lib/libjli.so
7f8a0ea4f000-7f8a0ea59000 r-xp 00003000 07:00 5196                       /usr/lib/jvm/java-13-openjdk-amd64/lib/libjli.so
7f8a0ea59000-7f8a0ea5c000 r--p 0000d000 07:00 5196                       /usr/lib/jvm/java-13-openjdk-amd64/lib/libjli.so
7f8a0ea5c000-7f8a0ea5d000 r--p 0000f000 07:00 5196                       /usr/lib/jvm/java-13-openjdk-amd64/lib/libjli.so
7f8a0ea5d000-7f8a0ea5e000 rw-p 00010000 07:00 5196                       /usr/lib/jvm/java-13-openjdk-amd64/lib/libjli.so
7f8a0ea5e000-7f8a0ea60000 rw-p 00000000 00:00 0 
7f8a0ea60000-7f8a0ea61000 r--p 00000000 07:00 8572                       /usr/lib/x86_64-linux-gnu/ld-2.31.so
7f8a0ea61000-7f8a0ea84000 r-xp 00001000 07:00 8572                       /usr/lib/x86_64-linux-gnu/ld-2.31.so
7f8a0ea84000-7f8a0ea8c000 r--p 00024000 07:00 8572                       /usr/lib/x86_64-linux-gnu/ld-2.31.so
7f8a0ea8c000-7f8a0ea8d000 ---p 00000000 00:00 0 
7f8a0ea8d000-7f8a0ea8e000 r--p 0002c000 07:00 8572                       /usr/lib/x86_64-linux-gnu/ld-2.31.so
7f8a0ea8e000-7f8a0ea8f000 rw-p 0002d000 07:00 8572                       /usr/lib/x86_64-linux-gnu/ld-2.31.so
7f8a0ea8f000-7f8a0ea90000 rw-p 00000000 00:00 0 
7ffefac93000-7ffefacb4000 rw-p 00000000 00:00 0                          [stack]
7ffefad4a000-7ffefad4c000 r-xp 00000000 00:00 0                          [vdso]
ffffffffff600000-ffffffffff601000 r-xp 00000000 00:00 0                  [vsyscall]


VM Arguments:
jvm_args: -Xmx128g --add-modules=ALL-DEFAULT 
java_command: jdk.compiler/com.sun.tools.javac.launcher.Main /mnt/beegfs/rcabanas/dev/credici/papers/zeros/code/GenerateNparents.java -np 1 -nzr 0.8 -zdr 0.5 -o /mnt/beegfs/rcabanas/dev/credici/papers/zeros/models/s3 -rw -s 24 -ys 3
java_class_path (initial): /mnt/beegfs/rcabanas/dev/credici/target/credici-0.1.5-dev-SNAPSHOT-jar-with-dependencies.jar
Launcher Type: SUN_STANDARD

[Global flags]
   size_t InitialHeapSize                          = 2147483648                                {product} {ergonomic}
   size_t MaxHeapSize                              = 137438953472                              {product} {command line}
   size_t MinHeapSize                              = 6815736                                   {product} {ergonomic}
    uintx ReservedCodeCacheSize                    = 251658240                              {pd product} {ergonomic}
     bool SegmentedCodeCache                       = true                                      {product} {ergonomic}
     bool UseSerialGC                              = true                                      {product} {ergonomic}

Logging:
Log output configuration:
 #0: stdout all=warning uptime,level,tags
 #1: stderr all=off uptime,level,tags

Environment Variables:
PATH=/usr/local/sbin:/usr/local/bin:/usr/sbin:/usr/bin:/sbin:/bin
LD_LIBRARY_PATH=/.singularity.d/libs

Signal Handlers:
SIGSEGV: [libjvm.so+0xf8fcf0], sa_mask[0]=11111111011111111101111111111110, sa_flags=SA_RESTART|SA_SIGINFO
SIGBUS: [libjvm.so+0xf8fcf0], sa_mask[0]=11111111011111111101111111111110, sa_flags=SA_RESTART|SA_SIGINFO
SIGFPE: [libjvm.so+0xf8fcf0], sa_mask[0]=11111111011111111101111111111110, sa_flags=SA_RESTART|SA_SIGINFO
SIGPIPE: [libjvm.so+0xc3ffa0], sa_mask[0]=11111111011111111101111111111110, sa_flags=SA_RESTART|SA_SIGINFO
SIGXFSZ: [libjvm.so+0xc3ffa0], sa_mask[0]=11111111011111111101111111111110, sa_flags=SA_RESTART|SA_SIGINFO
SIGILL: [libjvm.so+0xf8fcf0], sa_mask[0]=11111111011111111101111111111110, sa_flags=SA_RESTART|SA_SIGINFO
SIGUSR2: [libjvm.so+0xc3fe40], sa_mask[0]=00000000000000000000000000000000, sa_flags=SA_RESTART|SA_SIGINFO
SIGHUP: SIG_DFL, sa_mask[0]=00000000000000000000000000000000, sa_flags=none
SIGINT: SIG_DFL, sa_mask[0]=00000000000000000000000000000000, sa_flags=none
SIGTERM: SIG_DFL, sa_mask[0]=00000000000000000000000000000000, sa_flags=none
SIGQUIT: SIG_DFL, sa_mask[0]=00000000000000000000000000000000, sa_flags=none


---------------  S Y S T E M  ---------------

OS:DISTRIB_ID=Ubuntu
DISTRIB_RELEASE=20.04
DISTRIB_CODENAME=focal
DISTRIB_DESCRIPTION="Ubuntu 20.04.4 LTS"
uname:Linux 3.10.0-1160.15.2.el7.x86_64 #1 SMP Wed Feb 3 15:06:38 UTC 2021 x86_64
OS uptime: 928 days 19:31 hours
libc:glibc 2.31 NPTL 2.31 
rlimit (soft/hard): STACK 8192k/infinity , CORE 0k/infinity , NPROC 4096/1030157 , NOFILE 131072/131072 , AS infinity/infinity , CPU infinity/infinity , DATA infinity/infinity , FSIZE infinity/infinity , MEMLOCK infinity/infinity
load average:5.50 1.37 0.60

/proc/meminfo:
MemTotal:       263800832 kB
MemFree:        249037700 kB
MemAvailable:   250440140 kB
Buffers:          149092 kB
Cached:          4051180 kB
SwapCached:          808 kB
Active:          3584448 kB
Inactive:        2103172 kB
Active(anon):    2892864 kB
Inactive(anon):  1011452 kB
Active(file):     691584 kB
Inactive(file):  1091720 kB
Unevictable:       10116 kB
Mlocked:           10116 kB
SwapTotal:       4194300 kB
SwapFree:        2338132 kB
Dirty:                 0 kB
Writeback:            32 kB
AnonPages:       1062180 kB
Mapped:           210416 kB
Shmem:           2407548 kB
Slab:             915088 kB
SReclaimable:     502712 kB
SUnreclaim:       412376 kB
KernelStack:       18288 kB
PageTables:        42832 kB
NFS_Unstable:          0 kB
Bounce:                0 kB
WritebackTmp:          0 kB
CommitLimit:    136094716 kB
Committed_AS:   14915720 kB
VmallocTotal:   34359738367 kB
VmallocUsed:      908052 kB
VmallocChunk:   34224567312 kB
Percpu:            69632 kB
HardwareCorrupted:     0 kB
AnonHugePages:    385024 kB
CmaTotal:              0 kB
CmaFree:               0 kB
HugePages_Total:       0
HugePages_Free:        0
HugePages_Rsvd:        0
HugePages_Surp:        0
Hugepagesize:       2048 kB
DirectMap4k:      622792 kB
DirectMap2M:    27551744 kB
DirectMap1G:    240123904 kB

/sys/kernel/mm/transparent_hugepage/enabled:
[always] madvise never

/sys/kernel/mm/transparent_hugepage/defrag (defrag/compaction efforts parameter):
[always] madvise never


/proc/sys/kernel/threads-max (system-wide limit on the number of threads):
2060314


/proc/sys/vm/max_map_count (maximum number of memory map areas a process may have):
65530


/proc/sys/kernel/pid_max (system-wide limit on number of process identifiers):
262144



Steal ticks since vm start: 0
Steal ticks percentage since vm start:  0.000

CPU:total 64 (initial active 1) 
CPU Model and flags from /proc/cpuinfo:
model name	: AMD EPYC 7542 32-Core Processor
flags		: fpu vme de pse tsc msr pae mce cx8 apic sep mtrr pge mca cmov pat pse36 clflush mmx fxsr sse sse2 ht syscall nx mmxext fxsr_opt pdpe1gb rdtscp lm constant_tsc art rep_good nopl nonstop_tsc extd_apicid aperfmperf eagerfpu pni pclmulqdq monitor ssse3 fma cx16 sse4_1 sse4_2 movbe popcnt aes xsave avx f16c rdrand lahf_lm cmp_legacy svm extapic cr8_legacy abm sse4a misalignsse 3dnowprefetch osvw ibs skinit wdt tce topoext perfctr_core perfctr_nb bpext perfctr_l2 cpb cat_l3 cdp_l3 hw_pstate sme retpoline_amd ssbd ibrs ibpb stibp vmmcall fsgsbase bmi1 avx2 smep bmi2 cqm rdt_a rdseed adx smap clflushopt clwb sha_ni xsaveopt xsavec xgetbv1 cqm_llc cqm_occup_llc cqm_mbm_total cqm_mbm_local clzero irperf xsaveerptr arat npt lbrv svm_lock nrip_save tsc_scale vmcb_clean flushbyasid decodeassists pausefilter pfthreshold avic v_vmsave_vmload vgif umip overflow_recov succor smca
Online cpus:0-63
Offline cpus:64-255
BIOS frequency limitation:2900000
Frequency switch latency (ns):0
Available cpu frequencies:2900000 2400000 1500000 
Current governor:conservative
Core performance/turbo boost:1

Memory: 4k page, physical 263800832k(249034596k free), swap 4194300k(2338132k free)

vm_info: OpenJDK 64-Bit Server VM (13.0.7+5-Ubuntu-0ubuntu120.04) for linux-amd64 JRE (13.0.7+5-Ubuntu-0ubuntu120.04), built on Apr 21 2021 05:36:19 by "unknown" with gcc 9.3.0

END.
