#
# There is insufficient memory for the Java Runtime Environment to continue.
# Native memory allocation (mmap) failed to map 7812624384 bytes for committing reserved memory.
# Possible reasons:
#   The system is out of physical RAM or swap space
# Possible solutions:
#   Reduce memory load on the system
#   Increase physical memory or swap space
#   Check if swap backing store is full
#   Decrease Java heap size (-Xmx/-Xms)
#   Decrease number of Java threads
#   Decrease Java thread stack sizes (-Xss)
#   Set larger code cache with -XX:ReservedCodeCacheSize=
# This output file may be truncated or incomplete.
#
#  Out of Memory Error (os_linux.cpp:2899), pid=39773, tid=39840
#
# JRE version: OpenJDK Runtime Environment (13.0.7+5) (build 13.0.7+5-Ubuntu-0ubuntu120.04)
# Java VM: OpenJDK 64-Bit Server VM (13.0.7+5-Ubuntu-0ubuntu120.04, mixed mode, tiered, serial gc, linux-amd64)
# No core dump will be written. Core dumps have been disabled. To enable core dumping, try "ulimit -c unlimited" before starting Java again
#

---------------  S U M M A R Y ------------

Command Line: -Xmx128g --add-modules=ALL-DEFAULT jdk.compiler/com.sun.tools.javac.launcher.Main /mnt/beegfs/rcabanas/dev/credici/papers/zeros/code/GenerateNparents.java -np 2 -nzr 1.0 -zdr 0.5 -o /mnt/beegfs/rcabanas/dev/credici/papers/zeros/models/s3 -rw -s 30 -ys 3

Host: AMD EPYC 7542 32-Core Processor, 64 cores, 251G, Ubuntu 20.04.4 LTS
Time: Mon Oct 14 12:41:33 2024 CEST elapsed time: 515.574774 seconds (0d 0h 8m 35s)

---------------  T H R E A D  ---------------

Current thread (0x00007f5458097800):  VMThread "VM Thread" [stack: 0x00007f545d5e3000,0x00007f545d6e3000] [id=39840]

Stack: [0x00007f545d5e3000,0x00007f545d6e3000],  sp=0x00007f545d6e1160,  free space=1016k
Native frames: (J=compiled Java code, A=aot compiled Java code, j=interpreted, Vv=VM code, C=native code)
V  [libjvm.so+0xf8f092]
V  [libjvm.so+0xf8fc91]
V  [libjvm.so+0x66ee5a]
V  [libjvm.so+0xc44a41]
V  [libjvm.so+0xc3b263]
V  [libjvm.so+0xf87f4b]
V  [libjvm.so+0x557506]
V  [libjvm.so+0x557723]
V  [libjvm.so+0xf18b0c]
V  [libjvm.so+0x557e65]
V  [libjvm.so+0x7e2edb]
V  [libjvm.so+0x7e39bd]
V  [libjvm.so+0x7d8b48]
V  [libjvm.so+0xf90940]
V  [libjvm.so+0xf96657]
V  [libjvm.so+0xf96d2b]
V  [libjvm.so+0xf9706a]
V  [libjvm.so+0xf2208f]
V  [libjvm.so+0xc493ff]

VM_Operation (0x00007f545e352980): GenCollectForAllocation, mode: safepoint, requested by thread 0x00007f5458018000


---------------  P R O C E S S  ---------------

Threads class SMR info:
_java_thread_list=0x00007f54581363e0, length=9, elements={
0x00007f5458018000, 0x00007f54580a3800, 0x00007f54580a7000, 0x00007f54580cb000,
0x00007f54580cd000, 0x00007f54580cf000, 0x00007f54580d1000, 0x00007f54580d3000,
0x00007f5458135000
}

Java Threads: ( => current thread )
  0x00007f5458018000 JavaThread "main" [_thread_blocked, id=39801, stack(0x00007f545e255000,0x00007f545e356000)]
  0x00007f54580a3800 JavaThread "Reference Handler" daemon [_thread_blocked, id=39844, stack(0x00007f545d4e0000,0x00007f545d5e1000)]
  0x00007f54580a7000 JavaThread "Finalizer" daemon [_thread_blocked, id=39845, stack(0x00007f545d3df000,0x00007f545d4e0000)]
  0x00007f54580cb000 JavaThread "Signal Dispatcher" daemon [_thread_blocked, id=39854, stack(0x00007f545d2a5000,0x00007f545d3a6000)]
  0x00007f54580cd000 JavaThread "Service Thread" daemon [_thread_blocked, id=39855, stack(0x00007f545d1a4000,0x00007f545d2a5000)]
  0x00007f54580cf000 JavaThread "C2 CompilerThread0" daemon [_thread_blocked, id=39856, stack(0x00007f545d0a3000,0x00007f545d1a4000)]
  0x00007f54580d1000 JavaThread "C1 CompilerThread0" daemon [_thread_blocked, id=39857, stack(0x00007f545cfa2000,0x00007f545d0a3000)]
  0x00007f54580d3000 JavaThread "Sweeper thread" daemon [_thread_blocked, id=39864, stack(0x00007f545cea1000,0x00007f545cfa2000)]
  0x00007f5458135000 JavaThread "Common-Cleaner" daemon [_thread_blocked, id=39892, stack(0x00007f545cda0000,0x00007f545cea1000)]

Other Threads:
=>0x00007f5458097800 VMThread "VM Thread" [stack: 0x00007f545d5e3000,0x00007f545d6e3000] [id=39840]
  0x00007f5458181800 WatcherThread [stack: 0x00007f545cca0000,0x00007f545cda0000] [id=39920]

Threads with active compile tasks:

VM state:at safepoint (normal execution)

VM Mutex/Monitor currently owned by a thread:  ([mutex/lock_event])
[0x00007f54580140d0] Threads_lock - owner thread: 0x00007f5458097800
[0x00007f5458014cd0] Heap_lock - owner thread: 0x00007f5458018000

Heap:
 def new generation   total 3879424K, used 0K [0x00007f3440600000, 0x00007f3547770000, 0x00007f3eeb0a0000)
  eden space 3448384K,   0% used [0x00007f3440600000, 0x00007f3440600000, 0x00007f3512d90000)
  from space 431040K,   0% used [0x00007f3512d90000, 0x00007f3512d90000, 0x00007f352d280000)
  to   space 431040K,   0% used [0x00007f352d280000, 0x00007f352d280000, 0x00007f3547770000)
 tenured generation   total 11587604K, used 11530271K [0x00007f3eeb0a0000, 0x00007f41ae4a5000, 0x00007f5440600000)
   the space 11587604K,  99% used [0x00007f3eeb0a0000, 0x00007f41aaca7e40, 0x00007f41aaca8000, 0x00007f41ae4a5000)
 Metaspace       used 30017K, capacity 30458K, committed 30720K, reserved 30720K

Card table byte_map: [0x00007f34305ff000,0x00007f3440600000] _byte_map_base: 0x00007ef4963fc000

Polling page: 0x00007f545fce1000

Metaspace:

Usage:
   29.74 MB capacity,    29.31 MB ( 99%) used,   336.35 KB (  1%) free+waste,   104.19 KB ( <1%) overhead. 

Virtual space:
     30.00 MB reserved,      30.00 MB (100%) committed 

Chunk freelists:
118.00 KB

MaxMetaspaceSize: unlimited


CodeHeap 'non-profiled nmethods': size=120036Kb used=1450Kb max_used=1777Kb free=118585Kb
 bounds [0x00007f5448251000, 0x00007f54484c1000, 0x00007f544f78a000]
CodeHeap 'profiled nmethods': size=120032Kb used=6148Kb max_used=7771Kb free=113883Kb
 bounds [0x00007f5440d19000, 0x00007f54414b9000, 0x00007f5448251000]
CodeHeap 'non-nmethods': size=5692Kb used=1249Kb max_used=1293Kb free=4442Kb
 bounds [0x00007f544078a000, 0x00007f54409fa000, 0x00007f5440d19000]
 total_blobs=3835 nmethods=3306 adapters=444
 compilation: enabled
              stopped_count=0, restarted_count=0
 full_count=0

Compilation events (20 events):
Event: 491.657 Thread 0x00007f54580cf000 4042   !   4       jdk.internal.math.FloatingDecimal::readJavaFormatString (826 bytes)
Event: 491.657 Thread 0x00007f54580d1000 4046       3       ch.javasoft.math.array.impl.DefaultNumberArrayOperations::arrayClass (10 bytes)
Event: 491.657 Thread 0x00007f54580d1000 nmethod 4046 0x00007f5440e9e490 code [0x00007f5440e9e620, 0x00007f5440e9e7e0]
Event: 491.657 Thread 0x00007f54580d1000 4047       3       ch.javasoft.math.operator.impl.DoubleOperators::one (5 bytes)
Event: 491.658 Thread 0x00007f54580d1000 nmethod 4047 0x00007f544101b910 code [0x00007f544101baa0, 0x00007f544101bc10]
Event: 491.658 Thread 0x00007f54580d1000 4048       3       ch.javasoft.math.operator.impl.DoubleOperators::one (4 bytes)
Event: 491.658 Thread 0x00007f54580d1000 nmethod 4048 0x00007f5440eaa710 code [0x00007f5440eaa8a0, 0x00007f5440eaa9b0]
Event: 491.658 Thread 0x00007f54580d1000 4043       3       ch.javasoft.math.array.impl.DefaultArrayOperations::getLength (9 bytes)
Event: 491.658 Thread 0x00007f54580d1000 nmethod 4043 0x00007f5440d83290 code [0x00007f5440d83440, 0x00007f5440d83690]
Event: 491.658 Thread 0x00007f54580d1000 4044       3       ch.javasoft.math.array.impl.DefaultArrayOperations::getLength (3 bytes)
Event: 491.658 Thread 0x00007f54580d1000 nmethod 4044 0x00007f5440ec2210 code [0x00007f5440ec23a0, 0x00007f5440ec2490]
Event: 491.658 Thread 0x00007f54580d1000 4050       3       ch.javasoft.math.array.impl.DoubleArrayOperations::getLength (9 bytes)
Event: 491.658 Thread 0x00007f54580d1000 nmethod 4050 0x00007f5440e5e590 code [0x00007f5440e5e740, 0x00007f5440e5e990]
Event: 491.658 Thread 0x00007f54580d1000 4051       3       ch.javasoft.math.array.impl.DoubleArrayOperations::getLength (3 bytes)
Event: 491.658 Thread 0x00007f54580d1000 nmethod 4051 0x00007f5440ef3d90 code [0x00007f5440ef3f20, 0x00007f5440ef4010]
Event: 491.714 Thread 0x00007f54580cf000 nmethod 4042 0x00007f54483df710 code [0x00007f54483df8c0, 0x00007f54483e03d8]
Event: 491.714 Thread 0x00007f54580cf000 4045       4       ch.javasoft.math.operator.impl.BigFractionOperators$10::booleanOperate (10 bytes)
Event: 491.715 Thread 0x00007f54580cf000 nmethod 4045 0x00007f54483df290 code [0x00007f54483df400, 0x00007f54483df4d8]
Event: 491.715 Thread 0x00007f54580cf000 4049       4       ch.javasoft.math.operator.impl.DoubleOperators::constant (9 bytes)
Event: 491.718 Thread 0x00007f54580cf000 nmethod 4049 0x00007f5448342b10 code [0x00007f5448342cc0, 0x00007f5448342e58]

GC Heap History (20 events):
Event: 280.467 GC heap after
{Heap after GC invocations=64 (full 5):
 def new generation   total 3021440K, used 273326K [0x00007f3440600000, 0x00007f350d470000, 0x00007f3eeb0a0000)
  eden space 2685760K,   0% used [0x00007f3440600000, 0x00007f3440600000, 0x00007f34e44d0000)
  from space 335680K,  81% used [0x00007f34e44d0000, 0x00007f34f4fbba28, 0x00007f34f8ca0000)
  to   space 335680K,   0% used [0x00007f34f8ca0000, 0x00007f34f8ca0000, 0x00007f350d470000)
 tenured generation   total 6714228K, used 5906715K [0x00007f3eeb0a0000, 0x00007f4084d7d000, 0x00007f5440600000)
   the space 6714228K,  87% used [0x00007f3eeb0a0000, 0x00007f40538e6c28, 0x00007f40538e6e00, 0x00007f4084d7d000)
 Metaspace       used 29970K, capacity 30394K, committed 30720K, reserved 30720K
}
Event: 298.410 GC heap before
{Heap before GC invocations=64 (full 5):
 def new generation   total 3021440K, used 2959086K [0x00007f3440600000, 0x00007f350d470000, 0x00007f3eeb0a0000)
  eden space 2685760K, 100% used [0x00007f3440600000, 0x00007f34e44d0000, 0x00007f34e44d0000)
  from space 335680K,  81% used [0x00007f34e44d0000, 0x00007f34f4fbba28, 0x00007f34f8ca0000)
  to   space 335680K,   0% used [0x00007f34f8ca0000, 0x00007f34f8ca0000, 0x00007f350d470000)
 tenured generation   total 6714228K, used 5906715K [0x00007f3eeb0a0000, 0x00007f4084d7d000, 0x00007f5440600000)
   the space 6714228K,  87% used [0x00007f3eeb0a0000, 0x00007f40538e6c28, 0x00007f40538e6e00, 0x00007f4084d7d000)
 Metaspace       used 29970K, capacity 30394K, committed 30720K, reserved 30720K
}
Event: 303.078 GC heap after
{Heap after GC invocations=65 (full 5):
 def new generation   total 3021440K, used 335679K [0x00007f3440600000, 0x00007f350d470000, 0x00007f3eeb0a0000)
  eden space 2685760K,   0% used [0x00007f3440600000, 0x00007f3440600000, 0x00007f34e44d0000)
  from space 335680K,  99% used [0x00007f34f8ca0000, 0x00007f350d46fff8, 0x00007f350d470000)
  to   space 335680K,   0% used [0x00007f34e44d0000, 0x00007f34e44d0000, 0x00007f34f8ca0000)
 tenured generation   total 7273332K, used 7273275K [0x00007f3eeb0a0000, 0x00007f40a6f7d000, 0x00007f5440600000)
   the space 7273332K,  99% used [0x00007f3eeb0a0000, 0x00007f40a6f6ec38, 0x00007f40a6f6ee00, 0x00007f40a6f7d000)
 Metaspace       used 29970K, capacity 30394K, committed 30720K, reserved 30720K
}
Event: 303.078 GC heap before
{Heap before GC invocations=65 (full 5):
 def new generation   total 3021440K, used 335679K [0x00007f3440600000, 0x00007f350d470000, 0x00007f3eeb0a0000)
  eden space 2685760K,   0% used [0x00007f3440600000, 0x00007f3440600000, 0x00007f34e44d0000)
  from space 335680K,  99% used [0x00007f34f8ca0000, 0x00007f350d46fff8, 0x00007f350d470000)
  to   space 335680K,   0% used [0x00007f34e44d0000, 0x00007f34e44d0000, 0x00007f34f8ca0000)
 tenured generation   total 7273332K, used 7273275K [0x00007f3eeb0a0000, 0x00007f40a6f7d000, 0x00007f5440600000)
   the space 7273332K,  99% used [0x00007f3eeb0a0000, 0x00007f40a6f6ec38, 0x00007f40a6f6ee00, 0x00007f40a6f7d000)
 Metaspace       used 29970K, capacity 30394K, committed 30720K, reserved 30720K
}
Event: 316.692 GC heap after
{Heap after GC invocations=65 (full 6):
 def new generation   total 3879424K, used 0K [0x00007f3440600000, 0x00007f3547770000, 0x00007f3eeb0a0000)
  eden space 3448384K,   0% used [0x00007f3440600000, 0x00007f3440600000, 0x00007f3512d90000)
  from space 431040K,   0% used [0x00007f3512d90000, 0x00007f3512d90000, 0x00007f352d280000)
  to   space 431040K,   0% used [0x00007f352d280000, 0x00007f352d280000, 0x00007f3547770000)
 tenured generation   total 8620820K, used 5172491K [0x00007f3eeb0a0000, 0x00007f40f9365000, 0x00007f5440600000)
   the space 8620820K,  59% used [0x00007f3eeb0a0000, 0x00007f4026be2f90, 0x00007f4026be3000, 0x00007f40f9365000)
 Metaspace       used 29970K, capacity 30394K, committed 30720K, reserved 30720K
}
Event: 394.189 GC heap before
{Heap before GC invocations=65 (full 6):
 def new generation   total 3879424K, used 3448384K [0x00007f3440600000, 0x00007f3547770000, 0x00007f3eeb0a0000)
  eden space 3448384K, 100% used [0x00007f3440600000, 0x00007f3512d90000, 0x00007f3512d90000)
  from space 431040K,   0% used [0x00007f3512d90000, 0x00007f3512d90000, 0x00007f352d280000)
  to   space 431040K,   0% used [0x00007f352d280000, 0x00007f352d280000, 0x00007f3547770000)
 tenured generation   total 8620820K, used 5172491K [0x00007f3eeb0a0000, 0x00007f40f9365000, 0x00007f5440600000)
   the space 8620820K,  59% used [0x00007f3eeb0a0000, 0x00007f4026be2f90, 0x00007f4026be3000, 0x00007f40f9365000)
 Metaspace       used 29970K, capacity 30394K, committed 30720K, reserved 30720K
}
Event: 400.207 GC heap after
{Heap after GC invocations=66 (full 6):
 def new generation   total 3879424K, used 431039K [0x00007f3440600000, 0x00007f3547770000, 0x00007f3eeb0a0000)
  eden space 3448384K,   0% used [0x00007f3440600000, 0x00007f3440600000, 0x00007f3512d90000)
  from space 431040K,  99% used [0x00007f352d280000, 0x00007f354776fff0, 0x00007f3547770000)
  to   space 431040K,   0% used [0x00007f3512d90000, 0x00007f3512d90000, 0x00007f352d280000)
 tenured generation   total 8620820K, used 6630165K [0x00007f3eeb0a0000, 0x00007f40f9365000, 0x00007f5440600000)
   the space 8620820K,  76% used [0x00007f3eeb0a0000, 0x00007f407fb65418, 0x00007f407fb65600, 0x00007f40f9365000)
 Metaspace       used 29970K, capacity 30394K, committed 30720K, reserved 30720K
}
Event: 465.669 GC heap before
{Heap before GC invocations=66 (full 6):
 def new generation   total 3879424K, used 3879423K [0x00007f3440600000, 0x00007f3547770000, 0x00007f3eeb0a0000)
  eden space 3448384K, 100% used [0x00007f3440600000, 0x00007f3512d90000, 0x00007f3512d90000)
  from space 431040K,  99% used [0x00007f352d280000, 0x00007f354776fff0, 0x00007f3547770000)
  to   space 431040K,   0% used [0x00007f3512d90000, 0x00007f3512d90000, 0x00007f352d280000)
 tenured generation   total 8620820K, used 6630165K [0x00007f3eeb0a0000, 0x00007f40f9365000, 0x00007f5440600000)
   the space 8620820K,  76% used [0x00007f3eeb0a0000, 0x00007f407fb65418, 0x00007f407fb65600, 0x00007f40f9365000)
 Metaspace       used 29970K, capacity 30394K, committed 30720K, reserved 30720K
}
Event: 468.842 GC heap after
{Heap after GC invocations=67 (full 6):
 def new generation   total 3879424K, used 431039K [0x00007f3440600000, 0x00007f3547770000, 0x00007f3eeb0a0000)
  eden space 3448384K,   0% used [0x00007f3440600000, 0x00007f3440600000, 0x00007f3512d90000)
  from space 431040K,  99% used [0x00007f3512d90000, 0x00007f352d27fff8, 0x00007f352d280000)
  to   space 431040K,   0% used [0x00007f352d280000, 0x00007f352d280000, 0x00007f3547770000)
 tenured generation   total 8620820K, used 7978788K [0x00007f3eeb0a0000, 0x00007f40f9365000, 0x00007f5440600000)
   the space 8620820K,  92% used [0x00007f3eeb0a0000, 0x00007f40d20690b8, 0x00007f40d2069200, 0x00007f40f9365000)
 Metaspace       used 29970K, capacity 30394K, committed 30720K, reserved 30720K
}
Event: 475.370 GC heap before
{Heap before GC invocations=67 (full 6):
 def new generation   total 3879424K, used 3879423K [0x00007f3440600000, 0x00007f3547770000, 0x00007f3eeb0a0000)
  eden space 3448384K, 100% used [0x00007f3440600000, 0x00007f3512d90000, 0x00007f3512d90000)
  from space 431040K,  99% used [0x00007f3512d90000, 0x00007f352d27fff8, 0x00007f352d280000)
  to   space 431040K,   0% used [0x00007f352d280000, 0x00007f352d280000, 0x00007f3547770000)
 tenured generation   total 8620820K, used 7978788K [0x00007f3eeb0a0000, 0x00007f40f9365000, 0x00007f5440600000)
   the space 8620820K,  92% used [0x00007f3eeb0a0000, 0x00007f40d20690b8, 0x00007f40d2069200, 0x00007f40f9365000)
 Metaspace       used 29971K, capacity 30394K, committed 30720K, reserved 30720K
}
Event: 481.255 GC heap after
{Heap after GC invocations=68 (full 6):
 def new generation   total 3879424K, used 431039K [0x00007f3440600000, 0x00007f3547770000, 0x00007f3eeb0a0000)
  eden space 3448384K,   0% used [0x00007f3440600000, 0x00007f3440600000, 0x00007f3512d90000)
  from space 431040K,  99% used [0x00007f352d280000, 0x00007f354776fff0, 0x00007f3547770000)
  to   space 431040K,   0% used [0x00007f3512d90000, 0x00007f3512d90000, 0x00007f352d280000)
 tenured generation   total 9900116K, used 9900075K [0x00007f3eeb0a0000, 0x00007f41474b5000, 0x00007f5440600000)
   the space 9900116K,  99% used [0x00007f3eeb0a0000, 0x00007f41474aac70, 0x00007f41474aae00, 0x00007f41474b5000)
 Metaspace       used 29971K, capacity 30394K, committed 30720K, reserved 30720K
}
Event: 481.256 GC heap before
{Heap before GC invocations=68 (full 6):
 def new generation   total 3879424K, used 431039K [0x00007f3440600000, 0x00007f3547770000, 0x00007f3eeb0a0000)
  eden space 3448384K,   0% used [0x00007f3440600000, 0x00007f3440600000, 0x00007f3512d90000)
  from space 431040K,  99% used [0x00007f352d280000, 0x00007f354776fff0, 0x00007f3547770000)
  to   space 431040K,   0% used [0x00007f3512d90000, 0x00007f3512d90000, 0x00007f352d280000)
 tenured generation   total 9900116K, used 9900075K [0x00007f3eeb0a0000, 0x00007f41474b5000, 0x00007f5440600000)
   the space 9900116K,  99% used [0x00007f3eeb0a0000, 0x00007f41474aac70, 0x00007f41474aae00, 0x00007f41474b5000)
 Metaspace       used 29971K, capacity 30394K, committed 30720K, reserved 30720K
}
Event: 490.169 GC heap after
{Heap after GC invocations=68 (full 7):
 def new generation   total 3879424K, used 0K [0x00007f3440600000, 0x00007f3547770000, 0x00007f3eeb0a0000)
  eden space 3448384K,   0% used [0x00007f3440600000, 0x00007f3440600000, 0x00007f3512d90000)
  from space 431040K,   0% used [0x00007f352d280000, 0x00007f352d280000, 0x00007f3547770000)
  to   space 431040K,   0% used [0x00007f3512d90000, 0x00007f3512d90000, 0x00007f352d280000)
 tenured generation   total 8620820K, used 3404099K [0x00007f3eeb0a0000, 0x00007f40f9365000, 0x00007f5440600000)
   the space 8620820K,  39% used [0x00007f3eeb0a0000, 0x00007f3fbacf0ea8, 0x00007f3fbacf1000, 0x00007f40f9365000)
 Metaspace       used 29971K, capacity 30394K, committed 30720K, reserved 30720K
}
Event: 492.334 GC heap before
{Heap before GC invocations=68 (full 7):
 def new generation   total 3879424K, used 3448384K [0x00007f3440600000, 0x00007f3547770000, 0x00007f3eeb0a0000)
  eden space 3448384K, 100% used [0x00007f3440600000, 0x00007f3512d90000, 0x00007f3512d90000)
  from space 431040K,   0% used [0x00007f352d280000, 0x00007f352d280000, 0x00007f3547770000)
  to   space 431040K,   0% used [0x00007f3512d90000, 0x00007f3512d90000, 0x00007f352d280000)
 tenured generation   total 8620820K, used 3404099K [0x00007f3eeb0a0000, 0x00007f40f9365000, 0x00007f5440600000)
   the space 8620820K,  39% used [0x00007f3eeb0a0000, 0x00007f3fbacf0ea8, 0x00007f3fbacf1000, 0x00007f40f9365000)
 Metaspace       used 30017K, capacity 30458K, committed 30720K, reserved 30720K
}
Event: 494.477 GC heap after
{Heap after GC invocations=69 (full 7):
 def new generation   total 3879424K, used 431040K [0x00007f3440600000, 0x00007f3547770000, 0x00007f3eeb0a0000)
  eden space 3448384K,   0% used [0x00007f3440600000, 0x00007f3440600000, 0x00007f3512d90000)
  from space 431040K, 100% used [0x00007f3512d90000, 0x00007f352d280000, 0x00007f352d280000)
  to   space 431040K,   0% used [0x00007f352d280000, 0x00007f352d280000, 0x00007f3547770000)
 tenured generation   total 8620820K, used 4690782K [0x00007f3eeb0a0000, 0x00007f40f9365000, 0x00007f5440600000)
   the space 8620820K,  54% used [0x00007f3eeb0a0000, 0x00007f4009577b38, 0x00007f4009577c00, 0x00007f40f9365000)
 Metaspace       used 30017K, capacity 30458K, committed 30720K, reserved 30720K
}
Event: 496.054 GC heap before
{Heap before GC invocations=69 (full 7):
 def new generation   total 3879424K, used 3879424K [0x00007f3440600000, 0x00007f3547770000, 0x00007f3eeb0a0000)
  eden space 3448384K, 100% used [0x00007f3440600000, 0x00007f3512d90000, 0x00007f3512d90000)
  from space 431040K, 100% used [0x00007f3512d90000, 0x00007f352d280000, 0x00007f352d280000)
  to   space 431040K,   0% used [0x00007f352d280000, 0x00007f352d280000, 0x00007f3547770000)
 tenured generation   total 8620820K, used 4690782K [0x00007f3eeb0a0000, 0x00007f40f9365000, 0x00007f5440600000)
   the space 8620820K,  54% used [0x00007f3eeb0a0000, 0x00007f4009577b38, 0x00007f4009577c00, 0x00007f40f9365000)
 Metaspace       used 30017K, capacity 30458K, committed 30720K, reserved 30720K
}
Event: 499.428 GC heap after
{Heap after GC invocations=70 (full 7):
 def new generation   total 3879424K, used 431039K [0x00007f3440600000, 0x00007f3547770000, 0x00007f3eeb0a0000)
  eden space 3448384K,   0% used [0x00007f3440600000, 0x00007f3440600000, 0x00007f3512d90000)
  from space 431040K,  99% used [0x00007f352d280000, 0x00007f354776fe98, 0x00007f3547770000)
  to   space 431040K,   0% used [0x00007f3512d90000, 0x00007f3512d90000, 0x00007f352d280000)
 tenured generation   total 8620820K, used 8139106K [0x00007f3eeb0a0000, 0x00007f40f9365000, 0x00007f5440600000)
   the space 8620820K,  94% used [0x00007f3eeb0a0000, 0x00007f40dbcf8948, 0x00007f40dbcf8a00, 0x00007f40f9365000)
 Metaspace       used 30017K, capacity 30458K, committed 30720K, reserved 30720K
}
Event: 501.004 GC heap before
{Heap before GC invocations=70 (full 7):
 def new generation   total 3879424K, used 3879423K [0x00007f3440600000, 0x00007f3547770000, 0x00007f3eeb0a0000)
  eden space 3448384K, 100% used [0x00007f3440600000, 0x00007f3512d90000, 0x00007f3512d90000)
  from space 431040K,  99% used [0x00007f352d280000, 0x00007f354776fe98, 0x00007f3547770000)
  to   space 431040K,   0% used [0x00007f3512d90000, 0x00007f3512d90000, 0x00007f352d280000)
 tenured generation   total 8620820K, used 8139106K [0x00007f3eeb0a0000, 0x00007f40f9365000, 0x00007f5440600000)
   the space 8620820K,  94% used [0x00007f3eeb0a0000, 0x00007f40dbcf8948, 0x00007f40dbcf8a00, 0x00007f40f9365000)
 Metaspace       used 30017K, capacity 30458K, committed 30720K, reserved 30720K
}
Event: 504.837 GC heap after
{Heap after GC invocations=71 (full 7):
 def new generation   total 3879424K, used 431039K [0x00007f3440600000, 0x00007f3547770000, 0x00007f3eeb0a0000)
  eden space 3448384K,   0% used [0x00007f3440600000, 0x00007f3440600000, 0x00007f3512d90000)
  from space 431040K,  99% used [0x00007f3512d90000, 0x00007f352d27fe98, 0x00007f352d280000)
  to   space 431040K,   0% used [0x00007f352d280000, 0x00007f352d280000, 0x00007f3547770000)
 tenured generation   total 11587604K, used 11587434K [0x00007f3eeb0a0000, 0x00007f41ae4a5000, 0x00007f5440600000)
   the space 11587604K,  99% used [0x00007f3eeb0a0000, 0x00007f41ae47ab30, 0x00007f41ae47ac00, 0x00007f41ae4a5000)
 Metaspace       used 30017K, capacity 30458K, committed 30720K, reserved 30720K
}
Event: 504.837 GC heap before
{Heap before GC invocations=71 (full 7):
 def new generation   total 3879424K, used 431039K [0x00007f3440600000, 0x00007f3547770000, 0x00007f3eeb0a0000)
  eden space 3448384K,   0% used [0x00007f3440600000, 0x00007f3440600000, 0x00007f3512d90000)
  from space 431040K,  99% used [0x00007f3512d90000, 0x00007f352d27fe98, 0x00007f352d280000)
  to   space 431040K,   0% used [0x00007f352d280000, 0x00007f352d280000, 0x00007f3547770000)
 tenured generation   total 11587604K, used 11587434K [0x00007f3eeb0a0000, 0x00007f41ae4a5000, 0x00007f5440600000)
   the space 11587604K,  99% used [0x00007f3eeb0a0000, 0x00007f41ae47ab30, 0x00007f41ae47ac00, 0x00007f41ae4a5000)
 Metaspace       used 30017K, capacity 30458K, committed 30720K, reserved 30720K
}

Deoptimization events (20 events):
Event: 475.119 Thread 0x00007f5458018000 DEOPT PACKING pc=0x00007f5440d6bb27 sp=0x00007f545e352e50
Event: 475.119 Thread 0x00007f5458018000 DEOPT UNPACKING pc=0x00007f54407d333a sp=0x00007f545e352460 mode 0
Event: 475.120 Thread 0x00007f5458018000 DEOPT PACKING pc=0x00007f5440d6bb27 sp=0x00007f545e352e50
Event: 475.121 Thread 0x00007f5458018000 DEOPT UNPACKING pc=0x00007f54407d333a sp=0x00007f545e352460 mode 0
Event: 475.122 Thread 0x00007f5458018000 DEOPT PACKING pc=0x00007f5440d6bb27 sp=0x00007f545e352e50
Event: 475.122 Thread 0x00007f5458018000 DEOPT UNPACKING pc=0x00007f54407d333a sp=0x00007f545e352460 mode 0
Event: 475.123 Thread 0x00007f5458018000 DEOPT PACKING pc=0x00007f5440d6bb27 sp=0x00007f545e352e50
Event: 475.123 Thread 0x00007f5458018000 DEOPT UNPACKING pc=0x00007f54407d333a sp=0x00007f545e352460 mode 0
Event: 475.124 Thread 0x00007f5458018000 DEOPT PACKING pc=0x00007f5440d6bb27 sp=0x00007f545e352e50
Event: 475.124 Thread 0x00007f5458018000 DEOPT UNPACKING pc=0x00007f54407d333a sp=0x00007f545e352460 mode 0
Event: 475.128 Thread 0x00007f5458018000 DEOPT PACKING pc=0x00007f5440d6bb27 sp=0x00007f545e352e50
Event: 475.128 Thread 0x00007f5458018000 DEOPT UNPACKING pc=0x00007f54407d333a sp=0x00007f545e352460 mode 0
Event: 491.385 Thread 0x00007f5458018000 Uncommon trap: trap_request=0xffffff45 fr.pc=0x00007f54482b008c relative=0x0000000000000b2c
Event: 491.385 Thread 0x00007f5458018000 Uncommon trap: reason=unstable_if action=reinterpret pc=0x00007f54482b008c method=ch.javasoft.metabolic.efm.impl.AbstractDoubleDescriptionImpl.filterModes(Lch/javasoft/metabolic/efm/column/ColumnHome;Lch/javasoft/metabolic/efm/model/NetworkEfmModel;Lch/ja
Event: 491.385 Thread 0x00007f5458018000 DEOPT PACKING pc=0x00007f54482b008c sp=0x00007f545e352f60
Event: 491.385 Thread 0x00007f5458018000 DEOPT UNPACKING pc=0x00007f54407d2e25 sp=0x00007f545e352f70 mode 2
Event: 491.628 Thread 0x00007f5458018000 DEOPT PACKING pc=0x00007f5441405988 sp=0x00007f545e352a60
Event: 491.628 Thread 0x00007f5458018000 DEOPT UNPACKING pc=0x00007f54407d333a sp=0x00007f545e352088 mode 0
Event: 491.657 Thread 0x00007f5458018000 DEOPT PACKING pc=0x00007f5441405988 sp=0x00007f545e352560
Event: 491.657 Thread 0x00007f5458018000 DEOPT UNPACKING pc=0x00007f54407d333a sp=0x00007f545e351b88 mode 0

Classes unloaded (0 events):
No events

Classes redefined (0 events):
No events

Internal exceptions (20 events):
Event: 1.934 Thread 0x00007f5458018000 Exception <a 'java/lang/NoSuchMethodError'{0x00007f3444e86ee8}: 'int java.lang.invoke.DirectMethodHandle$Holder.invokeVirtual(java.lang.Object, java.lang.Object, java.lang.Object, java.lang.Object)'> (0x00007f3444e86ee8) 
thrown [src/hotspot/share/interpreter/linkResolver.cpp, line 766]
Event: 1.935 Thread 0x00007f5458018000 Exception <a 'java/lang/NoSuchMethodError'{0x00007f3444e95030}: 'java.lang.Object java.lang.invoke.DirectMethodHandle$Holder.invokeStatic(java.lang.Object, java.lang.Object, int, java.lang.Object)'> (0x00007f3444e95030) 
thrown [src/hotspot/share/interpreter/linkResolver.cpp, line 766]
Event: 1.935 Thread 0x00007f5458018000 Exception <a 'java/lang/NoSuchMethodError'{0x00007f3444e9d948}: 'java.lang.Object java.lang.invoke.Invokers$Holder.linkToTargetMethod(java.lang.Object, int, java.lang.Object, java.lang.Object)'> (0x00007f3444e9d948) 
thrown [src/hotspot/share/interpreter/linkResolver.cpp, line 766]
Event: 1.997 Thread 0x00007f5458018000 Exception <a 'java/lang/NoSuchMethodError'{0x00007f3444f99118}: 'java.lang.Object java.lang.invoke.DirectMethodHandle$Holder.invokeSpecial(java.lang.Object, java.lang.Object, java.lang.Object, java.lang.Object, java.lang.Object, java.lang.Object, java.lang.Object, java.lang.Object, java.lang.Object)'> (0x00007f3444f99118) 
thrown [src/hotspot/share/interpreter/linkResolver.cpp, line 766]
Event: 1.998 Thread 0x00007f5458018000 Exception <a 'java/lang/NoSuchMethodError'{0x00007f3444f9de40}: 'java.lang.Object java.lang.invoke.Invokers$Holder.linkToTargetMethod(java.lang.Object, java.lang.Object, java.lang.Object, java.lang.Object, java.lang.Object, java.lang.Object, java.lang.Object, java.lang.Object)'> (0x00007f3444f9de40) 
thrown [src/hotspot/share/interpreter/linkResolver.cpp, line 766]
Event: 2.017 Thread 0x00007f5458018000 Exception <a 'java/lang/NoSuchMethodError'{0x00007f344504fdb8}: 'java.lang.Object java.lang.invoke.Invokers$Holder.linkToTargetMethod(java.lang.Object, java.lang.Object, java.lang.Object, java.lang.Object, java.lang.Object, java.lang.Object, java.lang.Object)'> (0x00007f344504fdb8) 
thrown [src/hotspot/share/interpreter/linkResolver.cpp, line 766]
Event: 2.381 Thread 0x00007f5458018000 Implicit null exception at 0x00007f54482c81c5 to 0x00007f54482c8398
Event: 2.381 Thread 0x00007f5458018000 Implicit null exception at 0x00007f544827ea0f to 0x00007f544827ea79
Event: 2.949 Thread 0x00007f5458018000 Implicit null exception at 0x00007f54482f710a to 0x00007f54482f75c5
Event: 2.956 Thread 0x00007f5458018000 Exception <a 'java/lang/NoSuchMethodError'{0x00007f34406346d0}: 'java.lang.Object java.lang.invoke.DirectMethodHandle$Holder.invokeSpecial(java.lang.Object, java.lang.Object, int, java.lang.Object, java.lang.Object)'> (0x00007f34406346d0) 
thrown [src/hotspot/share/interpreter/linkResolver.cpp, line 766]
Event: 2.964 Thread 0x00007f54580a7000 Implicit null exception at 0x00007f54482a844c to 0x00007f54482a8500
Event: 2.972 Thread 0x00007f5458018000 Exception <a 'java/lang/NoSuchMethodError'{0x00007f344067f3c0}: 'java.lang.Object java.lang.invoke.Invokers$Holder.linkToTargetMethod(java.lang.Object, long, java.lang.Object)'> (0x00007f344067f3c0) 
thrown [src/hotspot/share/interpreter/linkResolver.cpp, line 766]
Event: 3.001 Thread 0x00007f5458018000 Exception <a 'java/lang/NoSuchMethodError'{0x00007f34406eef78}: 'java.lang.Object java.lang.invoke.Invokers$Holder.invokeExact_MT(java.lang.Object, java.lang.Object, java.lang.Object, java.lang.Object, java.lang.Object, java.lang.Object)'> (0x00007f34406eef78) 
thrown [src/hotspot/share/interpreter/linkResolver.cpp, line 766]
Event: 3.099 Thread 0x00007f5458018000 Exception <a 'java/lang/NoSuchMethodError'{0x00007f344082ca90}: 'int java.lang.invoke.DirectMethodHandle$Holder.invokeStatic(java.lang.Object, java.lang.Object, int)'> (0x00007f344082ca90) 
thrown [src/hotspot/share/interpreter/linkResolver.cpp, line 766]
Event: 3.247 Thread 0x00007f5458018000 Exception <a 'java/lang/NoSuchMethodError'{0x00007f3440aa20c8}: 'int java.lang.invoke.DirectMethodHandle$Holder.invokeStatic(java.lang.Object, java.lang.Object, java.lang.Object, int)'> (0x00007f3440aa20c8) 
thrown [src/hotspot/share/interpreter/linkResolver.cpp, line 766]
Event: 4.086 Thread 0x00007f5458018000 Exception <a 'java/lang/ClassNotFoundException'{0x00007f34487f4ca0}: com/sun/org/apache/xerces/internal/impl/msg/spi/SAXMessagesProvider> (0x00007f34487f4ca0) 
thrown [src/hotspot/share/classfile/systemDictionary.cpp, line 232]
Event: 4.908 Thread 0x00007f5458018000 Exception <a 'java/lang/NoSuchMethodError'{0x00007f3449e1b228}: 'java.lang.Object java.lang.invoke.DirectMethodHandle$Holder.invokeStaticInit(java.lang.Object, java.lang.Object, java.lang.Object)'> (0x00007f3449e1b228) 
thrown [src/hotspot/share/interpreter/linkResolver.cpp, line 766]
Event: 4.910 Thread 0x00007f5458018000 Exception <a 'java/lang/NoSuchMethodError'{0x00007f3449e261f0}: 'void java.lang.invoke.DirectMethodHandle$Holder.invokeStatic(java.lang.Object, java.lang.Object, java.lang.Object, java.lang.Object, java.lang.Object, java.lang.Object)'> (0x00007f3449e261f0) 
thrown [src/hotspot/share/interpreter/linkResolver.cpp, line 766]
Event: 4.921 Thread 0x00007f5458018000 Exception <a 'java/lang/NoSuchMethodError'{0x00007f3449e5dee8}: 'void java.lang.invoke.DirectMethodHandle$Holder.invokeStaticInit(java.lang.Object, java.lang.Object, java.lang.Object)'> (0x00007f3449e5dee8) 
thrown [src/hotspot/share/interpreter/linkResolver.cpp, line 766]
Event: 4.948 Thread 0x00007f5458018000 Exception <a 'java/net/UnknownHostException'{0x00007f3449e7f210}> (0x00007f3449e7f210) 
thrown [src/hotspot/share/prims/jni.cpp, line 598]

Events (20 events):
Event: 491.547 loading class ch/javasoft/util/genarr/GenericDynamicArray done
Event: 491.590 loading class ch/javasoft/metabolic/impl/FractionNumberStoichMetabolicNetwork$BigIntegerMetaboliteRatio
Event: 491.590 loading class ch/javasoft/metabolic/impl/FractionNumberStoichMetabolicNetwork$BigIntegerMetaboliteRatio done
Event: 491.591 loading class ch/javasoft/metabolic/impl/FractionNumberStoichMetabolicNetwork$AbstractBigIntegerMetaboliteRatio
Event: 491.591 loading class ch/javasoft/metabolic/impl/FractionNumberStoichMetabolicNetwork$AbstractBigIntegerMetaboliteRatio done
Event: 491.595 loading class ch/javasoft/metabolic/MetaboliteRatio
Event: 491.595 loading class ch/javasoft/metabolic/MetaboliteRatio done
Event: 491.630 loading class ch/javasoft/metabolic/efm/output/EfmOutputEvent
Event: 491.630 loading class ch/javasoft/metabolic/efm/output/EfmOutputEvent done
Event: 491.636 loading class ch/javasoft/metabolic/efm/output/EfmOutputEvent$Kind
Event: 491.636 loading class ch/javasoft/metabolic/efm/output/EfmOutputEvent$Kind done
Event: 491.639 loading class ch/javasoft/polco/xenum/ExtremeRayEvent
Event: 491.639 loading class ch/javasoft/polco/xenum/ExtremeRayEvent done
Event: 491.639 loading class ch/javasoft/polco/transform/TransformHelper
Event: 491.639 loading class ch/javasoft/polco/transform/TransformHelper done
Event: 492.334 Executing VM operation: GenCollectForAllocation
Event: 494.477 Executing VM operation: GenCollectForAllocation done
Event: 496.053 Executing VM operation: GenCollectForAllocation
Event: 499.429 Executing VM operation: GenCollectForAllocation done
Event: 501.004 Executing VM operation: GenCollectForAllocation


Dynamic libraries:
5631d7080000-5631d7081000 r--p 00000000 07:3c 4860                       /usr/lib/jvm/java-13-openjdk-amd64/bin/java
5631d7081000-5631d7082000 r-xp 00001000 07:3c 4860                       /usr/lib/jvm/java-13-openjdk-amd64/bin/java
5631d7082000-5631d7083000 r--p 00002000 07:3c 4860                       /usr/lib/jvm/java-13-openjdk-amd64/bin/java
5631d7083000-5631d7084000 r--p 00002000 07:3c 4860                       /usr/lib/jvm/java-13-openjdk-amd64/bin/java
5631d7084000-5631d7085000 rw-p 00003000 07:3c 4860                       /usr/lib/jvm/java-13-openjdk-amd64/bin/java
5631d7538000-5631d7559000 rw-p 00000000 00:00 0                          [heap]
7f33f0000000-7f33f09ae000 rw-p 00000000 00:00 0 
7f33f09ae000-7f33f4000000 ---p 00000000 00:00 0 
7f33f8000000-7f33f8021000 rw-p 00000000 00:00 0 
7f33f8021000-7f33fc000000 ---p 00000000 00:00 0 
7f33fc000000-7f3400000000 rw-p 00000000 00:00 0 
7f3400000000-7f3400031000 rw-p 00000000 00:00 0 
7f3400031000-7f3404000000 ---p 00000000 00:00 0 
7f3404000000-7f3404021000 rw-p 00000000 00:00 0 
7f3404021000-7f3408000000 ---p 00000000 00:00 0 
7f3408000000-7f3409d3f000 rw-p 00000000 00:00 0 
7f3409d3f000-7f340c000000 ---p 00000000 00:00 0 
7f340c000000-7f340cb97000 rw-p 00000000 00:00 0 
7f340cb97000-7f3410000000 ---p 00000000 00:00 0 
7f3410000000-7f3410021000 rw-p 00000000 00:00 0 
7f3410021000-7f3414000000 ---p 00000000 00:00 0 
7f3414000000-7f3414021000 rw-p 00000000 00:00 0 
7f3414021000-7f3418000000 ---p 00000000 00:00 0 
7f3418000000-7f3418021000 rw-p 00000000 00:00 0 
7f3418021000-7f341c000000 ---p 00000000 00:00 0 
7f341c000000-7f341c021000 rw-p 00000000 00:00 0 
7f341c021000-7f3420000000 ---p 00000000 00:00 0 
7f3420000000-7f3424000000 rw-p 00000000 00:00 0 
7f3424f54000-7f3425154000 rw-p 00000000 00:00 0 
7f3425154000-7f3425354000 rw-p 00000000 00:00 0 
7f3425354000-7f3425554000 rw-p 00000000 00:00 0 
7f3425554000-7f3425754000 rw-p 00000000 00:00 0 
7f3425754000-7f3425954000 rw-p 00000000 00:00 0 
7f3425954000-7f3425b54000 rw-p 00000000 00:00 0 
7f3425b54000-7f342716f000 rw-p 00000000 00:00 0 
7f342716f000-7f34305ff000 ---p 00000000 00:00 0 
7f34305ff000-7f3430e38000 rw-p 00000000 00:00 0 
7f3430e38000-7f3435b54000 ---p 00000000 00:00 0 
7f3435b54000-7f343716f000 rw-p 00000000 00:00 0 
7f343716f000-7f34405ff000 ---p 00000000 00:00 0 
7f34405ff000-7f3547770000 rw-p 00000000 00:00 0 
7f3547770000-7f3eeb0a0000 ---p 00000000 00:00 0 
7f3eeb0a0000-7f41ae4a5000 rw-p 00000000 00:00 0 
7f437ff58000-7f5440600000 ---p 00000000 00:00 0 
7f544078a000-7f54409fa000 rwxp 00000000 00:00 0 
7f54409fa000-7f5440d19000 ---p 00000000 00:00 0 
7f5440d19000-7f54414b9000 rwxp 00000000 00:00 0 
7f54414b9000-7f5448251000 ---p 00000000 00:00 0 
7f5448251000-7f54484c1000 rwxp 00000000 00:00 0 
7f54484c1000-7f544f78a000 ---p 00000000 00:00 0 
7f544f78a000-7f5458000000 r--s 00000000 07:3c 5215                       /usr/lib/jvm/java-13-openjdk-amd64/lib/modules
7f5458000000-7f5458805000 rw-p 00000000 00:00 0 
7f5458805000-7f545c000000 ---p 00000000 00:00 0 
7f545c06b000-7f545c06f000 r--p 00000000 07:3c 9178                       /usr/lib/x86_64-linux-gnu/libresolv-2.31.so
7f545c06f000-7f545c07f000 r-xp 00004000 07:3c 9178                       /usr/lib/x86_64-linux-gnu/libresolv-2.31.so
7f545c07f000-7f545c083000 r--p 00014000 07:3c 9178                       /usr/lib/x86_64-linux-gnu/libresolv-2.31.so
7f545c083000-7f545c084000 r--p 00017000 07:3c 9178                       /usr/lib/x86_64-linux-gnu/libresolv-2.31.so
7f545c084000-7f545c085000 rw-p 00018000 07:3c 9178                       /usr/lib/x86_64-linux-gnu/libresolv-2.31.so
7f545c085000-7f545c087000 rw-p 00000000 00:00 0 
7f545c087000-7f545c088000 r--p 00000000 07:3c 9105                       /usr/lib/x86_64-linux-gnu/libnss_dns-2.31.so
7f545c088000-7f545c08c000 r-xp 00001000 07:3c 9105                       /usr/lib/x86_64-linux-gnu/libnss_dns-2.31.so
7f545c08c000-7f545c08d000 r--p 00005000 07:3c 9105                       /usr/lib/x86_64-linux-gnu/libnss_dns-2.31.so
7f545c08d000-7f545c08e000 r--p 00005000 07:3c 9105                       /usr/lib/x86_64-linux-gnu/libnss_dns-2.31.so
7f545c08e000-7f545c08f000 rw-p 00006000 07:3c 9105                       /usr/lib/x86_64-linux-gnu/libnss_dns-2.31.so
7f545c08f000-7f545c091000 r--p 00000000 07:3c 5202                       /usr/lib/jvm/java-13-openjdk-amd64/lib/libmanagement_ext.so
7f545c091000-7f545c094000 r-xp 00002000 07:3c 5202                       /usr/lib/jvm/java-13-openjdk-amd64/lib/libmanagement_ext.so
7f545c094000-7f545c095000 r--p 00005000 07:3c 5202                       /usr/lib/jvm/java-13-openjdk-amd64/lib/libmanagement_ext.so
7f545c095000-7f545c096000 ---p 00006000 07:3c 5202                       /usr/lib/jvm/java-13-openjdk-amd64/lib/libmanagement_ext.so
7f545c096000-7f545c097000 r--p 00006000 07:3c 5202                       /usr/lib/jvm/java-13-openjdk-amd64/lib/libmanagement_ext.so
7f545c097000-7f545c098000 rw-p 00007000 07:3c 5202                       /usr/lib/jvm/java-13-openjdk-amd64/lib/libmanagement_ext.so
7f545c098000-7f545c09b000 r--p 00000000 07:3c 5200                       /usr/lib/jvm/java-13-openjdk-amd64/lib/libmanagement.so
7f545c09b000-7f545c09c000 r-xp 00003000 07:3c 5200                       /usr/lib/jvm/java-13-openjdk-amd64/lib/libmanagement.so
7f545c09c000-7f545c09d000 r--p 00004000 07:3c 5200                       /usr/lib/jvm/java-13-openjdk-amd64/lib/libmanagement.so
7f545c09d000-7f545c09e000 r--p 00004000 07:3c 5200                       /usr/lib/jvm/java-13-openjdk-amd64/lib/libmanagement.so
7f545c09e000-7f545c09f000 rw-p 00005000 07:3c 5200                       /usr/lib/jvm/java-13-openjdk-amd64/lib/libmanagement.so
7f545c09f000-7f545c29f000 rw-p 00000000 00:00 0 
7f545c29f000-7f545c63f000 rw-p 00000000 00:00 0 
7f545c63f000-7f545c83f000 rw-p 00000000 00:00 0 
7f545c83f000-7f545ca3f000 rw-p 00000000 00:00 0 
7f545ca3f000-7f545cc3f000 rw-p 00000000 00:00 0 
7f545cc3f000-7f545cc70000 rw-p 00000000 00:00 0 
7f545cc70000-7f545cc74000 r--p 00000000 07:3c 5204                       /usr/lib/jvm/java-13-openjdk-amd64/lib/libnet.so
7f545cc74000-7f545cc82000 r-xp 00004000 07:3c 5204                       /usr/lib/jvm/java-13-openjdk-amd64/lib/libnet.so
7f545cc82000-7f545cc86000 r--p 00012000 07:3c 5204                       /usr/lib/jvm/java-13-openjdk-amd64/lib/libnet.so
7f545cc86000-7f545cc87000 r--p 00015000 07:3c 5204                       /usr/lib/jvm/java-13-openjdk-amd64/lib/libnet.so
7f545cc87000-7f545cc88000 rw-p 00016000 07:3c 5204                       /usr/lib/jvm/java-13-openjdk-amd64/lib/libnet.so
7f545cc88000-7f545cc8f000 r--p 00000000 07:3c 5205                       /usr/lib/jvm/java-13-openjdk-amd64/lib/libnio.so
7f545cc8f000-7f545cc98000 r-xp 00007000 07:3c 5205                       /usr/lib/jvm/java-13-openjdk-amd64/lib/libnio.so
7f545cc98000-7f545cc9c000 r--p 00010000 07:3c 5205                       /usr/lib/jvm/java-13-openjdk-amd64/lib/libnio.so
7f545cc9c000-7f545cc9d000 r--p 00013000 07:3c 5205                       /usr/lib/jvm/java-13-openjdk-amd64/lib/libnio.so
7f545cc9d000-7f545cc9e000 rw-p 00014000 07:3c 5205                       /usr/lib/jvm/java-13-openjdk-amd64/lib/libnio.so
7f545cc9e000-7f545cc9f000 ---p 00000000 00:00 0 
7f545cc9f000-7f545cda0000 rw-p 00000000 00:00 0 
7f545cda0000-7f545cda4000 ---p 00000000 00:00 0 
7f545cda4000-7f545cea1000 rw-p 00000000 00:00 0 
7f545cea1000-7f545cea5000 ---p 00000000 00:00 0 
7f545cea5000-7f545cfa2000 rw-p 00000000 00:00 0 
7f545cfa2000-7f545cfa6000 ---p 00000000 00:00 0 
7f545cfa6000-7f545d0a3000 rw-p 00000000 00:00 0 
7f545d0a3000-7f545d0a7000 ---p 00000000 00:00 0 
7f545d0a7000-7f545d1a4000 rw-p 00000000 00:00 0 
7f545d1a4000-7f545d1a8000 ---p 00000000 00:00 0 
7f545d1a8000-7f545d2a5000 rw-p 00000000 00:00 0 
7f545d2a5000-7f545d2a9000 ---p 00000000 00:00 0 
7f545d2a9000-7f545d3a6000 rw-p 00000000 00:00 0 
7f545d3a6000-7f545d3ad000 r--s 00000000 07:3c 8532                       /usr/lib/x86_64-linux-gnu/gconv/gconv-modules.cache
7f545d3ad000-7f545d3df000 r--p 00000000 07:3c 5276                       /usr/lib/locale/C.UTF-8/LC_CTYPE
7f545d3df000-7f545d3e3000 ---p 00000000 00:00 0 
7f545d3e3000-7f545d4e0000 rw-p 00000000 00:00 0 
7f545d4e0000-7f545d4e4000 ---p 00000000 00:00 0 
7f545d4e4000-7f545d5e1000 rw-p 00000000 00:00 0 
7f545d5e1000-7f545d5e2000 ---p 00000000 00:00 0 
7f545d5e2000-7f545e000000 rw-p 00000000 00:00 0 
7f545e000000-7f545e005000 rw-p 00000000 00:00 0 
7f545e005000-7f545e0eb000 ---p 00000000 00:00 0 
7f545e0eb000-7f545e0fb000 rw-p 00000000 00:00 0 
7f545e0fb000-7f545e1d6000 ---p 00000000 00:00 0 
7f545e1d6000-7f545e1db000 rw-p 00000000 00:00 0 
7f545e1db000-7f545e1e2000 ---p 00000000 00:00 0 
7f545e1e2000-7f545e1e4000 r--p 00000000 07:3c 5214                       /usr/lib/jvm/java-13-openjdk-amd64/lib/libzip.so
7f545e1e4000-7f545e1e8000 r-xp 00002000 07:3c 5214                       /usr/lib/jvm/java-13-openjdk-amd64/lib/libzip.so
7f545e1e8000-7f545e1ea000 r--p 00006000 07:3c 5214                       /usr/lib/jvm/java-13-openjdk-amd64/lib/libzip.so
7f545e1ea000-7f545e1eb000 r--p 00007000 07:3c 5214                       /usr/lib/jvm/java-13-openjdk-amd64/lib/libzip.so
7f545e1eb000-7f545e1ec000 rw-p 00008000 07:3c 5214                       /usr/lib/jvm/java-13-openjdk-amd64/lib/libzip.so
7f545e1ec000-7f545e1f4000 rw-s 00000000 08:03 34784706                   /tmp/hsperfdata_rcabanas/39773
7f545e1f4000-7f545e1f7000 r--p 00000000 07:3c 9108                       /usr/lib/x86_64-linux-gnu/libnss_files-2.31.so
7f545e1f7000-7f545e1fe000 r-xp 00003000 07:3c 9108                       /usr/lib/x86_64-linux-gnu/libnss_files-2.31.so
7f545e1fe000-7f545e200000 r--p 0000a000 07:3c 9108                       /usr/lib/x86_64-linux-gnu/libnss_files-2.31.so
7f545e200000-7f545e201000 r--p 0000b000 07:3c 9108                       /usr/lib/x86_64-linux-gnu/libnss_files-2.31.so
7f545e201000-7f545e202000 rw-p 0000c000 07:3c 9108                       /usr/lib/x86_64-linux-gnu/libnss_files-2.31.so
7f545e202000-7f545e208000 rw-p 00000000 00:00 0 
7f545e20e000-7f545e210000 r--p 00000000 07:3c 5195                       /usr/lib/jvm/java-13-openjdk-amd64/lib/libjimage.so
7f545e210000-7f545e213000 r-xp 00002000 07:3c 5195                       /usr/lib/jvm/java-13-openjdk-amd64/lib/libjimage.so
7f545e213000-7f545e214000 r--p 00005000 07:3c 5195                       /usr/lib/jvm/java-13-openjdk-amd64/lib/libjimage.so
7f545e214000-7f545e215000 ---p 00006000 07:3c 5195                       /usr/lib/jvm/java-13-openjdk-amd64/lib/libjimage.so
7f545e215000-7f545e216000 r--p 00006000 07:3c 5195                       /usr/lib/jvm/java-13-openjdk-amd64/lib/libjimage.so
7f545e216000-7f545e217000 rw-p 00007000 07:3c 5195                       /usr/lib/jvm/java-13-openjdk-amd64/lib/libjimage.so
7f545e217000-7f545e224000 r--p 00000000 07:3c 5191                       /usr/lib/jvm/java-13-openjdk-amd64/lib/libjava.so
7f545e224000-7f545e239000 r-xp 0000d000 07:3c 5191                       /usr/lib/jvm/java-13-openjdk-amd64/lib/libjava.so
7f545e239000-7f545e23f000 r--p 00022000 07:3c 5191                       /usr/lib/jvm/java-13-openjdk-amd64/lib/libjava.so
7f545e23f000-7f545e240000 ---p 00028000 07:3c 5191                       /usr/lib/jvm/java-13-openjdk-amd64/lib/libjava.so
7f545e240000-7f545e241000 r--p 00028000 07:3c 5191                       /usr/lib/jvm/java-13-openjdk-amd64/lib/libjava.so
7f545e241000-7f545e243000 rw-p 00029000 07:3c 5191                       /usr/lib/jvm/java-13-openjdk-amd64/lib/libjava.so
7f545e243000-7f545e248000 r--p 00000000 07:3c 5213                       /usr/lib/jvm/java-13-openjdk-amd64/lib/libverify.so
7f545e248000-7f545e24f000 r-xp 00005000 07:3c 5213                       /usr/lib/jvm/java-13-openjdk-amd64/lib/libverify.so
7f545e24f000-7f545e251000 r--p 0000c000 07:3c 5213                       /usr/lib/jvm/java-13-openjdk-amd64/lib/libverify.so
7f545e251000-7f545e252000 ---p 0000e000 07:3c 5213                       /usr/lib/jvm/java-13-openjdk-amd64/lib/libverify.so
7f545e252000-7f545e254000 r--p 0000e000 07:3c 5213                       /usr/lib/jvm/java-13-openjdk-amd64/lib/libverify.so
7f545e254000-7f545e255000 rw-p 00010000 07:3c 5213                       /usr/lib/jvm/java-13-openjdk-amd64/lib/libverify.so
7f545e255000-7f545e259000 ---p 00000000 00:00 0 
7f545e259000-7f545e356000 rw-p 00000000 00:00 0 
7f545e356000-7f545e359000 r--p 00000000 07:3c 8948                       /usr/lib/x86_64-linux-gnu/libgcc_s.so.1
7f545e359000-7f545e36b000 r-xp 00003000 07:3c 8948                       /usr/lib/x86_64-linux-gnu/libgcc_s.so.1
7f545e36b000-7f545e36f000 r--p 00015000 07:3c 8948                       /usr/lib/x86_64-linux-gnu/libgcc_s.so.1
7f545e36f000-7f545e370000 r--p 00018000 07:3c 8948                       /usr/lib/x86_64-linux-gnu/libgcc_s.so.1
7f545e370000-7f545e371000 rw-p 00019000 07:3c 8948                       /usr/lib/x86_64-linux-gnu/libgcc_s.so.1
7f545e371000-7f545e37e000 r--p 00000000 07:3c 9062                       /usr/lib/x86_64-linux-gnu/libm-2.31.so
7f545e37e000-7f545e425000 r-xp 0000d000 07:3c 9062                       /usr/lib/x86_64-linux-gnu/libm-2.31.so
7f545e425000-7f545e4be000 r--p 000b4000 07:3c 9062                       /usr/lib/x86_64-linux-gnu/libm-2.31.so
7f545e4be000-7f545e4bf000 r--p 0014c000 07:3c 9062                       /usr/lib/x86_64-linux-gnu/libm-2.31.so
7f545e4bf000-7f545e4c0000 rw-p 0014d000 07:3c 9062                       /usr/lib/x86_64-linux-gnu/libm-2.31.so
7f545e4c0000-7f545e556000 r--p 00000000 07:3c 9213                       /usr/lib/x86_64-linux-gnu/libstdc++.so.6.0.28
7f545e556000-7f545e647000 r-xp 00096000 07:3c 9213                       /usr/lib/x86_64-linux-gnu/libstdc++.so.6.0.28
7f545e647000-7f545e690000 r--p 00187000 07:3c 9213                       /usr/lib/x86_64-linux-gnu/libstdc++.so.6.0.28
7f545e690000-7f545e691000 ---p 001d0000 07:3c 9213                       /usr/lib/x86_64-linux-gnu/libstdc++.so.6.0.28
7f545e691000-7f545e69c000 r--p 001d0000 07:3c 9213                       /usr/lib/x86_64-linux-gnu/libstdc++.so.6.0.28
7f545e69c000-7f545e69f000 rw-p 001db000 07:3c 9213                       /usr/lib/x86_64-linux-gnu/libstdc++.so.6.0.28
7f545e69f000-7f545e6a2000 rw-p 00000000 00:00 0 
7f545e6a2000-7f545e928000 r--p 00000000 07:3c 5226                       /usr/lib/jvm/java-13-openjdk-amd64/lib/server/libjvm.so
7f545e928000-7f545f6a5000 r-xp 00286000 07:3c 5226                       /usr/lib/jvm/java-13-openjdk-amd64/lib/server/libjvm.so
7f545f6a5000-7f545f920000 r--p 01003000 07:3c 5226                       /usr/lib/jvm/java-13-openjdk-amd64/lib/server/libjvm.so
7f545f920000-7f545f9e5000 r--p 0127d000 07:3c 5226                       /usr/lib/jvm/java-13-openjdk-amd64/lib/server/libjvm.so
7f545f9e5000-7f545fa20000 rw-p 01342000 07:3c 5226                       /usr/lib/jvm/java-13-openjdk-amd64/lib/server/libjvm.so
7f545fa20000-7f545faa6000 rw-p 00000000 00:00 0 
7f545faa6000-7f545faac000 r--p 00000000 07:3c 9166                       /usr/lib/x86_64-linux-gnu/libpthread-2.31.so
7f545faac000-7f545fabd000 r-xp 00006000 07:3c 9166                       /usr/lib/x86_64-linux-gnu/libpthread-2.31.so
7f545fabd000-7f545fac3000 r--p 00017000 07:3c 9166                       /usr/lib/x86_64-linux-gnu/libpthread-2.31.so
7f545fac3000-7f545fac4000 r--p 0001c000 07:3c 9166                       /usr/lib/x86_64-linux-gnu/libpthread-2.31.so
7f545fac4000-7f545fac5000 rw-p 0001d000 07:3c 9166                       /usr/lib/x86_64-linux-gnu/libpthread-2.31.so
7f545fac5000-7f545fac9000 rw-p 00000000 00:00 0 
7f545fac9000-7f545faca000 r--p 00000000 07:3c 8893                       /usr/lib/x86_64-linux-gnu/libdl-2.31.so
7f545faca000-7f545facc000 r-xp 00001000 07:3c 8893                       /usr/lib/x86_64-linux-gnu/libdl-2.31.so
7f545facc000-7f545facd000 r--p 00003000 07:3c 8893                       /usr/lib/x86_64-linux-gnu/libdl-2.31.so
7f545facd000-7f545face000 r--p 00003000 07:3c 8893                       /usr/lib/x86_64-linux-gnu/libdl-2.31.so
7f545face000-7f545facf000 rw-p 00004000 07:3c 8893                       /usr/lib/x86_64-linux-gnu/libdl-2.31.so
7f545facf000-7f545fad1000 r--p 00000000 07:3c 9290                       /usr/lib/x86_64-linux-gnu/libz.so.1.2.11
7f545fad1000-7f545fae2000 r-xp 00002000 07:3c 9290                       /usr/lib/x86_64-linux-gnu/libz.so.1.2.11
7f545fae2000-7f545fae8000 r--p 00013000 07:3c 9290                       /usr/lib/x86_64-linux-gnu/libz.so.1.2.11
7f545fae8000-7f545fae9000 ---p 00019000 07:3c 9290                       /usr/lib/x86_64-linux-gnu/libz.so.1.2.11
7f545fae9000-7f545faea000 r--p 00019000 07:3c 9290                       /usr/lib/x86_64-linux-gnu/libz.so.1.2.11
7f545faea000-7f545faeb000 rw-p 0001a000 07:3c 9290                       /usr/lib/x86_64-linux-gnu/libz.so.1.2.11
7f545faeb000-7f545fb0d000 r--p 00000000 07:3c 8851                       /usr/lib/x86_64-linux-gnu/libc-2.31.so
7f545fb0d000-7f545fc85000 r-xp 00022000 07:3c 8851                       /usr/lib/x86_64-linux-gnu/libc-2.31.so
7f545fc85000-7f545fcd3000 r--p 0019a000 07:3c 8851                       /usr/lib/x86_64-linux-gnu/libc-2.31.so
7f545fcd3000-7f545fcd7000 r--p 001e7000 07:3c 8851                       /usr/lib/x86_64-linux-gnu/libc-2.31.so
7f545fcd7000-7f545fcd9000 rw-p 001eb000 07:3c 8851                       /usr/lib/x86_64-linux-gnu/libc-2.31.so
7f545fcd9000-7f545fcdd000 rw-p 00000000 00:00 0 
7f545fcdf000-7f545fce1000 r--s 0000c000 07:3c 20930                      /usr/share/java/java-atk-wrapper.jar
7f545fce1000-7f545fce2000 ---p 00000000 00:00 0 
7f545fce2000-7f545fce3000 r--p 00000000 00:00 0 
7f545fce3000-7f545fce6000 r--p 00000000 07:3c 5196                       /usr/lib/jvm/java-13-openjdk-amd64/lib/libjli.so
7f545fce6000-7f545fcf0000 r-xp 00003000 07:3c 5196                       /usr/lib/jvm/java-13-openjdk-amd64/lib/libjli.so
7f545fcf0000-7f545fcf3000 r--p 0000d000 07:3c 5196                       /usr/lib/jvm/java-13-openjdk-amd64/lib/libjli.so
7f545fcf3000-7f545fcf4000 r--p 0000f000 07:3c 5196                       /usr/lib/jvm/java-13-openjdk-amd64/lib/libjli.so
7f545fcf4000-7f545fcf5000 rw-p 00010000 07:3c 5196                       /usr/lib/jvm/java-13-openjdk-amd64/lib/libjli.so
7f545fcf5000-7f545fcf7000 rw-p 00000000 00:00 0 
7f545fcf7000-7f545fcf8000 r--p 00000000 07:3c 8572                       /usr/lib/x86_64-linux-gnu/ld-2.31.so
7f545fcf8000-7f545fd1b000 r-xp 00001000 07:3c 8572                       /usr/lib/x86_64-linux-gnu/ld-2.31.so
7f545fd1b000-7f545fd23000 r--p 00024000 07:3c 8572                       /usr/lib/x86_64-linux-gnu/ld-2.31.so
7f545fd23000-7f545fd24000 ---p 00000000 00:00 0 
7f545fd24000-7f545fd25000 r--p 0002c000 07:3c 8572                       /usr/lib/x86_64-linux-gnu/ld-2.31.so
7f545fd25000-7f545fd26000 rw-p 0002d000 07:3c 8572                       /usr/lib/x86_64-linux-gnu/ld-2.31.so
7f545fd26000-7f545fd27000 rw-p 00000000 00:00 0 
7ffd414cc000-7ffd414ed000 rw-p 00000000 00:00 0                          [stack]
7ffd4158d000-7ffd4158f000 r-xp 00000000 00:00 0                          [vdso]
ffffffffff600000-ffffffffff601000 r-xp 00000000 00:00 0                  [vsyscall]


VM Arguments:
jvm_args: -Xmx128g --add-modules=ALL-DEFAULT 
java_command: jdk.compiler/com.sun.tools.javac.launcher.Main /mnt/beegfs/rcabanas/dev/credici/papers/zeros/code/GenerateNparents.java -np 2 -nzr 1.0 -zdr 0.5 -o /mnt/beegfs/rcabanas/dev/credici/papers/zeros/models/s3 -rw -s 30 -ys 3
java_class_path (initial): /mnt/beegfs/rcabanas/dev/credici/target/credici-0.1.5-dev-SNAPSHOT-jar-with-dependencies.jar
Launcher Type: SUN_STANDARD

[Global flags]
     intx CICompilerCount                          = 2                                         {product} {ergonomic}
   size_t InitialHeapSize                          = 2147483648                                {product} {ergonomic}
   size_t MaxHeapSize                              = 137438953472                              {product} {command line}
   size_t MaxNewSize                               = 45812940800                               {product} {ergonomic}
   size_t MinHeapDeltaBytes                        = 196608                                    {product} {ergonomic}
   size_t MinHeapSize                              = 8388608                                   {product} {ergonomic}
   size_t NewSize                                  = 715784192                                 {product} {ergonomic}
    uintx NonNMethodCodeHeapSize                   = 5826188                                {pd product} {ergonomic}
    uintx NonProfiledCodeHeapSize                  = 122916026                              {pd product} {ergonomic}
   size_t OldSize                                  = 1431699456                                {product} {ergonomic}
    uintx ProfiledCodeHeapSize                     = 122916026                              {pd product} {ergonomic}
    uintx ReservedCodeCacheSize                    = 251658240                              {pd product} {ergonomic}
     bool SegmentedCodeCache                       = true                                      {product} {ergonomic}
   size_t SoftMaxHeapSize                          = 137438953472                           {manageable} {ergonomic}
     bool UseSerialGC                              = true                                      {product} {ergonomic}

Logging:
Log output configuration:
 #0: stdout all=warning uptime,level,tags
 #1: stderr all=off uptime,level,tags

Environment Variables:
PATH=/usr/local/sbin:/usr/local/bin:/usr/sbin:/usr/bin:/sbin:/bin
LD_LIBRARY_PATH=/.singularity.d/libs

Signal Handlers:
SIGSEGV: [libjvm.so+0xf8fcf0], sa_mask[0]=11111111011111111101111111111110, sa_flags=SA_RESTART|SA_SIGINFO
SIGBUS: [libjvm.so+0xf8fcf0], sa_mask[0]=11111111011111111101111111111110, sa_flags=SA_RESTART|SA_SIGINFO
SIGFPE: [libjvm.so+0xf8fcf0], sa_mask[0]=11111111011111111101111111111110, sa_flags=SA_RESTART|SA_SIGINFO
SIGPIPE: [libjvm.so+0xc3ffa0], sa_mask[0]=11111111011111111101111111111110, sa_flags=SA_RESTART|SA_SIGINFO
SIGXFSZ: [libjvm.so+0xc3ffa0], sa_mask[0]=11111111011111111101111111111110, sa_flags=SA_RESTART|SA_SIGINFO
SIGILL: [libjvm.so+0xf8fcf0], sa_mask[0]=11111111011111111101111111111110, sa_flags=SA_RESTART|SA_SIGINFO
SIGUSR2: [libjvm.so+0xc3fe40], sa_mask[0]=00000000000000000000000000000000, sa_flags=SA_RESTART|SA_SIGINFO
SIGHUP: [libjvm.so+0xc40580], sa_mask[0]=11111111011111111101111111111110, sa_flags=SA_RESTART|SA_SIGINFO
SIGINT: [libjvm.so+0xc40580], sa_mask[0]=11111111011111111101111111111110, sa_flags=SA_RESTART|SA_SIGINFO
SIGTERM: [libjvm.so+0xc40580], sa_mask[0]=11111111011111111101111111111110, sa_flags=SA_RESTART|SA_SIGINFO
SIGQUIT: [libjvm.so+0xc40580], sa_mask[0]=11111111011111111101111111111110, sa_flags=SA_RESTART|SA_SIGINFO


---------------  S Y S T E M  ---------------

OS:DISTRIB_ID=Ubuntu
DISTRIB_RELEASE=20.04
DISTRIB_CODENAME=focal
DISTRIB_DESCRIPTION="Ubuntu 20.04.4 LTS"
uname:Linux 3.10.0-1160.15.2.el7.x86_64 #1 SMP Wed Feb 3 15:06:38 UTC 2021 x86_64
OS uptime: 2 days 16:04 hours
libc:glibc 2.31 NPTL 2.31 
rlimit (soft/hard): STACK 8192k/infinity , CORE 0k/infinity , NPROC 4096/1030217 , NOFILE 131072/131072 , AS infinity/infinity , CPU infinity/infinity , DATA infinity/infinity , FSIZE infinity/infinity , MEMLOCK infinity/infinity
load average:65.92 58.34 32.62

/proc/meminfo:
MemTotal:       263895364 kB
MemFree:         4294240 kB
MemAvailable:    5403404 kB
Buffers:          486800 kB
Cached:          1180232 kB
SwapCached:       127492 kB
Active:         244575852 kB
Inactive:        5401248 kB
Active(anon):   243840920 kB
Inactive(anon):  4485384 kB
Active(file):     734932 kB
Inactive(file):   915864 kB
Unevictable:       27660 kB
Mlocked:           27660 kB
SwapTotal:       4194300 kB
SwapFree:        1413372 kB
Dirty:               856 kB
Writeback:             0 kB
AnonPages:      248221612 kB
Mapped:           519220 kB
Shmem:             10572 kB
Slab:             912456 kB
SReclaimable:     341472 kB
SUnreclaim:       570984 kB
KernelStack:       53184 kB
PageTables:       591804 kB
NFS_Unstable:          0 kB
Bounce:                0 kB
WritebackTmp:          0 kB
CommitLimit:    136141980 kB
Committed_AS:   321365316 kB
VmallocTotal:   34359738367 kB
VmallocUsed:      863184 kB
VmallocChunk:   34222530632 kB
Percpu:            18176 kB
HardwareCorrupted:     0 kB
AnonHugePages:  166088704 kB
CmaTotal:              0 kB
CmaFree:               0 kB
HugePages_Total:       0
HugePages_Free:        0
HugePages_Rsvd:        0
HugePages_Surp:        0
Hugepagesize:       2048 kB
DirectMap4k:      636520 kB
DirectMap2M:    31731712 kB
DirectMap1G:    235929600 kB

/sys/kernel/mm/transparent_hugepage/enabled:
[always] madvise never

/sys/kernel/mm/transparent_hugepage/defrag (defrag/compaction efforts parameter):
[always] madvise never


/proc/sys/kernel/threads-max (system-wide limit on the number of threads):
2060435


/proc/sys/vm/max_map_count (maximum number of memory map areas a process may have):
65530


/proc/sys/kernel/pid_max (system-wide limit on number of process identifiers):
65536



Steal ticks since vm start: 0
Steal ticks percentage since vm start:  0.000

CPU:total 64 (initial active 1) (32 cores per cpu, 1 threads per core) family 23 model 49 stepping 0, cmov, cx8, fxsr, mmx, sse, sse2, sse3, ssse3, sse4.1, sse4.2, popcnt, avx, avx2, aes, clmul, mmxext, 3dnowpref, lzcnt, sse4a, tsc, tscinvbit, tscinv, bmi1, bmi2, adx, sha, fma
CPU Model and flags from /proc/cpuinfo:
model name	: AMD EPYC 7542 32-Core Processor
flags		: fpu vme de pse tsc msr pae mce cx8 apic sep mtrr pge mca cmov pat pse36 clflush mmx fxsr sse sse2 ht syscall nx mmxext fxsr_opt pdpe1gb rdtscp lm constant_tsc art rep_good nopl nonstop_tsc extd_apicid aperfmperf eagerfpu pni pclmulqdq monitor ssse3 fma cx16 sse4_1 sse4_2 movbe popcnt aes xsave avx f16c rdrand lahf_lm cmp_legacy svm extapic cr8_legacy abm sse4a misalignsse 3dnowprefetch osvw ibs skinit wdt tce topoext perfctr_core perfctr_nb bpext perfctr_l2 cpb cat_l3 cdp_l3 hw_pstate sme retpoline_amd ssbd ibrs ibpb stibp vmmcall fsgsbase bmi1 avx2 smep bmi2 cqm rdt_a rdseed adx smap clflushopt clwb sha_ni xsaveopt xsavec xgetbv1 cqm_llc cqm_occup_llc cqm_mbm_total cqm_mbm_local clzero irperf xsaveerptr arat npt lbrv svm_lock nrip_save tsc_scale vmcb_clean flushbyasid decodeassists pausefilter pfthreshold avic v_vmsave_vmload vgif umip overflow_recov succor smca
Online cpus:0-63
Offline cpus:
BIOS frequency limitation:2900000
Frequency switch latency (ns):0
Available cpu frequencies:2900000 2400000 1500000 
Current governor:conservative
Core performance/turbo boost:1

Memory: 4k page, physical 263895364k(4294240k free), swap 4194300k(1413372k free)

vm_info: OpenJDK 64-Bit Server VM (13.0.7+5-Ubuntu-0ubuntu120.04) for linux-amd64 JRE (13.0.7+5-Ubuntu-0ubuntu120.04), built on Apr 21 2021 05:36:19 by "unknown" with gcc 9.3.0

END.
