#
# A fatal error has been detected by the Java Runtime Environment:
#
#  SIGBUS (0x7) at pc=0x00007f31f07dbd54, pid=120979, tid=120990
#
# JRE version: OpenJDK Runtime Environment (13.0.7+5) (build 13.0.7+5-Ubuntu-0ubuntu120.04)
# Java VM: OpenJDK 64-Bit Server VM (13.0.7+5-Ubuntu-0ubuntu120.04, mixed mode, tiered, serial gc, linux-amd64)
# Problematic frame:
# V  [libjvm.so+0x5b4d54]
#
# No core dump will be written. Core dumps have been disabled. To enable core dumping, try "ulimit -c unlimited" before starting Java again
#
# If you would like to submit a bug report, please visit:
#   Unknown
#

---------------  S U M M A R Y ------------

Command Line: -Xmx128g --add-modules=ALL-DEFAULT jdk.compiler/com.sun.tools.javac.launcher.Main /mnt/beegfs/rcabanas/dev/credici/papers/zeros/code/GenerateNparents.java -np 1 -nzr 0.6 -zdr 0.5 -o /mnt/beegfs/rcabanas/dev/credici/papers/zeros/models/s3 -rw -s 88 -ys 3

Host: AMD EPYC 7542 32-Core Processor, 64 cores, 251G, Ubuntu 20.04.4 LTS
Time: Mon Oct 14 12:32:32 2024 CEST elapsed time: 0.638009 seconds (0d 0h 0m 0s)

---------------  T H R E A D  ---------------

Current thread (0x00007f31e8018000):  JavaThread "main" [_thread_in_vm, id=120990, stack(0x00007f31efdda000,0x00007f31efedb000)]

Stack: [0x00007f31efdda000,0x00007f31efedb000],  sp=0x00007f31efed7110,  free space=1012k
Native frames: (J=compiled Java code, A=aot compiled Java code, j=interpreted, Vv=VM code, C=native code)
V  [libjvm.so+0x5b4d54]
V  [libjvm.so+0xa92660]
V  [libjvm.so+0xed3ede]
V  [libjvm.so+0x93c5ba]
V  [libjvm.so+0x93c96a]  JVM_DefineClassWithSource+0xaa
C  [libjava.so+0xf269]  Java_java_lang_ClassLoader_defineClass2+0xd9
J 485  java.lang.ClassLoader.defineClass2(Ljava/lang/ClassLoader;Ljava/lang/String;Ljava/nio/ByteBuffer;IILjava/security/ProtectionDomain;Ljava/lang/String;)Ljava/lang/Class; java.base@13.0.7 (0 bytes) @ 0x00007f31d8275bcd [0x00007f31d8275aa0+0x000000000000012d]
J 507 c1 java.lang.ClassLoader.defineClass(Ljava/lang/String;Ljava/nio/ByteBuffer;Ljava/security/ProtectionDomain;)Ljava/lang/Class; java.base@13.0.7 (108 bytes) @ 0x00007f31d0dc285c [0x00007f31d0dc20e0+0x000000000000077c]
J 471 c1 jdk.internal.loader.BuiltinClassLoader.defineClass(Ljava/lang/String;Ljdk/internal/loader/BuiltinClassLoader$LoadedModule;)Ljava/lang/Class; java.base@13.0.7 (162 bytes) @ 0x00007f31d0daaf74 [0x00007f31d0da9c20+0x0000000000001354]
J 351 c1 jdk.internal.loader.BuiltinClassLoader.loadClassOrNull(Ljava/lang/String;Z)Ljava/lang/Class; java.base@13.0.7 (143 bytes) @ 0x00007f31d0d7fe44 [0x00007f31d0d7f3a0+0x0000000000000aa4]
J 360 c1 jdk.internal.loader.ClassLoaders$AppClassLoader.loadClass(Ljava/lang/String;Z)Ljava/lang/Class; java.base@13.0.7 (40 bytes) @ 0x00007f31d0d8576c [0x00007f31d0d85160+0x000000000000060c]
J 354 c1 java.lang.ClassLoader.loadClass(Ljava/lang/String;)Ljava/lang/Class; java.base@13.0.7 (7 bytes) @ 0x00007f31d0d82b9c [0x00007f31d0d82aa0+0x00000000000000fc]
v  ~StubRoutines::call_stub
V  [libjvm.so+0x87f941]
V  [libjvm.so+0x87e1ae]
V  [libjvm.so+0xed5c3d]
V  [libjvm.so+0xed4b12]
V  [libjvm.so+0xed75ad]
V  [libjvm.so+0x665b26]
V  [libjvm.so+0xac4488]
V  [libjvm.so+0x879054]
V  [libjvm.so+0x879d5d]
j  com.sun.tools.javac.code.Source$Feature.<clinit>()V+10 jdk.compiler@13.0.7
v  ~StubRoutines::call_stub
V  [libjvm.so+0x87f941]
V  [libjvm.so+0x85bbc6]
V  [libjvm.so+0x85bfb2]
V  [libjvm.so+0xac392a]
V  [libjvm.so+0xac4522]
V  [libjvm.so+0x879054]
V  [libjvm.so+0x879d5d]
j  com.sun.tools.javac.code.Symtab.<init>(Lcom/sun/tools/javac/util/Context;)V+961 jdk.compiler@13.0.7
j  com.sun.tools.javac.code.Symtab.instance(Lcom/sun/tools/javac/util/Context;)Lcom/sun/tools/javac/code/Symtab;+20 jdk.compiler@13.0.7
j  com.sun.tools.javac.comp.Attr.<init>(Lcom/sun/tools/javac/util/Context;)V+82 jdk.compiler@13.0.7
j  com.sun.tools.javac.comp.Attr.instance(Lcom/sun/tools/javac/util/Context;)Lcom/sun/tools/javac/comp/Attr;+20 jdk.compiler@13.0.7
j  com.sun.tools.javac.comp.Annotate.<init>(Lcom/sun/tools/javac/util/Context;)V+80 jdk.compiler@13.0.7
j  com.sun.tools.javac.comp.Annotate.instance(Lcom/sun/tools/javac/util/Context;)Lcom/sun/tools/javac/comp/Annotate;+20 jdk.compiler@13.0.7
j  com.sun.tools.javac.jvm.ClassReader.<init>(Lcom/sun/tools/javac/util/Context;)V+152 jdk.compiler@13.0.7
j  com.sun.tools.javac.jvm.ClassReader.instance(Lcom/sun/tools/javac/util/Context;)Lcom/sun/tools/javac/jvm/ClassReader;+20 jdk.compiler@13.0.7
j  com.sun.tools.javac.code.ClassFinder.<init>(Lcom/sun/tools/javac/util/Context;)V+46 jdk.compiler@13.0.7
j  com.sun.tools.javac.code.ClassFinder.instance(Lcom/sun/tools/javac/util/Context;)Lcom/sun/tools/javac/code/ClassFinder;+20 jdk.compiler@13.0.7
j  com.sun.tools.javac.main.JavaCompiler.<init>(Lcom/sun/tools/javac/util/Context;)V+130 jdk.compiler@13.0.7
j  com.sun.tools.javac.main.JavaCompiler.instance(Lcom/sun/tools/javac/util/Context;)Lcom/sun/tools/javac/main/JavaCompiler;+20 jdk.compiler@13.0.7
j  com.sun.tools.javac.api.JavacTaskImpl.prepareCompiler(Z)V+122 jdk.compiler@13.0.7
j  com.sun.tools.javac.api.JavacTaskImpl.lambda$doCall$0()Lcom/sun/tools/javac/main/Main$Result;+2 jdk.compiler@13.0.7
j  com.sun.tools.javac.api.JavacTaskImpl$$Lambda$35.call()Ljava/lang/Object;+4 jdk.compiler@13.0.7
j  com.sun.tools.javac.api.JavacTaskImpl.handleExceptions(Ljava/util/concurrent/Callable;Ljava/lang/Object;Ljava/lang/Object;)Ljava/lang/Object;+17 jdk.compiler@13.0.7
j  com.sun.tools.javac.api.JavacTaskImpl.doCall()Lcom/sun/tools/javac/main/Main$Result;+13 jdk.compiler@13.0.7
j  com.sun.tools.javac.api.JavacTaskImpl.call()Ljava/lang/Boolean;+1 jdk.compiler@13.0.7
j  com.sun.tools.javac.launcher.Main.compile(Ljava/nio/file/Path;Ljava/util/List;Lcom/sun/tools/javac/launcher/Main$Context;)Ljava/lang/String;+95 jdk.compiler@13.0.7
j  com.sun.tools.javac.launcher.Main.run([Ljava/lang/String;[Ljava/lang/String;)V+30 jdk.compiler@13.0.7
j  com.sun.tools.javac.launcher.Main.main([Ljava/lang/String;)V+14 jdk.compiler@13.0.7
v  ~StubRoutines::call_stub
V  [libjvm.so+0x87f941]
V  [libjvm.so+0x90000a]
V  [libjvm.so+0x902949]
C  [libjli.so+0x5a2a]
C  [libjli.so+0x9d3d]

Java frames: (J=compiled Java code, j=interpreted, Vv=VM code)
J 485  java.lang.ClassLoader.defineClass2(Ljava/lang/ClassLoader;Ljava/lang/String;Ljava/nio/ByteBuffer;IILjava/security/ProtectionDomain;Ljava/lang/String;)Ljava/lang/Class; java.base@13.0.7 (0 bytes) @ 0x00007f31d8275b50 [0x00007f31d8275aa0+0x00000000000000b0]
J 507 c1 java.lang.ClassLoader.defineClass(Ljava/lang/String;Ljava/nio/ByteBuffer;Ljava/security/ProtectionDomain;)Ljava/lang/Class; java.base@13.0.7 (108 bytes) @ 0x00007f31d0dc285c [0x00007f31d0dc20e0+0x000000000000077c]
J 471 c1 jdk.internal.loader.BuiltinClassLoader.defineClass(Ljava/lang/String;Ljdk/internal/loader/BuiltinClassLoader$LoadedModule;)Ljava/lang/Class; java.base@13.0.7 (162 bytes) @ 0x00007f31d0daaf74 [0x00007f31d0da9c20+0x0000000000001354]
J 351 c1 jdk.internal.loader.BuiltinClassLoader.loadClassOrNull(Ljava/lang/String;Z)Ljava/lang/Class; java.base@13.0.7 (143 bytes) @ 0x00007f31d0d7fe44 [0x00007f31d0d7f3a0+0x0000000000000aa4]
J 360 c1 jdk.internal.loader.ClassLoaders$AppClassLoader.loadClass(Ljava/lang/String;Z)Ljava/lang/Class; java.base@13.0.7 (40 bytes) @ 0x00007f31d0d8576c [0x00007f31d0d85160+0x000000000000060c]
J 354 c1 java.lang.ClassLoader.loadClass(Ljava/lang/String;)Ljava/lang/Class; java.base@13.0.7 (7 bytes) @ 0x00007f31d0d82b9c [0x00007f31d0d82aa0+0x00000000000000fc]
v  ~StubRoutines::call_stub
j  com.sun.tools.javac.code.Source$Feature.<clinit>()V+10 jdk.compiler@13.0.7
v  ~StubRoutines::call_stub
j  com.sun.tools.javac.code.Symtab.<init>(Lcom/sun/tools/javac/util/Context;)V+961 jdk.compiler@13.0.7
j  com.sun.tools.javac.code.Symtab.instance(Lcom/sun/tools/javac/util/Context;)Lcom/sun/tools/javac/code/Symtab;+20 jdk.compiler@13.0.7
j  com.sun.tools.javac.comp.Attr.<init>(Lcom/sun/tools/javac/util/Context;)V+82 jdk.compiler@13.0.7
j  com.sun.tools.javac.comp.Attr.instance(Lcom/sun/tools/javac/util/Context;)Lcom/sun/tools/javac/comp/Attr;+20 jdk.compiler@13.0.7
j  com.sun.tools.javac.comp.Annotate.<init>(Lcom/sun/tools/javac/util/Context;)V+80 jdk.compiler@13.0.7
j  com.sun.tools.javac.comp.Annotate.instance(Lcom/sun/tools/javac/util/Context;)Lcom/sun/tools/javac/comp/Annotate;+20 jdk.compiler@13.0.7
j  com.sun.tools.javac.jvm.ClassReader.<init>(Lcom/sun/tools/javac/util/Context;)V+152 jdk.compiler@13.0.7
j  com.sun.tools.javac.jvm.ClassReader.instance(Lcom/sun/tools/javac/util/Context;)Lcom/sun/tools/javac/jvm/ClassReader;+20 jdk.compiler@13.0.7
j  com.sun.tools.javac.code.ClassFinder.<init>(Lcom/sun/tools/javac/util/Context;)V+46 jdk.compiler@13.0.7
j  com.sun.tools.javac.code.ClassFinder.instance(Lcom/sun/tools/javac/util/Context;)Lcom/sun/tools/javac/code/ClassFinder;+20 jdk.compiler@13.0.7
j  com.sun.tools.javac.main.JavaCompiler.<init>(Lcom/sun/tools/javac/util/Context;)V+130 jdk.compiler@13.0.7
j  com.sun.tools.javac.main.JavaCompiler.instance(Lcom/sun/tools/javac/util/Context;)Lcom/sun/tools/javac/main/JavaCompiler;+20 jdk.compiler@13.0.7
j  com.sun.tools.javac.api.JavacTaskImpl.prepareCompiler(Z)V+122 jdk.compiler@13.0.7
j  com.sun.tools.javac.api.JavacTaskImpl.lambda$doCall$0()Lcom/sun/tools/javac/main/Main$Result;+2 jdk.compiler@13.0.7
j  com.sun.tools.javac.api.JavacTaskImpl$$Lambda$35.call()Ljava/lang/Object;+4 jdk.compiler@13.0.7
j  com.sun.tools.javac.api.JavacTaskImpl.handleExceptions(Ljava/util/concurrent/Callable;Ljava/lang/Object;Ljava/lang/Object;)Ljava/lang/Object;+17 jdk.compiler@13.0.7
j  com.sun.tools.javac.api.JavacTaskImpl.doCall()Lcom/sun/tools/javac/main/Main$Result;+13 jdk.compiler@13.0.7
j  com.sun.tools.javac.api.JavacTaskImpl.call()Ljava/lang/Boolean;+1 jdk.compiler@13.0.7
j  com.sun.tools.javac.launcher.Main.compile(Ljava/nio/file/Path;Ljava/util/List;Lcom/sun/tools/javac/launcher/Main$Context;)Ljava/lang/String;+95 jdk.compiler@13.0.7
j  com.sun.tools.javac.launcher.Main.run([Ljava/lang/String;[Ljava/lang/String;)V+30 jdk.compiler@13.0.7
j  com.sun.tools.javac.launcher.Main.main([Ljava/lang/String;)V+14 jdk.compiler@13.0.7
v  ~StubRoutines::call_stub

siginfo: si_signo: 7 (SIGBUS), si_code: 2 (BUS_ADRERR), si_addr: 0x00007f31e5760df2

Register to memory mapping:

RAX=0x00007f31e5760df2 is an unknown value
RBX=0x00007f31e8018520 points into unknown readable memory: 02 00 00 00 00 00 00 00
RCX=0x00007f31f15afe90: <offset 0x0000000001388e90> in /usr/lib/jvm/java-13-openjdk-amd64/lib/server/libjvm.so at 0x00007f31f0227000
RDX=0x00000000ef478e00 is an unknown value
RSP=0x00007f31efed7110 is pointing into the stack for thread: 0x00007f31e8018000
RBP=0x00007f31efed7160 is pointing into the stack for thread: 0x00007f31e8018000
RSI=0x00007f31f15d548e: <offset 0x00000000013ae48e> in /usr/lib/jvm/java-13-openjdk-amd64/lib/server/libjvm.so at 0x00007f31f0227000
RDI=0x00007f11d06809f8 is an oop: jdk.internal.loader.ClassLoaders$AppClassLoader 
{0x00007f11d06809f8} - klass: 'jdk/internal/loader/ClassLoaders$AppClassLoader'
R8 =0x00007f31e80189f8 points into unknown readable memory: 40 68 7d d0 11 7f 00 00
R9 =0x0 is NULL
R10=0x00007f31efed7580 is pointing into the stack for thread: 0x00007f31e8018000
R11=0x00007f31efed7240 is pointing into the stack for thread: 0x00007f31e8018000
R12=0x00007f31efed7240 is pointing into the stack for thread: 0x00007f31e8018000
R13=0x00007f31efed7580 is pointing into the stack for thread: 0x00007f31e8018000
R14=0x00007f31e8018000 is a thread
R15=0x0000000000000001 is an unknown value


Registers:
RAX=0x00007f31e5760df2, RBX=0x00007f31e8018520, RCX=0x00007f31f15afe90, RDX=0x00000000ef478e00
RSP=0x00007f31efed7110, RBP=0x00007f31efed7160, RSI=0x00007f31f15d548e, RDI=0x00007f11d06809f8
R8 =0x00007f31e80189f8, R9 =0x0000000000000000, R10=0x00007f31efed7580, R11=0x00007f31efed7240
R12=0x00007f31efed7240, R13=0x00007f31efed7580, R14=0x00007f31e8018000, R15=0x0000000000000001
RIP=0x00007f31f07dbd54, EFLAGS=0x0000000000010246, CSGSFS=0x0000000000000033, ERR=0x0000000000000004
  TRAPNO=0x000000000000000e

Top of Stack: (sp=0x00007f31efed7110)
0x00007f31efed7110:   0000000000000000 00007f31f1570979
0x00007f31efed7120:   00007f31f15d548e 0000000000000000
0x00007f31efed7130:   0000000000000000 00007f31e8018520
0x00007f31efed7140:   00007f31e8018000 0000000000000000 

Instructions: (pc=0x00007f31f07dbd54)
0x00007f31f07dbc54:   48 8d 35 1e 4d d9 00 49 8b 4c 24 28 41 88 84 24
0x00007f31f07dbc64:   a8 01 00 00 48 89 75 b8 48 8d 35 1b 98 df 00 48
0x00007f31f07dbc74:   89 75 c0 48 85 c9 0f 84 30 ff ff ff 8b 11 85 d2
0x00007f31f07dbc84:   0f 8e 26 ff ff ff 44 8d 7a ff 31 db 48 85 c9 74
0x00007f31f07dbc94:   63 39 19 7e 5f 48 8b 41 18 48 8b 0c d8 48 85 c9
0x00007f31f07dbca4:   74 52 48 8b 39 48 89 4d c8 e8 ae bc 2c 00 84 c0
0x00007f31f07dbcb4:   75 5a 48 8b 4d c8 48 8b 01 48 85 c0 74 36 48 8d
0x00007f31f07dbcc4:   0d fb 97 df 00 80 39 00 0f 84 16 01 00 00 48 8d
0x00007f31f07dbcd4:   3d 17 35 d9 00 8b 40 08 8b 4f 08 48 d3 e0 48 03
0x00007f31f07dbce4:   07 48 8d 0d 54 d9 e1 00 48 39 41 18 74 1e 66 0f
0x00007f31f07dbcf4:   1f 44 00 00 48 8d 43 01 49 39 df 74 1f 49 8b 4c
0x00007f31f07dbd04:   24 28 48 89 c3 eb 85 0f 1f 44 00 00 41 83 44 24
0x00007f31f07dbd14:   34 01 48 8d 43 01 49 39 df 75 e2 90 41 0f b6 84
0x00007f31f07dbd24:   24 a8 01 00 00 e9 82 fe ff ff 66 90 48 8d 05 42
0x00007f31f07dbd34:   4c d9 00 48 8d 35 50 97 df 00 48 89 45 b8 0f b6
0x00007f31f07dbd44:   00 48 89 75 c0 e9 46 fe ff ff 66 90 49 8b 45 18
0x00007f31f07dbd54:   8b 10 48 83 c0 04 49 89 45 18 41 89 d0 41 0f c8
0x00007f31f07dbd64:   81 fa ca fe ba be 0f 85 88 00 00 00 49 83 7e 08
0x00007f31f07dbd74:   00 0f 85 a1 fe ff ff 4c 89 f2 4c 89 ee 4c 89 e7
0x00007f31f07dbd84:   e8 77 ed ff ff 49 83 7e 08 00 0f 85 88 fe ff ff
0x00007f31f07dbd94:   49 8b 54 24 48 48 83 c4 28 4c 89 f1 4c 89 ee 5b
0x00007f31f07dbda4:   4c 89 e7 41 5c 41 5d 41 5e 41 5f 5d e9 6b c0 ff
0x00007f31f07dbdb4:   ff 0f 1f 00 4c 89 f6 4c 89 ef e8 8d 04 00 00 e9
0x00007f31f07dbdc4:   49 fe ff ff 0f 1f 84 00 00 00 00 00 48 8d 05 e9
0x00007f31f07dbdd4:   41 e4 00 48 8b b8 f0 1c 00 00 e9 73 fd ff ff 0f
0x00007f31f07dbde4:   1f 44 00 00 48 8b 40 08 e9 f4 fe ff ff 0f 1f 80
0x00007f31f07dbdf4:   00 00 00 00 4c 89 f1 44 89 c2 48 8d 35 3b 75 a7
0x00007f31f07dbe04:   00 4c 89 e7 e8 f3 b6 fe ff e9 5e ff ff ff 66 2e
0x00007f31f07dbe14:   0f 1f 84 00 00 00 00 00 0f 1f 40 00 f3 0f 1e fa
0x00007f31f07dbe24:   31 c0 c3 66 0f 1f 84 00 00 00 00 00 f3 0f 1e fa
0x00007f31f07dbe34:   8b 47 34 83 c0 08 c3 0f 1f 44 00 00 f3 0f 1e fa
0x00007f31f07dbe44:   48 8b 87 d8 00 00 00 c3 0f 1f 40 00 f3 0f 1e fa 


Stack slot to memory mapping:
stack at sp + 0 slots: 0x0 is NULL
stack at sp + 1 slots: 0x00007f31f1570979: <offset 0x0000000001349979> in /usr/lib/jvm/java-13-openjdk-amd64/lib/server/libjvm.so at 0x00007f31f0227000
stack at sp + 2 slots: 0x00007f31f15d548e: <offset 0x00000000013ae48e> in /usr/lib/jvm/java-13-openjdk-amd64/lib/server/libjvm.so at 0x00007f31f0227000
stack at sp + 3 slots: 0x0 is NULL
stack at sp + 4 slots: 0x0 is NULL
stack at sp + 5 slots: 0x00007f31e8018520 points into unknown readable memory: 02 00 00 00 00 00 00 00
stack at sp + 6 slots: 0x00007f31e8018000 is a thread
stack at sp + 7 slots: 0x0 is NULL


---------------  P R O C E S S  ---------------

Threads class SMR info:
_java_thread_list=0x00007f31e81363d0, length=9, elements={
0x00007f31e8018000, 0x00007f31e80a3800, 0x00007f31e80a7000, 0x00007f31e80cb000,
0x00007f31e80cd000, 0x00007f31e80cf000, 0x00007f31e80d1000, 0x00007f31e80d3000,
0x00007f31e8135000
}

Java Threads: ( => current thread )
=>0x00007f31e8018000 JavaThread "main" [_thread_in_vm, id=120990, stack(0x00007f31efdda000,0x00007f31efedb000)]
  0x00007f31e80a3800 JavaThread "Reference Handler" daemon [_thread_blocked, id=120996, stack(0x00007f31ef065000,0x00007f31ef166000)]
  0x00007f31e80a7000 JavaThread "Finalizer" daemon [_thread_blocked, id=120997, stack(0x00007f31eef64000,0x00007f31ef065000)]
  0x00007f31e80cb000 JavaThread "Signal Dispatcher" daemon [_thread_blocked, id=120998, stack(0x00007f31eee2a000,0x00007f31eef2b000)]
  0x00007f31e80cd000 JavaThread "Service Thread" daemon [_thread_blocked, id=120999, stack(0x00007f31eed29000,0x00007f31eee2a000)]
  0x00007f31e80cf000 JavaThread "C2 CompilerThread0" daemon [_thread_blocked, id=121000, stack(0x00007f31eec28000,0x00007f31eed29000)]
  0x00007f31e80d1000 JavaThread "C1 CompilerThread0" daemon [_thread_blocked, id=121001, stack(0x00007f31eeb27000,0x00007f31eec28000)]
  0x00007f31e80d3000 JavaThread "Sweeper thread" daemon [_thread_blocked, id=121002, stack(0x00007f31eea26000,0x00007f31eeb27000)]
  0x00007f31e8135000 JavaThread "Common-Cleaner" daemon [_thread_blocked, id=121014, stack(0x00007f31ee925000,0x00007f31eea26000)]

Other Threads:
  0x00007f31e8097800 VMThread "VM Thread" [stack: 0x00007f31ef168000,0x00007f31ef268000] [id=120995]
  0x00007f31e8181800 WatcherThread [stack: 0x00007f31ee825000,0x00007f31ee925000] [id=121020]

Threads with active compile tasks:

VM state:not at safepoint (normal execution)

VM Mutex/Monitor currently owned by a thread: None

Heap:
 def new generation   total 629120K, used 22369K [0x00007f11d0600000, 0x00007f11fb0a0000, 0x00007f1c7b0a0000)
  eden space 559232K,   4% used [0x00007f11d0600000, 0x00007f11d1bd85d8, 0x00007f11f2820000)
  from space 69888K,   0% used [0x00007f11f2820000, 0x00007f11f2820000, 0x00007f11f6c60000)
  to   space 69888K,   0% used [0x00007f11f6c60000, 0x00007f11f6c60000, 0x00007f11fb0a0000)
 tenured generation   total 1398144K, used 0K [0x00007f1c7b0a0000, 0x00007f1cd0600000, 0x00007f31d0600000)
   the space 1398144K,   0% used [0x00007f1c7b0a0000, 0x00007f1c7b0a0000, 0x00007f1c7b0a0200, 0x00007f1cd0600000)
 Metaspace       used 9965K, capacity 10096K, committed 10240K, reserved 10240K

Card table byte_map: [0x00007f11c05ff000,0x00007f11d0600000] _byte_map_base: 0x00007ed23777c000

Polling page: 0x00007f31f1866000

Metaspace:

Usage:
    9.86 MB capacity,     9.73 MB ( 99%) used,   115.45 KB (  1%) free+waste,    15.06 KB ( <1%) overhead. 

Virtual space:
     10.00 MB reserved,      10.00 MB (100%) committed 

Chunk freelists:
64.00 KB

MaxMetaspaceSize: unlimited


CodeHeap 'non-profiled nmethods': size=120036Kb used=167Kb max_used=167Kb free=119868Kb
 bounds [0x00007f31d8251000, 0x00007f31d84c1000, 0x00007f31df78a000]
CodeHeap 'profiled nmethods': size=120032Kb used=718Kb max_used=718Kb free=119314Kb
 bounds [0x00007f31d0d19000, 0x00007f31d0f89000, 0x00007f31d8251000]
CodeHeap 'non-nmethods': size=5692Kb used=1122Kb max_used=1136Kb free=4570Kb
 bounds [0x00007f31d078a000, 0x00007f31d09fa000, 0x00007f31d0d19000]
 total_blobs=892 nmethods=518 adapters=290
 compilation: enabled
              stopped_count=0, restarted_count=0
 full_count=0

Compilation events (20 events):
Event: 0.579 Thread 0x00007f31e80d1000  509   !   3       java.lang.ClassLoader::checkCerts (198 bytes)
Event: 0.579 Thread 0x00007f31e80d1000 nmethod 509 0x00007f31d0dc6290 code [0x00007f31d0dc65e0, 0x00007f31d0dc7ba0]
Event: 0.579 Thread 0x00007f31e80d1000  510       3       java.lang.ClassLoader::getNamedPackage (73 bytes)
Event: 0.580 Thread 0x00007f31e80d1000 nmethod 510 0x00007f31d0dc8390 code [0x00007f31d0dc8560, 0x00007f31d0dc8a60]
Event: 0.580 Thread 0x00007f31e80d1000  511       3       java.security.CodeSource::matchCerts (254 bytes)
Event: 0.580 Thread 0x00007f31e80d1000 nmethod 511 0x00007f31d0dc8c10 code [0x00007f31d0dc8e40, 0x00007f31d0dc98f0]
Event: 0.580 Thread 0x00007f31e80cf000  512       4       java.lang.String::getBytes (44 bytes)
Event: 0.581 Thread 0x00007f31e80cf000 nmethod 512 0x00007f31d8278710 code [0x00007f31d8278880, 0x00007f31d8278998]
Event: 0.581 Thread 0x00007f31e80cf000  513       4       java.lang.String::regionMatches (189 bytes)
Event: 0.583 Thread 0x00007f31e80cf000 nmethod 513 0x00007f31d8278a90 code [0x00007f31d8278c20, 0x00007f31d8278ef8]
Event: 0.592 Thread 0x00007f31e80cf000  514       4       java.nio.Buffer::position (52 bytes)
Event: 0.593 Thread 0x00007f31e80cf000 nmethod 514 0x00007f31d8279210 code [0x00007f31d8279380, 0x00007f31d8279438]
Event: 0.593 Thread 0x00007f31e80cf000  515       4       java.nio.Buffer::limit (65 bytes)
Event: 0.593 Thread 0x00007f31e80cf000 nmethod 515 0x00007f31d8279510 code [0x00007f31d8279680, 0x00007f31d8279738]
Event: 0.603 Thread 0x00007f31e80cf000  516       4       java.lang.StringBuilder::append (8 bytes)
Event: 0.607 Thread 0x00007f31e80cf000 nmethod 516 0x00007f31d8279810 code [0x00007f31d82799a0, 0x00007f31d8279ef8]
Event: 0.607 Thread 0x00007f31e80cf000  517       4       java.lang.AbstractStringBuilder::append (45 bytes)
Event: 0.610 Thread 0x00007f31e80cf000 nmethod 517 0x00007f31d827a290 code [0x00007f31d827a420, 0x00007f31d827a978]
Event: 0.610 Thread 0x00007f31e80d1000  518       3       jdk.internal.org.objectweb.asm.Type::getArgumentsAndReturnSizes (132 bytes)
Event: 0.612 Thread 0x00007f31e80d1000 nmethod 518 0x00007f31d0dc9c90 code [0x00007f31d0dca080, 0x00007f31d0dcbd30]

GC Heap History (0 events):
No events

Deoptimization events (10 events):
Event: 0.209 Thread 0x00007f31e8018000 Uncommon trap: trap_request=0xffffff45 fr.pc=0x00007f31d825b5e8 relative=0x0000000000000528
Event: 0.209 Thread 0x00007f31e8018000 Uncommon trap: reason=unstable_if action=reinterpret pc=0x00007f31d825b5e8 method=java.util.HashMap.putVal(ILjava/lang/Object;Ljava/lang/Object;ZZ)Ljava/lang/Object; @ 69 c2
Event: 0.209 Thread 0x00007f31e8018000 DEOPT PACKING pc=0x00007f31d825b5e8 sp=0x00007f31efed93f0
Event: 0.209 Thread 0x00007f31e8018000 DEOPT UNPACKING pc=0x00007f31d07d2e25 sp=0x00007f31efed9380 mode 2
Event: 0.412 Thread 0x00007f31e8018000 Uncommon trap: trap_request=0xffffff45 fr.pc=0x00007f31d826509c relative=0x000000000000011c
Event: 0.412 Thread 0x00007f31e8018000 Uncommon trap: reason=unstable_if action=reinterpret pc=0x00007f31d826509c method=java.util.zip.ZipFile$Source.checkUTF8([BII)V @ 12 c2
Event: 0.412 Thread 0x00007f31e8018000 DEOPT PACKING pc=0x00007f31d826509c sp=0x00007f31efed72b0
Event: 0.412 Thread 0x00007f31e8018000 DEOPT UNPACKING pc=0x00007f31d07d2e25 sp=0x00007f31efed7268 mode 2
Event: 0.425 Thread 0x00007f31e8018000 DEOPT PACKING pc=0x00007f31d0d74b93 sp=0x00007f31efed7270
Event: 0.425 Thread 0x00007f31e8018000 DEOPT UNPACKING pc=0x00007f31d07d333a sp=0x00007f31efed6760 mode 0

Classes unloaded (0 events):
No events

Classes redefined (0 events):
No events

Internal exceptions (1 events):
Event: 0.494 Thread 0x00007f31e8018000 Exception <a 'java/lang/NoSuchMethodError'{0x00007f11d0b6eb00}: 'int java.lang.invoke.DirectMethodHandle$Holder.invokeVirtual(java.lang.Object, java.lang.Object, java.lang.Object)'> (0x00007f11d0b6eb00) 
thrown [src/hotspot/share/interpreter/linkResolver.cpp, line 766]

Events (20 events):
Event: 0.542 loading class java/nio/file/ClosedFileSystemException
Event: 0.542 loading class java/nio/file/ClosedFileSystemException done
Event: 0.542 loading class java/lang/ArrayIndexOutOfBoundsException
Event: 0.542 loading class java/lang/ArrayIndexOutOfBoundsException done
Event: 0.547 loading class java/io/ByteArrayOutputStream
Event: 0.547 loading class java/io/ByteArrayOutputStream done
Event: 0.603 loading class com/sun/tools/javac/util/Name
Event: 0.603 loading class com/sun/tools/javac/util/Name done
Event: 0.603 loading class com/sun/tools/javac/util/Name
Event: 0.603 loading class com/sun/tools/javac/util/Name done
Event: 0.603 loading class com/sun/tools/javac/code/Symtab
Event: 0.603 loading class com/sun/tools/javac/code/Symtab done
Event: 0.603 loading class com/sun/tools/javac/code/Symbol
Event: 0.603 loading class com/sun/tools/javac/code/Symbol done
Event: 0.603 loading class com/sun/tools/javac/code/Symbol
Event: 0.603 loading class com/sun/tools/javac/code/Symbol done
Event: 0.612 loading class com/sun/tools/javac/code/Symtab
Event: 0.612 loading class com/sun/tools/javac/code/Symtab done
Event: 0.612 loading class com/sun/tools/javac/code/Symbol
Event: 0.612 loading class com/sun/tools/javac/code/Symbol done


Dynamic libraries:
55d725611000-55d725612000 r--p 00000000 07:03 4860                       /usr/lib/jvm/java-13-openjdk-amd64/bin/java
55d725612000-55d725613000 r-xp 00001000 07:03 4860                       /usr/lib/jvm/java-13-openjdk-amd64/bin/java
55d725613000-55d725614000 r--p 00002000 07:03 4860                       /usr/lib/jvm/java-13-openjdk-amd64/bin/java
55d725614000-55d725615000 r--p 00002000 07:03 4860                       /usr/lib/jvm/java-13-openjdk-amd64/bin/java
55d725615000-55d725616000 rw-p 00003000 07:03 4860                       /usr/lib/jvm/java-13-openjdk-amd64/bin/java
55d72755e000-55d72757f000 rw-p 00000000 00:00 0                          [heap]
7f1188000000-7f1188021000 rw-p 00000000 00:00 0 
7f1188021000-7f118c000000 ---p 00000000 00:00 0 
7f1190000000-7f1190021000 rw-p 00000000 00:00 0 
7f1190021000-7f1194000000 ---p 00000000 00:00 0 
7f1194000000-7f1194021000 rw-p 00000000 00:00 0 
7f1194021000-7f1198000000 ---p 00000000 00:00 0 
7f1198000000-7f1198192000 rw-p 00000000 00:00 0 
7f1198192000-7f119c000000 ---p 00000000 00:00 0 
7f119c000000-7f119c0ab000 rw-p 00000000 00:00 0 
7f119c0ab000-7f11a0000000 ---p 00000000 00:00 0 
7f11a0000000-7f11a0021000 rw-p 00000000 00:00 0 
7f11a0021000-7f11a4000000 ---p 00000000 00:00 0 
7f11a4000000-7f11a4021000 rw-p 00000000 00:00 0 
7f11a4021000-7f11a8000000 ---p 00000000 00:00 0 
7f11a8000000-7f11a8021000 rw-p 00000000 00:00 0 
7f11a8021000-7f11ac000000 ---p 00000000 00:00 0 
7f11ac000000-7f11ac021000 rw-p 00000000 00:00 0 
7f11ac021000-7f11b0000000 ---p 00000000 00:00 0 
7f11b0000000-7f11b0021000 rw-p 00000000 00:00 0 
7f11b0021000-7f11b4000000 ---p 00000000 00:00 0 
7f11b5b54000-7f11b5dff000 rw-p 00000000 00:00 0 
7f11b5dff000-7f11c05ff000 ---p 00000000 00:00 0 
7f11c05ff000-7f11c0755000 rw-p 00000000 00:00 0 
7f11c0755000-7f11c5b54000 ---p 00000000 00:00 0 
7f11c5b54000-7f11c5dff000 rw-p 00000000 00:00 0 
7f11c5dff000-7f11d05ff000 ---p 00000000 00:00 0 
7f11d05ff000-7f11fb0a0000 rw-p 00000000 00:00 0 
7f11fb0a0000-7f1c7b0a0000 ---p 00000000 00:00 0 
7f1c7b0a0000-7f1cd0600000 rw-p 00000000 00:00 0 
7f1cd0600000-7f31d0600000 ---p 00000000 00:00 0 
7f31d078a000-7f31d09fa000 rwxp 00000000 00:00 0 
7f31d09fa000-7f31d0d19000 ---p 00000000 00:00 0 
7f31d0d19000-7f31d0f89000 rwxp 00000000 00:00 0 
7f31d0f89000-7f31d8251000 ---p 00000000 00:00 0 
7f31d8251000-7f31d84c1000 rwxp 00000000 00:00 0 
7f31d84c1000-7f31df78a000 ---p 00000000 00:00 0 
7f31df78a000-7f31e8000000 r--s 00000000 07:03 5215                       /usr/lib/jvm/java-13-openjdk-amd64/lib/modules
7f31e8000000-7f31e830b000 rw-p 00000000 00:00 0 
7f31e830b000-7f31ec000000 ---p 00000000 00:00 0 
7f31ee5c4000-7f31ee7c4000 rw-p 00000000 00:00 0 
7f31ee7c4000-7f31ee7f5000 rw-p 00000000 00:00 0 
7f31ee7f5000-7f31ee7f9000 r--p 00000000 07:03 5204                       /usr/lib/jvm/java-13-openjdk-amd64/lib/libnet.so
7f31ee7f9000-7f31ee807000 r-xp 00004000 07:03 5204                       /usr/lib/jvm/java-13-openjdk-amd64/lib/libnet.so
7f31ee807000-7f31ee80b000 r--p 00012000 07:03 5204                       /usr/lib/jvm/java-13-openjdk-amd64/lib/libnet.so
7f31ee80b000-7f31ee80c000 r--p 00015000 07:03 5204                       /usr/lib/jvm/java-13-openjdk-amd64/lib/libnet.so
7f31ee80c000-7f31ee80d000 rw-p 00016000 07:03 5204                       /usr/lib/jvm/java-13-openjdk-amd64/lib/libnet.so
7f31ee80d000-7f31ee814000 r--p 00000000 07:03 5205                       /usr/lib/jvm/java-13-openjdk-amd64/lib/libnio.so
7f31ee814000-7f31ee81d000 r-xp 00007000 07:03 5205                       /usr/lib/jvm/java-13-openjdk-amd64/lib/libnio.so
7f31ee81d000-7f31ee821000 r--p 00010000 07:03 5205                       /usr/lib/jvm/java-13-openjdk-amd64/lib/libnio.so
7f31ee821000-7f31ee822000 r--p 00013000 07:03 5205                       /usr/lib/jvm/java-13-openjdk-amd64/lib/libnio.so
7f31ee822000-7f31ee823000 rw-p 00014000 07:03 5205                       /usr/lib/jvm/java-13-openjdk-amd64/lib/libnio.so
7f31ee823000-7f31ee824000 ---p 00000000 00:00 0 
7f31ee824000-7f31ee925000 rw-p 00000000 00:00 0 
7f31ee925000-7f31ee929000 ---p 00000000 00:00 0 
7f31ee929000-7f31eea26000 rw-p 00000000 00:00 0 
7f31eea26000-7f31eea2a000 ---p 00000000 00:00 0 
7f31eea2a000-7f31eeb27000 rw-p 00000000 00:00 0 
7f31eeb27000-7f31eeb2b000 ---p 00000000 00:00 0 
7f31eeb2b000-7f31eec28000 rw-p 00000000 00:00 0 
7f31eec28000-7f31eec2c000 ---p 00000000 00:00 0 
7f31eec2c000-7f31eed29000 rw-p 00000000 00:00 0 
7f31eed29000-7f31eed2d000 ---p 00000000 00:00 0 
7f31eed2d000-7f31eee2a000 rw-p 00000000 00:00 0 
7f31eee2a000-7f31eee2e000 ---p 00000000 00:00 0 
7f31eee2e000-7f31eef2b000 rw-p 00000000 00:00 0 
7f31eef2b000-7f31eef32000 r--s 00000000 07:03 8532                       /usr/lib/x86_64-linux-gnu/gconv/gconv-modules.cache
7f31eef32000-7f31eef64000 r--p 00000000 07:03 5276                       /usr/lib/locale/C.UTF-8/LC_CTYPE
7f31eef64000-7f31eef68000 ---p 00000000 00:00 0 
7f31eef68000-7f31ef065000 rw-p 00000000 00:00 0 
7f31ef065000-7f31ef069000 ---p 00000000 00:00 0 
7f31ef069000-7f31ef166000 rw-p 00000000 00:00 0 
7f31ef166000-7f31ef167000 ---p 00000000 00:00 0 
7f31ef167000-7f31efb85000 rw-p 00000000 00:00 0 
7f31efb85000-7f31efb8a000 rw-p 00000000 00:00 0 
7f31efb8a000-7f31efc70000 ---p 00000000 00:00 0 
7f31efc70000-7f31efc75000 rw-p 00000000 00:00 0 
7f31efc75000-7f31efd5b000 ---p 00000000 00:00 0 
7f31efd5b000-7f31efd60000 rw-p 00000000 00:00 0 
7f31efd60000-7f31efd67000 ---p 00000000 00:00 0 
7f31efd67000-7f31efd69000 r--p 00000000 07:03 5214                       /usr/lib/jvm/java-13-openjdk-amd64/lib/libzip.so
7f31efd69000-7f31efd6d000 r-xp 00002000 07:03 5214                       /usr/lib/jvm/java-13-openjdk-amd64/lib/libzip.so
7f31efd6d000-7f31efd6f000 r--p 00006000 07:03 5214                       /usr/lib/jvm/java-13-openjdk-amd64/lib/libzip.so
7f31efd6f000-7f31efd70000 r--p 00007000 07:03 5214                       /usr/lib/jvm/java-13-openjdk-amd64/lib/libzip.so
7f31efd70000-7f31efd71000 rw-p 00008000 07:03 5214                       /usr/lib/jvm/java-13-openjdk-amd64/lib/libzip.so
7f31efd71000-7f31efd79000 rw-s 00000000 08:03 67241732                   /tmp/hsperfdata_rcabanas/120979
7f31efd79000-7f31efd7c000 r--p 00000000 07:03 9108                       /usr/lib/x86_64-linux-gnu/libnss_files-2.31.so
7f31efd7c000-7f31efd83000 r-xp 00003000 07:03 9108                       /usr/lib/x86_64-linux-gnu/libnss_files-2.31.so
7f31efd83000-7f31efd85000 r--p 0000a000 07:03 9108                       /usr/lib/x86_64-linux-gnu/libnss_files-2.31.so
7f31efd85000-7f31efd86000 r--p 0000b000 07:03 9108                       /usr/lib/x86_64-linux-gnu/libnss_files-2.31.so
7f31efd86000-7f31efd87000 rw-p 0000c000 07:03 9108                       /usr/lib/x86_64-linux-gnu/libnss_files-2.31.so
7f31efd87000-7f31efd8d000 rw-p 00000000 00:00 0 
7f31efd93000-7f31efd95000 r--p 00000000 07:03 5195                       /usr/lib/jvm/java-13-openjdk-amd64/lib/libjimage.so
7f31efd95000-7f31efd98000 r-xp 00002000 07:03 5195                       /usr/lib/jvm/java-13-openjdk-amd64/lib/libjimage.so
7f31efd98000-7f31efd99000 r--p 00005000 07:03 5195                       /usr/lib/jvm/java-13-openjdk-amd64/lib/libjimage.so
7f31efd99000-7f31efd9a000 ---p 00006000 07:03 5195                       /usr/lib/jvm/java-13-openjdk-amd64/lib/libjimage.so
7f31efd9a000-7f31efd9b000 r--p 00006000 07:03 5195                       /usr/lib/jvm/java-13-openjdk-amd64/lib/libjimage.so
7f31efd9b000-7f31efd9c000 rw-p 00007000 07:03 5195                       /usr/lib/jvm/java-13-openjdk-amd64/lib/libjimage.so
7f31efd9c000-7f31efda9000 r--p 00000000 07:03 5191                       /usr/lib/jvm/java-13-openjdk-amd64/lib/libjava.so
7f31efda9000-7f31efdbe000 r-xp 0000d000 07:03 5191                       /usr/lib/jvm/java-13-openjdk-amd64/lib/libjava.so
7f31efdbe000-7f31efdc4000 r--p 00022000 07:03 5191                       /usr/lib/jvm/java-13-openjdk-amd64/lib/libjava.so
7f31efdc4000-7f31efdc5000 ---p 00028000 07:03 5191                       /usr/lib/jvm/java-13-openjdk-amd64/lib/libjava.so
7f31efdc5000-7f31efdc6000 r--p 00028000 07:03 5191                       /usr/lib/jvm/java-13-openjdk-amd64/lib/libjava.so
7f31efdc6000-7f31efdc8000 rw-p 00029000 07:03 5191                       /usr/lib/jvm/java-13-openjdk-amd64/lib/libjava.so
7f31efdc8000-7f31efdcd000 r--p 00000000 07:03 5213                       /usr/lib/jvm/java-13-openjdk-amd64/lib/libverify.so
7f31efdcd000-7f31efdd4000 r-xp 00005000 07:03 5213                       /usr/lib/jvm/java-13-openjdk-amd64/lib/libverify.so
7f31efdd4000-7f31efdd6000 r--p 0000c000 07:03 5213                       /usr/lib/jvm/java-13-openjdk-amd64/lib/libverify.so
7f31efdd6000-7f31efdd7000 ---p 0000e000 07:03 5213                       /usr/lib/jvm/java-13-openjdk-amd64/lib/libverify.so
7f31efdd7000-7f31efdd9000 r--p 0000e000 07:03 5213                       /usr/lib/jvm/java-13-openjdk-amd64/lib/libverify.so
7f31efdd9000-7f31efdda000 rw-p 00010000 07:03 5213                       /usr/lib/jvm/java-13-openjdk-amd64/lib/libverify.so
7f31efdda000-7f31efdde000 ---p 00000000 00:00 0 
7f31efdde000-7f31efedb000 rw-p 00000000 00:00 0 
7f31efedb000-7f31efede000 r--p 00000000 07:03 8948                       /usr/lib/x86_64-linux-gnu/libgcc_s.so.1
7f31efede000-7f31efef0000 r-xp 00003000 07:03 8948                       /usr/lib/x86_64-linux-gnu/libgcc_s.so.1
7f31efef0000-7f31efef4000 r--p 00015000 07:03 8948                       /usr/lib/x86_64-linux-gnu/libgcc_s.so.1
7f31efef4000-7f31efef5000 r--p 00018000 07:03 8948                       /usr/lib/x86_64-linux-gnu/libgcc_s.so.1
7f31efef5000-7f31efef6000 rw-p 00019000 07:03 8948                       /usr/lib/x86_64-linux-gnu/libgcc_s.so.1
7f31efef6000-7f31eff03000 r--p 00000000 07:03 9062                       /usr/lib/x86_64-linux-gnu/libm-2.31.so
7f31eff03000-7f31effaa000 r-xp 0000d000 07:03 9062                       /usr/lib/x86_64-linux-gnu/libm-2.31.so
7f31effaa000-7f31f0043000 r--p 000b4000 07:03 9062                       /usr/lib/x86_64-linux-gnu/libm-2.31.so
7f31f0043000-7f31f0044000 r--p 0014c000 07:03 9062                       /usr/lib/x86_64-linux-gnu/libm-2.31.so
7f31f0044000-7f31f0045000 rw-p 0014d000 07:03 9062                       /usr/lib/x86_64-linux-gnu/libm-2.31.so
7f31f0045000-7f31f00db000 r--p 00000000 07:03 9213                       /usr/lib/x86_64-linux-gnu/libstdc++.so.6.0.28
7f31f00db000-7f31f01cc000 r-xp 00096000 07:03 9213                       /usr/lib/x86_64-linux-gnu/libstdc++.so.6.0.28
7f31f01cc000-7f31f0215000 r--p 00187000 07:03 9213                       /usr/lib/x86_64-linux-gnu/libstdc++.so.6.0.28
7f31f0215000-7f31f0216000 ---p 001d0000 07:03 9213                       /usr/lib/x86_64-linux-gnu/libstdc++.so.6.0.28
7f31f0216000-7f31f0221000 r--p 001d0000 07:03 9213                       /usr/lib/x86_64-linux-gnu/libstdc++.so.6.0.28
7f31f0221000-7f31f0224000 rw-p 001db000 07:03 9213                       /usr/lib/x86_64-linux-gnu/libstdc++.so.6.0.28
7f31f0224000-7f31f0227000 rw-p 00000000 00:00 0 
7f31f0227000-7f31f04ad000 r--p 00000000 07:03 5226                       /usr/lib/jvm/java-13-openjdk-amd64/lib/server/libjvm.so
7f31f04ad000-7f31f122a000 r-xp 00286000 07:03 5226                       /usr/lib/jvm/java-13-openjdk-amd64/lib/server/libjvm.so
7f31f122a000-7f31f14a5000 r--p 01003000 07:03 5226                       /usr/lib/jvm/java-13-openjdk-amd64/lib/server/libjvm.so
7f31f14a5000-7f31f156a000 r--p 0127d000 07:03 5226                       /usr/lib/jvm/java-13-openjdk-amd64/lib/server/libjvm.so
7f31f156a000-7f31f15a5000 rw-p 01342000 07:03 5226                       /usr/lib/jvm/java-13-openjdk-amd64/lib/server/libjvm.so
7f31f15a5000-7f31f162b000 rw-p 00000000 00:00 0 
7f31f162b000-7f31f1631000 r--p 00000000 07:03 9166                       /usr/lib/x86_64-linux-gnu/libpthread-2.31.so
7f31f1631000-7f31f1642000 r-xp 00006000 07:03 9166                       /usr/lib/x86_64-linux-gnu/libpthread-2.31.so
7f31f1642000-7f31f1648000 r--p 00017000 07:03 9166                       /usr/lib/x86_64-linux-gnu/libpthread-2.31.so
7f31f1648000-7f31f1649000 r--p 0001c000 07:03 9166                       /usr/lib/x86_64-linux-gnu/libpthread-2.31.so
7f31f1649000-7f31f164a000 rw-p 0001d000 07:03 9166                       /usr/lib/x86_64-linux-gnu/libpthread-2.31.so
7f31f164a000-7f31f164e000 rw-p 00000000 00:00 0 
7f31f164e000-7f31f164f000 r--p 00000000 07:03 8893                       /usr/lib/x86_64-linux-gnu/libdl-2.31.so
7f31f164f000-7f31f1651000 r-xp 00001000 07:03 8893                       /usr/lib/x86_64-linux-gnu/libdl-2.31.so
7f31f1651000-7f31f1652000 r--p 00003000 07:03 8893                       /usr/lib/x86_64-linux-gnu/libdl-2.31.so
7f31f1652000-7f31f1653000 r--p 00003000 07:03 8893                       /usr/lib/x86_64-linux-gnu/libdl-2.31.so
7f31f1653000-7f31f1654000 rw-p 00004000 07:03 8893                       /usr/lib/x86_64-linux-gnu/libdl-2.31.so
7f31f1654000-7f31f1656000 r--p 00000000 07:03 9290                       /usr/lib/x86_64-linux-gnu/libz.so.1.2.11
7f31f1656000-7f31f1667000 r-xp 00002000 07:03 9290                       /usr/lib/x86_64-linux-gnu/libz.so.1.2.11
7f31f1667000-7f31f166d000 r--p 00013000 07:03 9290                       /usr/lib/x86_64-linux-gnu/libz.so.1.2.11
7f31f166d000-7f31f166e000 ---p 00019000 07:03 9290                       /usr/lib/x86_64-linux-gnu/libz.so.1.2.11
7f31f166e000-7f31f166f000 r--p 00019000 07:03 9290                       /usr/lib/x86_64-linux-gnu/libz.so.1.2.11
7f31f166f000-7f31f1670000 rw-p 0001a000 07:03 9290                       /usr/lib/x86_64-linux-gnu/libz.so.1.2.11
7f31f1670000-7f31f1692000 r--p 00000000 07:03 8851                       /usr/lib/x86_64-linux-gnu/libc-2.31.so
7f31f1692000-7f31f180a000 r-xp 00022000 07:03 8851                       /usr/lib/x86_64-linux-gnu/libc-2.31.so
7f31f180a000-7f31f1858000 r--p 0019a000 07:03 8851                       /usr/lib/x86_64-linux-gnu/libc-2.31.so
7f31f1858000-7f31f185c000 r--p 001e7000 07:03 8851                       /usr/lib/x86_64-linux-gnu/libc-2.31.so
7f31f185c000-7f31f185e000 rw-p 001eb000 07:03 8851                       /usr/lib/x86_64-linux-gnu/libc-2.31.so
7f31f185e000-7f31f1862000 rw-p 00000000 00:00 0 
7f31f1864000-7f31f1866000 r--s 0000c000 07:03 20930                      /usr/share/java/java-atk-wrapper.jar
7f31f1866000-7f31f1867000 ---p 00000000 00:00 0 
7f31f1867000-7f31f1868000 r--p 00000000 00:00 0 
7f31f1868000-7f31f186b000 r--p 00000000 07:03 5196                       /usr/lib/jvm/java-13-openjdk-amd64/lib/libjli.so
7f31f186b000-7f31f1875000 r-xp 00003000 07:03 5196                       /usr/lib/jvm/java-13-openjdk-amd64/lib/libjli.so
7f31f1875000-7f31f1878000 r--p 0000d000 07:03 5196                       /usr/lib/jvm/java-13-openjdk-amd64/lib/libjli.so
7f31f1878000-7f31f1879000 r--p 0000f000 07:03 5196                       /usr/lib/jvm/java-13-openjdk-amd64/lib/libjli.so
7f31f1879000-7f31f187a000 rw-p 00010000 07:03 5196                       /usr/lib/jvm/java-13-openjdk-amd64/lib/libjli.so
7f31f187a000-7f31f187c000 rw-p 00000000 00:00 0 
7f31f187c000-7f31f187d000 r--p 00000000 07:03 8572                       /usr/lib/x86_64-linux-gnu/ld-2.31.so
7f31f187d000-7f31f18a0000 r-xp 00001000 07:03 8572                       /usr/lib/x86_64-linux-gnu/ld-2.31.so
7f31f18a0000-7f31f18a8000 r--p 00024000 07:03 8572                       /usr/lib/x86_64-linux-gnu/ld-2.31.so
7f31f18a8000-7f31f18a9000 ---p 00000000 00:00 0 
7f31f18a9000-7f31f18aa000 r--p 0002c000 07:03 8572                       /usr/lib/x86_64-linux-gnu/ld-2.31.so
7f31f18aa000-7f31f18ab000 rw-p 0002d000 07:03 8572                       /usr/lib/x86_64-linux-gnu/ld-2.31.so
7f31f18ab000-7f31f18ac000 rw-p 00000000 00:00 0 
7fff18628000-7fff18649000 rw-p 00000000 00:00 0                          [stack]
7fff18689000-7fff1868b000 r-xp 00000000 00:00 0                          [vdso]
ffffffffff600000-ffffffffff601000 r-xp 00000000 00:00 0                  [vsyscall]


VM Arguments:
jvm_args: -Xmx128g --add-modules=ALL-DEFAULT 
java_command: jdk.compiler/com.sun.tools.javac.launcher.Main /mnt/beegfs/rcabanas/dev/credici/papers/zeros/code/GenerateNparents.java -np 1 -nzr 0.6 -zdr 0.5 -o /mnt/beegfs/rcabanas/dev/credici/papers/zeros/models/s3 -rw -s 88 -ys 3
java_class_path (initial): /mnt/beegfs/rcabanas/dev/credici/target/credici-0.1.5-dev-SNAPSHOT-jar-with-dependencies.jar
Launcher Type: SUN_STANDARD

[Global flags]
     intx CICompilerCount                          = 2                                         {product} {ergonomic}
   size_t InitialHeapSize                          = 2147483648                                {product} {ergonomic}
   size_t MaxHeapSize                              = 137438953472                              {product} {command line}
   size_t MaxNewSize                               = 45812940800                               {product} {ergonomic}
   size_t MinHeapDeltaBytes                        = 196608                                    {product} {ergonomic}
   size_t MinHeapSize                              = 8388608                                   {product} {ergonomic}
   size_t NewSize                                  = 715784192                                 {product} {ergonomic}
    uintx NonNMethodCodeHeapSize                   = 5826188                                {pd product} {ergonomic}
    uintx NonProfiledCodeHeapSize                  = 122916026                              {pd product} {ergonomic}
   size_t OldSize                                  = 1431699456                                {product} {ergonomic}
    uintx ProfiledCodeHeapSize                     = 122916026                              {pd product} {ergonomic}
    uintx ReservedCodeCacheSize                    = 251658240                              {pd product} {ergonomic}
     bool SegmentedCodeCache                       = true                                      {product} {ergonomic}
   size_t SoftMaxHeapSize                          = 137438953472                           {manageable} {ergonomic}
     bool UseSerialGC                              = true                                      {product} {ergonomic}

Logging:
Log output configuration:
 #0: stdout all=warning uptime,level,tags
 #1: stderr all=off uptime,level,tags

Environment Variables:
PATH=/usr/local/sbin:/usr/local/bin:/usr/sbin:/usr/bin:/sbin:/bin
LD_LIBRARY_PATH=/.singularity.d/libs

Signal Handlers:
SIGSEGV: [libjvm.so+0xf8fcf0], sa_mask[0]=11111111011111111101111111111110, sa_flags=SA_RESTART|SA_SIGINFO
SIGBUS: [libjvm.so+0xf8fcf0], sa_mask[0]=11111111011111111101111111111110, sa_flags=SA_RESTART|SA_SIGINFO
SIGFPE: [libjvm.so+0xf8fcf0], sa_mask[0]=11111111011111111101111111111110, sa_flags=SA_RESTART|SA_SIGINFO
SIGPIPE: [libjvm.so+0xc3ffa0], sa_mask[0]=11111111011111111101111111111110, sa_flags=SA_RESTART|SA_SIGINFO
SIGXFSZ: [libjvm.so+0xc3ffa0], sa_mask[0]=11111111011111111101111111111110, sa_flags=SA_RESTART|SA_SIGINFO
SIGILL: [libjvm.so+0xf8fcf0], sa_mask[0]=11111111011111111101111111111110, sa_flags=SA_RESTART|SA_SIGINFO
SIGUSR2: [libjvm.so+0xc3fe40], sa_mask[0]=00000000000000000000000000000000, sa_flags=SA_RESTART|SA_SIGINFO
SIGHUP: [libjvm.so+0xc40580], sa_mask[0]=11111111011111111101111111111110, sa_flags=SA_RESTART|SA_SIGINFO
SIGINT: [libjvm.so+0xc40580], sa_mask[0]=11111111011111111101111111111110, sa_flags=SA_RESTART|SA_SIGINFO
SIGTERM: [libjvm.so+0xc40580], sa_mask[0]=11111111011111111101111111111110, sa_flags=SA_RESTART|SA_SIGINFO
SIGQUIT: [libjvm.so+0xc40580], sa_mask[0]=11111111011111111101111111111110, sa_flags=SA_RESTART|SA_SIGINFO


---------------  S Y S T E M  ---------------

OS:DISTRIB_ID=Ubuntu
DISTRIB_RELEASE=20.04
DISTRIB_CODENAME=focal
DISTRIB_DESCRIPTION="Ubuntu 20.04.4 LTS"
uname:Linux 3.10.0-1160.15.2.el7.x86_64 #1 SMP Wed Feb 3 15:06:38 UTC 2021 x86_64
OS uptime: 928 days 19:32 hours
libc:glibc 2.31 NPTL 2.31 
rlimit (soft/hard): STACK 8192k/infinity , CORE 0k/infinity , NPROC 4096/1030157 , NOFILE 131072/131072 , AS infinity/infinity , CPU infinity/infinity , DATA infinity/infinity , FSIZE infinity/infinity , MEMLOCK infinity/infinity
load average:15.76 4.25 1.58

/proc/meminfo:
MemTotal:       263800832 kB
MemFree:        245334056 kB
MemAvailable:   247492860 kB
Buffers:          349356 kB
Cached:          4583676 kB
SwapCached:          808 kB
Active:          6763588 kB
Inactive:        2614728 kB
Active(anon):    5849408 kB
Inactive(anon):  1011632 kB
Active(file):     914180 kB
Inactive(file):  1603096 kB
Unevictable:       10116 kB
Mlocked:           10116 kB
SwapTotal:       4194300 kB
SwapFree:        2338132 kB
Dirty:               260 kB
Writeback:             0 kB
AnonPages:       4410168 kB
Mapped:           463364 kB
Shmem:           2407740 kB
Slab:             937372 kB
SReclaimable:     524576 kB
SUnreclaim:       412796 kB
KernelStack:       25824 kB
PageTables:        37284 kB
NFS_Unstable:          0 kB
Bounce:                0 kB
WritebackTmp:          0 kB
CommitLimit:    136094716 kB
Committed_AS:   42631584 kB
VmallocTotal:   34359738367 kB
VmallocUsed:      908100 kB
VmallocChunk:   34224562848 kB
Percpu:            69632 kB
HardwareCorrupted:     0 kB
AnonHugePages:   2957312 kB
CmaTotal:              0 kB
CmaFree:               0 kB
HugePages_Total:       0
HugePages_Free:        0
HugePages_Rsvd:        0
HugePages_Surp:        0
Hugepagesize:       2048 kB
DirectMap4k:      622792 kB
DirectMap2M:    27551744 kB
DirectMap1G:    240123904 kB

/sys/kernel/mm/transparent_hugepage/enabled:
[always] madvise never

/sys/kernel/mm/transparent_hugepage/defrag (defrag/compaction efforts parameter):
[always] madvise never


/proc/sys/kernel/threads-max (system-wide limit on the number of threads):
2060314


/proc/sys/vm/max_map_count (maximum number of memory map areas a process may have):
65530


/proc/sys/kernel/pid_max (system-wide limit on number of process identifiers):
262144



Steal ticks since vm start: 0
Steal ticks percentage since vm start:  0.000

CPU:total 64 (initial active 1) (32 cores per cpu, 1 threads per core) family 23 model 49 stepping 0, cmov, cx8, fxsr, mmx, sse, sse2, sse3, ssse3, sse4.1, sse4.2, popcnt, avx, avx2, aes, clmul, mmxext, 3dnowpref, lzcnt, sse4a, tsc, tscinvbit, tscinv, bmi1, bmi2, adx, sha, fma
CPU Model and flags from /proc/cpuinfo:
model name	: AMD EPYC 7542 32-Core Processor
flags		: fpu vme de pse tsc msr pae mce cx8 apic sep mtrr pge mca cmov pat pse36 clflush mmx fxsr sse sse2 ht syscall nx mmxext fxsr_opt pdpe1gb rdtscp lm constant_tsc art rep_good nopl nonstop_tsc extd_apicid aperfmperf eagerfpu pni pclmulqdq monitor ssse3 fma cx16 sse4_1 sse4_2 movbe popcnt aes xsave avx f16c rdrand lahf_lm cmp_legacy svm extapic cr8_legacy abm sse4a misalignsse 3dnowprefetch osvw ibs skinit wdt tce topoext perfctr_core perfctr_nb bpext perfctr_l2 cpb cat_l3 cdp_l3 hw_pstate sme retpoline_amd ssbd ibrs ibpb stibp vmmcall fsgsbase bmi1 avx2 smep bmi2 cqm rdt_a rdseed adx smap clflushopt clwb sha_ni xsaveopt xsavec xgetbv1 cqm_llc cqm_occup_llc cqm_mbm_total cqm_mbm_local clzero irperf xsaveerptr arat npt lbrv svm_lock nrip_save tsc_scale vmcb_clean flushbyasid decodeassists pausefilter pfthreshold avic v_vmsave_vmload vgif umip overflow_recov succor smca
Online cpus:0-63
Offline cpus:64-255
BIOS frequency limitation:2900000
Frequency switch latency (ns):0
Available cpu frequencies:2900000 2400000 1500000 
Current governor:conservative
Core performance/turbo boost:1

Memory: 4k page, physical 263800832k(245333552k free), swap 4194300k(2338132k free)

vm_info: OpenJDK 64-Bit Server VM (13.0.7+5-Ubuntu-0ubuntu120.04) for linux-amd64 JRE (13.0.7+5-Ubuntu-0ubuntu120.04), built on Apr 21 2021 05:36:19 by "unknown" with gcc 9.3.0

END.
