#
# There is insufficient memory for the Java Runtime Environment to continue.
# Native memory allocation (mmap) failed to map 4111138816 bytes for committing reserved memory.
# Possible reasons:
#   The system is out of physical RAM or swap space
# Possible solutions:
#   Reduce memory load on the system
#   Increase physical memory or swap space
#   Check if swap backing store is full
#   Decrease Java heap size (-Xmx/-Xms)
#   Decrease number of Java threads
#   Decrease Java thread stack sizes (-Xss)
#   Set larger code cache with -XX:ReservedCodeCacheSize=
# This output file may be truncated or incomplete.
#
#  Out of Memory Error (os_linux.cpp:2899), pid=16640, tid=16642
#
# JRE version: OpenJDK Runtime Environment (13.0.7+5) (build 13.0.7+5-Ubuntu-0ubuntu120.04)
# Java VM: OpenJDK 64-Bit Server VM (13.0.7+5-Ubuntu-0ubuntu120.04, mixed mode, tiered, serial gc, linux-amd64)
# No core dump will be written. Core dumps have been disabled. To enable core dumping, try "ulimit -c unlimited" before starting Java again
#

---------------  S U M M A R Y ------------

Command Line: -Xmx128g --add-modules=ALL-DEFAULT jdk.compiler/com.sun.tools.javac.launcher.Main /mnt/beegfs/rcabanas/dev/credici/papers/zeros/code/GenerateNparents.java -np 2 -nzr 1.0 -zdr 0.5 -o /mnt/beegfs/rcabanas/dev/credici/papers/zeros/models/s3 -rw -s 91 -ys 3

Host: AMD EPYC 7542 32-Core Processor, 64 cores, 251G, Ubuntu 20.04.4 LTS
Time: Mon Oct 14 13:15:46 2024 CEST elapsed time: 642.068563 seconds (0d 0h 10m 42s)

---------------  T H R E A D  ---------------

Current thread (0x00007fbf94097800):  VMThread "VM Thread" [stack: 0x00007fbf7c68a000,0x00007fbf7c78a000] [id=16642]

Stack: [0x00007fbf7c68a000,0x00007fbf7c78a000],  sp=0x00007fbf7c788160,  free space=1016k
Native frames: (J=compiled Java code, A=aot compiled Java code, j=interpreted, Vv=VM code, C=native code)
V  [libjvm.so+0xf8f092]
V  [libjvm.so+0xf8fc91]
V  [libjvm.so+0x66ee5a]
V  [libjvm.so+0xc44a41]
V  [libjvm.so+0xc3b263]
V  [libjvm.so+0xf87f4b]
V  [libjvm.so+0x557506]
V  [libjvm.so+0x557723]
V  [libjvm.so+0xf18b0c]
V  [libjvm.so+0x557e65]
V  [libjvm.so+0x7e2edb]
V  [libjvm.so+0x7e39bd]
V  [libjvm.so+0x7d8b48]
V  [libjvm.so+0xf90940]
V  [libjvm.so+0xf96657]
V  [libjvm.so+0xf96d2b]
V  [libjvm.so+0xf9706a]
V  [libjvm.so+0xf2208f]
V  [libjvm.so+0xc493ff]

VM_Operation (0x00007fbf984f3340): GenCollectForAllocation, mode: safepoint, requested by thread 0x00007fbf94018000


---------------  P R O C E S S  ---------------

Threads class SMR info:
_java_thread_list=0x00007f9f30003aa0, length=9, elements={
0x00007fbf94018000, 0x00007fbf940a3800, 0x00007fbf940a7000, 0x00007fbf940cb000,
0x00007fbf940cd000, 0x00007fbf940cf000, 0x00007fbf940d1000, 0x00007fbf940d3000,
0x00007fbf94135000
}

Java Threads: ( => current thread )
  0x00007fbf94018000 JavaThread "main" [_thread_blocked, id=16641, stack(0x00007fbf983f5000,0x00007fbf984f6000)]
  0x00007fbf940a3800 JavaThread "Reference Handler" daemon [_thread_blocked, id=16643, stack(0x00007f9f61253000,0x00007f9f61354000)]
  0x00007fbf940a7000 JavaThread "Finalizer" daemon [_thread_blocked, id=16644, stack(0x00007f9f61152000,0x00007f9f61253000)]
  0x00007fbf940cb000 JavaThread "Signal Dispatcher" daemon [_thread_blocked, id=16645, stack(0x00007f9f61051000,0x00007f9f61152000)]
  0x00007fbf940cd000 JavaThread "Service Thread" daemon [_thread_blocked, id=16646, stack(0x00007f9f60f50000,0x00007f9f61051000)]
  0x00007fbf940cf000 JavaThread "C2 CompilerThread0" daemon [_thread_blocked, id=16647, stack(0x00007f9f60e4f000,0x00007f9f60f50000)]
  0x00007fbf940d1000 JavaThread "C1 CompilerThread0" daemon [_thread_blocked, id=16648, stack(0x00007f9f60d4e000,0x00007f9f60e4f000)]
  0x00007fbf940d3000 JavaThread "Sweeper thread" daemon [_thread_blocked, id=16649, stack(0x00007f9f60c4d000,0x00007f9f60d4e000)]
  0x00007fbf94135000 JavaThread "Common-Cleaner" daemon [_thread_blocked, id=16650, stack(0x00007f9f60b4c000,0x00007f9f60c4d000)]

Other Threads:
=>0x00007fbf94097800 VMThread "VM Thread" [stack: 0x00007fbf7c68a000,0x00007fbf7c78a000] [id=16642]
  0x00007fbf94181800 WatcherThread [stack: 0x00007f9f60a4c000,0x00007f9f60b4c000] [id=16651]

Threads with active compile tasks:

VM state:at safepoint (normal execution)

VM Mutex/Monitor currently owned by a thread:  ([mutex/lock_event])
[0x00007fbf940140d0] Threads_lock - owner thread: 0x00007fbf94097800
[0x00007fbf94014cd0] Heap_lock - owner thread: 0x00007fbf94018000

Heap:
 def new generation   total 2250560K, used 250046K [0x00007f9f7c600000, 0x00007fa015000000, 0x00007faa270a0000)
  eden space 2000512K,  12% used [0x00007f9f7c600000, 0x00007f9f8ba2fb48, 0x00007f9ff67a0000)
  from space 250048K,   0% used [0x00007f9ff67a0000, 0x00007f9ff67a0000, 0x00007fa005bd0000)
  to   space 250048K,   0% used [0x00007fa005bd0000, 0x00007fa005bd0000, 0x00007fa015000000)
 tenured generation   total 6022520K, used 6022382K [0x00007faa270a0000, 0x00007fab969fe000, 0x00007fbf7c600000)
   the space 6022520K,  99% used [0x00007faa270a0000, 0x00007fab969db970, 0x00007fab969dba00, 0x00007fab969fe000)
 Metaspace       used 31051K, capacity 31460K, committed 31744K, reserved 32768K

Card table byte_map: [0x00007f9f6c5ff000,0x00007f9f7c600000] _byte_map_base: 0x00007f5f9ca1c000

Polling page: 0x00007fbf99e81000

Metaspace:

Usage:
   30.72 MB capacity,    30.32 MB ( 99%) used,   300.91 KB ( <1%) free+waste,   107.56 KB ( <1%) overhead. 

Virtual space:
     32.00 MB reserved,      31.00 MB ( 97%) committed 

Chunk freelists:
32.00 KB

MaxMetaspaceSize: unlimited


CodeHeap 'non-profiled nmethods': size=120036Kb used=2315Kb max_used=2555Kb free=117720Kb
 bounds [0x00007fbf84251000, 0x00007fbf844e1000, 0x00007fbf8b78a000]
CodeHeap 'profiled nmethods': size=120032Kb used=6989Kb max_used=8699Kb free=113042Kb
 bounds [0x00007fbf7cd19000, 0x00007fbf7d599000, 0x00007fbf84251000]
CodeHeap 'non-nmethods': size=5692Kb used=1252Kb max_used=1302Kb free=4439Kb
 bounds [0x00007fbf7c78a000, 0x00007fbf7c9fa000, 0x00007fbf7cd19000]
 total_blobs=4261 nmethods=3726 adapters=450
 compilation: enabled
              stopped_count=0, restarted_count=0
 full_count=0

Compilation events (20 events):
Event: 619.152 Thread 0x00007fbf940cf000 4795       4       ch.idsia.crema.model.Strides::getIterator (177 bytes)
Event: 619.176 Thread 0x00007fbf940cf000 nmethod 4795 0x00007fbf84368b10 code [0x00007fbf84368cc0, 0x00007fbf843695f8]
Event: 619.176 Thread 0x00007fbf940cf000 4796 %     4       ch.idsia.crema.factor.credal.vertex.VertexFactor::reseparate @ 267 (373 bytes)
Event: 619.246 Thread 0x00007fbf940cf000 nmethod 4796% 0x00007fbf84366c10 code [0x00007fbf84366e20, 0x00007fbf84368008]
Event: 622.467 Thread 0x00007fbf940d1000 4797 %     3       ch.idsia.crema.factor.credal.vertex.VertexFactor::combine @ 268 (347 bytes)
Event: 622.470 Thread 0x00007fbf940d1000 nmethod 4797% 0x00007fbf7cf01f10 code [0x00007fbf7cf022e0, 0x00007fbf7cf03e50]
Event: 622.470 Thread 0x00007fbf940d1000 4798       3       ch.idsia.crema.factor.credal.vertex.VertexFactor::combine (347 bytes)
Event: 622.471 Thread 0x00007fbf940d1000 nmethod 4798 0x00007fbf7d19a910 code [0x00007fbf7d19acc0, 0x00007fbf7d19c270]
Event: 622.473 Thread 0x00007fbf940cf000 4799 %     4       ch.idsia.crema.factor.credal.vertex.VertexFactor::combine @ 268 (347 bytes)
Event: 622.499 Thread 0x00007fbf940cf000 nmethod 4799% 0x00007fbf843d1710 code [0x00007fbf843d1900, 0x00007fbf843d2738]
Event: 624.704 Thread 0x00007fbf940d1000 4800 %     3       ch.idsia.crema.factor.credal.vertex.VertexFactor::combine @ 268 (347 bytes)
Event: 624.707 Thread 0x00007fbf940d1000 nmethod 4800% 0x00007fbf7d0dbc10 code [0x00007fbf7d0dbfc0, 0x00007fbf7d0ddad0]
Event: 624.708 Thread 0x00007fbf940cf000 4801 %     4       ch.idsia.crema.factor.credal.vertex.VertexFactor::combine @ 268 (347 bytes)
Event: 624.749 Thread 0x00007fbf940cf000 nmethod 4801% 0x00007fbf844ab790 code [0x00007fbf844ab9c0, 0x00007fbf844acac0]
Event: 630.310 Thread 0x00007fbf940cf000 4802 %     4       ch.idsia.crema.factor.credal.vertex.VertexFactor::reseparate @ 267 (373 bytes)
Event: 630.557 Thread 0x00007fbf940cf000 nmethod 4802% 0x00007fbf843f3890 code [0x00007fbf843f3be0, 0x00007fbf843f65e0]
Event: 630.558 Thread 0x00007fbf940cf000 4803       4       ch.idsia.crema.factor.credal.vertex.VertexFactor::reseparate (373 bytes)
Event: 630.784 Thread 0x00007fbf940cf000 nmethod 4803 0x00007fbf84315c90 code [0x00007fbf84316020, 0x00007fbf84318de8]
Event: 635.915 Thread 0x00007fbf940cf000 4804       4       ch.idsia.crema.factor.credal.vertex.VertexFactor::combine (347 bytes)
Event: 635.984 Thread 0x00007fbf940cf000 nmethod 4804 0x00007fbf84432910 code [0x00007fbf84432ba0, 0x00007fbf84433fb8]

GC Heap History (20 events):
Event: 615.739 GC heap after
{Heap after GC invocations=1458 (full 1):
 def new generation   total 629248K, used 69887K [0x00007f9f7c600000, 0x00007f9fa70c0000, 0x00007faa270a0000)
  eden space 559360K,   0% used [0x00007f9f7c600000, 0x00007f9f7c600000, 0x00007f9f9e840000)
  from space 69888K,  99% used [0x00007f9fa2c80000, 0x00007f9fa70bfff8, 0x00007f9fa70c0000)
  to   space 69888K,   0% used [0x00007f9f9e840000, 0x00007f9f9e840000, 0x00007f9fa2c80000)
 tenured generation   total 1814400K, used 1814376K [0x00007faa270a0000, 0x00007faa95c80000, 0x00007fbf7c600000)
   the space 1814400K,  99% used [0x00007faa270a0000, 0x00007faa95c7a180, 0x00007faa95c7a200, 0x00007faa95c80000)
 Metaspace       used 30588K, capacity 31076K, committed 31232K, reserved 32768K
}
Event: 615.739 GC heap before
{Heap before GC invocations=1458 (full 1):
 def new generation   total 629248K, used 69887K [0x00007f9f7c600000, 0x00007f9fa70c0000, 0x00007faa270a0000)
  eden space 559360K,   0% used [0x00007f9f7c600000, 0x00007f9f7c600000, 0x00007f9f9e840000)
  from space 69888K,  99% used [0x00007f9fa2c80000, 0x00007f9fa70bfff8, 0x00007f9fa70c0000)
  to   space 69888K,   0% used [0x00007f9f9e840000, 0x00007f9f9e840000, 0x00007f9fa2c80000)
 tenured generation   total 1814400K, used 1814376K [0x00007faa270a0000, 0x00007faa95c80000, 0x00007fbf7c600000)
   the space 1814400K,  99% used [0x00007faa270a0000, 0x00007faa95c7a180, 0x00007faa95c7a200, 0x00007faa95c80000)
 Metaspace       used 30588K, capacity 31076K, committed 31232K, reserved 32768K
}
Event: 617.627 GC heap after
{Heap after GC invocations=1458 (full 2):
 def new generation   total 664000K, used 0K [0x00007f9f7c600000, 0x00007f9fa9670000, 0x00007faa270a0000)
  eden space 590272K,   0% used [0x00007f9f7c600000, 0x00007f9f7c600000, 0x00007f9fa0670000)
  from space 73728K,   0% used [0x00007f9fa0670000, 0x00007f9fa0670000, 0x00007f9fa4e70000)
  to   space 73728K,   0% used [0x00007f9fa4e70000, 0x00007f9fa4e70000, 0x00007f9fa9670000)
 tenured generation   total 1475420K, used 885252K [0x00007faa270a0000, 0x00007faa81177000, 0x00007fbf7c600000)
   the space 1475420K,  60% used [0x00007faa270a0000, 0x00007faa5d121000, 0x00007faa5d121000, 0x00007faa81177000)
 Metaspace       used 30588K, capacity 31076K, committed 31232K, reserved 32768K
}
Event: 618.362 GC heap before
{Heap before GC invocations=1458 (full 2):
 def new generation   total 664000K, used 590272K [0x00007f9f7c600000, 0x00007f9fa9670000, 0x00007faa270a0000)
  eden space 590272K, 100% used [0x00007f9f7c600000, 0x00007f9fa0670000, 0x00007f9fa0670000)
  from space 73728K,   0% used [0x00007f9fa0670000, 0x00007f9fa0670000, 0x00007f9fa4e70000)
  to   space 73728K,   0% used [0x00007f9fa4e70000, 0x00007f9fa4e70000, 0x00007f9fa9670000)
 tenured generation   total 1475420K, used 885252K [0x00007faa270a0000, 0x00007faa81177000, 0x00007fbf7c600000)
   the space 1475420K,  60% used [0x00007faa270a0000, 0x00007faa5d121000, 0x00007faa5d121000, 0x00007faa81177000)
 Metaspace       used 31040K, capacity 31460K, committed 31744K, reserved 32768K
}
Event: 619.110 GC heap after
{Heap after GC invocations=1459 (full 2):
 def new generation   total 664000K, used 73727K [0x00007f9f7c600000, 0x00007f9fa9670000, 0x00007faa270a0000)
  eden space 590272K,   0% used [0x00007f9f7c600000, 0x00007f9f7c600000, 0x00007f9fa0670000)
  from space 73728K,  99% used [0x00007f9fa4e70000, 0x00007f9fa966fff8, 0x00007f9fa9670000)
  to   space 73728K,   0% used [0x00007f9fa0670000, 0x00007f9fa0670000, 0x00007f9fa4e70000)
 tenured generation   total 1475420K, used 1386411K [0x00007faa270a0000, 0x00007faa81177000, 0x00007fbf7c600000)
   the space 1475420K,  93% used [0x00007faa270a0000, 0x00007faa7ba8ac48, 0x00007faa7ba8ae00, 0x00007faa81177000)
 Metaspace       used 31040K, capacity 31460K, committed 31744K, reserved 32768K
}
Event: 619.960 GC heap before
{Heap before GC invocations=1459 (full 2):
 def new generation   total 664000K, used 663999K [0x00007f9f7c600000, 0x00007f9fa9670000, 0x00007faa270a0000)
  eden space 590272K, 100% used [0x00007f9f7c600000, 0x00007f9fa0670000, 0x00007f9fa0670000)
  from space 73728K,  99% used [0x00007f9fa4e70000, 0x00007f9fa966fff8, 0x00007f9fa9670000)
  to   space 73728K,   0% used [0x00007f9fa0670000, 0x00007f9fa0670000, 0x00007f9fa4e70000)
 tenured generation   total 1475420K, used 1386411K [0x00007faa270a0000, 0x00007faa81177000, 0x00007fbf7c600000)
   the space 1475420K,  93% used [0x00007faa270a0000, 0x00007faa7ba8ac48, 0x00007faa7ba8ae00, 0x00007faa81177000)
 Metaspace       used 31047K, capacity 31460K, committed 31744K, reserved 32768K
}
Event: 620.524 GC heap after
{Heap after GC invocations=1460 (full 2):
 def new generation   total 664000K, used 73727K [0x00007f9f7c600000, 0x00007f9fa9670000, 0x00007faa270a0000)
  eden space 590272K,   0% used [0x00007f9f7c600000, 0x00007f9f7c600000, 0x00007f9fa0670000)
  from space 73728K,  99% used [0x00007f9fa0670000, 0x00007f9fa4e6ffb0, 0x00007f9fa4e70000)
  to   space 73728K,   0% used [0x00007f9fa4e70000, 0x00007f9fa4e70000, 0x00007f9fa9670000)
 tenured generation   total 1762076K, used 1762005K [0x00007faa270a0000, 0x00007faa92967000, 0x00007fbf7c600000)
   the space 1762076K,  99% used [0x00007faa270a0000, 0x00007faa92955420, 0x00007faa92955600, 0x00007faa92967000)
 Metaspace       used 31047K, capacity 31460K, committed 31744K, reserved 32768K
}
Event: 620.524 GC heap before
{Heap before GC invocations=1460 (full 2):
 def new generation   total 664000K, used 73727K [0x00007f9f7c600000, 0x00007f9fa9670000, 0x00007faa270a0000)
  eden space 590272K,   0% used [0x00007f9f7c600000, 0x00007f9f7c600000, 0x00007f9fa0670000)
  from space 73728K,  99% used [0x00007f9fa0670000, 0x00007f9fa4e6ffb0, 0x00007f9fa4e70000)
  to   space 73728K,   0% used [0x00007f9fa4e70000, 0x00007f9fa4e70000, 0x00007f9fa9670000)
 tenured generation   total 1762076K, used 1762005K [0x00007faa270a0000, 0x00007faa92967000, 0x00007fbf7c600000)
   the space 1762076K,  99% used [0x00007faa270a0000, 0x00007faa92955420, 0x00007faa92955600, 0x00007faa92967000)
 Metaspace       used 31047K, capacity 31460K, committed 31744K, reserved 32768K
}
Event: 622.170 GC heap after
{Heap after GC invocations=1460 (full 3):
 def new generation   total 1159616K, used 0K [0x00007f9f7c600000, 0x00007f9fcb040000, 0x00007faa270a0000)
  eden space 1030784K,   0% used [0x00007f9f7c600000, 0x00007f9f7c600000, 0x00007f9fbb4a0000)
  from space 128832K,   0% used [0x00007f9fbb4a0000, 0x00007f9fbb4a0000, 0x00007f9fc3270000)
  to   space 128832K,   0% used [0x00007f9fc3270000, 0x00007f9fc3270000, 0x00007f9fcb040000)
 tenured generation   total 2576848K, used 1546107K [0x00007faa270a0000, 0x00007faac4514000, 0x00007fbf7c600000)
   the space 2576848K,  59% used [0x00007faa270a0000, 0x00007faa8567efc8, 0x00007faa8567f000, 0x00007faac4514000)
 Metaspace       used 31047K, capacity 31460K, committed 31744K, reserved 32768K
}
Event: 623.638 GC heap before
{Heap before GC invocations=1460 (full 3):
 def new generation   total 1159616K, used 1030784K [0x00007f9f7c600000, 0x00007f9fcb040000, 0x00007faa270a0000)
  eden space 1030784K, 100% used [0x00007f9f7c600000, 0x00007f9fbb4a0000, 0x00007f9fbb4a0000)
  from space 128832K,   0% used [0x00007f9fbb4a0000, 0x00007f9fbb4a0000, 0x00007f9fc3270000)
  to   space 128832K,   0% used [0x00007f9fc3270000, 0x00007f9fc3270000, 0x00007f9fcb040000)
 tenured generation   total 2576848K, used 1546107K [0x00007faa270a0000, 0x00007faac4514000, 0x00007fbf7c600000)
   the space 2576848K,  59% used [0x00007faa270a0000, 0x00007faa8567efc8, 0x00007faa8567f000, 0x00007faac4514000)
 Metaspace       used 31051K, capacity 31460K, committed 31744K, reserved 32768K
}
Event: 624.490 GC heap after
{Heap after GC invocations=1461 (full 3):
 def new generation   total 1159616K, used 128830K [0x00007f9f7c600000, 0x00007f9fcb040000, 0x00007faa270a0000)
  eden space 1030784K,   0% used [0x00007f9f7c600000, 0x00007f9f7c600000, 0x00007f9fbb4a0000)
  from space 128832K,  99% used [0x00007f9fc3270000, 0x00007f9fcb03f948, 0x00007f9fcb040000)
  to   space 128832K,   0% used [0x00007f9fbb4a0000, 0x00007f9fbb4a0000, 0x00007f9fc3270000)
 tenured generation   total 2576848K, used 2298062K [0x00007faa270a0000, 0x00007faac4514000, 0x00007fbf7c600000)
   the space 2576848K,  89% used [0x00007faa270a0000, 0x00007faab34d3ab8, 0x00007faab34d3c00, 0x00007faac4514000)
 Metaspace       used 31051K, capacity 31460K, committed 31744K, reserved 32768K
}
Event: 625.901 GC heap before
{Heap before GC invocations=1461 (full 3):
 def new generation   total 1159616K, used 1159614K [0x00007f9f7c600000, 0x00007f9fcb040000, 0x00007faa270a0000)
  eden space 1030784K, 100% used [0x00007f9f7c600000, 0x00007f9fbb4a0000, 0x00007f9fbb4a0000)
  from space 128832K,  99% used [0x00007f9fc3270000, 0x00007f9fcb03f948, 0x00007f9fcb040000)
  to   space 128832K,   0% used [0x00007f9fbb4a0000, 0x00007f9fbb4a0000, 0x00007f9fc3270000)
 tenured generation   total 2576848K, used 2298062K [0x00007faa270a0000, 0x00007faac4514000, 0x00007fbf7c600000)
   the space 2576848K,  89% used [0x00007faa270a0000, 0x00007faab34d3ab8, 0x00007faab34d3c00, 0x00007faac4514000)
 Metaspace       used 31051K, capacity 31460K, committed 31744K, reserved 32768K
}
Event: 627.026 GC heap after
{Heap after GC invocations=1462 (full 3):
 def new generation   total 1159616K, used 128831K [0x00007f9f7c600000, 0x00007f9fcb040000, 0x00007faa270a0000)
  eden space 1030784K,   0% used [0x00007f9f7c600000, 0x00007f9f7c600000, 0x00007f9fbb4a0000)
  from space 128832K,  99% used [0x00007f9fbb4a0000, 0x00007f9fc326fd98, 0x00007f9fc3270000)
  to   space 128832K,   0% used [0x00007f9fc3270000, 0x00007f9fc3270000, 0x00007f9fcb040000)
 tenured generation   total 3178960K, used 3178840K [0x00007faa270a0000, 0x00007faae9114000, 0x00007fbf7c600000)
   the space 3178960K,  99% used [0x00007faa270a0000, 0x00007faae90f6030, 0x00007faae90f6200, 0x00007faae9114000)
 Metaspace       used 31051K, capacity 31460K, committed 31744K, reserved 32768K
}
Event: 627.026 GC heap before
{Heap before GC invocations=1462 (full 3):
 def new generation   total 1159616K, used 128831K [0x00007f9f7c600000, 0x00007f9fcb040000, 0x00007faa270a0000)
  eden space 1030784K,   0% used [0x00007f9f7c600000, 0x00007f9f7c600000, 0x00007f9fbb4a0000)
  from space 128832K,  99% used [0x00007f9fbb4a0000, 0x00007f9fc326fd98, 0x00007f9fc3270000)
  to   space 128832K,   0% used [0x00007f9fc3270000, 0x00007f9fc3270000, 0x00007f9fcb040000)
 tenured generation   total 3178960K, used 3178840K [0x00007faa270a0000, 0x00007faae9114000, 0x00007fbf7c600000)
   the space 3178960K,  99% used [0x00007faa270a0000, 0x00007faae90f6030, 0x00007faae90f6200, 0x00007faae9114000)
 Metaspace       used 31051K, capacity 31460K, committed 31744K, reserved 32768K
}
Event: 630.046 GC heap after
{Heap after GC invocations=1462 (full 4):
 def new generation   total 2250560K, used 0K [0x00007f9f7c600000, 0x00007fa015000000, 0x00007faa270a0000)
  eden space 2000512K,   0% used [0x00007f9f7c600000, 0x00007f9f7c600000, 0x00007f9ff67a0000)
  from space 250048K,   0% used [0x00007f9ff67a0000, 0x00007f9ff67a0000, 0x00007fa005bd0000)
  to   space 250048K,   0% used [0x00007fa005bd0000, 0x00007fa005bd0000, 0x00007fa015000000)
 tenured generation   total 5001080K, used 3000646K [0x00007faa270a0000, 0x00007fab5847e000, 0x00007fbf7c600000)
   the space 5001080K,  59% used [0x00007faa270a0000, 0x00007faade2f1bc8, 0x00007faade2f1c00, 0x00007fab5847e000)
 Metaspace       used 31051K, capacity 31460K, committed 31744K, reserved 32768K
}
Event: 633.993 GC heap before
{Heap before GC invocations=1462 (full 4):
 def new generation   total 2250560K, used 2000512K [0x00007f9f7c600000, 0x00007fa015000000, 0x00007faa270a0000)
  eden space 2000512K, 100% used [0x00007f9f7c600000, 0x00007f9ff67a0000, 0x00007f9ff67a0000)
  from space 250048K,   0% used [0x00007f9ff67a0000, 0x00007f9ff67a0000, 0x00007fa005bd0000)
  to   space 250048K,   0% used [0x00007fa005bd0000, 0x00007fa005bd0000, 0x00007fa015000000)
 tenured generation   total 5001080K, used 3000646K [0x00007faa270a0000, 0x00007fab5847e000, 0x00007fbf7c600000)
   the space 5001080K,  59% used [0x00007faa270a0000, 0x00007faade2f1bc8, 0x00007faade2f1c00, 0x00007fab5847e000)
 Metaspace       used 31051K, capacity 31460K, committed 31744K, reserved 32768K
}
Event: 635.645 GC heap after
{Heap after GC invocations=1463 (full 4):
 def new generation   total 2250560K, used 250047K [0x00007f9f7c600000, 0x00007fa015000000, 0x00007faa270a0000)
  eden space 2000512K,   0% used [0x00007f9f7c600000, 0x00007f9f7c600000, 0x00007f9ff67a0000)
  from space 250048K,  99% used [0x00007fa005bd0000, 0x00007fa014fffff0, 0x00007fa015000000)
  to   space 250048K,   0% used [0x00007f9ff67a0000, 0x00007f9ff67a0000, 0x00007fa005bd0000)
 tenured generation   total 5001080K, used 4321767K [0x00007faa270a0000, 0x00007fab5847e000, 0x00007fbf7c600000)
   the space 5001080K,  86% used [0x00007faa270a0000, 0x00007fab2ed19cc8, 0x00007fab2ed19e00, 0x00007fab5847e000)
 Metaspace       used 31051K, capacity 31460K, committed 31744K, reserved 32768K
}
Event: 638.536 GC heap before
{Heap before GC invocations=1463 (full 4):
 def new generation   total 2250560K, used 2250559K [0x00007f9f7c600000, 0x00007fa015000000, 0x00007faa270a0000)
  eden space 2000512K, 100% used [0x00007f9f7c600000, 0x00007f9ff67a0000, 0x00007f9ff67a0000)
  from space 250048K,  99% used [0x00007fa005bd0000, 0x00007fa014fffff0, 0x00007fa015000000)
  to   space 250048K,   0% used [0x00007f9ff67a0000, 0x00007f9ff67a0000, 0x00007fa005bd0000)
 tenured generation   total 5001080K, used 4321767K [0x00007faa270a0000, 0x00007fab5847e000, 0x00007fbf7c600000)
   the space 5001080K,  86% used [0x00007faa270a0000, 0x00007fab2ed19cc8, 0x00007fab2ed19e00, 0x00007fab5847e000)
 Metaspace       used 31051K, capacity 31460K, committed 31744K, reserved 32768K
}
Event: 640.756 GC heap after
{Heap after GC invocations=1464 (full 4):
 def new generation   total 2250560K, used 250046K [0x00007f9f7c600000, 0x00007fa015000000, 0x00007faa270a0000)
  eden space 2000512K,   0% used [0x00007f9f7c600000, 0x00007f9f7c600000, 0x00007f9ff67a0000)
  from space 250048K,  99% used [0x00007f9ff67a0000, 0x00007fa005bcfb48, 0x00007fa005bd0000)
  to   space 250048K,   0% used [0x00007fa005bd0000, 0x00007fa005bd0000, 0x00007fa015000000)
 tenured generation   total 6022520K, used 6022382K [0x00007faa270a0000, 0x00007fab969fe000, 0x00007fbf7c600000)
   the space 6022520K,  99% used [0x00007faa270a0000, 0x00007fab969db970, 0x00007fab969dba00, 0x00007fab969fe000)
 Metaspace       used 31051K, capacity 31460K, committed 31744K, reserved 32768K
}
Event: 640.756 GC heap before
{Heap before GC invocations=1464 (full 4):
 def new generation   total 2250560K, used 250046K [0x00007f9f7c600000, 0x00007fa015000000, 0x00007faa270a0000)
  eden space 2000512K,   0% used [0x00007f9f7c600000, 0x00007f9f7c600000, 0x00007f9ff67a0000)
  from space 250048K,  99% used [0x00007f9ff67a0000, 0x00007fa005bcfb48, 0x00007fa005bd0000)
  to   space 250048K,   0% used [0x00007fa005bd0000, 0x00007fa005bd0000, 0x00007fa015000000)
 tenured generation   total 6022520K, used 6022382K [0x00007faa270a0000, 0x00007fab969fe000, 0x00007fbf7c600000)
   the space 6022520K,  99% used [0x00007faa270a0000, 0x00007fab969db970, 0x00007fab969dba00, 0x00007fab969fe000)
 Metaspace       used 31051K, capacity 31460K, committed 31744K, reserved 32768K
}

Deoptimization events (20 events):
Event: 624.745 Thread 0x00007fbf94018000 DEOPT PACKING pc=0x00007fbf7d0dd832 sp=0x00007fbf984f3570
Event: 624.745 Thread 0x00007fbf94018000 DEOPT UNPACKING pc=0x00007fbf7c7d333a sp=0x00007fbf984f2b88 mode 0
Event: 624.745 Thread 0x00007fbf94018000 DEOPT PACKING pc=0x00007fbf7d0dd832 sp=0x00007fbf984f3570
Event: 624.745 Thread 0x00007fbf94018000 DEOPT UNPACKING pc=0x00007fbf7c7d333a sp=0x00007fbf984f2b88 mode 0
Event: 624.745 Thread 0x00007fbf94018000 DEOPT PACKING pc=0x00007fbf7d0dd832 sp=0x00007fbf984f3570
Event: 624.745 Thread 0x00007fbf94018000 DEOPT UNPACKING pc=0x00007fbf7c7d333a sp=0x00007fbf984f2b88 mode 0
Event: 624.746 Thread 0x00007fbf94018000 DEOPT PACKING pc=0x00007fbf7d0dd832 sp=0x00007fbf984f3570
Event: 624.746 Thread 0x00007fbf94018000 DEOPT UNPACKING pc=0x00007fbf7c7d333a sp=0x00007fbf984f2b88 mode 0
Event: 624.746 Thread 0x00007fbf94018000 DEOPT PACKING pc=0x00007fbf7d0dd832 sp=0x00007fbf984f3570
Event: 624.746 Thread 0x00007fbf94018000 DEOPT UNPACKING pc=0x00007fbf7c7d333a sp=0x00007fbf984f2b88 mode 0
Event: 624.746 Thread 0x00007fbf94018000 DEOPT PACKING pc=0x00007fbf7d0dd832 sp=0x00007fbf984f3570
Event: 624.746 Thread 0x00007fbf94018000 DEOPT UNPACKING pc=0x00007fbf7c7d333a sp=0x00007fbf984f2b88 mode 0
Event: 624.746 Thread 0x00007fbf94018000 DEOPT PACKING pc=0x00007fbf7d0dd832 sp=0x00007fbf984f3570
Event: 624.746 Thread 0x00007fbf94018000 DEOPT UNPACKING pc=0x00007fbf7c7d333a sp=0x00007fbf984f2b88 mode 0
Event: 624.747 Thread 0x00007fbf94018000 DEOPT PACKING pc=0x00007fbf7d0dd832 sp=0x00007fbf984f3570
Event: 624.747 Thread 0x00007fbf94018000 DEOPT UNPACKING pc=0x00007fbf7c7d333a sp=0x00007fbf984f2b88 mode 0
Event: 630.575 Thread 0x00007fbf94018000 DEOPT PACKING pc=0x00007fbf7cef7a1e sp=0x00007fbf984f34a0
Event: 630.575 Thread 0x00007fbf94018000 DEOPT UNPACKING pc=0x00007fbf7c7d333a sp=0x00007fbf984f2a20 mode 0
Event: 635.935 Thread 0x00007fbf94018000 DEOPT PACKING pc=0x00007fbf7d19bfe7 sp=0x00007fbf984f3670
Event: 635.935 Thread 0x00007fbf94018000 DEOPT UNPACKING pc=0x00007fbf7c7d333a sp=0x00007fbf984f2b78 mode 0

Classes unloaded (0 events):
No events

Classes redefined (0 events):
No events

Internal exceptions (20 events):
Event: 2.671 Thread 0x00007fbf94018000 Exception <a 'java/lang/NoSuchMethodError'{0x00007f9f81a80a08}: 'java.lang.Object java.lang.invoke.Invokers$Holder.linkToTargetMethod(java.lang.Object, java.lang.Object, java.lang.Object, java.lang.Object, java.lang.Object, java.lang.Object, java.lang.Object, java.lang.Object)'> (0x00007f9f81a80a08) 
thrown [src/hotspot/share/interpreter/linkResolver.cpp, line 766]
Event: 2.701 Thread 0x00007fbf94018000 Exception <a 'java/lang/NoSuchMethodError'{0x00007f9f81b32980}: 'java.lang.Object java.lang.invoke.Invokers$Holder.linkToTargetMethod(java.lang.Object, java.lang.Object, java.lang.Object, java.lang.Object, java.lang.Object, java.lang.Object, java.lang.Object)'> (0x00007f9f81b32980) 
thrown [src/hotspot/share/interpreter/linkResolver.cpp, line 766]
Event: 3.680 Thread 0x00007fbf94018000 Exception <a 'java/lang/NoSuchMethodError'{0x00007f9f8294df48}: 'java.lang.Object java.lang.invoke.DirectMethodHandle$Holder.invokeSpecial(java.lang.Object, java.lang.Object, int, java.lang.Object, java.lang.Object)'> (0x00007f9f8294df48) 
thrown [src/hotspot/share/interpreter/linkResolver.cpp, line 766]
Event: 3.690 Thread 0x00007fbf94018000 Exception <a 'java/lang/NoSuchMethodError'{0x00007f9f82998c38}: 'java.lang.Object java.lang.invoke.Invokers$Holder.linkToTargetMethod(java.lang.Object, long, java.lang.Object)'> (0x00007f9f82998c38) 
thrown [src/hotspot/share/interpreter/linkResolver.cpp, line 766]
Event: 3.878 Thread 0x00007fbf940a7000 Implicit null exception at 0x00007fbf842a684c to 0x00007fbf842a6900
Event: 3.886 Thread 0x00007fbf94018000 Exception <a 'java/lang/NoSuchMethodError'{0x00007f9f7c6651f0}: 'java.lang.Object java.lang.invoke.Invokers$Holder.invokeExact_MT(java.lang.Object, java.lang.Object, java.lang.Object, java.lang.Object, java.lang.Object, java.lang.Object)'> (0x00007f9f7c6651f0) 
thrown [src/hotspot/share/interpreter/linkResolver.cpp, line 766]
Event: 4.006 Thread 0x00007fbf94018000 Exception <a 'java/lang/NoSuchMethodError'{0x00007f9f7c7a31b0}: 'int java.lang.invoke.DirectMethodHandle$Holder.invokeStatic(java.lang.Object, java.lang.Object, int)'> (0x00007f9f7c7a31b0) 
thrown [src/hotspot/share/interpreter/linkResolver.cpp, line 766]
Event: 4.136 Thread 0x00007fbf94018000 Exception <a 'java/lang/NoSuchMethodError'{0x00007f9f7ca193c8}: 'int java.lang.invoke.DirectMethodHandle$Holder.invokeStatic(java.lang.Object, java.lang.Object, java.lang.Object, int)'> (0x00007f9f7ca193c8) 
thrown [src/hotspot/share/interpreter/linkResolver.cpp, line 766]
Event: 5.105 Thread 0x00007fbf94018000 Exception <a 'java/lang/ClassNotFoundException'{0x00007f9f8486c630}: com/sun/org/apache/xerces/internal/impl/msg/spi/SAXMessagesProvider> (0x00007f9f8486c630) 
thrown [src/hotspot/share/classfile/systemDictionary.cpp, line 232]
Event: 5.865 Thread 0x00007fbf94018000 Exception <a 'java/lang/NoSuchMethodError'{0x00007f9f85ea3ce0}: 'java.lang.Object java.lang.invoke.DirectMethodHandle$Holder.invokeStaticInit(java.lang.Object, java.lang.Object, java.lang.Object)'> (0x00007f9f85ea3ce0) 
thrown [src/hotspot/share/interpreter/linkResolver.cpp, line 766]
Event: 5.866 Thread 0x00007fbf94018000 Exception <a 'java/lang/NoSuchMethodError'{0x00007f9f85eaeca8}: 'void java.lang.invoke.DirectMethodHandle$Holder.invokeStatic(java.lang.Object, java.lang.Object, java.lang.Object, java.lang.Object, java.lang.Object, java.lang.Object)'> (0x00007f9f85eaeca8) 
thrown [src/hotspot/share/interpreter/linkResolver.cpp, line 766]
Event: 5.872 Thread 0x00007fbf94018000 Exception <a 'java/lang/NoSuchMethodError'{0x00007f9f85ee69a0}: 'void java.lang.invoke.DirectMethodHandle$Holder.invokeStaticInit(java.lang.Object, java.lang.Object, java.lang.Object)'> (0x00007f9f85ee69a0) 
thrown [src/hotspot/share/interpreter/linkResolver.cpp, line 766]
Event: 5.908 Thread 0x00007fbf94018000 Exception <a 'java/net/UnknownHostException'{0x00007f9f85f09c00}> (0x00007f9f85f09c00) 
thrown [src/hotspot/share/prims/jni.cpp, line 598]
Event: 613.202 Thread 0x00007fbf94018000 Exception <a 'java/net/UnknownHostException'{0x00007f9f8babc3d8}> (0x00007f9f8babc3d8) 
thrown [src/hotspot/share/prims/jni.cpp, line 598]
Event: 613.220 Thread 0x00007fbf94018000 Implicit null exception at 0x00007fbf843d6530 to 0x00007fbf843d7788
Event: 613.238 Thread 0x00007fbf94018000 Implicit null exception at 0x00007fbf8429123f to 0x00007fbf84291558
Event: 613.364 Thread 0x00007fbf94018000 Exception <a 'java/net/UnknownHostException'{0x00007f9f8c5b9748}> (0x00007f9f8c5b9748) 
thrown [src/hotspot/share/prims/jni.cpp, line 598]
Event: 613.366 Thread 0x00007fbf94018000 Implicit null exception at 0x00007fbf8436d8b3 to 0x00007fbf8436e1b4
Event: 614.693 Thread 0x00007fbf94018000 Exception <a 'java/lang/NoSuchMethodError'{0x00007f9f8d95f4e0}: 'void java.lang.invoke.DirectMethodHandle$Holder.invokeStatic(java.lang.Object, java.lang.Object, int)'> (0x00007f9f8d95f4e0) 
thrown [src/hotspot/share/interpreter/linkResolver.cpp, line 766]
Event: 614.701 Thread 0x00007fbf94018000 Exception <a 'java/lang/NoSuchMethodError'{0x00007f9f8d97f590}: 'java.lang.Object java.lang.invoke.Invokers$Holder.linkToTargetMethod(java.lang.Object, int, java.lang.Object)'> (0x00007f9f8d97f590) 
thrown [src/hotspot/share/interpreter/linkResolver.cpp, line 766]

Events (20 events):
Event: 618.058 loading class org/apache/commons/math3/exception/ZeroException done
Event: 618.059 loading class org/apache/commons/math3/linear/FieldVector
Event: 618.059 loading class org/apache/commons/math3/linear/FieldVector done
Event: 618.059 loading class org/apache/commons/math3/linear/BlockRealMatrix
Event: 618.059 loading class org/apache/commons/math3/linear/BlockRealMatrix done
Event: 618.064 loading class org/apache/commons/math3/optim/PointValuePair
Event: 618.064 loading class org/apache/commons/math3/optim/PointValuePair done
Event: 618.065 loading class org/apache/commons/math3/util/Pair
Event: 618.065 loading class org/apache/commons/math3/util/Pair done
Event: 618.361 Executing VM operation: GenCollectForAllocation
Event: 619.111 Executing VM operation: GenCollectForAllocation done
Event: 619.960 Executing VM operation: GenCollectForAllocation
Event: 622.170 Executing VM operation: GenCollectForAllocation done
Event: 623.638 Executing VM operation: GenCollectForAllocation
Event: 624.490 Executing VM operation: GenCollectForAllocation done
Event: 625.900 Executing VM operation: GenCollectForAllocation
Event: 630.047 Executing VM operation: GenCollectForAllocation done
Event: 633.993 Executing VM operation: GenCollectForAllocation
Event: 635.645 Executing VM operation: GenCollectForAllocation done
Event: 638.536 Executing VM operation: GenCollectForAllocation


Dynamic libraries:
558a5e66e000-558a5e66f000 r--p 00000000 07:37 4860                       /usr/lib/jvm/java-13-openjdk-amd64/bin/java
558a5e66f000-558a5e670000 r-xp 00001000 07:37 4860                       /usr/lib/jvm/java-13-openjdk-amd64/bin/java
558a5e670000-558a5e671000 r--p 00002000 07:37 4860                       /usr/lib/jvm/java-13-openjdk-amd64/bin/java
558a5e671000-558a5e672000 r--p 00002000 07:37 4860                       /usr/lib/jvm/java-13-openjdk-amd64/bin/java
558a5e672000-558a5e673000 rw-p 00003000 07:37 4860                       /usr/lib/jvm/java-13-openjdk-amd64/bin/java
558a5fa3c000-558a5fa5d000 rw-p 00000000 00:00 0                          [heap]
7f9f30000000-7f9f3008e000 rw-p 00000000 00:00 0 
7f9f3008e000-7f9f34000000 ---p 00000000 00:00 0 
7f9f34000000-7f9f34021000 rw-p 00000000 00:00 0 
7f9f34021000-7f9f38000000 ---p 00000000 00:00 0 
7f9f3aeff000-7f9f3afff000 rw-p 00000000 00:00 0 
7f9f3afff000-7f9f3b103000 ---p 00000000 00:00 0 
7f9f3b103000-7f9f3b400000 rw-p 00000000 00:00 0 
7f9f3b400000-7f9f3b600000 rw-p 00000000 00:00 0 
7f9f3b600000-7f9f3b800000 rw-p 00000000 00:00 0 
7f9f3b800000-7f9f3ba00000 rw-p 00000000 00:00 0 
7f9f3ba00000-7f9f3bc00000 rw-p 00000000 00:00 0 
7f9f3bc00000-7f9f3be00000 rw-p 00000000 00:00 0 
7f9f3be00000-7f9f3c000000 rw-p 00000000 00:00 0 
7f9f3c000000-7f9f3c021000 rw-p 00000000 00:00 0 
7f9f3c021000-7f9f40000000 ---p 00000000 00:00 0 
7f9f40000000-7f9f40021000 rw-p 00000000 00:00 0 
7f9f40021000-7f9f44000000 ---p 00000000 00:00 0 
7f9f44000000-7f9f4630b000 rw-p 00000000 00:00 0 
7f9f4630b000-7f9f48000000 ---p 00000000 00:00 0 
7f9f48000000-7f9f48ab8000 rw-p 00000000 00:00 0 
7f9f48ab8000-7f9f4c000000 ---p 00000000 00:00 0 
7f9f4c000000-7f9f4c021000 rw-p 00000000 00:00 0 
7f9f4c021000-7f9f50000000 ---p 00000000 00:00 0 
7f9f50000000-7f9f50021000 rw-p 00000000 00:00 0 
7f9f50021000-7f9f54000000 ---p 00000000 00:00 0 
7f9f54000000-7f9f54021000 rw-p 00000000 00:00 0 
7f9f54021000-7f9f58000000 ---p 00000000 00:00 0 
7f9f58000000-7f9f58021000 rw-p 00000000 00:00 0 
7f9f58021000-7f9f5c000000 ---p 00000000 00:00 0 
7f9f5c000000-7f9f5c033000 rw-p 00000000 00:00 0 
7f9f5c033000-7f9f60000000 ---p 00000000 00:00 0 
7f9f600aa000-7f9f6044a000 rw-p 00000000 00:00 0 
7f9f6044a000-7f9f6064a000 rw-p 00000000 00:00 0 
7f9f6064a000-7f9f6084a000 rw-p 00000000 00:00 0 
7f9f6084a000-7f9f60a4a000 rw-p 00000000 00:00 0 
7f9f60a4a000-7f9f60a4b000 ---p 00000000 00:00 0 
7f9f60a4b000-7f9f60b4c000 rw-p 00000000 00:00 0 
7f9f60b4c000-7f9f60b50000 ---p 00000000 00:00 0 
7f9f60b50000-7f9f60c4d000 rw-p 00000000 00:00 0 
7f9f60c4d000-7f9f60c51000 ---p 00000000 00:00 0 
7f9f60c51000-7f9f60d4e000 rw-p 00000000 00:00 0 
7f9f60d4e000-7f9f60d52000 ---p 00000000 00:00 0 
7f9f60d52000-7f9f60e4f000 rw-p 00000000 00:00 0 
7f9f60e4f000-7f9f60e53000 ---p 00000000 00:00 0 
7f9f60e53000-7f9f60f50000 rw-p 00000000 00:00 0 
7f9f60f50000-7f9f60f54000 ---p 00000000 00:00 0 
7f9f60f54000-7f9f61051000 rw-p 00000000 00:00 0 
7f9f61051000-7f9f61055000 ---p 00000000 00:00 0 
7f9f61055000-7f9f61152000 rw-p 00000000 00:00 0 
7f9f61152000-7f9f61156000 ---p 00000000 00:00 0 
7f9f61156000-7f9f61253000 rw-p 00000000 00:00 0 
7f9f61253000-7f9f61257000 ---p 00000000 00:00 0 
7f9f61257000-7f9f626d1000 rw-p 00000000 00:00 0 
7f9f626d1000-7f9f6c5ff000 ---p 00000000 00:00 0 
7f9f6c5ff000-7f9f6cac4000 rw-p 00000000 00:00 0 
7f9f6cac4000-7f9f71b54000 ---p 00000000 00:00 0 
7f9f71b54000-7f9f726d1000 rw-p 00000000 00:00 0 
7f9f726d1000-7f9f7c5ff000 ---p 00000000 00:00 0 
7f9f7c5ff000-7fa015000000 rw-p 00000000 00:00 0 
7fa015000000-7faa270a0000 ---p 00000000 00:00 0 
7faa270a0000-7fab969fe000 rw-p 00000000 00:00 0 
7fac8baae000-7fbf7c600000 ---p 00000000 00:00 0 
7fbf7c63b000-7fbf7c63f000 r--p 00000000 07:37 9178                       /usr/lib/x86_64-linux-gnu/libresolv-2.31.so
7fbf7c63f000-7fbf7c64f000 r-xp 00004000 07:37 9178                       /usr/lib/x86_64-linux-gnu/libresolv-2.31.so
7fbf7c64f000-7fbf7c653000 r--p 00014000 07:37 9178                       /usr/lib/x86_64-linux-gnu/libresolv-2.31.so
7fbf7c653000-7fbf7c654000 r--p 00017000 07:37 9178                       /usr/lib/x86_64-linux-gnu/libresolv-2.31.so
7fbf7c654000-7fbf7c655000 rw-p 00018000 07:37 9178                       /usr/lib/x86_64-linux-gnu/libresolv-2.31.so
7fbf7c655000-7fbf7c688000 rw-p 00000000 00:00 0 
7fbf7c688000-7fbf7c689000 ---p 00000000 00:00 0 
7fbf7c689000-7fbf7c78a000 rw-p 00000000 00:00 0 
7fbf7c78a000-7fbf7c9fa000 rwxp 00000000 00:00 0 
7fbf7c9fa000-7fbf7cd19000 ---p 00000000 00:00 0 
7fbf7cd19000-7fbf7d599000 rwxp 00000000 00:00 0 
7fbf7d599000-7fbf84251000 ---p 00000000 00:00 0 
7fbf84251000-7fbf844e1000 rwxp 00000000 00:00 0 
7fbf844e1000-7fbf8b78a000 ---p 00000000 00:00 0 
7fbf8b78a000-7fbf94000000 r--s 00000000 07:37 5215                       /usr/lib/jvm/java-13-openjdk-amd64/lib/modules
7fbf94000000-7fbf94812000 rw-p 00000000 00:00 0 
7fbf94812000-7fbf98000000 ---p 00000000 00:00 0 
7fbf98004000-7fbf98005000 r--p 00000000 07:37 9105                       /usr/lib/x86_64-linux-gnu/libnss_dns-2.31.so
7fbf98005000-7fbf98009000 r-xp 00001000 07:37 9105                       /usr/lib/x86_64-linux-gnu/libnss_dns-2.31.so
7fbf98009000-7fbf9800a000 r--p 00005000 07:37 9105                       /usr/lib/x86_64-linux-gnu/libnss_dns-2.31.so
7fbf9800a000-7fbf9800b000 r--p 00005000 07:37 9105                       /usr/lib/x86_64-linux-gnu/libnss_dns-2.31.so
7fbf9800b000-7fbf9800c000 rw-p 00006000 07:37 9105                       /usr/lib/x86_64-linux-gnu/libnss_dns-2.31.so
7fbf9800c000-7fbf9800e000 r--p 00000000 07:37 5202                       /usr/lib/jvm/java-13-openjdk-amd64/lib/libmanagement_ext.so
7fbf9800e000-7fbf98011000 r-xp 00002000 07:37 5202                       /usr/lib/jvm/java-13-openjdk-amd64/lib/libmanagement_ext.so
7fbf98011000-7fbf98012000 r--p 00005000 07:37 5202                       /usr/lib/jvm/java-13-openjdk-amd64/lib/libmanagement_ext.so
7fbf98012000-7fbf98013000 ---p 00006000 07:37 5202                       /usr/lib/jvm/java-13-openjdk-amd64/lib/libmanagement_ext.so
7fbf98013000-7fbf98014000 r--p 00006000 07:37 5202                       /usr/lib/jvm/java-13-openjdk-amd64/lib/libmanagement_ext.so
7fbf98014000-7fbf98015000 rw-p 00007000 07:37 5202                       /usr/lib/jvm/java-13-openjdk-amd64/lib/libmanagement_ext.so
7fbf98015000-7fbf98018000 r--p 00000000 07:37 5200                       /usr/lib/jvm/java-13-openjdk-amd64/lib/libmanagement.so
7fbf98018000-7fbf98019000 r-xp 00003000 07:37 5200                       /usr/lib/jvm/java-13-openjdk-amd64/lib/libmanagement.so
7fbf98019000-7fbf9801a000 r--p 00004000 07:37 5200                       /usr/lib/jvm/java-13-openjdk-amd64/lib/libmanagement.so
7fbf9801a000-7fbf9801b000 r--p 00004000 07:37 5200                       /usr/lib/jvm/java-13-openjdk-amd64/lib/libmanagement.so
7fbf9801b000-7fbf9801c000 rw-p 00005000 07:37 5200                       /usr/lib/jvm/java-13-openjdk-amd64/lib/libmanagement.so
7fbf9801c000-7fbf98020000 r--p 00000000 07:37 5204                       /usr/lib/jvm/java-13-openjdk-amd64/lib/libnet.so
7fbf98020000-7fbf9802e000 r-xp 00004000 07:37 5204                       /usr/lib/jvm/java-13-openjdk-amd64/lib/libnet.so
7fbf9802e000-7fbf98032000 r--p 00012000 07:37 5204                       /usr/lib/jvm/java-13-openjdk-amd64/lib/libnet.so
7fbf98032000-7fbf98033000 r--p 00015000 07:37 5204                       /usr/lib/jvm/java-13-openjdk-amd64/lib/libnet.so
7fbf98033000-7fbf98034000 rw-p 00016000 07:37 5204                       /usr/lib/jvm/java-13-openjdk-amd64/lib/libnet.so
7fbf98034000-7fbf9803b000 r--p 00000000 07:37 5205                       /usr/lib/jvm/java-13-openjdk-amd64/lib/libnio.so
7fbf9803b000-7fbf98044000 r-xp 00007000 07:37 5205                       /usr/lib/jvm/java-13-openjdk-amd64/lib/libnio.so
7fbf98044000-7fbf98048000 r--p 00010000 07:37 5205                       /usr/lib/jvm/java-13-openjdk-amd64/lib/libnio.so
7fbf98048000-7fbf98049000 r--p 00013000 07:37 5205                       /usr/lib/jvm/java-13-openjdk-amd64/lib/libnio.so
7fbf98049000-7fbf9804a000 rw-p 00014000 07:37 5205                       /usr/lib/jvm/java-13-openjdk-amd64/lib/libnio.so
7fbf9804a000-7fbf98051000 r--s 00000000 07:37 8532                       /usr/lib/x86_64-linux-gnu/gconv/gconv-modules.cache
7fbf98051000-7fbf98083000 r--p 00000000 07:37 5276                       /usr/lib/locale/C.UTF-8/LC_CTYPE
7fbf98083000-7fbf981a6000 rw-p 00000000 00:00 0 
7fbf981a6000-7fbf9828b000 ---p 00000000 00:00 0 
7fbf9828b000-7fbf9829c000 rw-p 00000000 00:00 0 
7fbf9829c000-7fbf98376000 ---p 00000000 00:00 0 
7fbf98376000-7fbf9837b000 rw-p 00000000 00:00 0 
7fbf9837b000-7fbf98382000 ---p 00000000 00:00 0 
7fbf98382000-7fbf98384000 r--p 00000000 07:37 5214                       /usr/lib/jvm/java-13-openjdk-amd64/lib/libzip.so
7fbf98384000-7fbf98388000 r-xp 00002000 07:37 5214                       /usr/lib/jvm/java-13-openjdk-amd64/lib/libzip.so
7fbf98388000-7fbf9838a000 r--p 00006000 07:37 5214                       /usr/lib/jvm/java-13-openjdk-amd64/lib/libzip.so
7fbf9838a000-7fbf9838b000 r--p 00007000 07:37 5214                       /usr/lib/jvm/java-13-openjdk-amd64/lib/libzip.so
7fbf9838b000-7fbf9838c000 rw-p 00008000 07:37 5214                       /usr/lib/jvm/java-13-openjdk-amd64/lib/libzip.so
7fbf9838c000-7fbf98394000 rw-s 00000000 08:03 34784703                   /tmp/hsperfdata_rcabanas/16640
7fbf98394000-7fbf98397000 r--p 00000000 07:37 9108                       /usr/lib/x86_64-linux-gnu/libnss_files-2.31.so
7fbf98397000-7fbf9839e000 r-xp 00003000 07:37 9108                       /usr/lib/x86_64-linux-gnu/libnss_files-2.31.so
7fbf9839e000-7fbf983a0000 r--p 0000a000 07:37 9108                       /usr/lib/x86_64-linux-gnu/libnss_files-2.31.so
7fbf983a0000-7fbf983a1000 r--p 0000b000 07:37 9108                       /usr/lib/x86_64-linux-gnu/libnss_files-2.31.so
7fbf983a1000-7fbf983a2000 rw-p 0000c000 07:37 9108                       /usr/lib/x86_64-linux-gnu/libnss_files-2.31.so
7fbf983a2000-7fbf983a8000 rw-p 00000000 00:00 0 
7fbf983ae000-7fbf983b0000 r--p 00000000 07:37 5195                       /usr/lib/jvm/java-13-openjdk-amd64/lib/libjimage.so
7fbf983b0000-7fbf983b3000 r-xp 00002000 07:37 5195                       /usr/lib/jvm/java-13-openjdk-amd64/lib/libjimage.so
7fbf983b3000-7fbf983b4000 r--p 00005000 07:37 5195                       /usr/lib/jvm/java-13-openjdk-amd64/lib/libjimage.so
7fbf983b4000-7fbf983b5000 ---p 00006000 07:37 5195                       /usr/lib/jvm/java-13-openjdk-amd64/lib/libjimage.so
7fbf983b5000-7fbf983b6000 r--p 00006000 07:37 5195                       /usr/lib/jvm/java-13-openjdk-amd64/lib/libjimage.so
7fbf983b6000-7fbf983b7000 rw-p 00007000 07:37 5195                       /usr/lib/jvm/java-13-openjdk-amd64/lib/libjimage.so
7fbf983b7000-7fbf983c4000 r--p 00000000 07:37 5191                       /usr/lib/jvm/java-13-openjdk-amd64/lib/libjava.so
7fbf983c4000-7fbf983d9000 r-xp 0000d000 07:37 5191                       /usr/lib/jvm/java-13-openjdk-amd64/lib/libjava.so
7fbf983d9000-7fbf983df000 r--p 00022000 07:37 5191                       /usr/lib/jvm/java-13-openjdk-amd64/lib/libjava.so
7fbf983df000-7fbf983e0000 ---p 00028000 07:37 5191                       /usr/lib/jvm/java-13-openjdk-amd64/lib/libjava.so
7fbf983e0000-7fbf983e1000 r--p 00028000 07:37 5191                       /usr/lib/jvm/java-13-openjdk-amd64/lib/libjava.so
7fbf983e1000-7fbf983e3000 rw-p 00029000 07:37 5191                       /usr/lib/jvm/java-13-openjdk-amd64/lib/libjava.so
7fbf983e3000-7fbf983e8000 r--p 00000000 07:37 5213                       /usr/lib/jvm/java-13-openjdk-amd64/lib/libverify.so
7fbf983e8000-7fbf983ef000 r-xp 00005000 07:37 5213                       /usr/lib/jvm/java-13-openjdk-amd64/lib/libverify.so
7fbf983ef000-7fbf983f1000 r--p 0000c000 07:37 5213                       /usr/lib/jvm/java-13-openjdk-amd64/lib/libverify.so
7fbf983f1000-7fbf983f2000 ---p 0000e000 07:37 5213                       /usr/lib/jvm/java-13-openjdk-amd64/lib/libverify.so
7fbf983f2000-7fbf983f4000 r--p 0000e000 07:37 5213                       /usr/lib/jvm/java-13-openjdk-amd64/lib/libverify.so
7fbf983f4000-7fbf983f5000 rw-p 00010000 07:37 5213                       /usr/lib/jvm/java-13-openjdk-amd64/lib/libverify.so
7fbf983f5000-7fbf983f9000 ---p 00000000 00:00 0 
7fbf983f9000-7fbf984f6000 rw-p 00000000 00:00 0 
7fbf984f6000-7fbf984f9000 r--p 00000000 07:37 8948                       /usr/lib/x86_64-linux-gnu/libgcc_s.so.1
7fbf984f9000-7fbf9850b000 r-xp 00003000 07:37 8948                       /usr/lib/x86_64-linux-gnu/libgcc_s.so.1
7fbf9850b000-7fbf9850f000 r--p 00015000 07:37 8948                       /usr/lib/x86_64-linux-gnu/libgcc_s.so.1
7fbf9850f000-7fbf98510000 r--p 00018000 07:37 8948                       /usr/lib/x86_64-linux-gnu/libgcc_s.so.1
7fbf98510000-7fbf98511000 rw-p 00019000 07:37 8948                       /usr/lib/x86_64-linux-gnu/libgcc_s.so.1
7fbf98511000-7fbf9851e000 r--p 00000000 07:37 9062                       /usr/lib/x86_64-linux-gnu/libm-2.31.so
7fbf9851e000-7fbf985c5000 r-xp 0000d000 07:37 9062                       /usr/lib/x86_64-linux-gnu/libm-2.31.so
7fbf985c5000-7fbf9865e000 r--p 000b4000 07:37 9062                       /usr/lib/x86_64-linux-gnu/libm-2.31.so
7fbf9865e000-7fbf9865f000 r--p 0014c000 07:37 9062                       /usr/lib/x86_64-linux-gnu/libm-2.31.so
7fbf9865f000-7fbf98660000 rw-p 0014d000 07:37 9062                       /usr/lib/x86_64-linux-gnu/libm-2.31.so
7fbf98660000-7fbf986f6000 r--p 00000000 07:37 9213                       /usr/lib/x86_64-linux-gnu/libstdc++.so.6.0.28
7fbf986f6000-7fbf987e7000 r-xp 00096000 07:37 9213                       /usr/lib/x86_64-linux-gnu/libstdc++.so.6.0.28
7fbf987e7000-7fbf98830000 r--p 00187000 07:37 9213                       /usr/lib/x86_64-linux-gnu/libstdc++.so.6.0.28
7fbf98830000-7fbf98831000 ---p 001d0000 07:37 9213                       /usr/lib/x86_64-linux-gnu/libstdc++.so.6.0.28
7fbf98831000-7fbf9883c000 r--p 001d0000 07:37 9213                       /usr/lib/x86_64-linux-gnu/libstdc++.so.6.0.28
7fbf9883c000-7fbf9883f000 rw-p 001db000 07:37 9213                       /usr/lib/x86_64-linux-gnu/libstdc++.so.6.0.28
7fbf9883f000-7fbf98842000 rw-p 00000000 00:00 0 
7fbf98842000-7fbf98ac8000 r--p 00000000 07:37 5226                       /usr/lib/jvm/java-13-openjdk-amd64/lib/server/libjvm.so
7fbf98ac8000-7fbf99845000 r-xp 00286000 07:37 5226                       /usr/lib/jvm/java-13-openjdk-amd64/lib/server/libjvm.so
7fbf99845000-7fbf99ac0000 r--p 01003000 07:37 5226                       /usr/lib/jvm/java-13-openjdk-amd64/lib/server/libjvm.so
7fbf99ac0000-7fbf99b85000 r--p 0127d000 07:37 5226                       /usr/lib/jvm/java-13-openjdk-amd64/lib/server/libjvm.so
7fbf99b85000-7fbf99bc0000 rw-p 01342000 07:37 5226                       /usr/lib/jvm/java-13-openjdk-amd64/lib/server/libjvm.so
7fbf99bc0000-7fbf99c46000 rw-p 00000000 00:00 0 
7fbf99c46000-7fbf99c4c000 r--p 00000000 07:37 9166                       /usr/lib/x86_64-linux-gnu/libpthread-2.31.so
7fbf99c4c000-7fbf99c5d000 r-xp 00006000 07:37 9166                       /usr/lib/x86_64-linux-gnu/libpthread-2.31.so
7fbf99c5d000-7fbf99c63000 r--p 00017000 07:37 9166                       /usr/lib/x86_64-linux-gnu/libpthread-2.31.so
7fbf99c63000-7fbf99c64000 r--p 0001c000 07:37 9166                       /usr/lib/x86_64-linux-gnu/libpthread-2.31.so
7fbf99c64000-7fbf99c65000 rw-p 0001d000 07:37 9166                       /usr/lib/x86_64-linux-gnu/libpthread-2.31.so
7fbf99c65000-7fbf99c69000 rw-p 00000000 00:00 0 
7fbf99c69000-7fbf99c6a000 r--p 00000000 07:37 8893                       /usr/lib/x86_64-linux-gnu/libdl-2.31.so
7fbf99c6a000-7fbf99c6c000 r-xp 00001000 07:37 8893                       /usr/lib/x86_64-linux-gnu/libdl-2.31.so
7fbf99c6c000-7fbf99c6d000 r--p 00003000 07:37 8893                       /usr/lib/x86_64-linux-gnu/libdl-2.31.so
7fbf99c6d000-7fbf99c6e000 r--p 00003000 07:37 8893                       /usr/lib/x86_64-linux-gnu/libdl-2.31.so
7fbf99c6e000-7fbf99c6f000 rw-p 00004000 07:37 8893                       /usr/lib/x86_64-linux-gnu/libdl-2.31.so
7fbf99c6f000-7fbf99c71000 r--p 00000000 07:37 9290                       /usr/lib/x86_64-linux-gnu/libz.so.1.2.11
7fbf99c71000-7fbf99c82000 r-xp 00002000 07:37 9290                       /usr/lib/x86_64-linux-gnu/libz.so.1.2.11
7fbf99c82000-7fbf99c88000 r--p 00013000 07:37 9290                       /usr/lib/x86_64-linux-gnu/libz.so.1.2.11
7fbf99c88000-7fbf99c89000 ---p 00019000 07:37 9290                       /usr/lib/x86_64-linux-gnu/libz.so.1.2.11
7fbf99c89000-7fbf99c8a000 r--p 00019000 07:37 9290                       /usr/lib/x86_64-linux-gnu/libz.so.1.2.11
7fbf99c8a000-7fbf99c8b000 rw-p 0001a000 07:37 9290                       /usr/lib/x86_64-linux-gnu/libz.so.1.2.11
7fbf99c8b000-7fbf99cad000 r--p 00000000 07:37 8851                       /usr/lib/x86_64-linux-gnu/libc-2.31.so
7fbf99cad000-7fbf99e25000 r-xp 00022000 07:37 8851                       /usr/lib/x86_64-linux-gnu/libc-2.31.so
7fbf99e25000-7fbf99e73000 r--p 0019a000 07:37 8851                       /usr/lib/x86_64-linux-gnu/libc-2.31.so
7fbf99e73000-7fbf99e77000 r--p 001e7000 07:37 8851                       /usr/lib/x86_64-linux-gnu/libc-2.31.so
7fbf99e77000-7fbf99e79000 rw-p 001eb000 07:37 8851                       /usr/lib/x86_64-linux-gnu/libc-2.31.so
7fbf99e79000-7fbf99e7d000 rw-p 00000000 00:00 0 
7fbf99e7f000-7fbf99e81000 r--s 0000c000 07:37 20930                      /usr/share/java/java-atk-wrapper.jar
7fbf99e81000-7fbf99e82000 ---p 00000000 00:00 0 
7fbf99e82000-7fbf99e83000 r--p 00000000 00:00 0 
7fbf99e83000-7fbf99e86000 r--p 00000000 07:37 5196                       /usr/lib/jvm/java-13-openjdk-amd64/lib/libjli.so
7fbf99e86000-7fbf99e90000 r-xp 00003000 07:37 5196                       /usr/lib/jvm/java-13-openjdk-amd64/lib/libjli.so
7fbf99e90000-7fbf99e93000 r--p 0000d000 07:37 5196                       /usr/lib/jvm/java-13-openjdk-amd64/lib/libjli.so
7fbf99e93000-7fbf99e94000 r--p 0000f000 07:37 5196                       /usr/lib/jvm/java-13-openjdk-amd64/lib/libjli.so
7fbf99e94000-7fbf99e95000 rw-p 00010000 07:37 5196                       /usr/lib/jvm/java-13-openjdk-amd64/lib/libjli.so
7fbf99e95000-7fbf99e97000 rw-p 00000000 00:00 0 
7fbf99e97000-7fbf99e98000 r--p 00000000 07:37 8572                       /usr/lib/x86_64-linux-gnu/ld-2.31.so
7fbf99e98000-7fbf99ebb000 r-xp 00001000 07:37 8572                       /usr/lib/x86_64-linux-gnu/ld-2.31.so
7fbf99ebb000-7fbf99ec3000 r--p 00024000 07:37 8572                       /usr/lib/x86_64-linux-gnu/ld-2.31.so
7fbf99ec3000-7fbf99ec4000 ---p 00000000 00:00 0 
7fbf99ec4000-7fbf99ec5000 r--p 0002c000 07:37 8572                       /usr/lib/x86_64-linux-gnu/ld-2.31.so
7fbf99ec5000-7fbf99ec6000 rw-p 0002d000 07:37 8572                       /usr/lib/x86_64-linux-gnu/ld-2.31.so
7fbf99ec6000-7fbf99ec7000 rw-p 00000000 00:00 0 
7ffcdd38a000-7ffcdd3ab000 rw-p 00000000 00:00 0                          [stack]
7ffcdd3de000-7ffcdd3e0000 r-xp 00000000 00:00 0                          [vdso]
ffffffffff600000-ffffffffff601000 r-xp 00000000 00:00 0                  [vsyscall]


VM Arguments:
jvm_args: -Xmx128g --add-modules=ALL-DEFAULT 
java_command: jdk.compiler/com.sun.tools.javac.launcher.Main /mnt/beegfs/rcabanas/dev/credici/papers/zeros/code/GenerateNparents.java -np 2 -nzr 1.0 -zdr 0.5 -o /mnt/beegfs/rcabanas/dev/credici/papers/zeros/models/s3 -rw -s 91 -ys 3
java_class_path (initial): /mnt/beegfs/rcabanas/dev/credici/target/credici-0.1.5-dev-SNAPSHOT-jar-with-dependencies.jar
Launcher Type: SUN_STANDARD

[Global flags]
     intx CICompilerCount                          = 2                                         {product} {ergonomic}
   size_t InitialHeapSize                          = 2147483648                                {product} {ergonomic}
   size_t MaxHeapSize                              = 137438953472                              {product} {command line}
   size_t MaxNewSize                               = 45812940800                               {product} {ergonomic}
   size_t MinHeapDeltaBytes                        = 196608                                    {product} {ergonomic}
   size_t MinHeapSize                              = 8388608                                   {product} {ergonomic}
   size_t NewSize                                  = 715784192                                 {product} {ergonomic}
    uintx NonNMethodCodeHeapSize                   = 5826188                                {pd product} {ergonomic}
    uintx NonProfiledCodeHeapSize                  = 122916026                              {pd product} {ergonomic}
   size_t OldSize                                  = 1431699456                                {product} {ergonomic}
    uintx ProfiledCodeHeapSize                     = 122916026                              {pd product} {ergonomic}
    uintx ReservedCodeCacheSize                    = 251658240                              {pd product} {ergonomic}
     bool SegmentedCodeCache                       = true                                      {product} {ergonomic}
   size_t SoftMaxHeapSize                          = 137438953472                           {manageable} {ergonomic}
     bool UseSerialGC                              = true                                      {product} {ergonomic}

Logging:
Log output configuration:
 #0: stdout all=warning uptime,level,tags
 #1: stderr all=off uptime,level,tags

Environment Variables:
PATH=/usr/local/sbin:/usr/local/bin:/usr/sbin:/usr/bin:/sbin:/bin
LD_LIBRARY_PATH=/.singularity.d/libs

Signal Handlers:
SIGSEGV: [libjvm.so+0xf8fcf0], sa_mask[0]=11111111011111111101111111111110, sa_flags=SA_RESTART|SA_SIGINFO
SIGBUS: [libjvm.so+0xf8fcf0], sa_mask[0]=11111111011111111101111111111110, sa_flags=SA_RESTART|SA_SIGINFO
SIGFPE: [libjvm.so+0xf8fcf0], sa_mask[0]=11111111011111111101111111111110, sa_flags=SA_RESTART|SA_SIGINFO
SIGPIPE: [libjvm.so+0xc3ffa0], sa_mask[0]=11111111011111111101111111111110, sa_flags=SA_RESTART|SA_SIGINFO
SIGXFSZ: [libjvm.so+0xc3ffa0], sa_mask[0]=11111111011111111101111111111110, sa_flags=SA_RESTART|SA_SIGINFO
SIGILL: [libjvm.so+0xf8fcf0], sa_mask[0]=11111111011111111101111111111110, sa_flags=SA_RESTART|SA_SIGINFO
SIGUSR2: [libjvm.so+0xc3fe40], sa_mask[0]=00000000000000000000000000000000, sa_flags=SA_RESTART|SA_SIGINFO
SIGHUP: [libjvm.so+0xc40580], sa_mask[0]=11111111011111111101111111111110, sa_flags=SA_RESTART|SA_SIGINFO
SIGINT: [libjvm.so+0xc40580], sa_mask[0]=11111111011111111101111111111110, sa_flags=SA_RESTART|SA_SIGINFO
SIGTERM: [libjvm.so+0xc40580], sa_mask[0]=11111111011111111101111111111110, sa_flags=SA_RESTART|SA_SIGINFO
SIGQUIT: [libjvm.so+0xc40580], sa_mask[0]=11111111011111111101111111111110, sa_flags=SA_RESTART|SA_SIGINFO


---------------  S Y S T E M  ---------------

OS:DISTRIB_ID=Ubuntu
DISTRIB_RELEASE=20.04
DISTRIB_CODENAME=focal
DISTRIB_DESCRIPTION="Ubuntu 20.04.4 LTS"
uname:Linux 3.10.0-1160.15.2.el7.x86_64 #1 SMP Wed Feb 3 15:06:38 UTC 2021 x86_64
OS uptime: 2 days 16:38 hours
libc:glibc 2.31 NPTL 2.31 
rlimit (soft/hard): STACK 8192k/infinity , CORE 0k/infinity , NPROC 4096/1030217 , NOFILE 131072/131072 , AS infinity/infinity , CPU infinity/infinity , DATA infinity/infinity , FSIZE infinity/infinity , MEMLOCK infinity/infinity
load average:65.55 65.57 61.80

/proc/meminfo:
MemTotal:       263895364 kB
MemFree:          649084 kB
MemAvailable:     811404 kB
Buffers:          303288 kB
Cached:           568204 kB
SwapCached:       294816 kB
Active:         245572008 kB
Inactive:        8255872 kB
Active(anon):   245180216 kB
Inactive(anon):  7799604 kB
Active(file):     391792 kB
Inactive(file):   456268 kB
Unevictable:       28280 kB
Mlocked:           28280 kB
SwapTotal:       4194300 kB
SwapFree:          19452 kB
Dirty:               868 kB
Writeback:           364 kB
AnonPages:      252704960 kB
Mapped:           151804 kB
Shmem:             17864 kB
Slab:             730900 kB
SReclaimable:     169480 kB
SUnreclaim:       561420 kB
KernelStack:       52928 kB
PageTables:       598804 kB
NFS_Unstable:          0 kB
Bounce:                0 kB
WritebackTmp:          0 kB
CommitLimit:    136141980 kB
Committed_AS:   329012428 kB
VmallocTotal:   34359738367 kB
VmallocUsed:      863184 kB
VmallocChunk:   34222527676 kB
Percpu:            18176 kB
HardwareCorrupted:     0 kB
AnonHugePages:  139687936 kB
CmaTotal:              0 kB
CmaFree:               0 kB
HugePages_Total:       0
HugePages_Free:        0
HugePages_Rsvd:        0
HugePages_Surp:        0
Hugepagesize:       2048 kB
DirectMap4k:      636520 kB
DirectMap2M:    31731712 kB
DirectMap1G:    235929600 kB

/sys/kernel/mm/transparent_hugepage/enabled:
[always] madvise never

/sys/kernel/mm/transparent_hugepage/defrag (defrag/compaction efforts parameter):
[always] madvise never


/proc/sys/kernel/threads-max (system-wide limit on the number of threads):
2060435


/proc/sys/vm/max_map_count (maximum number of memory map areas a process may have):
65530


/proc/sys/kernel/pid_max (system-wide limit on number of process identifiers):
65536



Steal ticks since vm start: 0
Steal ticks percentage since vm start:  0.000

CPU:total 64 (initial active 1) (32 cores per cpu, 1 threads per core) family 23 model 49 stepping 0, cmov, cx8, fxsr, mmx, sse, sse2, sse3, ssse3, sse4.1, sse4.2, popcnt, avx, avx2, aes, clmul, mmxext, 3dnowpref, lzcnt, sse4a, tsc, tscinvbit, tscinv, bmi1, bmi2, adx, sha, fma
CPU Model and flags from /proc/cpuinfo:
model name	: AMD EPYC 7542 32-Core Processor
flags		: fpu vme de pse tsc msr pae mce cx8 apic sep mtrr pge mca cmov pat pse36 clflush mmx fxsr sse sse2 ht syscall nx mmxext fxsr_opt pdpe1gb rdtscp lm constant_tsc art rep_good nopl nonstop_tsc extd_apicid aperfmperf eagerfpu pni pclmulqdq monitor ssse3 fma cx16 sse4_1 sse4_2 movbe popcnt aes xsave avx f16c rdrand lahf_lm cmp_legacy svm extapic cr8_legacy abm sse4a misalignsse 3dnowprefetch osvw ibs skinit wdt tce topoext perfctr_core perfctr_nb bpext perfctr_l2 cpb cat_l3 cdp_l3 hw_pstate sme retpoline_amd ssbd ibrs ibpb stibp vmmcall fsgsbase bmi1 avx2 smep bmi2 cqm rdt_a rdseed adx smap clflushopt clwb sha_ni xsaveopt xsavec xgetbv1 cqm_llc cqm_occup_llc cqm_mbm_total cqm_mbm_local clzero irperf xsaveerptr arat npt lbrv svm_lock nrip_save tsc_scale vmcb_clean flushbyasid decodeassists pausefilter pfthreshold avic v_vmsave_vmload vgif umip overflow_recov succor smca
Online cpus:0-63
Offline cpus:
BIOS frequency limitation:2900000
Frequency switch latency (ns):0
Available cpu frequencies:2900000 2400000 1500000 
Current governor:conservative
Core performance/turbo boost:1

Memory: 4k page, physical 263895364k(649084k free), swap 4194300k(19452k free)

vm_info: OpenJDK 64-Bit Server VM (13.0.7+5-Ubuntu-0ubuntu120.04) for linux-amd64 JRE (13.0.7+5-Ubuntu-0ubuntu120.04), built on Apr 21 2021 05:36:19 by "unknown" with gcc 9.3.0

END.
