#
# There is insufficient memory for the Java Runtime Environment to continue.
# Native memory allocation (mmap) failed to map 2788466688 bytes for committing reserved memory.
# Possible reasons:
#   The system is out of physical RAM or swap space
# Possible solutions:
#   Reduce memory load on the system
#   Increase physical memory or swap space
#   Check if swap backing store is full
#   Decrease Java heap size (-Xmx/-Xms)
#   Decrease number of Java threads
#   Decrease Java thread stack sizes (-Xss)
#   Set larger code cache with -XX:ReservedCodeCacheSize=
# This output file may be truncated or incomplete.
#
#  Out of Memory Error (os_linux.cpp:2899), pid=5677, tid=5736
#
# JRE version: OpenJDK Runtime Environment (13.0.7+5) (build 13.0.7+5-Ubuntu-0ubuntu120.04)
# Java VM: OpenJDK 64-Bit Server VM (13.0.7+5-Ubuntu-0ubuntu120.04, mixed mode, tiered, serial gc, linux-amd64)
# No core dump will be written. Core dumps have been disabled. To enable core dumping, try "ulimit -c unlimited" before starting Java again
#

---------------  S U M M A R Y ------------

Command Line: -Xmx128g --add-modules=ALL-DEFAULT jdk.compiler/com.sun.tools.javac.launcher.Main /mnt/beegfs/rcabanas/dev/credici/papers/zeros/code/GenerateNparents.java -np 2 -nzr 0.4 -zdr 0.5 -o /mnt/beegfs/rcabanas/dev/credici/papers/zeros/models/s3 -rw -s 66 -ys 3

Host: AMD EPYC 7542 32-Core Processor, 64 cores, 251G, Ubuntu 20.04.4 LTS
Time: Mon Oct 14 12:59:48 2024 CEST elapsed time: 1522.677462 seconds (0d 0h 25m 22s)

---------------  T H R E A D  ---------------

Current thread (0x00007fd454097800):  VMThread "VM Thread" [stack: 0x00007fd45895a000,0x00007fd458a5a000] [id=5736]

Stack: [0x00007fd45895a000,0x00007fd458a5a000],  sp=0x00007fd458a58160,  free space=1016k
Native frames: (J=compiled Java code, A=aot compiled Java code, j=interpreted, Vv=VM code, C=native code)
V  [libjvm.so+0xf8f092]
V  [libjvm.so+0xf8fc91]
V  [libjvm.so+0x66ee5a]
V  [libjvm.so+0xc44a41]
V  [libjvm.so+0xc3b263]
V  [libjvm.so+0xf87f4b]
V  [libjvm.so+0x557506]
V  [libjvm.so+0x557723]
V  [libjvm.so+0xf18b0c]
V  [libjvm.so+0x557e65]
V  [libjvm.so+0x7e2edb]
V  [libjvm.so+0x7e39bd]
V  [libjvm.so+0x7d8b48]
V  [libjvm.so+0xf90940]
V  [libjvm.so+0xf96657]
V  [libjvm.so+0xf96d2b]
V  [libjvm.so+0xf9706a]
V  [libjvm.so+0xf2208f]
V  [libjvm.so+0xc493ff]

VM_Operation (0x00007fd4596c9ea0): GenCollectForAllocation, mode: safepoint, requested by thread 0x00007fd454018000


---------------  P R O C E S S  ---------------

Threads class SMR info:
_java_thread_list=0x00007fb3f80070d0, length=9, elements={
0x00007fd454018000, 0x00007fd4540a3800, 0x00007fd4540a7000, 0x00007fd4540cb000,
0x00007fd4540cd000, 0x00007fd4540cf000, 0x00007fd4540d1000, 0x00007fd4540d3000,
0x00007fd454138800
}

Java Threads: ( => current thread )
  0x00007fd454018000 JavaThread "main" [_thread_blocked, id=5707, stack(0x00007fd4595cc000,0x00007fd4596cd000)]
  0x00007fd4540a3800 JavaThread "Reference Handler" daemon [_thread_blocked, id=5739, stack(0x00007fd458857000,0x00007fd458958000)]
  0x00007fd4540a7000 JavaThread "Finalizer" daemon [_thread_blocked, id=5740, stack(0x00007fd458756000,0x00007fd458857000)]
  0x00007fd4540cb000 JavaThread "Signal Dispatcher" daemon [_thread_blocked, id=5741, stack(0x00007fd45861c000,0x00007fd45871d000)]
  0x00007fd4540cd000 JavaThread "Service Thread" daemon [_thread_blocked, id=5742, stack(0x00007fd45851b000,0x00007fd45861c000)]
  0x00007fd4540cf000 JavaThread "C2 CompilerThread0" daemon [_thread_blocked, id=5743, stack(0x00007fd45841a000,0x00007fd45851b000)]
  0x00007fd4540d1000 JavaThread "C1 CompilerThread0" daemon [_thread_blocked, id=5744, stack(0x00007fd458319000,0x00007fd45841a000)]
  0x00007fd4540d3000 JavaThread "Sweeper thread" daemon [_thread_blocked, id=5745, stack(0x00007fd458218000,0x00007fd458319000)]
  0x00007fd454138800 JavaThread "Common-Cleaner" daemon [_thread_blocked, id=5748, stack(0x00007fd458117000,0x00007fd458218000)]

Other Threads:
=>0x00007fd454097800 VMThread "VM Thread" [stack: 0x00007fd45895a000,0x00007fd458a5a000] [id=5736]
  0x00007fd454182000 WatcherThread [stack: 0x00007fd458017000,0x00007fd458117000] [id=5752]

Threads with active compile tasks:

VM state:at safepoint (normal execution)

VM Mutex/Monitor currently owned by a thread:  ([mutex/lock_event])
[0x00007fd4540140d0] Threads_lock - owner thread: 0x00007fd454097800
[0x00007fd454014cd0] Heap_lock - owner thread: 0x00007fd454018000

Heap:
 def new generation   total 1609152K, used 113192K [0x00007fb43c600000, 0x00007fb4a9800000, 0x00007fbee70a0000)
  eden space 1430400K,   7% used [0x00007fb43c600000, 0x00007fb44348a138, 0x00007fb493ae0000)
  from space 178752K,   0% used [0x00007fb493ae0000, 0x00007fb493ae0000, 0x00007fb49e970000)
  to   space 178752K,   0% used [0x00007fb49e970000, 0x00007fb49e970000, 0x00007fb4a9800000)
 tenured generation   total 4084668K, used 4084667K [0x00007fbee70a0000, 0x00007fbfe058f000, 0x00007fd43c600000)
   the space 4084668K,  99% used [0x00007fbee70a0000, 0x00007fbfe058efa8, 0x00007fbfe058f000, 0x00007fbfe058f000)
 Metaspace       used 31090K, capacity 31543K, committed 31744K, reserved 32768K

Card table byte_map: [0x00007fb42c5ff000,0x00007fb43c600000] _byte_map_base: 0x00007f745241c000

Polling page: 0x00007fd45b058000

Metaspace:

Usage:
   30.80 MB capacity,    30.36 MB ( 99%) used,   344.38 KB (  1%) free+waste,   108.62 KB ( <1%) overhead. 

Virtual space:
     32.00 MB reserved,      31.00 MB ( 97%) committed 

Chunk freelists:
121.00 KB

MaxMetaspaceSize: unlimited


CodeHeap 'non-profiled nmethods': size=120036Kb used=2519Kb max_used=2621Kb free=117517Kb
 bounds [0x00007fd444251000, 0x00007fd4444e1000, 0x00007fd44b78a000]
CodeHeap 'profiled nmethods': size=120032Kb used=7121Kb max_used=9014Kb free=112910Kb
 bounds [0x00007fd43cd19000, 0x00007fd43d5e9000, 0x00007fd444251000]
CodeHeap 'non-nmethods': size=5692Kb used=1252Kb max_used=1310Kb free=4439Kb
 bounds [0x00007fd43c78a000, 0x00007fd43c9fa000, 0x00007fd43cd19000]
 total_blobs=4289 nmethods=3754 adapters=450
 compilation: enabled
              stopped_count=0, restarted_count=0
 full_count=0

Compilation events (20 events):
Event: 1508.013 Thread 0x00007fd4540cf000 4829       4       ch.idsia.crema.factor.credal.vertex.VertexFactor::multiply (4 bytes)
Event: 1508.014 Thread 0x00007fd4540cf000 nmethod 4829 0x00007fd4444c2d10 code [0x00007fd4444c2e80, 0x00007fd4444c2ed8]
Event: 1508.022 Thread 0x00007fd4540d1000 4830 %     3       ch.idsia.crema.factor.credal.vertex.VertexFactor::combine @ 268 (347 bytes)
Event: 1508.024 Thread 0x00007fd4540d1000 nmethod 4830% 0x00007fd43d1dbd10 code [0x00007fd43d1dc0e0, 0x00007fd43d1ddc50]
Event: 1508.025 Thread 0x00007fd4540d1000 4831       3       ch.idsia.crema.factor.credal.vertex.VertexFactor::combine (347 bytes)
Event: 1508.026 Thread 0x00007fd4540d1000 nmethod 4831 0x00007fd43d382a10 code [0x00007fd43d382dc0, 0x00007fd43d384370]
Event: 1508.028 Thread 0x00007fd4540cf000 4832 %     4       ch.idsia.crema.factor.credal.vertex.VertexFactor::combine @ 268 (347 bytes)
Event: 1508.056 Thread 0x00007fd4540cf000 nmethod 4832% 0x00007fd44439b410 code [0x00007fd44439b600, 0x00007fd44439c438]
Event: 1512.586 Thread 0x00007fd4540d1000 4833 %     3       ch.idsia.crema.factor.credal.vertex.VertexFactor::combine @ 268 (347 bytes)
Event: 1512.588 Thread 0x00007fd4540d1000 nmethod 4833% 0x00007fd43cd71690 code [0x00007fd43cd71a40, 0x00007fd43cd73550]
Event: 1512.590 Thread 0x00007fd4540cf000 4834 %     4       ch.idsia.crema.factor.credal.vertex.VertexFactor::combine @ 268 (347 bytes)
Event: 1512.638 Thread 0x00007fd4540cf000 nmethod 4834% 0x00007fd444359e90 code [0x00007fd44435a0c0, 0x00007fd44435b1c0]
Event: 1513.376 Thread 0x00007fd4540d1000 4835       3       ch.idsia.crema.model.Strides::getCardinality (16 bytes)
Event: 1513.376 Thread 0x00007fd4540d1000 nmethod 4835 0x00007fd43d26cf10 code [0x00007fd43d26d0c0, 0x00007fd43d26d280]
Event: 1513.746 Thread 0x00007fd4540cf000 4836 %     4       ch.idsia.crema.factor.credal.vertex.VertexFactor::reseparate @ 267 (373 bytes)
Event: 1513.982 Thread 0x00007fd4540cf000 nmethod 4836% 0x00007fd4442b2f10 code [0x00007fd4442b3260, 0x00007fd4442b5c60]
Event: 1513.995 Thread 0x00007fd4540cf000 4837       4       ch.idsia.crema.factor.credal.vertex.VertexFactor::reseparate (373 bytes)
Event: 1514.203 Thread 0x00007fd4540cf000 nmethod 4837 0x00007fd444386290 code [0x00007fd444386620, 0x00007fd4443893e8]
Event: 1517.978 Thread 0x00007fd4540cf000 4838       4       java.util.stream.Nodes$IntFixedNodeBuilder::accept (61 bytes)
Event: 1517.979 Thread 0x00007fd4540cf000 nmethod 4838 0x00007fd4442b2a10 code [0x00007fd4442b2b80, 0x00007fd4442b2c38]

GC Heap History (20 events):
Event: 1501.414 GC heap after
{Heap after GC invocations=2302 (full 1):
 def new generation   total 629248K, used 69887K [0x00007fb43c600000, 0x00007fb4670c0000, 0x00007fbee70a0000)
  eden space 559360K,   0% used [0x00007fb43c600000, 0x00007fb43c600000, 0x00007fb45e840000)
  from space 69888K,  99% used [0x00007fb462c80000, 0x00007fb4670bfff8, 0x00007fb4670c0000)
  to   space 69888K,   0% used [0x00007fb45e840000, 0x00007fb45e840000, 0x00007fb462c80000)
 tenured generation   total 1527552K, used 1527507K [0x00007fbee70a0000, 0x00007fbf44460000, 0x00007fd43c600000)
   the space 1527552K,  99% used [0x00007fbee70a0000, 0x00007fbf44454ec8, 0x00007fbf44455000, 0x00007fbf44460000)
 Metaspace       used 30607K, capacity 31005K, committed 31232K, reserved 32768K
}
Event: 1501.414 GC heap before
{Heap before GC invocations=2302 (full 1):
 def new generation   total 629248K, used 69887K [0x00007fb43c600000, 0x00007fb4670c0000, 0x00007fbee70a0000)
  eden space 559360K,   0% used [0x00007fb43c600000, 0x00007fb43c600000, 0x00007fb45e840000)
  from space 69888K,  99% used [0x00007fb462c80000, 0x00007fb4670bfff8, 0x00007fb4670c0000)
  to   space 69888K,   0% used [0x00007fb45e840000, 0x00007fb45e840000, 0x00007fb462c80000)
 tenured generation   total 1527552K, used 1527507K [0x00007fbee70a0000, 0x00007fbf44460000, 0x00007fd43c600000)
   the space 1527552K,  99% used [0x00007fbee70a0000, 0x00007fbf44454ec8, 0x00007fbf44455000, 0x00007fbf44460000)
 Metaspace       used 30607K, capacity 31005K, committed 31232K, reserved 32768K
}
Event: 1502.589 GC heap after
{Heap after GC invocations=2302 (full 2):
 def new generation   total 629248K, used 0K [0x00007fb43c600000, 0x00007fb4670c0000, 0x00007fbee70a0000)
  eden space 559360K,   0% used [0x00007fb43c600000, 0x00007fb43c600000, 0x00007fb45e840000)
  from space 69888K,   0% used [0x00007fb462c80000, 0x00007fb462c80000, 0x00007fb4670c0000)
  to   space 69888K,   0% used [0x00007fb45e840000, 0x00007fb45e840000, 0x00007fb462c80000)
 tenured generation   total 1398144K, used 645803K [0x00007fbee70a0000, 0x00007fbf3c600000, 0x00007fd43c600000)
   the space 1398144K,  46% used [0x00007fbee70a0000, 0x00007fbf0e74ae40, 0x00007fbf0e74b000, 0x00007fbf3c600000)
 Metaspace       used 30607K, capacity 31005K, committed 31232K, reserved 32768K
}
Event: 1503.233 GC heap before
{Heap before GC invocations=2302 (full 2):
 def new generation   total 629248K, used 559360K [0x00007fb43c600000, 0x00007fb4670c0000, 0x00007fbee70a0000)
  eden space 559360K, 100% used [0x00007fb43c600000, 0x00007fb45e840000, 0x00007fb45e840000)
  from space 69888K,   0% used [0x00007fb462c80000, 0x00007fb462c80000, 0x00007fb4670c0000)
  to   space 69888K,   0% used [0x00007fb45e840000, 0x00007fb45e840000, 0x00007fb462c80000)
 tenured generation   total 1398144K, used 645803K [0x00007fbee70a0000, 0x00007fbf3c600000, 0x00007fd43c600000)
   the space 1398144K,  46% used [0x00007fbee70a0000, 0x00007fbf0e74ae40, 0x00007fbf0e74b000, 0x00007fbf3c600000)
 Metaspace       used 30658K, capacity 31095K, committed 31232K, reserved 32768K
}
Event: 1503.940 GC heap after
{Heap after GC invocations=2303 (full 2):
 def new generation   total 629248K, used 69888K [0x00007fb43c600000, 0x00007fb4670c0000, 0x00007fbee70a0000)
  eden space 559360K,   0% used [0x00007fb43c600000, 0x00007fb43c600000, 0x00007fb45e840000)
  from space 69888K, 100% used [0x00007fb45e840000, 0x00007fb462c80000, 0x00007fb462c80000)
  to   space 69888K,   0% used [0x00007fb462c80000, 0x00007fb462c80000, 0x00007fb4670c0000)
 tenured generation   total 1398144K, used 1134969K [0x00007fbee70a0000, 0x00007fbf3c600000, 0x00007fd43c600000)
   the space 1398144K,  81% used [0x00007fbee70a0000, 0x00007fbf2c4fe790, 0x00007fbf2c4fe800, 0x00007fbf3c600000)
 Metaspace       used 30658K, capacity 31095K, committed 31232K, reserved 32768K
}
Event: 1504.711 GC heap before
{Heap before GC invocations=2303 (full 2):
 def new generation   total 629248K, used 629248K [0x00007fb43c600000, 0x00007fb4670c0000, 0x00007fbee70a0000)
  eden space 559360K, 100% used [0x00007fb43c600000, 0x00007fb45e840000, 0x00007fb45e840000)
  from space 69888K, 100% used [0x00007fb45e840000, 0x00007fb462c80000, 0x00007fb462c80000)
  to   space 69888K,   0% used [0x00007fb462c80000, 0x00007fb462c80000, 0x00007fb4670c0000)
 tenured generation   total 1398144K, used 1134969K [0x00007fbee70a0000, 0x00007fbf3c600000, 0x00007fd43c600000)
   the space 1398144K,  81% used [0x00007fbee70a0000, 0x00007fbf2c4fe790, 0x00007fbf2c4fe800, 0x00007fbf3c600000)
 Metaspace       used 31085K, capacity 31543K, committed 31744K, reserved 32768K
}
Event: 1505.332 GC heap after
{Heap after GC invocations=2304 (full 2):
 def new generation   total 629248K, used 69888K [0x00007fb43c600000, 0x00007fb4670c0000, 0x00007fbee70a0000)
  eden space 559360K,   0% used [0x00007fb43c600000, 0x00007fb43c600000, 0x00007fb45e840000)
  from space 69888K, 100% used [0x00007fb462c80000, 0x00007fb4670c0000, 0x00007fb4670c0000)
  to   space 69888K,   0% used [0x00007fb45e840000, 0x00007fb45e840000, 0x00007fb462c80000)
 tenured generation   total 1547520K, used 1547419K [0x00007fbee70a0000, 0x00007fbf457e0000, 0x00007fd43c600000)
   the space 1547520K,  99% used [0x00007fbee70a0000, 0x00007fbf457c6fd8, 0x00007fbf457c7000, 0x00007fbf457e0000)
 Metaspace       used 31085K, capacity 31543K, committed 31744K, reserved 32768K
}
Event: 1505.332 GC heap before
{Heap before GC invocations=2304 (full 2):
 def new generation   total 629248K, used 69888K [0x00007fb43c600000, 0x00007fb4670c0000, 0x00007fbee70a0000)
  eden space 559360K,   0% used [0x00007fb43c600000, 0x00007fb43c600000, 0x00007fb45e840000)
  from space 69888K, 100% used [0x00007fb462c80000, 0x00007fb4670c0000, 0x00007fb4670c0000)
  to   space 69888K,   0% used [0x00007fb45e840000, 0x00007fb45e840000, 0x00007fb462c80000)
 tenured generation   total 1547520K, used 1547419K [0x00007fbee70a0000, 0x00007fbf457e0000, 0x00007fd43c600000)
   the space 1547520K,  99% used [0x00007fbee70a0000, 0x00007fbf457c6fd8, 0x00007fbf457c7000, 0x00007fbf457e0000)
 Metaspace       used 31085K, capacity 31543K, committed 31744K, reserved 32768K
}
Event: 1506.731 GC heap after
{Heap after GC invocations=2304 (full 3):
 def new generation   total 826560K, used 0K [0x00007fb43c600000, 0x00007fb4746e0000, 0x00007fbee70a0000)
  eden space 734720K,   0% used [0x00007fb43c600000, 0x00007fb43c600000, 0x00007fb469380000)
  from space 91840K,   0% used [0x00007fb469380000, 0x00007fb469380000, 0x00007fb46ed30000)
  to   space 91840K,   0% used [0x00007fb46ed30000, 0x00007fb46ed30000, 0x00007fb4746e0000)
 tenured generation   total 1836668K, used 1102000K [0x00007fbee70a0000, 0x00007fbf5723f000, 0x00007fd43c600000)
   the space 1836668K,  59% used [0x00007fbee70a0000, 0x00007fbf2a4cc100, 0x00007fbf2a4cc200, 0x00007fbf5723f000)
 Metaspace       used 31085K, capacity 31543K, committed 31744K, reserved 32768K
}
Event: 1507.315 GC heap before
{Heap before GC invocations=2304 (full 3):
 def new generation   total 826560K, used 734720K [0x00007fb43c600000, 0x00007fb4746e0000, 0x00007fbee70a0000)
  eden space 734720K, 100% used [0x00007fb43c600000, 0x00007fb469380000, 0x00007fb469380000)
  from space 91840K,   0% used [0x00007fb469380000, 0x00007fb469380000, 0x00007fb46ed30000)
  to   space 91840K,   0% used [0x00007fb46ed30000, 0x00007fb46ed30000, 0x00007fb4746e0000)
 tenured generation   total 1836668K, used 1102000K [0x00007fbee70a0000, 0x00007fbf5723f000, 0x00007fd43c600000)
   the space 1836668K,  59% used [0x00007fbee70a0000, 0x00007fbf2a4cc100, 0x00007fbf2a4cc200, 0x00007fbf5723f000)
 Metaspace       used 31085K, capacity 31543K, committed 31744K, reserved 32768K
}
Event: 1507.933 GC heap after
{Heap after GC invocations=2305 (full 3):
 def new generation   total 826560K, used 91839K [0x00007fb43c600000, 0x00007fb4746e0000, 0x00007fbee70a0000)
  eden space 734720K,   0% used [0x00007fb43c600000, 0x00007fb43c600000, 0x00007fb469380000)
  from space 91840K,  99% used [0x00007fb46ed30000, 0x00007fb4746dffe8, 0x00007fb4746e0000)
  to   space 91840K,   0% used [0x00007fb469380000, 0x00007fb469380000, 0x00007fb46ed30000)
 tenured generation   total 1836668K, used 1602682K [0x00007fbee70a0000, 0x00007fbf5723f000, 0x00007fd43c600000)
   the space 1836668K,  87% used [0x00007fbee70a0000, 0x00007fbf48dbeaa8, 0x00007fbf48dbec00, 0x00007fbf5723f000)
 Metaspace       used 31085K, capacity 31543K, committed 31744K, reserved 32768K
}
Event: 1509.008 GC heap before
{Heap before GC invocations=2305 (full 3):
 def new generation   total 826560K, used 826559K [0x00007fb43c600000, 0x00007fb4746e0000, 0x00007fbee70a0000)
  eden space 734720K, 100% used [0x00007fb43c600000, 0x00007fb469380000, 0x00007fb469380000)
  from space 91840K,  99% used [0x00007fb46ed30000, 0x00007fb4746dffe8, 0x00007fb4746e0000)
  to   space 91840K,   0% used [0x00007fb469380000, 0x00007fb469380000, 0x00007fb46ed30000)
 tenured generation   total 1836668K, used 1602682K [0x00007fbee70a0000, 0x00007fbf5723f000, 0x00007fd43c600000)
   the space 1836668K,  87% used [0x00007fbee70a0000, 0x00007fbf48dbeaa8, 0x00007fbf48dbec00, 0x00007fbf5723f000)
 Metaspace       used 31089K, capacity 31543K, committed 31744K, reserved 32768K
}
Event: 1509.678 GC heap after
{Heap after GC invocations=2306 (full 3):
 def new generation   total 826560K, used 91839K [0x00007fb43c600000, 0x00007fb4746e0000, 0x00007fbee70a0000)
  eden space 734720K,   0% used [0x00007fb43c600000, 0x00007fb43c600000, 0x00007fb469380000)
  from space 91840K,  99% used [0x00007fb469380000, 0x00007fb46ed2fe58, 0x00007fb46ed30000)
  to   space 91840K,   0% used [0x00007fb46ed30000, 0x00007fb46ed30000, 0x00007fb4746e0000)
 tenured generation   total 2145404K, used 2145227K [0x00007fbee70a0000, 0x00007fbf69fbf000, 0x00007fd43c600000)
   the space 2145404K,  99% used [0x00007fbee70a0000, 0x00007fbf69f92d10, 0x00007fbf69f92e00, 0x00007fbf69fbf000)
 Metaspace       used 31089K, capacity 31543K, committed 31744K, reserved 32768K
}
Event: 1509.678 GC heap before
{Heap before GC invocations=2306 (full 3):
 def new generation   total 826560K, used 91839K [0x00007fb43c600000, 0x00007fb4746e0000, 0x00007fbee70a0000)
  eden space 734720K,   0% used [0x00007fb43c600000, 0x00007fb43c600000, 0x00007fb469380000)
  from space 91840K,  99% used [0x00007fb469380000, 0x00007fb46ed2fe58, 0x00007fb46ed30000)
  to   space 91840K,   0% used [0x00007fb46ed30000, 0x00007fb46ed30000, 0x00007fb4746e0000)
 tenured generation   total 2145404K, used 2145227K [0x00007fbee70a0000, 0x00007fbf69fbf000, 0x00007fd43c600000)
   the space 2145404K,  99% used [0x00007fbee70a0000, 0x00007fbf69f92d10, 0x00007fbf69f92e00, 0x00007fbf69fbf000)
 Metaspace       used 31089K, capacity 31543K, committed 31744K, reserved 32768K
}
Event: 1512.381 GC heap after
{Heap after GC invocations=2306 (full 4):
 def new generation   total 1609152K, used 31855K [0x00007fb43c600000, 0x00007fb4a9800000, 0x00007fbee70a0000)
  eden space 1430400K,   2% used [0x00007fb43c600000, 0x00007fb43e51bec0, 0x00007fb493ae0000)
  from space 178752K,   0% used [0x00007fb493ae0000, 0x00007fb493ae0000, 0x00007fb49e970000)
  to   space 178752K,   0% used [0x00007fb49e970000, 0x00007fb49e970000, 0x00007fb4a9800000)
 tenured generation   total 3575676K, used 2145403K [0x00007fbee70a0000, 0x00007fbfc147f000, 0x00007fd43c600000)
   the space 3575676K,  59% used [0x00007fbee70a0000, 0x00007fbf69fbef10, 0x00007fbf69fbf000, 0x00007fbfc147f000)
 Metaspace       used 31089K, capacity 31543K, committed 31744K, reserved 32768K
}
Event: 1514.607 GC heap before
{Heap before GC invocations=2306 (full 4):
 def new generation   total 1609152K, used 1430400K [0x00007fb43c600000, 0x00007fb4a9800000, 0x00007fbee70a0000)
  eden space 1430400K, 100% used [0x00007fb43c600000, 0x00007fb493ae0000, 0x00007fb493ae0000)
  from space 178752K,   0% used [0x00007fb493ae0000, 0x00007fb493ae0000, 0x00007fb49e970000)
  to   space 178752K,   0% used [0x00007fb49e970000, 0x00007fb49e970000, 0x00007fb4a9800000)
 tenured generation   total 3575676K, used 2145403K [0x00007fbee70a0000, 0x00007fbfc147f000, 0x00007fd43c600000)
   the space 3575676K,  59% used [0x00007fbee70a0000, 0x00007fbf69fbef10, 0x00007fbf69fbf000, 0x00007fbfc147f000)
 Metaspace       used 31090K, capacity 31543K, committed 31744K, reserved 32768K
}
Event: 1515.843 GC heap after
{Heap after GC invocations=2307 (full 4):
 def new generation   total 1609152K, used 178751K [0x00007fb43c600000, 0x00007fb4a9800000, 0x00007fbee70a0000)
  eden space 1430400K,   0% used [0x00007fb43c600000, 0x00007fb43c600000, 0x00007fb493ae0000)
  from space 178752K,  99% used [0x00007fb49e970000, 0x00007fb4a97ffff8, 0x00007fb4a9800000)
  to   space 178752K,   0% used [0x00007fb493ae0000, 0x00007fb493ae0000, 0x00007fb49e970000)
 tenured generation   total 3575676K, used 3077356K [0x00007fbee70a0000, 0x00007fbfc147f000, 0x00007fd43c600000)
   the space 3575676K,  86% used [0x00007fbee70a0000, 0x00007fbfa2ddb170, 0x00007fbfa2ddb200, 0x00007fbfc147f000)
 Metaspace       used 31090K, capacity 31543K, committed 31744K, reserved 32768K
}
Event: 1518.079 GC heap before
{Heap before GC invocations=2307 (full 4):
 def new generation   total 1609152K, used 1609151K [0x00007fb43c600000, 0x00007fb4a9800000, 0x00007fbee70a0000)
  eden space 1430400K, 100% used [0x00007fb43c600000, 0x00007fb493ae0000, 0x00007fb493ae0000)
  from space 178752K,  99% used [0x00007fb49e970000, 0x00007fb4a97ffff8, 0x00007fb4a9800000)
  to   space 178752K,   0% used [0x00007fb493ae0000, 0x00007fb493ae0000, 0x00007fb49e970000)
 tenured generation   total 3575676K, used 3077356K [0x00007fbee70a0000, 0x00007fbfc147f000, 0x00007fd43c600000)
   the space 3575676K,  86% used [0x00007fbee70a0000, 0x00007fbfa2ddb170, 0x00007fbfa2ddb200, 0x00007fbfc147f000)
 Metaspace       used 31090K, capacity 31543K, committed 31744K, reserved 32768K
}
Event: 1519.408 GC heap after
{Heap after GC invocations=2308 (full 4):
 def new generation   total 1609152K, used 178751K [0x00007fb43c600000, 0x00007fb4a9800000, 0x00007fbee70a0000)
  eden space 1430400K,   0% used [0x00007fb43c600000, 0x00007fb43c600000, 0x00007fb493ae0000)
  from space 178752K,  99% used [0x00007fb493ae0000, 0x00007fb49e96ffe8, 0x00007fb49e970000)
  to   space 178752K,   0% used [0x00007fb49e970000, 0x00007fb49e970000, 0x00007fb4a9800000)
 tenured generation   total 4084668K, used 4084589K [0x00007fbee70a0000, 0x00007fbfe058f000, 0x00007fd43c600000)
   the space 4084668K,  99% used [0x00007fbee70a0000, 0x00007fbfe057b638, 0x00007fbfe057b800, 0x00007fbfe058f000)
 Metaspace       used 31090K, capacity 31543K, committed 31744K, reserved 32768K
}
Event: 1519.408 GC heap before
{Heap before GC invocations=2308 (full 4):
 def new generation   total 1609152K, used 178751K [0x00007fb43c600000, 0x00007fb4a9800000, 0x00007fbee70a0000)
  eden space 1430400K,   0% used [0x00007fb43c600000, 0x00007fb43c600000, 0x00007fb493ae0000)
  from space 178752K,  99% used [0x00007fb493ae0000, 0x00007fb49e96ffe8, 0x00007fb49e970000)
  to   space 178752K,   0% used [0x00007fb49e970000, 0x00007fb49e970000, 0x00007fb4a9800000)
 tenured generation   total 4084668K, used 4084589K [0x00007fbee70a0000, 0x00007fbfe058f000, 0x00007fd43c600000)
   the space 4084668K,  99% used [0x00007fbee70a0000, 0x00007fbfe057b638, 0x00007fbfe057b800, 0x00007fbfe058f000)
 Metaspace       used 31090K, capacity 31543K, committed 31744K, reserved 32768K
}

Deoptimization events (20 events):
Event: 1512.628 Thread 0x00007fd454018000 DEOPT PACKING pc=0x00007fd43cd732b2 sp=0x00007fd4596ca570
Event: 1512.628 Thread 0x00007fd454018000 DEOPT UNPACKING pc=0x00007fd43c7d333a sp=0x00007fd4596c9b88 mode 0
Event: 1512.628 Thread 0x00007fd454018000 DEOPT PACKING pc=0x00007fd43cd732b2 sp=0x00007fd4596ca570
Event: 1512.628 Thread 0x00007fd454018000 DEOPT UNPACKING pc=0x00007fd43c7d333a sp=0x00007fd4596c9b88 mode 0
Event: 1512.629 Thread 0x00007fd454018000 DEOPT PACKING pc=0x00007fd43cd732b2 sp=0x00007fd4596ca570
Event: 1512.629 Thread 0x00007fd454018000 DEOPT UNPACKING pc=0x00007fd43c7d333a sp=0x00007fd4596c9b88 mode 0
Event: 1512.629 Thread 0x00007fd454018000 DEOPT PACKING pc=0x00007fd43cd732b2 sp=0x00007fd4596ca570
Event: 1512.629 Thread 0x00007fd454018000 DEOPT UNPACKING pc=0x00007fd43c7d333a sp=0x00007fd4596c9b88 mode 0
Event: 1512.629 Thread 0x00007fd454018000 DEOPT PACKING pc=0x00007fd43cd732b2 sp=0x00007fd4596ca570
Event: 1512.629 Thread 0x00007fd454018000 DEOPT UNPACKING pc=0x00007fd43c7d333a sp=0x00007fd4596c9b88 mode 0
Event: 1512.629 Thread 0x00007fd454018000 DEOPT PACKING pc=0x00007fd43cd732b2 sp=0x00007fd4596ca570
Event: 1512.629 Thread 0x00007fd454018000 DEOPT UNPACKING pc=0x00007fd43c7d333a sp=0x00007fd4596c9b88 mode 0
Event: 1512.630 Thread 0x00007fd454018000 DEOPT PACKING pc=0x00007fd43cd732b2 sp=0x00007fd4596ca570
Event: 1512.630 Thread 0x00007fd454018000 DEOPT UNPACKING pc=0x00007fd43c7d333a sp=0x00007fd4596c9b88 mode 0
Event: 1512.630 Thread 0x00007fd454018000 DEOPT PACKING pc=0x00007fd43cd732b2 sp=0x00007fd4596ca570
Event: 1512.630 Thread 0x00007fd454018000 DEOPT UNPACKING pc=0x00007fd43c7d333a sp=0x00007fd4596c9b88 mode 0
Event: 1512.630 Thread 0x00007fd454018000 DEOPT PACKING pc=0x00007fd43cd732b2 sp=0x00007fd4596ca570
Event: 1512.630 Thread 0x00007fd454018000 DEOPT UNPACKING pc=0x00007fd43c7d333a sp=0x00007fd4596c9b88 mode 0
Event: 1513.983 Thread 0x00007fd454018000 DEOPT PACKING pc=0x00007fd43d3a2e9e sp=0x00007fd4596ca4a0
Event: 1513.983 Thread 0x00007fd454018000 DEOPT UNPACKING pc=0x00007fd43c7d333a sp=0x00007fd4596c9a20 mode 0

Classes unloaded (0 events):
No events

Classes redefined (0 events):
No events

Internal exceptions (20 events):
Event: 3.121 Thread 0x00007fd454018000 Exception <a 'java/lang/NoSuchMethodError'{0x00007fb442998f08}: 'java.lang.Object java.lang.invoke.Invokers$Holder.linkToTargetMethod(java.lang.Object, long, java.lang.Object)'> (0x00007fb442998f08) 
thrown [src/hotspot/share/interpreter/linkResolver.cpp, line 766]
Event: 3.278 Thread 0x00007fd4540a7000 Implicit null exception at 0x00007fd4442a6ccc to 0x00007fd4442a6d80
Event: 3.295 Thread 0x00007fd454018000 Exception <a 'java/lang/NoSuchMethodError'{0x00007fb43c6504e0}: 'java.lang.Object java.lang.invoke.Invokers$Holder.invokeExact_MT(java.lang.Object, java.lang.Object, java.lang.Object, java.lang.Object, java.lang.Object, java.lang.Object)'> (0x00007fb43c6504e0) 
thrown [src/hotspot/share/interpreter/linkResolver.cpp, line 766]
Event: 3.381 Thread 0x00007fd454018000 Exception <a 'java/lang/NoSuchMethodError'{0x00007fb43c78e568}: 'int java.lang.invoke.DirectMethodHandle$Holder.invokeStatic(java.lang.Object, java.lang.Object, int)'> (0x00007fb43c78e568) 
thrown [src/hotspot/share/interpreter/linkResolver.cpp, line 766]
Event: 3.494 Thread 0x00007fd454018000 Exception <a 'java/lang/NoSuchMethodError'{0x00007fb43c9fe290}: 'int java.lang.invoke.DirectMethodHandle$Holder.invokeStatic(java.lang.Object, java.lang.Object, java.lang.Object, int)'> (0x00007fb43c9fe290) 
thrown [src/hotspot/share/interpreter/linkResolver.cpp, line 766]
Event: 3.501 Thread 0x00007fd454018000 Exception <a 'java/lang/NoSuchMethodError'{0x00007fb43ca30018}: 'java.lang.Object java.lang.invoke.DirectMethodHandle$Holder.invokeStatic(java.lang.Object, int, java.lang.Object)'> (0x00007fb43ca30018) 
thrown [src/hotspot/share/interpreter/linkResolver.cpp, line 766]
Event: 3.502 Thread 0x00007fd454018000 Exception <a 'java/lang/NoSuchMethodError'{0x00007fb43ca38910}: 'void java.lang.invoke.DirectMethodHandle$Holder.invokeInterface(java.lang.Object, java.lang.Object, int)'> (0x00007fb43ca38910) 
thrown [src/hotspot/share/interpreter/linkResolver.cpp, line 766]
Event: 3.502 Thread 0x00007fd454018000 Exception <a 'java/lang/IncompatibleClassChangeError'{0x00007fb43ca3c6d0}: Found class java.lang.Object, but interface was expected> (0x00007fb43ca3c6d0) 
thrown [src/hotspot/share/interpreter/linkResolver.cpp, line 833]
Event: 4.396 Thread 0x00007fd454018000 Exception <a 'java/lang/ClassNotFoundException'{0x00007fb442ee7860}: com/sun/org/apache/xerces/internal/impl/msg/spi/SAXMessagesProvider> (0x00007fb442ee7860) 
thrown [src/hotspot/share/classfile/systemDictionary.cpp, line 232]
Event: 5.045 Thread 0x00007fd454018000 Exception <a 'java/lang/NoSuchMethodError'{0x00007fb444303bf8}: 'java.lang.Object java.lang.invoke.DirectMethodHandle$Holder.invokeStaticInit(java.lang.Object, java.lang.Object, java.lang.Object)'> (0x00007fb444303bf8) 
thrown [src/hotspot/share/interpreter/linkResolver.cpp, line 766]
Event: 5.045 Thread 0x00007fd454018000 Exception <a 'java/lang/NoSuchMethodError'{0x00007fb44430ebc0}: 'void java.lang.invoke.DirectMethodHandle$Holder.invokeStatic(java.lang.Object, java.lang.Object, java.lang.Object, java.lang.Object, java.lang.Object, java.lang.Object)'> (0x00007fb44430ebc0) 
thrown [src/hotspot/share/interpreter/linkResolver.cpp, line 766]
Event: 5.063 Thread 0x00007fd454018000 Exception <a 'java/lang/NoSuchMethodError'{0x00007fb4443468b8}: 'void java.lang.invoke.DirectMethodHandle$Holder.invokeStaticInit(java.lang.Object, java.lang.Object, java.lang.Object)'> (0x00007fb4443468b8) 
thrown [src/hotspot/share/interpreter/linkResolver.cpp, line 766]
Event: 5.098 Thread 0x00007fd454018000 Exception <a 'java/net/UnknownHostException'{0x00007fb444367bd0}> (0x00007fb444367bd0) 
thrown [src/hotspot/share/prims/jni.cpp, line 598]
Event: 9.564 Thread 0x00007fd454018000 Implicit null exception at 0x00007fd4443db6cc to 0x00007fd4443db750
Event: 1499.881 Thread 0x00007fd454018000 Exception <a 'java/net/UnknownHostException'{0x00007fb44a799058}> (0x00007fb44a799058) 
thrown [src/hotspot/share/prims/jni.cpp, line 598]
Event: 1499.887 Thread 0x00007fd454018000 Implicit null exception at 0x00007fd44447f913 to 0x00007fd444488604
Event: 1499.917 Thread 0x00007fd454018000 Implicit null exception at 0x00007fd444378009 to 0x00007fd444378310
Event: 1500.056 Thread 0x00007fd454018000 Exception <a 'java/net/UnknownHostException'{0x00007fb44b2967f8}> (0x00007fb44b2967f8) 
thrown [src/hotspot/share/prims/jni.cpp, line 598]
Event: 1502.830 Thread 0x00007fd454018000 Exception <a 'java/lang/NoSuchMethodError'{0x00007fb4487cfd58}: 'void java.lang.invoke.DirectMethodHandle$Holder.invokeStatic(java.lang.Object, java.lang.Object, int)'> (0x00007fb4487cfd58) 
thrown [src/hotspot/share/interpreter/linkResolver.cpp, line 766]
Event: 1502.840 Thread 0x00007fd454018000 Exception <a 'java/lang/NoSuchMethodError'{0x00007fb4487ef5e8}: 'java.lang.Object java.lang.invoke.Invokers$Holder.linkToTargetMethod(java.lang.Object, int, java.lang.Object)'> (0x00007fb4487ef5e8) 
thrown [src/hotspot/share/interpreter/linkResolver.cpp, line 766]

Events (20 events):
Event: 1504.157 loading class org/apache/commons/math3/linear/AbstractFieldMatrix done
Event: 1504.158 loading class org/apache/commons/math3/linear/BlockFieldMatrix
Event: 1504.158 loading class org/apache/commons/math3/linear/BlockFieldMatrix done
Event: 1504.158 loading class org/apache/commons/math3/linear/SingularMatrixException
Event: 1504.158 loading class org/apache/commons/math3/linear/SingularMatrixException done
Event: 1504.159 loading class org/apache/commons/math3/linear/BlockRealMatrix
Event: 1504.159 loading class org/apache/commons/math3/linear/BlockRealMatrix done
Event: 1504.163 loading class org/apache/commons/math3/optim/PointValuePair
Event: 1504.163 loading class org/apache/commons/math3/optim/PointValuePair done
Event: 1504.163 loading class org/apache/commons/math3/util/Pair
Event: 1504.163 loading class org/apache/commons/math3/util/Pair done
Event: 1504.711 Executing VM operation: GenCollectForAllocation
Event: 1506.731 Executing VM operation: GenCollectForAllocation done
Event: 1507.315 Executing VM operation: GenCollectForAllocation
Event: 1507.933 Executing VM operation: GenCollectForAllocation done
Event: 1509.007 Executing VM operation: GenCollectForAllocation
Event: 1512.382 Executing VM operation: GenCollectForAllocation done
Event: 1514.606 Executing VM operation: GenCollectForAllocation
Event: 1515.843 Executing VM operation: GenCollectForAllocation done
Event: 1518.079 Executing VM operation: GenCollectForAllocation


Dynamic libraries:
5615a86af000-5615a86b0000 r--p 00000000 07:13 4860                       /usr/lib/jvm/java-13-openjdk-amd64/bin/java
5615a86b0000-5615a86b1000 r-xp 00001000 07:13 4860                       /usr/lib/jvm/java-13-openjdk-amd64/bin/java
5615a86b1000-5615a86b2000 r--p 00002000 07:13 4860                       /usr/lib/jvm/java-13-openjdk-amd64/bin/java
5615a86b2000-5615a86b3000 r--p 00002000 07:13 4860                       /usr/lib/jvm/java-13-openjdk-amd64/bin/java
5615a86b3000-5615a86b4000 rw-p 00003000 07:13 4860                       /usr/lib/jvm/java-13-openjdk-amd64/bin/java
5615aa5d7000-5615aa5f8000 rw-p 00000000 00:00 0                          [heap]
7fb3f4000000-7fb3f4021000 rw-p 00000000 00:00 0 
7fb3f4021000-7fb3f8000000 ---p 00000000 00:00 0 
7fb3f8000000-7fb3f80b7000 rw-p 00000000 00:00 0 
7fb3f80b7000-7fb3fc000000 ---p 00000000 00:00 0 
7fb3fc000000-7fb3fc021000 rw-p 00000000 00:00 0 
7fb3fc021000-7fb400000000 ---p 00000000 00:00 0 
7fb400000000-7fb400021000 rw-p 00000000 00:00 0 
7fb400021000-7fb404000000 ---p 00000000 00:00 0 
7fb404000000-7fb4063bc000 rw-p 00000000 00:00 0 
7fb4063bc000-7fb408000000 ---p 00000000 00:00 0 
7fb408000000-7fb408990000 rw-p 00000000 00:00 0 
7fb408990000-7fb40c000000 ---p 00000000 00:00 0 
7fb40c000000-7fb40c021000 rw-p 00000000 00:00 0 
7fb40c021000-7fb410000000 ---p 00000000 00:00 0 
7fb410000000-7fb410021000 rw-p 00000000 00:00 0 
7fb410021000-7fb414000000 ---p 00000000 00:00 0 
7fb414000000-7fb414021000 rw-p 00000000 00:00 0 
7fb414021000-7fb418000000 ---p 00000000 00:00 0 
7fb418000000-7fb418021000 rw-p 00000000 00:00 0 
7fb418021000-7fb41c000000 ---p 00000000 00:00 0 
7fb41c000000-7fb41c032000 rw-p 00000000 00:00 0 
7fb41c032000-7fb420000000 ---p 00000000 00:00 0 
7fb4201b4000-7fb4202b4000 rw-p 00000000 00:00 0 
7fb4202b4000-7fb4203b4000 ---p 00000000 00:00 0 
7fb4203b4000-7fb4205b4000 rw-p 00000000 00:00 0 
7fb4205b4000-7fb4207b4000 rw-p 00000000 00:00 0 
7fb4207b4000-7fb4209b4000 rw-p 00000000 00:00 0 
7fb4209b4000-7fb420bb4000 rw-p 00000000 00:00 0 
7fb420bb4000-7fb420db4000 rw-p 00000000 00:00 0 
7fb420db4000-7fb420fb4000 rw-p 00000000 00:00 0 
7fb420fb4000-7fb4211b4000 rw-p 00000000 00:00 0 
7fb4211b4000-7fb421554000 rw-p 00000000 00:00 0 
7fb421554000-7fb421754000 rw-p 00000000 00:00 0 
7fb421754000-7fb421954000 rw-p 00000000 00:00 0 
7fb421954000-7fb42231f000 rw-p 00000000 00:00 0 
7fb42231f000-7fb42c5ff000 ---p 00000000 00:00 0 
7fb42c5ff000-7fb42c968000 rw-p 00000000 00:00 0 
7fb42c968000-7fb431b54000 ---p 00000000 00:00 0 
7fb431b54000-7fb43231f000 rw-p 00000000 00:00 0 
7fb43231f000-7fb43c5ff000 ---p 00000000 00:00 0 
7fb43c5ff000-7fb4a9800000 rw-p 00000000 00:00 0 
7fb4a9800000-7fbee70a0000 ---p 00000000 00:00 0 
7fbee70a0000-7fbfe058f000 rw-p 00000000 00:00 0 
7fc0868d9000-7fd43c600000 ---p 00000000 00:00 0 
7fd43c606000-7fd43c60a000 ---p 00000000 00:00 0 
7fd43c60a000-7fd43c707000 rw-p 00000000 00:00 0 
7fd43c707000-7fd43c70b000 r--p 00000000 07:13 9178                       /usr/lib/x86_64-linux-gnu/libresolv-2.31.so
7fd43c70b000-7fd43c71b000 r-xp 00004000 07:13 9178                       /usr/lib/x86_64-linux-gnu/libresolv-2.31.so
7fd43c71b000-7fd43c71f000 r--p 00014000 07:13 9178                       /usr/lib/x86_64-linux-gnu/libresolv-2.31.so
7fd43c71f000-7fd43c720000 r--p 00017000 07:13 9178                       /usr/lib/x86_64-linux-gnu/libresolv-2.31.so
7fd43c720000-7fd43c721000 rw-p 00018000 07:13 9178                       /usr/lib/x86_64-linux-gnu/libresolv-2.31.so
7fd43c721000-7fd43c723000 rw-p 00000000 00:00 0 
7fd43c723000-7fd43c724000 r--p 00000000 07:13 9105                       /usr/lib/x86_64-linux-gnu/libnss_dns-2.31.so
7fd43c724000-7fd43c728000 r-xp 00001000 07:13 9105                       /usr/lib/x86_64-linux-gnu/libnss_dns-2.31.so
7fd43c728000-7fd43c729000 r--p 00005000 07:13 9105                       /usr/lib/x86_64-linux-gnu/libnss_dns-2.31.so
7fd43c729000-7fd43c72a000 r--p 00005000 07:13 9105                       /usr/lib/x86_64-linux-gnu/libnss_dns-2.31.so
7fd43c72a000-7fd43c72b000 rw-p 00006000 07:13 9105                       /usr/lib/x86_64-linux-gnu/libnss_dns-2.31.so
7fd43c72b000-7fd43c75c000 rw-p 00000000 00:00 0 
7fd43c75c000-7fd43c760000 r--p 00000000 07:13 5204                       /usr/lib/jvm/java-13-openjdk-amd64/lib/libnet.so
7fd43c760000-7fd43c76e000 r-xp 00004000 07:13 5204                       /usr/lib/jvm/java-13-openjdk-amd64/lib/libnet.so
7fd43c76e000-7fd43c772000 r--p 00012000 07:13 5204                       /usr/lib/jvm/java-13-openjdk-amd64/lib/libnet.so
7fd43c772000-7fd43c773000 r--p 00015000 07:13 5204                       /usr/lib/jvm/java-13-openjdk-amd64/lib/libnet.so
7fd43c773000-7fd43c774000 rw-p 00016000 07:13 5204                       /usr/lib/jvm/java-13-openjdk-amd64/lib/libnet.so
7fd43c774000-7fd43c77b000 r--p 00000000 07:13 5205                       /usr/lib/jvm/java-13-openjdk-amd64/lib/libnio.so
7fd43c77b000-7fd43c784000 r-xp 00007000 07:13 5205                       /usr/lib/jvm/java-13-openjdk-amd64/lib/libnio.so
7fd43c784000-7fd43c788000 r--p 00010000 07:13 5205                       /usr/lib/jvm/java-13-openjdk-amd64/lib/libnio.so
7fd43c788000-7fd43c789000 r--p 00013000 07:13 5205                       /usr/lib/jvm/java-13-openjdk-amd64/lib/libnio.so
7fd43c789000-7fd43c78a000 rw-p 00014000 07:13 5205                       /usr/lib/jvm/java-13-openjdk-amd64/lib/libnio.so
7fd43c78a000-7fd43c9fa000 rwxp 00000000 00:00 0 
7fd43c9fa000-7fd43cd19000 ---p 00000000 00:00 0 
7fd43cd19000-7fd43d5e9000 rwxp 00000000 00:00 0 
7fd43d5e9000-7fd444251000 ---p 00000000 00:00 0 
7fd444251000-7fd4444e1000 rwxp 00000000 00:00 0 
7fd4444e1000-7fd44b78a000 ---p 00000000 00:00 0 
7fd44b78a000-7fd454000000 r--s 00000000 07:13 5215                       /usr/lib/jvm/java-13-openjdk-amd64/lib/modules
7fd454000000-7fd4547e0000 rw-p 00000000 00:00 0 
7fd4547e0000-7fd458000000 ---p 00000000 00:00 0 
7fd458005000-7fd458007000 r--p 00000000 07:13 5202                       /usr/lib/jvm/java-13-openjdk-amd64/lib/libmanagement_ext.so
7fd458007000-7fd45800a000 r-xp 00002000 07:13 5202                       /usr/lib/jvm/java-13-openjdk-amd64/lib/libmanagement_ext.so
7fd45800a000-7fd45800b000 r--p 00005000 07:13 5202                       /usr/lib/jvm/java-13-openjdk-amd64/lib/libmanagement_ext.so
7fd45800b000-7fd45800c000 ---p 00006000 07:13 5202                       /usr/lib/jvm/java-13-openjdk-amd64/lib/libmanagement_ext.so
7fd45800c000-7fd45800d000 r--p 00006000 07:13 5202                       /usr/lib/jvm/java-13-openjdk-amd64/lib/libmanagement_ext.so
7fd45800d000-7fd45800e000 rw-p 00007000 07:13 5202                       /usr/lib/jvm/java-13-openjdk-amd64/lib/libmanagement_ext.so
7fd45800e000-7fd458011000 r--p 00000000 07:13 5200                       /usr/lib/jvm/java-13-openjdk-amd64/lib/libmanagement.so
7fd458011000-7fd458012000 r-xp 00003000 07:13 5200                       /usr/lib/jvm/java-13-openjdk-amd64/lib/libmanagement.so
7fd458012000-7fd458013000 r--p 00004000 07:13 5200                       /usr/lib/jvm/java-13-openjdk-amd64/lib/libmanagement.so
7fd458013000-7fd458014000 r--p 00004000 07:13 5200                       /usr/lib/jvm/java-13-openjdk-amd64/lib/libmanagement.so
7fd458014000-7fd458015000 rw-p 00005000 07:13 5200                       /usr/lib/jvm/java-13-openjdk-amd64/lib/libmanagement.so
7fd458015000-7fd458016000 ---p 00000000 00:00 0 
7fd458016000-7fd458117000 rw-p 00000000 00:00 0 
7fd458117000-7fd45811b000 ---p 00000000 00:00 0 
7fd45811b000-7fd458218000 rw-p 00000000 00:00 0 
7fd458218000-7fd45821c000 ---p 00000000 00:00 0 
7fd45821c000-7fd458319000 rw-p 00000000 00:00 0 
7fd458319000-7fd45831d000 ---p 00000000 00:00 0 
7fd45831d000-7fd45841a000 rw-p 00000000 00:00 0 
7fd45841a000-7fd45841e000 ---p 00000000 00:00 0 
7fd45841e000-7fd45851b000 rw-p 00000000 00:00 0 
7fd45851b000-7fd45851f000 ---p 00000000 00:00 0 
7fd45851f000-7fd45861c000 rw-p 00000000 00:00 0 
7fd45861c000-7fd458620000 ---p 00000000 00:00 0 
7fd458620000-7fd45871d000 rw-p 00000000 00:00 0 
7fd45871d000-7fd458724000 r--s 00000000 07:13 8532                       /usr/lib/x86_64-linux-gnu/gconv/gconv-modules.cache
7fd458724000-7fd458756000 r--p 00000000 07:13 5276                       /usr/lib/locale/C.UTF-8/LC_CTYPE
7fd458756000-7fd45875a000 ---p 00000000 00:00 0 
7fd45875a000-7fd458857000 rw-p 00000000 00:00 0 
7fd458857000-7fd45885b000 ---p 00000000 00:00 0 
7fd45885b000-7fd458958000 rw-p 00000000 00:00 0 
7fd458958000-7fd458959000 ---p 00000000 00:00 0 
7fd458959000-7fd459377000 rw-p 00000000 00:00 0 
7fd459377000-7fd45937d000 rw-p 00000000 00:00 0 
7fd45937d000-7fd459462000 ---p 00000000 00:00 0 
7fd459462000-7fd459474000 rw-p 00000000 00:00 0 
7fd459474000-7fd45954d000 ---p 00000000 00:00 0 
7fd45954d000-7fd459552000 rw-p 00000000 00:00 0 
7fd459552000-7fd459559000 ---p 00000000 00:00 0 
7fd459559000-7fd45955b000 r--p 00000000 07:13 5214                       /usr/lib/jvm/java-13-openjdk-amd64/lib/libzip.so
7fd45955b000-7fd45955f000 r-xp 00002000 07:13 5214                       /usr/lib/jvm/java-13-openjdk-amd64/lib/libzip.so
7fd45955f000-7fd459561000 r--p 00006000 07:13 5214                       /usr/lib/jvm/java-13-openjdk-amd64/lib/libzip.so
7fd459561000-7fd459562000 r--p 00007000 07:13 5214                       /usr/lib/jvm/java-13-openjdk-amd64/lib/libzip.so
7fd459562000-7fd459563000 rw-p 00008000 07:13 5214                       /usr/lib/jvm/java-13-openjdk-amd64/lib/libzip.so
7fd459563000-7fd45956b000 rw-s 00000000 08:03 34691030                   /tmp/hsperfdata_rcabanas/5677
7fd45956b000-7fd45956e000 r--p 00000000 07:13 9108                       /usr/lib/x86_64-linux-gnu/libnss_files-2.31.so
7fd45956e000-7fd459575000 r-xp 00003000 07:13 9108                       /usr/lib/x86_64-linux-gnu/libnss_files-2.31.so
7fd459575000-7fd459577000 r--p 0000a000 07:13 9108                       /usr/lib/x86_64-linux-gnu/libnss_files-2.31.so
7fd459577000-7fd459578000 r--p 0000b000 07:13 9108                       /usr/lib/x86_64-linux-gnu/libnss_files-2.31.so
7fd459578000-7fd459579000 rw-p 0000c000 07:13 9108                       /usr/lib/x86_64-linux-gnu/libnss_files-2.31.so
7fd459579000-7fd45957f000 rw-p 00000000 00:00 0 
7fd459585000-7fd459587000 r--p 00000000 07:13 5195                       /usr/lib/jvm/java-13-openjdk-amd64/lib/libjimage.so
7fd459587000-7fd45958a000 r-xp 00002000 07:13 5195                       /usr/lib/jvm/java-13-openjdk-amd64/lib/libjimage.so
7fd45958a000-7fd45958b000 r--p 00005000 07:13 5195                       /usr/lib/jvm/java-13-openjdk-amd64/lib/libjimage.so
7fd45958b000-7fd45958c000 ---p 00006000 07:13 5195                       /usr/lib/jvm/java-13-openjdk-amd64/lib/libjimage.so
7fd45958c000-7fd45958d000 r--p 00006000 07:13 5195                       /usr/lib/jvm/java-13-openjdk-amd64/lib/libjimage.so
7fd45958d000-7fd45958e000 rw-p 00007000 07:13 5195                       /usr/lib/jvm/java-13-openjdk-amd64/lib/libjimage.so
7fd45958e000-7fd45959b000 r--p 00000000 07:13 5191                       /usr/lib/jvm/java-13-openjdk-amd64/lib/libjava.so
7fd45959b000-7fd4595b0000 r-xp 0000d000 07:13 5191                       /usr/lib/jvm/java-13-openjdk-amd64/lib/libjava.so
7fd4595b0000-7fd4595b6000 r--p 00022000 07:13 5191                       /usr/lib/jvm/java-13-openjdk-amd64/lib/libjava.so
7fd4595b6000-7fd4595b7000 ---p 00028000 07:13 5191                       /usr/lib/jvm/java-13-openjdk-amd64/lib/libjava.so
7fd4595b7000-7fd4595b8000 r--p 00028000 07:13 5191                       /usr/lib/jvm/java-13-openjdk-amd64/lib/libjava.so
7fd4595b8000-7fd4595ba000 rw-p 00029000 07:13 5191                       /usr/lib/jvm/java-13-openjdk-amd64/lib/libjava.so
7fd4595ba000-7fd4595bf000 r--p 00000000 07:13 5213                       /usr/lib/jvm/java-13-openjdk-amd64/lib/libverify.so
7fd4595bf000-7fd4595c6000 r-xp 00005000 07:13 5213                       /usr/lib/jvm/java-13-openjdk-amd64/lib/libverify.so
7fd4595c6000-7fd4595c8000 r--p 0000c000 07:13 5213                       /usr/lib/jvm/java-13-openjdk-amd64/lib/libverify.so
7fd4595c8000-7fd4595c9000 ---p 0000e000 07:13 5213                       /usr/lib/jvm/java-13-openjdk-amd64/lib/libverify.so
7fd4595c9000-7fd4595cb000 r--p 0000e000 07:13 5213                       /usr/lib/jvm/java-13-openjdk-amd64/lib/libverify.so
7fd4595cb000-7fd4595cc000 rw-p 00010000 07:13 5213                       /usr/lib/jvm/java-13-openjdk-amd64/lib/libverify.so
7fd4595cc000-7fd4595d0000 ---p 00000000 00:00 0 
7fd4595d0000-7fd4596cd000 rw-p 00000000 00:00 0 
7fd4596cd000-7fd4596d0000 r--p 00000000 07:13 8948                       /usr/lib/x86_64-linux-gnu/libgcc_s.so.1
7fd4596d0000-7fd4596e2000 r-xp 00003000 07:13 8948                       /usr/lib/x86_64-linux-gnu/libgcc_s.so.1
7fd4596e2000-7fd4596e6000 r--p 00015000 07:13 8948                       /usr/lib/x86_64-linux-gnu/libgcc_s.so.1
7fd4596e6000-7fd4596e7000 r--p 00018000 07:13 8948                       /usr/lib/x86_64-linux-gnu/libgcc_s.so.1
7fd4596e7000-7fd4596e8000 rw-p 00019000 07:13 8948                       /usr/lib/x86_64-linux-gnu/libgcc_s.so.1
7fd4596e8000-7fd4596f5000 r--p 00000000 07:13 9062                       /usr/lib/x86_64-linux-gnu/libm-2.31.so
7fd4596f5000-7fd45979c000 r-xp 0000d000 07:13 9062                       /usr/lib/x86_64-linux-gnu/libm-2.31.so
7fd45979c000-7fd459835000 r--p 000b4000 07:13 9062                       /usr/lib/x86_64-linux-gnu/libm-2.31.so
7fd459835000-7fd459836000 r--p 0014c000 07:13 9062                       /usr/lib/x86_64-linux-gnu/libm-2.31.so
7fd459836000-7fd459837000 rw-p 0014d000 07:13 9062                       /usr/lib/x86_64-linux-gnu/libm-2.31.so
7fd459837000-7fd4598cd000 r--p 00000000 07:13 9213                       /usr/lib/x86_64-linux-gnu/libstdc++.so.6.0.28
7fd4598cd000-7fd4599be000 r-xp 00096000 07:13 9213                       /usr/lib/x86_64-linux-gnu/libstdc++.so.6.0.28
7fd4599be000-7fd459a07000 r--p 00187000 07:13 9213                       /usr/lib/x86_64-linux-gnu/libstdc++.so.6.0.28
7fd459a07000-7fd459a08000 ---p 001d0000 07:13 9213                       /usr/lib/x86_64-linux-gnu/libstdc++.so.6.0.28
7fd459a08000-7fd459a13000 r--p 001d0000 07:13 9213                       /usr/lib/x86_64-linux-gnu/libstdc++.so.6.0.28
7fd459a13000-7fd459a16000 rw-p 001db000 07:13 9213                       /usr/lib/x86_64-linux-gnu/libstdc++.so.6.0.28
7fd459a16000-7fd459a19000 rw-p 00000000 00:00 0 
7fd459a19000-7fd459c9f000 r--p 00000000 07:13 5226                       /usr/lib/jvm/java-13-openjdk-amd64/lib/server/libjvm.so
7fd459c9f000-7fd45aa1c000 r-xp 00286000 07:13 5226                       /usr/lib/jvm/java-13-openjdk-amd64/lib/server/libjvm.so
7fd45aa1c000-7fd45ac97000 r--p 01003000 07:13 5226                       /usr/lib/jvm/java-13-openjdk-amd64/lib/server/libjvm.so
7fd45ac97000-7fd45ad5c000 r--p 0127d000 07:13 5226                       /usr/lib/jvm/java-13-openjdk-amd64/lib/server/libjvm.so
7fd45ad5c000-7fd45ad97000 rw-p 01342000 07:13 5226                       /usr/lib/jvm/java-13-openjdk-amd64/lib/server/libjvm.so
7fd45ad97000-7fd45ae1d000 rw-p 00000000 00:00 0 
7fd45ae1d000-7fd45ae23000 r--p 00000000 07:13 9166                       /usr/lib/x86_64-linux-gnu/libpthread-2.31.so
7fd45ae23000-7fd45ae34000 r-xp 00006000 07:13 9166                       /usr/lib/x86_64-linux-gnu/libpthread-2.31.so
7fd45ae34000-7fd45ae3a000 r--p 00017000 07:13 9166                       /usr/lib/x86_64-linux-gnu/libpthread-2.31.so
7fd45ae3a000-7fd45ae3b000 r--p 0001c000 07:13 9166                       /usr/lib/x86_64-linux-gnu/libpthread-2.31.so
7fd45ae3b000-7fd45ae3c000 rw-p 0001d000 07:13 9166                       /usr/lib/x86_64-linux-gnu/libpthread-2.31.so
7fd45ae3c000-7fd45ae40000 rw-p 00000000 00:00 0 
7fd45ae40000-7fd45ae41000 r--p 00000000 07:13 8893                       /usr/lib/x86_64-linux-gnu/libdl-2.31.so
7fd45ae41000-7fd45ae43000 r-xp 00001000 07:13 8893                       /usr/lib/x86_64-linux-gnu/libdl-2.31.so
7fd45ae43000-7fd45ae44000 r--p 00003000 07:13 8893                       /usr/lib/x86_64-linux-gnu/libdl-2.31.so
7fd45ae44000-7fd45ae45000 r--p 00003000 07:13 8893                       /usr/lib/x86_64-linux-gnu/libdl-2.31.so
7fd45ae45000-7fd45ae46000 rw-p 00004000 07:13 8893                       /usr/lib/x86_64-linux-gnu/libdl-2.31.so
7fd45ae46000-7fd45ae48000 r--p 00000000 07:13 9290                       /usr/lib/x86_64-linux-gnu/libz.so.1.2.11
7fd45ae48000-7fd45ae59000 r-xp 00002000 07:13 9290                       /usr/lib/x86_64-linux-gnu/libz.so.1.2.11
7fd45ae59000-7fd45ae5f000 r--p 00013000 07:13 9290                       /usr/lib/x86_64-linux-gnu/libz.so.1.2.11
7fd45ae5f000-7fd45ae60000 ---p 00019000 07:13 9290                       /usr/lib/x86_64-linux-gnu/libz.so.1.2.11
7fd45ae60000-7fd45ae61000 r--p 00019000 07:13 9290                       /usr/lib/x86_64-linux-gnu/libz.so.1.2.11
7fd45ae61000-7fd45ae62000 rw-p 0001a000 07:13 9290                       /usr/lib/x86_64-linux-gnu/libz.so.1.2.11
7fd45ae62000-7fd45ae84000 r--p 00000000 07:13 8851                       /usr/lib/x86_64-linux-gnu/libc-2.31.so
7fd45ae84000-7fd45affc000 r-xp 00022000 07:13 8851                       /usr/lib/x86_64-linux-gnu/libc-2.31.so
7fd45affc000-7fd45b04a000 r--p 0019a000 07:13 8851                       /usr/lib/x86_64-linux-gnu/libc-2.31.so
7fd45b04a000-7fd45b04e000 r--p 001e7000 07:13 8851                       /usr/lib/x86_64-linux-gnu/libc-2.31.so
7fd45b04e000-7fd45b050000 rw-p 001eb000 07:13 8851                       /usr/lib/x86_64-linux-gnu/libc-2.31.so
7fd45b050000-7fd45b054000 rw-p 00000000 00:00 0 
7fd45b056000-7fd45b058000 r--s 0000c000 07:13 20930                      /usr/share/java/java-atk-wrapper.jar
7fd45b058000-7fd45b059000 ---p 00000000 00:00 0 
7fd45b059000-7fd45b05a000 r--p 00000000 00:00 0 
7fd45b05a000-7fd45b05d000 r--p 00000000 07:13 5196                       /usr/lib/jvm/java-13-openjdk-amd64/lib/libjli.so
7fd45b05d000-7fd45b067000 r-xp 00003000 07:13 5196                       /usr/lib/jvm/java-13-openjdk-amd64/lib/libjli.so
7fd45b067000-7fd45b06a000 r--p 0000d000 07:13 5196                       /usr/lib/jvm/java-13-openjdk-amd64/lib/libjli.so
7fd45b06a000-7fd45b06b000 r--p 0000f000 07:13 5196                       /usr/lib/jvm/java-13-openjdk-amd64/lib/libjli.so
7fd45b06b000-7fd45b06c000 rw-p 00010000 07:13 5196                       /usr/lib/jvm/java-13-openjdk-amd64/lib/libjli.so
7fd45b06c000-7fd45b06e000 rw-p 00000000 00:00 0 
7fd45b06e000-7fd45b06f000 r--p 00000000 07:13 8572                       /usr/lib/x86_64-linux-gnu/ld-2.31.so
7fd45b06f000-7fd45b092000 r-xp 00001000 07:13 8572                       /usr/lib/x86_64-linux-gnu/ld-2.31.so
7fd45b092000-7fd45b09a000 r--p 00024000 07:13 8572                       /usr/lib/x86_64-linux-gnu/ld-2.31.so
7fd45b09a000-7fd45b09b000 ---p 00000000 00:00 0 
7fd45b09b000-7fd45b09c000 r--p 0002c000 07:13 8572                       /usr/lib/x86_64-linux-gnu/ld-2.31.so
7fd45b09c000-7fd45b09d000 rw-p 0002d000 07:13 8572                       /usr/lib/x86_64-linux-gnu/ld-2.31.so
7fd45b09d000-7fd45b09e000 rw-p 00000000 00:00 0 
7fff2c9d3000-7fff2c9f4000 rw-p 00000000 00:00 0                          [stack]
7fff2c9fc000-7fff2c9fe000 r-xp 00000000 00:00 0                          [vdso]
ffffffffff600000-ffffffffff601000 r-xp 00000000 00:00 0                  [vsyscall]


VM Arguments:
jvm_args: -Xmx128g --add-modules=ALL-DEFAULT 
java_command: jdk.compiler/com.sun.tools.javac.launcher.Main /mnt/beegfs/rcabanas/dev/credici/papers/zeros/code/GenerateNparents.java -np 2 -nzr 0.4 -zdr 0.5 -o /mnt/beegfs/rcabanas/dev/credici/papers/zeros/models/s3 -rw -s 66 -ys 3
java_class_path (initial): /mnt/beegfs/rcabanas/dev/credici/target/credici-0.1.5-dev-SNAPSHOT-jar-with-dependencies.jar
Launcher Type: SUN_STANDARD

[Global flags]
     intx CICompilerCount                          = 2                                         {product} {ergonomic}
   size_t InitialHeapSize                          = 2147483648                                {product} {ergonomic}
   size_t MaxHeapSize                              = 137438953472                              {product} {command line}
   size_t MaxNewSize                               = 45812940800                               {product} {ergonomic}
   size_t MinHeapDeltaBytes                        = 196608                                    {product} {ergonomic}
   size_t MinHeapSize                              = 8388608                                   {product} {ergonomic}
   size_t NewSize                                  = 715784192                                 {product} {ergonomic}
    uintx NonNMethodCodeHeapSize                   = 5826188                                {pd product} {ergonomic}
    uintx NonProfiledCodeHeapSize                  = 122916026                              {pd product} {ergonomic}
   size_t OldSize                                  = 1431699456                                {product} {ergonomic}
    uintx ProfiledCodeHeapSize                     = 122916026                              {pd product} {ergonomic}
    uintx ReservedCodeCacheSize                    = 251658240                              {pd product} {ergonomic}
     bool SegmentedCodeCache                       = true                                      {product} {ergonomic}
   size_t SoftMaxHeapSize                          = 137438953472                           {manageable} {ergonomic}
     bool UseSerialGC                              = true                                      {product} {ergonomic}

Logging:
Log output configuration:
 #0: stdout all=warning uptime,level,tags
 #1: stderr all=off uptime,level,tags

Environment Variables:
PATH=/usr/local/sbin:/usr/local/bin:/usr/sbin:/usr/bin:/sbin:/bin
LD_LIBRARY_PATH=/.singularity.d/libs

Signal Handlers:
SIGSEGV: [libjvm.so+0xf8fcf0], sa_mask[0]=11111111011111111101111111111110, sa_flags=SA_RESTART|SA_SIGINFO
SIGBUS: [libjvm.so+0xf8fcf0], sa_mask[0]=11111111011111111101111111111110, sa_flags=SA_RESTART|SA_SIGINFO
SIGFPE: [libjvm.so+0xf8fcf0], sa_mask[0]=11111111011111111101111111111110, sa_flags=SA_RESTART|SA_SIGINFO
SIGPIPE: [libjvm.so+0xc3ffa0], sa_mask[0]=11111111011111111101111111111110, sa_flags=SA_RESTART|SA_SIGINFO
SIGXFSZ: [libjvm.so+0xc3ffa0], sa_mask[0]=11111111011111111101111111111110, sa_flags=SA_RESTART|SA_SIGINFO
SIGILL: [libjvm.so+0xf8fcf0], sa_mask[0]=11111111011111111101111111111110, sa_flags=SA_RESTART|SA_SIGINFO
SIGUSR2: [libjvm.so+0xc3fe40], sa_mask[0]=00000000000000000000000000000000, sa_flags=SA_RESTART|SA_SIGINFO
SIGHUP: [libjvm.so+0xc40580], sa_mask[0]=11111111011111111101111111111110, sa_flags=SA_RESTART|SA_SIGINFO
SIGINT: [libjvm.so+0xc40580], sa_mask[0]=11111111011111111101111111111110, sa_flags=SA_RESTART|SA_SIGINFO
SIGTERM: [libjvm.so+0xc40580], sa_mask[0]=11111111011111111101111111111110, sa_flags=SA_RESTART|SA_SIGINFO
SIGQUIT: [libjvm.so+0xc40580], sa_mask[0]=11111111011111111101111111111110, sa_flags=SA_RESTART|SA_SIGINFO


---------------  S Y S T E M  ---------------

OS:DISTRIB_ID=Ubuntu
DISTRIB_RELEASE=20.04
DISTRIB_CODENAME=focal
DISTRIB_DESCRIPTION="Ubuntu 20.04.4 LTS"
uname:Linux 3.10.0-1160.15.2.el7.x86_64 #1 SMP Wed Feb 3 15:06:38 UTC 2021 x86_64
OS uptime: 2 days 16:22 hours
libc:glibc 2.31 NPTL 2.31 
rlimit (soft/hard): STACK 8192k/infinity , CORE 0k/infinity , NPROC 4096/1030217 , NOFILE 131072/131072 , AS infinity/infinity , CPU infinity/infinity , DATA infinity/infinity , FSIZE infinity/infinity , MEMLOCK infinity/infinity
load average:64.45 64.68 55.31

/proc/meminfo:
MemTotal:       263895364 kB
MemFree:          660268 kB
MemAvailable:     418388 kB
Buffers:          216520 kB
Cached:           248340 kB
SwapCached:       289128 kB
Active:         245621276 kB
Inactive:        8189272 kB
Active(anon):   245398864 kB
Inactive(anon):  7966032 kB
Active(file):     222412 kB
Inactive(file):   223240 kB
Unevictable:       26564 kB
Mlocked:           26564 kB
SwapTotal:       4194300 kB
SwapFree:         565952 kB
Dirty:               236 kB
Writeback:             0 kB
AnonPages:      253088948 kB
Mapped:           165420 kB
Shmem:             14024 kB
Slab:             729640 kB
SReclaimable:     166388 kB
SUnreclaim:       563252 kB
KernelStack:       53344 kB
PageTables:       601076 kB
NFS_Unstable:          0 kB
Bounce:                0 kB
WritebackTmp:          0 kB
CommitLimit:    136141980 kB
Committed_AS:   322906476 kB
VmallocTotal:   34359738367 kB
VmallocUsed:      863184 kB
VmallocChunk:   34222529136 kB
Percpu:            18176 kB
HardwareCorrupted:     0 kB
AnonHugePages:  145692672 kB
CmaTotal:              0 kB
CmaFree:               0 kB
HugePages_Total:       0
HugePages_Free:        0
HugePages_Rsvd:        0
HugePages_Surp:        0
Hugepagesize:       2048 kB
DirectMap4k:      636520 kB
DirectMap2M:    31731712 kB
DirectMap1G:    235929600 kB

/sys/kernel/mm/transparent_hugepage/enabled:
[always] madvise never

/sys/kernel/mm/transparent_hugepage/defrag (defrag/compaction efforts parameter):
[always] madvise never


/proc/sys/kernel/threads-max (system-wide limit on the number of threads):
2060435


/proc/sys/vm/max_map_count (maximum number of memory map areas a process may have):
65530


/proc/sys/kernel/pid_max (system-wide limit on number of process identifiers):
65536



Steal ticks since vm start: 0
Steal ticks percentage since vm start:  0.000

CPU:total 64 (initial active 1) (32 cores per cpu, 1 threads per core) family 23 model 49 stepping 0, cmov, cx8, fxsr, mmx, sse, sse2, sse3, ssse3, sse4.1, sse4.2, popcnt, avx, avx2, aes, clmul, mmxext, 3dnowpref, lzcnt, sse4a, tsc, tscinvbit, tscinv, bmi1, bmi2, adx, sha, fma
CPU Model and flags from /proc/cpuinfo:
model name	: AMD EPYC 7542 32-Core Processor
flags		: fpu vme de pse tsc msr pae mce cx8 apic sep mtrr pge mca cmov pat pse36 clflush mmx fxsr sse sse2 ht syscall nx mmxext fxsr_opt pdpe1gb rdtscp lm constant_tsc art rep_good nopl nonstop_tsc extd_apicid aperfmperf eagerfpu pni pclmulqdq monitor ssse3 fma cx16 sse4_1 sse4_2 movbe popcnt aes xsave avx f16c rdrand lahf_lm cmp_legacy svm extapic cr8_legacy abm sse4a misalignsse 3dnowprefetch osvw ibs skinit wdt tce topoext perfctr_core perfctr_nb bpext perfctr_l2 cpb cat_l3 cdp_l3 hw_pstate sme retpoline_amd ssbd ibrs ibpb stibp vmmcall fsgsbase bmi1 avx2 smep bmi2 cqm rdt_a rdseed adx smap clflushopt clwb sha_ni xsaveopt xsavec xgetbv1 cqm_llc cqm_occup_llc cqm_mbm_total cqm_mbm_local clzero irperf xsaveerptr arat npt lbrv svm_lock nrip_save tsc_scale vmcb_clean flushbyasid decodeassists pausefilter pfthreshold avic v_vmsave_vmload vgif umip overflow_recov succor smca
Online cpus:0-63
Offline cpus:
BIOS frequency limitation:2900000
Frequency switch latency (ns):0
Available cpu frequencies:2900000 2400000 1500000 
Current governor:conservative
Core performance/turbo boost:1

Memory: 4k page, physical 263895364k(658748k free), swap 4194300k(565952k free)

vm_info: OpenJDK 64-Bit Server VM (13.0.7+5-Ubuntu-0ubuntu120.04) for linux-amd64 JRE (13.0.7+5-Ubuntu-0ubuntu120.04), built on Apr 21 2021 05:36:19 by "unknown" with gcc 9.3.0

END.
