#
# A fatal error has been detected by the Java Runtime Environment:
#
#  SIGBUS (0x7) at pc=0x00007f8109807c60, pid=22730, tid=22965
#
# JRE version:  (13.0.7+5) (build )
# Java VM: OpenJDK 64-Bit Server VM (13.0.7+5-Ubuntu-0ubuntu120.04, mixed mode, tiered, serial gc, linux-amd64)
# Problematic frame:
# V  [libjvm.so+0x49ec60]
#
# No core dump will be written. Core dumps have been disabled. To enable core dumping, try "ulimit -c unlimited" before starting Java again
#
#

---------------  S U M M A R Y ------------

Command Line: -Xmx128g --add-modules=ALL-DEFAULT jdk.compiler/com.sun.tools.javac.launcher.Main /mnt/beegfs/rcabanas/dev/credici/papers/zeros/code/GenerateNparents.java -np 1 -nzr 0.2 -zdr 0.5 -o /mnt/beegfs/rcabanas/dev/credici/papers/zeros/models/s3 -rw -s 25 -ys 3

Host: AMD EPYC 7542 32-Core Processor, 64 cores, 251G, Ubuntu 20.04.4 LTS
Time: Mon Oct 14 12:32:27 2024 CEST elapsed time: 0.061418 seconds (0d 0h 0m 0s)

---------------  T H R E A D  ---------------

Current thread (0x00007f8104018000):  JavaThread "Unknown thread" [_thread_in_vm, id=22965, stack(0x00007f8108f1c000,0x00007f810901d000)]

Stack: [0x00007f8108f1c000,0x00007f810901d000],  sp=0x00007f810901bba8,  free space=1022k
Native frames: (J=compiled Java code, A=aot compiled Java code, j=interpreted, Vv=VM code, C=native code)
V  [libjvm.so+0x49ec60]
V  [libjvm.so+0xf25add]
V  [libjvm.so+0x908da5]  JNI_CreateJavaVM+0x55
C  [libjli.so+0x4d6f]
C  [libjli.so+0x9d3d]


siginfo: si_signo: 7 (SIGBUS), si_code: 2 (BUS_ADRERR), si_addr: 0x00007f8109807c60

Registers:
RAX=0x00007f8104023000, RBX=0x00007f810901bdd7, RCX=0x0000000000000018, RDX=0x0000000000000000
RSP=0x00007f810901bba8, RBP=0x00007f810901bc00, RSI=0x00007f8104018000, RDI=0x00007f810901bb88
R8 =0x0000000000000000, R9 =0x00000000000382ee, R10=0x00007f8108eb3674, R11=0x0033a410bba5fbc4
R12=0x00007f810901bc30, R13=0x00007f810901bbb0, R14=0x00007f810901bc50, R15=0x00007f8104018000
RIP=0x00007f8109807c60, EFLAGS=0x0000000000010202, CSGSFS=0x0000000000000033, ERR=0x0000000000000014
  TRAPNO=0x000000000000000e

Top of Stack: (sp=0x00007f810901bba8)
0x00007f810901bba8:   00007f8109bbb719 00007f8104018000
0x00007f810901bbb8:   00007f8104018950 00007f8104018990
0x00007f810901bbc8:   00007f81040189a0 00007f8104018a78
0x00007f810901bbd8:   00000000000000d8 00007f8104018bb0 

Instructions: (pc=0x00007f8109807c60)
0x00007f8109807b60:   
[error occurred during error reporting (printing registers, top of stack, instructions near pc), id 0x7, SIGBUS (0x7) at pc=0x00007f8109fa2258]


---------------  P R O C E S S  ---------------

Threads class SMR info:
_java_thread_list=0x00007f810a75eb40, length=0, elements={
}

Java Threads: ( => current thread )

Other Threads:

[error occurred during error reporting (printing all threads), id 0xb, SIGSEGV (0xb) at pc=0x00007f810a28a3f5]

VM state:not at safepoint (not fully initialized)

VM Mutex/Monitor currently owned by a thread: None

Deoptimization events (0 events):
No events

Classes unloaded (0 events):
No events

Classes redefined (0 events):
No events

Internal exceptions (0 events):
No events

Events (1 events):
Event: 0.040 Protecting memory [0x00007f8108f1c000,0x00007f8108f20000] with protection modes 0


Dynamic libraries:
559573537000-559573538000 r--p 00000000 07:1e 4860                       /usr/lib/jvm/java-13-openjdk-amd64/bin/java
559573538000-559573539000 r-xp 00001000 07:1e 4860                       /usr/lib/jvm/java-13-openjdk-amd64/bin/java
559573539000-55957353a000 r--p 00002000 07:1e 4860                       /usr/lib/jvm/java-13-openjdk-amd64/bin/java
55957353a000-55957353b000 r--p 00002000 07:1e 4860                       /usr/lib/jvm/java-13-openjdk-amd64/bin/java
55957353b000-55957353c000 rw-p 00003000 07:1e 4860                       /usr/lib/jvm/java-13-openjdk-amd64/bin/java
5595741c5000-5595741e6000 rw-p 00000000 00:00 0                          [heap]
7f8104000000-7f810402a000 rw-p 00000000 00:00 0 
7f810402a000-7f8108000000 ---p 00000000 00:00 0 
7f8108eb3000-7f8108ebb000 rw-s 00000000 08:03 34784672                   /tmp/hsperfdata_rcabanas/22730
7f8108ebb000-7f8108ebe000 r--p 00000000 07:1e 9108                       /usr/lib/x86_64-linux-gnu/libnss_files-2.31.so
7f8108ebe000-7f8108ec5000 r-xp 00003000 07:1e 9108                       /usr/lib/x86_64-linux-gnu/libnss_files-2.31.so
7f8108ec5000-7f8108ec7000 r--p 0000a000 07:1e 9108                       /usr/lib/x86_64-linux-gnu/libnss_files-2.31.so
7f8108ec7000-7f8108ec8000 r--p 0000b000 07:1e 9108                       /usr/lib/x86_64-linux-gnu/libnss_files-2.31.so
7f8108ec8000-7f8108ec9000 rw-p 0000c000 07:1e 9108                       /usr/lib/x86_64-linux-gnu/libnss_files-2.31.so
7f8108ec9000-7f8108ecf000 rw-p 00000000 00:00 0 
7f8108ed5000-7f8108ed7000 r--p 00000000 07:1e 5195                       /usr/lib/jvm/java-13-openjdk-amd64/lib/libjimage.so
7f8108ed7000-7f8108eda000 r-xp 00002000 07:1e 5195                       /usr/lib/jvm/java-13-openjdk-amd64/lib/libjimage.so
7f8108eda000-7f8108edb000 r--p 00005000 07:1e 5195                       /usr/lib/jvm/java-13-openjdk-amd64/lib/libjimage.so
7f8108edb000-7f8108edc000 ---p 00006000 07:1e 5195                       /usr/lib/jvm/java-13-openjdk-amd64/lib/libjimage.so
7f8108edc000-7f8108edd000 r--p 00006000 07:1e 5195                       /usr/lib/jvm/java-13-openjdk-amd64/lib/libjimage.so
7f8108edd000-7f8108ede000 rw-p 00007000 07:1e 5195                       /usr/lib/jvm/java-13-openjdk-amd64/lib/libjimage.so
7f8108ede000-7f8108eeb000 r--p 00000000 07:1e 5191                       /usr/lib/jvm/java-13-openjdk-amd64/lib/libjava.so
7f8108eeb000-7f8108f00000 r-xp 0000d000 07:1e 5191                       /usr/lib/jvm/java-13-openjdk-amd64/lib/libjava.so
7f8108f00000-7f8108f06000 r--p 00022000 07:1e 5191                       /usr/lib/jvm/java-13-openjdk-amd64/lib/libjava.so
7f8108f06000-7f8108f07000 ---p 00028000 07:1e 5191                       /usr/lib/jvm/java-13-openjdk-amd64/lib/libjava.so
7f8108f07000-7f8108f08000 r--p 00028000 07:1e 5191                       /usr/lib/jvm/java-13-openjdk-amd64/lib/libjava.so
7f8108f08000-7f8108f0a000 rw-p 00029000 07:1e 5191                       /usr/lib/jvm/java-13-openjdk-amd64/lib/libjava.so
7f8108f0a000-7f8108f0f000 r--p 00000000 07:1e 5213                       /usr/lib/jvm/java-13-openjdk-amd64/lib/libverify.so
7f8108f0f000-7f8108f16000 r-xp 00005000 07:1e 5213                       /usr/lib/jvm/java-13-openjdk-amd64/lib/libverify.so
7f8108f16000-7f8108f18000 r--p 0000c000 07:1e 5213                       /usr/lib/jvm/java-13-openjdk-amd64/lib/libverify.so
7f8108f18000-7f8108f19000 ---p 0000e000 07:1e 5213                       /usr/lib/jvm/java-13-openjdk-amd64/lib/libverify.so
7f8108f19000-7f8108f1b000 r--p 0000e000 07:1e 5213                       /usr/lib/jvm/java-13-openjdk-amd64/lib/libverify.so
7f8108f1b000-7f8108f1c000 rw-p 00010000 07:1e 5213                       /usr/lib/jvm/java-13-openjdk-amd64/lib/libverify.so
7f8108f1c000-7f8108f20000 ---p 00000000 00:00 0 
7f8108f20000-7f810901d000 rw-p 00000000 00:00 0 
7f810901d000-7f8109020000 r--p 00000000 07:1e 8948                       /usr/lib/x86_64-linux-gnu/libgcc_s.so.1
7f8109020000-7f8109032000 r-xp 00003000 07:1e 8948                       /usr/lib/x86_64-linux-gnu/libgcc_s.so.1
7f8109032000-7f8109036000 r--p 00015000 07:1e 8948                       /usr/lib/x86_64-linux-gnu/libgcc_s.so.1
7f8109036000-7f8109037000 r--p 00018000 07:1e 8948                       /usr/lib/x86_64-linux-gnu/libgcc_s.so.1
7f8109037000-7f8109038000 rw-p 00019000 07:1e 8948                       /usr/lib/x86_64-linux-gnu/libgcc_s.so.1
7f8109038000-7f8109045000 r--p 00000000 07:1e 9062                       /usr/lib/x86_64-linux-gnu/libm-2.31.so
7f8109045000-7f81090ec000 r-xp 0000d000 07:1e 9062                       /usr/lib/x86_64-linux-gnu/libm-2.31.so
7f81090ec000-7f8109185000 r--p 000b4000 07:1e 9062                       /usr/lib/x86_64-linux-gnu/libm-2.31.so
7f8109185000-7f8109186000 r--p 0014c000 07:1e 9062                       /usr/lib/x86_64-linux-gnu/libm-2.31.so
7f8109186000-7f8109187000 rw-p 0014d000 07:1e 9062                       /usr/lib/x86_64-linux-gnu/libm-2.31.so
7f8109187000-7f810921d000 r--p 00000000 07:1e 9213                       /usr/lib/x86_64-linux-gnu/libstdc++.so.6.0.28
7f810921d000-7f810930e000 r-xp 00096000 07:1e 9213                       /usr/lib/x86_64-linux-gnu/libstdc++.so.6.0.28
7f810930e000-7f8109357000 r--p 00187000 07:1e 9213                       /usr/lib/x86_64-linux-gnu/libstdc++.so.6.0.28
7f8109357000-7f8109358000 ---p 001d0000 07:1e 9213                       /usr/lib/x86_64-linux-gnu/libstdc++.so.6.0.28
7f8109358000-7f8109363000 r--p 001d0000 07:1e 9213                       /usr/lib/x86_64-linux-gnu/libstdc++.so.6.0.28
7f8109363000-7f8109366000 rw-p 001db000 07:1e 9213                       /usr/lib/x86_64-linux-gnu/libstdc++.so.6.0.28
7f8109366000-7f8109369000 rw-p 00000000 00:00 0 
7f8109369000-7f81095ef000 r--p 00000000 07:1e 5226                       /usr/lib/jvm/java-13-openjdk-amd64/lib/server/libjvm.so
7f81095ef000-7f810a36c000 r-xp 00286000 07:1e 5226                       /usr/lib/jvm/java-13-openjdk-amd64/lib/server/libjvm.so
7f810a36c000-7f810a5e7000 r--p 01003000 07:1e 5226                       /usr/lib/jvm/java-13-openjdk-amd64/lib/server/libjvm.so
7f810a5e7000-7f810a6ac000 r--p 0127d000 07:1e 5226                       /usr/lib/jvm/java-13-openjdk-amd64/lib/server/libjvm.so
7f810a6ac000-7f810a6e7000 rw-p 01342000 07:1e 5226                       /usr/lib/jvm/java-13-openjdk-amd64/lib/server/libjvm.so
7f810a6e7000-7f810a76d000 rw-p 00000000 00:00 0 
7f810a76d000-7f810a773000 r--p 00000000 07:1e 9166                       /usr/lib/x86_64-linux-gnu/libpthread-2.31.so
7f810a773000-7f810a784000 r-xp 00006000 07:1e 9166                       /usr/lib/x86_64-linux-gnu/libpthread-2.31.so
7f810a784000-7f810a78a000 r--p 00017000 07:1e 9166                       /usr/lib/x86_64-linux-gnu/libpthread-2.31.so
7f810a78a000-7f810a78b000 r--p 0001c000 07:1e 9166                       /usr/lib/x86_64-linux-gnu/libpthread-2.31.so
7f810a78b000-7f810a78c000 rw-p 0001d000 07:1e 9166                       /usr/lib/x86_64-linux-gnu/libpthread-2.31.so
7f810a78c000-7f810a790000 rw-p 00000000 00:00 0 
7f810a790000-7f810a791000 r--p 00000000 07:1e 8893                       /usr/lib/x86_64-linux-gnu/libdl-2.31.so
7f810a791000-7f810a793000 r-xp 00001000 07:1e 8893                       /usr/lib/x86_64-linux-gnu/libdl-2.31.so
7f810a793000-7f810a794000 r--p 00003000 07:1e 8893                       /usr/lib/x86_64-linux-gnu/libdl-2.31.so
7f810a794000-7f810a795000 r--p 00003000 07:1e 8893                       /usr/lib/x86_64-linux-gnu/libdl-2.31.so
7f810a795000-7f810a796000 rw-p 00004000 07:1e 8893                       /usr/lib/x86_64-linux-gnu/libdl-2.31.so
7f810a796000-7f810a798000 r--p 00000000 07:1e 9290                       /usr/lib/x86_64-linux-gnu/libz.so.1.2.11
7f810a798000-7f810a7a9000 r-xp 00002000 07:1e 9290                       /usr/lib/x86_64-linux-gnu/libz.so.1.2.11
7f810a7a9000-7f810a7af000 r--p 00013000 07:1e 9290                       /usr/lib/x86_64-linux-gnu/libz.so.1.2.11
7f810a7af000-7f810a7b0000 ---p 00019000 07:1e 9290                       /usr/lib/x86_64-linux-gnu/libz.so.1.2.11
7f810a7b0000-7f810a7b1000 r--p 00019000 07:1e 9290                       /usr/lib/x86_64-linux-gnu/libz.so.1.2.11
7f810a7b1000-7f810a7b2000 rw-p 0001a000 07:1e 9290                       /usr/lib/x86_64-linux-gnu/libz.so.1.2.11
7f810a7b2000-7f810a7d4000 r--p 00000000 07:1e 8851                       /usr/lib/x86_64-linux-gnu/libc-2.31.so
7f810a7d4000-7f810a94c000 r-xp 00022000 07:1e 8851                       /usr/lib/x86_64-linux-gnu/libc-2.31.so
7f810a94c000-7f810a99a000 r--p 0019a000 07:1e 8851                       /usr/lib/x86_64-linux-gnu/libc-2.31.so
7f810a99a000-7f810a99e000 r--p 001e7000 07:1e 8851                       /usr/lib/x86_64-linux-gnu/libc-2.31.so
7f810a99e000-7f810a9a0000 rw-p 001eb000 07:1e 8851                       /usr/lib/x86_64-linux-gnu/libc-2.31.so
7f810a9a0000-7f810a9a4000 rw-p 00000000 00:00 0 
7f810a9a8000-7f810a9a9000 ---p 00000000 00:00 0 
7f810a9a9000-7f810a9aa000 r--p 00000000 00:00 0 
7f810a9aa000-7f810a9ad000 r--p 00000000 07:1e 5196                       /usr/lib/jvm/java-13-openjdk-amd64/lib/libjli.so
7f810a9ad000-7f810a9b7000 r-xp 00003000 07:1e 5196                       /usr/lib/jvm/java-13-openjdk-amd64/lib/libjli.so
7f810a9b7000-7f810a9ba000 r--p 0000d000 07:1e 5196                       /usr/lib/jvm/java-13-openjdk-amd64/lib/libjli.so
7f810a9ba000-7f810a9bb000 r--p 0000f000 07:1e 5196                       /usr/lib/jvm/java-13-openjdk-amd64/lib/libjli.so
7f810a9bb000-7f810a9bc000 rw-p 00010000 07:1e 5196                       /usr/lib/jvm/java-13-openjdk-amd64/lib/libjli.so
7f810a9bc000-7f810a9be000 rw-p 00000000 00:00 0 
7f810a9be000-7f810a9bf000 r--p 00000000 07:1e 8572                       /usr/lib/x86_64-linux-gnu/ld-2.31.so
7f810a9bf000-7f810a9e2000 r-xp 00001000 07:1e 8572                       /usr/lib/x86_64-linux-gnu/ld-2.31.so
7f810a9e2000-7f810a9ea000 r--p 00024000 07:1e 8572                       /usr/lib/x86_64-linux-gnu/ld-2.31.so
7f810a9ea000-7f810a9eb000 ---p 00000000 00:00 0 
7f810a9eb000-7f810a9ec000 r--p 0002c000 07:1e 8572                       /usr/lib/x86_64-linux-gnu/ld-2.31.so
7f810a9ec000-7f810a9ed000 rw-p 0002d000 07:1e 8572                       /usr/lib/x86_64-linux-gnu/ld-2.31.so
7f810a9ed000-7f810a9ee000 rw-p 00000000 00:00 0 
7fff980c4000-7fff980e5000 rw-p 00000000 00:00 0                          [stack]
7fff9814f000-7fff98151000 r-xp 00000000 00:00 0                          [vdso]
ffffffffff600000-ffffffffff601000 r-xp 00000000 00:00 0                  [vsyscall]


VM Arguments:
jvm_args: -Xmx128g --add-modules=ALL-DEFAULT 
java_command: jdk.compiler/com.sun.tools.javac.launcher.Main /mnt/beegfs/rcabanas/dev/credici/papers/zeros/code/GenerateNparents.java -np 1 -nzr 0.2 -zdr 0.5 -o /mnt/beegfs/rcabanas/dev/credici/papers/zeros/models/s3 -rw -s 25 -ys 3
java_class_path (initial): /mnt/beegfs/rcabanas/dev/credici/target/credici-0.1.5-dev-SNAPSHOT-jar-with-dependencies.jar
Launcher Type: SUN_STANDARD

[Global flags]
   size_t InitialHeapSize                          = 2147483648                                {product} {ergonomic}
   size_t MaxHeapSize                              = 137438953472                              {product} {command line}
   size_t MinHeapSize                              = 6815736                                   {product} {ergonomic}
    uintx ReservedCodeCacheSize                    = 251658240                              {pd product} {ergonomic}
     bool SegmentedCodeCache                       = true                                      {product} {ergonomic}
     bool UseSerialGC                              = true                                      {product} {ergonomic}

Logging:
Log output configuration:
 #0: stdout all=warning uptime,level,tags
 #1: stderr all=off uptime,level,tags

Environment Variables:
PATH=/usr/local/sbin:/usr/local/bin:/usr/sbin:/usr/bin:/sbin:/bin
LD_LIBRARY_PATH=/.singularity.d/libs

Signal Handlers:
SIGSEGV: [libjvm.so+0xf8fcf0], sa_mask[0]=11111111011111111101111111111110, sa_flags=SA_RESTART|SA_SIGINFO
SIGBUS: [libjvm.so+0xf8fcf0], sa_mask[0]=11111111011111111101111111111110, sa_flags=SA_RESTART|SA_SIGINFO
SIGFPE: [libjvm.so+0xf8fcf0], sa_mask[0]=11111111011111111101111111111110, sa_flags=SA_RESTART|SA_SIGINFO
SIGPIPE: [libjvm.so+0xc3ffa0], sa_mask[0]=11111111011111111101111111111110, sa_flags=SA_RESTART|SA_SIGINFO
SIGXFSZ: [libjvm.so+0xc3ffa0], sa_mask[0]=11111111011111111101111111111110, sa_flags=SA_RESTART|SA_SIGINFO
SIGILL: [libjvm.so+0xf8fcf0], sa_mask[0]=11111111011111111101111111111110, sa_flags=SA_RESTART|SA_SIGINFO
SIGUSR2: [libjvm.so+0xc3fe40], sa_mask[0]=00000000000000000000000000000000, sa_flags=SA_RESTART|SA_SIGINFO
SIGHUP: SIG_DFL, sa_mask[0]=00000000000000000000000000000000, sa_flags=none
SIGINT: SIG_DFL, sa_mask[0]=00000000000000000000000000000000, sa_flags=none
SIGTERM: SIG_DFL, sa_mask[0]=00000000000000000000000000000000, sa_flags=none
SIGQUIT: SIG_DFL, sa_mask[0]=00000000000000000000000000000000, sa_flags=none


---------------  S Y S T E M  ---------------

OS:DISTRIB_ID=Ubuntu
DISTRIB_RELEASE=20.04
DISTRIB_CODENAME=focal
DISTRIB_DESCRIPTION="Ubuntu 20.04.4 LTS"
uname:Linux 3.10.0-1160.15.2.el7.x86_64 #1 SMP Wed Feb 3 15:06:38 UTC 2021 x86_64
OS uptime: 2 days 15:55 hours
libc:glibc 2.31 NPTL 2.31 
rlimit (soft/hard): STACK 8192k/infinity , CORE 0k/infinity , NPROC 4096/1030217 , NOFILE 131072/131072 , AS infinity/infinity , CPU infinity/infinity , DATA infinity/infinity , FSIZE infinity/infinity , MEMLOCK infinity/infinity
load average:34.03 8.65 2.94

/proc/meminfo:
MemTotal:       263895364 kB
MemFree:        246711712 kB
MemAvailable:   250280744 kB
Buffers:          623076 kB
Cached:          3525536 kB
SwapCached:            0 kB
Active:          5626660 kB
Inactive:        2423056 kB
Active(anon):    3913848 kB
Inactive(anon):    26912 kB
Active(file):    1712812 kB
Inactive(file):  2396144 kB
Unevictable:       17564 kB
Mlocked:           17564 kB
SwapTotal:       4194300 kB
SwapFree:        4194300 kB
Dirty:              1464 kB
Writeback:             0 kB
AnonPages:       3737332 kB
Mapped:           663204 kB
Shmem:             27716 kB
Slab:             890872 kB
SReclaimable:     346856 kB
SUnreclaim:       544016 kB
KernelStack:       39312 kB
PageTables:        81460 kB
NFS_Unstable:          0 kB
Bounce:                0 kB
WritebackTmp:          0 kB
CommitLimit:    136141980 kB
Committed_AS:   72297116 kB
VmallocTotal:   34359738367 kB
VmallocUsed:      862176 kB
VmallocChunk:   34222544680 kB
Percpu:            18176 kB
HardwareCorrupted:     0 kB
AnonHugePages:   1660928 kB
CmaTotal:              0 kB
CmaFree:               0 kB
HugePages_Total:       0
HugePages_Free:        0
HugePages_Rsvd:        0
HugePages_Surp:        0
Hugepagesize:       2048 kB
DirectMap4k:      636520 kB
DirectMap2M:    31731712 kB
DirectMap1G:    235929600 kB

/sys/kernel/mm/transparent_hugepage/enabled:
[always] madvise never

/sys/kernel/mm/transparent_hugepage/defrag (defrag/compaction efforts parameter):
[always] madvise never


/proc/sys/kernel/threads-max (system-wide limit on the number of threads):
2060435


/proc/sys/vm/max_map_count (maximum number of memory map areas a process may have):
65530


/proc/sys/kernel/pid_max (system-wide limit on number of process identifiers):
65536



Steal ticks since vm start: 0
Steal ticks percentage since vm start:  0.000

CPU:total 64 (initial active 1) 
CPU Model and flags from /proc/cpuinfo:
model name	: AMD EPYC 7542 32-Core Processor
flags		: fpu vme de pse tsc msr pae mce cx8 apic sep mtrr pge mca cmov pat pse36 clflush mmx fxsr sse sse2 ht syscall nx mmxext fxsr_opt pdpe1gb rdtscp lm constant_tsc art rep_good nopl nonstop_tsc extd_apicid aperfmperf eagerfpu pni pclmulqdq monitor ssse3 fma cx16 sse4_1 sse4_2 movbe popcnt aes xsave avx f16c rdrand lahf_lm cmp_legacy svm extapic cr8_legacy abm sse4a misalignsse 3dnowprefetch osvw ibs skinit wdt tce topoext perfctr_core perfctr_nb bpext perfctr_l2 cpb cat_l3 cdp_l3 hw_pstate sme retpoline_amd ssbd ibrs ibpb stibp vmmcall fsgsbase bmi1 avx2 smep bmi2 cqm rdt_a rdseed adx smap clflushopt clwb sha_ni xsaveopt xsavec xgetbv1 cqm_llc cqm_occup_llc cqm_mbm_total cqm_mbm_local clzero irperf xsaveerptr arat npt lbrv svm_lock nrip_save tsc_scale vmcb_clean flushbyasid decodeassists pausefilter pfthreshold avic v_vmsave_vmload vgif umip overflow_recov succor smca
Online cpus:0-63
Offline cpus:
BIOS frequency limitation:2900000
Frequency switch latency (ns):0
Available cpu frequencies:2900000 2400000 1500000 
Current governor:conservative
Core performance/turbo boost:1

Memory: 4k page, physical 263895364k(246709504k free), swap 4194300k(4194300k free)

vm_info: OpenJDK 64-Bit Server VM (13.0.7+5-Ubuntu-0ubuntu120.04) for linux-amd64 JRE (13.0.7+5-Ubuntu-0ubuntu120.04), built on Apr 21 2021 05:36:19 by "unknown" with gcc 9.3.0

END.
