#
# There is insufficient memory for the Java Runtime Environment to continue.
# Native memory allocation (mmap) failed to map 3547877376 bytes for committing reserved memory.
# Possible reasons:
#   The system is out of physical RAM or swap space
# Possible solutions:
#   Reduce memory load on the system
#   Increase physical memory or swap space
#   Check if swap backing store is full
#   Decrease Java heap size (-Xmx/-Xms)
#   Decrease number of Java threads
#   Decrease Java thread stack sizes (-Xss)
#   Set larger code cache with -XX:ReservedCodeCacheSize=
# This output file may be truncated or incomplete.
#
#  Out of Memory Error (os_linux.cpp:2899), pid=13753, tid=13755
#
# JRE version: OpenJDK Runtime Environment (13.0.7+5) (build 13.0.7+5-Ubuntu-0ubuntu120.04)
# Java VM: OpenJDK 64-Bit Server VM (13.0.7+5-Ubuntu-0ubuntu120.04, mixed mode, tiered, serial gc, linux-amd64)
# No core dump will be written. Core dumps have been disabled. To enable core dumping, try "ulimit -c unlimited" before starting Java again
#

---------------  S U M M A R Y ------------

Command Line: -Xmx128g --add-modules=ALL-DEFAULT jdk.compiler/com.sun.tools.javac.launcher.Main /mnt/beegfs/rcabanas/dev/credici/papers/zeros/code/GenerateNparents.java -np 2 -nzr 1.0 -zdr 0.5 -o /mnt/beegfs/rcabanas/dev/credici/papers/zeros/models/s3 -rw -s 145 -ys 3

Host: AMD EPYC 7542 32-Core Processor, 64 cores, 251G, Ubuntu 20.04.4 LTS
Time: Mon Oct 14 13:05:02 2024 CEST elapsed time: 573.639285 seconds (0d 0h 9m 33s)

---------------  T H R E A D  ---------------

Current thread (0x00007fbf84097800):  VMThread "VM Thread" [stack: 0x00007fbf8a28b000,0x00007fbf8a38b000] [id=13755]

Stack: [0x00007fbf8a28b000,0x00007fbf8a38b000],  sp=0x00007fbf8a389160,  free space=1016k
Native frames: (J=compiled Java code, A=aot compiled Java code, j=interpreted, Vv=VM code, C=native code)
V  [libjvm.so+0xf8f092]
V  [libjvm.so+0xf8fc91]
V  [libjvm.so+0x66ee5a]
V  [libjvm.so+0xc44a41]
V  [libjvm.so+0xc3b263]
V  [libjvm.so+0xf87f4b]
V  [libjvm.so+0x557506]
V  [libjvm.so+0x557723]
V  [libjvm.so+0xf18b0c]
V  [libjvm.so+0x557e65]
V  [libjvm.so+0x7e2edb]
V  [libjvm.so+0x7e39bd]
V  [libjvm.so+0x7d8b48]
V  [libjvm.so+0xf90940]
V  [libjvm.so+0xf96657]
V  [libjvm.so+0xf96d2b]
V  [libjvm.so+0xf9706a]
V  [libjvm.so+0xf2208f]
V  [libjvm.so+0xc493ff]

VM_Operation (0x00007fbf8affaba0): GenCollectForAllocation, mode: safepoint, requested by thread 0x00007fbf84018000


---------------  P R O C E S S  ---------------

Threads class SMR info:
_java_thread_list=0x00007fbf841363c0, length=9, elements={
0x00007fbf84018000, 0x00007fbf840a3800, 0x00007fbf840a7000, 0x00007fbf840cb000,
0x00007fbf840cd000, 0x00007fbf840cf000, 0x00007fbf840d1000, 0x00007fbf840d3000,
0x00007fbf84135000
}

Java Threads: ( => current thread )
  0x00007fbf84018000 JavaThread "main" [_thread_blocked, id=13754, stack(0x00007fbf8aefd000,0x00007fbf8affe000)]
  0x00007fbf840a3800 JavaThread "Reference Handler" daemon [_thread_blocked, id=13756, stack(0x00007fbf8a188000,0x00007fbf8a289000)]
  0x00007fbf840a7000 JavaThread "Finalizer" daemon [_thread_blocked, id=13757, stack(0x00007fbf8a087000,0x00007fbf8a188000)]
  0x00007fbf840cb000 JavaThread "Signal Dispatcher" daemon [_thread_blocked, id=13758, stack(0x00007fbf89f4d000,0x00007fbf8a04e000)]
  0x00007fbf840cd000 JavaThread "Service Thread" daemon [_thread_blocked, id=13759, stack(0x00007fbf89e4c000,0x00007fbf89f4d000)]
  0x00007fbf840cf000 JavaThread "C2 CompilerThread0" daemon [_thread_blocked, id=13760, stack(0x00007fbf89d4b000,0x00007fbf89e4c000)]
  0x00007fbf840d1000 JavaThread "C1 CompilerThread0" daemon [_thread_blocked, id=13761, stack(0x00007fbf89c4a000,0x00007fbf89d4b000)]
  0x00007fbf840d3000 JavaThread "Sweeper thread" daemon [_thread_blocked, id=13762, stack(0x00007fbf89b49000,0x00007fbf89c4a000)]
  0x00007fbf84135000 JavaThread "Common-Cleaner" daemon [_thread_blocked, id=13763, stack(0x00007fbf89a48000,0x00007fbf89b49000)]

Other Threads:
=>0x00007fbf84097800 VMThread "VM Thread" [stack: 0x00007fbf8a28b000,0x00007fbf8a38b000] [id=13755]
  0x00007fbf84181800 WatcherThread [stack: 0x00007fbf89948000,0x00007fbf89a48000] [id=13764]

Threads with active compile tasks:

VM state:at safepoint (normal execution)

VM Mutex/Monitor currently owned by a thread:  ([mutex/lock_event])
[0x00007fbf840140d0] Threads_lock - owner thread: 0x00007fbf84097800
[0x00007fbf84014cd0] Heap_lock - owner thread: 0x00007fbf84018000

Heap:
 def new generation   total 3559808K, used 0K [0x00007f9f6c600000, 0x00007fa05dca0000, 0x00007faa170a0000)
  eden space 3164288K,   0% used [0x00007f9f6c600000, 0x00007f9f6c600000, 0x00007fa02d820000)
  from space 395520K,   0% used [0x00007fa045a60000, 0x00007fa045a60000, 0x00007fa05dca0000)
  to   space 395520K,   0% used [0x00007fa02d820000, 0x00007fa02d820000, 0x00007fa045a60000)
 tenured generation   total 7939444K, used 6842500K [0x00007faa170a0000, 0x00007fabfb9fd000, 0x00007fbf6c600000)
   the space 7939444K,  86% used [0x00007faa170a0000, 0x00007fabb8ac1220, 0x00007fabb8ac1400, 0x00007fabfb9fd000)
 Metaspace       used 29899K, capacity 30328K, committed 30464K, reserved 30720K

Card table byte_map: [0x00007f9f5c5ff000,0x00007f9f6c600000] _byte_map_base: 0x00007f5f8ca9c000

Polling page: 0x00007fbf8c989000

Metaspace:

Usage:
   29.62 MB capacity,    29.20 MB ( 99%) used,   323.87 KB (  1%) free+waste,   104.31 KB ( <1%) overhead. 

Virtual space:
     30.00 MB reserved,      29.75 MB (>99%) committed 

Chunk freelists:
108.00 KB

MaxMetaspaceSize: unlimited


CodeHeap 'non-profiled nmethods': size=120036Kb used=2181Kb max_used=2181Kb free=117854Kb
 bounds [0x00007fbf74251000, 0x00007fbf744c1000, 0x00007fbf7b78a000]
CodeHeap 'profiled nmethods': size=120032Kb used=7787Kb max_used=7787Kb free=112244Kb
 bounds [0x00007fbf6cd19000, 0x00007fbf6d4b9000, 0x00007fbf74251000]
CodeHeap 'non-nmethods': size=5692Kb used=1248Kb max_used=1321Kb free=4443Kb
 bounds [0x00007fbf6c78a000, 0x00007fbf6c9fa000, 0x00007fbf6cd19000]
 total_blobs=4464 nmethods=3935 adapters=444
 compilation: enabled
              stopped_count=0, restarted_count=0
 full_count=0

Compilation events (20 events):
Event: 505.610 Thread 0x00007fbf840d1000 3967       3       ch.javasoft.math.ops.BigFractionOperations::reduceVector (67 bytes)
Event: 505.619 Thread 0x00007fbf840d1000 nmethod 3967 0x00007fbf6d4ad090 code [0x00007fbf6d4ad2c0, 0x00007fbf6d4adb10]
Event: 505.620 Thread 0x00007fbf840d1000 3968       3       ch.javasoft.metabolic.efm.util.ColumnUtil::mergeNumeric (197 bytes)
Event: 505.622 Thread 0x00007fbf840d1000 nmethod 3968 0x00007fbf6d4ade90 code [0x00007fbf6d4ae300, 0x00007fbf6d4b06a0]
Event: 505.623 Thread 0x00007fbf840d1000 3969       3       ch.javasoft.math.BigFraction::subtract (102 bytes)
Event: 505.623 Thread 0x00007fbf840d1000 nmethod 3969 0x00007fbf6d4b1590 code [0x00007fbf6d4b1800, 0x00007fbf6d4b1f80]
Event: 505.623 Thread 0x00007fbf840d1000 3970       3       ch.javasoft.math.BigFraction::gcd (151 bytes)
Event: 505.624 Thread 0x00007fbf840d1000 nmethod 3970 0x00007fbf6d4b2390 code [0x00007fbf6d4b2600, 0x00007fbf6d4b2f40]
Event: 505.627 Thread 0x00007fbf840d1000 3971       3       ch.javasoft.math.BigFraction::negate (66 bytes)
Event: 505.628 Thread 0x00007fbf840d1000 nmethod 3971 0x00007fbf6d4b3410 code [0x00007fbf6d4b3600, 0x00007fbf6d4b3b30]
Event: 505.628 Thread 0x00007fbf840cf000 3972       4       ch.javasoft.metabolic.efm.util.ColumnUtil::mergeNumeric (197 bytes)
Event: 506.295 Thread 0x00007fbf840cf000 nmethod 3972 0x00007fbf7445da90 code [0x00007fbf7445e340, 0x00007fbf74466268]
Event: 506.295 Thread 0x00007fbf840cf000 3974       4       ch.javasoft.math.BigFraction::gcd (151 bytes)
Event: 506.374 Thread 0x00007fbf840cf000 nmethod 3974 0x00007fbf7446b890 code [0x00007fbf7446bb80, 0x00007fbf7446dbf0]
Event: 506.375 Thread 0x00007fbf840cf000 3975       4       ch.javasoft.math.ops.BigFractionOperations::reduceVector (67 bytes)
Event: 506.395 Thread 0x00007fbf840cf000 nmethod 3975 0x00007fbf7446f190 code [0x00007fbf7446f360, 0x00007fbf7446f8a8]
Event: 506.395 Thread 0x00007fbf840cf000 3973       4       ch.javasoft.math.BigFraction::subtract (102 bytes)
Event: 506.429 Thread 0x00007fbf840cf000 nmethod 3973 0x00007fbf7446fe10 code [0x00007fbf744700e0, 0x00007fbf74471078]
Event: 506.429 Thread 0x00007fbf840cf000 3976       4       ch.javasoft.math.BigFraction::negate (66 bytes)
Event: 506.432 Thread 0x00007fbf840cf000 nmethod 3976 0x00007fbf74471f90 code [0x00007fbf74472120, 0x00007fbf744723b8]

GC Heap History (20 events):
Event: 450.053 GC heap after
{Heap after GC invocations=49 (full 5):
 def new generation   total 3559808K, used 0K [0x00007f9f6c600000, 0x00007fa05dca0000, 0x00007faa170a0000)
  eden space 3164288K,   0% used [0x00007f9f6c600000, 0x00007f9f6c600000, 0x00007fa02d820000)
  from space 395520K,   0% used [0x00007fa02d820000, 0x00007fa02d820000, 0x00007fa045a60000)
  to   space 395520K,   0% used [0x00007fa045a60000, 0x00007fa045a60000, 0x00007fa05dca0000)
 tenured generation   total 7910644K, used 4746384K [0x00007faa170a0000, 0x00007fabf9ddd000, 0x00007fbf6c600000)
   the space 7910644K,  59% used [0x00007faa170a0000, 0x00007fab38bc40a0, 0x00007fab38bc4200, 0x00007fabf9ddd000)
 Metaspace       used 29899K, capacity 30328K, committed 30464K, reserved 30720K
}
Event: 507.065 GC heap before
{Heap before GC invocations=49 (full 5):
 def new generation   total 3559808K, used 3164288K [0x00007f9f6c600000, 0x00007fa05dca0000, 0x00007faa170a0000)
  eden space 3164288K, 100% used [0x00007f9f6c600000, 0x00007fa02d820000, 0x00007fa02d820000)
  from space 395520K,   0% used [0x00007fa02d820000, 0x00007fa02d820000, 0x00007fa045a60000)
  to   space 395520K,   0% used [0x00007fa045a60000, 0x00007fa045a60000, 0x00007fa05dca0000)
 tenured generation   total 7910644K, used 4746384K [0x00007faa170a0000, 0x00007fabf9ddd000, 0x00007fbf6c600000)
   the space 7910644K,  59% used [0x00007faa170a0000, 0x00007fab38bc40a0, 0x00007fab38bc4200, 0x00007fabf9ddd000)
 Metaspace       used 29899K, capacity 30328K, committed 30464K, reserved 30720K
}
Event: 509.296 GC heap after
{Heap after GC invocations=50 (full 5):
 def new generation   total 3559808K, used 395520K [0x00007f9f6c600000, 0x00007fa05dca0000, 0x00007faa170a0000)
  eden space 3164288K,   0% used [0x00007f9f6c600000, 0x00007f9f6c600000, 0x00007fa02d820000)
  from space 395520K, 100% used [0x00007fa045a60000, 0x00007fa05dca0000, 0x00007fa05dca0000)
  to   space 395520K,   0% used [0x00007fa02d820000, 0x00007fa02d820000, 0x00007fa045a60000)
 tenured generation   total 7910644K, used 4901421K [0x00007faa170a0000, 0x00007fabf9ddd000, 0x00007fbf6c600000)
   the space 7910644K,  61% used [0x00007faa170a0000, 0x00007fab4232b680, 0x00007fab4232b800, 0x00007fabf9ddd000)
 Metaspace       used 29899K, capacity 30328K, committed 30464K, reserved 30720K
}
Event: 511.429 GC heap before
{Heap before GC invocations=50 (full 5):
 def new generation   total 3559808K, used 3559808K [0x00007f9f6c600000, 0x00007fa05dca0000, 0x00007faa170a0000)
  eden space 3164288K, 100% used [0x00007f9f6c600000, 0x00007fa02d820000, 0x00007fa02d820000)
  from space 395520K, 100% used [0x00007fa045a60000, 0x00007fa05dca0000, 0x00007fa05dca0000)
  to   space 395520K,   0% used [0x00007fa02d820000, 0x00007fa02d820000, 0x00007fa045a60000)
 tenured generation   total 7910644K, used 4901421K [0x00007faa170a0000, 0x00007fabf9ddd000, 0x00007fbf6c600000)
   the space 7910644K,  61% used [0x00007faa170a0000, 0x00007fab4232b680, 0x00007fab4232b800, 0x00007fabf9ddd000)
 Metaspace       used 29899K, capacity 30328K, committed 30464K, reserved 30720K
}
Event: 513.516 GC heap after
{Heap after GC invocations=51 (full 5):
 def new generation   total 3559808K, used 379097K [0x00007f9f6c600000, 0x00007fa05dca0000, 0x00007faa170a0000)
  eden space 3164288K,   0% used [0x00007f9f6c600000, 0x00007f9f6c600000, 0x00007fa02d820000)
  from space 395520K,  95% used [0x00007fa02d820000, 0x00007fa044a566d0, 0x00007fa045a60000)
  to   space 395520K,   0% used [0x00007fa045a60000, 0x00007fa045a60000, 0x00007fa05dca0000)
 tenured generation   total 7910644K, used 5296941K [0x00007faa170a0000, 0x00007fabf9ddd000, 0x00007fbf6c600000)
   the space 7910644K,  66% used [0x00007faa170a0000, 0x00007fab5a56b610, 0x00007fab5a56b800, 0x00007fabf9ddd000)
 Metaspace       used 29899K, capacity 30328K, committed 30464K, reserved 30720K
}
Event: 515.781 GC heap before
{Heap before GC invocations=51 (full 5):
 def new generation   total 3559808K, used 3543385K [0x00007f9f6c600000, 0x00007fa05dca0000, 0x00007faa170a0000)
  eden space 3164288K, 100% used [0x00007f9f6c600000, 0x00007fa02d820000, 0x00007fa02d820000)
  from space 395520K,  95% used [0x00007fa02d820000, 0x00007fa044a566d0, 0x00007fa045a60000)
  to   space 395520K,   0% used [0x00007fa045a60000, 0x00007fa045a60000, 0x00007fa05dca0000)
 tenured generation   total 7910644K, used 5296941K [0x00007faa170a0000, 0x00007fabf9ddd000, 0x00007fbf6c600000)
   the space 7910644K,  66% used [0x00007faa170a0000, 0x00007fab5a56b610, 0x00007fab5a56b800, 0x00007fabf9ddd000)
 Metaspace       used 29899K, capacity 30328K, committed 30464K, reserved 30720K
}
Event: 517.917 GC heap after
{Heap after GC invocations=52 (full 5):
 def new generation   total 3559808K, used 392486K [0x00007f9f6c600000, 0x00007fa05dca0000, 0x00007faa170a0000)
  eden space 3164288K,   0% used [0x00007f9f6c600000, 0x00007f9f6c600000, 0x00007fa02d820000)
  from space 395520K,  99% used [0x00007fa045a60000, 0x00007fa05d9a9a90, 0x00007fa05dca0000)
  to   space 395520K,   0% used [0x00007fa02d820000, 0x00007fa02d820000, 0x00007fa045a60000)
 tenured generation   total 7910644K, used 5676038K [0x00007faa170a0000, 0x00007fabf9ddd000, 0x00007fbf6c600000)
   the space 7910644K,  71% used [0x00007faa170a0000, 0x00007fab717a1aa0, 0x00007fab717a1c00, 0x00007fabf9ddd000)
 Metaspace       used 29899K, capacity 30328K, committed 30464K, reserved 30720K
}
Event: 520.212 GC heap before
{Heap before GC invocations=52 (full 5):
 def new generation   total 3559808K, used 3556774K [0x00007f9f6c600000, 0x00007fa05dca0000, 0x00007faa170a0000)
  eden space 3164288K, 100% used [0x00007f9f6c600000, 0x00007fa02d820000, 0x00007fa02d820000)
  from space 395520K,  99% used [0x00007fa045a60000, 0x00007fa05d9a9a90, 0x00007fa05dca0000)
  to   space 395520K,   0% used [0x00007fa02d820000, 0x00007fa02d820000, 0x00007fa045a60000)
 tenured generation   total 7910644K, used 5676038K [0x00007faa170a0000, 0x00007fabf9ddd000, 0x00007fbf6c600000)
   the space 7910644K,  71% used [0x00007faa170a0000, 0x00007fab717a1aa0, 0x00007fab717a1c00, 0x00007fabf9ddd000)
 Metaspace       used 29899K, capacity 30328K, committed 30464K, reserved 30720K
}
Event: 522.400 GC heap after
{Heap after GC invocations=53 (full 5):
 def new generation   total 3559808K, used 371129K [0x00007f9f6c600000, 0x00007fa05dca0000, 0x00007faa170a0000)
  eden space 3164288K,   0% used [0x00007f9f6c600000, 0x00007f9f6c600000, 0x00007fa02d820000)
  from space 395520K,  93% used [0x00007fa02d820000, 0x00007fa04428e6a0, 0x00007fa045a60000)
  to   space 395520K,   0% used [0x00007fa045a60000, 0x00007fa045a60000, 0x00007fa05dca0000)
 tenured generation   total 7910644K, used 6068524K [0x00007faa170a0000, 0x00007fabf9ddd000, 0x00007fbf6c600000)
   the space 7910644K,  76% used [0x00007faa170a0000, 0x00007fab896eb2e0, 0x00007fab896eb400, 0x00007fabf9ddd000)
 Metaspace       used 29899K, capacity 30328K, committed 30464K, reserved 30720K
}
Event: 524.642 GC heap before
{Heap before GC invocations=53 (full 5):
 def new generation   total 3559808K, used 3535417K [0x00007f9f6c600000, 0x00007fa05dca0000, 0x00007faa170a0000)
  eden space 3164288K, 100% used [0x00007f9f6c600000, 0x00007fa02d820000, 0x00007fa02d820000)
  from space 395520K,  93% used [0x00007fa02d820000, 0x00007fa04428e6a0, 0x00007fa045a60000)
  to   space 395520K,   0% used [0x00007fa045a60000, 0x00007fa045a60000, 0x00007fa05dca0000)
 tenured generation   total 7910644K, used 6068524K [0x00007faa170a0000, 0x00007fabf9ddd000, 0x00007fbf6c600000)
   the space 7910644K,  76% used [0x00007faa170a0000, 0x00007fab896eb2e0, 0x00007fab896eb400, 0x00007fabf9ddd000)
 Metaspace       used 29899K, capacity 30328K, committed 30464K, reserved 30720K
}
Event: 526.826 GC heap after
{Heap after GC invocations=54 (full 5):
 def new generation   total 3559808K, used 383045K [0x00007f9f6c600000, 0x00007fa05dca0000, 0x00007faa170a0000)
  eden space 3164288K,   0% used [0x00007f9f6c600000, 0x00007f9f6c600000, 0x00007fa02d820000)
  from space 395520K,  96% used [0x00007fa045a60000, 0x00007fa05d0714a0, 0x00007fa05dca0000)
  to   space 395520K,   0% used [0x00007fa02d820000, 0x00007fa02d820000, 0x00007fa045a60000)
 tenured generation   total 7910644K, used 6439653K [0x00007faa170a0000, 0x00007fabf9ddd000, 0x00007fbf6c600000)
   the space 7910644K,  81% used [0x00007faa170a0000, 0x00007faba0159790, 0x00007faba0159800, 0x00007fabf9ddd000)
 Metaspace       used 29899K, capacity 30328K, committed 30464K, reserved 30720K
}
Event: 529.064 GC heap before
{Heap before GC invocations=54 (full 5):
 def new generation   total 3559808K, used 3547333K [0x00007f9f6c600000, 0x00007fa05dca0000, 0x00007faa170a0000)
  eden space 3164288K, 100% used [0x00007f9f6c600000, 0x00007fa02d820000, 0x00007fa02d820000)
  from space 395520K,  96% used [0x00007fa045a60000, 0x00007fa05d0714a0, 0x00007fa05dca0000)
  to   space 395520K,   0% used [0x00007fa02d820000, 0x00007fa02d820000, 0x00007fa045a60000)
 tenured generation   total 7910644K, used 6439653K [0x00007faa170a0000, 0x00007fabf9ddd000, 0x00007fbf6c600000)
   the space 7910644K,  81% used [0x00007faa170a0000, 0x00007faba0159790, 0x00007faba0159800, 0x00007fabf9ddd000)
 Metaspace       used 29899K, capacity 30328K, committed 30464K, reserved 30720K
}
Event: 531.223 GC heap after
{Heap after GC invocations=55 (full 5):
 def new generation   total 3559808K, used 368997K [0x00007f9f6c600000, 0x00007fa05dca0000, 0x00007faa170a0000)
  eden space 3164288K,   0% used [0x00007f9f6c600000, 0x00007f9f6c600000, 0x00007fa02d820000)
  from space 395520K,  93% used [0x00007fa02d820000, 0x00007fa044079778, 0x00007fa045a60000)
  to   space 395520K,   0% used [0x00007fa045a60000, 0x00007fa045a60000, 0x00007fa05dca0000)
 tenured generation   total 7910644K, used 6822698K [0x00007faa170a0000, 0x00007fabf9ddd000, 0x00007fbf6c600000)
   the space 7910644K,  86% used [0x00007faa170a0000, 0x00007fabb776a9f0, 0x00007fabb776aa00, 0x00007fabf9ddd000)
 Metaspace       used 29899K, capacity 30328K, committed 30464K, reserved 30720K
}
Event: 533.571 GC heap before
{Heap before GC invocations=55 (full 5):
 def new generation   total 3559808K, used 3533285K [0x00007f9f6c600000, 0x00007fa05dca0000, 0x00007faa170a0000)
  eden space 3164288K, 100% used [0x00007f9f6c600000, 0x00007fa02d820000, 0x00007fa02d820000)
  from space 395520K,  93% used [0x00007fa02d820000, 0x00007fa044079778, 0x00007fa045a60000)
  to   space 395520K,   0% used [0x00007fa045a60000, 0x00007fa045a60000, 0x00007fa05dca0000)
 tenured generation   total 7910644K, used 6822698K [0x00007faa170a0000, 0x00007fabf9ddd000, 0x00007fbf6c600000)
   the space 7910644K,  86% used [0x00007faa170a0000, 0x00007fabb776a9f0, 0x00007fabb776aa00, 0x00007fabf9ddd000)
 Metaspace       used 29899K, capacity 30328K, committed 30464K, reserved 30720K
}
Event: 535.681 GC heap after
{Heap after GC invocations=56 (full 5):
 def new generation   total 3559808K, used 368901K [0x00007f9f6c600000, 0x00007fa05dca0000, 0x00007faa170a0000)
  eden space 3164288K,   0% used [0x00007f9f6c600000, 0x00007f9f6c600000, 0x00007fa02d820000)
  from space 395520K,  93% used [0x00007fa045a60000, 0x00007fa05c2a16f0, 0x00007fa05dca0000)
  to   space 395520K,   0% used [0x00007fa02d820000, 0x00007fa02d820000, 0x00007fa045a60000)
 tenured generation   total 7910644K, used 7191696K [0x00007faa170a0000, 0x00007fabf9ddd000, 0x00007fbf6c600000)
   the space 7910644K,  90% used [0x00007faa170a0000, 0x00007fabcdfc4068, 0x00007fabcdfc4200, 0x00007fabf9ddd000)
 Metaspace       used 29899K, capacity 30328K, committed 30464K, reserved 30720K
}
Event: 538.006 GC heap before
{Heap before GC invocations=56 (full 5):
 def new generation   total 3559808K, used 3533189K [0x00007f9f6c600000, 0x00007fa05dca0000, 0x00007faa170a0000)
  eden space 3164288K, 100% used [0x00007f9f6c600000, 0x00007fa02d820000, 0x00007fa02d820000)
  from space 395520K,  93% used [0x00007fa045a60000, 0x00007fa05c2a16f0, 0x00007fa05dca0000)
  to   space 395520K,   0% used [0x00007fa02d820000, 0x00007fa02d820000, 0x00007fa045a60000)
 tenured generation   total 7910644K, used 7191696K [0x00007faa170a0000, 0x00007fabf9ddd000, 0x00007fbf6c600000)
   the space 7910644K,  90% used [0x00007faa170a0000, 0x00007fabcdfc4068, 0x00007fabcdfc4200, 0x00007fabf9ddd000)
 Metaspace       used 29899K, capacity 30328K, committed 30464K, reserved 30720K
}
Event: 540.148 GC heap after
{Heap after GC invocations=57 (full 5):
 def new generation   total 3559808K, used 378761K [0x00007f9f6c600000, 0x00007fa05dca0000, 0x00007faa170a0000)
  eden space 3164288K,   0% used [0x00007f9f6c600000, 0x00007f9f6c600000, 0x00007fa02d820000)
  from space 395520K,  95% used [0x00007fa02d820000, 0x00007fa044a026d0, 0x00007fa045a60000)
  to   space 395520K,   0% used [0x00007fa045a60000, 0x00007fa045a60000, 0x00007fa05dca0000)
 tenured generation   total 7910644K, used 7560597K [0x00007faa170a0000, 0x00007fabf9ddd000, 0x00007fbf6c600000)
   the space 7910644K,  95% used [0x00007faa170a0000, 0x00007fabe4805618, 0x00007fabe4805800, 0x00007fabf9ddd000)
 Metaspace       used 29899K, capacity 30328K, committed 30464K, reserved 30720K
}
Event: 542.366 GC heap before
{Heap before GC invocations=57 (full 5):
 def new generation   total 3559808K, used 3543049K [0x00007f9f6c600000, 0x00007fa05dca0000, 0x00007faa170a0000)
  eden space 3164288K, 100% used [0x00007f9f6c600000, 0x00007fa02d820000, 0x00007fa02d820000)
  from space 395520K,  95% used [0x00007fa02d820000, 0x00007fa044a026d0, 0x00007fa045a60000)
  to   space 395520K,   0% used [0x00007fa045a60000, 0x00007fa045a60000, 0x00007fa05dca0000)
 tenured generation   total 7910644K, used 7560597K [0x00007faa170a0000, 0x00007fabf9ddd000, 0x00007fbf6c600000)
   the space 7910644K,  95% used [0x00007faa170a0000, 0x00007fabe4805618, 0x00007fabe4805800, 0x00007fabf9ddd000)
 Metaspace       used 29899K, capacity 30328K, committed 30464K, reserved 30720K
}
Event: 544.475 GC heap after
{Heap after GC invocations=58 (full 5):
 def new generation   total 3559808K, used 365465K [0x00007f9f6c600000, 0x00007fa05dca0000, 0x00007faa170a0000)
  eden space 3164288K,   0% used [0x00007f9f6c600000, 0x00007f9f6c600000, 0x00007fa02d820000)
  from space 395520K,  92% used [0x00007fa045a60000, 0x00007fa05bf46740, 0x00007fa05dca0000)
  to   space 395520K,   0% used [0x00007fa02d820000, 0x00007fa02d820000, 0x00007fa045a60000)
 tenured generation   total 7939444K, used 7939358K [0x00007faa170a0000, 0x00007fabfb9fd000, 0x00007fbf6c600000)
   the space 7939444K,  99% used [0x00007faa170a0000, 0x00007fabfb9e7b88, 0x00007fabfb9e7c00, 0x00007fabfb9fd000)
 Metaspace       used 29899K, capacity 30328K, committed 30464K, reserved 30720K
}
Event: 544.475 GC heap before
{Heap before GC invocations=58 (full 5):
 def new generation   total 3559808K, used 365465K [0x00007f9f6c600000, 0x00007fa05dca0000, 0x00007faa170a0000)
  eden space 3164288K,   0% used [0x00007f9f6c600000, 0x00007f9f6c600000, 0x00007fa02d820000)
  from space 395520K,  92% used [0x00007fa045a60000, 0x00007fa05bf46740, 0x00007fa05dca0000)
  to   space 395520K,   0% used [0x00007fa02d820000, 0x00007fa02d820000, 0x00007fa045a60000)
 tenured generation   total 7939444K, used 7939358K [0x00007faa170a0000, 0x00007fabfb9fd000, 0x00007fbf6c600000)
   the space 7939444K,  99% used [0x00007faa170a0000, 0x00007fabfb9e7b88, 0x00007fabfb9e7c00, 0x00007fabfb9fd000)
 Metaspace       used 29899K, capacity 30328K, committed 30464K, reserved 30720K
}

Deoptimization events (20 events):
Event: 506.200 Thread 0x00007fbf84018000 DEOPT PACKING pc=0x00007fbf6d4ada43 sp=0x00007fbf8affab70
Event: 506.200 Thread 0x00007fbf84018000 DEOPT UNPACKING pc=0x00007fbf6c7d333a sp=0x00007fbf8affa040 mode 0
Event: 506.229 Thread 0x00007fbf84018000 DEOPT PACKING pc=0x00007fbf6d4b04ff sp=0x00007fbf8affabf0
Event: 506.229 Thread 0x00007fbf84018000 DEOPT UNPACKING pc=0x00007fbf6c7d333a sp=0x00007fbf8affa148 mode 0
Event: 506.229 Thread 0x00007fbf84018000 DEOPT PACKING pc=0x00007fbf6d4ada43 sp=0x00007fbf8affab70
Event: 506.229 Thread 0x00007fbf84018000 DEOPT UNPACKING pc=0x00007fbf6c7d333a sp=0x00007fbf8affa040 mode 0
Event: 506.239 Thread 0x00007fbf84018000 DEOPT PACKING pc=0x00007fbf6d4b04ff sp=0x00007fbf8affabf0
Event: 506.239 Thread 0x00007fbf84018000 DEOPT UNPACKING pc=0x00007fbf6c7d333a sp=0x00007fbf8affa148 mode 0
Event: 506.240 Thread 0x00007fbf84018000 DEOPT PACKING pc=0x00007fbf6d4ada43 sp=0x00007fbf8affab70
Event: 506.240 Thread 0x00007fbf84018000 DEOPT UNPACKING pc=0x00007fbf6c7d333a sp=0x00007fbf8affa040 mode 0
Event: 506.258 Thread 0x00007fbf84018000 DEOPT PACKING pc=0x00007fbf6d4b04ff sp=0x00007fbf8affabf0
Event: 506.258 Thread 0x00007fbf84018000 DEOPT UNPACKING pc=0x00007fbf6c7d333a sp=0x00007fbf8affa148 mode 0
Event: 506.261 Thread 0x00007fbf84018000 DEOPT PACKING pc=0x00007fbf6d4ada43 sp=0x00007fbf8affab70
Event: 506.261 Thread 0x00007fbf84018000 DEOPT UNPACKING pc=0x00007fbf6c7d333a sp=0x00007fbf8affa040 mode 0
Event: 506.266 Thread 0x00007fbf84018000 DEOPT PACKING pc=0x00007fbf6d4b04ff sp=0x00007fbf8affabf0
Event: 506.266 Thread 0x00007fbf84018000 DEOPT UNPACKING pc=0x00007fbf6c7d333a sp=0x00007fbf8affa148 mode 0
Event: 506.284 Thread 0x00007fbf84018000 DEOPT PACKING pc=0x00007fbf6d4ada43 sp=0x00007fbf8affab70
Event: 506.284 Thread 0x00007fbf84018000 DEOPT UNPACKING pc=0x00007fbf6c7d333a sp=0x00007fbf8affa040 mode 0
Event: 506.291 Thread 0x00007fbf84018000 DEOPT PACKING pc=0x00007fbf6d4b04ff sp=0x00007fbf8affabf0
Event: 506.291 Thread 0x00007fbf84018000 DEOPT UNPACKING pc=0x00007fbf6c7d333a sp=0x00007fbf8affa148 mode 0

Classes unloaded (0 events):
No events

Classes redefined (0 events):
No events

Internal exceptions (20 events):
Event: 2.694 Thread 0x00007fbf84018000 Exception <a 'java/lang/NoSuchMethodError'{0x00007f9f71981e88}: 'java.lang.Object java.lang.invoke.DirectMethodHandle$Holder.invokeStatic(java.lang.Object, java.lang.Object, int, java.lang.Object)'> (0x00007f9f71981e88) 
thrown [src/hotspot/share/interpreter/linkResolver.cpp, line 766]
Event: 2.695 Thread 0x00007fbf84018000 Exception <a 'java/lang/NoSuchMethodError'{0x00007f9f7198a7a0}: 'java.lang.Object java.lang.invoke.Invokers$Holder.linkToTargetMethod(java.lang.Object, int, java.lang.Object, java.lang.Object)'> (0x00007f9f7198a7a0) 
thrown [src/hotspot/share/interpreter/linkResolver.cpp, line 766]
Event: 2.784 Thread 0x00007fbf84018000 Exception <a 'java/lang/NoSuchMethodError'{0x00007f9f71a85f70}: 'java.lang.Object java.lang.invoke.DirectMethodHandle$Holder.invokeSpecial(java.lang.Object, java.lang.Object, java.lang.Object, java.lang.Object, java.lang.Object, java.lang.Object, java.lang.Object, java.lang.Object, java.lang.Object)'> (0x00007f9f71a85f70) 
thrown [src/hotspot/share/interpreter/linkResolver.cpp, line 766]
Event: 2.789 Thread 0x00007fbf84018000 Exception <a 'java/lang/NoSuchMethodError'{0x00007f9f71a8ac98}: 'java.lang.Object java.lang.invoke.Invokers$Holder.linkToTargetMethod(java.lang.Object, java.lang.Object, java.lang.Object, java.lang.Object, java.lang.Object, java.lang.Object, java.lang.Object, java.lang.Object)'> (0x00007f9f71a8ac98) 
thrown [src/hotspot/share/interpreter/linkResolver.cpp, line 766]
Event: 2.826 Thread 0x00007fbf84018000 Exception <a 'java/lang/NoSuchMethodError'{0x00007f9f71b3cc10}: 'java.lang.Object java.lang.invoke.Invokers$Holder.linkToTargetMethod(java.lang.Object, java.lang.Object, java.lang.Object, java.lang.Object, java.lang.Object, java.lang.Object, java.lang.Object)'> (0x00007f9f71b3cc10) 
thrown [src/hotspot/share/interpreter/linkResolver.cpp, line 766]
Event: 3.358 Thread 0x00007fbf84018000 Implicit null exception at 0x00007fbf742c81c5 to 0x00007fbf742c839c
Event: 3.358 Thread 0x00007fbf84018000 Implicit null exception at 0x00007fbf7427eb8f to 0x00007fbf7427ebf9
Event: 3.870 Thread 0x00007fbf84018000 Implicit null exception at 0x00007fbf742a6fc3 to 0x00007fbf742a7044
Event: 3.985 Thread 0x00007fbf84018000 Exception <a 'java/lang/NoSuchMethodError'{0x00007f9f72957ad8}: 'java.lang.Object java.lang.invoke.DirectMethodHandle$Holder.invokeSpecial(java.lang.Object, java.lang.Object, int, java.lang.Object, java.lang.Object)'> (0x00007f9f72957ad8) 
thrown [src/hotspot/share/interpreter/linkResolver.cpp, line 766]
Event: 3.996 Thread 0x00007fbf84018000 Exception <a 'java/lang/NoSuchMethodError'{0x00007f9f729a27c8}: 'java.lang.Object java.lang.invoke.Invokers$Holder.linkToTargetMethod(java.lang.Object, long, java.lang.Object)'> (0x00007f9f729a27c8) 
thrown [src/hotspot/share/interpreter/linkResolver.cpp, line 766]
Event: 4.119 Thread 0x00007fbf840a7000 Implicit null exception at 0x00007fbf742a6c40 to 0x00007fbf742a6cac
Event: 4.130 Thread 0x00007fbf84018000 Exception <a 'java/lang/NoSuchMethodError'{0x00007f9f6c6648c0}: 'java.lang.Object java.lang.invoke.Invokers$Holder.invokeExact_MT(java.lang.Object, java.lang.Object, java.lang.Object, java.lang.Object, java.lang.Object, java.lang.Object)'> (0x00007f9f6c6648c0) 
thrown [src/hotspot/share/interpreter/linkResolver.cpp, line 766]
Event: 4.226 Thread 0x00007fbf84018000 Exception <a 'java/lang/NoSuchMethodError'{0x00007f9f6c7a24a0}: 'int java.lang.invoke.DirectMethodHandle$Holder.invokeStatic(java.lang.Object, java.lang.Object, int)'> (0x00007f9f6c7a24a0) 
thrown [src/hotspot/share/interpreter/linkResolver.cpp, line 766]
Event: 4.381 Thread 0x00007fbf84018000 Exception <a 'java/lang/NoSuchMethodError'{0x00007f9f6ca186d8}: 'int java.lang.invoke.DirectMethodHandle$Holder.invokeStatic(java.lang.Object, java.lang.Object, java.lang.Object, int)'> (0x00007f9f6ca186d8) 
thrown [src/hotspot/share/interpreter/linkResolver.cpp, line 766]
Event: 5.348 Thread 0x00007fbf84018000 Exception <a 'java/lang/ClassNotFoundException'{0x00007f9f74844100}: com/sun/org/apache/xerces/internal/impl/msg/spi/SAXMessagesProvider> (0x00007f9f74844100) 
thrown [src/hotspot/share/classfile/systemDictionary.cpp, line 232]
Event: 6.214 Thread 0x00007fbf84018000 Exception <a 'java/lang/NoSuchMethodError'{0x00007f9f75e63d28}: 'java.lang.Object java.lang.invoke.DirectMethodHandle$Holder.invokeStaticInit(java.lang.Object, java.lang.Object, java.lang.Object)'> (0x00007f9f75e63d28) 
thrown [src/hotspot/share/interpreter/linkResolver.cpp, line 766]
Event: 6.215 Thread 0x00007fbf84018000 Exception <a 'java/lang/NoSuchMethodError'{0x00007f9f75e6ecf0}: 'void java.lang.invoke.DirectMethodHandle$Holder.invokeStatic(java.lang.Object, java.lang.Object, java.lang.Object, java.lang.Object, java.lang.Object, java.lang.Object)'> (0x00007f9f75e6ecf0) 
thrown [src/hotspot/share/interpreter/linkResolver.cpp, line 766]
Event: 6.230 Thread 0x00007fbf84018000 Exception <a 'java/lang/NoSuchMethodError'{0x00007f9f75ea69e8}: 'void java.lang.invoke.DirectMethodHandle$Holder.invokeStaticInit(java.lang.Object, java.lang.Object, java.lang.Object)'> (0x00007f9f75ea69e8) 
thrown [src/hotspot/share/interpreter/linkResolver.cpp, line 766]
Event: 6.274 Thread 0x00007fbf84018000 Exception <a 'java/net/UnknownHostException'{0x00007f9f75ec7d10}> (0x00007f9f75ec7d10) 
thrown [src/hotspot/share/prims/jni.cpp, line 598]
Event: 15.778 Thread 0x00007fbf84018000 Implicit null exception at 0x00007fbf7442d34c to 0x00007fbf7442d3d0

Events (20 events):
Event: 324.219 Executing VM operation: GenCollectForAllocation done
Event: 424.896 Executing VM operation: GenCollectForAllocation
Event: 450.055 Executing VM operation: GenCollectForAllocation done
Event: 507.064 Executing VM operation: GenCollectForAllocation
Event: 509.296 Executing VM operation: GenCollectForAllocation done
Event: 511.429 Executing VM operation: GenCollectForAllocation
Event: 513.516 Executing VM operation: GenCollectForAllocation done
Event: 515.781 Executing VM operation: GenCollectForAllocation
Event: 517.917 Executing VM operation: GenCollectForAllocation done
Event: 520.212 Executing VM operation: GenCollectForAllocation
Event: 522.400 Executing VM operation: GenCollectForAllocation done
Event: 524.642 Executing VM operation: GenCollectForAllocation
Event: 526.826 Executing VM operation: GenCollectForAllocation done
Event: 529.064 Executing VM operation: GenCollectForAllocation
Event: 531.223 Executing VM operation: GenCollectForAllocation done
Event: 533.571 Executing VM operation: GenCollectForAllocation
Event: 535.681 Executing VM operation: GenCollectForAllocation done
Event: 538.006 Executing VM operation: GenCollectForAllocation
Event: 540.148 Executing VM operation: GenCollectForAllocation done
Event: 542.365 Executing VM operation: GenCollectForAllocation


Dynamic libraries:
5569d574a000-5569d574b000 r--p 00000000 07:37 4860                       /usr/lib/jvm/java-13-openjdk-amd64/bin/java
5569d574b000-5569d574c000 r-xp 00001000 07:37 4860                       /usr/lib/jvm/java-13-openjdk-amd64/bin/java
5569d574c000-5569d574d000 r--p 00002000 07:37 4860                       /usr/lib/jvm/java-13-openjdk-amd64/bin/java
5569d574d000-5569d574e000 r--p 00002000 07:37 4860                       /usr/lib/jvm/java-13-openjdk-amd64/bin/java
5569d574e000-5569d574f000 rw-p 00003000 07:37 4860                       /usr/lib/jvm/java-13-openjdk-amd64/bin/java
5569d592f000-5569d5950000 rw-p 00000000 00:00 0                          [heap]
7f9f1c000000-7f9f23427000 rw-p 00000000 00:00 0 
7f9f23427000-7f9f24000000 ---p 00000000 00:00 0 
7f9f24000000-7f9f24021000 rw-p 00000000 00:00 0 
7f9f24021000-7f9f28000000 ---p 00000000 00:00 0 
7f9f2c000000-7f9f2c021000 rw-p 00000000 00:00 0 
7f9f2c021000-7f9f30000000 ---p 00000000 00:00 0 
7f9f30000000-7f9f30021000 rw-p 00000000 00:00 0 
7f9f30021000-7f9f34000000 ---p 00000000 00:00 0 
7f9f34000000-7f9f36aa7000 rw-p 00000000 00:00 0 
7f9f36aa7000-7f9f38000000 ---p 00000000 00:00 0 
7f9f38000000-7f9f38936000 rw-p 00000000 00:00 0 
7f9f38936000-7f9f3c000000 ---p 00000000 00:00 0 
7f9f3c000000-7f9f3c021000 rw-p 00000000 00:00 0 
7f9f3c021000-7f9f40000000 ---p 00000000 00:00 0 
7f9f40000000-7f9f40021000 rw-p 00000000 00:00 0 
7f9f40021000-7f9f44000000 ---p 00000000 00:00 0 
7f9f44000000-7f9f44021000 rw-p 00000000 00:00 0 
7f9f44021000-7f9f48000000 ---p 00000000 00:00 0 
7f9f48000000-7f9f48021000 rw-p 00000000 00:00 0 
7f9f48021000-7f9f4c000000 ---p 00000000 00:00 0 
7f9f4c000000-7f9f50000000 rw-p 00000000 00:00 0 
7f9f51b54000-7f9f52a79000 rw-p 00000000 00:00 0 
7f9f52a79000-7f9f5c5ff000 ---p 00000000 00:00 0 
7f9f5c5ff000-7f9f5cd8b000 rw-p 00000000 00:00 0 
7f9f5cd8b000-7f9f61b54000 ---p 00000000 00:00 0 
7f9f61b54000-7f9f62a79000 rw-p 00000000 00:00 0 
7f9f62a79000-7f9f6c5ff000 ---p 00000000 00:00 0 
7f9f6c5ff000-7fa05dca0000 rw-p 00000000 00:00 0 
7fa05dca0000-7faa170a0000 ---p 00000000 00:00 0 
7faa170a0000-7fabfb9fd000 rw-p 00000000 00:00 0 
7faccf182000-7fbf6c600000 ---p 00000000 00:00 0 
7fbf6c78a000-7fbf6c9fa000 rwxp 00000000 00:00 0 
7fbf6c9fa000-7fbf6cd19000 ---p 00000000 00:00 0 
7fbf6cd19000-7fbf6d4b9000 rwxp 00000000 00:00 0 
7fbf6d4b9000-7fbf74251000 ---p 00000000 00:00 0 
7fbf74251000-7fbf744c1000 rwxp 00000000 00:00 0 
7fbf744c1000-7fbf7b78a000 ---p 00000000 00:00 0 
7fbf7b78a000-7fbf84000000 r--s 00000000 07:37 5215                       /usr/lib/jvm/java-13-openjdk-amd64/lib/modules
7fbf84000000-7fbf847c9000 rw-p 00000000 00:00 0 
7fbf847c9000-7fbf88000000 ---p 00000000 00:00 0 
7fbf88113000-7fbf88117000 r--p 00000000 07:37 9178                       /usr/lib/x86_64-linux-gnu/libresolv-2.31.so
7fbf88117000-7fbf88127000 r-xp 00004000 07:37 9178                       /usr/lib/x86_64-linux-gnu/libresolv-2.31.so
7fbf88127000-7fbf8812b000 r--p 00014000 07:37 9178                       /usr/lib/x86_64-linux-gnu/libresolv-2.31.so
7fbf8812b000-7fbf8812c000 r--p 00017000 07:37 9178                       /usr/lib/x86_64-linux-gnu/libresolv-2.31.so
7fbf8812c000-7fbf8812d000 rw-p 00018000 07:37 9178                       /usr/lib/x86_64-linux-gnu/libresolv-2.31.so
7fbf8812d000-7fbf8812f000 rw-p 00000000 00:00 0 
7fbf8812f000-7fbf88130000 r--p 00000000 07:37 9105                       /usr/lib/x86_64-linux-gnu/libnss_dns-2.31.so
7fbf88130000-7fbf88134000 r-xp 00001000 07:37 9105                       /usr/lib/x86_64-linux-gnu/libnss_dns-2.31.so
7fbf88134000-7fbf88135000 r--p 00005000 07:37 9105                       /usr/lib/x86_64-linux-gnu/libnss_dns-2.31.so
7fbf88135000-7fbf88136000 r--p 00005000 07:37 9105                       /usr/lib/x86_64-linux-gnu/libnss_dns-2.31.so
7fbf88136000-7fbf88137000 rw-p 00006000 07:37 9105                       /usr/lib/x86_64-linux-gnu/libnss_dns-2.31.so
7fbf88137000-7fbf88139000 r--p 00000000 07:37 5202                       /usr/lib/jvm/java-13-openjdk-amd64/lib/libmanagement_ext.so
7fbf88139000-7fbf8813c000 r-xp 00002000 07:37 5202                       /usr/lib/jvm/java-13-openjdk-amd64/lib/libmanagement_ext.so
7fbf8813c000-7fbf8813d000 r--p 00005000 07:37 5202                       /usr/lib/jvm/java-13-openjdk-amd64/lib/libmanagement_ext.so
7fbf8813d000-7fbf8813e000 ---p 00006000 07:37 5202                       /usr/lib/jvm/java-13-openjdk-amd64/lib/libmanagement_ext.so
7fbf8813e000-7fbf8813f000 r--p 00006000 07:37 5202                       /usr/lib/jvm/java-13-openjdk-amd64/lib/libmanagement_ext.so
7fbf8813f000-7fbf88140000 rw-p 00007000 07:37 5202                       /usr/lib/jvm/java-13-openjdk-amd64/lib/libmanagement_ext.so
7fbf88140000-7fbf88143000 r--p 00000000 07:37 5200                       /usr/lib/jvm/java-13-openjdk-amd64/lib/libmanagement.so
7fbf88143000-7fbf88144000 r-xp 00003000 07:37 5200                       /usr/lib/jvm/java-13-openjdk-amd64/lib/libmanagement.so
7fbf88144000-7fbf88145000 r--p 00004000 07:37 5200                       /usr/lib/jvm/java-13-openjdk-amd64/lib/libmanagement.so
7fbf88145000-7fbf88146000 r--p 00004000 07:37 5200                       /usr/lib/jvm/java-13-openjdk-amd64/lib/libmanagement.so
7fbf88146000-7fbf88147000 rw-p 00005000 07:37 5200                       /usr/lib/jvm/java-13-openjdk-amd64/lib/libmanagement.so
7fbf88147000-7fbf88307000 rw-p 00000000 00:00 0 
7fbf88307000-7fbf88347000 ---p 00000000 00:00 0 
7fbf88347000-7fbf88547000 rw-p 00000000 00:00 0 
7fbf88547000-7fbf88747000 rw-p 00000000 00:00 0 
7fbf88747000-7fbf88947000 rw-p 00000000 00:00 0 
7fbf88947000-7fbf88b47000 rw-p 00000000 00:00 0 
7fbf88b47000-7fbf88d47000 rw-p 00000000 00:00 0 
7fbf88d47000-7fbf88f47000 rw-p 00000000 00:00 0 
7fbf88f47000-7fbf892e7000 rw-p 00000000 00:00 0 
7fbf892e7000-7fbf894e7000 rw-p 00000000 00:00 0 
7fbf894e7000-7fbf896e7000 rw-p 00000000 00:00 0 
7fbf896e7000-7fbf898e7000 rw-p 00000000 00:00 0 
7fbf898e7000-7fbf89918000 rw-p 00000000 00:00 0 
7fbf89918000-7fbf8991c000 r--p 00000000 07:37 5204                       /usr/lib/jvm/java-13-openjdk-amd64/lib/libnet.so
7fbf8991c000-7fbf8992a000 r-xp 00004000 07:37 5204                       /usr/lib/jvm/java-13-openjdk-amd64/lib/libnet.so
7fbf8992a000-7fbf8992e000 r--p 00012000 07:37 5204                       /usr/lib/jvm/java-13-openjdk-amd64/lib/libnet.so
7fbf8992e000-7fbf8992f000 r--p 00015000 07:37 5204                       /usr/lib/jvm/java-13-openjdk-amd64/lib/libnet.so
7fbf8992f000-7fbf89930000 rw-p 00016000 07:37 5204                       /usr/lib/jvm/java-13-openjdk-amd64/lib/libnet.so
7fbf89930000-7fbf89937000 r--p 00000000 07:37 5205                       /usr/lib/jvm/java-13-openjdk-amd64/lib/libnio.so
7fbf89937000-7fbf89940000 r-xp 00007000 07:37 5205                       /usr/lib/jvm/java-13-openjdk-amd64/lib/libnio.so
7fbf89940000-7fbf89944000 r--p 00010000 07:37 5205                       /usr/lib/jvm/java-13-openjdk-amd64/lib/libnio.so
7fbf89944000-7fbf89945000 r--p 00013000 07:37 5205                       /usr/lib/jvm/java-13-openjdk-amd64/lib/libnio.so
7fbf89945000-7fbf89946000 rw-p 00014000 07:37 5205                       /usr/lib/jvm/java-13-openjdk-amd64/lib/libnio.so
7fbf89946000-7fbf89947000 ---p 00000000 00:00 0 
7fbf89947000-7fbf89a48000 rw-p 00000000 00:00 0 
7fbf89a48000-7fbf89a4c000 ---p 00000000 00:00 0 
7fbf89a4c000-7fbf89b49000 rw-p 00000000 00:00 0 
7fbf89b49000-7fbf89b4d000 ---p 00000000 00:00 0 
7fbf89b4d000-7fbf89c4a000 rw-p 00000000 00:00 0 
7fbf89c4a000-7fbf89c4e000 ---p 00000000 00:00 0 
7fbf89c4e000-7fbf89d4b000 rw-p 00000000 00:00 0 
7fbf89d4b000-7fbf89d4f000 ---p 00000000 00:00 0 
7fbf89d4f000-7fbf89e4c000 rw-p 00000000 00:00 0 
7fbf89e4c000-7fbf89e50000 ---p 00000000 00:00 0 
7fbf89e50000-7fbf89f4d000 rw-p 00000000 00:00 0 
7fbf89f4d000-7fbf89f51000 ---p 00000000 00:00 0 
7fbf89f51000-7fbf8a04e000 rw-p 00000000 00:00 0 
7fbf8a04e000-7fbf8a055000 r--s 00000000 07:37 8532                       /usr/lib/x86_64-linux-gnu/gconv/gconv-modules.cache
7fbf8a055000-7fbf8a087000 r--p 00000000 07:37 5276                       /usr/lib/locale/C.UTF-8/LC_CTYPE
7fbf8a087000-7fbf8a08b000 ---p 00000000 00:00 0 
7fbf8a08b000-7fbf8a188000 rw-p 00000000 00:00 0 
7fbf8a188000-7fbf8a18c000 ---p 00000000 00:00 0 
7fbf8a18c000-7fbf8a289000 rw-p 00000000 00:00 0 
7fbf8a289000-7fbf8a28a000 ---p 00000000 00:00 0 
7fbf8a28a000-7fbf8aca8000 rw-p 00000000 00:00 0 
7fbf8aca8000-7fbf8acad000 rw-p 00000000 00:00 0 
7fbf8acad000-7fbf8ad93000 ---p 00000000 00:00 0 
7fbf8ad93000-7fbf8ada3000 rw-p 00000000 00:00 0 
7fbf8ada3000-7fbf8ae7e000 ---p 00000000 00:00 0 
7fbf8ae7e000-7fbf8ae83000 rw-p 00000000 00:00 0 
7fbf8ae83000-7fbf8ae8a000 ---p 00000000 00:00 0 
7fbf8ae8a000-7fbf8ae8c000 r--p 00000000 07:37 5214                       /usr/lib/jvm/java-13-openjdk-amd64/lib/libzip.so
7fbf8ae8c000-7fbf8ae90000 r-xp 00002000 07:37 5214                       /usr/lib/jvm/java-13-openjdk-amd64/lib/libzip.so
7fbf8ae90000-7fbf8ae92000 r--p 00006000 07:37 5214                       /usr/lib/jvm/java-13-openjdk-amd64/lib/libzip.so
7fbf8ae92000-7fbf8ae93000 r--p 00007000 07:37 5214                       /usr/lib/jvm/java-13-openjdk-amd64/lib/libzip.so
7fbf8ae93000-7fbf8ae94000 rw-p 00008000 07:37 5214                       /usr/lib/jvm/java-13-openjdk-amd64/lib/libzip.so
7fbf8ae94000-7fbf8ae9c000 rw-s 00000000 08:03 34784703                   /tmp/hsperfdata_rcabanas/13753
7fbf8ae9c000-7fbf8ae9f000 r--p 00000000 07:37 9108                       /usr/lib/x86_64-linux-gnu/libnss_files-2.31.so
7fbf8ae9f000-7fbf8aea6000 r-xp 00003000 07:37 9108                       /usr/lib/x86_64-linux-gnu/libnss_files-2.31.so
7fbf8aea6000-7fbf8aea8000 r--p 0000a000 07:37 9108                       /usr/lib/x86_64-linux-gnu/libnss_files-2.31.so
7fbf8aea8000-7fbf8aea9000 r--p 0000b000 07:37 9108                       /usr/lib/x86_64-linux-gnu/libnss_files-2.31.so
7fbf8aea9000-7fbf8aeaa000 rw-p 0000c000 07:37 9108                       /usr/lib/x86_64-linux-gnu/libnss_files-2.31.so
7fbf8aeaa000-7fbf8aeb0000 rw-p 00000000 00:00 0 
7fbf8aeb6000-7fbf8aeb8000 r--p 00000000 07:37 5195                       /usr/lib/jvm/java-13-openjdk-amd64/lib/libjimage.so
7fbf8aeb8000-7fbf8aebb000 r-xp 00002000 07:37 5195                       /usr/lib/jvm/java-13-openjdk-amd64/lib/libjimage.so
7fbf8aebb000-7fbf8aebc000 r--p 00005000 07:37 5195                       /usr/lib/jvm/java-13-openjdk-amd64/lib/libjimage.so
7fbf8aebc000-7fbf8aebd000 ---p 00006000 07:37 5195                       /usr/lib/jvm/java-13-openjdk-amd64/lib/libjimage.so
7fbf8aebd000-7fbf8aebe000 r--p 00006000 07:37 5195                       /usr/lib/jvm/java-13-openjdk-amd64/lib/libjimage.so
7fbf8aebe000-7fbf8aebf000 rw-p 00007000 07:37 5195                       /usr/lib/jvm/java-13-openjdk-amd64/lib/libjimage.so
7fbf8aebf000-7fbf8aecc000 r--p 00000000 07:37 5191                       /usr/lib/jvm/java-13-openjdk-amd64/lib/libjava.so
7fbf8aecc000-7fbf8aee1000 r-xp 0000d000 07:37 5191                       /usr/lib/jvm/java-13-openjdk-amd64/lib/libjava.so
7fbf8aee1000-7fbf8aee7000 r--p 00022000 07:37 5191                       /usr/lib/jvm/java-13-openjdk-amd64/lib/libjava.so
7fbf8aee7000-7fbf8aee8000 ---p 00028000 07:37 5191                       /usr/lib/jvm/java-13-openjdk-amd64/lib/libjava.so
7fbf8aee8000-7fbf8aee9000 r--p 00028000 07:37 5191                       /usr/lib/jvm/java-13-openjdk-amd64/lib/libjava.so
7fbf8aee9000-7fbf8aeeb000 rw-p 00029000 07:37 5191                       /usr/lib/jvm/java-13-openjdk-amd64/lib/libjava.so
7fbf8aeeb000-7fbf8aef0000 r--p 00000000 07:37 5213                       /usr/lib/jvm/java-13-openjdk-amd64/lib/libverify.so
7fbf8aef0000-7fbf8aef7000 r-xp 00005000 07:37 5213                       /usr/lib/jvm/java-13-openjdk-amd64/lib/libverify.so
7fbf8aef7000-7fbf8aef9000 r--p 0000c000 07:37 5213                       /usr/lib/jvm/java-13-openjdk-amd64/lib/libverify.so
7fbf8aef9000-7fbf8aefa000 ---p 0000e000 07:37 5213                       /usr/lib/jvm/java-13-openjdk-amd64/lib/libverify.so
7fbf8aefa000-7fbf8aefc000 r--p 0000e000 07:37 5213                       /usr/lib/jvm/java-13-openjdk-amd64/lib/libverify.so
7fbf8aefc000-7fbf8aefd000 rw-p 00010000 07:37 5213                       /usr/lib/jvm/java-13-openjdk-amd64/lib/libverify.so
7fbf8aefd000-7fbf8af01000 ---p 00000000 00:00 0 
7fbf8af01000-7fbf8affe000 rw-p 00000000 00:00 0 
7fbf8affe000-7fbf8b001000 r--p 00000000 07:37 8948                       /usr/lib/x86_64-linux-gnu/libgcc_s.so.1
7fbf8b001000-7fbf8b013000 r-xp 00003000 07:37 8948                       /usr/lib/x86_64-linux-gnu/libgcc_s.so.1
7fbf8b013000-7fbf8b017000 r--p 00015000 07:37 8948                       /usr/lib/x86_64-linux-gnu/libgcc_s.so.1
7fbf8b017000-7fbf8b018000 r--p 00018000 07:37 8948                       /usr/lib/x86_64-linux-gnu/libgcc_s.so.1
7fbf8b018000-7fbf8b019000 rw-p 00019000 07:37 8948                       /usr/lib/x86_64-linux-gnu/libgcc_s.so.1
7fbf8b019000-7fbf8b026000 r--p 00000000 07:37 9062                       /usr/lib/x86_64-linux-gnu/libm-2.31.so
7fbf8b026000-7fbf8b0cd000 r-xp 0000d000 07:37 9062                       /usr/lib/x86_64-linux-gnu/libm-2.31.so
7fbf8b0cd000-7fbf8b166000 r--p 000b4000 07:37 9062                       /usr/lib/x86_64-linux-gnu/libm-2.31.so
7fbf8b166000-7fbf8b167000 r--p 0014c000 07:37 9062                       /usr/lib/x86_64-linux-gnu/libm-2.31.so
7fbf8b167000-7fbf8b168000 rw-p 0014d000 07:37 9062                       /usr/lib/x86_64-linux-gnu/libm-2.31.so
7fbf8b168000-7fbf8b1fe000 r--p 00000000 07:37 9213                       /usr/lib/x86_64-linux-gnu/libstdc++.so.6.0.28
7fbf8b1fe000-7fbf8b2ef000 r-xp 00096000 07:37 9213                       /usr/lib/x86_64-linux-gnu/libstdc++.so.6.0.28
7fbf8b2ef000-7fbf8b338000 r--p 00187000 07:37 9213                       /usr/lib/x86_64-linux-gnu/libstdc++.so.6.0.28
7fbf8b338000-7fbf8b339000 ---p 001d0000 07:37 9213                       /usr/lib/x86_64-linux-gnu/libstdc++.so.6.0.28
7fbf8b339000-7fbf8b344000 r--p 001d0000 07:37 9213                       /usr/lib/x86_64-linux-gnu/libstdc++.so.6.0.28
7fbf8b344000-7fbf8b347000 rw-p 001db000 07:37 9213                       /usr/lib/x86_64-linux-gnu/libstdc++.so.6.0.28
7fbf8b347000-7fbf8b34a000 rw-p 00000000 00:00 0 
7fbf8b34a000-7fbf8b5d0000 r--p 00000000 07:37 5226                       /usr/lib/jvm/java-13-openjdk-amd64/lib/server/libjvm.so
7fbf8b5d0000-7fbf8c34d000 r-xp 00286000 07:37 5226                       /usr/lib/jvm/java-13-openjdk-amd64/lib/server/libjvm.so
7fbf8c34d000-7fbf8c5c8000 r--p 01003000 07:37 5226                       /usr/lib/jvm/java-13-openjdk-amd64/lib/server/libjvm.so
7fbf8c5c8000-7fbf8c68d000 r--p 0127d000 07:37 5226                       /usr/lib/jvm/java-13-openjdk-amd64/lib/server/libjvm.so
7fbf8c68d000-7fbf8c6c8000 rw-p 01342000 07:37 5226                       /usr/lib/jvm/java-13-openjdk-amd64/lib/server/libjvm.so
7fbf8c6c8000-7fbf8c74e000 rw-p 00000000 00:00 0 
7fbf8c74e000-7fbf8c754000 r--p 00000000 07:37 9166                       /usr/lib/x86_64-linux-gnu/libpthread-2.31.so
7fbf8c754000-7fbf8c765000 r-xp 00006000 07:37 9166                       /usr/lib/x86_64-linux-gnu/libpthread-2.31.so
7fbf8c765000-7fbf8c76b000 r--p 00017000 07:37 9166                       /usr/lib/x86_64-linux-gnu/libpthread-2.31.so
7fbf8c76b000-7fbf8c76c000 r--p 0001c000 07:37 9166                       /usr/lib/x86_64-linux-gnu/libpthread-2.31.so
7fbf8c76c000-7fbf8c76d000 rw-p 0001d000 07:37 9166                       /usr/lib/x86_64-linux-gnu/libpthread-2.31.so
7fbf8c76d000-7fbf8c771000 rw-p 00000000 00:00 0 
7fbf8c771000-7fbf8c772000 r--p 00000000 07:37 8893                       /usr/lib/x86_64-linux-gnu/libdl-2.31.so
7fbf8c772000-7fbf8c774000 r-xp 00001000 07:37 8893                       /usr/lib/x86_64-linux-gnu/libdl-2.31.so
7fbf8c774000-7fbf8c775000 r--p 00003000 07:37 8893                       /usr/lib/x86_64-linux-gnu/libdl-2.31.so
7fbf8c775000-7fbf8c776000 r--p 00003000 07:37 8893                       /usr/lib/x86_64-linux-gnu/libdl-2.31.so
7fbf8c776000-7fbf8c777000 rw-p 00004000 07:37 8893                       /usr/lib/x86_64-linux-gnu/libdl-2.31.so
7fbf8c777000-7fbf8c779000 r--p 00000000 07:37 9290                       /usr/lib/x86_64-linux-gnu/libz.so.1.2.11
7fbf8c779000-7fbf8c78a000 r-xp 00002000 07:37 9290                       /usr/lib/x86_64-linux-gnu/libz.so.1.2.11
7fbf8c78a000-7fbf8c790000 r--p 00013000 07:37 9290                       /usr/lib/x86_64-linux-gnu/libz.so.1.2.11
7fbf8c790000-7fbf8c791000 ---p 00019000 07:37 9290                       /usr/lib/x86_64-linux-gnu/libz.so.1.2.11
7fbf8c791000-7fbf8c792000 r--p 00019000 07:37 9290                       /usr/lib/x86_64-linux-gnu/libz.so.1.2.11
7fbf8c792000-7fbf8c793000 rw-p 0001a000 07:37 9290                       /usr/lib/x86_64-linux-gnu/libz.so.1.2.11
7fbf8c793000-7fbf8c7b5000 r--p 00000000 07:37 8851                       /usr/lib/x86_64-linux-gnu/libc-2.31.so
7fbf8c7b5000-7fbf8c92d000 r-xp 00022000 07:37 8851                       /usr/lib/x86_64-linux-gnu/libc-2.31.so
7fbf8c92d000-7fbf8c97b000 r--p 0019a000 07:37 8851                       /usr/lib/x86_64-linux-gnu/libc-2.31.so
7fbf8c97b000-7fbf8c97f000 r--p 001e7000 07:37 8851                       /usr/lib/x86_64-linux-gnu/libc-2.31.so
7fbf8c97f000-7fbf8c981000 rw-p 001eb000 07:37 8851                       /usr/lib/x86_64-linux-gnu/libc-2.31.so
7fbf8c981000-7fbf8c985000 rw-p 00000000 00:00 0 
7fbf8c987000-7fbf8c989000 r--s 0000c000 07:37 20930                      /usr/share/java/java-atk-wrapper.jar
7fbf8c989000-7fbf8c98a000 ---p 00000000 00:00 0 
7fbf8c98a000-7fbf8c98b000 r--p 00000000 00:00 0 
7fbf8c98b000-7fbf8c98e000 r--p 00000000 07:37 5196                       /usr/lib/jvm/java-13-openjdk-amd64/lib/libjli.so
7fbf8c98e000-7fbf8c998000 r-xp 00003000 07:37 5196                       /usr/lib/jvm/java-13-openjdk-amd64/lib/libjli.so
7fbf8c998000-7fbf8c99b000 r--p 0000d000 07:37 5196                       /usr/lib/jvm/java-13-openjdk-amd64/lib/libjli.so
7fbf8c99b000-7fbf8c99c000 r--p 0000f000 07:37 5196                       /usr/lib/jvm/java-13-openjdk-amd64/lib/libjli.so
7fbf8c99c000-7fbf8c99d000 rw-p 00010000 07:37 5196                       /usr/lib/jvm/java-13-openjdk-amd64/lib/libjli.so
7fbf8c99d000-7fbf8c99f000 rw-p 00000000 00:00 0 
7fbf8c99f000-7fbf8c9a0000 r--p 00000000 07:37 8572                       /usr/lib/x86_64-linux-gnu/ld-2.31.so
7fbf8c9a0000-7fbf8c9c3000 r-xp 00001000 07:37 8572                       /usr/lib/x86_64-linux-gnu/ld-2.31.so
7fbf8c9c3000-7fbf8c9cb000 r--p 00024000 07:37 8572                       /usr/lib/x86_64-linux-gnu/ld-2.31.so
7fbf8c9cb000-7fbf8c9cc000 ---p 00000000 00:00 0 
7fbf8c9cc000-7fbf8c9cd000 r--p 0002c000 07:37 8572                       /usr/lib/x86_64-linux-gnu/ld-2.31.so
7fbf8c9cd000-7fbf8c9ce000 rw-p 0002d000 07:37 8572                       /usr/lib/x86_64-linux-gnu/ld-2.31.so
7fbf8c9ce000-7fbf8c9cf000 rw-p 00000000 00:00 0 
7ffeba745000-7ffeba766000 rw-p 00000000 00:00 0                          [stack]
7ffeba794000-7ffeba796000 r-xp 00000000 00:00 0                          [vdso]
ffffffffff600000-ffffffffff601000 r-xp 00000000 00:00 0                  [vsyscall]


VM Arguments:
jvm_args: -Xmx128g --add-modules=ALL-DEFAULT 
java_command: jdk.compiler/com.sun.tools.javac.launcher.Main /mnt/beegfs/rcabanas/dev/credici/papers/zeros/code/GenerateNparents.java -np 2 -nzr 1.0 -zdr 0.5 -o /mnt/beegfs/rcabanas/dev/credici/papers/zeros/models/s3 -rw -s 145 -ys 3
java_class_path (initial): /mnt/beegfs/rcabanas/dev/credici/target/credici-0.1.5-dev-SNAPSHOT-jar-with-dependencies.jar
Launcher Type: SUN_STANDARD

[Global flags]
     intx CICompilerCount                          = 2                                         {product} {ergonomic}
   size_t InitialHeapSize                          = 2147483648                                {product} {ergonomic}
   size_t MaxHeapSize                              = 137438953472                              {product} {command line}
   size_t MaxNewSize                               = 45812940800                               {product} {ergonomic}
   size_t MinHeapDeltaBytes                        = 196608                                    {product} {ergonomic}
   size_t MinHeapSize                              = 8388608                                   {product} {ergonomic}
   size_t NewSize                                  = 715784192                                 {product} {ergonomic}
    uintx NonNMethodCodeHeapSize                   = 5826188                                {pd product} {ergonomic}
    uintx NonProfiledCodeHeapSize                  = 122916026                              {pd product} {ergonomic}
   size_t OldSize                                  = 1431699456                                {product} {ergonomic}
    uintx ProfiledCodeHeapSize                     = 122916026                              {pd product} {ergonomic}
    uintx ReservedCodeCacheSize                    = 251658240                              {pd product} {ergonomic}
     bool SegmentedCodeCache                       = true                                      {product} {ergonomic}
   size_t SoftMaxHeapSize                          = 137438953472                           {manageable} {ergonomic}
     bool UseSerialGC                              = true                                      {product} {ergonomic}

Logging:
Log output configuration:
 #0: stdout all=warning uptime,level,tags
 #1: stderr all=off uptime,level,tags

Environment Variables:
PATH=/usr/local/sbin:/usr/local/bin:/usr/sbin:/usr/bin:/sbin:/bin
LD_LIBRARY_PATH=/.singularity.d/libs

Signal Handlers:
SIGSEGV: [libjvm.so+0xf8fcf0], sa_mask[0]=11111111011111111101111111111110, sa_flags=SA_RESTART|SA_SIGINFO
SIGBUS: [libjvm.so+0xf8fcf0], sa_mask[0]=11111111011111111101111111111110, sa_flags=SA_RESTART|SA_SIGINFO
SIGFPE: [libjvm.so+0xf8fcf0], sa_mask[0]=11111111011111111101111111111110, sa_flags=SA_RESTART|SA_SIGINFO
SIGPIPE: [libjvm.so+0xc3ffa0], sa_mask[0]=11111111011111111101111111111110, sa_flags=SA_RESTART|SA_SIGINFO
SIGXFSZ: [libjvm.so+0xc3ffa0], sa_mask[0]=11111111011111111101111111111110, sa_flags=SA_RESTART|SA_SIGINFO
SIGILL: [libjvm.so+0xf8fcf0], sa_mask[0]=11111111011111111101111111111110, sa_flags=SA_RESTART|SA_SIGINFO
SIGUSR2: [libjvm.so+0xc3fe40], sa_mask[0]=00000000000000000000000000000000, sa_flags=SA_RESTART|SA_SIGINFO
SIGHUP: [libjvm.so+0xc40580], sa_mask[0]=11111111011111111101111111111110, sa_flags=SA_RESTART|SA_SIGINFO
SIGINT: [libjvm.so+0xc40580], sa_mask[0]=11111111011111111101111111111110, sa_flags=SA_RESTART|SA_SIGINFO
SIGTERM: [libjvm.so+0xc40580], sa_mask[0]=11111111011111111101111111111110, sa_flags=SA_RESTART|SA_SIGINFO
SIGQUIT: [libjvm.so+0xc40580], sa_mask[0]=11111111011111111101111111111110, sa_flags=SA_RESTART|SA_SIGINFO


---------------  S Y S T E M  ---------------

OS:DISTRIB_ID=Ubuntu
DISTRIB_RELEASE=20.04
DISTRIB_CODENAME=focal
DISTRIB_DESCRIPTION="Ubuntu 20.04.4 LTS"
uname:Linux 3.10.0-1160.15.2.el7.x86_64 #1 SMP Wed Feb 3 15:06:38 UTC 2021 x86_64
OS uptime: 2 days 16:28 hours
libc:glibc 2.31 NPTL 2.31 
rlimit (soft/hard): STACK 8192k/infinity , CORE 0k/infinity , NPROC 4096/1030217 , NOFILE 131072/131072 , AS infinity/infinity , CPU infinity/infinity , DATA infinity/infinity , FSIZE infinity/infinity , MEMLOCK infinity/infinity
load average:64.18 64.95 58.23

/proc/meminfo:
MemTotal:       263895364 kB
MemFree:         1562808 kB
MemAvailable:    1994844 kB
Buffers:          295752 kB
Cached:           841244 kB
SwapCached:       666416 kB
Active:         244650360 kB
Inactive:        8234160 kB
Active(anon):   244308304 kB
Inactive(anon):  7460728 kB
Active(file):     342056 kB
Inactive(file):   773432 kB
Unevictable:       26564 kB
Mlocked:           26564 kB
SwapTotal:       4194300 kB
SwapFree:          46672 kB
Dirty:               212 kB
Writeback:           276 kB
AnonPages:      251109036 kB
Mapped:           183564 kB
Shmem:             15132 kB
Slab:             736300 kB
SReclaimable:     174052 kB
SUnreclaim:       562248 kB
KernelStack:       53312 kB
PageTables:       596516 kB
NFS_Unstable:          0 kB
Bounce:                0 kB
WritebackTmp:          0 kB
CommitLimit:    136141980 kB
Committed_AS:   329310656 kB
VmallocTotal:   34359738367 kB
VmallocUsed:      863184 kB
VmallocChunk:   34222528688 kB
Percpu:            18176 kB
HardwareCorrupted:     0 kB
AnonHugePages:  145213440 kB
CmaTotal:              0 kB
CmaFree:               0 kB
HugePages_Total:       0
HugePages_Free:        0
HugePages_Rsvd:        0
HugePages_Surp:        0
Hugepagesize:       2048 kB
DirectMap4k:      636520 kB
DirectMap2M:    31731712 kB
DirectMap1G:    235929600 kB

/sys/kernel/mm/transparent_hugepage/enabled:
[always] madvise never

/sys/kernel/mm/transparent_hugepage/defrag (defrag/compaction efforts parameter):
[always] madvise never


/proc/sys/kernel/threads-max (system-wide limit on the number of threads):
2060435


/proc/sys/vm/max_map_count (maximum number of memory map areas a process may have):
65530


/proc/sys/kernel/pid_max (system-wide limit on number of process identifiers):
65536



Steal ticks since vm start: 0
Steal ticks percentage since vm start:  0.000

CPU:total 64 (initial active 1) (32 cores per cpu, 1 threads per core) family 23 model 49 stepping 0, cmov, cx8, fxsr, mmx, sse, sse2, sse3, ssse3, sse4.1, sse4.2, popcnt, avx, avx2, aes, clmul, mmxext, 3dnowpref, lzcnt, sse4a, tsc, tscinvbit, tscinv, bmi1, bmi2, adx, sha, fma
CPU Model and flags from /proc/cpuinfo:
model name	: AMD EPYC 7542 32-Core Processor
flags		: fpu vme de pse tsc msr pae mce cx8 apic sep mtrr pge mca cmov pat pse36 clflush mmx fxsr sse sse2 ht syscall nx mmxext fxsr_opt pdpe1gb rdtscp lm constant_tsc art rep_good nopl nonstop_tsc extd_apicid aperfmperf eagerfpu pni pclmulqdq monitor ssse3 fma cx16 sse4_1 sse4_2 movbe popcnt aes xsave avx f16c rdrand lahf_lm cmp_legacy svm extapic cr8_legacy abm sse4a misalignsse 3dnowprefetch osvw ibs skinit wdt tce topoext perfctr_core perfctr_nb bpext perfctr_l2 cpb cat_l3 cdp_l3 hw_pstate sme retpoline_amd ssbd ibrs ibpb stibp vmmcall fsgsbase bmi1 avx2 smep bmi2 cqm rdt_a rdseed adx smap clflushopt clwb sha_ni xsaveopt xsavec xgetbv1 cqm_llc cqm_occup_llc cqm_mbm_total cqm_mbm_local clzero irperf xsaveerptr arat npt lbrv svm_lock nrip_save tsc_scale vmcb_clean flushbyasid decodeassists pausefilter pfthreshold avic v_vmsave_vmload vgif umip overflow_recov succor smca
Online cpus:0-63
Offline cpus:
BIOS frequency limitation:2900000
Frequency switch latency (ns):0
Available cpu frequencies:2900000 2400000 1500000 
Current governor:conservative
Core performance/turbo boost:1

Memory: 4k page, physical 263895364k(1562280k free), swap 4194300k(46672k free)

vm_info: OpenJDK 64-Bit Server VM (13.0.7+5-Ubuntu-0ubuntu120.04) for linux-amd64 JRE (13.0.7+5-Ubuntu-0ubuntu120.04), built on Apr 21 2021 05:36:19 by "unknown" with gcc 9.3.0

END.
