#
# There is insufficient memory for the Java Runtime Environment to continue.
# Native memory allocation (mmap) failed to map 881410048 bytes for committing reserved memory.
# Possible reasons:
#   The system is out of physical RAM or swap space
# Possible solutions:
#   Reduce memory load on the system
#   Increase physical memory or swap space
#   Check if swap backing store is full
#   Decrease Java heap size (-Xmx/-Xms)
#   Decrease number of Java threads
#   Decrease Java thread stack sizes (-Xss)
#   Set larger code cache with -XX:ReservedCodeCacheSize=
# This output file may be truncated or incomplete.
#
#  Out of Memory Error (os_linux.cpp:2899), pid=21956, tid=21958
#
# JRE version: OpenJDK Runtime Environment (13.0.7+5) (build 13.0.7+5-Ubuntu-0ubuntu120.04)
# Java VM: OpenJDK 64-Bit Server VM (13.0.7+5-Ubuntu-0ubuntu120.04, mixed mode, tiered, serial gc, linux-amd64)
# No core dump will be written. Core dumps have been disabled. To enable core dumping, try "ulimit -c unlimited" before starting Java again
#

---------------  S U M M A R Y ------------

Command Line: -Xmx128g --add-modules=ALL-DEFAULT jdk.compiler/com.sun.tools.javac.launcher.Main /mnt/beegfs/rcabanas/dev/credici/papers/zeros/code/GenerateNparents.java -np 2 -nzr 1.0 -zdr 0.5 -o /mnt/beegfs/rcabanas/dev/credici/papers/zeros/models/s3 -rw -s 121 -ys 3

Host: AMD EPYC 7542 32-Core Processor, 64 cores, 251G, Ubuntu 20.04.4 LTS
Time: Mon Oct 14 13:26:22 2024 CEST elapsed time: 157.411692 seconds (0d 0h 2m 37s)

---------------  T H R E A D  ---------------

Current thread (0x00007f9264097800):  VMThread "VM Thread" [stack: 0x00007f9269b24000,0x00007f9269c24000] [id=21958]

Stack: [0x00007f9269b24000,0x00007f9269c24000],  sp=0x00007f9269c22160,  free space=1016k
Native frames: (J=compiled Java code, A=aot compiled Java code, j=interpreted, Vv=VM code, C=native code)
V  [libjvm.so+0xf8f092]
V  [libjvm.so+0xf8fc91]
V  [libjvm.so+0x66ee5a]
V  [libjvm.so+0xc44a41]
V  [libjvm.so+0xc3b263]
V  [libjvm.so+0xf87f4b]
V  [libjvm.so+0x557506]
V  [libjvm.so+0x557723]
V  [libjvm.so+0xf18b0c]
V  [libjvm.so+0x557e65]
V  [libjvm.so+0x7e2edb]
V  [libjvm.so+0x7e39bd]
V  [libjvm.so+0x7d8b48]
V  [libjvm.so+0xf90940]
V  [libjvm.so+0xf96657]
V  [libjvm.so+0xf96d2b]
V  [libjvm.so+0xf9706a]
V  [libjvm.so+0xf2208f]
V  [libjvm.so+0xc493ff]

VM_Operation (0x00007f926a893b20): GenCollectForAllocation, mode: safepoint, requested by thread 0x00007f9264018000


---------------  P R O C E S S  ---------------

Threads class SMR info:
_java_thread_list=0x00007f9264136380, length=9, elements={
0x00007f9264018000, 0x00007f92640a3800, 0x00007f92640a7000, 0x00007f92640cb000,
0x00007f92640cd000, 0x00007f92640cf000, 0x00007f92640d1000, 0x00007f92640d3000,
0x00007f9264135000
}

Java Threads: ( => current thread )
  0x00007f9264018000 JavaThread "main" [_thread_blocked, id=21957, stack(0x00007f926a796000,0x00007f926a897000)]
  0x00007f92640a3800 JavaThread "Reference Handler" daemon [_thread_blocked, id=21959, stack(0x00007f9269a21000,0x00007f9269b22000)]
  0x00007f92640a7000 JavaThread "Finalizer" daemon [_thread_blocked, id=21960, stack(0x00007f9269920000,0x00007f9269a21000)]
  0x00007f92640cb000 JavaThread "Signal Dispatcher" daemon [_thread_blocked, id=21961, stack(0x00007f92697e6000,0x00007f92698e7000)]
  0x00007f92640cd000 JavaThread "Service Thread" daemon [_thread_blocked, id=21962, stack(0x00007f92696e5000,0x00007f92697e6000)]
  0x00007f92640cf000 JavaThread "C2 CompilerThread0" daemon [_thread_blocked, id=21963, stack(0x00007f92695e4000,0x00007f92696e5000)]
  0x00007f92640d1000 JavaThread "C1 CompilerThread0" daemon [_thread_blocked, id=21964, stack(0x00007f92694e3000,0x00007f92695e4000)]
  0x00007f92640d3000 JavaThread "Sweeper thread" daemon [_thread_blocked, id=21965, stack(0x00007f92693e2000,0x00007f92694e3000)]
  0x00007f9264135000 JavaThread "Common-Cleaner" daemon [_thread_blocked, id=21966, stack(0x00007f92692e1000,0x00007f92693e2000)]

Other Threads:
=>0x00007f9264097800 VMThread "VM Thread" [stack: 0x00007f9269b24000,0x00007f9269c24000] [id=21958]
  0x00007f9264181800 WatcherThread [stack: 0x00007f92691e1000,0x00007f92692e1000] [id=21967]

Threads with active compile tasks:

VM state:at safepoint (normal execution)

VM Mutex/Monitor currently owned by a thread:  ([mutex/lock_event])
[0x00007f92640140d0] Threads_lock - owner thread: 0x00007f9264097800
[0x00007f9264014cd0] Heap_lock - owner thread: 0x00007f9264018000

Heap:
 def new generation   total 1059968K, used 0K [0x00007f724c600000, 0x00007f7294420000, 0x00007f7cf70a0000)
  eden space 942208K,   0% used [0x00007f724c600000, 0x00007f724c600000, 0x00007f7285e20000)
  from space 117760K,   0% used [0x00007f728d120000, 0x00007f728d120000, 0x00007f7294420000)
  to   space 117760K,   0% used [0x00007f7285e20000, 0x00007f7285e20000, 0x00007f728d120000)
 tenured generation   total 2401080K, used 1957098K [0x00007f7cf70a0000, 0x00007f7d8996e000, 0x00007f924c600000)
   the space 2401080K,  81% used [0x00007f7cf70a0000, 0x00007f7d6e7daa30, 0x00007f7d6e7dac00, 0x00007f7d8996e000)
 Metaspace       used 29859K, capacity 30263K, committed 30464K, reserved 30720K

Card table byte_map: [0x00007f723c5ff000,0x00007f724c600000] _byte_map_base: 0x00007f328339c000

Polling page: 0x00007f926c222000

Metaspace:

Usage:
   29.55 MB capacity,    29.16 MB ( 99%) used,   299.87 KB ( <1%) free+waste,   104.00 KB ( <1%) overhead. 

Virtual space:
     30.00 MB reserved,      29.75 MB (>99%) committed 

Chunk freelists:
121.00 KB

MaxMetaspaceSize: unlimited


CodeHeap 'non-profiled nmethods': size=120036Kb used=1786Kb max_used=1786Kb free=118250Kb
 bounds [0x00007f9254251000, 0x00007f92544c1000, 0x00007f925b78a000]
CodeHeap 'profiled nmethods': size=120032Kb used=7673Kb max_used=7673Kb free=112358Kb
 bounds [0x00007f924cd19000, 0x00007f924d499000, 0x00007f9254251000]
CodeHeap 'non-nmethods': size=5692Kb used=1248Kb max_used=1296Kb free=4443Kb
 bounds [0x00007f924c78a000, 0x00007f924c9fa000, 0x00007f924cd19000]
 total_blobs=4393 nmethods=3864 adapters=444
 compilation: enabled
              stopped_count=0, restarted_count=0
 full_count=0

Compilation events (20 events):
Event: 34.619 Thread 0x00007f92640cf000 3920       4       ch.javasoft.metabolic.efm.adj.incore.AbstractAdjacencyEnumerator::adjacentPairs (115 bytes)
Event: 34.635 Thread 0x00007f92640cf000 nmethod 3920 0x00007f9254400110 code [0x00007f9254400300, 0x00007f9254400c98]
Event: 34.707 Thread 0x00007f92640d1000 3921       3       ch.javasoft.metabolic.efm.util.ColumnUtil::mergeNumeric (197 bytes)
Event: 34.710 Thread 0x00007f92640d1000 nmethod 3921 0x00007f924d490c90 code [0x00007f924d491100, 0x00007f924d4934a0]
Event: 35.011 Thread 0x00007f92640cf000 3922       4       ch.javasoft.metabolic.efm.util.ColumnUtil::mergeNumeric (197 bytes)
Event: 35.708 Thread 0x00007f92640cf000 nmethod 3922 0x00007f9254401690 code [0x00007f9254401d40, 0x00007f92544084d0]
Event: 36.879 Thread 0x00007f92640d1000 3923       3       ch.javasoft.math.BigFraction::gcd (151 bytes)
Event: 36.880 Thread 0x00007f92640d1000 nmethod 3923 0x00007f924d494390 code [0x00007f924d494600, 0x00007f924d494f40]
Event: 36.895 Thread 0x00007f92640cf000 3924       4       ch.javasoft.math.BigFraction::gcd (151 bytes)
Event: 36.936 Thread 0x00007f92640cf000 nmethod 3924 0x00007f925440d010 code [0x00007f925440d240, 0x00007f925440e058]
Event: 38.055 Thread 0x00007f92640d1000 3925       3       java.math.MutableBigInteger::divideOneWord (332 bytes)
Event: 38.056 Thread 0x00007f92640d1000 nmethod 3925 0x00007f924d495410 code [0x00007f924d495620, 0x00007f924d495e80]
Event: 38.061 Thread 0x00007f92640cf000 3926       4       java.math.MutableBigInteger::divideOneWord (332 bytes)
Event: 38.069 Thread 0x00007f92640cf000 nmethod 3926 0x00007f925440ea10 code [0x00007f925440ebc0, 0x00007f925440f2b8]
Event: 39.592 Thread 0x00007f92640d1000 3927       3       java.math.MutableBigInteger::setValue (16 bytes)
Event: 39.593 Thread 0x00007f92640d1000 nmethod 3927 0x00007f924d496390 code [0x00007f924d496520, 0x00007f924d496630]
Event: 58.244 Thread 0x00007f92640d1000 3928       3       ch.javasoft.metabolic.efm.adj.incore.tree.AbstractRoot$1::compare (13 bytes)
Event: 58.245 Thread 0x00007f92640d1000 nmethod 3928 0x00007f924d496690 code [0x00007f924d496840, 0x00007f924d496b40]
Event: 58.245 Thread 0x00007f92640d1000 3929       3       ch.javasoft.metabolic.efm.adj.incore.tree.AbstractRoot$1::compare (64 bytes)
Event: 58.245 Thread 0x00007f92640d1000 nmethod 3929 0x00007f924d496c10 code [0x00007f924d496e00, 0x00007f924d497270]

GC Heap History (20 events):
Event: 46.674 GC heap after
{Heap after GC invocations=28 (full 1):
 def new generation   total 629248K, used 64601K [0x00007f724c600000, 0x00007f72770c0000, 0x00007f7cf70a0000)
  eden space 559360K,   0% used [0x00007f724c600000, 0x00007f724c600000, 0x00007f726e840000)
  from space 69888K,  92% used [0x00007f7272c80000, 0x00007f7276b96678, 0x00007f72770c0000)
  to   space 69888K,   0% used [0x00007f726e840000, 0x00007f726e840000, 0x00007f7272c80000)
 tenured generation   total 1398144K, used 1387266K [0x00007f7cf70a0000, 0x00007f7d4c600000, 0x00007f924c600000)
   the space 1398144K,  99% used [0x00007f7cf70a0000, 0x00007f7d4bb60bd0, 0x00007f7d4bb60c00, 0x00007f7d4c600000)
 Metaspace       used 29859K, capacity 30263K, committed 30464K, reserved 30720K
}
Event: 47.110 GC heap before
{Heap before GC invocations=28 (full 1):
 def new generation   total 629248K, used 623961K [0x00007f724c600000, 0x00007f72770c0000, 0x00007f7cf70a0000)
  eden space 559360K, 100% used [0x00007f724c600000, 0x00007f726e840000, 0x00007f726e840000)
  from space 69888K,  92% used [0x00007f7272c80000, 0x00007f7276b96678, 0x00007f72770c0000)
  to   space 69888K,   0% used [0x00007f726e840000, 0x00007f726e840000, 0x00007f7272c80000)
 tenured generation   total 1398144K, used 1387266K [0x00007f7cf70a0000, 0x00007f7d4c600000, 0x00007f924c600000)
   the space 1398144K,  99% used [0x00007f7cf70a0000, 0x00007f7d4bb60bd0, 0x00007f7d4bb60c00, 0x00007f7d4c600000)
 Metaspace       used 29859K, capacity 30263K, committed 30464K, reserved 30720K
}
Event: 47.533 GC heap after
{Heap after GC invocations=29 (full 1):
 def new generation   total 629248K, used 69888K [0x00007f724c600000, 0x00007f72770c0000, 0x00007f7cf70a0000)
  eden space 559360K,   0% used [0x00007f724c600000, 0x00007f724c600000, 0x00007f726e840000)
  from space 69888K, 100% used [0x00007f726e840000, 0x00007f7272c80000, 0x00007f7272c80000)
  to   space 69888K,   0% used [0x00007f7272c80000, 0x00007f7272c80000, 0x00007f72770c0000)
 tenured generation   total 1460928K, used 1460880K [0x00007f7cf70a0000, 0x00007f7d50350000, 0x00007f924c600000)
   the space 1460928K,  99% used [0x00007f7cf70a0000, 0x00007f7d503440b0, 0x00007f7d50344200, 0x00007f7d50350000)
 Metaspace       used 29859K, capacity 30263K, committed 30464K, reserved 30720K
}
Event: 47.533 GC heap before
{Heap before GC invocations=29 (full 1):
 def new generation   total 629248K, used 69888K [0x00007f724c600000, 0x00007f72770c0000, 0x00007f7cf70a0000)
  eden space 559360K,   0% used [0x00007f724c600000, 0x00007f724c600000, 0x00007f726e840000)
  from space 69888K, 100% used [0x00007f726e840000, 0x00007f7272c80000, 0x00007f7272c80000)
  to   space 69888K,   0% used [0x00007f7272c80000, 0x00007f7272c80000, 0x00007f72770c0000)
 tenured generation   total 1460928K, used 1460880K [0x00007f7cf70a0000, 0x00007f7d50350000, 0x00007f924c600000)
   the space 1460928K,  99% used [0x00007f7cf70a0000, 0x00007f7d503440b0, 0x00007f7d50344200, 0x00007f7d50350000)
 Metaspace       used 29859K, capacity 30263K, committed 30464K, reserved 30720K
}
Event: 52.820 GC heap after
{Heap after GC invocations=29 (full 2):
 def new generation   total 1059968K, used 0K [0x00007f724c600000, 0x00007f7294420000, 0x00007f7cf70a0000)
  eden space 942208K,   0% used [0x00007f724c600000, 0x00007f724c600000, 0x00007f7285e20000)
  from space 117760K,   0% used [0x00007f7285e20000, 0x00007f7285e20000, 0x00007f728d120000)
  to   space 117760K,   0% used [0x00007f728d120000, 0x00007f728d120000, 0x00007f7294420000)
 tenured generation   total 2355384K, used 1413229K [0x00007f7cf70a0000, 0x00007f7d86cce000, 0x00007f924c600000)
   the space 2355384K,  59% used [0x00007f7cf70a0000, 0x00007f7d4d4bb428, 0x00007f7d4d4bb600, 0x00007f7d86cce000)
 Metaspace       used 29859K, capacity 30263K, committed 30464K, reserved 30720K
}
Event: 53.432 GC heap before
{Heap before GC invocations=29 (full 2):
 def new generation   total 1059968K, used 942208K [0x00007f724c600000, 0x00007f7294420000, 0x00007f7cf70a0000)
  eden space 942208K, 100% used [0x00007f724c600000, 0x00007f7285e20000, 0x00007f7285e20000)
  from space 117760K,   0% used [0x00007f7285e20000, 0x00007f7285e20000, 0x00007f728d120000)
  to   space 117760K,   0% used [0x00007f728d120000, 0x00007f728d120000, 0x00007f7294420000)
 tenured generation   total 2355384K, used 1413229K [0x00007f7cf70a0000, 0x00007f7d86cce000, 0x00007f924c600000)
   the space 2355384K,  59% used [0x00007f7cf70a0000, 0x00007f7d4d4bb428, 0x00007f7d4d4bb600, 0x00007f7d86cce000)
 Metaspace       used 29859K, capacity 30263K, committed 30464K, reserved 30720K
}
Event: 53.851 GC heap after
{Heap after GC invocations=30 (full 2):
 def new generation   total 1059968K, used 89446K [0x00007f724c600000, 0x00007f7294420000, 0x00007f7cf70a0000)
  eden space 942208K,   0% used [0x00007f724c600000, 0x00007f724c600000, 0x00007f7285e20000)
  from space 117760K,  75% used [0x00007f728d120000, 0x00007f7292879868, 0x00007f7294420000)
  to   space 117760K,   0% used [0x00007f7285e20000, 0x00007f7285e20000, 0x00007f728d120000)
 tenured generation   total 2355384K, used 1413229K [0x00007f7cf70a0000, 0x00007f7d86cce000, 0x00007f924c600000)
   the space 2355384K,  59% used [0x00007f7cf70a0000, 0x00007f7d4d4bb428, 0x00007f7d4d4bb600, 0x00007f7d86cce000)
 Metaspace       used 29859K, capacity 30263K, committed 30464K, reserved 30720K
}
Event: 54.366 GC heap before
{Heap before GC invocations=30 (full 2):
 def new generation   total 1059968K, used 1031654K [0x00007f724c600000, 0x00007f7294420000, 0x00007f7cf70a0000)
  eden space 942208K, 100% used [0x00007f724c600000, 0x00007f7285e20000, 0x00007f7285e20000)
  from space 117760K,  75% used [0x00007f728d120000, 0x00007f7292879868, 0x00007f7294420000)
  to   space 117760K,   0% used [0x00007f7285e20000, 0x00007f7285e20000, 0x00007f728d120000)
 tenured generation   total 2355384K, used 1413229K [0x00007f7cf70a0000, 0x00007f7d86cce000, 0x00007f924c600000)
   the space 2355384K,  59% used [0x00007f7cf70a0000, 0x00007f7d4d4bb428, 0x00007f7d4d4bb600, 0x00007f7d86cce000)
 Metaspace       used 29859K, capacity 30263K, committed 30464K, reserved 30720K
}
Event: 54.859 GC heap after
{Heap after GC invocations=31 (full 2):
 def new generation   total 1059968K, used 86586K [0x00007f724c600000, 0x00007f7294420000, 0x00007f7cf70a0000)
  eden space 942208K,   0% used [0x00007f724c600000, 0x00007f724c600000, 0x00007f7285e20000)
  from space 117760K,  73% used [0x00007f7285e20000, 0x00007f728b2ae888, 0x00007f728d120000)
  to   space 117760K,   0% used [0x00007f728d120000, 0x00007f728d120000, 0x00007f7294420000)
 tenured generation   total 2355384K, used 1502674K [0x00007f7cf70a0000, 0x00007f7d86cce000, 0x00007f924c600000)
   the space 2355384K,  63% used [0x00007f7cf70a0000, 0x00007f7d52c14960, 0x00007f7d52c14a00, 0x00007f7d86cce000)
 Metaspace       used 29859K, capacity 30263K, committed 30464K, reserved 30720K
}
Event: 55.443 GC heap before
{Heap before GC invocations=31 (full 2):
 def new generation   total 1059968K, used 1028794K [0x00007f724c600000, 0x00007f7294420000, 0x00007f7cf70a0000)
  eden space 942208K, 100% used [0x00007f724c600000, 0x00007f7285e20000, 0x00007f7285e20000)
  from space 117760K,  73% used [0x00007f7285e20000, 0x00007f728b2ae888, 0x00007f728d120000)
  to   space 117760K,   0% used [0x00007f728d120000, 0x00007f728d120000, 0x00007f7294420000)
 tenured generation   total 2355384K, used 1502674K [0x00007f7cf70a0000, 0x00007f7d86cce000, 0x00007f924c600000)
   the space 2355384K,  63% used [0x00007f7cf70a0000, 0x00007f7d52c14960, 0x00007f7d52c14a00, 0x00007f7d86cce000)
 Metaspace       used 29859K, capacity 30263K, committed 30464K, reserved 30720K
}
Event: 55.892 GC heap after
{Heap after GC invocations=32 (full 2):
 def new generation   total 1059968K, used 88869K [0x00007f724c600000, 0x00007f7294420000, 0x00007f7cf70a0000)
  eden space 942208K,   0% used [0x00007f724c600000, 0x00007f724c600000, 0x00007f7285e20000)
  from space 117760K,  75% used [0x00007f728d120000, 0x00007f72927e96c8, 0x00007f7294420000)
  to   space 117760K,   0% used [0x00007f7285e20000, 0x00007f7285e20000, 0x00007f728d120000)
 tenured generation   total 2355384K, used 1589259K [0x00007f7cf70a0000, 0x00007f7d86cce000, 0x00007f924c600000)
   the space 2355384K,  67% used [0x00007f7cf70a0000, 0x00007f7d580a2f48, 0x00007f7d580a3000, 0x00007f7d86cce000)
 Metaspace       used 29859K, capacity 30263K, committed 30464K, reserved 30720K
}
Event: 56.469 GC heap before
{Heap before GC invocations=32 (full 2):
 def new generation   total 1059968K, used 1031077K [0x00007f724c600000, 0x00007f7294420000, 0x00007f7cf70a0000)
  eden space 942208K, 100% used [0x00007f724c600000, 0x00007f7285e20000, 0x00007f7285e20000)
  from space 117760K,  75% used [0x00007f728d120000, 0x00007f72927e96c8, 0x00007f7294420000)
  to   space 117760K,   0% used [0x00007f7285e20000, 0x00007f7285e20000, 0x00007f728d120000)
 tenured generation   total 2355384K, used 1589259K [0x00007f7cf70a0000, 0x00007f7d86cce000, 0x00007f924c600000)
   the space 2355384K,  67% used [0x00007f7cf70a0000, 0x00007f7d580a2f48, 0x00007f7d580a3000, 0x00007f7d86cce000)
 Metaspace       used 29859K, capacity 30263K, committed 30464K, reserved 30720K
}
Event: 56.955 GC heap after
{Heap after GC invocations=33 (full 2):
 def new generation   total 1059968K, used 95691K [0x00007f724c600000, 0x00007f7294420000, 0x00007f7cf70a0000)
  eden space 942208K,   0% used [0x00007f724c600000, 0x00007f724c600000, 0x00007f7285e20000)
  from space 117760K,  81% used [0x00007f7285e20000, 0x00007f728bb92f20, 0x00007f728d120000)
  to   space 117760K,   0% used [0x00007f728d120000, 0x00007f728d120000, 0x00007f7294420000)
 tenured generation   total 2355384K, used 1678129K [0x00007f7cf70a0000, 0x00007f7d86cce000, 0x00007f924c600000)
   the space 2355384K,  71% used [0x00007f7cf70a0000, 0x00007f7d5d76c420, 0x00007f7d5d76c600, 0x00007f7d86cce000)
 Metaspace       used 29859K, capacity 30263K, committed 30464K, reserved 30720K
}
Event: 90.868 GC heap before
{Heap before GC invocations=33 (full 2):
 def new generation   total 1059968K, used 1037899K [0x00007f724c600000, 0x00007f7294420000, 0x00007f7cf70a0000)
  eden space 942208K, 100% used [0x00007f724c600000, 0x00007f7285e20000, 0x00007f7285e20000)
  from space 117760K,  81% used [0x00007f7285e20000, 0x00007f728bb92f20, 0x00007f728d120000)
  to   space 117760K,   0% used [0x00007f728d120000, 0x00007f728d120000, 0x00007f7294420000)
 tenured generation   total 2355384K, used 1678129K [0x00007f7cf70a0000, 0x00007f7d86cce000, 0x00007f924c600000)
   the space 2355384K,  71% used [0x00007f7cf70a0000, 0x00007f7d5d76c420, 0x00007f7d5d76c600, 0x00007f7d86cce000)
 Metaspace       used 29859K, capacity 30263K, committed 30464K, reserved 30720K
}
Event: 93.758 GC heap after
{Heap after GC invocations=34 (full 2):
 def new generation   total 1059968K, used 117759K [0x00007f724c600000, 0x00007f7294420000, 0x00007f7cf70a0000)
  eden space 942208K,   0% used [0x00007f724c600000, 0x00007f724c600000, 0x00007f7285e20000)
  from space 117760K,  99% used [0x00007f728d120000, 0x00007f729441fff8, 0x00007f7294420000)
  to   space 117760K,   0% used [0x00007f7285e20000, 0x00007f7285e20000, 0x00007f728d120000)
 tenured generation   total 2355384K, used 2186175K [0x00007f7cf70a0000, 0x00007f7d86cce000, 0x00007f924c600000)
   the space 2355384K,  92% used [0x00007f7cf70a0000, 0x00007f7d7c78ffa8, 0x00007f7d7c790000, 0x00007f7d86cce000)
 Metaspace       used 29859K, capacity 30263K, committed 30464K, reserved 30720K
}
Event: 146.208 GC heap before
{Heap before GC invocations=34 (full 2):
 def new generation   total 1059968K, used 1059967K [0x00007f724c600000, 0x00007f7294420000, 0x00007f7cf70a0000)
  eden space 942208K, 100% used [0x00007f724c600000, 0x00007f7285e20000, 0x00007f7285e20000)
  from space 117760K,  99% used [0x00007f728d120000, 0x00007f729441fff8, 0x00007f7294420000)
  to   space 117760K,   0% used [0x00007f7285e20000, 0x00007f7285e20000, 0x00007f728d120000)
 tenured generation   total 2355384K, used 2186175K [0x00007f7cf70a0000, 0x00007f7d86cce000, 0x00007f924c600000)
   the space 2355384K,  92% used [0x00007f7cf70a0000, 0x00007f7d7c78ffa8, 0x00007f7d7c790000, 0x00007f7d86cce000)
 Metaspace       used 29859K, capacity 30263K, committed 30464K, reserved 30720K
}
Event: 147.141 GC heap after
{Heap after GC invocations=35 (full 2):
 def new generation   total 1059968K, used 117759K [0x00007f724c600000, 0x00007f7294420000, 0x00007f7cf70a0000)
  eden space 942208K,   0% used [0x00007f724c600000, 0x00007f724c600000, 0x00007f7285e20000)
  from space 117760K,  99% used [0x00007f7285e20000, 0x00007f728d11fff8, 0x00007f728d120000)
  to   space 117760K,   0% used [0x00007f728d120000, 0x00007f728d120000, 0x00007f7294420000)
 tenured generation   total 2355384K, used 2283227K [0x00007f7cf70a0000, 0x00007f7d86cce000, 0x00007f924c600000)
   the space 2355384K,  96% used [0x00007f7cf70a0000, 0x00007f7d82656d68, 0x00007f7d82656e00, 0x00007f7d86cce000)
 Metaspace       used 29859K, capacity 30263K, committed 30464K, reserved 30720K
}
Event: 147.794 GC heap before
{Heap before GC invocations=35 (full 2):
 def new generation   total 1059968K, used 1059967K [0x00007f724c600000, 0x00007f7294420000, 0x00007f7cf70a0000)
  eden space 942208K, 100% used [0x00007f724c600000, 0x00007f7285e20000, 0x00007f7285e20000)
  from space 117760K,  99% used [0x00007f7285e20000, 0x00007f728d11fff8, 0x00007f728d120000)
  to   space 117760K,   0% used [0x00007f728d120000, 0x00007f728d120000, 0x00007f7294420000)
 tenured generation   total 2355384K, used 2283227K [0x00007f7cf70a0000, 0x00007f7d86cce000, 0x00007f924c600000)
   the space 2355384K,  96% used [0x00007f7cf70a0000, 0x00007f7d82656d68, 0x00007f7d82656e00, 0x00007f7d86cce000)
 Metaspace       used 29859K, capacity 30263K, committed 30464K, reserved 30720K
}
Event: 148.329 GC heap after
{Heap after GC invocations=36 (full 2):
 def new generation   total 1059968K, used 76991K [0x00007f724c600000, 0x00007f7294420000, 0x00007f7cf70a0000)
  eden space 942208K,   0% used [0x00007f724c600000, 0x00007f724c600000, 0x00007f7285e20000)
  from space 117760K,  65% used [0x00007f728d120000, 0x00007f7291c4fce0, 0x00007f7294420000)
  to   space 117760K,   0% used [0x00007f7285e20000, 0x00007f7285e20000, 0x00007f728d120000)
 tenured generation   total 2401080K, used 2400986K [0x00007f7cf70a0000, 0x00007f7d8996e000, 0x00007f924c600000)
   the space 2401080K,  99% used [0x00007f7cf70a0000, 0x00007f7d89956b20, 0x00007f7d89956c00, 0x00007f7d8996e000)
 Metaspace       used 29859K, capacity 30263K, committed 30464K, reserved 30720K
}
Event: 148.329 GC heap before
{Heap before GC invocations=36 (full 2):
 def new generation   total 1059968K, used 76991K [0x00007f724c600000, 0x00007f7294420000, 0x00007f7cf70a0000)
  eden space 942208K,   0% used [0x00007f724c600000, 0x00007f724c600000, 0x00007f7285e20000)
  from space 117760K,  65% used [0x00007f728d120000, 0x00007f7291c4fce0, 0x00007f7294420000)
  to   space 117760K,   0% used [0x00007f7285e20000, 0x00007f7285e20000, 0x00007f728d120000)
 tenured generation   total 2401080K, used 2400986K [0x00007f7cf70a0000, 0x00007f7d8996e000, 0x00007f924c600000)
   the space 2401080K,  99% used [0x00007f7cf70a0000, 0x00007f7d89956b20, 0x00007f7d89956c00, 0x00007f7d8996e000)
 Metaspace       used 29859K, capacity 30263K, committed 30464K, reserved 30720K
}

Deoptimization events (20 events):
Event: 35.654 Thread 0x00007f9264018000 DEOPT PACKING pc=0x00007f924d4932ff sp=0x00007f926a893bf0
Event: 35.654 Thread 0x00007f9264018000 DEOPT UNPACKING pc=0x00007f924c7d333a sp=0x00007f926a893148 mode 0
Event: 35.667 Thread 0x00007f9264018000 DEOPT PACKING pc=0x00007f924d4932ff sp=0x00007f926a893bf0
Event: 35.667 Thread 0x00007f9264018000 DEOPT UNPACKING pc=0x00007f924c7d333a sp=0x00007f926a893148 mode 0
Event: 35.691 Thread 0x00007f9264018000 DEOPT PACKING pc=0x00007f924d4932ff sp=0x00007f926a893bf0
Event: 35.691 Thread 0x00007f9264018000 DEOPT UNPACKING pc=0x00007f924c7d333a sp=0x00007f926a893148 mode 0
Event: 36.878 Thread 0x00007f9264018000 Uncommon trap: trap_request=0xffffff45 fr.pc=0x00007f92543e156c relative=0x000000000000042c
Event: 36.878 Thread 0x00007f9264018000 Uncommon trap: reason=unstable_if action=reinterpret pc=0x00007f92543e156c method=ch.javasoft.math.BigFraction.valueOf(Ljava/math/BigInteger;Ljava/math/BigInteger;)Lch/javasoft/math/BigFraction; @ 42 c2
Event: 36.879 Thread 0x00007f9264018000 DEOPT PACKING pc=0x00007f92543e156c sp=0x00007f926a893d70
Event: 36.879 Thread 0x00007f9264018000 DEOPT UNPACKING pc=0x00007f924c7d2e25 sp=0x00007f926a893cc8 mode 2
Event: 36.886 Thread 0x00007f9264018000 DEOPT PACKING pc=0x00007f924d494dad sp=0x00007f926a893d30
Event: 36.886 Thread 0x00007f9264018000 DEOPT UNPACKING pc=0x00007f924c7d333a sp=0x00007f926a893218 mode 0
Event: 36.915 Thread 0x00007f9264018000 DEOPT PACKING pc=0x00007f924d494dad sp=0x00007f926a893d30
Event: 36.915 Thread 0x00007f9264018000 DEOPT UNPACKING pc=0x00007f924c7d333a sp=0x00007f926a893218 mode 0
Event: 36.927 Thread 0x00007f9264018000 DEOPT PACKING pc=0x00007f924d494dad sp=0x00007f926a893d30
Event: 36.927 Thread 0x00007f9264018000 DEOPT UNPACKING pc=0x00007f924c7d333a sp=0x00007f926a893218 mode 0
Event: 38.055 Thread 0x00007f9264018000 Uncommon trap: trap_request=0xffffff45 fr.pc=0x00007f92543d1db0 relative=0x0000000000000570
Event: 38.055 Thread 0x00007f9264018000 Uncommon trap: reason=unstable_if action=reinterpret pc=0x00007f92543d1db0 method=java.math.MutableBigInteger.divideOneWord(ILjava/math/MutableBigInteger;)I @ 321 c2
Event: 38.055 Thread 0x00007f9264018000 DEOPT PACKING pc=0x00007f92543d1db0 sp=0x00007f926a893d20
Event: 38.055 Thread 0x00007f9264018000 DEOPT UNPACKING pc=0x00007f924c7d2e25 sp=0x00007f926a893c88 mode 2

Classes unloaded (0 events):
No events

Classes redefined (0 events):
No events

Internal exceptions (20 events):
Event: 2.766 Thread 0x00007f9264018000 Exception <a 'java/lang/NoSuchMethodError'{0x00007f725196db20}: 'int java.lang.invoke.DirectMethodHandle$Holder.invokeVirtual(java.lang.Object, java.lang.Object, java.lang.Object, java.lang.Object)'> (0x00007f725196db20) 
thrown [src/hotspot/share/interpreter/linkResolver.cpp, line 766]
Event: 2.769 Thread 0x00007f9264018000 Exception <a 'java/lang/NoSuchMethodError'{0x00007f725197bc68}: 'java.lang.Object java.lang.invoke.DirectMethodHandle$Holder.invokeStatic(java.lang.Object, java.lang.Object, int, java.lang.Object)'> (0x00007f725197bc68) 
thrown [src/hotspot/share/interpreter/linkResolver.cpp, line 766]
Event: 2.769 Thread 0x00007f9264018000 Exception <a 'java/lang/NoSuchMethodError'{0x00007f7251984580}: 'java.lang.Object java.lang.invoke.Invokers$Holder.linkToTargetMethod(java.lang.Object, int, java.lang.Object, java.lang.Object)'> (0x00007f7251984580) 
thrown [src/hotspot/share/interpreter/linkResolver.cpp, line 766]
Event: 2.878 Thread 0x00007f9264018000 Exception <a 'java/lang/NoSuchMethodError'{0x00007f7251a7fd50}: 'java.lang.Object java.lang.invoke.DirectMethodHandle$Holder.invokeSpecial(java.lang.Object, java.lang.Object, java.lang.Object, java.lang.Object, java.lang.Object, java.lang.Object, java.lang.Object, java.lang.Object, java.lang.Object)'> (0x00007f7251a7fd50) 
thrown [src/hotspot/share/interpreter/linkResolver.cpp, line 766]
Event: 2.880 Thread 0x00007f9264018000 Exception <a 'java/lang/NoSuchMethodError'{0x00007f7251a84a78}: 'java.lang.Object java.lang.invoke.Invokers$Holder.linkToTargetMethod(java.lang.Object, java.lang.Object, java.lang.Object, java.lang.Object, java.lang.Object, java.lang.Object, java.lang.Object, java.lang.Object)'> (0x00007f7251a84a78) 
thrown [src/hotspot/share/interpreter/linkResolver.cpp, line 766]
Event: 2.900 Thread 0x00007f9264018000 Exception <a 'java/lang/NoSuchMethodError'{0x00007f7251b369f0}: 'java.lang.Object java.lang.invoke.Invokers$Holder.linkToTargetMethod(java.lang.Object, java.lang.Object, java.lang.Object, java.lang.Object, java.lang.Object, java.lang.Object, java.lang.Object)'> (0x00007f7251b369f0) 
thrown [src/hotspot/share/interpreter/linkResolver.cpp, line 766]
Event: 3.448 Thread 0x00007f9264018000 Implicit null exception at 0x00007f92542c8dc5 to 0x00007f92542c8f98
Event: 3.448 Thread 0x00007f9264018000 Implicit null exception at 0x00007f925427e70f to 0x00007f925427e779
Event: 4.119 Thread 0x00007f9264018000 Exception <a 'java/lang/NoSuchMethodError'{0x00007f72529528e0}: 'java.lang.Object java.lang.invoke.DirectMethodHandle$Holder.invokeSpecial(java.lang.Object, java.lang.Object, int, java.lang.Object, java.lang.Object)'> (0x00007f72529528e0) 
thrown [src/hotspot/share/interpreter/linkResolver.cpp, line 766]
Event: 4.137 Thread 0x00007f9264018000 Exception <a 'java/lang/NoSuchMethodError'{0x00007f725299d5d0}: 'java.lang.Object java.lang.invoke.Invokers$Holder.linkToTargetMethod(java.lang.Object, long, java.lang.Object)'> (0x00007f725299d5d0) 
thrown [src/hotspot/share/interpreter/linkResolver.cpp, line 766]
Event: 4.266 Thread 0x00007f92640a7000 Implicit null exception at 0x00007f92542a6ccc to 0x00007f92542a6d80
Event: 4.277 Thread 0x00007f9264018000 Exception <a 'java/lang/NoSuchMethodError'{0x00007f724c646330}: 'java.lang.Object java.lang.invoke.Invokers$Holder.invokeExact_MT(java.lang.Object, java.lang.Object, java.lang.Object, java.lang.Object, java.lang.Object, java.lang.Object)'> (0x00007f724c646330) 
thrown [src/hotspot/share/interpreter/linkResolver.cpp, line 766]
Event: 4.368 Thread 0x00007f9264018000 Exception <a 'java/lang/NoSuchMethodError'{0x00007f724c783f10}: 'int java.lang.invoke.DirectMethodHandle$Holder.invokeStatic(java.lang.Object, java.lang.Object, int)'> (0x00007f724c783f10) 
thrown [src/hotspot/share/interpreter/linkResolver.cpp, line 766]
Event: 4.528 Thread 0x00007f9264018000 Exception <a 'java/lang/NoSuchMethodError'{0x00007f724c9fa050}: 'int java.lang.invoke.DirectMethodHandle$Holder.invokeStatic(java.lang.Object, java.lang.Object, java.lang.Object, int)'> (0x00007f724c9fa050) 
thrown [src/hotspot/share/interpreter/linkResolver.cpp, line 766]
Event: 5.590 Thread 0x00007f9264018000 Exception <a 'java/lang/ClassNotFoundException'{0x00007f725472c6a0}: com/sun/org/apache/xerces/internal/impl/msg/spi/SAXMessagesProvider> (0x00007f725472c6a0) 
thrown [src/hotspot/share/classfile/systemDictionary.cpp, line 232]
Event: 6.486 Thread 0x00007f9264018000 Exception <a 'java/lang/NoSuchMethodError'{0x00007f7255d54328}: 'java.lang.Object java.lang.invoke.DirectMethodHandle$Holder.invokeStaticInit(java.lang.Object, java.lang.Object, java.lang.Object)'> (0x00007f7255d54328) 
thrown [src/hotspot/share/interpreter/linkResolver.cpp, line 766]
Event: 6.489 Thread 0x00007f9264018000 Exception <a 'java/lang/NoSuchMethodError'{0x00007f7255d5f2f0}: 'void java.lang.invoke.DirectMethodHandle$Holder.invokeStatic(java.lang.Object, java.lang.Object, java.lang.Object, java.lang.Object, java.lang.Object, java.lang.Object)'> (0x00007f7255d5f2f0) 
thrown [src/hotspot/share/interpreter/linkResolver.cpp, line 766]
Event: 6.513 Thread 0x00007f9264018000 Exception <a 'java/lang/NoSuchMethodError'{0x00007f7255d96fe8}: 'void java.lang.invoke.DirectMethodHandle$Holder.invokeStaticInit(java.lang.Object, java.lang.Object, java.lang.Object)'> (0x00007f7255d96fe8) 
thrown [src/hotspot/share/interpreter/linkResolver.cpp, line 766]
Event: 6.544 Thread 0x00007f9264018000 Exception <a 'java/net/UnknownHostException'{0x00007f7255db8310}> (0x00007f7255db8310) 
thrown [src/hotspot/share/prims/jni.cpp, line 598]
Event: 15.842 Thread 0x00007f9264018000 Implicit null exception at 0x00007f92543ee2b9 to 0x00007f92543ee345

Events (20 events):
Event: 45.279 Executing VM operation: GenCollectForAllocation done
Event: 45.675 Executing VM operation: GenCollectForAllocation
Event: 45.950 Executing VM operation: GenCollectForAllocation done
Event: 46.384 Executing VM operation: GenCollectForAllocation
Event: 46.674 Executing VM operation: GenCollectForAllocation done
Event: 47.110 Executing VM operation: GenCollectForAllocation
Event: 52.820 Executing VM operation: GenCollectForAllocation done
Event: 53.431 Executing VM operation: GenCollectForAllocation
Event: 53.851 Executing VM operation: GenCollectForAllocation done
Event: 54.366 Executing VM operation: GenCollectForAllocation
Event: 54.859 Executing VM operation: GenCollectForAllocation done
Event: 55.443 Executing VM operation: GenCollectForAllocation
Event: 55.892 Executing VM operation: GenCollectForAllocation done
Event: 56.468 Executing VM operation: GenCollectForAllocation
Event: 56.955 Executing VM operation: GenCollectForAllocation done
Event: 90.868 Executing VM operation: GenCollectForAllocation
Event: 93.758 Executing VM operation: GenCollectForAllocation done
Event: 146.208 Executing VM operation: GenCollectForAllocation
Event: 147.141 Executing VM operation: GenCollectForAllocation done
Event: 147.794 Executing VM operation: GenCollectForAllocation


Dynamic libraries:
55b040335000-55b040336000 r--p 00000000 07:32 4860                       /usr/lib/jvm/java-13-openjdk-amd64/bin/java
55b040336000-55b040337000 r-xp 00001000 07:32 4860                       /usr/lib/jvm/java-13-openjdk-amd64/bin/java
55b040337000-55b040338000 r--p 00002000 07:32 4860                       /usr/lib/jvm/java-13-openjdk-amd64/bin/java
55b040338000-55b040339000 r--p 00002000 07:32 4860                       /usr/lib/jvm/java-13-openjdk-amd64/bin/java
55b040339000-55b04033a000 rw-p 00003000 07:32 4860                       /usr/lib/jvm/java-13-openjdk-amd64/bin/java
55b041dc1000-55b041de2000 rw-p 00000000 00:00 0                          [heap]
7f7204000000-7f7204021000 rw-p 00000000 00:00 0 
7f7204021000-7f7208000000 ---p 00000000 00:00 0 
7f720c000000-7f720c021000 rw-p 00000000 00:00 0 
7f720c021000-7f7210000000 ---p 00000000 00:00 0 
7f7210000000-7f7210021000 rw-p 00000000 00:00 0 
7f7210021000-7f7214000000 ---p 00000000 00:00 0 
7f7214000000-7f7215988000 rw-p 00000000 00:00 0 
7f7215988000-7f7218000000 ---p 00000000 00:00 0 
7f7218000000-7f7218c17000 rw-p 00000000 00:00 0 
7f7218c17000-7f721c000000 ---p 00000000 00:00 0 
7f721c000000-7f721c021000 rw-p 00000000 00:00 0 
7f721c021000-7f7220000000 ---p 00000000 00:00 0 
7f7220000000-7f7220021000 rw-p 00000000 00:00 0 
7f7220021000-7f7224000000 ---p 00000000 00:00 0 
7f7224000000-7f7224021000 rw-p 00000000 00:00 0 
7f7224021000-7f7228000000 ---p 00000000 00:00 0 
7f7228000000-7f7228021000 rw-p 00000000 00:00 0 
7f7228021000-7f722c000000 ---p 00000000 00:00 0 
7f722c000000-7f722de70000 rw-p 00000000 00:00 0 
7f722de70000-7f7230000000 ---p 00000000 00:00 0 
7f7231354000-7f7231514000 rw-p 00000000 00:00 0 
7f7231514000-7f7231554000 ---p 00000000 00:00 0 
7f7231554000-7f7231754000 rw-p 00000000 00:00 0 
7f7231754000-7f7231954000 rw-p 00000000 00:00 0 
7f7231954000-7f7231b54000 rw-p 00000000 00:00 0 
7f7231b54000-7f7231fe9000 rw-p 00000000 00:00 0 
7f7231fe9000-7f723c5ff000 ---p 00000000 00:00 0 
7f723c5ff000-7f723c83f000 rw-p 00000000 00:00 0 
7f723c83f000-7f7241b54000 ---p 00000000 00:00 0 
7f7241b54000-7f7241fe9000 rw-p 00000000 00:00 0 
7f7241fe9000-7f724c5ff000 ---p 00000000 00:00 0 
7f724c5ff000-7f7294420000 rw-p 00000000 00:00 0 
7f7294420000-7f7cf70a0000 ---p 00000000 00:00 0 
7f7cf70a0000-7f7d8996e000 rw-p 00000000 00:00 0 
7f7dbe202000-7f924c600000 ---p 00000000 00:00 0 
7f924c78a000-7f924c9fa000 rwxp 00000000 00:00 0 
7f924c9fa000-7f924cd19000 ---p 00000000 00:00 0 
7f924cd19000-7f924d499000 rwxp 00000000 00:00 0 
7f924d499000-7f9254251000 ---p 00000000 00:00 0 
7f9254251000-7f92544c1000 rwxp 00000000 00:00 0 
7f92544c1000-7f925b78a000 ---p 00000000 00:00 0 
7f925b78a000-7f9264000000 r--s 00000000 07:32 5215                       /usr/lib/jvm/java-13-openjdk-amd64/lib/modules
7f9264000000-7f92647da000 rw-p 00000000 00:00 0 
7f92647da000-7f9268000000 ---p 00000000 00:00 0 
7f92681ac000-7f92681b0000 r--p 00000000 07:32 9178                       /usr/lib/x86_64-linux-gnu/libresolv-2.31.so
7f92681b0000-7f92681c0000 r-xp 00004000 07:32 9178                       /usr/lib/x86_64-linux-gnu/libresolv-2.31.so
7f92681c0000-7f92681c4000 r--p 00014000 07:32 9178                       /usr/lib/x86_64-linux-gnu/libresolv-2.31.so
7f92681c4000-7f92681c5000 r--p 00017000 07:32 9178                       /usr/lib/x86_64-linux-gnu/libresolv-2.31.so
7f92681c5000-7f92681c6000 rw-p 00018000 07:32 9178                       /usr/lib/x86_64-linux-gnu/libresolv-2.31.so
7f92681c6000-7f92681c8000 rw-p 00000000 00:00 0 
7f92681c8000-7f92681c9000 r--p 00000000 07:32 9105                       /usr/lib/x86_64-linux-gnu/libnss_dns-2.31.so
7f92681c9000-7f92681cd000 r-xp 00001000 07:32 9105                       /usr/lib/x86_64-linux-gnu/libnss_dns-2.31.so
7f92681cd000-7f92681ce000 r--p 00005000 07:32 9105                       /usr/lib/x86_64-linux-gnu/libnss_dns-2.31.so
7f92681ce000-7f92681cf000 r--p 00005000 07:32 9105                       /usr/lib/x86_64-linux-gnu/libnss_dns-2.31.so
7f92681cf000-7f92681d0000 rw-p 00006000 07:32 9105                       /usr/lib/x86_64-linux-gnu/libnss_dns-2.31.so
7f92681d0000-7f92681d2000 r--p 00000000 07:32 5202                       /usr/lib/jvm/java-13-openjdk-amd64/lib/libmanagement_ext.so
7f92681d2000-7f92681d5000 r-xp 00002000 07:32 5202                       /usr/lib/jvm/java-13-openjdk-amd64/lib/libmanagement_ext.so
7f92681d5000-7f92681d6000 r--p 00005000 07:32 5202                       /usr/lib/jvm/java-13-openjdk-amd64/lib/libmanagement_ext.so
7f92681d6000-7f92681d7000 ---p 00006000 07:32 5202                       /usr/lib/jvm/java-13-openjdk-amd64/lib/libmanagement_ext.so
7f92681d7000-7f92681d8000 r--p 00006000 07:32 5202                       /usr/lib/jvm/java-13-openjdk-amd64/lib/libmanagement_ext.so
7f92681d8000-7f92681d9000 rw-p 00007000 07:32 5202                       /usr/lib/jvm/java-13-openjdk-amd64/lib/libmanagement_ext.so
7f92681d9000-7f92681dc000 r--p 00000000 07:32 5200                       /usr/lib/jvm/java-13-openjdk-amd64/lib/libmanagement.so
7f92681dc000-7f92681dd000 r-xp 00003000 07:32 5200                       /usr/lib/jvm/java-13-openjdk-amd64/lib/libmanagement.so
7f92681dd000-7f92681de000 r--p 00004000 07:32 5200                       /usr/lib/jvm/java-13-openjdk-amd64/lib/libmanagement.so
7f92681de000-7f92681df000 r--p 00004000 07:32 5200                       /usr/lib/jvm/java-13-openjdk-amd64/lib/libmanagement.so
7f92681df000-7f92681e0000 rw-p 00005000 07:32 5200                       /usr/lib/jvm/java-13-openjdk-amd64/lib/libmanagement.so
7f92681e0000-7f92683e0000 rw-p 00000000 00:00 0 
7f92683e0000-7f92685e0000 rw-p 00000000 00:00 0 
7f92685e0000-7f92687e0000 rw-p 00000000 00:00 0 
7f92687e0000-7f9268b80000 rw-p 00000000 00:00 0 
7f9268b80000-7f9268d80000 rw-p 00000000 00:00 0 
7f9268d80000-7f9268f80000 rw-p 00000000 00:00 0 
7f9268f80000-7f9269180000 rw-p 00000000 00:00 0 
7f9269180000-7f92691b1000 rw-p 00000000 00:00 0 
7f92691b1000-7f92691b5000 r--p 00000000 07:32 5204                       /usr/lib/jvm/java-13-openjdk-amd64/lib/libnet.so
7f92691b5000-7f92691c3000 r-xp 00004000 07:32 5204                       /usr/lib/jvm/java-13-openjdk-amd64/lib/libnet.so
7f92691c3000-7f92691c7000 r--p 00012000 07:32 5204                       /usr/lib/jvm/java-13-openjdk-amd64/lib/libnet.so
7f92691c7000-7f92691c8000 r--p 00015000 07:32 5204                       /usr/lib/jvm/java-13-openjdk-amd64/lib/libnet.so
7f92691c8000-7f92691c9000 rw-p 00016000 07:32 5204                       /usr/lib/jvm/java-13-openjdk-amd64/lib/libnet.so
7f92691c9000-7f92691d0000 r--p 00000000 07:32 5205                       /usr/lib/jvm/java-13-openjdk-amd64/lib/libnio.so
7f92691d0000-7f92691d9000 r-xp 00007000 07:32 5205                       /usr/lib/jvm/java-13-openjdk-amd64/lib/libnio.so
7f92691d9000-7f92691dd000 r--p 00010000 07:32 5205                       /usr/lib/jvm/java-13-openjdk-amd64/lib/libnio.so
7f92691dd000-7f92691de000 r--p 00013000 07:32 5205                       /usr/lib/jvm/java-13-openjdk-amd64/lib/libnio.so
7f92691de000-7f92691df000 rw-p 00014000 07:32 5205                       /usr/lib/jvm/java-13-openjdk-amd64/lib/libnio.so
7f92691df000-7f92691e0000 ---p 00000000 00:00 0 
7f92691e0000-7f92692e1000 rw-p 00000000 00:00 0 
7f92692e1000-7f92692e5000 ---p 00000000 00:00 0 
7f92692e5000-7f92693e2000 rw-p 00000000 00:00 0 
7f92693e2000-7f92693e6000 ---p 00000000 00:00 0 
7f92693e6000-7f92694e3000 rw-p 00000000 00:00 0 
7f92694e3000-7f92694e7000 ---p 00000000 00:00 0 
7f92694e7000-7f92695e4000 rw-p 00000000 00:00 0 
7f92695e4000-7f92695e8000 ---p 00000000 00:00 0 
7f92695e8000-7f92696e5000 rw-p 00000000 00:00 0 
7f92696e5000-7f92696e9000 ---p 00000000 00:00 0 
7f92696e9000-7f92697e6000 rw-p 00000000 00:00 0 
7f92697e6000-7f92697ea000 ---p 00000000 00:00 0 
7f92697ea000-7f92698e7000 rw-p 00000000 00:00 0 
7f92698e7000-7f92698ee000 r--s 00000000 07:32 8532                       /usr/lib/x86_64-linux-gnu/gconv/gconv-modules.cache
7f92698ee000-7f9269920000 r--p 00000000 07:32 5276                       /usr/lib/locale/C.UTF-8/LC_CTYPE
7f9269920000-7f9269924000 ---p 00000000 00:00 0 
7f9269924000-7f9269a21000 rw-p 00000000 00:00 0 
7f9269a21000-7f9269a25000 ---p 00000000 00:00 0 
7f9269a25000-7f9269b22000 rw-p 00000000 00:00 0 
7f9269b22000-7f9269b23000 ---p 00000000 00:00 0 
7f9269b23000-7f926a541000 rw-p 00000000 00:00 0 
7f926a541000-7f926a546000 rw-p 00000000 00:00 0 
7f926a546000-7f926a62c000 ---p 00000000 00:00 0 
7f926a62c000-7f926a63b000 rw-p 00000000 00:00 0 
7f926a63b000-7f926a717000 ---p 00000000 00:00 0 
7f926a717000-7f926a71c000 rw-p 00000000 00:00 0 
7f926a71c000-7f926a723000 ---p 00000000 00:00 0 
7f926a723000-7f926a725000 r--p 00000000 07:32 5214                       /usr/lib/jvm/java-13-openjdk-amd64/lib/libzip.so
7f926a725000-7f926a729000 r-xp 00002000 07:32 5214                       /usr/lib/jvm/java-13-openjdk-amd64/lib/libzip.so
7f926a729000-7f926a72b000 r--p 00006000 07:32 5214                       /usr/lib/jvm/java-13-openjdk-amd64/lib/libzip.so
7f926a72b000-7f926a72c000 r--p 00007000 07:32 5214                       /usr/lib/jvm/java-13-openjdk-amd64/lib/libzip.so
7f926a72c000-7f926a72d000 rw-p 00008000 07:32 5214                       /usr/lib/jvm/java-13-openjdk-amd64/lib/libzip.so
7f926a72d000-7f926a735000 rw-s 00000000 08:03 34784699                   /tmp/hsperfdata_rcabanas/21956
7f926a735000-7f926a738000 r--p 00000000 07:32 9108                       /usr/lib/x86_64-linux-gnu/libnss_files-2.31.so
7f926a738000-7f926a73f000 r-xp 00003000 07:32 9108                       /usr/lib/x86_64-linux-gnu/libnss_files-2.31.so
7f926a73f000-7f926a741000 r--p 0000a000 07:32 9108                       /usr/lib/x86_64-linux-gnu/libnss_files-2.31.so
7f926a741000-7f926a742000 r--p 0000b000 07:32 9108                       /usr/lib/x86_64-linux-gnu/libnss_files-2.31.so
7f926a742000-7f926a743000 rw-p 0000c000 07:32 9108                       /usr/lib/x86_64-linux-gnu/libnss_files-2.31.so
7f926a743000-7f926a749000 rw-p 00000000 00:00 0 
7f926a74f000-7f926a751000 r--p 00000000 07:32 5195                       /usr/lib/jvm/java-13-openjdk-amd64/lib/libjimage.so
7f926a751000-7f926a754000 r-xp 00002000 07:32 5195                       /usr/lib/jvm/java-13-openjdk-amd64/lib/libjimage.so
7f926a754000-7f926a755000 r--p 00005000 07:32 5195                       /usr/lib/jvm/java-13-openjdk-amd64/lib/libjimage.so
7f926a755000-7f926a756000 ---p 00006000 07:32 5195                       /usr/lib/jvm/java-13-openjdk-amd64/lib/libjimage.so
7f926a756000-7f926a757000 r--p 00006000 07:32 5195                       /usr/lib/jvm/java-13-openjdk-amd64/lib/libjimage.so
7f926a757000-7f926a758000 rw-p 00007000 07:32 5195                       /usr/lib/jvm/java-13-openjdk-amd64/lib/libjimage.so
7f926a758000-7f926a765000 r--p 00000000 07:32 5191                       /usr/lib/jvm/java-13-openjdk-amd64/lib/libjava.so
7f926a765000-7f926a77a000 r-xp 0000d000 07:32 5191                       /usr/lib/jvm/java-13-openjdk-amd64/lib/libjava.so
7f926a77a000-7f926a780000 r--p 00022000 07:32 5191                       /usr/lib/jvm/java-13-openjdk-amd64/lib/libjava.so
7f926a780000-7f926a781000 ---p 00028000 07:32 5191                       /usr/lib/jvm/java-13-openjdk-amd64/lib/libjava.so
7f926a781000-7f926a782000 r--p 00028000 07:32 5191                       /usr/lib/jvm/java-13-openjdk-amd64/lib/libjava.so
7f926a782000-7f926a784000 rw-p 00029000 07:32 5191                       /usr/lib/jvm/java-13-openjdk-amd64/lib/libjava.so
7f926a784000-7f926a789000 r--p 00000000 07:32 5213                       /usr/lib/jvm/java-13-openjdk-amd64/lib/libverify.so
7f926a789000-7f926a790000 r-xp 00005000 07:32 5213                       /usr/lib/jvm/java-13-openjdk-amd64/lib/libverify.so
7f926a790000-7f926a792000 r--p 0000c000 07:32 5213                       /usr/lib/jvm/java-13-openjdk-amd64/lib/libverify.so
7f926a792000-7f926a793000 ---p 0000e000 07:32 5213                       /usr/lib/jvm/java-13-openjdk-amd64/lib/libverify.so
7f926a793000-7f926a795000 r--p 0000e000 07:32 5213                       /usr/lib/jvm/java-13-openjdk-amd64/lib/libverify.so
7f926a795000-7f926a796000 rw-p 00010000 07:32 5213                       /usr/lib/jvm/java-13-openjdk-amd64/lib/libverify.so
7f926a796000-7f926a79a000 ---p 00000000 00:00 0 
7f926a79a000-7f926a897000 rw-p 00000000 00:00 0 
7f926a897000-7f926a89a000 r--p 00000000 07:32 8948                       /usr/lib/x86_64-linux-gnu/libgcc_s.so.1
7f926a89a000-7f926a8ac000 r-xp 00003000 07:32 8948                       /usr/lib/x86_64-linux-gnu/libgcc_s.so.1
7f926a8ac000-7f926a8b0000 r--p 00015000 07:32 8948                       /usr/lib/x86_64-linux-gnu/libgcc_s.so.1
7f926a8b0000-7f926a8b1000 r--p 00018000 07:32 8948                       /usr/lib/x86_64-linux-gnu/libgcc_s.so.1
7f926a8b1000-7f926a8b2000 rw-p 00019000 07:32 8948                       /usr/lib/x86_64-linux-gnu/libgcc_s.so.1
7f926a8b2000-7f926a8bf000 r--p 00000000 07:32 9062                       /usr/lib/x86_64-linux-gnu/libm-2.31.so
7f926a8bf000-7f926a966000 r-xp 0000d000 07:32 9062                       /usr/lib/x86_64-linux-gnu/libm-2.31.so
7f926a966000-7f926a9ff000 r--p 000b4000 07:32 9062                       /usr/lib/x86_64-linux-gnu/libm-2.31.so
7f926a9ff000-7f926aa00000 r--p 0014c000 07:32 9062                       /usr/lib/x86_64-linux-gnu/libm-2.31.so
7f926aa00000-7f926aa01000 rw-p 0014d000 07:32 9062                       /usr/lib/x86_64-linux-gnu/libm-2.31.so
7f926aa01000-7f926aa97000 r--p 00000000 07:32 9213                       /usr/lib/x86_64-linux-gnu/libstdc++.so.6.0.28
7f926aa97000-7f926ab88000 r-xp 00096000 07:32 9213                       /usr/lib/x86_64-linux-gnu/libstdc++.so.6.0.28
7f926ab88000-7f926abd1000 r--p 00187000 07:32 9213                       /usr/lib/x86_64-linux-gnu/libstdc++.so.6.0.28
7f926abd1000-7f926abd2000 ---p 001d0000 07:32 9213                       /usr/lib/x86_64-linux-gnu/libstdc++.so.6.0.28
7f926abd2000-7f926abdd000 r--p 001d0000 07:32 9213                       /usr/lib/x86_64-linux-gnu/libstdc++.so.6.0.28
7f926abdd000-7f926abe0000 rw-p 001db000 07:32 9213                       /usr/lib/x86_64-linux-gnu/libstdc++.so.6.0.28
7f926abe0000-7f926abe3000 rw-p 00000000 00:00 0 
7f926abe3000-7f926ae69000 r--p 00000000 07:32 5226                       /usr/lib/jvm/java-13-openjdk-amd64/lib/server/libjvm.so
7f926ae69000-7f926bbe6000 r-xp 00286000 07:32 5226                       /usr/lib/jvm/java-13-openjdk-amd64/lib/server/libjvm.so
7f926bbe6000-7f926be61000 r--p 01003000 07:32 5226                       /usr/lib/jvm/java-13-openjdk-amd64/lib/server/libjvm.so
7f926be61000-7f926bf26000 r--p 0127d000 07:32 5226                       /usr/lib/jvm/java-13-openjdk-amd64/lib/server/libjvm.so
7f926bf26000-7f926bf61000 rw-p 01342000 07:32 5226                       /usr/lib/jvm/java-13-openjdk-amd64/lib/server/libjvm.so
7f926bf61000-7f926bfe7000 rw-p 00000000 00:00 0 
7f926bfe7000-7f926bfed000 r--p 00000000 07:32 9166                       /usr/lib/x86_64-linux-gnu/libpthread-2.31.so
7f926bfed000-7f926bffe000 r-xp 00006000 07:32 9166                       /usr/lib/x86_64-linux-gnu/libpthread-2.31.so
7f926bffe000-7f926c004000 r--p 00017000 07:32 9166                       /usr/lib/x86_64-linux-gnu/libpthread-2.31.so
7f926c004000-7f926c005000 r--p 0001c000 07:32 9166                       /usr/lib/x86_64-linux-gnu/libpthread-2.31.so
7f926c005000-7f926c006000 rw-p 0001d000 07:32 9166                       /usr/lib/x86_64-linux-gnu/libpthread-2.31.so
7f926c006000-7f926c00a000 rw-p 00000000 00:00 0 
7f926c00a000-7f926c00b000 r--p 00000000 07:32 8893                       /usr/lib/x86_64-linux-gnu/libdl-2.31.so
7f926c00b000-7f926c00d000 r-xp 00001000 07:32 8893                       /usr/lib/x86_64-linux-gnu/libdl-2.31.so
7f926c00d000-7f926c00e000 r--p 00003000 07:32 8893                       /usr/lib/x86_64-linux-gnu/libdl-2.31.so
7f926c00e000-7f926c00f000 r--p 00003000 07:32 8893                       /usr/lib/x86_64-linux-gnu/libdl-2.31.so
7f926c00f000-7f926c010000 rw-p 00004000 07:32 8893                       /usr/lib/x86_64-linux-gnu/libdl-2.31.so
7f926c010000-7f926c012000 r--p 00000000 07:32 9290                       /usr/lib/x86_64-linux-gnu/libz.so.1.2.11
7f926c012000-7f926c023000 r-xp 00002000 07:32 9290                       /usr/lib/x86_64-linux-gnu/libz.so.1.2.11
7f926c023000-7f926c029000 r--p 00013000 07:32 9290                       /usr/lib/x86_64-linux-gnu/libz.so.1.2.11
7f926c029000-7f926c02a000 ---p 00019000 07:32 9290                       /usr/lib/x86_64-linux-gnu/libz.so.1.2.11
7f926c02a000-7f926c02b000 r--p 00019000 07:32 9290                       /usr/lib/x86_64-linux-gnu/libz.so.1.2.11
7f926c02b000-7f926c02c000 rw-p 0001a000 07:32 9290                       /usr/lib/x86_64-linux-gnu/libz.so.1.2.11
7f926c02c000-7f926c04e000 r--p 00000000 07:32 8851                       /usr/lib/x86_64-linux-gnu/libc-2.31.so
7f926c04e000-7f926c1c6000 r-xp 00022000 07:32 8851                       /usr/lib/x86_64-linux-gnu/libc-2.31.so
7f926c1c6000-7f926c214000 r--p 0019a000 07:32 8851                       /usr/lib/x86_64-linux-gnu/libc-2.31.so
7f926c214000-7f926c218000 r--p 001e7000 07:32 8851                       /usr/lib/x86_64-linux-gnu/libc-2.31.so
7f926c218000-7f926c21a000 rw-p 001eb000 07:32 8851                       /usr/lib/x86_64-linux-gnu/libc-2.31.so
7f926c21a000-7f926c21e000 rw-p 00000000 00:00 0 
7f926c220000-7f926c222000 r--s 0000c000 07:32 20930                      /usr/share/java/java-atk-wrapper.jar
7f926c222000-7f926c223000 ---p 00000000 00:00 0 
7f926c223000-7f926c224000 r--p 00000000 00:00 0 
7f926c224000-7f926c227000 r--p 00000000 07:32 5196                       /usr/lib/jvm/java-13-openjdk-amd64/lib/libjli.so
7f926c227000-7f926c231000 r-xp 00003000 07:32 5196                       /usr/lib/jvm/java-13-openjdk-amd64/lib/libjli.so
7f926c231000-7f926c234000 r--p 0000d000 07:32 5196                       /usr/lib/jvm/java-13-openjdk-amd64/lib/libjli.so
7f926c234000-7f926c235000 r--p 0000f000 07:32 5196                       /usr/lib/jvm/java-13-openjdk-amd64/lib/libjli.so
7f926c235000-7f926c236000 rw-p 00010000 07:32 5196                       /usr/lib/jvm/java-13-openjdk-amd64/lib/libjli.so
7f926c236000-7f926c238000 rw-p 00000000 00:00 0 
7f926c238000-7f926c239000 r--p 00000000 07:32 8572                       /usr/lib/x86_64-linux-gnu/ld-2.31.so
7f926c239000-7f926c25c000 r-xp 00001000 07:32 8572                       /usr/lib/x86_64-linux-gnu/ld-2.31.so
7f926c25c000-7f926c264000 r--p 00024000 07:32 8572                       /usr/lib/x86_64-linux-gnu/ld-2.31.so
7f926c264000-7f926c265000 ---p 00000000 00:00 0 
7f926c265000-7f926c266000 r--p 0002c000 07:32 8572                       /usr/lib/x86_64-linux-gnu/ld-2.31.so
7f926c266000-7f926c267000 rw-p 0002d000 07:32 8572                       /usr/lib/x86_64-linux-gnu/ld-2.31.so
7f926c267000-7f926c268000 rw-p 00000000 00:00 0 
7fff389e7000-7fff38a08000 rw-p 00000000 00:00 0                          [stack]
7fff38b23000-7fff38b25000 r-xp 00000000 00:00 0                          [vdso]
ffffffffff600000-ffffffffff601000 r-xp 00000000 00:00 0                  [vsyscall]


VM Arguments:
jvm_args: -Xmx128g --add-modules=ALL-DEFAULT 
java_command: jdk.compiler/com.sun.tools.javac.launcher.Main /mnt/beegfs/rcabanas/dev/credici/papers/zeros/code/GenerateNparents.java -np 2 -nzr 1.0 -zdr 0.5 -o /mnt/beegfs/rcabanas/dev/credici/papers/zeros/models/s3 -rw -s 121 -ys 3
java_class_path (initial): /mnt/beegfs/rcabanas/dev/credici/target/credici-0.1.5-dev-SNAPSHOT-jar-with-dependencies.jar
Launcher Type: SUN_STANDARD

[Global flags]
     intx CICompilerCount                          = 2                                         {product} {ergonomic}
   size_t InitialHeapSize                          = 2147483648                                {product} {ergonomic}
   size_t MaxHeapSize                              = 137438953472                              {product} {command line}
   size_t MaxNewSize                               = 45812940800                               {product} {ergonomic}
   size_t MinHeapDeltaBytes                        = 196608                                    {product} {ergonomic}
   size_t MinHeapSize                              = 8388608                                   {product} {ergonomic}
   size_t NewSize                                  = 715784192                                 {product} {ergonomic}
    uintx NonNMethodCodeHeapSize                   = 5826188                                {pd product} {ergonomic}
    uintx NonProfiledCodeHeapSize                  = 122916026                              {pd product} {ergonomic}
   size_t OldSize                                  = 1431699456                                {product} {ergonomic}
    uintx ProfiledCodeHeapSize                     = 122916026                              {pd product} {ergonomic}
    uintx ReservedCodeCacheSize                    = 251658240                              {pd product} {ergonomic}
     bool SegmentedCodeCache                       = true                                      {product} {ergonomic}
   size_t SoftMaxHeapSize                          = 137438953472                           {manageable} {ergonomic}
     bool UseSerialGC                              = true                                      {product} {ergonomic}

Logging:
Log output configuration:
 #0: stdout all=warning uptime,level,tags
 #1: stderr all=off uptime,level,tags

Environment Variables:
PATH=/usr/local/sbin:/usr/local/bin:/usr/sbin:/usr/bin:/sbin:/bin
LD_LIBRARY_PATH=/.singularity.d/libs

Signal Handlers:
SIGSEGV: [libjvm.so+0xf8fcf0], sa_mask[0]=11111111011111111101111111111110, sa_flags=SA_RESTART|SA_SIGINFO
SIGBUS: [libjvm.so+0xf8fcf0], sa_mask[0]=11111111011111111101111111111110, sa_flags=SA_RESTART|SA_SIGINFO
SIGFPE: [libjvm.so+0xf8fcf0], sa_mask[0]=11111111011111111101111111111110, sa_flags=SA_RESTART|SA_SIGINFO
SIGPIPE: [libjvm.so+0xc3ffa0], sa_mask[0]=11111111011111111101111111111110, sa_flags=SA_RESTART|SA_SIGINFO
SIGXFSZ: [libjvm.so+0xc3ffa0], sa_mask[0]=11111111011111111101111111111110, sa_flags=SA_RESTART|SA_SIGINFO
SIGILL: [libjvm.so+0xf8fcf0], sa_mask[0]=11111111011111111101111111111110, sa_flags=SA_RESTART|SA_SIGINFO
SIGUSR2: [libjvm.so+0xc3fe40], sa_mask[0]=00000000000000000000000000000000, sa_flags=SA_RESTART|SA_SIGINFO
SIGHUP: [libjvm.so+0xc40580], sa_mask[0]=11111111011111111101111111111110, sa_flags=SA_RESTART|SA_SIGINFO
SIGINT: [libjvm.so+0xc40580], sa_mask[0]=11111111011111111101111111111110, sa_flags=SA_RESTART|SA_SIGINFO
SIGTERM: [libjvm.so+0xc40580], sa_mask[0]=11111111011111111101111111111110, sa_flags=SA_RESTART|SA_SIGINFO
SIGQUIT: [libjvm.so+0xc40580], sa_mask[0]=11111111011111111101111111111110, sa_flags=SA_RESTART|SA_SIGINFO


---------------  S Y S T E M  ---------------

OS:DISTRIB_ID=Ubuntu
DISTRIB_RELEASE=20.04
DISTRIB_CODENAME=focal
DISTRIB_DESCRIPTION="Ubuntu 20.04.4 LTS"
uname:Linux 3.10.0-1160.15.2.el7.x86_64 #1 SMP Wed Feb 3 15:06:38 UTC 2021 x86_64
OS uptime: 2 days 16:49 hours
libc:glibc 2.31 NPTL 2.31 
rlimit (soft/hard): STACK 8192k/infinity , CORE 0k/infinity , NPROC 4096/1030217 , NOFILE 131072/131072 , AS infinity/infinity , CPU infinity/infinity , DATA infinity/infinity , FSIZE infinity/infinity , MEMLOCK infinity/infinity
load average:64.82 65.89 63.83

/proc/meminfo:
MemTotal:       263895364 kB
MemFree:          650532 kB
MemAvailable:     166084 kB
Buffers:           81112 kB
Cached:           147172 kB
SwapCached:       337636 kB
Active:         246065772 kB
Inactive:        7766364 kB
Active(anon):   245966872 kB
Inactive(anon):  7665200 kB
Active(file):      98900 kB
Inactive(file):   101164 kB
Unevictable:       28280 kB
Mlocked:           28280 kB
SwapTotal:       4194300 kB
SwapFree:              0 kB
Dirty:               332 kB
Writeback:           164 kB
AnonPages:      253296828 kB
Mapped:            58136 kB
Shmem:             17316 kB
Slab:             708884 kB
SReclaimable:     146748 kB
SUnreclaim:       562136 kB
KernelStack:       52608 kB
PageTables:       598652 kB
NFS_Unstable:          0 kB
Bounce:                0 kB
WritebackTmp:          0 kB
CommitLimit:    136141980 kB
Committed_AS:   330104640 kB
VmallocTotal:   34359738367 kB
VmallocUsed:      863184 kB
VmallocChunk:   34222527036 kB
Percpu:            18176 kB
HardwareCorrupted:     0 kB
AnonHugePages:  139436032 kB
CmaTotal:              0 kB
CmaFree:               0 kB
HugePages_Total:       0
HugePages_Free:        0
HugePages_Rsvd:        0
HugePages_Surp:        0
Hugepagesize:       2048 kB
DirectMap4k:      636520 kB
DirectMap2M:    31731712 kB
DirectMap1G:    235929600 kB

/sys/kernel/mm/transparent_hugepage/enabled:
[always] madvise never

/sys/kernel/mm/transparent_hugepage/defrag (defrag/compaction efforts parameter):
[always] madvise never


/proc/sys/kernel/threads-max (system-wide limit on the number of threads):
2060435


/proc/sys/vm/max_map_count (maximum number of memory map areas a process may have):
65530


/proc/sys/kernel/pid_max (system-wide limit on number of process identifiers):
65536



Steal ticks since vm start: 0
Steal ticks percentage since vm start:  0.000

CPU:total 64 (initial active 1) (32 cores per cpu, 1 threads per core) family 23 model 49 stepping 0, cmov, cx8, fxsr, mmx, sse, sse2, sse3, ssse3, sse4.1, sse4.2, popcnt, avx, avx2, aes, clmul, mmxext, 3dnowpref, lzcnt, sse4a, tsc, tscinvbit, tscinv, bmi1, bmi2, adx, sha, fma
CPU Model and flags from /proc/cpuinfo:
model name	: AMD EPYC 7542 32-Core Processor
flags		: fpu vme de pse tsc msr pae mce cx8 apic sep mtrr pge mca cmov pat pse36 clflush mmx fxsr sse sse2 ht syscall nx mmxext fxsr_opt pdpe1gb rdtscp lm constant_tsc art rep_good nopl nonstop_tsc extd_apicid aperfmperf eagerfpu pni pclmulqdq monitor ssse3 fma cx16 sse4_1 sse4_2 movbe popcnt aes xsave avx f16c rdrand lahf_lm cmp_legacy svm extapic cr8_legacy abm sse4a misalignsse 3dnowprefetch osvw ibs skinit wdt tce topoext perfctr_core perfctr_nb bpext perfctr_l2 cpb cat_l3 cdp_l3 hw_pstate sme retpoline_amd ssbd ibrs ibpb stibp vmmcall fsgsbase bmi1 avx2 smep bmi2 cqm rdt_a rdseed adx smap clflushopt clwb sha_ni xsaveopt xsavec xgetbv1 cqm_llc cqm_occup_llc cqm_mbm_total cqm_mbm_local clzero irperf xsaveerptr arat npt lbrv svm_lock nrip_save tsc_scale vmcb_clean flushbyasid decodeassists pausefilter pfthreshold avic v_vmsave_vmload vgif umip overflow_recov succor smca
Online cpus:0-63
Offline cpus:
BIOS frequency limitation:2900000
Frequency switch latency (ns):0
Available cpu frequencies:2900000 2400000 1500000 
Current governor:conservative
Core performance/turbo boost:1

Memory: 4k page, physical 263895364k(674072k free), swap 4194300k(0k free)

vm_info: OpenJDK 64-Bit Server VM (13.0.7+5-Ubuntu-0ubuntu120.04) for linux-amd64 JRE (13.0.7+5-Ubuntu-0ubuntu120.04), built on Apr 21 2021 05:36:19 by "unknown" with gcc 9.3.0

END.
