#
# There is insufficient memory for the Java Runtime Environment to continue.
# Native memory allocation (mmap) failed to map 3351224320 bytes for committing reserved memory.
# Possible reasons:
#   The system is out of physical RAM or swap space
# Possible solutions:
#   Reduce memory load on the system
#   Increase physical memory or swap space
#   Check if swap backing store is full
#   Decrease Java heap size (-Xmx/-Xms)
#   Decrease number of Java threads
#   Decrease Java thread stack sizes (-Xss)
#   Set larger code cache with -XX:ReservedCodeCacheSize=
# This output file may be truncated or incomplete.
#
#  Out of Memory Error (os_linux.cpp:2899), pid=18967, tid=18969
#
# JRE version: OpenJDK Runtime Environment (13.0.7+5) (build 13.0.7+5-Ubuntu-0ubuntu120.04)
# Java VM: OpenJDK 64-Bit Server VM (13.0.7+5-Ubuntu-0ubuntu120.04, mixed mode, tiered, serial gc, linux-amd64)
# No core dump will be written. Core dumps have been disabled. To enable core dumping, try "ulimit -c unlimited" before starting Java again
#

---------------  S U M M A R Y ------------

Command Line: -Xmx128g --add-modules=ALL-DEFAULT jdk.compiler/com.sun.tools.javac.launcher.Main /mnt/beegfs/rcabanas/dev/credici/papers/zeros/code/GenerateNparents.java -np 2 -nzr 1.0 -zdr 0.5 -o /mnt/beegfs/rcabanas/dev/credici/papers/zeros/models/s3 -rw -s 130 -ys 3

Host: AMD EPYC 7542 32-Core Processor, 64 cores, 251G, Ubuntu 20.04.4 LTS
Time: Mon Oct 14 13:20:24 2024 CEST elapsed time: 414.328749 seconds (0d 0h 6m 54s)

---------------  T H R E A D  ---------------

Current thread (0x00007f2354097800):  VMThread "VM Thread" [stack: 0x00007f2359ce6000,0x00007f2359de6000] [id=18969]

Stack: [0x00007f2359ce6000,0x00007f2359de6000],  sp=0x00007f2359de4160,  free space=1016k
Native frames: (J=compiled Java code, A=aot compiled Java code, j=interpreted, Vv=VM code, C=native code)
V  [libjvm.so+0xf8f092]
V  [libjvm.so+0xf8fc91]
V  [libjvm.so+0x66ee5a]
V  [libjvm.so+0xc44a41]
V  [libjvm.so+0xc3b263]
V  [libjvm.so+0xf87f4b]
V  [libjvm.so+0x557506]
V  [libjvm.so+0x557723]
V  [libjvm.so+0xf18b0c]
V  [libjvm.so+0x557e65]
V  [libjvm.so+0x7e2edb]
V  [libjvm.so+0x7e39bd]
V  [libjvm.so+0x7d8b48]
V  [libjvm.so+0xf90940]
V  [libjvm.so+0xf96657]
V  [libjvm.so+0xf96d2b]
V  [libjvm.so+0xf9706a]
V  [libjvm.so+0xf2208f]
V  [libjvm.so+0xc493ff]

VM_Operation (0x00007f235aa55af0): GenCollectForAllocation, mode: safepoint, requested by thread 0x00007f2354018000


---------------  P R O C E S S  ---------------

Threads class SMR info:
_java_thread_list=0x00007f2354136260, length=9, elements={
0x00007f2354018000, 0x00007f23540a3800, 0x00007f23540a7000, 0x00007f23540cb000,
0x00007f23540cd000, 0x00007f23540cf000, 0x00007f23540d1000, 0x00007f23540d3000,
0x00007f2354135000
}

Java Threads: ( => current thread )
  0x00007f2354018000 JavaThread "main" [_thread_blocked, id=18968, stack(0x00007f235a958000,0x00007f235aa59000)]
  0x00007f23540a3800 JavaThread "Reference Handler" daemon [_thread_blocked, id=18970, stack(0x00007f2359be3000,0x00007f2359ce4000)]
  0x00007f23540a7000 JavaThread "Finalizer" daemon [_thread_blocked, id=18971, stack(0x00007f2359ae2000,0x00007f2359be3000)]
  0x00007f23540cb000 JavaThread "Signal Dispatcher" daemon [_thread_blocked, id=18972, stack(0x00007f23599a8000,0x00007f2359aa9000)]
  0x00007f23540cd000 JavaThread "Service Thread" daemon [_thread_blocked, id=18973, stack(0x00007f23598a7000,0x00007f23599a8000)]
  0x00007f23540cf000 JavaThread "C2 CompilerThread0" daemon [_thread_blocked, id=18974, stack(0x00007f23597a6000,0x00007f23598a7000)]
  0x00007f23540d1000 JavaThread "C1 CompilerThread0" daemon [_thread_blocked, id=18975, stack(0x00007f23596a5000,0x00007f23597a6000)]
  0x00007f23540d3000 JavaThread "Sweeper thread" daemon [_thread_blocked, id=18976, stack(0x00007f23595a4000,0x00007f23596a5000)]
  0x00007f2354135000 JavaThread "Common-Cleaner" daemon [_thread_blocked, id=18977, stack(0x00007f23594a3000,0x00007f23595a4000)]

Other Threads:
=>0x00007f2354097800 VMThread "VM Thread" [stack: 0x00007f2359ce6000,0x00007f2359de6000] [id=18969]
  0x00007f2354181800 WatcherThread [stack: 0x00007f23593a3000,0x00007f23594a3000] [id=18978]

Threads with active compile tasks:

VM state:at safepoint (normal execution)

VM Mutex/Monitor currently owned by a thread:  ([mutex/lock_event])
[0x00007f23540140d0] Threads_lock - owner thread: 0x00007f2354097800
[0x00007f2354014cd0] Heap_lock - owner thread: 0x00007f2354018000

Heap:
 def new generation   total 2162304K, used 11436K [0x00007f033c600000, 0x00007f03cf030000, 0x00007f0de70a0000)
  eden space 1922112K,   0% used [0x00007f033c600000, 0x00007f033d12b090, 0x00007f03b1b10000)
  from space 240192K,   0% used [0x00007f03c05a0000, 0x00007f03c05a0000, 0x00007f03cf030000)
  to   space 240192K,   0% used [0x00007f03b1b10000, 0x00007f03b1b10000, 0x00007f03c05a0000)
 tenured generation   total 4909016K, used 4909015K [0x00007f0de70a0000, 0x00007f0f12a96000, 0x00007f233c600000)
   the space 4909016K,  99% used [0x00007f0de70a0000, 0x00007f0f12a95fd8, 0x00007f0f12a96000, 0x00007f0f12a96000)
 Metaspace       used 29908K, capacity 30333K, committed 30464K, reserved 30720K

Card table byte_map: [0x00007f032c5ff000,0x00007f033c600000] _byte_map_base: 0x00007ec3aac1c000

Polling page: 0x00007f235c3e4000

Metaspace:

Usage:
   29.62 MB capacity,    29.21 MB ( 99%) used,   320.10 KB (  1%) free+waste,   104.25 KB ( <1%) overhead. 

Virtual space:
     30.00 MB reserved,      29.75 MB (>99%) committed 

Chunk freelists:
115.00 KB

MaxMetaspaceSize: unlimited


CodeHeap 'non-profiled nmethods': size=120036Kb used=1814Kb max_used=1814Kb free=118221Kb
 bounds [0x00007f2344251000, 0x00007f23444c1000, 0x00007f234b78a000]
CodeHeap 'profiled nmethods': size=120032Kb used=7970Kb max_used=7970Kb free=112061Kb
 bounds [0x00007f233cd19000, 0x00007f233d4e9000, 0x00007f2344251000]
CodeHeap 'non-nmethods': size=5692Kb used=1250Kb max_used=1300Kb free=4442Kb
 bounds [0x00007f233c78a000, 0x00007f233c9fa000, 0x00007f233cd19000]
 total_blobs=4437 nmethods=3908 adapters=444
 compilation: enabled
              stopped_count=0, restarted_count=0
 full_count=0

Compilation events (20 events):
Event: 140.484 Thread 0x00007f23540cf000 3948       4       ch.javasoft.metabolic.efm.memory.incore.InCoreMemory::getColumnCount (10 bytes)
Event: 140.495 Thread 0x00007f23540cf000 nmethod 3948 0x00007f234440e210 code [0x00007f234440e380, 0x00007f234440e3f8]
Event: 344.110 Thread 0x00007f23540d1000 3949       3       ch.javasoft.metabolic.efm.adj.incore.tree.UnaryLeaf::addAdjacentPairs (147 bytes)
Event: 344.121 Thread 0x00007f23540d1000 nmethod 3949 0x00007f233d4da310 code [0x00007f233d4da580, 0x00007f233d4db470]
Event: 344.122 Thread 0x00007f23540d1000 3950       3       ch.javasoft.metabolic.efm.adj.incore.tree.UnaryLeaf::addAdjacentPairs (154 bytes)
Event: 344.125 Thread 0x00007f23540d1000 nmethod 3950 0x00007f233d4db910 code [0x00007f233d4dbee0, 0x00007f233d4deea0]
Event: 344.138 Thread 0x00007f23540cf000 3953       4       ch.javasoft.metabolic.efm.adj.incore.tree.UnaryLeaf::addAdjacentPairs (147 bytes)
Event: 344.148 Thread 0x00007f23540d1000 3951       3       ch.javasoft.metabolic.efm.column.AdjCandidates::<init> (39 bytes)
Event: 344.149 Thread 0x00007f23540d1000 nmethod 3951 0x00007f233d4e0010 code [0x00007f233d4e0200, 0x00007f233d4e08d0]
Event: 344.258 Thread 0x00007f23540cf000 nmethod 3953 0x00007f234440e510 code [0x00007f234440e7c0, 0x00007f2344410500]
Event: 344.258 Thread 0x00007f23540cf000 3952       4       ch.javasoft.metabolic.efm.adj.incore.tree.UnaryLeaf::addAdjacentPairs (154 bytes)
Event: 344.320 Thread 0x00007f23540cf000 nmethod 3952 0x00007f2344411e10 code [0x00007f2344412060, 0x00007f2344413198]
Event: 344.321 Thread 0x00007f23540cf000 3954       4       ch.javasoft.metabolic.efm.column.AdjCandidates::<init> (39 bytes)
Event: 344.324 Thread 0x00007f23540cf000 nmethod 3954 0x00007f2344414290 code [0x00007f2344414420, 0x00007f2344414838]
Event: 381.227 Thread 0x00007f23540cf000 3955       4       ch.javasoft.math.BigFraction::isOne (25 bytes)
Event: 381.230 Thread 0x00007f23540cf000 nmethod 3955 0x00007f2344414a10 code [0x00007f2344414b80, 0x00007f2344414c98]
Event: 381.230 Thread 0x00007f23540d1000 3956       3       ch.javasoft.math.BigFraction::divide (99 bytes)
Event: 381.231 Thread 0x00007f23540d1000 nmethod 3956 0x00007f233d4e0b90 code [0x00007f233d4e0e00, 0x00007f233d4e1750]
Event: 381.242 Thread 0x00007f23540cf000 3957       4       ch.javasoft.math.BigFraction::divide (99 bytes)
Event: 381.276 Thread 0x00007f23540cf000 nmethod 3957 0x00007f2344414e10 code [0x00007f2344415040, 0x00007f2344415e98]

GC Heap History (20 events):
Event: 372.934 GC heap after
{Heap after GC invocations=53 (full 4):
 def new generation   total 2162304K, used 163693K [0x00007f033c600000, 0x00007f03cf030000, 0x00007f0de70a0000)
  eden space 1922112K,   0% used [0x00007f033c600000, 0x00007f033c600000, 0x00007f03b1b10000)
  from space 240192K,  68% used [0x00007f03b1b10000, 0x00007f03bbaeb790, 0x00007f03c05a0000)
  to   space 240192K,   0% used [0x00007f03c05a0000, 0x00007f03c05a0000, 0x00007f03cf030000)
 tenured generation   total 4804952K, used 3367386K [0x00007f0de70a0000, 0x00007f0f0c4f6000, 0x00007f233c600000)
   the space 4804952K,  70% used [0x00007f0de70a0000, 0x00007f0eb4916b28, 0x00007f0eb4916c00, 0x00007f0f0c4f6000)
 Metaspace       used 29908K, capacity 30333K, committed 30464K, reserved 30720K
}
Event: 374.468 GC heap before
{Heap before GC invocations=53 (full 4):
 def new generation   total 2162304K, used 2085805K [0x00007f033c600000, 0x00007f03cf030000, 0x00007f0de70a0000)
  eden space 1922112K, 100% used [0x00007f033c600000, 0x00007f03b1b10000, 0x00007f03b1b10000)
  from space 240192K,  68% used [0x00007f03b1b10000, 0x00007f03bbaeb790, 0x00007f03c05a0000)
  to   space 240192K,   0% used [0x00007f03c05a0000, 0x00007f03c05a0000, 0x00007f03cf030000)
 tenured generation   total 4804952K, used 3367386K [0x00007f0de70a0000, 0x00007f0f0c4f6000, 0x00007f233c600000)
   the space 4804952K,  70% used [0x00007f0de70a0000, 0x00007f0eb4916b28, 0x00007f0eb4916c00, 0x00007f0f0c4f6000)
 Metaspace       used 29908K, capacity 30333K, committed 30464K, reserved 30720K
}
Event: 375.630 GC heap after
{Heap after GC invocations=54 (full 4):
 def new generation   total 2162304K, used 210529K [0x00007f033c600000, 0x00007f03cf030000, 0x00007f0de70a0000)
  eden space 1922112K,   0% used [0x00007f033c600000, 0x00007f033c600000, 0x00007f03b1b10000)
  from space 240192K,  87% used [0x00007f03c05a0000, 0x00007f03cd338490, 0x00007f03cf030000)
  to   space 240192K,   0% used [0x00007f03b1b10000, 0x00007f03b1b10000, 0x00007f03c05a0000)
 tenured generation   total 4804952K, used 3531080K [0x00007f0de70a0000, 0x00007f0f0c4f6000, 0x00007f233c600000)
   the space 4804952K,  73% used [0x00007f0de70a0000, 0x00007f0ebe8f2208, 0x00007f0ebe8f2400, 0x00007f0f0c4f6000)
 Metaspace       used 29908K, capacity 30333K, committed 30464K, reserved 30720K
}
Event: 376.983 GC heap before
{Heap before GC invocations=54 (full 4):
 def new generation   total 2162304K, used 2132641K [0x00007f033c600000, 0x00007f03cf030000, 0x00007f0de70a0000)
  eden space 1922112K, 100% used [0x00007f033c600000, 0x00007f03b1b10000, 0x00007f03b1b10000)
  from space 240192K,  87% used [0x00007f03c05a0000, 0x00007f03cd338490, 0x00007f03cf030000)
  to   space 240192K,   0% used [0x00007f03b1b10000, 0x00007f03b1b10000, 0x00007f03c05a0000)
 tenured generation   total 4804952K, used 3531080K [0x00007f0de70a0000, 0x00007f0f0c4f6000, 0x00007f233c600000)
   the space 4804952K,  73% used [0x00007f0de70a0000, 0x00007f0ebe8f2208, 0x00007f0ebe8f2400, 0x00007f0f0c4f6000)
 Metaspace       used 29908K, capacity 30333K, committed 30464K, reserved 30720K
}
Event: 378.072 GC heap after
{Heap after GC invocations=55 (full 4):
 def new generation   total 2162304K, used 185049K [0x00007f033c600000, 0x00007f03cf030000, 0x00007f0de70a0000)
  eden space 1922112K,   0% used [0x00007f033c600000, 0x00007f033c600000, 0x00007f03b1b10000)
  from space 240192K,  77% used [0x00007f03b1b10000, 0x00007f03bcfc6680, 0x00007f03c05a0000)
  to   space 240192K,   0% used [0x00007f03c05a0000, 0x00007f03c05a0000, 0x00007f03cf030000)
 tenured generation   total 4804952K, used 3741609K [0x00007f0de70a0000, 0x00007f0f0c4f6000, 0x00007f233c600000)
   the space 4804952K,  77% used [0x00007f0de70a0000, 0x00007f0ecb68a558, 0x00007f0ecb68a600, 0x00007f0f0c4f6000)
 Metaspace       used 29908K, capacity 30333K, committed 30464K, reserved 30720K
}
Event: 379.418 GC heap before
{Heap before GC invocations=55 (full 4):
 def new generation   total 2162304K, used 2107161K [0x00007f033c600000, 0x00007f03cf030000, 0x00007f0de70a0000)
  eden space 1922112K, 100% used [0x00007f033c600000, 0x00007f03b1b10000, 0x00007f03b1b10000)
  from space 240192K,  77% used [0x00007f03b1b10000, 0x00007f03bcfc6680, 0x00007f03c05a0000)
  to   space 240192K,   0% used [0x00007f03c05a0000, 0x00007f03c05a0000, 0x00007f03cf030000)
 tenured generation   total 4804952K, used 3741609K [0x00007f0de70a0000, 0x00007f0f0c4f6000, 0x00007f233c600000)
   the space 4804952K,  77% used [0x00007f0de70a0000, 0x00007f0ecb68a558, 0x00007f0ecb68a600, 0x00007f0f0c4f6000)
 Metaspace       used 29908K, capacity 30333K, committed 30464K, reserved 30720K
}
Event: 380.392 GC heap after
{Heap after GC invocations=56 (full 4):
 def new generation   total 2162304K, used 162453K [0x00007f033c600000, 0x00007f03cf030000, 0x00007f0de70a0000)
  eden space 1922112K,   0% used [0x00007f033c600000, 0x00007f033c600000, 0x00007f03b1b10000)
  from space 240192K,  67% used [0x00007f03c05a0000, 0x00007f03ca445730, 0x00007f03cf030000)
  to   space 240192K,   0% used [0x00007f03b1b10000, 0x00007f03b1b10000, 0x00007f03c05a0000)
 tenured generation   total 4804952K, used 3926658K [0x00007f0de70a0000, 0x00007f0f0c4f6000, 0x00007f233c600000)
   the space 4804952K,  81% used [0x00007f0de70a0000, 0x00007f0ed6b40af8, 0x00007f0ed6b40c00, 0x00007f0f0c4f6000)
 Metaspace       used 29908K, capacity 30333K, committed 30464K, reserved 30720K
}
Event: 381.668 GC heap before
{Heap before GC invocations=56 (full 4):
 def new generation   total 2162304K, used 2084565K [0x00007f033c600000, 0x00007f03cf030000, 0x00007f0de70a0000)
  eden space 1922112K, 100% used [0x00007f033c600000, 0x00007f03b1b10000, 0x00007f03b1b10000)
  from space 240192K,  67% used [0x00007f03c05a0000, 0x00007f03ca445730, 0x00007f03cf030000)
  to   space 240192K,   0% used [0x00007f03b1b10000, 0x00007f03b1b10000, 0x00007f03c05a0000)
 tenured generation   total 4804952K, used 3926658K [0x00007f0de70a0000, 0x00007f0f0c4f6000, 0x00007f233c600000)
   the space 4804952K,  81% used [0x00007f0de70a0000, 0x00007f0ed6b40af8, 0x00007f0ed6b40c00, 0x00007f0f0c4f6000)
 Metaspace       used 29908K, capacity 30333K, committed 30464K, reserved 30720K
}
Event: 382.705 GC heap after
{Heap after GC invocations=57 (full 4):
 def new generation   total 2162304K, used 163117K [0x00007f033c600000, 0x00007f03cf030000, 0x00007f0de70a0000)
  eden space 1922112K,   0% used [0x00007f033c600000, 0x00007f033c600000, 0x00007f03b1b10000)
  from space 240192K,  67% used [0x00007f03b1b10000, 0x00007f03bba5b570, 0x00007f03c05a0000)
  to   space 240192K,   0% used [0x00007f03c05a0000, 0x00007f03c05a0000, 0x00007f03cf030000)
 tenured generation   total 4804952K, used 4089112K [0x00007f0de70a0000, 0x00007f0f0c4f6000, 0x00007f233c600000)
   the space 4804952K,  85% used [0x00007f0de70a0000, 0x00007f0ee09e6018, 0x00007f0ee09e6200, 0x00007f0f0c4f6000)
 Metaspace       used 29908K, capacity 30333K, committed 30464K, reserved 30720K
}
Event: 383.976 GC heap before
{Heap before GC invocations=57 (full 4):
 def new generation   total 2162304K, used 2085229K [0x00007f033c600000, 0x00007f03cf030000, 0x00007f0de70a0000)
  eden space 1922112K, 100% used [0x00007f033c600000, 0x00007f03b1b10000, 0x00007f03b1b10000)
  from space 240192K,  67% used [0x00007f03b1b10000, 0x00007f03bba5b570, 0x00007f03c05a0000)
  to   space 240192K,   0% used [0x00007f03c05a0000, 0x00007f03c05a0000, 0x00007f03cf030000)
 tenured generation   total 4804952K, used 4089112K [0x00007f0de70a0000, 0x00007f0f0c4f6000, 0x00007f233c600000)
   the space 4804952K,  85% used [0x00007f0de70a0000, 0x00007f0ee09e6018, 0x00007f0ee09e6200, 0x00007f0f0c4f6000)
 Metaspace       used 29908K, capacity 30333K, committed 30464K, reserved 30720K
}
Event: 384.977 GC heap after
{Heap after GC invocations=58 (full 4):
 def new generation   total 2162304K, used 163675K [0x00007f033c600000, 0x00007f03cf030000, 0x00007f0de70a0000)
  eden space 1922112K,   0% used [0x00007f033c600000, 0x00007f033c600000, 0x00007f03b1b10000)
  from space 240192K,  68% used [0x00007f03c05a0000, 0x00007f03ca576cf0, 0x00007f03cf030000)
  to   space 240192K,   0% used [0x00007f03b1b10000, 0x00007f03b1b10000, 0x00007f03c05a0000)
 tenured generation   total 4804952K, used 4252228K [0x00007f0de70a0000, 0x00007f0f0c4f6000, 0x00007f233c600000)
   the space 4804952K,  88% used [0x00007f0de70a0000, 0x00007f0eea9313a8, 0x00007f0eea931400, 0x00007f0f0c4f6000)
 Metaspace       used 29908K, capacity 30333K, committed 30464K, reserved 30720K
}
Event: 386.383 GC heap before
{Heap before GC invocations=58 (full 4):
 def new generation   total 2162304K, used 2085787K [0x00007f033c600000, 0x00007f03cf030000, 0x00007f0de70a0000)
  eden space 1922112K, 100% used [0x00007f033c600000, 0x00007f03b1b10000, 0x00007f03b1b10000)
  from space 240192K,  68% used [0x00007f03c05a0000, 0x00007f03ca576cf0, 0x00007f03cf030000)
  to   space 240192K,   0% used [0x00007f03b1b10000, 0x00007f03b1b10000, 0x00007f03c05a0000)
 tenured generation   total 4804952K, used 4252228K [0x00007f0de70a0000, 0x00007f0f0c4f6000, 0x00007f233c600000)
   the space 4804952K,  88% used [0x00007f0de70a0000, 0x00007f0eea9313a8, 0x00007f0eea931400, 0x00007f0f0c4f6000)
 Metaspace       used 29908K, capacity 30333K, committed 30464K, reserved 30720K
}
Event: 387.380 GC heap after
{Heap after GC invocations=59 (full 4):
 def new generation   total 2162304K, used 163389K [0x00007f033c600000, 0x00007f03cf030000, 0x00007f0de70a0000)
  eden space 1922112K,   0% used [0x00007f033c600000, 0x00007f033c600000, 0x00007f03b1b10000)
  from space 240192K,  68% used [0x00007f03b1b10000, 0x00007f03bba9f5d0, 0x00007f03c05a0000)
  to   space 240192K,   0% used [0x00007f03c05a0000, 0x00007f03c05a0000, 0x00007f03cf030000)
 tenured generation   total 4804952K, used 4415903K [0x00007f0de70a0000, 0x00007f0f0c4f6000, 0x00007f233c600000)
   the space 4804952K,  91% used [0x00007f0de70a0000, 0x00007f0ef4907d98, 0x00007f0ef4907e00, 0x00007f0f0c4f6000)
 Metaspace       used 29908K, capacity 30333K, committed 30464K, reserved 30720K
}
Event: 388.898 GC heap before
{Heap before GC invocations=59 (full 4):
 def new generation   total 2162304K, used 2085501K [0x00007f033c600000, 0x00007f03cf030000, 0x00007f0de70a0000)
  eden space 1922112K, 100% used [0x00007f033c600000, 0x00007f03b1b10000, 0x00007f03b1b10000)
  from space 240192K,  68% used [0x00007f03b1b10000, 0x00007f03bba9f5d0, 0x00007f03c05a0000)
  to   space 240192K,   0% used [0x00007f03c05a0000, 0x00007f03c05a0000, 0x00007f03cf030000)
 tenured generation   total 4804952K, used 4415903K [0x00007f0de70a0000, 0x00007f0f0c4f6000, 0x00007f233c600000)
   the space 4804952K,  91% used [0x00007f0de70a0000, 0x00007f0ef4907d98, 0x00007f0ef4907e00, 0x00007f0f0c4f6000)
 Metaspace       used 29908K, capacity 30333K, committed 30464K, reserved 30720K
}
Event: 389.897 GC heap after
{Heap after GC invocations=60 (full 4):
 def new generation   total 2162304K, used 164296K [0x00007f033c600000, 0x00007f03cf030000, 0x00007f0de70a0000)
  eden space 1922112K,   0% used [0x00007f033c600000, 0x00007f033c600000, 0x00007f03b1b10000)
  from space 240192K,  68% used [0x00007f03c05a0000, 0x00007f03ca612280, 0x00007f03cf030000)
  to   space 240192K,   0% used [0x00007f03b1b10000, 0x00007f03b1b10000, 0x00007f03c05a0000)
 tenured generation   total 4804952K, used 4579292K [0x00007f0de70a0000, 0x00007f0f0c4f6000, 0x00007f233c600000)
   the space 4804952K,  95% used [0x00007f0de70a0000, 0x00007f0efe897128, 0x00007f0efe897200, 0x00007f0f0c4f6000)
 Metaspace       used 29908K, capacity 30333K, committed 30464K, reserved 30720K
}
Event: 391.483 GC heap before
{Heap before GC invocations=60 (full 4):
 def new generation   total 2162304K, used 2086408K [0x00007f033c600000, 0x00007f03cf030000, 0x00007f0de70a0000)
  eden space 1922112K, 100% used [0x00007f033c600000, 0x00007f03b1b10000, 0x00007f03b1b10000)
  from space 240192K,  68% used [0x00007f03c05a0000, 0x00007f03ca612280, 0x00007f03cf030000)
  to   space 240192K,   0% used [0x00007f03b1b10000, 0x00007f03b1b10000, 0x00007f03c05a0000)
 tenured generation   total 4804952K, used 4579292K [0x00007f0de70a0000, 0x00007f0f0c4f6000, 0x00007f233c600000)
   the space 4804952K,  95% used [0x00007f0de70a0000, 0x00007f0efe897128, 0x00007f0efe897200, 0x00007f0f0c4f6000)
 Metaspace       used 29908K, capacity 30333K, committed 30464K, reserved 30720K
}
Event: 392.465 GC heap after
{Heap after GC invocations=61 (full 4):
 def new generation   total 2162304K, used 165386K [0x00007f033c600000, 0x00007f03cf030000, 0x00007f0de70a0000)
  eden space 1922112K,   0% used [0x00007f033c600000, 0x00007f033c600000, 0x00007f03b1b10000)
  from space 240192K,  68% used [0x00007f03b1b10000, 0x00007f03bbc92920, 0x00007f03c05a0000)
  to   space 240192K,   0% used [0x00007f03c05a0000, 0x00007f03c05a0000, 0x00007f03cf030000)
 tenured generation   total 4804952K, used 4743588K [0x00007f0de70a0000, 0x00007f0f0c4f6000, 0x00007f233c600000)
   the space 4804952K,  98% used [0x00007f0de70a0000, 0x00007f0f089090a8, 0x00007f0f08909200, 0x00007f0f0c4f6000)
 Metaspace       used 29908K, capacity 30333K, committed 30464K, reserved 30720K
}
Event: 393.851 GC heap before
{Heap before GC invocations=61 (full 4):
 def new generation   total 2162304K, used 2087498K [0x00007f033c600000, 0x00007f03cf030000, 0x00007f0de70a0000)
  eden space 1922112K, 100% used [0x00007f033c600000, 0x00007f03b1b10000, 0x00007f03b1b10000)
  from space 240192K,  68% used [0x00007f03b1b10000, 0x00007f03bbc92920, 0x00007f03c05a0000)
  to   space 240192K,   0% used [0x00007f03c05a0000, 0x00007f03c05a0000, 0x00007f03cf030000)
 tenured generation   total 4804952K, used 4743588K [0x00007f0de70a0000, 0x00007f0f0c4f6000, 0x00007f233c600000)
   the space 4804952K,  98% used [0x00007f0de70a0000, 0x00007f0f089090a8, 0x00007f0f08909200, 0x00007f0f0c4f6000)
 Metaspace       used 29908K, capacity 30333K, committed 30464K, reserved 30720K
}
Event: 395.556 GC heap after
{Heap after GC invocations=62 (full 4):
 def new generation   total 2162304K, used 199894K [0x00007f033c600000, 0x00007f03cf030000, 0x00007f0de70a0000)
  eden space 1922112K,   0% used [0x00007f033c600000, 0x00007f033c600000, 0x00007f03b1b10000)
  from space 240192K,  83% used [0x00007f03c05a0000, 0x00007f03cc8d5ab0, 0x00007f03cf030000)
  to   space 240192K,   0% used [0x00007f03b1b10000, 0x00007f03b1b10000, 0x00007f03c05a0000)
 tenured generation   total 4909016K, used 4908973K [0x00007f0de70a0000, 0x00007f0f12a96000, 0x00007f233c600000)
   the space 4909016K,  99% used [0x00007f0de70a0000, 0x00007f0f12a8b7b8, 0x00007f0f12a8b800, 0x00007f0f12a96000)
 Metaspace       used 29908K, capacity 30333K, committed 30464K, reserved 30720K
}
Event: 395.556 GC heap before
{Heap before GC invocations=62 (full 4):
 def new generation   total 2162304K, used 199894K [0x00007f033c600000, 0x00007f03cf030000, 0x00007f0de70a0000)
  eden space 1922112K,   0% used [0x00007f033c600000, 0x00007f033c600000, 0x00007f03b1b10000)
  from space 240192K,  83% used [0x00007f03c05a0000, 0x00007f03cc8d5ab0, 0x00007f03cf030000)
  to   space 240192K,   0% used [0x00007f03b1b10000, 0x00007f03b1b10000, 0x00007f03c05a0000)
 tenured generation   total 4909016K, used 4908973K [0x00007f0de70a0000, 0x00007f0f12a96000, 0x00007f233c600000)
   the space 4909016K,  99% used [0x00007f0de70a0000, 0x00007f0f12a8b7b8, 0x00007f0f12a8b800, 0x00007f0f12a96000)
 Metaspace       used 29908K, capacity 30333K, committed 30464K, reserved 30720K
}

Deoptimization events (20 events):
Event: 113.709 Thread 0x00007f2354018000 Uncommon trap: trap_request=0xffffff45 fr.pc=0x00007f23443ea324 relative=0x00000000000016c4
Event: 113.709 Thread 0x00007f2354018000 Uncommon trap: reason=unstable_if action=reinterpret pc=0x00007f23443ea324 method=java.math.MutableBigInteger.binaryGCD(Ljava/math/MutableBigInteger;)Ljava/math/MutableBigInteger; @ 211 c2
Event: 113.709 Thread 0x00007f2354018000 DEOPT PACKING pc=0x00007f23443ea324 sp=0x00007f235aa55c40
Event: 113.710 Thread 0x00007f2354018000 DEOPT UNPACKING pc=0x00007f233c7d2e25 sp=0x00007f235aa55be8 mode 2
Event: 119.314 Thread 0x00007f2354018000 DEOPT PACKING pc=0x00007f233d4a86de sp=0x00007f235aa55f20
Event: 119.314 Thread 0x00007f2354018000 DEOPT UNPACKING pc=0x00007f233c7d333a sp=0x00007f235aa553c8 mode 0
Event: 119.894 Thread 0x00007f2354018000 DEOPT PACKING pc=0x00007f233d4d6b54 sp=0x00007f235aa55be0
Event: 119.894 Thread 0x00007f2354018000 DEOPT UNPACKING pc=0x00007f233c7d333a sp=0x00007f235aa55190 mode 0
Event: 344.079 Thread 0x00007f2354018000 Uncommon trap: trap_request=0xffffff45 fr.pc=0x00007f23443d2ea8 relative=0x0000000000000748
Event: 344.092 Thread 0x00007f2354018000 Uncommon trap: reason=unstable_if action=reinterpret pc=0x00007f23443d2ea8 method=ch.javasoft.metabolic.efm.adj.incore.tree.UnaryLeaf.addAdjacentPairs(Ljava/lang/Object;Lch/javasoft/metabolic/efm/adj/incore/tree/Root;Lch/javasoft/metabolic/efm/memory/Sort
Event: 344.095 Thread 0x00007f2354018000 DEOPT PACKING pc=0x00007f23443d2ea8 sp=0x00007f235aa54fb0
Event: 344.099 Thread 0x00007f2354018000 DEOPT UNPACKING pc=0x00007f233c7d2e25 sp=0x00007f235aa54f48 mode 2
Event: 344.101 Thread 0x00007f2354018000 Uncommon trap: trap_request=0xffffff45 fr.pc=0x00007f23443a76f4 relative=0x0000000000000794
Event: 344.101 Thread 0x00007f2354018000 Uncommon trap: reason=unstable_if action=reinterpret pc=0x00007f23443a76f4 method=ch.javasoft.metabolic.efm.adj.incore.tree.UnaryLeaf.addAdjacentPairs(Ljava/lang/Object;Lch/javasoft/metabolic/efm/adj/incore/tree/Root;Lch/javasoft/metabolic/efm/memory/Sort
Event: 344.101 Thread 0x00007f2354018000 DEOPT PACKING pc=0x00007f23443a76f4 sp=0x00007f235aa55020
Event: 344.101 Thread 0x00007f2354018000 DEOPT UNPACKING pc=0x00007f233c7d2e25 sp=0x00007f235aa55000 mode 2
Event: 381.227 Thread 0x00007f2354018000 Uncommon trap: trap_request=0xffffff45 fr.pc=0x00007f23443739e8 relative=0x0000000000000a28
Event: 381.227 Thread 0x00007f2354018000 Uncommon trap: reason=unstable_if action=reinterpret pc=0x00007f23443739e8 method=ch.javasoft.math.BigFraction.divide(Lch/javasoft/math/BigFraction;)Lch/javasoft/math/BigFraction; @ 38 c2
Event: 381.227 Thread 0x00007f2354018000 DEOPT PACKING pc=0x00007f23443739e8 sp=0x00007f235aa55cc0
Event: 381.227 Thread 0x00007f2354018000 DEOPT UNPACKING pc=0x00007f233c7d2e25 sp=0x00007f235aa55c88 mode 2

Classes unloaded (0 events):
No events

Classes redefined (0 events):
No events

Internal exceptions (20 events):
Event: 2.132 Thread 0x00007f2354018000 Implicit null exception at 0x00007f23442ab65d to 0x00007f23442ac210
Event: 2.149 Thread 0x00007f2354018000 Exception <a 'java/lang/NoSuchMethodError'{0x00007f033f23e410}: 'int java.lang.invoke.DirectMethodHandle$Holder.invokeSpecial(java.lang.Object, java.lang.Object, java.lang.Object, java.lang.Object, java.lang.Object)'> (0x00007f033f23e410) 
thrown [src/hotspot/share/interpreter/linkResolver.cpp, line 766]
Event: 2.293 Thread 0x00007f2354018000 Exception <a 'java/lang/NoSuchMethodError'{0x00007f033f655220}: 'java.lang.Object java.lang.invoke.DirectMethodHandle$Holder.invokeStatic(java.lang.Object, java.lang.Object, int, int)'> (0x00007f033f655220) 
thrown [src/hotspot/share/interpreter/linkResolver.cpp, line 766]
Event: 3.046 Thread 0x00007f2354018000 Exception <a 'java/lang/NoSuchMethodError'{0x00007f03419698c0}: 'int java.lang.invoke.DirectMethodHandle$Holder.invokeVirtual(java.lang.Object, java.lang.Object, java.lang.Object, java.lang.Object)'> (0x00007f03419698c0) 
thrown [src/hotspot/share/interpreter/linkResolver.cpp, line 766]
Event: 3.062 Thread 0x00007f2354018000 Exception <a 'java/lang/NoSuchMethodError'{0x00007f0341977a08}: 'java.lang.Object java.lang.invoke.DirectMethodHandle$Holder.invokeStatic(java.lang.Object, java.lang.Object, int, java.lang.Object)'> (0x00007f0341977a08) 
thrown [src/hotspot/share/interpreter/linkResolver.cpp, line 766]
Event: 3.063 Thread 0x00007f2354018000 Exception <a 'java/lang/NoSuchMethodError'{0x00007f0341980320}: 'java.lang.Object java.lang.invoke.Invokers$Holder.linkToTargetMethod(java.lang.Object, int, java.lang.Object, java.lang.Object)'> (0x00007f0341980320) 
thrown [src/hotspot/share/interpreter/linkResolver.cpp, line 766]
Event: 3.199 Thread 0x00007f2354018000 Exception <a 'java/lang/NoSuchMethodError'{0x00007f0341a7baf0}: 'java.lang.Object java.lang.invoke.DirectMethodHandle$Holder.invokeSpecial(java.lang.Object, java.lang.Object, java.lang.Object, java.lang.Object, java.lang.Object, java.lang.Object, java.lang.Object, java.lang.Object, java.lang.Object)'> (0x00007f0341a7baf0) 
thrown [src/hotspot/share/interpreter/linkResolver.cpp, line 766]
Event: 3.201 Thread 0x00007f2354018000 Exception <a 'java/lang/NoSuchMethodError'{0x00007f0341a80818}: 'java.lang.Object java.lang.invoke.Invokers$Holder.linkToTargetMethod(java.lang.Object, java.lang.Object, java.lang.Object, java.lang.Object, java.lang.Object, java.lang.Object, java.lang.Object, java.lang.Object)'> (0x00007f0341a80818) 
thrown [src/hotspot/share/interpreter/linkResolver.cpp, line 766]
Event: 3.242 Thread 0x00007f2354018000 Exception <a 'java/lang/NoSuchMethodError'{0x00007f0341b32790}: 'java.lang.Object java.lang.invoke.Invokers$Holder.linkToTargetMethod(java.lang.Object, java.lang.Object, java.lang.Object, java.lang.Object, java.lang.Object, java.lang.Object, java.lang.Object)'> (0x00007f0341b32790) 
thrown [src/hotspot/share/interpreter/linkResolver.cpp, line 766]
Event: 4.324 Thread 0x00007f2354018000 Exception <a 'java/lang/NoSuchMethodError'{0x00007f034294d750}: 'java.lang.Object java.lang.invoke.DirectMethodHandle$Holder.invokeSpecial(java.lang.Object, java.lang.Object, int, java.lang.Object, java.lang.Object)'> (0x00007f034294d750) 
thrown [src/hotspot/share/interpreter/linkResolver.cpp, line 766]
Event: 4.350 Thread 0x00007f2354018000 Exception <a 'java/lang/NoSuchMethodError'{0x00007f0342998440}: 'java.lang.Object java.lang.invoke.Invokers$Holder.linkToTargetMethod(java.lang.Object, long, java.lang.Object)'> (0x00007f0342998440) 
thrown [src/hotspot/share/interpreter/linkResolver.cpp, line 766]
Event: 4.537 Thread 0x00007f23540a7000 Implicit null exception at 0x00007f23442a724c to 0x00007f23442a7300
Event: 4.548 Thread 0x00007f2354018000 Exception <a 'java/lang/NoSuchMethodError'{0x00007f033c6689f8}: 'java.lang.Object java.lang.invoke.Invokers$Holder.invokeExact_MT(java.lang.Object, java.lang.Object, java.lang.Object, java.lang.Object, java.lang.Object, java.lang.Object)'> (0x00007f033c6689f8) 
thrown [src/hotspot/share/interpreter/linkResolver.cpp, line 766]
Event: 4.660 Thread 0x00007f2354018000 Exception <a 'java/lang/NoSuchMethodError'{0x00007f033c7a6510}: 'int java.lang.invoke.DirectMethodHandle$Holder.invokeStatic(java.lang.Object, java.lang.Object, int)'> (0x00007f033c7a6510) 
thrown [src/hotspot/share/interpreter/linkResolver.cpp, line 766]
Event: 4.827 Thread 0x00007f2354018000 Exception <a 'java/lang/NoSuchMethodError'{0x00007f033ca1bfa0}: 'int java.lang.invoke.DirectMethodHandle$Holder.invokeStatic(java.lang.Object, java.lang.Object, java.lang.Object, int)'> (0x00007f033ca1bfa0) 
thrown [src/hotspot/share/interpreter/linkResolver.cpp, line 766]
Event: 6.023 Thread 0x00007f2354018000 Exception <a 'java/lang/ClassNotFoundException'{0x00007f03447ffe80}: com/sun/org/apache/xerces/internal/impl/msg/spi/SAXMessagesProvider> (0x00007f03447ffe80) 
thrown [src/hotspot/share/classfile/systemDictionary.cpp, line 232]
Event: 6.937 Thread 0x00007f2354018000 Exception <a 'java/lang/NoSuchMethodError'{0x00007f0345e37d10}: 'java.lang.Object java.lang.invoke.DirectMethodHandle$Holder.invokeStaticInit(java.lang.Object, java.lang.Object, java.lang.Object)'> (0x00007f0345e37d10) 
thrown [src/hotspot/share/interpreter/linkResolver.cpp, line 766]
Event: 6.954 Thread 0x00007f2354018000 Exception <a 'java/lang/NoSuchMethodError'{0x00007f0345e42cd8}: 'void java.lang.invoke.DirectMethodHandle$Holder.invokeStatic(java.lang.Object, java.lang.Object, java.lang.Object, java.lang.Object, java.lang.Object, java.lang.Object)'> (0x00007f0345e42cd8) 
thrown [src/hotspot/share/interpreter/linkResolver.cpp, line 766]
Event: 6.962 Thread 0x00007f2354018000 Exception <a 'java/lang/NoSuchMethodError'{0x00007f0345e7a9d0}: 'void java.lang.invoke.DirectMethodHandle$Holder.invokeStaticInit(java.lang.Object, java.lang.Object, java.lang.Object)'> (0x00007f0345e7a9d0) 
thrown [src/hotspot/share/interpreter/linkResolver.cpp, line 766]
Event: 6.990 Thread 0x00007f2354018000 Exception <a 'java/net/UnknownHostException'{0x00007f0345e9bcf8}> (0x00007f0345e9bcf8) 
thrown [src/hotspot/share/prims/jni.cpp, line 598]

Events (20 events):
Event: 370.730 Executing VM operation: GenCollectForAllocation done
Event: 372.064 Executing VM operation: GenCollectForAllocation
Event: 372.934 Executing VM operation: GenCollectForAllocation done
Event: 374.468 Executing VM operation: GenCollectForAllocation
Event: 375.630 Executing VM operation: GenCollectForAllocation done
Event: 376.983 Executing VM operation: GenCollectForAllocation
Event: 378.072 Executing VM operation: GenCollectForAllocation done
Event: 379.417 Executing VM operation: GenCollectForAllocation
Event: 380.392 Executing VM operation: GenCollectForAllocation done
Event: 381.668 Executing VM operation: GenCollectForAllocation
Event: 382.705 Executing VM operation: GenCollectForAllocation done
Event: 383.975 Executing VM operation: GenCollectForAllocation
Event: 384.977 Executing VM operation: GenCollectForAllocation done
Event: 386.383 Executing VM operation: GenCollectForAllocation
Event: 387.380 Executing VM operation: GenCollectForAllocation done
Event: 388.898 Executing VM operation: GenCollectForAllocation
Event: 389.897 Executing VM operation: GenCollectForAllocation done
Event: 391.483 Executing VM operation: GenCollectForAllocation
Event: 392.465 Executing VM operation: GenCollectForAllocation done
Event: 393.851 Executing VM operation: GenCollectForAllocation


Dynamic libraries:
561423fc2000-561423fc3000 r--p 00000000 07:3b 4860                       /usr/lib/jvm/java-13-openjdk-amd64/bin/java
561423fc3000-561423fc4000 r-xp 00001000 07:3b 4860                       /usr/lib/jvm/java-13-openjdk-amd64/bin/java
561423fc4000-561423fc5000 r--p 00002000 07:3b 4860                       /usr/lib/jvm/java-13-openjdk-amd64/bin/java
561423fc5000-561423fc6000 r--p 00002000 07:3b 4860                       /usr/lib/jvm/java-13-openjdk-amd64/bin/java
561423fc6000-561423fc7000 rw-p 00003000 07:3b 4860                       /usr/lib/jvm/java-13-openjdk-amd64/bin/java
561424d80000-561424da1000 rw-p 00000000 00:00 0                          [heap]
7f02f4000000-7f02f4021000 rw-p 00000000 00:00 0 
7f02f4021000-7f02f8000000 ---p 00000000 00:00 0 
7f02f8000000-7f02f9a31000 rw-p 00000000 00:00 0 
7f02f9a31000-7f02fc000000 ---p 00000000 00:00 0 
7f02fc000000-7f02fc021000 rw-p 00000000 00:00 0 
7f02fc021000-7f0300000000 ---p 00000000 00:00 0 
7f0300000000-7f0300021000 rw-p 00000000 00:00 0 
7f0300021000-7f0304000000 ---p 00000000 00:00 0 
7f0304000000-7f0306020000 rw-p 00000000 00:00 0 
7f0306020000-7f0308000000 ---p 00000000 00:00 0 
7f0308000000-7f030896c000 rw-p 00000000 00:00 0 
7f030896c000-7f030c000000 ---p 00000000 00:00 0 
7f030c000000-7f030c021000 rw-p 00000000 00:00 0 
7f030c021000-7f0310000000 ---p 00000000 00:00 0 
7f0310000000-7f0310021000 rw-p 00000000 00:00 0 
7f0310021000-7f0314000000 ---p 00000000 00:00 0 
7f0314000000-7f0314021000 rw-p 00000000 00:00 0 
7f0314021000-7f0318000000 ---p 00000000 00:00 0 
7f0318000000-7f0318021000 rw-p 00000000 00:00 0 
7f0318021000-7f031c000000 ---p 00000000 00:00 0 
7f031c000000-7f0320000000 rw-p 00000000 00:00 0 
7f0321554000-7f0321714000 rw-p 00000000 00:00 0 
7f0321714000-7f0321754000 ---p 00000000 00:00 0 
7f0321754000-7f0321954000 rw-p 00000000 00:00 0 
7f0321954000-7f0321b54000 rw-p 00000000 00:00 0 
7f0321b54000-7f03224b1000 rw-p 00000000 00:00 0 
7f03224b1000-7f032c5ff000 ---p 00000000 00:00 0 
7f032c5ff000-7f032ca95000 rw-p 00000000 00:00 0 
7f032ca95000-7f0331b54000 ---p 00000000 00:00 0 
7f0331b54000-7f03324b2000 rw-p 00000000 00:00 0 
7f03324b2000-7f033c5ff000 ---p 00000000 00:00 0 
7f033c5ff000-7f03cf030000 rw-p 00000000 00:00 0 
7f03cf030000-7f0de70a0000 ---p 00000000 00:00 0 
7f0de70a0000-7f0f12a96000 rw-p 00000000 00:00 0 
7f0fda690000-7f233c600000 ---p 00000000 00:00 0 
7f233c78a000-7f233c9fa000 rwxp 00000000 00:00 0 
7f233c9fa000-7f233cd19000 ---p 00000000 00:00 0 
7f233cd19000-7f233d4e9000 rwxp 00000000 00:00 0 
7f233d4e9000-7f2344251000 ---p 00000000 00:00 0 
7f2344251000-7f23444c1000 rwxp 00000000 00:00 0 
7f23444c1000-7f234b78a000 ---p 00000000 00:00 0 
7f234b78a000-7f2354000000 r--s 00000000 07:3b 5215                       /usr/lib/jvm/java-13-openjdk-amd64/lib/modules
7f2354000000-7f2354824000 rw-p 00000000 00:00 0 
7f2354824000-7f2358000000 ---p 00000000 00:00 0 
7f235816e000-7f2358172000 r--p 00000000 07:3b 9178                       /usr/lib/x86_64-linux-gnu/libresolv-2.31.so
7f2358172000-7f2358182000 r-xp 00004000 07:3b 9178                       /usr/lib/x86_64-linux-gnu/libresolv-2.31.so
7f2358182000-7f2358186000 r--p 00014000 07:3b 9178                       /usr/lib/x86_64-linux-gnu/libresolv-2.31.so
7f2358186000-7f2358187000 r--p 00017000 07:3b 9178                       /usr/lib/x86_64-linux-gnu/libresolv-2.31.so
7f2358187000-7f2358188000 rw-p 00018000 07:3b 9178                       /usr/lib/x86_64-linux-gnu/libresolv-2.31.so
7f2358188000-7f235818a000 rw-p 00000000 00:00 0 
7f235818a000-7f235818b000 r--p 00000000 07:3b 9105                       /usr/lib/x86_64-linux-gnu/libnss_dns-2.31.so
7f235818b000-7f235818f000 r-xp 00001000 07:3b 9105                       /usr/lib/x86_64-linux-gnu/libnss_dns-2.31.so
7f235818f000-7f2358190000 r--p 00005000 07:3b 9105                       /usr/lib/x86_64-linux-gnu/libnss_dns-2.31.so
7f2358190000-7f2358191000 r--p 00005000 07:3b 9105                       /usr/lib/x86_64-linux-gnu/libnss_dns-2.31.so
7f2358191000-7f2358192000 rw-p 00006000 07:3b 9105                       /usr/lib/x86_64-linux-gnu/libnss_dns-2.31.so
7f2358192000-7f2358194000 r--p 00000000 07:3b 5202                       /usr/lib/jvm/java-13-openjdk-amd64/lib/libmanagement_ext.so
7f2358194000-7f2358197000 r-xp 00002000 07:3b 5202                       /usr/lib/jvm/java-13-openjdk-amd64/lib/libmanagement_ext.so
7f2358197000-7f2358198000 r--p 00005000 07:3b 5202                       /usr/lib/jvm/java-13-openjdk-amd64/lib/libmanagement_ext.so
7f2358198000-7f2358199000 ---p 00006000 07:3b 5202                       /usr/lib/jvm/java-13-openjdk-amd64/lib/libmanagement_ext.so
7f2358199000-7f235819a000 r--p 00006000 07:3b 5202                       /usr/lib/jvm/java-13-openjdk-amd64/lib/libmanagement_ext.so
7f235819a000-7f235819b000 rw-p 00007000 07:3b 5202                       /usr/lib/jvm/java-13-openjdk-amd64/lib/libmanagement_ext.so
7f235819b000-7f235819e000 r--p 00000000 07:3b 5200                       /usr/lib/jvm/java-13-openjdk-amd64/lib/libmanagement.so
7f235819e000-7f235819f000 r-xp 00003000 07:3b 5200                       /usr/lib/jvm/java-13-openjdk-amd64/lib/libmanagement.so
7f235819f000-7f23581a0000 r--p 00004000 07:3b 5200                       /usr/lib/jvm/java-13-openjdk-amd64/lib/libmanagement.so
7f23581a0000-7f23581a1000 r--p 00004000 07:3b 5200                       /usr/lib/jvm/java-13-openjdk-amd64/lib/libmanagement.so
7f23581a1000-7f23581a2000 rw-p 00005000 07:3b 5200                       /usr/lib/jvm/java-13-openjdk-amd64/lib/libmanagement.so
7f23581a2000-7f23583a2000 rw-p 00000000 00:00 0 
7f23583a2000-7f23585a2000 rw-p 00000000 00:00 0 
7f23585a2000-7f23587a2000 rw-p 00000000 00:00 0 
7f23587a2000-7f23589a2000 rw-p 00000000 00:00 0 
7f23589a2000-7f2358d42000 rw-p 00000000 00:00 0 
7f2358d42000-7f2358f42000 rw-p 00000000 00:00 0 
7f2358f42000-7f2359142000 rw-p 00000000 00:00 0 
7f2359142000-7f2359342000 rw-p 00000000 00:00 0 
7f2359342000-7f2359373000 rw-p 00000000 00:00 0 
7f2359373000-7f2359377000 r--p 00000000 07:3b 5204                       /usr/lib/jvm/java-13-openjdk-amd64/lib/libnet.so
7f2359377000-7f2359385000 r-xp 00004000 07:3b 5204                       /usr/lib/jvm/java-13-openjdk-amd64/lib/libnet.so
7f2359385000-7f2359389000 r--p 00012000 07:3b 5204                       /usr/lib/jvm/java-13-openjdk-amd64/lib/libnet.so
7f2359389000-7f235938a000 r--p 00015000 07:3b 5204                       /usr/lib/jvm/java-13-openjdk-amd64/lib/libnet.so
7f235938a000-7f235938b000 rw-p 00016000 07:3b 5204                       /usr/lib/jvm/java-13-openjdk-amd64/lib/libnet.so
7f235938b000-7f2359392000 r--p 00000000 07:3b 5205                       /usr/lib/jvm/java-13-openjdk-amd64/lib/libnio.so
7f2359392000-7f235939b000 r-xp 00007000 07:3b 5205                       /usr/lib/jvm/java-13-openjdk-amd64/lib/libnio.so
7f235939b000-7f235939f000 r--p 00010000 07:3b 5205                       /usr/lib/jvm/java-13-openjdk-amd64/lib/libnio.so
7f235939f000-7f23593a0000 r--p 00013000 07:3b 5205                       /usr/lib/jvm/java-13-openjdk-amd64/lib/libnio.so
7f23593a0000-7f23593a1000 rw-p 00014000 07:3b 5205                       /usr/lib/jvm/java-13-openjdk-amd64/lib/libnio.so
7f23593a1000-7f23593a2000 ---p 00000000 00:00 0 
7f23593a2000-7f23594a3000 rw-p 00000000 00:00 0 
7f23594a3000-7f23594a7000 ---p 00000000 00:00 0 
7f23594a7000-7f23595a4000 rw-p 00000000 00:00 0 
7f23595a4000-7f23595a8000 ---p 00000000 00:00 0 
7f23595a8000-7f23596a5000 rw-p 00000000 00:00 0 
7f23596a5000-7f23596a9000 ---p 00000000 00:00 0 
7f23596a9000-7f23597a6000 rw-p 00000000 00:00 0 
7f23597a6000-7f23597aa000 ---p 00000000 00:00 0 
7f23597aa000-7f23598a7000 rw-p 00000000 00:00 0 
7f23598a7000-7f23598ab000 ---p 00000000 00:00 0 
7f23598ab000-7f23599a8000 rw-p 00000000 00:00 0 
7f23599a8000-7f23599ac000 ---p 00000000 00:00 0 
7f23599ac000-7f2359aa9000 rw-p 00000000 00:00 0 
7f2359aa9000-7f2359ab0000 r--s 00000000 07:3b 8532                       /usr/lib/x86_64-linux-gnu/gconv/gconv-modules.cache
7f2359ab0000-7f2359ae2000 r--p 00000000 07:3b 5276                       /usr/lib/locale/C.UTF-8/LC_CTYPE
7f2359ae2000-7f2359ae6000 ---p 00000000 00:00 0 
7f2359ae6000-7f2359be3000 rw-p 00000000 00:00 0 
7f2359be3000-7f2359be7000 ---p 00000000 00:00 0 
7f2359be7000-7f2359ce4000 rw-p 00000000 00:00 0 
7f2359ce4000-7f2359ce5000 ---p 00000000 00:00 0 
7f2359ce5000-7f235a703000 rw-p 00000000 00:00 0 
7f235a703000-7f235a708000 rw-p 00000000 00:00 0 
7f235a708000-7f235a7ee000 ---p 00000000 00:00 0 
7f235a7ee000-7f235a7fe000 rw-p 00000000 00:00 0 
7f235a7fe000-7f235a8d9000 ---p 00000000 00:00 0 
7f235a8d9000-7f235a8de000 rw-p 00000000 00:00 0 
7f235a8de000-7f235a8e5000 ---p 00000000 00:00 0 
7f235a8e5000-7f235a8e7000 r--p 00000000 07:3b 5214                       /usr/lib/jvm/java-13-openjdk-amd64/lib/libzip.so
7f235a8e7000-7f235a8eb000 r-xp 00002000 07:3b 5214                       /usr/lib/jvm/java-13-openjdk-amd64/lib/libzip.so
7f235a8eb000-7f235a8ed000 r--p 00006000 07:3b 5214                       /usr/lib/jvm/java-13-openjdk-amd64/lib/libzip.so
7f235a8ed000-7f235a8ee000 r--p 00007000 07:3b 5214                       /usr/lib/jvm/java-13-openjdk-amd64/lib/libzip.so
7f235a8ee000-7f235a8ef000 rw-p 00008000 07:3b 5214                       /usr/lib/jvm/java-13-openjdk-amd64/lib/libzip.so
7f235a8ef000-7f235a8f7000 rw-s 00000000 08:03 34784707                   /tmp/hsperfdata_rcabanas/18967
7f235a8f7000-7f235a8fa000 r--p 00000000 07:3b 9108                       /usr/lib/x86_64-linux-gnu/libnss_files-2.31.so
7f235a8fa000-7f235a901000 r-xp 00003000 07:3b 9108                       /usr/lib/x86_64-linux-gnu/libnss_files-2.31.so
7f235a901000-7f235a903000 r--p 0000a000 07:3b 9108                       /usr/lib/x86_64-linux-gnu/libnss_files-2.31.so
7f235a903000-7f235a904000 r--p 0000b000 07:3b 9108                       /usr/lib/x86_64-linux-gnu/libnss_files-2.31.so
7f235a904000-7f235a905000 rw-p 0000c000 07:3b 9108                       /usr/lib/x86_64-linux-gnu/libnss_files-2.31.so
7f235a905000-7f235a90b000 rw-p 00000000 00:00 0 
7f235a911000-7f235a913000 r--p 00000000 07:3b 5195                       /usr/lib/jvm/java-13-openjdk-amd64/lib/libjimage.so
7f235a913000-7f235a916000 r-xp 00002000 07:3b 5195                       /usr/lib/jvm/java-13-openjdk-amd64/lib/libjimage.so
7f235a916000-7f235a917000 r--p 00005000 07:3b 5195                       /usr/lib/jvm/java-13-openjdk-amd64/lib/libjimage.so
7f235a917000-7f235a918000 ---p 00006000 07:3b 5195                       /usr/lib/jvm/java-13-openjdk-amd64/lib/libjimage.so
7f235a918000-7f235a919000 r--p 00006000 07:3b 5195                       /usr/lib/jvm/java-13-openjdk-amd64/lib/libjimage.so
7f235a919000-7f235a91a000 rw-p 00007000 07:3b 5195                       /usr/lib/jvm/java-13-openjdk-amd64/lib/libjimage.so
7f235a91a000-7f235a927000 r--p 00000000 07:3b 5191                       /usr/lib/jvm/java-13-openjdk-amd64/lib/libjava.so
7f235a927000-7f235a93c000 r-xp 0000d000 07:3b 5191                       /usr/lib/jvm/java-13-openjdk-amd64/lib/libjava.so
7f235a93c000-7f235a942000 r--p 00022000 07:3b 5191                       /usr/lib/jvm/java-13-openjdk-amd64/lib/libjava.so
7f235a942000-7f235a943000 ---p 00028000 07:3b 5191                       /usr/lib/jvm/java-13-openjdk-amd64/lib/libjava.so
7f235a943000-7f235a944000 r--p 00028000 07:3b 5191                       /usr/lib/jvm/java-13-openjdk-amd64/lib/libjava.so
7f235a944000-7f235a946000 rw-p 00029000 07:3b 5191                       /usr/lib/jvm/java-13-openjdk-amd64/lib/libjava.so
7f235a946000-7f235a94b000 r--p 00000000 07:3b 5213                       /usr/lib/jvm/java-13-openjdk-amd64/lib/libverify.so
7f235a94b000-7f235a952000 r-xp 00005000 07:3b 5213                       /usr/lib/jvm/java-13-openjdk-amd64/lib/libverify.so
7f235a952000-7f235a954000 r--p 0000c000 07:3b 5213                       /usr/lib/jvm/java-13-openjdk-amd64/lib/libverify.so
7f235a954000-7f235a955000 ---p 0000e000 07:3b 5213                       /usr/lib/jvm/java-13-openjdk-amd64/lib/libverify.so
7f235a955000-7f235a957000 r--p 0000e000 07:3b 5213                       /usr/lib/jvm/java-13-openjdk-amd64/lib/libverify.so
7f235a957000-7f235a958000 rw-p 00010000 07:3b 5213                       /usr/lib/jvm/java-13-openjdk-amd64/lib/libverify.so
7f235a958000-7f235a95c000 ---p 00000000 00:00 0 
7f235a95c000-7f235aa59000 rw-p 00000000 00:00 0 
7f235aa59000-7f235aa5c000 r--p 00000000 07:3b 8948                       /usr/lib/x86_64-linux-gnu/libgcc_s.so.1
7f235aa5c000-7f235aa6e000 r-xp 00003000 07:3b 8948                       /usr/lib/x86_64-linux-gnu/libgcc_s.so.1
7f235aa6e000-7f235aa72000 r--p 00015000 07:3b 8948                       /usr/lib/x86_64-linux-gnu/libgcc_s.so.1
7f235aa72000-7f235aa73000 r--p 00018000 07:3b 8948                       /usr/lib/x86_64-linux-gnu/libgcc_s.so.1
7f235aa73000-7f235aa74000 rw-p 00019000 07:3b 8948                       /usr/lib/x86_64-linux-gnu/libgcc_s.so.1
7f235aa74000-7f235aa81000 r--p 00000000 07:3b 9062                       /usr/lib/x86_64-linux-gnu/libm-2.31.so
7f235aa81000-7f235ab28000 r-xp 0000d000 07:3b 9062                       /usr/lib/x86_64-linux-gnu/libm-2.31.so
7f235ab28000-7f235abc1000 r--p 000b4000 07:3b 9062                       /usr/lib/x86_64-linux-gnu/libm-2.31.so
7f235abc1000-7f235abc2000 r--p 0014c000 07:3b 9062                       /usr/lib/x86_64-linux-gnu/libm-2.31.so
7f235abc2000-7f235abc3000 rw-p 0014d000 07:3b 9062                       /usr/lib/x86_64-linux-gnu/libm-2.31.so
7f235abc3000-7f235ac59000 r--p 00000000 07:3b 9213                       /usr/lib/x86_64-linux-gnu/libstdc++.so.6.0.28
7f235ac59000-7f235ad4a000 r-xp 00096000 07:3b 9213                       /usr/lib/x86_64-linux-gnu/libstdc++.so.6.0.28
7f235ad4a000-7f235ad93000 r--p 00187000 07:3b 9213                       /usr/lib/x86_64-linux-gnu/libstdc++.so.6.0.28
7f235ad93000-7f235ad94000 ---p 001d0000 07:3b 9213                       /usr/lib/x86_64-linux-gnu/libstdc++.so.6.0.28
7f235ad94000-7f235ad9f000 r--p 001d0000 07:3b 9213                       /usr/lib/x86_64-linux-gnu/libstdc++.so.6.0.28
7f235ad9f000-7f235ada2000 rw-p 001db000 07:3b 9213                       /usr/lib/x86_64-linux-gnu/libstdc++.so.6.0.28
7f235ada2000-7f235ada5000 rw-p 00000000 00:00 0 
7f235ada5000-7f235b02b000 r--p 00000000 07:3b 5226                       /usr/lib/jvm/java-13-openjdk-amd64/lib/server/libjvm.so
7f235b02b000-7f235bda8000 r-xp 00286000 07:3b 5226                       /usr/lib/jvm/java-13-openjdk-amd64/lib/server/libjvm.so
7f235bda8000-7f235c023000 r--p 01003000 07:3b 5226                       /usr/lib/jvm/java-13-openjdk-amd64/lib/server/libjvm.so
7f235c023000-7f235c0e8000 r--p 0127d000 07:3b 5226                       /usr/lib/jvm/java-13-openjdk-amd64/lib/server/libjvm.so
7f235c0e8000-7f235c123000 rw-p 01342000 07:3b 5226                       /usr/lib/jvm/java-13-openjdk-amd64/lib/server/libjvm.so
7f235c123000-7f235c1a9000 rw-p 00000000 00:00 0 
7f235c1a9000-7f235c1af000 r--p 00000000 07:3b 9166                       /usr/lib/x86_64-linux-gnu/libpthread-2.31.so
7f235c1af000-7f235c1c0000 r-xp 00006000 07:3b 9166                       /usr/lib/x86_64-linux-gnu/libpthread-2.31.so
7f235c1c0000-7f235c1c6000 r--p 00017000 07:3b 9166                       /usr/lib/x86_64-linux-gnu/libpthread-2.31.so
7f235c1c6000-7f235c1c7000 r--p 0001c000 07:3b 9166                       /usr/lib/x86_64-linux-gnu/libpthread-2.31.so
7f235c1c7000-7f235c1c8000 rw-p 0001d000 07:3b 9166                       /usr/lib/x86_64-linux-gnu/libpthread-2.31.so
7f235c1c8000-7f235c1cc000 rw-p 00000000 00:00 0 
7f235c1cc000-7f235c1cd000 r--p 00000000 07:3b 8893                       /usr/lib/x86_64-linux-gnu/libdl-2.31.so
7f235c1cd000-7f235c1cf000 r-xp 00001000 07:3b 8893                       /usr/lib/x86_64-linux-gnu/libdl-2.31.so
7f235c1cf000-7f235c1d0000 r--p 00003000 07:3b 8893                       /usr/lib/x86_64-linux-gnu/libdl-2.31.so
7f235c1d0000-7f235c1d1000 r--p 00003000 07:3b 8893                       /usr/lib/x86_64-linux-gnu/libdl-2.31.so
7f235c1d1000-7f235c1d2000 rw-p 00004000 07:3b 8893                       /usr/lib/x86_64-linux-gnu/libdl-2.31.so
7f235c1d2000-7f235c1d4000 r--p 00000000 07:3b 9290                       /usr/lib/x86_64-linux-gnu/libz.so.1.2.11
7f235c1d4000-7f235c1e5000 r-xp 00002000 07:3b 9290                       /usr/lib/x86_64-linux-gnu/libz.so.1.2.11
7f235c1e5000-7f235c1eb000 r--p 00013000 07:3b 9290                       /usr/lib/x86_64-linux-gnu/libz.so.1.2.11
7f235c1eb000-7f235c1ec000 ---p 00019000 07:3b 9290                       /usr/lib/x86_64-linux-gnu/libz.so.1.2.11
7f235c1ec000-7f235c1ed000 r--p 00019000 07:3b 9290                       /usr/lib/x86_64-linux-gnu/libz.so.1.2.11
7f235c1ed000-7f235c1ee000 rw-p 0001a000 07:3b 9290                       /usr/lib/x86_64-linux-gnu/libz.so.1.2.11
7f235c1ee000-7f235c210000 r--p 00000000 07:3b 8851                       /usr/lib/x86_64-linux-gnu/libc-2.31.so
7f235c210000-7f235c388000 r-xp 00022000 07:3b 8851                       /usr/lib/x86_64-linux-gnu/libc-2.31.so
7f235c388000-7f235c3d6000 r--p 0019a000 07:3b 8851                       /usr/lib/x86_64-linux-gnu/libc-2.31.so
7f235c3d6000-7f235c3da000 r--p 001e7000 07:3b 8851                       /usr/lib/x86_64-linux-gnu/libc-2.31.so
7f235c3da000-7f235c3dc000 rw-p 001eb000 07:3b 8851                       /usr/lib/x86_64-linux-gnu/libc-2.31.so
7f235c3dc000-7f235c3e0000 rw-p 00000000 00:00 0 
7f235c3e2000-7f235c3e4000 r--s 0000c000 07:3b 20930                      /usr/share/java/java-atk-wrapper.jar
7f235c3e4000-7f235c3e5000 ---p 00000000 00:00 0 
7f235c3e5000-7f235c3e6000 r--p 00000000 00:00 0 
7f235c3e6000-7f235c3e9000 r--p 00000000 07:3b 5196                       /usr/lib/jvm/java-13-openjdk-amd64/lib/libjli.so
7f235c3e9000-7f235c3f3000 r-xp 00003000 07:3b 5196                       /usr/lib/jvm/java-13-openjdk-amd64/lib/libjli.so
7f235c3f3000-7f235c3f6000 r--p 0000d000 07:3b 5196                       /usr/lib/jvm/java-13-openjdk-amd64/lib/libjli.so
7f235c3f6000-7f235c3f7000 r--p 0000f000 07:3b 5196                       /usr/lib/jvm/java-13-openjdk-amd64/lib/libjli.so
7f235c3f7000-7f235c3f8000 rw-p 00010000 07:3b 5196                       /usr/lib/jvm/java-13-openjdk-amd64/lib/libjli.so
7f235c3f8000-7f235c3fa000 rw-p 00000000 00:00 0 
7f235c3fa000-7f235c3fb000 r--p 00000000 07:3b 8572                       /usr/lib/x86_64-linux-gnu/ld-2.31.so
7f235c3fb000-7f235c41e000 r-xp 00001000 07:3b 8572                       /usr/lib/x86_64-linux-gnu/ld-2.31.so
7f235c41e000-7f235c426000 r--p 00024000 07:3b 8572                       /usr/lib/x86_64-linux-gnu/ld-2.31.so
7f235c426000-7f235c427000 ---p 00000000 00:00 0 
7f235c427000-7f235c428000 r--p 0002c000 07:3b 8572                       /usr/lib/x86_64-linux-gnu/ld-2.31.so
7f235c428000-7f235c429000 rw-p 0002d000 07:3b 8572                       /usr/lib/x86_64-linux-gnu/ld-2.31.so
7f235c429000-7f235c42a000 rw-p 00000000 00:00 0 
7ffcb1e1c000-7ffcb1e3d000 rw-p 00000000 00:00 0                          [stack]
7ffcb1f77000-7ffcb1f79000 r-xp 00000000 00:00 0                          [vdso]
ffffffffff600000-ffffffffff601000 r-xp 00000000 00:00 0                  [vsyscall]


VM Arguments:
jvm_args: -Xmx128g --add-modules=ALL-DEFAULT 
java_command: jdk.compiler/com.sun.tools.javac.launcher.Main /mnt/beegfs/rcabanas/dev/credici/papers/zeros/code/GenerateNparents.java -np 2 -nzr 1.0 -zdr 0.5 -o /mnt/beegfs/rcabanas/dev/credici/papers/zeros/models/s3 -rw -s 130 -ys 3
java_class_path (initial): /mnt/beegfs/rcabanas/dev/credici/target/credici-0.1.5-dev-SNAPSHOT-jar-with-dependencies.jar
Launcher Type: SUN_STANDARD

[Global flags]
     intx CICompilerCount                          = 2                                         {product} {ergonomic}
   size_t InitialHeapSize                          = 2147483648                                {product} {ergonomic}
   size_t MaxHeapSize                              = 137438953472                              {product} {command line}
   size_t MaxNewSize                               = 45812940800                               {product} {ergonomic}
   size_t MinHeapDeltaBytes                        = 196608                                    {product} {ergonomic}
   size_t MinHeapSize                              = 8388608                                   {product} {ergonomic}
   size_t NewSize                                  = 715784192                                 {product} {ergonomic}
    uintx NonNMethodCodeHeapSize                   = 5826188                                {pd product} {ergonomic}
    uintx NonProfiledCodeHeapSize                  = 122916026                              {pd product} {ergonomic}
   size_t OldSize                                  = 1431699456                                {product} {ergonomic}
    uintx ProfiledCodeHeapSize                     = 122916026                              {pd product} {ergonomic}
    uintx ReservedCodeCacheSize                    = 251658240                              {pd product} {ergonomic}
     bool SegmentedCodeCache                       = true                                      {product} {ergonomic}
   size_t SoftMaxHeapSize                          = 137438953472                           {manageable} {ergonomic}
     bool UseSerialGC                              = true                                      {product} {ergonomic}

Logging:
Log output configuration:
 #0: stdout all=warning uptime,level,tags
 #1: stderr all=off uptime,level,tags

Environment Variables:
PATH=/usr/local/sbin:/usr/local/bin:/usr/sbin:/usr/bin:/sbin:/bin
LD_LIBRARY_PATH=/.singularity.d/libs

Signal Handlers:
SIGSEGV: [libjvm.so+0xf8fcf0], sa_mask[0]=11111111011111111101111111111110, sa_flags=SA_RESTART|SA_SIGINFO
SIGBUS: [libjvm.so+0xf8fcf0], sa_mask[0]=11111111011111111101111111111110, sa_flags=SA_RESTART|SA_SIGINFO
SIGFPE: [libjvm.so+0xf8fcf0], sa_mask[0]=11111111011111111101111111111110, sa_flags=SA_RESTART|SA_SIGINFO
SIGPIPE: [libjvm.so+0xc3ffa0], sa_mask[0]=11111111011111111101111111111110, sa_flags=SA_RESTART|SA_SIGINFO
SIGXFSZ: [libjvm.so+0xc3ffa0], sa_mask[0]=11111111011111111101111111111110, sa_flags=SA_RESTART|SA_SIGINFO
SIGILL: [libjvm.so+0xf8fcf0], sa_mask[0]=11111111011111111101111111111110, sa_flags=SA_RESTART|SA_SIGINFO
SIGUSR2: [libjvm.so+0xc3fe40], sa_mask[0]=00000000000000000000000000000000, sa_flags=SA_RESTART|SA_SIGINFO
SIGHUP: [libjvm.so+0xc40580], sa_mask[0]=11111111011111111101111111111110, sa_flags=SA_RESTART|SA_SIGINFO
SIGINT: [libjvm.so+0xc40580], sa_mask[0]=11111111011111111101111111111110, sa_flags=SA_RESTART|SA_SIGINFO
SIGTERM: [libjvm.so+0xc40580], sa_mask[0]=11111111011111111101111111111110, sa_flags=SA_RESTART|SA_SIGINFO
SIGQUIT: [libjvm.so+0xc40580], sa_mask[0]=11111111011111111101111111111110, sa_flags=SA_RESTART|SA_SIGINFO


---------------  S Y S T E M  ---------------

OS:DISTRIB_ID=Ubuntu
DISTRIB_RELEASE=20.04
DISTRIB_CODENAME=focal
DISTRIB_DESCRIPTION="Ubuntu 20.04.4 LTS"
uname:Linux 3.10.0-1160.15.2.el7.x86_64 #1 SMP Wed Feb 3 15:06:38 UTC 2021 x86_64
OS uptime: 2 days 16:43 hours
libc:glibc 2.31 NPTL 2.31 
rlimit (soft/hard): STACK 8192k/infinity , CORE 0k/infinity , NPROC 4096/1030217 , NOFILE 131072/131072 , AS infinity/infinity , CPU infinity/infinity , DATA infinity/infinity , FSIZE infinity/infinity , MEMLOCK infinity/infinity
load average:64.72 65.04 62.55

/proc/meminfo:
MemTotal:       263895364 kB
MemFree:         1335684 kB
MemAvailable:    1737676 kB
Buffers:          287172 kB
Cached:           818224 kB
SwapCached:       367124 kB
Active:         244726128 kB
Inactive:        8391540 kB
Active(anon):   244403824 kB
Inactive(anon):  7630524 kB
Active(file):     322304 kB
Inactive(file):   761016 kB
Unevictable:       28280 kB
Mlocked:           28280 kB
SwapTotal:       4194300 kB
SwapFree:          15040 kB
Dirty:               656 kB
Writeback:           164 kB
AnonPages:      251670176 kB
Mapped:           189268 kB
Shmem:             15888 kB
Slab:             740132 kB
SReclaimable:     178300 kB
SUnreclaim:       561832 kB
KernelStack:       53008 kB
PageTables:       596748 kB
NFS_Unstable:          0 kB
Bounce:                0 kB
WritebackTmp:          0 kB
CommitLimit:    136141980 kB
Committed_AS:   329240376 kB
VmallocTotal:   34359738367 kB
VmallocUsed:      863184 kB
VmallocChunk:   34222527404 kB
Percpu:            18176 kB
HardwareCorrupted:     0 kB
AnonHugePages:  139530240 kB
CmaTotal:              0 kB
CmaFree:               0 kB
HugePages_Total:       0
HugePages_Free:        0
HugePages_Rsvd:        0
HugePages_Surp:        0
Hugepagesize:       2048 kB
DirectMap4k:      636520 kB
DirectMap2M:    31731712 kB
DirectMap1G:    235929600 kB

/sys/kernel/mm/transparent_hugepage/enabled:
[always] madvise never

/sys/kernel/mm/transparent_hugepage/defrag (defrag/compaction efforts parameter):
[always] madvise never


/proc/sys/kernel/threads-max (system-wide limit on the number of threads):
2060435


/proc/sys/vm/max_map_count (maximum number of memory map areas a process may have):
65530


/proc/sys/kernel/pid_max (system-wide limit on number of process identifiers):
65536



Steal ticks since vm start: 0
Steal ticks percentage since vm start:  0.000

CPU:total 64 (initial active 1) (32 cores per cpu, 1 threads per core) family 23 model 49 stepping 0, cmov, cx8, fxsr, mmx, sse, sse2, sse3, ssse3, sse4.1, sse4.2, popcnt, avx, avx2, aes, clmul, mmxext, 3dnowpref, lzcnt, sse4a, tsc, tscinvbit, tscinv, bmi1, bmi2, adx, sha, fma
CPU Model and flags from /proc/cpuinfo:
model name	: AMD EPYC 7542 32-Core Processor
flags		: fpu vme de pse tsc msr pae mce cx8 apic sep mtrr pge mca cmov pat pse36 clflush mmx fxsr sse sse2 ht syscall nx mmxext fxsr_opt pdpe1gb rdtscp lm constant_tsc art rep_good nopl nonstop_tsc extd_apicid aperfmperf eagerfpu pni pclmulqdq monitor ssse3 fma cx16 sse4_1 sse4_2 movbe popcnt aes xsave avx f16c rdrand lahf_lm cmp_legacy svm extapic cr8_legacy abm sse4a misalignsse 3dnowprefetch osvw ibs skinit wdt tce topoext perfctr_core perfctr_nb bpext perfctr_l2 cpb cat_l3 cdp_l3 hw_pstate sme retpoline_amd ssbd ibrs ibpb stibp vmmcall fsgsbase bmi1 avx2 smep bmi2 cqm rdt_a rdseed adx smap clflushopt clwb sha_ni xsaveopt xsavec xgetbv1 cqm_llc cqm_occup_llc cqm_mbm_total cqm_mbm_local clzero irperf xsaveerptr arat npt lbrv svm_lock nrip_save tsc_scale vmcb_clean flushbyasid decodeassists pausefilter pfthreshold avic v_vmsave_vmload vgif umip overflow_recov succor smca
Online cpus:0-63
Offline cpus:
BIOS frequency limitation:2900000
Frequency switch latency (ns):0
Available cpu frequencies:2900000 2400000 1500000 
Current governor:conservative
Core performance/turbo boost:1

Memory: 4k page, physical 263895364k(1335684k free), swap 4194300k(15040k free)

vm_info: OpenJDK 64-Bit Server VM (13.0.7+5-Ubuntu-0ubuntu120.04) for linux-amd64 JRE (13.0.7+5-Ubuntu-0ubuntu120.04), built on Apr 21 2021 05:36:19 by "unknown" with gcc 9.3.0

END.
