#
# There is insufficient memory for the Java Runtime Environment to continue.
# Native memory allocation (mmap) failed to map 11586805760 bytes for committing reserved memory.
# Possible reasons:
#   The system is out of physical RAM or swap space
# Possible solutions:
#   Reduce memory load on the system
#   Increase physical memory or swap space
#   Check if swap backing store is full
#   Decrease Java heap size (-Xmx/-Xms)
#   Decrease number of Java threads
#   Decrease Java thread stack sizes (-Xss)
#   Set larger code cache with -XX:ReservedCodeCacheSize=
# This output file may be truncated or incomplete.
#
#  Out of Memory Error (os_linux.cpp:2899), pid=129007, tid=129009
#
# JRE version: OpenJDK Runtime Environment (13.0.7+5) (build 13.0.7+5-Ubuntu-0ubuntu120.04)
# Java VM: OpenJDK 64-Bit Server VM (13.0.7+5-Ubuntu-0ubuntu120.04, mixed mode, tiered, serial gc, linux-amd64)
# No core dump will be written. Core dumps have been disabled. To enable core dumping, try "ulimit -c unlimited" before starting Java again
#

---------------  S U M M A R Y ------------

Command Line: -Xmx128g --add-modules=ALL-DEFAULT jdk.compiler/com.sun.tools.javac.launcher.Main /mnt/beegfs/rcabanas/dev/credici/papers/zeros/code/GenerateNparents.java -np 2 -nzr 1.0 -zdr 0.5 -o /mnt/beegfs/rcabanas/dev/credici/papers/zeros/models/s3 -rw -s 156 -ys 3

Host: AMD EPYC 7542 32-Core Processor, 64 cores, 251G, Ubuntu 20.04.4 LTS
Time: Mon Oct 14 13:09:37 2024 CEST elapsed time: 442.017613 seconds (0d 0h 7m 22s)

---------------  T H R E A D  ---------------

Current thread (0x00007fad98097800):  VMThread "VM Thread" [stack: 0x00007fad9c5ac000,0x00007fad9c6ac000] [id=129009]

Stack: [0x00007fad9c5ac000,0x00007fad9c6ac000],  sp=0x00007fad9c6aa160,  free space=1016k
Native frames: (J=compiled Java code, A=aot compiled Java code, j=interpreted, Vv=VM code, C=native code)
V  [libjvm.so+0xf8f092]
V  [libjvm.so+0xf8fc91]
V  [libjvm.so+0x66ee5a]
V  [libjvm.so+0xc44a41]
V  [libjvm.so+0xc3b263]
V  [libjvm.so+0xf87f4b]
V  [libjvm.so+0x557506]
V  [libjvm.so+0x557723]
V  [libjvm.so+0xf18b0c]
V  [libjvm.so+0x557e65]
V  [libjvm.so+0x7e2edb]
V  [libjvm.so+0x7e39bd]
V  [libjvm.so+0x7d8b48]
V  [libjvm.so+0xf90940]
V  [libjvm.so+0xf96657]
V  [libjvm.so+0xf96d2b]
V  [libjvm.so+0xf9706a]
V  [libjvm.so+0xf2208f]
V  [libjvm.so+0xc493ff]

VM_Operation (0x00007fad9d31b980): GenCollectForAllocation, mode: safepoint, requested by thread 0x00007fad98018000


---------------  P R O C E S S  ---------------

Threads class SMR info:
_java_thread_list=0x00007fad98136cb0, length=9, elements={
0x00007fad98018000, 0x00007fad980a3800, 0x00007fad980a7000, 0x00007fad980cb000,
0x00007fad980cd000, 0x00007fad980cf000, 0x00007fad980d1000, 0x00007fad980d3000,
0x00007fad98135800
}

Java Threads: ( => current thread )
  0x00007fad98018000 JavaThread "main" [_thread_blocked, id=129008, stack(0x00007fad9d21e000,0x00007fad9d31f000)]
  0x00007fad980a3800 JavaThread "Reference Handler" daemon [_thread_blocked, id=129010, stack(0x00007fad9c4a9000,0x00007fad9c5aa000)]
  0x00007fad980a7000 JavaThread "Finalizer" daemon [_thread_blocked, id=129011, stack(0x00007fad9c3a8000,0x00007fad9c4a9000)]
  0x00007fad980cb000 JavaThread "Signal Dispatcher" daemon [_thread_blocked, id=129012, stack(0x00007fad9c26e000,0x00007fad9c36f000)]
  0x00007fad980cd000 JavaThread "Service Thread" daemon [_thread_blocked, id=129013, stack(0x00007fad9c16d000,0x00007fad9c26e000)]
  0x00007fad980cf000 JavaThread "C2 CompilerThread0" daemon [_thread_blocked, id=129014, stack(0x00007fad9c06c000,0x00007fad9c16d000)]
  0x00007fad980d1000 JavaThread "C1 CompilerThread0" daemon [_thread_blocked, id=129015, stack(0x00007fad80689000,0x00007fad8078a000)]
  0x00007fad980d3000 JavaThread "Sweeper thread" daemon [_thread_blocked, id=129016, stack(0x00007f8d65a53000,0x00007f8d65b54000)]
  0x00007fad98135800 JavaThread "Common-Cleaner" daemon [_thread_blocked, id=129017, stack(0x00007f8d65952000,0x00007f8d65a53000)]

Other Threads:
=>0x00007fad98097800 VMThread "VM Thread" [stack: 0x00007fad9c5ac000,0x00007fad9c6ac000] [id=129009]
  0x00007fad98182000 WatcherThread [stack: 0x00007f8d65852000,0x00007f8d65952000] [id=129019]

Threads with active compile tasks:

VM state:at safepoint (normal execution)

VM Mutex/Monitor currently owned by a thread:  ([mutex/lock_event])
[0x00007fad980140d0] Threads_lock - owner thread: 0x00007fad98097800
[0x00007fad98014cd0] Heap_lock - owner thread: 0x00007fad98018000

Heap:
 def new generation   total 5657664K, used 153515K [0x00007f8d80600000, 0x00007f8f000f0000, 0x00007f982b0a0000)
  eden space 5029056K,   3% used [0x00007f8d80600000, 0x00007f8d89bead40, 0x00007f8eb3530000)
  from space 628608K,   0% used [0x00007f8eb3530000, 0x00007f8eb3530000, 0x00007f8ed9b10000)
  to   space 628608K,   0% used [0x00007f8ed9b10000, 0x00007f8ed9b10000, 0x00007f8f000f0000)
 tenured generation   total 16972860K, used 16972859K [0x00007f982b0a0000, 0x00007f9c36faf000, 0x00007fad80600000)
   the space 16972860K,  99% used [0x00007f982b0a0000, 0x00007f9c36faedc8, 0x00007f9c36faee00, 0x00007f9c36faf000)
 Metaspace       used 29897K, capacity 30330K, committed 30464K, reserved 30720K

Card table byte_map: [0x00007f8d705ff000,0x00007f8d80600000] _byte_map_base: 0x00007f4da99fc000

Polling page: 0x00007fad9ecaa000

Metaspace:

Usage:
   29.62 MB capacity,    29.20 MB ( 99%) used,   328.77 KB (  1%) free+waste,   104.06 KB ( <1%) overhead. 

Virtual space:
     30.00 MB reserved,      29.75 MB (>99%) committed 

Chunk freelists:
6.00 KB

MaxMetaspaceSize: unlimited


CodeHeap 'non-profiled nmethods': size=120036Kb used=1977Kb max_used=1977Kb free=118058Kb
 bounds [0x00007fad88251000, 0x00007fad884c1000, 0x00007fad8f78a000]
CodeHeap 'profiled nmethods': size=120032Kb used=7707Kb max_used=7707Kb free=112324Kb
 bounds [0x00007fad80d19000, 0x00007fad814a9000, 0x00007fad88251000]
CodeHeap 'non-nmethods': size=5692Kb used=1248Kb max_used=1298Kb free=4443Kb
 bounds [0x00007fad8078a000, 0x00007fad809fa000, 0x00007fad80d19000]
 total_blobs=4513 nmethods=3984 adapters=444
 compilation: enabled
              stopped_count=0, restarted_count=0
 full_count=0

Compilation events (20 events):
Event: 419.410 Thread 0x00007fad980d1000 3995       3       ch.javasoft.math.array.impl.DefaultNumberArrayOperations::arrayClass (10 bytes)
Event: 419.410 Thread 0x00007fad980d1000 nmethod 3995 0x00007fad8149ec10 code [0x00007fad8149eda0, 0x00007fad8149ef60]
Event: 419.410 Thread 0x00007fad980d1000 3996       1       ch.javasoft.math.operator.impl.DoubleOperators::arrayClass (3 bytes)
Event: 419.410 Thread 0x00007fad980d1000 nmethod 3996 0x00007fad8843e190 code [0x00007fad8843e320, 0x00007fad8843e3d0]
Event: 419.411 Thread 0x00007fad980d1000 3997       3       ch.javasoft.math.array.impl.DefaultArrayOperations::getLength (9 bytes)
Event: 419.411 Thread 0x00007fad980d1000 nmethod 3997 0x00007fad8149f010 code [0x00007fad8149f1c0, 0x00007fad8149f410]
Event: 419.411 Thread 0x00007fad980cf000 3998       4       ch.javasoft.math.operator.impl.BigFractionOperators$10::booleanOperate (10 bytes)
Event: 419.411 Thread 0x00007fad980cf000 nmethod 3998 0x00007fad8843e490 code [0x00007fad8843e600, 0x00007fad8843e6d8]
Event: 419.411 Thread 0x00007fad980cf000 3999       4       ch.javasoft.math.operator.impl.DoubleOperators::constant (42 bytes)
Event: 419.412 Thread 0x00007fad980cf000 nmethod 3999 0x00007fad8843e810 code [0x00007fad8843e9c0, 0x00007fad8843eb38]
Event: 419.412 Thread 0x00007fad980cf000 4000       4       ch.javasoft.math.operator.impl.DoubleOperators::constant (9 bytes)
Event: 419.414 Thread 0x00007fad980cf000 nmethod 4000 0x00007fad8843ec90 code [0x00007fad8843ee40, 0x00007fad8843efd8]
Event: 419.414 Thread 0x00007fad980cf000 4001       4       ch.javasoft.math.operator.impl.DoubleOperators$DoubleConstOperator::operate (10 bytes)
Event: 419.414 Thread 0x00007fad980cf000 nmethod 4001 0x00007fad8843f190 code [0x00007fad8843f300, 0x00007fad8843f3b8]
Event: 419.414 Thread 0x00007fad980cf000 4002       4       ch.javasoft.math.operator.impl.DoubleOperators::zero (5 bytes)
Event: 419.414 Thread 0x00007fad980cf000 nmethod 4002 0x00007fad8843f490 code [0x00007fad8843f600, 0x00007fad8843f658]
Event: 419.414 Thread 0x00007fad980d1000 4003       3       ch.javasoft.math.operator.impl.DoubleOperators::unary (10 bytes)
Event: 419.414 Thread 0x00007fad980d1000 nmethod 4003 0x00007fad8149f510 code [0x00007fad8149f6a0, 0x00007fad8149f7f0]
Event: 419.414 Thread 0x00007fad980d1000 4004       3       ch.javasoft.math.array.impl.DoubleArrayOperations::getLength (9 bytes)
Event: 419.415 Thread 0x00007fad980d1000 nmethod 4004 0x00007fad8149f910 code [0x00007fad8149fac0, 0x00007fad8149fd10]

GC Heap History (20 events):
Event: 225.183 GC heap after
{Heap after GC invocations=53 (full 5):
 def new generation   total 2532800K, used 281408K [0x00007f8d80600000, 0x00007f8e2c240000, 0x00007f982b0a0000)
  eden space 2251392K,   0% used [0x00007f8d80600000, 0x00007f8d80600000, 0x00007f8e09ca0000)
  from space 281408K, 100% used [0x00007f8e1af70000, 0x00007f8e2c240000, 0x00007f8e2c240000)
  to   space 281408K,   0% used [0x00007f8e09ca0000, 0x00007f8e09ca0000, 0x00007f8e1af70000)
 tenured generation   total 5628316K, used 3654588K [0x00007f982b0a0000, 0x00007f9982907000, 0x00007fad80600000)
   the space 5628316K,  64% used [0x00007f982b0a0000, 0x00007f990a18f0d0, 0x00007f990a18f200, 0x00007f9982907000)
 Metaspace       used 29843K, capacity 30266K, committed 30464K, reserved 30720K
}
Event: 340.224 GC heap before
{Heap before GC invocations=53 (full 5):
 def new generation   total 2532800K, used 2532800K [0x00007f8d80600000, 0x00007f8e2c240000, 0x00007f982b0a0000)
  eden space 2251392K, 100% used [0x00007f8d80600000, 0x00007f8e09ca0000, 0x00007f8e09ca0000)
  from space 281408K, 100% used [0x00007f8e1af70000, 0x00007f8e2c240000, 0x00007f8e2c240000)
  to   space 281408K,   0% used [0x00007f8e09ca0000, 0x00007f8e09ca0000, 0x00007f8e1af70000)
 tenured generation   total 5628316K, used 3654588K [0x00007f982b0a0000, 0x00007f9982907000, 0x00007fad80600000)
   the space 5628316K,  64% used [0x00007f982b0a0000, 0x00007f990a18f0d0, 0x00007f990a18f200, 0x00007f9982907000)
 Metaspace       used 29843K, capacity 30266K, committed 30464K, reserved 30720K
}
Event: 341.181 GC heap after
{Heap after GC invocations=54 (full 5):
 def new generation   total 2532800K, used 281408K [0x00007f8d80600000, 0x00007f8e2c240000, 0x00007f982b0a0000)
  eden space 2251392K,   0% used [0x00007f8d80600000, 0x00007f8d80600000, 0x00007f8e09ca0000)
  from space 281408K, 100% used [0x00007f8e09ca0000, 0x00007f8e1af70000, 0x00007f8e1af70000)
  to   space 281408K,   0% used [0x00007f8e1af70000, 0x00007f8e1af70000, 0x00007f8e2c240000)
 tenured generation   total 5628316K, used 4213295K [0x00007f982b0a0000, 0x00007f9982907000, 0x00007fad80600000)
   the space 5628316K,  74% used [0x00007f982b0a0000, 0x00007f992c32beb0, 0x00007f992c32c000, 0x00007f9982907000)
 Metaspace       used 29843K, capacity 30266K, committed 30464K, reserved 30720K
}
Event: 402.667 GC heap before
{Heap before GC invocations=54 (full 5):
 def new generation   total 2532800K, used 2532800K [0x00007f8d80600000, 0x00007f8e2c240000, 0x00007f982b0a0000)
  eden space 2251392K, 100% used [0x00007f8d80600000, 0x00007f8e09ca0000, 0x00007f8e09ca0000)
  from space 281408K, 100% used [0x00007f8e09ca0000, 0x00007f8e1af70000, 0x00007f8e1af70000)
  to   space 281408K,   0% used [0x00007f8e1af70000, 0x00007f8e1af70000, 0x00007f8e2c240000)
 tenured generation   total 5628316K, used 4213295K [0x00007f982b0a0000, 0x00007f9982907000, 0x00007fad80600000)
   the space 5628316K,  74% used [0x00007f982b0a0000, 0x00007f992c32beb0, 0x00007f992c32c000, 0x00007f9982907000)
 Metaspace       used 29843K, capacity 30266K, committed 30464K, reserved 30720K
}
Event: 403.918 GC heap after
{Heap after GC invocations=55 (full 5):
 def new generation   total 2532800K, used 281408K [0x00007f8d80600000, 0x00007f8e2c240000, 0x00007f982b0a0000)
  eden space 2251392K,   0% used [0x00007f8d80600000, 0x00007f8d80600000, 0x00007f8e09ca0000)
  from space 281408K, 100% used [0x00007f8e1af70000, 0x00007f8e2c240000, 0x00007f8e2c240000)
  to   space 281408K,   0% used [0x00007f8e09ca0000, 0x00007f8e09ca0000, 0x00007f8e1af70000)
 tenured generation   total 5628316K, used 5137566K [0x00007f982b0a0000, 0x00007f9982907000, 0x00007fad80600000)
   the space 5628316K,  91% used [0x00007f982b0a0000, 0x00007f99649c78b0, 0x00007f99649c7a00, 0x00007f9982907000)
 Metaspace       used 29843K, capacity 30266K, committed 30464K, reserved 30720K
}
Event: 405.359 GC heap before
{Heap before GC invocations=55 (full 5):
 def new generation   total 2532800K, used 2532800K [0x00007f8d80600000, 0x00007f8e2c240000, 0x00007f982b0a0000)
  eden space 2251392K, 100% used [0x00007f8d80600000, 0x00007f8e09ca0000, 0x00007f8e09ca0000)
  from space 281408K, 100% used [0x00007f8e1af70000, 0x00007f8e2c240000, 0x00007f8e2c240000)
  to   space 281408K,   0% used [0x00007f8e09ca0000, 0x00007f8e09ca0000, 0x00007f8e1af70000)
 tenured generation   total 5628316K, used 5137566K [0x00007f982b0a0000, 0x00007f9982907000, 0x00007fad80600000)
   the space 5628316K,  91% used [0x00007f982b0a0000, 0x00007f99649c78b0, 0x00007f99649c7a00, 0x00007f9982907000)
 Metaspace       used 29843K, capacity 30266K, committed 30464K, reserved 30720K
}
Event: 407.353 GC heap after
{Heap after GC invocations=56 (full 5):
 def new generation   total 2532800K, used 281408K [0x00007f8d80600000, 0x00007f8e2c240000, 0x00007f982b0a0000)
  eden space 2251392K,   0% used [0x00007f8d80600000, 0x00007f8d80600000, 0x00007f8e09ca0000)
  from space 281408K, 100% used [0x00007f8e09ca0000, 0x00007f8e1af70000, 0x00007f8e1af70000)
  to   space 281408K,   0% used [0x00007f8e1af70000, 0x00007f8e1af70000, 0x00007f8e2c240000)
 tenured generation   total 6743644K, used 6743606K [0x00007f982b0a0000, 0x00007f99c6a37000, 0x00007fad80600000)
   the space 6743644K,  99% used [0x00007f982b0a0000, 0x00007f99c6a2da78, 0x00007f99c6a2dc00, 0x00007f99c6a37000)
 Metaspace       used 29843K, capacity 30266K, committed 30464K, reserved 30720K
}
Event: 407.353 GC heap before
{Heap before GC invocations=56 (full 5):
 def new generation   total 2532800K, used 281408K [0x00007f8d80600000, 0x00007f8e2c240000, 0x00007f982b0a0000)
  eden space 2251392K,   0% used [0x00007f8d80600000, 0x00007f8d80600000, 0x00007f8e09ca0000)
  from space 281408K, 100% used [0x00007f8e09ca0000, 0x00007f8e1af70000, 0x00007f8e1af70000)
  to   space 281408K,   0% used [0x00007f8e1af70000, 0x00007f8e1af70000, 0x00007f8e2c240000)
 tenured generation   total 6743644K, used 6743606K [0x00007f982b0a0000, 0x00007f99c6a37000, 0x00007fad80600000)
   the space 6743644K,  99% used [0x00007f982b0a0000, 0x00007f99c6a2da78, 0x00007f99c6a2dc00, 0x00007f99c6a37000)
 Metaspace       used 29843K, capacity 30266K, committed 30464K, reserved 30720K
}
Event: 413.673 GC heap after
{Heap after GC invocations=56 (full 6):
 def new generation   total 3907008K, used 0K [0x00007f8d80600000, 0x00007f8e89560000, 0x00007f982b0a0000)
  eden space 3472896K,   0% used [0x00007f8d80600000, 0x00007f8d80600000, 0x00007f8e54580000)
  from space 434112K,   0% used [0x00007f8e54580000, 0x00007f8e54580000, 0x00007f8e6ed70000)
  to   space 434112K,   0% used [0x00007f8e6ed70000, 0x00007f8e6ed70000, 0x00007f8e89560000)
 tenured generation   total 8682184K, used 5209308K [0x00007f982b0a0000, 0x00007f9a3cf52000, 0x00007fad80600000)
   the space 8682184K,  59% used [0x00007f982b0a0000, 0x00007f9968fd70c0, 0x00007f9968fd7200, 0x00007f9a3cf52000)
 Metaspace       used 29843K, capacity 30266K, committed 30464K, reserved 30720K
}
Event: 416.211 GC heap before
{Heap before GC invocations=56 (full 6):
 def new generation   total 3907008K, used 3472896K [0x00007f8d80600000, 0x00007f8e89560000, 0x00007f982b0a0000)
  eden space 3472896K, 100% used [0x00007f8d80600000, 0x00007f8e54580000, 0x00007f8e54580000)
  from space 434112K,   0% used [0x00007f8e54580000, 0x00007f8e54580000, 0x00007f8e6ed70000)
  to   space 434112K,   0% used [0x00007f8e6ed70000, 0x00007f8e6ed70000, 0x00007f8e89560000)
 tenured generation   total 8682184K, used 5209308K [0x00007f982b0a0000, 0x00007f9a3cf52000, 0x00007fad80600000)
   the space 8682184K,  59% used [0x00007f982b0a0000, 0x00007f9968fd70c0, 0x00007f9968fd7200, 0x00007f9a3cf52000)
 Metaspace       used 29844K, capacity 30266K, committed 30464K, reserved 30720K
}
Event: 418.562 GC heap after
{Heap after GC invocations=57 (full 6):
 def new generation   total 3907008K, used 434112K [0x00007f8d80600000, 0x00007f8e89560000, 0x00007f982b0a0000)
  eden space 3472896K,   0% used [0x00007f8d80600000, 0x00007f8d80600000, 0x00007f8e54580000)
  from space 434112K, 100% used [0x00007f8e6ed70000, 0x00007f8e89560000, 0x00007f8e89560000)
  to   space 434112K,   0% used [0x00007f8e54580000, 0x00007f8e54580000, 0x00007f8e6ed70000)
 tenured generation   total 8682184K, used 6851128K [0x00007f982b0a0000, 0x00007f9a3cf52000, 0x00007fad80600000)
   the space 8682184K,  78% used [0x00007f982b0a0000, 0x00007f99cd32e260, 0x00007f99cd32e400, 0x00007f9a3cf52000)
 Metaspace       used 29844K, capacity 30266K, committed 30464K, reserved 30720K
}
Event: 419.660 GC heap before
{Heap before GC invocations=57 (full 6):
 def new generation   total 3907008K, used 3907008K [0x00007f8d80600000, 0x00007f8e89560000, 0x00007f982b0a0000)
  eden space 3472896K, 100% used [0x00007f8d80600000, 0x00007f8e54580000, 0x00007f8e54580000)
  from space 434112K, 100% used [0x00007f8e6ed70000, 0x00007f8e89560000, 0x00007f8e89560000)
  to   space 434112K,   0% used [0x00007f8e54580000, 0x00007f8e54580000, 0x00007f8e6ed70000)
 tenured generation   total 8682184K, used 6851128K [0x00007f982b0a0000, 0x00007f9a3cf52000, 0x00007fad80600000)
   the space 8682184K,  78% used [0x00007f982b0a0000, 0x00007f99cd32e260, 0x00007f99cd32e400, 0x00007f9a3cf52000)
 Metaspace       used 29897K, capacity 30330K, committed 30464K, reserved 30720K
}
Event: 421.524 GC heap after
{Heap after GC invocations=58 (full 6):
 def new generation   total 3907008K, used 434112K [0x00007f8d80600000, 0x00007f8e89560000, 0x00007f982b0a0000)
  eden space 3472896K,   0% used [0x00007f8d80600000, 0x00007f8d80600000, 0x00007f8e54580000)
  from space 434112K, 100% used [0x00007f8e54580000, 0x00007f8e6ed70000, 0x00007f8e6ed70000)
  to   space 434112K,   0% used [0x00007f8e6ed70000, 0x00007f8e6ed70000, 0x00007f8e89560000)
 tenured generation   total 9502408K, used 9502386K [0x00007f982b0a0000, 0x00007f9a6f052000, 0x00007fad80600000)
   the space 9502408K,  99% used [0x00007f982b0a0000, 0x00007f9a6f04cbd8, 0x00007f9a6f04cc00, 0x00007f9a6f052000)
 Metaspace       used 29897K, capacity 30330K, committed 30464K, reserved 30720K
}
Event: 421.524 GC heap before
{Heap before GC invocations=58 (full 6):
 def new generation   total 3907008K, used 434112K [0x00007f8d80600000, 0x00007f8e89560000, 0x00007f982b0a0000)
  eden space 3472896K,   0% used [0x00007f8d80600000, 0x00007f8d80600000, 0x00007f8e54580000)
  from space 434112K, 100% used [0x00007f8e54580000, 0x00007f8e6ed70000, 0x00007f8e6ed70000)
  to   space 434112K,   0% used [0x00007f8e6ed70000, 0x00007f8e6ed70000, 0x00007f8e89560000)
 tenured generation   total 9502408K, used 9502386K [0x00007f982b0a0000, 0x00007f9a6f052000, 0x00007fad80600000)
   the space 9502408K,  99% used [0x00007f982b0a0000, 0x00007f9a6f04cbd8, 0x00007f9a6f04cc00, 0x00007f9a6f052000)
 Metaspace       used 29897K, capacity 30330K, committed 30464K, reserved 30720K
}
Event: 428.778 GC heap after
{Heap after GC invocations=58 (full 7):
 def new generation   total 5657664K, used 0K [0x00007f8d80600000, 0x00007f8f000f0000, 0x00007f982b0a0000)
  eden space 5029056K,   0% used [0x00007f8d80600000, 0x00007f8d80600000, 0x00007f8eb3530000)
  from space 628608K,   0% used [0x00007f8eb3530000, 0x00007f8eb3530000, 0x00007f8ed9b10000)
  to   space 628608K,   0% used [0x00007f8ed9b10000, 0x00007f8ed9b10000, 0x00007f8f000f0000)
 tenured generation   total 12572412K, used 7543446K [0x00007f982b0a0000, 0x00007f9b2a65f000, 0x00007fad80600000)
   the space 12572412K,  59% used [0x00007f982b0a0000, 0x00007f99f77458b0, 0x00007f99f7745a00, 0x00007f9b2a65f000)
 Metaspace       used 29897K, capacity 30330K, committed 30464K, reserved 30720K
}
Event: 429.370 GC heap before
{Heap before GC invocations=58 (full 7):
 def new generation   total 5657664K, used 5029056K [0x00007f8d80600000, 0x00007f8f000f0000, 0x00007f982b0a0000)
  eden space 5029056K, 100% used [0x00007f8d80600000, 0x00007f8eb3530000, 0x00007f8eb3530000)
  from space 628608K,   0% used [0x00007f8eb3530000, 0x00007f8eb3530000, 0x00007f8ed9b10000)
  to   space 628608K,   0% used [0x00007f8ed9b10000, 0x00007f8ed9b10000, 0x00007f8f000f0000)
 tenured generation   total 12572412K, used 7543446K [0x00007f982b0a0000, 0x00007f9b2a65f000, 0x00007fad80600000)
   the space 12572412K,  59% used [0x00007f982b0a0000, 0x00007f99f77458b0, 0x00007f99f7745a00, 0x00007f9b2a65f000)
 Metaspace       used 29897K, capacity 30330K, committed 30464K, reserved 30720K
}
Event: 430.425 GC heap after
{Heap after GC invocations=59 (full 7):
 def new generation   total 5657664K, used 628607K [0x00007f8d80600000, 0x00007f8f000f0000, 0x00007f982b0a0000)
  eden space 5029056K,   0% used [0x00007f8d80600000, 0x00007f8d80600000, 0x00007f8eb3530000)
  from space 628608K,  99% used [0x00007f8ed9b10000, 0x00007f8f000efe28, 0x00007f8f000f0000)
  to   space 628608K,   0% used [0x00007f8eb3530000, 0x00007f8eb3530000, 0x00007f8ed9b10000)
 tenured generation   total 12572412K, used 11943843K [0x00007f982b0a0000, 0x00007f9b2a65f000, 0x00007fad80600000)
   the space 12572412K,  95% used [0x00007f982b0a0000, 0x00007f9b04088ed8, 0x00007f9b04089000, 0x00007f9b2a65f000)
 Metaspace       used 29897K, capacity 30330K, committed 30464K, reserved 30720K
}
Event: 431.037 GC heap before
{Heap before GC invocations=59 (full 7):
 def new generation   total 5657664K, used 5657663K [0x00007f8d80600000, 0x00007f8f000f0000, 0x00007f982b0a0000)
  eden space 5029056K, 100% used [0x00007f8d80600000, 0x00007f8eb3530000, 0x00007f8eb3530000)
  from space 628608K,  99% used [0x00007f8ed9b10000, 0x00007f8f000efe28, 0x00007f8f000f0000)
  to   space 628608K,   0% used [0x00007f8eb3530000, 0x00007f8eb3530000, 0x00007f8ed9b10000)
 tenured generation   total 12572412K, used 11943843K [0x00007f982b0a0000, 0x00007f9b2a65f000, 0x00007fad80600000)
   the space 12572412K,  95% used [0x00007f982b0a0000, 0x00007f9b04088ed8, 0x00007f9b04089000, 0x00007f9b2a65f000)
 Metaspace       used 29897K, capacity 30330K, committed 30464K, reserved 30720K
}
Event: 432.952 GC heap after
{Heap after GC invocations=60 (full 7):
 def new generation   total 5657664K, used 628607K [0x00007f8d80600000, 0x00007f8f000f0000, 0x00007f982b0a0000)
  eden space 5029056K,   0% used [0x00007f8d80600000, 0x00007f8d80600000, 0x00007f8eb3530000)
  from space 628608K,  99% used [0x00007f8eb3530000, 0x00007f8ed9b0fe28, 0x00007f8ed9b10000)
  to   space 628608K,   0% used [0x00007f8ed9b10000, 0x00007f8ed9b10000, 0x00007f8f000f0000)
 tenured generation   total 16972860K, used 16972845K [0x00007f982b0a0000, 0x00007f9c36faf000, 0x00007fad80600000)
   the space 16972860K,  99% used [0x00007f982b0a0000, 0x00007f9c36fab5e0, 0x00007f9c36fab600, 0x00007f9c36faf000)
 Metaspace       used 29897K, capacity 30330K, committed 30464K, reserved 30720K
}
Event: 432.952 GC heap before
{Heap before GC invocations=60 (full 7):
 def new generation   total 5657664K, used 628607K [0x00007f8d80600000, 0x00007f8f000f0000, 0x00007f982b0a0000)
  eden space 5029056K,   0% used [0x00007f8d80600000, 0x00007f8d80600000, 0x00007f8eb3530000)
  from space 628608K,  99% used [0x00007f8eb3530000, 0x00007f8ed9b0fe28, 0x00007f8ed9b10000)
  to   space 628608K,   0% used [0x00007f8ed9b10000, 0x00007f8ed9b10000, 0x00007f8f000f0000)
 tenured generation   total 16972860K, used 16972845K [0x00007f982b0a0000, 0x00007f9c36faf000, 0x00007fad80600000)
   the space 16972860K,  99% used [0x00007f982b0a0000, 0x00007f9c36fab5e0, 0x00007f9c36fab600, 0x00007f9c36faf000)
 Metaspace       used 29897K, capacity 30330K, committed 30464K, reserved 30720K
}

Deoptimization events (20 events):
Event: 415.530 Thread 0x00007fad98018000 DEOPT PACKING pc=0x00007fad814867a7 sp=0x00007fad9d31be50
Event: 415.530 Thread 0x00007fad98018000 DEOPT UNPACKING pc=0x00007fad807d333a sp=0x00007fad9d31b460 mode 0
Event: 415.531 Thread 0x00007fad98018000 DEOPT PACKING pc=0x00007fad814867a7 sp=0x00007fad9d31be50
Event: 415.531 Thread 0x00007fad98018000 DEOPT UNPACKING pc=0x00007fad807d333a sp=0x00007fad9d31b460 mode 0
Event: 415.531 Thread 0x00007fad98018000 DEOPT PACKING pc=0x00007fad814867a7 sp=0x00007fad9d31be50
Event: 415.531 Thread 0x00007fad98018000 DEOPT UNPACKING pc=0x00007fad807d333a sp=0x00007fad9d31b460 mode 0
Event: 415.534 Thread 0x00007fad98018000 Uncommon trap: trap_request=0xffffff45 fr.pc=0x00007fad8843465c relative=0x000000000000067c
Event: 415.534 Thread 0x00007fad98018000 Uncommon trap: reason=unstable_if action=reinterpret pc=0x00007fad8843465c method=ch.javasoft.bitset.LongBitSet.nextClearBit(I)I @ 63 c2
Event: 415.534 Thread 0x00007fad98018000 DEOPT PACKING pc=0x00007fad8843465c sp=0x00007fad9d31bec0
Event: 415.534 Thread 0x00007fad98018000 DEOPT UNPACKING pc=0x00007fad807d2e25 sp=0x00007fad9d31be10 mode 2
Event: 415.534 Thread 0x00007fad98018000 Uncommon trap: trap_request=0xffffff45 fr.pc=0x00007fad88433c44 relative=0x0000000000000144
Event: 415.534 Thread 0x00007fad98018000 Uncommon trap: reason=unstable_if action=reinterpret pc=0x00007fad88433c44 method=ch.javasoft.bitset.LongBitSet.nextClearBit(I)I @ 63 c2
Event: 415.534 Thread 0x00007fad98018000 DEOPT PACKING pc=0x00007fad88433c44 sp=0x00007fad9d31be50
Event: 415.534 Thread 0x00007fad98018000 DEOPT UNPACKING pc=0x00007fad807d2e25 sp=0x00007fad9d31bdf8 mode 2
Event: 419.272 Thread 0x00007fad98018000 Uncommon trap: trap_request=0xffffff45 fr.pc=0x00007fad884391b0 relative=0x0000000000000a30
Event: 419.272 Thread 0x00007fad98018000 Uncommon trap: reason=unstable_if action=reinterpret pc=0x00007fad884391b0 method=ch.javasoft.metabolic.efm.impl.AbstractDoubleDescriptionImpl.filterModes(Lch/javasoft/metabolic/efm/column/ColumnHome;Lch/javasoft/metabolic/efm/model/NetworkEfmModel;Lch/ja
Event: 419.272 Thread 0x00007fad98018000 DEOPT PACKING pc=0x00007fad884391b0 sp=0x00007fad9d31bf50
Event: 419.272 Thread 0x00007fad98018000 DEOPT UNPACKING pc=0x00007fad807d2e25 sp=0x00007fad9d31bf70 mode 2
Event: 419.410 Thread 0x00007fad98018000 DEOPT PACKING pc=0x00007fad81395c76 sp=0x00007fad9d31b560
Event: 419.410 Thread 0x00007fad98018000 DEOPT UNPACKING pc=0x00007fad807d333a sp=0x00007fad9d31ab88 mode 0

Classes unloaded (0 events):
No events

Classes redefined (0 events):
No events

Internal exceptions (20 events):
Event: 1.108 Thread 0x00007fad98018000 Exception <a 'java/lang/NoSuchMethodError'{0x00007f8d83654ce8}: 'java.lang.Object java.lang.invoke.DirectMethodHandle$Holder.invokeStatic(java.lang.Object, java.lang.Object, int, int)'> (0x00007f8d83654ce8) 
thrown [src/hotspot/share/interpreter/linkResolver.cpp, line 766]
Event: 1.391 Thread 0x00007fad98018000 Exception <a 'java/lang/NoSuchMethodError'{0x00007f8d85982c48}: 'int java.lang.invoke.DirectMethodHandle$Holder.invokeVirtual(java.lang.Object, java.lang.Object, java.lang.Object, java.lang.Object)'> (0x00007f8d85982c48) 
thrown [src/hotspot/share/interpreter/linkResolver.cpp, line 766]
Event: 1.392 Thread 0x00007fad98018000 Exception <a 'java/lang/NoSuchMethodError'{0x00007f8d85990d90}: 'java.lang.Object java.lang.invoke.DirectMethodHandle$Holder.invokeStatic(java.lang.Object, java.lang.Object, int, java.lang.Object)'> (0x00007f8d85990d90) 
thrown [src/hotspot/share/interpreter/linkResolver.cpp, line 766]
Event: 1.392 Thread 0x00007fad98018000 Exception <a 'java/lang/NoSuchMethodError'{0x00007f8d859996a8}: 'java.lang.Object java.lang.invoke.Invokers$Holder.linkToTargetMethod(java.lang.Object, int, java.lang.Object, java.lang.Object)'> (0x00007f8d859996a8) 
thrown [src/hotspot/share/interpreter/linkResolver.cpp, line 766]
Event: 1.429 Thread 0x00007fad98018000 Exception <a 'java/lang/NoSuchMethodError'{0x00007f8d85a95960}: 'java.lang.Object java.lang.invoke.DirectMethodHandle$Holder.invokeSpecial(java.lang.Object, java.lang.Object, java.lang.Object, java.lang.Object, java.lang.Object, java.lang.Object, java.lang.Object, java.lang.Object, java.lang.Object)'> (0x00007f8d85a95960) 
thrown [src/hotspot/share/interpreter/linkResolver.cpp, line 766]
Event: 1.430 Thread 0x00007fad98018000 Exception <a 'java/lang/NoSuchMethodError'{0x00007f8d85a9a688}: 'java.lang.Object java.lang.invoke.Invokers$Holder.linkToTargetMethod(java.lang.Object, java.lang.Object, java.lang.Object, java.lang.Object, java.lang.Object, java.lang.Object, java.lang.Object, java.lang.Object)'> (0x00007f8d85a9a688) 
thrown [src/hotspot/share/interpreter/linkResolver.cpp, line 766]
Event: 1.443 Thread 0x00007fad98018000 Exception <a 'java/lang/NoSuchMethodError'{0x00007f8d85b4c600}: 'java.lang.Object java.lang.invoke.Invokers$Holder.linkToTargetMethod(java.lang.Object, java.lang.Object, java.lang.Object, java.lang.Object, java.lang.Object, java.lang.Object, java.lang.Object)'> (0x00007f8d85b4c600) 
thrown [src/hotspot/share/interpreter/linkResolver.cpp, line 766]
Event: 1.679 Thread 0x00007fad98018000 Implicit null exception at 0x00007fad882c5445 to 0x00007fad882c5618
Event: 1.679 Thread 0x00007fad98018000 Implicit null exception at 0x00007fad8827e30f to 0x00007fad8827e379
Event: 1.963 Thread 0x00007fad98018000 Exception <a 'java/lang/NoSuchMethodError'{0x00007f8d86966e68}: 'java.lang.Object java.lang.invoke.DirectMethodHandle$Holder.invokeSpecial(java.lang.Object, java.lang.Object, int, java.lang.Object, java.lang.Object)'> (0x00007f8d86966e68) 
thrown [src/hotspot/share/interpreter/linkResolver.cpp, line 766]
Event: 1.967 Thread 0x00007fad98018000 Exception <a 'java/lang/NoSuchMethodError'{0x00007f8d869b1b58}: 'java.lang.Object java.lang.invoke.Invokers$Holder.linkToTargetMethod(java.lang.Object, long, java.lang.Object)'> (0x00007f8d869b1b58) 
thrown [src/hotspot/share/interpreter/linkResolver.cpp, line 766]
Event: 2.046 Thread 0x00007fad980a7000 Implicit null exception at 0x00007fad882a5d4c to 0x00007fad882a5e00
Event: 2.050 Thread 0x00007fad98018000 Exception <a 'java/lang/NoSuchMethodError'{0x00007f8d8061c340}: 'java.lang.Object java.lang.invoke.Invokers$Holder.invokeExact_MT(java.lang.Object, java.lang.Object, java.lang.Object, java.lang.Object, java.lang.Object, java.lang.Object)'> (0x00007f8d8061c340) 
thrown [src/hotspot/share/interpreter/linkResolver.cpp, line 766]
Event: 2.091 Thread 0x00007fad98018000 Exception <a 'java/lang/NoSuchMethodError'{0x00007f8d80759f20}: 'int java.lang.invoke.DirectMethodHandle$Holder.invokeStatic(java.lang.Object, java.lang.Object, int)'> (0x00007f8d80759f20) 
thrown [src/hotspot/share/interpreter/linkResolver.cpp, line 766]
Event: 2.185 Thread 0x00007fad98018000 Exception <a 'java/lang/NoSuchMethodError'{0x00007f8d809d0840}: 'int java.lang.invoke.DirectMethodHandle$Holder.invokeStatic(java.lang.Object, java.lang.Object, java.lang.Object, int)'> (0x00007f8d809d0840) 
thrown [src/hotspot/share/interpreter/linkResolver.cpp, line 766]
Event: 2.743 Thread 0x00007fad98018000 Exception <a 'java/lang/ClassNotFoundException'{0x00007f8d887f84c0}: com/sun/org/apache/xerces/internal/impl/msg/spi/SAXMessagesProvider> (0x00007f8d887f84c0) 
thrown [src/hotspot/share/classfile/systemDictionary.cpp, line 232]
Event: 3.221 Thread 0x00007fad98018000 Exception <a 'java/lang/NoSuchMethodError'{0x00007f8d89e06948}: 'java.lang.Object java.lang.invoke.DirectMethodHandle$Holder.invokeStaticInit(java.lang.Object, java.lang.Object, java.lang.Object)'> (0x00007f8d89e06948) 
thrown [src/hotspot/share/interpreter/linkResolver.cpp, line 766]
Event: 3.222 Thread 0x00007fad98018000 Exception <a 'java/lang/NoSuchMethodError'{0x00007f8d89e11910}: 'void java.lang.invoke.DirectMethodHandle$Holder.invokeStatic(java.lang.Object, java.lang.Object, java.lang.Object, java.lang.Object, java.lang.Object, java.lang.Object)'> (0x00007f8d89e11910) 
thrown [src/hotspot/share/interpreter/linkResolver.cpp, line 766]
Event: 3.235 Thread 0x00007fad98018000 Exception <a 'java/lang/NoSuchMethodError'{0x00007f8d89e49608}: 'void java.lang.invoke.DirectMethodHandle$Holder.invokeStaticInit(java.lang.Object, java.lang.Object, java.lang.Object)'> (0x00007f8d89e49608) 
thrown [src/hotspot/share/interpreter/linkResolver.cpp, line 766]
Event: 3.245 Thread 0x00007fad98018000 Exception <a 'java/net/UnknownHostException'{0x00007f8d89e6a900}> (0x00007f8d89e6a900) 
thrown [src/hotspot/share/prims/jni.cpp, line 598]

Events (20 events):
Event: 419.388 loading class ch/javasoft/util/genarr/GenericDynamicArray done
Event: 419.389 loading class ch/javasoft/metabolic/impl/FractionNumberStoichMetabolicNetwork$BigIntegerMetaboliteRatio
Event: 419.389 loading class ch/javasoft/metabolic/impl/FractionNumberStoichMetabolicNetwork$BigIntegerMetaboliteRatio done
Event: 419.390 loading class ch/javasoft/metabolic/impl/FractionNumberStoichMetabolicNetwork$AbstractBigIntegerMetaboliteRatio
Event: 419.390 loading class ch/javasoft/metabolic/impl/FractionNumberStoichMetabolicNetwork$AbstractBigIntegerMetaboliteRatio done
Event: 419.390 loading class ch/javasoft/metabolic/MetaboliteRatio
Event: 419.390 loading class ch/javasoft/metabolic/MetaboliteRatio done
Event: 419.401 loading class ch/javasoft/metabolic/efm/output/EfmOutputEvent
Event: 419.401 loading class ch/javasoft/metabolic/efm/output/EfmOutputEvent done
Event: 419.402 loading class ch/javasoft/metabolic/efm/output/EfmOutputEvent$Kind
Event: 419.402 loading class ch/javasoft/metabolic/efm/output/EfmOutputEvent$Kind done
Event: 419.402 loading class ch/javasoft/polco/xenum/ExtremeRayEvent
Event: 419.402 loading class ch/javasoft/polco/xenum/ExtremeRayEvent done
Event: 419.402 loading class ch/javasoft/polco/transform/TransformHelper
Event: 419.402 loading class ch/javasoft/polco/transform/TransformHelper done
Event: 419.660 Executing VM operation: GenCollectForAllocation
Event: 428.779 Executing VM operation: GenCollectForAllocation done
Event: 429.370 Executing VM operation: GenCollectForAllocation
Event: 430.425 Executing VM operation: GenCollectForAllocation done
Event: 431.037 Executing VM operation: GenCollectForAllocation


Dynamic libraries:
55dc764eb000-55dc764ec000 r--p 00000000 07:00 4860                       /usr/lib/jvm/java-13-openjdk-amd64/bin/java
55dc764ec000-55dc764ed000 r-xp 00001000 07:00 4860                       /usr/lib/jvm/java-13-openjdk-amd64/bin/java
55dc764ed000-55dc764ee000 r--p 00002000 07:00 4860                       /usr/lib/jvm/java-13-openjdk-amd64/bin/java
55dc764ee000-55dc764ef000 r--p 00002000 07:00 4860                       /usr/lib/jvm/java-13-openjdk-amd64/bin/java
55dc764ef000-55dc764f0000 rw-p 00003000 07:00 4860                       /usr/lib/jvm/java-13-openjdk-amd64/bin/java
55dc76802000-55dc76823000 rw-p 00000000 00:00 0                          [heap]
7f8d28000000-7f8d28513000 rw-p 00000000 00:00 0 
7f8d28513000-7f8d2c000000 ---p 00000000 00:00 0 
7f8d30000000-7f8d38000000 rw-p 00000000 00:00 0 
7f8d38000000-7f8d38021000 rw-p 00000000 00:00 0 
7f8d38021000-7f8d3c000000 ---p 00000000 00:00 0 
7f8d40000000-7f8d40021000 rw-p 00000000 00:00 0 
7f8d40021000-7f8d44000000 ---p 00000000 00:00 0 
7f8d44000000-7f8d44021000 rw-p 00000000 00:00 0 
7f8d44021000-7f8d48000000 ---p 00000000 00:00 0 
7f8d48000000-7f8d4a32f000 rw-p 00000000 00:00 0 
7f8d4a32f000-7f8d4c000000 ---p 00000000 00:00 0 
7f8d4c000000-7f8d4ccfd000 rw-p 00000000 00:00 0 
7f8d4ccfd000-7f8d50000000 ---p 00000000 00:00 0 
7f8d50000000-7f8d50021000 rw-p 00000000 00:00 0 
7f8d50021000-7f8d54000000 ---p 00000000 00:00 0 
7f8d54000000-7f8d54021000 rw-p 00000000 00:00 0 
7f8d54021000-7f8d58000000 ---p 00000000 00:00 0 
7f8d58000000-7f8d58021000 rw-p 00000000 00:00 0 
7f8d58021000-7f8d5c000000 ---p 00000000 00:00 0 
7f8d5c000000-7f8d5c021000 rw-p 00000000 00:00 0 
7f8d5c021000-7f8d60000000 ---p 00000000 00:00 0 
7f8d60000000-7f8d64000000 rw-p 00000000 00:00 0 
7f8d640b0000-7f8d64270000 rw-p 00000000 00:00 0 
7f8d64270000-7f8d642b0000 ---p 00000000 00:00 0 
7f8d642b0000-7f8d644b0000 rw-p 00000000 00:00 0 
7f8d644b0000-7f8d646b0000 rw-p 00000000 00:00 0 
7f8d646b0000-7f8d648b0000 rw-p 00000000 00:00 0 
7f8d648b0000-7f8d64ab0000 rw-p 00000000 00:00 0 
7f8d64ab0000-7f8d64cb0000 rw-p 00000000 00:00 0 
7f8d64cb0000-7f8d64eb0000 rw-p 00000000 00:00 0 
7f8d64eb0000-7f8d65250000 rw-p 00000000 00:00 0 
7f8d65250000-7f8d65450000 rw-p 00000000 00:00 0 
7f8d65450000-7f8d65650000 rw-p 00000000 00:00 0 
7f8d65650000-7f8d65850000 rw-p 00000000 00:00 0 
7f8d65850000-7f8d65851000 ---p 00000000 00:00 0 
7f8d65851000-7f8d65952000 rw-p 00000000 00:00 0 
7f8d65952000-7f8d65956000 ---p 00000000 00:00 0 
7f8d65956000-7f8d65a53000 rw-p 00000000 00:00 0 
7f8d65a53000-7f8d65a57000 ---p 00000000 00:00 0 
7f8d65a57000-7f8d67bb4000 rw-p 00000000 00:00 0 
7f8d67bb4000-7f8d705ff000 ---p 00000000 00:00 0 
7f8d705ff000-7f8d711fd000 rw-p 00000000 00:00 0 
7f8d711fd000-7f8d75b54000 ---p 00000000 00:00 0 
7f8d75b54000-7f8d77bb4000 rw-p 00000000 00:00 0 
7f8d77bb4000-7f8d805ff000 ---p 00000000 00:00 0 
7f8d805ff000-7f8f000f0000 rw-p 00000000 00:00 0 
7f8f000f0000-7f982b0a0000 ---p 00000000 00:00 0 
7f982b0a0000-7f9c36faf000 rw-p 00000000 00:00 0 
7f9ee99b9000-7fad80600000 ---p 00000000 00:00 0 
7fad8065c000-7fad80660000 r--p 00000000 07:00 9178                       /usr/lib/x86_64-linux-gnu/libresolv-2.31.so
7fad80660000-7fad80670000 r-xp 00004000 07:00 9178                       /usr/lib/x86_64-linux-gnu/libresolv-2.31.so
7fad80670000-7fad80674000 r--p 00014000 07:00 9178                       /usr/lib/x86_64-linux-gnu/libresolv-2.31.so
7fad80674000-7fad80675000 r--p 00017000 07:00 9178                       /usr/lib/x86_64-linux-gnu/libresolv-2.31.so
7fad80675000-7fad80676000 rw-p 00018000 07:00 9178                       /usr/lib/x86_64-linux-gnu/libresolv-2.31.so
7fad80676000-7fad80678000 rw-p 00000000 00:00 0 
7fad80678000-7fad80679000 r--p 00000000 07:00 9105                       /usr/lib/x86_64-linux-gnu/libnss_dns-2.31.so
7fad80679000-7fad8067d000 r-xp 00001000 07:00 9105                       /usr/lib/x86_64-linux-gnu/libnss_dns-2.31.so
7fad8067d000-7fad8067e000 r--p 00005000 07:00 9105                       /usr/lib/x86_64-linux-gnu/libnss_dns-2.31.so
7fad8067e000-7fad8067f000 r--p 00005000 07:00 9105                       /usr/lib/x86_64-linux-gnu/libnss_dns-2.31.so
7fad8067f000-7fad80680000 rw-p 00006000 07:00 9105                       /usr/lib/x86_64-linux-gnu/libnss_dns-2.31.so
7fad80680000-7fad80682000 r--p 00000000 07:00 5202                       /usr/lib/jvm/java-13-openjdk-amd64/lib/libmanagement_ext.so
7fad80682000-7fad80685000 r-xp 00002000 07:00 5202                       /usr/lib/jvm/java-13-openjdk-amd64/lib/libmanagement_ext.so
7fad80685000-7fad80686000 r--p 00005000 07:00 5202                       /usr/lib/jvm/java-13-openjdk-amd64/lib/libmanagement_ext.so
7fad80686000-7fad80687000 ---p 00006000 07:00 5202                       /usr/lib/jvm/java-13-openjdk-amd64/lib/libmanagement_ext.so
7fad80687000-7fad80688000 r--p 00006000 07:00 5202                       /usr/lib/jvm/java-13-openjdk-amd64/lib/libmanagement_ext.so
7fad80688000-7fad80689000 rw-p 00007000 07:00 5202                       /usr/lib/jvm/java-13-openjdk-amd64/lib/libmanagement_ext.so
7fad80689000-7fad8068d000 ---p 00000000 00:00 0 
7fad8068d000-7fad8078a000 rw-p 00000000 00:00 0 
7fad8078a000-7fad809fa000 rwxp 00000000 00:00 0 
7fad809fa000-7fad80d19000 ---p 00000000 00:00 0 
7fad80d19000-7fad814a9000 rwxp 00000000 00:00 0 
7fad814a9000-7fad88251000 ---p 00000000 00:00 0 
7fad88251000-7fad884c1000 rwxp 00000000 00:00 0 
7fad884c1000-7fad8f78a000 ---p 00000000 00:00 0 
7fad8f78a000-7fad98000000 r--s 00000000 07:00 5215                       /usr/lib/jvm/java-13-openjdk-amd64/lib/modules
7fad98000000-7fad987f9000 rw-p 00000000 00:00 0 
7fad987f9000-7fad9c000000 ---p 00000000 00:00 0 
7fad9c006000-7fad9c009000 r--p 00000000 07:00 5200                       /usr/lib/jvm/java-13-openjdk-amd64/lib/libmanagement.so
7fad9c009000-7fad9c00a000 r-xp 00003000 07:00 5200                       /usr/lib/jvm/java-13-openjdk-amd64/lib/libmanagement.so
7fad9c00a000-7fad9c00b000 r--p 00004000 07:00 5200                       /usr/lib/jvm/java-13-openjdk-amd64/lib/libmanagement.so
7fad9c00b000-7fad9c00c000 r--p 00004000 07:00 5200                       /usr/lib/jvm/java-13-openjdk-amd64/lib/libmanagement.so
7fad9c00c000-7fad9c00d000 rw-p 00005000 07:00 5200                       /usr/lib/jvm/java-13-openjdk-amd64/lib/libmanagement.so
7fad9c00d000-7fad9c03e000 rw-p 00000000 00:00 0 
7fad9c03e000-7fad9c042000 r--p 00000000 07:00 5204                       /usr/lib/jvm/java-13-openjdk-amd64/lib/libnet.so
7fad9c042000-7fad9c050000 r-xp 00004000 07:00 5204                       /usr/lib/jvm/java-13-openjdk-amd64/lib/libnet.so
7fad9c050000-7fad9c054000 r--p 00012000 07:00 5204                       /usr/lib/jvm/java-13-openjdk-amd64/lib/libnet.so
7fad9c054000-7fad9c055000 r--p 00015000 07:00 5204                       /usr/lib/jvm/java-13-openjdk-amd64/lib/libnet.so
7fad9c055000-7fad9c056000 rw-p 00016000 07:00 5204                       /usr/lib/jvm/java-13-openjdk-amd64/lib/libnet.so
7fad9c056000-7fad9c05d000 r--p 00000000 07:00 5205                       /usr/lib/jvm/java-13-openjdk-amd64/lib/libnio.so
7fad9c05d000-7fad9c066000 r-xp 00007000 07:00 5205                       /usr/lib/jvm/java-13-openjdk-amd64/lib/libnio.so
7fad9c066000-7fad9c06a000 r--p 00010000 07:00 5205                       /usr/lib/jvm/java-13-openjdk-amd64/lib/libnio.so
7fad9c06a000-7fad9c06b000 r--p 00013000 07:00 5205                       /usr/lib/jvm/java-13-openjdk-amd64/lib/libnio.so
7fad9c06b000-7fad9c06c000 rw-p 00014000 07:00 5205                       /usr/lib/jvm/java-13-openjdk-amd64/lib/libnio.so
7fad9c06c000-7fad9c070000 ---p 00000000 00:00 0 
7fad9c070000-7fad9c16d000 rw-p 00000000 00:00 0 
7fad9c16d000-7fad9c171000 ---p 00000000 00:00 0 
7fad9c171000-7fad9c26e000 rw-p 00000000 00:00 0 
7fad9c26e000-7fad9c272000 ---p 00000000 00:00 0 
7fad9c272000-7fad9c36f000 rw-p 00000000 00:00 0 
7fad9c36f000-7fad9c376000 r--s 00000000 07:00 8532                       /usr/lib/x86_64-linux-gnu/gconv/gconv-modules.cache
7fad9c376000-7fad9c3a8000 r--p 00000000 07:00 5276                       /usr/lib/locale/C.UTF-8/LC_CTYPE
7fad9c3a8000-7fad9c3ac000 ---p 00000000 00:00 0 
7fad9c3ac000-7fad9c4a9000 rw-p 00000000 00:00 0 
7fad9c4a9000-7fad9c4ad000 ---p 00000000 00:00 0 
7fad9c4ad000-7fad9c5aa000 rw-p 00000000 00:00 0 
7fad9c5aa000-7fad9c5ab000 ---p 00000000 00:00 0 
7fad9c5ab000-7fad9cfc9000 rw-p 00000000 00:00 0 
7fad9cfc9000-7fad9cfce000 rw-p 00000000 00:00 0 
7fad9cfce000-7fad9d0b4000 ---p 00000000 00:00 0 
7fad9d0b4000-7fad9d0c4000 rw-p 00000000 00:00 0 
7fad9d0c4000-7fad9d19f000 ---p 00000000 00:00 0 
7fad9d19f000-7fad9d1a4000 rw-p 00000000 00:00 0 
7fad9d1a4000-7fad9d1ab000 ---p 00000000 00:00 0 
7fad9d1ab000-7fad9d1ad000 r--p 00000000 07:00 5214                       /usr/lib/jvm/java-13-openjdk-amd64/lib/libzip.so
7fad9d1ad000-7fad9d1b1000 r-xp 00002000 07:00 5214                       /usr/lib/jvm/java-13-openjdk-amd64/lib/libzip.so
7fad9d1b1000-7fad9d1b3000 r--p 00006000 07:00 5214                       /usr/lib/jvm/java-13-openjdk-amd64/lib/libzip.so
7fad9d1b3000-7fad9d1b4000 r--p 00007000 07:00 5214                       /usr/lib/jvm/java-13-openjdk-amd64/lib/libzip.so
7fad9d1b4000-7fad9d1b5000 rw-p 00008000 07:00 5214                       /usr/lib/jvm/java-13-openjdk-amd64/lib/libzip.so
7fad9d1b5000-7fad9d1bd000 rw-s 00000000 08:03 67204702                   /tmp/hsperfdata_rcabanas/129007
7fad9d1bd000-7fad9d1c0000 r--p 00000000 07:00 9108                       /usr/lib/x86_64-linux-gnu/libnss_files-2.31.so
7fad9d1c0000-7fad9d1c7000 r-xp 00003000 07:00 9108                       /usr/lib/x86_64-linux-gnu/libnss_files-2.31.so
7fad9d1c7000-7fad9d1c9000 r--p 0000a000 07:00 9108                       /usr/lib/x86_64-linux-gnu/libnss_files-2.31.so
7fad9d1c9000-7fad9d1ca000 r--p 0000b000 07:00 9108                       /usr/lib/x86_64-linux-gnu/libnss_files-2.31.so
7fad9d1ca000-7fad9d1cb000 rw-p 0000c000 07:00 9108                       /usr/lib/x86_64-linux-gnu/libnss_files-2.31.so
7fad9d1cb000-7fad9d1d1000 rw-p 00000000 00:00 0 
7fad9d1d7000-7fad9d1d9000 r--p 00000000 07:00 5195                       /usr/lib/jvm/java-13-openjdk-amd64/lib/libjimage.so
7fad9d1d9000-7fad9d1dc000 r-xp 00002000 07:00 5195                       /usr/lib/jvm/java-13-openjdk-amd64/lib/libjimage.so
7fad9d1dc000-7fad9d1dd000 r--p 00005000 07:00 5195                       /usr/lib/jvm/java-13-openjdk-amd64/lib/libjimage.so
7fad9d1dd000-7fad9d1de000 ---p 00006000 07:00 5195                       /usr/lib/jvm/java-13-openjdk-amd64/lib/libjimage.so
7fad9d1de000-7fad9d1df000 r--p 00006000 07:00 5195                       /usr/lib/jvm/java-13-openjdk-amd64/lib/libjimage.so
7fad9d1df000-7fad9d1e0000 rw-p 00007000 07:00 5195                       /usr/lib/jvm/java-13-openjdk-amd64/lib/libjimage.so
7fad9d1e0000-7fad9d1ed000 r--p 00000000 07:00 5191                       /usr/lib/jvm/java-13-openjdk-amd64/lib/libjava.so
7fad9d1ed000-7fad9d202000 r-xp 0000d000 07:00 5191                       /usr/lib/jvm/java-13-openjdk-amd64/lib/libjava.so
7fad9d202000-7fad9d208000 r--p 00022000 07:00 5191                       /usr/lib/jvm/java-13-openjdk-amd64/lib/libjava.so
7fad9d208000-7fad9d209000 ---p 00028000 07:00 5191                       /usr/lib/jvm/java-13-openjdk-amd64/lib/libjava.so
7fad9d209000-7fad9d20a000 r--p 00028000 07:00 5191                       /usr/lib/jvm/java-13-openjdk-amd64/lib/libjava.so
7fad9d20a000-7fad9d20c000 rw-p 00029000 07:00 5191                       /usr/lib/jvm/java-13-openjdk-amd64/lib/libjava.so
7fad9d20c000-7fad9d211000 r--p 00000000 07:00 5213                       /usr/lib/jvm/java-13-openjdk-amd64/lib/libverify.so
7fad9d211000-7fad9d218000 r-xp 00005000 07:00 5213                       /usr/lib/jvm/java-13-openjdk-amd64/lib/libverify.so
7fad9d218000-7fad9d21a000 r--p 0000c000 07:00 5213                       /usr/lib/jvm/java-13-openjdk-amd64/lib/libverify.so
7fad9d21a000-7fad9d21b000 ---p 0000e000 07:00 5213                       /usr/lib/jvm/java-13-openjdk-amd64/lib/libverify.so
7fad9d21b000-7fad9d21d000 r--p 0000e000 07:00 5213                       /usr/lib/jvm/java-13-openjdk-amd64/lib/libverify.so
7fad9d21d000-7fad9d21e000 rw-p 00010000 07:00 5213                       /usr/lib/jvm/java-13-openjdk-amd64/lib/libverify.so
7fad9d21e000-7fad9d222000 ---p 00000000 00:00 0 
7fad9d222000-7fad9d31f000 rw-p 00000000 00:00 0 
7fad9d31f000-7fad9d322000 r--p 00000000 07:00 8948                       /usr/lib/x86_64-linux-gnu/libgcc_s.so.1
7fad9d322000-7fad9d334000 r-xp 00003000 07:00 8948                       /usr/lib/x86_64-linux-gnu/libgcc_s.so.1
7fad9d334000-7fad9d338000 r--p 00015000 07:00 8948                       /usr/lib/x86_64-linux-gnu/libgcc_s.so.1
7fad9d338000-7fad9d339000 r--p 00018000 07:00 8948                       /usr/lib/x86_64-linux-gnu/libgcc_s.so.1
7fad9d339000-7fad9d33a000 rw-p 00019000 07:00 8948                       /usr/lib/x86_64-linux-gnu/libgcc_s.so.1
7fad9d33a000-7fad9d347000 r--p 00000000 07:00 9062                       /usr/lib/x86_64-linux-gnu/libm-2.31.so
7fad9d347000-7fad9d3ee000 r-xp 0000d000 07:00 9062                       /usr/lib/x86_64-linux-gnu/libm-2.31.so
7fad9d3ee000-7fad9d487000 r--p 000b4000 07:00 9062                       /usr/lib/x86_64-linux-gnu/libm-2.31.so
7fad9d487000-7fad9d488000 r--p 0014c000 07:00 9062                       /usr/lib/x86_64-linux-gnu/libm-2.31.so
7fad9d488000-7fad9d489000 rw-p 0014d000 07:00 9062                       /usr/lib/x86_64-linux-gnu/libm-2.31.so
7fad9d489000-7fad9d51f000 r--p 00000000 07:00 9213                       /usr/lib/x86_64-linux-gnu/libstdc++.so.6.0.28
7fad9d51f000-7fad9d610000 r-xp 00096000 07:00 9213                       /usr/lib/x86_64-linux-gnu/libstdc++.so.6.0.28
7fad9d610000-7fad9d659000 r--p 00187000 07:00 9213                       /usr/lib/x86_64-linux-gnu/libstdc++.so.6.0.28
7fad9d659000-7fad9d65a000 ---p 001d0000 07:00 9213                       /usr/lib/x86_64-linux-gnu/libstdc++.so.6.0.28
7fad9d65a000-7fad9d665000 r--p 001d0000 07:00 9213                       /usr/lib/x86_64-linux-gnu/libstdc++.so.6.0.28
7fad9d665000-7fad9d668000 rw-p 001db000 07:00 9213                       /usr/lib/x86_64-linux-gnu/libstdc++.so.6.0.28
7fad9d668000-7fad9d66b000 rw-p 00000000 00:00 0 
7fad9d66b000-7fad9d8f1000 r--p 00000000 07:00 5226                       /usr/lib/jvm/java-13-openjdk-amd64/lib/server/libjvm.so
7fad9d8f1000-7fad9e66e000 r-xp 00286000 07:00 5226                       /usr/lib/jvm/java-13-openjdk-amd64/lib/server/libjvm.so
7fad9e66e000-7fad9e8e9000 r--p 01003000 07:00 5226                       /usr/lib/jvm/java-13-openjdk-amd64/lib/server/libjvm.so
7fad9e8e9000-7fad9e9ae000 r--p 0127d000 07:00 5226                       /usr/lib/jvm/java-13-openjdk-amd64/lib/server/libjvm.so
7fad9e9ae000-7fad9e9e9000 rw-p 01342000 07:00 5226                       /usr/lib/jvm/java-13-openjdk-amd64/lib/server/libjvm.so
7fad9e9e9000-7fad9ea6f000 rw-p 00000000 00:00 0 
7fad9ea6f000-7fad9ea75000 r--p 00000000 07:00 9166                       /usr/lib/x86_64-linux-gnu/libpthread-2.31.so
7fad9ea75000-7fad9ea86000 r-xp 00006000 07:00 9166                       /usr/lib/x86_64-linux-gnu/libpthread-2.31.so
7fad9ea86000-7fad9ea8c000 r--p 00017000 07:00 9166                       /usr/lib/x86_64-linux-gnu/libpthread-2.31.so
7fad9ea8c000-7fad9ea8d000 r--p 0001c000 07:00 9166                       /usr/lib/x86_64-linux-gnu/libpthread-2.31.so
7fad9ea8d000-7fad9ea8e000 rw-p 0001d000 07:00 9166                       /usr/lib/x86_64-linux-gnu/libpthread-2.31.so
7fad9ea8e000-7fad9ea92000 rw-p 00000000 00:00 0 
7fad9ea92000-7fad9ea93000 r--p 00000000 07:00 8893                       /usr/lib/x86_64-linux-gnu/libdl-2.31.so
7fad9ea93000-7fad9ea95000 r-xp 00001000 07:00 8893                       /usr/lib/x86_64-linux-gnu/libdl-2.31.so
7fad9ea95000-7fad9ea96000 r--p 00003000 07:00 8893                       /usr/lib/x86_64-linux-gnu/libdl-2.31.so
7fad9ea96000-7fad9ea97000 r--p 00003000 07:00 8893                       /usr/lib/x86_64-linux-gnu/libdl-2.31.so
7fad9ea97000-7fad9ea98000 rw-p 00004000 07:00 8893                       /usr/lib/x86_64-linux-gnu/libdl-2.31.so
7fad9ea98000-7fad9ea9a000 r--p 00000000 07:00 9290                       /usr/lib/x86_64-linux-gnu/libz.so.1.2.11
7fad9ea9a000-7fad9eaab000 r-xp 00002000 07:00 9290                       /usr/lib/x86_64-linux-gnu/libz.so.1.2.11
7fad9eaab000-7fad9eab1000 r--p 00013000 07:00 9290                       /usr/lib/x86_64-linux-gnu/libz.so.1.2.11
7fad9eab1000-7fad9eab2000 ---p 00019000 07:00 9290                       /usr/lib/x86_64-linux-gnu/libz.so.1.2.11
7fad9eab2000-7fad9eab3000 r--p 00019000 07:00 9290                       /usr/lib/x86_64-linux-gnu/libz.so.1.2.11
7fad9eab3000-7fad9eab4000 rw-p 0001a000 07:00 9290                       /usr/lib/x86_64-linux-gnu/libz.so.1.2.11
7fad9eab4000-7fad9ead6000 r--p 00000000 07:00 8851                       /usr/lib/x86_64-linux-gnu/libc-2.31.so
7fad9ead6000-7fad9ec4e000 r-xp 00022000 07:00 8851                       /usr/lib/x86_64-linux-gnu/libc-2.31.so
7fad9ec4e000-7fad9ec9c000 r--p 0019a000 07:00 8851                       /usr/lib/x86_64-linux-gnu/libc-2.31.so
7fad9ec9c000-7fad9eca0000 r--p 001e7000 07:00 8851                       /usr/lib/x86_64-linux-gnu/libc-2.31.so
7fad9eca0000-7fad9eca2000 rw-p 001eb000 07:00 8851                       /usr/lib/x86_64-linux-gnu/libc-2.31.so
7fad9eca2000-7fad9eca6000 rw-p 00000000 00:00 0 
7fad9eca8000-7fad9ecaa000 r--s 0000c000 07:00 20930                      /usr/share/java/java-atk-wrapper.jar
7fad9ecaa000-7fad9ecab000 ---p 00000000 00:00 0 
7fad9ecab000-7fad9ecac000 r--p 00000000 00:00 0 
7fad9ecac000-7fad9ecaf000 r--p 00000000 07:00 5196                       /usr/lib/jvm/java-13-openjdk-amd64/lib/libjli.so
7fad9ecaf000-7fad9ecb9000 r-xp 00003000 07:00 5196                       /usr/lib/jvm/java-13-openjdk-amd64/lib/libjli.so
7fad9ecb9000-7fad9ecbc000 r--p 0000d000 07:00 5196                       /usr/lib/jvm/java-13-openjdk-amd64/lib/libjli.so
7fad9ecbc000-7fad9ecbd000 r--p 0000f000 07:00 5196                       /usr/lib/jvm/java-13-openjdk-amd64/lib/libjli.so
7fad9ecbd000-7fad9ecbe000 rw-p 00010000 07:00 5196                       /usr/lib/jvm/java-13-openjdk-amd64/lib/libjli.so
7fad9ecbe000-7fad9ecc0000 rw-p 00000000 00:00 0 
7fad9ecc0000-7fad9ecc1000 r--p 00000000 07:00 8572                       /usr/lib/x86_64-linux-gnu/ld-2.31.so
7fad9ecc1000-7fad9ece4000 r-xp 00001000 07:00 8572                       /usr/lib/x86_64-linux-gnu/ld-2.31.so
7fad9ece4000-7fad9ecec000 r--p 00024000 07:00 8572                       /usr/lib/x86_64-linux-gnu/ld-2.31.so
7fad9ecec000-7fad9eced000 ---p 00000000 00:00 0 
7fad9eced000-7fad9ecee000 r--p 0002c000 07:00 8572                       /usr/lib/x86_64-linux-gnu/ld-2.31.so
7fad9ecee000-7fad9ecef000 rw-p 0002d000 07:00 8572                       /usr/lib/x86_64-linux-gnu/ld-2.31.so
7fad9ecef000-7fad9ecf0000 rw-p 00000000 00:00 0 
7ffeeb7f3000-7ffeeb814000 rw-p 00000000 00:00 0                          [stack]
7ffeeb948000-7ffeeb94a000 r-xp 00000000 00:00 0                          [vdso]
ffffffffff600000-ffffffffff601000 r-xp 00000000 00:00 0                  [vsyscall]


VM Arguments:
jvm_args: -Xmx128g --add-modules=ALL-DEFAULT 
java_command: jdk.compiler/com.sun.tools.javac.launcher.Main /mnt/beegfs/rcabanas/dev/credici/papers/zeros/code/GenerateNparents.java -np 2 -nzr 1.0 -zdr 0.5 -o /mnt/beegfs/rcabanas/dev/credici/papers/zeros/models/s3 -rw -s 156 -ys 3
java_class_path (initial): /mnt/beegfs/rcabanas/dev/credici/target/credici-0.1.5-dev-SNAPSHOT-jar-with-dependencies.jar
Launcher Type: SUN_STANDARD

[Global flags]
     intx CICompilerCount                          = 2                                         {product} {ergonomic}
   size_t InitialHeapSize                          = 2147483648                                {product} {ergonomic}
   size_t MaxHeapSize                              = 137438953472                              {product} {command line}
   size_t MaxNewSize                               = 45812940800                               {product} {ergonomic}
   size_t MinHeapDeltaBytes                        = 196608                                    {product} {ergonomic}
   size_t MinHeapSize                              = 8388608                                   {product} {ergonomic}
   size_t NewSize                                  = 715784192                                 {product} {ergonomic}
    uintx NonNMethodCodeHeapSize                   = 5826188                                {pd product} {ergonomic}
    uintx NonProfiledCodeHeapSize                  = 122916026                              {pd product} {ergonomic}
   size_t OldSize                                  = 1431699456                                {product} {ergonomic}
    uintx ProfiledCodeHeapSize                     = 122916026                              {pd product} {ergonomic}
    uintx ReservedCodeCacheSize                    = 251658240                              {pd product} {ergonomic}
     bool SegmentedCodeCache                       = true                                      {product} {ergonomic}
   size_t SoftMaxHeapSize                          = 137438953472                           {manageable} {ergonomic}
     bool UseSerialGC                              = true                                      {product} {ergonomic}

Logging:
Log output configuration:
 #0: stdout all=warning uptime,level,tags
 #1: stderr all=off uptime,level,tags

Environment Variables:
PATH=/usr/local/sbin:/usr/local/bin:/usr/sbin:/usr/bin:/sbin:/bin
LD_LIBRARY_PATH=/.singularity.d/libs

Signal Handlers:
SIGSEGV: [libjvm.so+0xf8fcf0], sa_mask[0]=11111111011111111101111111111110, sa_flags=SA_RESTART|SA_SIGINFO
SIGBUS: [libjvm.so+0xf8fcf0], sa_mask[0]=11111111011111111101111111111110, sa_flags=SA_RESTART|SA_SIGINFO
SIGFPE: [libjvm.so+0xf8fcf0], sa_mask[0]=11111111011111111101111111111110, sa_flags=SA_RESTART|SA_SIGINFO
SIGPIPE: [libjvm.so+0xc3ffa0], sa_mask[0]=11111111011111111101111111111110, sa_flags=SA_RESTART|SA_SIGINFO
SIGXFSZ: [libjvm.so+0xc3ffa0], sa_mask[0]=11111111011111111101111111111110, sa_flags=SA_RESTART|SA_SIGINFO
SIGILL: [libjvm.so+0xf8fcf0], sa_mask[0]=11111111011111111101111111111110, sa_flags=SA_RESTART|SA_SIGINFO
SIGUSR2: [libjvm.so+0xc3fe40], sa_mask[0]=00000000000000000000000000000000, sa_flags=SA_RESTART|SA_SIGINFO
SIGHUP: [libjvm.so+0xc40580], sa_mask[0]=11111111011111111101111111111110, sa_flags=SA_RESTART|SA_SIGINFO
SIGINT: [libjvm.so+0xc40580], sa_mask[0]=11111111011111111101111111111110, sa_flags=SA_RESTART|SA_SIGINFO
SIGTERM: [libjvm.so+0xc40580], sa_mask[0]=11111111011111111101111111111110, sa_flags=SA_RESTART|SA_SIGINFO
SIGQUIT: [libjvm.so+0xc40580], sa_mask[0]=11111111011111111101111111111110, sa_flags=SA_RESTART|SA_SIGINFO


---------------  S Y S T E M  ---------------

OS:DISTRIB_ID=Ubuntu
DISTRIB_RELEASE=20.04
DISTRIB_CODENAME=focal
DISTRIB_DESCRIPTION="Ubuntu 20.04.4 LTS"
uname:Linux 3.10.0-1160.15.2.el7.x86_64 #1 SMP Wed Feb 3 15:06:38 UTC 2021 x86_64
OS uptime: 928 days 20:09 hours
libc:glibc 2.31 NPTL 2.31 
rlimit (soft/hard): STACK 8192k/infinity , CORE 0k/infinity , NPROC 4096/1030157 , NOFILE 131072/131072 , AS infinity/infinity , CPU infinity/infinity , DATA infinity/infinity , FSIZE infinity/infinity , MEMLOCK infinity/infinity
load average:17.35 17.36 15.96

/proc/meminfo:
MemTotal:       263800832 kB
MemFree:         9459980 kB
MemAvailable:    9213316 kB
Buffers:           93076 kB
Cached:          2311068 kB
SwapCached:       282840 kB
Active:         239676644 kB
Inactive:        5521812 kB
Active(anon):   239572864 kB
Inactive(anon):  5189172 kB
Active(file):     103780 kB
Inactive(file):   332640 kB
Unevictable:       15476 kB
Mlocked:           15476 kB
SwapTotal:       4194300 kB
SwapFree:          24168 kB
Dirty:               404 kB
Writeback:             8 kB
AnonPages:      242511324 kB
Mapped:           128364 kB
Shmem:           1962556 kB
Slab:             561832 kB
SReclaimable:     174676 kB
SUnreclaim:       387156 kB
KernelStack:       27808 kB
PageTables:       520872 kB
NFS_Unstable:          0 kB
Bounce:                0 kB
WritebackTmp:          0 kB
CommitLimit:    136094716 kB
Committed_AS:   275397744 kB
VmallocTotal:   34359738367 kB
VmallocUsed:      908100 kB
VmallocChunk:   34224559680 kB
Percpu:            69632 kB
HardwareCorrupted:     0 kB
AnonHugePages:  117467136 kB
CmaTotal:              0 kB
CmaFree:               0 kB
HugePages_Total:       0
HugePages_Free:        0
HugePages_Rsvd:        0
HugePages_Surp:        0
Hugepagesize:       2048 kB
DirectMap4k:      622792 kB
DirectMap2M:    27551744 kB
DirectMap1G:    240123904 kB

/sys/kernel/mm/transparent_hugepage/enabled:
[always] madvise never

/sys/kernel/mm/transparent_hugepage/defrag (defrag/compaction efforts parameter):
[always] madvise never


/proc/sys/kernel/threads-max (system-wide limit on the number of threads):
2060314


/proc/sys/vm/max_map_count (maximum number of memory map areas a process may have):
65530


/proc/sys/kernel/pid_max (system-wide limit on number of process identifiers):
262144



Steal ticks since vm start: 0
Steal ticks percentage since vm start:  0.000

CPU:total 64 (initial active 1) (32 cores per cpu, 1 threads per core) family 23 model 49 stepping 0, cmov, cx8, fxsr, mmx, sse, sse2, sse3, ssse3, sse4.1, sse4.2, popcnt, avx, avx2, aes, clmul, mmxext, 3dnowpref, lzcnt, sse4a, tsc, tscinvbit, tscinv, bmi1, bmi2, adx, sha, fma
CPU Model and flags from /proc/cpuinfo:
model name	: AMD EPYC 7542 32-Core Processor
flags		: fpu vme de pse tsc msr pae mce cx8 apic sep mtrr pge mca cmov pat pse36 clflush mmx fxsr sse sse2 ht syscall nx mmxext fxsr_opt pdpe1gb rdtscp lm constant_tsc art rep_good nopl nonstop_tsc extd_apicid aperfmperf eagerfpu pni pclmulqdq monitor ssse3 fma cx16 sse4_1 sse4_2 movbe popcnt aes xsave avx f16c rdrand lahf_lm cmp_legacy svm extapic cr8_legacy abm sse4a misalignsse 3dnowprefetch osvw ibs skinit wdt tce topoext perfctr_core perfctr_nb bpext perfctr_l2 cpb cat_l3 cdp_l3 hw_pstate sme retpoline_amd ssbd ibrs ibpb stibp vmmcall fsgsbase bmi1 avx2 smep bmi2 cqm rdt_a rdseed adx smap clflushopt clwb sha_ni xsaveopt xsavec xgetbv1 cqm_llc cqm_occup_llc cqm_mbm_total cqm_mbm_local clzero irperf xsaveerptr arat npt lbrv svm_lock nrip_save tsc_scale vmcb_clean flushbyasid decodeassists pausefilter pfthreshold avic v_vmsave_vmload vgif umip overflow_recov succor smca
Online cpus:0-63
Offline cpus:64-255
BIOS frequency limitation:2900000
Frequency switch latency (ns):0
Available cpu frequencies:2900000 2400000 1500000 
Current governor:conservative
Core performance/turbo boost:1

Memory: 4k page, physical 263800832k(9459980k free), swap 4194300k(24168k free)

vm_info: OpenJDK 64-Bit Server VM (13.0.7+5-Ubuntu-0ubuntu120.04) for linux-amd64 JRE (13.0.7+5-Ubuntu-0ubuntu120.04), built on Apr 21 2021 05:36:19 by "unknown" with gcc 9.3.0

END.
