#
# There is insufficient memory for the Java Runtime Environment to continue.
# Native memory allocation (mmap) failed to map 779952128 bytes for committing reserved memory.
# Possible reasons:
#   The system is out of physical RAM or swap space
# Possible solutions:
#   Reduce memory load on the system
#   Increase physical memory or swap space
#   Check if swap backing store is full
#   Decrease Java heap size (-Xmx/-Xms)
#   Decrease number of Java threads
#   Decrease Java thread stack sizes (-Xss)
#   Set larger code cache with -XX:ReservedCodeCacheSize=
# This output file may be truncated or incomplete.
#
#  Out of Memory Error (os_linux.cpp:2899), pid=21604, tid=21606
#
# JRE version: OpenJDK Runtime Environment (13.0.7+5) (build 13.0.7+5-Ubuntu-0ubuntu120.04)
# Java VM: OpenJDK 64-Bit Server VM (13.0.7+5-Ubuntu-0ubuntu120.04, mixed mode, tiered, serial gc, linux-amd64)
# No core dump will be written. Core dumps have been disabled. To enable core dumping, try "ulimit -c unlimited" before starting Java again
#

---------------  S U M M A R Y ------------

Command Line: -Xmx128g --add-modules=ALL-DEFAULT jdk.compiler/com.sun.tools.javac.launcher.Main /mnt/beegfs/rcabanas/dev/credici/papers/zeros/code/GenerateNparents.java -np 2 -nzr 1.0 -zdr 0.5 -o /mnt/beegfs/rcabanas/dev/credici/papers/zeros/models/s3 -rw -s 8 -ys 3

Host: AMD EPYC 7542 32-Core Processor, 64 cores, 251G, Ubuntu 20.04.4 LTS
Time: Mon Oct 14 13:23:21 2024 CEST elapsed time: 41.293625 seconds (0d 0h 0m 41s)

---------------  T H R E A D  ---------------

Current thread (0x00007fa978097800):  VMThread "VM Thread" [stack: 0x00007fa97eb3f000,0x00007fa97ec3f000] [id=21606]

Stack: [0x00007fa97eb3f000,0x00007fa97ec3f000],  sp=0x00007fa97ec3d160,  free space=1016k
Native frames: (J=compiled Java code, A=aot compiled Java code, j=interpreted, Vv=VM code, C=native code)
V  [libjvm.so+0xf8f092]
V  [libjvm.so+0xf8fc91]
V  [libjvm.so+0x66ee5a]
V  [libjvm.so+0xc44a41]
V  [libjvm.so+0xc3b263]
V  [libjvm.so+0xf87f4b]
V  [libjvm.so+0x557506]
V  [libjvm.so+0x557723]
V  [libjvm.so+0xf18b0c]
V  [libjvm.so+0x557e65]
V  [libjvm.so+0x7e2edb]
V  [libjvm.so+0x7e39bd]
V  [libjvm.so+0x7d8b48]
V  [libjvm.so+0xf90940]
V  [libjvm.so+0xf96657]
V  [libjvm.so+0xf96d2b]
V  [libjvm.so+0xf9706a]
V  [libjvm.so+0xf2208f]
V  [libjvm.so+0xc493ff]

VM_Operation (0x00007fa97f8aeb70): GenCollectForAllocation, mode: safepoint, requested by thread 0x00007fa978018000


---------------  P R O C E S S  ---------------

Threads class SMR info:
_java_thread_list=0x00007fa9781360c0, length=9, elements={
0x00007fa978018000, 0x00007fa9780a3800, 0x00007fa9780a7000, 0x00007fa9780cb000,
0x00007fa9780cd000, 0x00007fa9780cf000, 0x00007fa9780d1000, 0x00007fa9780d3000,
0x00007fa978134800
}

Java Threads: ( => current thread )
  0x00007fa978018000 JavaThread "main" [_thread_blocked, id=21605, stack(0x00007fa97f7b1000,0x00007fa97f8b2000)]
  0x00007fa9780a3800 JavaThread "Reference Handler" daemon [_thread_blocked, id=21607, stack(0x00007fa97ea3c000,0x00007fa97eb3d000)]
  0x00007fa9780a7000 JavaThread "Finalizer" daemon [_thread_blocked, id=21608, stack(0x00007fa97e93b000,0x00007fa97ea3c000)]
  0x00007fa9780cb000 JavaThread "Signal Dispatcher" daemon [_thread_blocked, id=21609, stack(0x00007fa97e801000,0x00007fa97e902000)]
  0x00007fa9780cd000 JavaThread "Service Thread" daemon [_thread_blocked, id=21610, stack(0x00007fa97e700000,0x00007fa97e801000)]
  0x00007fa9780cf000 JavaThread "C2 CompilerThread0" daemon [_thread_blocked, id=21611, stack(0x00007fa97e5ff000,0x00007fa97e700000)]
  0x00007fa9780d1000 JavaThread "C1 CompilerThread0" daemon [_thread_blocked, id=21612, stack(0x00007fa97e4fe000,0x00007fa97e5ff000)]
  0x00007fa9780d3000 JavaThread "Sweeper thread" daemon [_thread_blocked, id=21613, stack(0x00007fa97e3fd000,0x00007fa97e4fe000)]
  0x00007fa978134800 JavaThread "Common-Cleaner" daemon [_thread_blocked, id=21614, stack(0x00007fa97e2fc000,0x00007fa97e3fd000)]

Other Threads:
=>0x00007fa978097800 VMThread "VM Thread" [stack: 0x00007fa97eb3f000,0x00007fa97ec3f000] [id=21606]
  0x00007fa978181800 WatcherThread [stack: 0x00007fa97e1fc000,0x00007fa97e2fc000] [id=21615]

Threads with active compile tasks:

VM state:at safepoint (normal execution)

VM Mutex/Monitor currently owned by a thread:  ([mutex/lock_event])
[0x00007fa9780140d0] Threads_lock - owner thread: 0x00007fa978097800
[0x00007fa978014cd0] Heap_lock - owner thread: 0x00007fa978018000

Heap:
 def new generation   total 629248K, used 0K [0x00007f8960600000, 0x00007f898b0c0000, 0x00007f940b0a0000)
  eden space 559360K,   0% used [0x00007f8960600000, 0x00007f8960600000, 0x00007f8982840000)
  from space 69888K,   0% used [0x00007f8986c80000, 0x00007f8986c80000, 0x00007f898b0c0000)
  to   space 69888K,   0% used [0x00007f8982840000, 0x00007f8982840000, 0x00007f8986c80000)
 tenured generation   total 1410048K, used 1303029K [0x00007f940b0a0000, 0x00007f94611a0000, 0x00007fa960600000)
   the space 1410048K,  92% used [0x00007f940b0a0000, 0x00007f945a91d668, 0x00007f945a91d800, 0x00007f94611a0000)
 Metaspace       used 29930K, capacity 30393K, committed 30720K, reserved 30720K

Card table byte_map: [0x00007f89505ff000,0x00007f8960600000] _byte_map_base: 0x00007f498bafc000

Polling page: 0x00007fa98123d000

Metaspace:

Usage:
   29.68 MB capacity,    29.23 MB ( 98%) used,   358.66 KB (  1%) free+waste,   104.25 KB ( <1%) overhead. 

Virtual space:
     30.00 MB reserved,      30.00 MB (100%) committed 

Chunk freelists:
91.00 KB

MaxMetaspaceSize: unlimited


CodeHeap 'non-profiled nmethods': size=120036Kb used=1807Kb max_used=1807Kb free=118228Kb
 bounds [0x00007fa968251000, 0x00007fa9684c1000, 0x00007fa96f78a000]
CodeHeap 'profiled nmethods': size=120032Kb used=8038Kb max_used=8038Kb free=111993Kb
 bounds [0x00007fa960d19000, 0x00007fa9614f9000, 0x00007fa968251000]
CodeHeap 'non-nmethods': size=5692Kb used=1246Kb max_used=1298Kb free=4445Kb
 bounds [0x00007fa96078a000, 0x00007fa9609fa000, 0x00007fa960d19000]
 total_blobs=4452 nmethods=3923 adapters=444
 compilation: enabled
              stopped_count=0, restarted_count=0
 full_count=0

Compilation events (20 events):
Event: 27.569 Thread 0x00007fa9780cf000 3941       4       java.math.MutableBigInteger::leftShift (293 bytes)
Event: 27.591 Thread 0x00007fa9780cf000 nmethod 3941 0x00007fa968403a10 code [0x00007fa968403bc0, 0x00007fa9684043a8]
Event: 27.591 Thread 0x00007fa9780cf000 3932       4       ch.javasoft.math.BigFraction::valueOf (71 bytes)
Event: 27.596 Thread 0x00007fa9780cf000 nmethod 3932 0x00007fa968404710 code [0x00007fa9684048c0, 0x00007fa968404cf8]
Event: 28.063 Thread 0x00007fa9780d1000 3942       3       ch.javasoft.metabolic.efm.util.ColumnUtil::mergeNumeric (197 bytes)
Event: 28.066 Thread 0x00007fa9780d1000 nmethod 3942 0x00007fa9614edf90 code [0x00007fa9614ee400, 0x00007fa9614f07a0]
Event: 28.066 Thread 0x00007fa9780d1000 3943       3       ch.javasoft.math.BigFraction::abs (66 bytes)
Event: 28.066 Thread 0x00007fa9780d1000 nmethod 3943 0x00007fa9614f1690 code [0x00007fa9614f1880, 0x00007fa9614f1db0]
Event: 28.077 Thread 0x00007fa9780cf000 3944       4       ch.javasoft.metabolic.efm.util.ColumnUtil::mergeNumeric (197 bytes)
Event: 28.661 Thread 0x00007fa9780cf000 nmethod 3944 0x00007fa968405090 code [0x00007fa968405660, 0x00007fa96840b1f0]
Event: 28.661 Thread 0x00007fa9780cf000 3945       4       ch.javasoft.math.ops.BigFractionOperations::reduceVector (67 bytes)
Event: 28.731 Thread 0x00007fa9780cf000 nmethod 3945 0x00007fa96840f390 code [0x00007fa96840f620, 0x00007fa968410b10]
Event: 28.731 Thread 0x00007fa9780cf000 3947       4       ch.javasoft.math.BigFraction::gcd (151 bytes)
Event: 28.771 Thread 0x00007fa9780cf000 nmethod 3947 0x00007fa968411a90 code [0x00007fa968411cc0, 0x00007fa968412b38]
Event: 28.771 Thread 0x00007fa9780cf000 3946       4       ch.javasoft.math.BigFraction::abs (66 bytes)
Event: 28.774 Thread 0x00007fa9780cf000 nmethod 3946 0x00007fa968413590 code [0x00007fa968413720, 0x00007fa9684139d8]
Event: 30.188 Thread 0x00007fa9780d1000 3948       3       ch.javasoft.math.BigFraction::reduce (93 bytes)
Event: 30.189 Thread 0x00007fa9780d1000 nmethod 3948 0x00007fa9614f2010 code [0x00007fa9614f2240, 0x00007fa9614f2780]
Event: 30.193 Thread 0x00007fa9780cf000 3949       4       ch.javasoft.math.BigFraction::reduce (93 bytes)
Event: 30.204 Thread 0x00007fa9780cf000 nmethod 3949 0x00007fa968413c90 code [0x00007fa968413e80, 0x00007fa968414668]

GC Heap History (20 events):
Event: 31.677 GC heap after
{Heap after GC invocations=21 (full 1):
 def new generation   total 629248K, used 41937K [0x00007f8960600000, 0x00007f898b0c0000, 0x00007f940b0a0000)
  eden space 559360K,   0% used [0x00007f8960600000, 0x00007f8960600000, 0x00007f8982840000)
  from space 69888K,  60% used [0x00007f8982840000, 0x00007f8985134428, 0x00007f8986c80000)
  to   space 69888K,   0% used [0x00007f8986c80000, 0x00007f8986c80000, 0x00007f898b0c0000)
 tenured generation   total 1398144K, used 1024448K [0x00007f940b0a0000, 0x00007f9460600000, 0x00007fa960600000)
   the space 1398144K,  73% used [0x00007f940b0a0000, 0x00007f94499100b8, 0x00007f9449910200, 0x00007f9460600000)
 Metaspace       used 29930K, capacity 30393K, committed 30720K, reserved 30720K
}
Event: 31.933 GC heap before
{Heap before GC invocations=21 (full 1):
 def new generation   total 629248K, used 601297K [0x00007f8960600000, 0x00007f898b0c0000, 0x00007f940b0a0000)
  eden space 559360K, 100% used [0x00007f8960600000, 0x00007f8982840000, 0x00007f8982840000)
  from space 69888K,  60% used [0x00007f8982840000, 0x00007f8985134428, 0x00007f8986c80000)
  to   space 69888K,   0% used [0x00007f8986c80000, 0x00007f8986c80000, 0x00007f898b0c0000)
 tenured generation   total 1398144K, used 1024448K [0x00007f940b0a0000, 0x00007f9460600000, 0x00007fa960600000)
   the space 1398144K,  73% used [0x00007f940b0a0000, 0x00007f94499100b8, 0x00007f9449910200, 0x00007f9460600000)
 Metaspace       used 29930K, capacity 30393K, committed 30720K, reserved 30720K
}
Event: 32.179 GC heap after
{Heap after GC invocations=22 (full 1):
 def new generation   total 629248K, used 41899K [0x00007f8960600000, 0x00007f898b0c0000, 0x00007f940b0a0000)
  eden space 559360K,   0% used [0x00007f8960600000, 0x00007f8960600000, 0x00007f8982840000)
  from space 69888K,  59% used [0x00007f8986c80000, 0x00007f898956ac98, 0x00007f898b0c0000)
  to   space 69888K,   0% used [0x00007f8982840000, 0x00007f8982840000, 0x00007f8986c80000)
 tenured generation   total 1398144K, used 1066385K [0x00007f940b0a0000, 0x00007f9460600000, 0x00007fa960600000)
   the space 1398144K,  76% used [0x00007f940b0a0000, 0x00007f944c2044c0, 0x00007f944c204600, 0x00007f9460600000)
 Metaspace       used 29930K, capacity 30393K, committed 30720K, reserved 30720K
}
Event: 32.438 GC heap before
{Heap before GC invocations=22 (full 1):
 def new generation   total 629248K, used 601259K [0x00007f8960600000, 0x00007f898b0c0000, 0x00007f940b0a0000)
  eden space 559360K, 100% used [0x00007f8960600000, 0x00007f8982840000, 0x00007f8982840000)
  from space 69888K,  59% used [0x00007f8986c80000, 0x00007f898956ac98, 0x00007f898b0c0000)
  to   space 69888K,   0% used [0x00007f8982840000, 0x00007f8982840000, 0x00007f8986c80000)
 tenured generation   total 1398144K, used 1066385K [0x00007f940b0a0000, 0x00007f9460600000, 0x00007fa960600000)
   the space 1398144K,  76% used [0x00007f940b0a0000, 0x00007f944c2044c0, 0x00007f944c204600, 0x00007f9460600000)
 Metaspace       used 29930K, capacity 30393K, committed 30720K, reserved 30720K
}
Event: 32.685 GC heap after
{Heap after GC invocations=23 (full 1):
 def new generation   total 629248K, used 45879K [0x00007f8960600000, 0x00007f898b0c0000, 0x00007f940b0a0000)
  eden space 559360K,   0% used [0x00007f8960600000, 0x00007f8960600000, 0x00007f8982840000)
  from space 69888K,  65% used [0x00007f8982840000, 0x00007f898550dc20, 0x00007f8986c80000)
  to   space 69888K,   0% used [0x00007f8986c80000, 0x00007f8986c80000, 0x00007f898b0c0000)
 tenured generation   total 1398144K, used 1108283K [0x00007f940b0a0000, 0x00007f9460600000, 0x00007fa960600000)
   the space 1398144K,  79% used [0x00007f940b0a0000, 0x00007f944eaeee48, 0x00007f944eaef000, 0x00007f9460600000)
 Metaspace       used 29930K, capacity 30393K, committed 30720K, reserved 30720K
}
Event: 32.956 GC heap before
{Heap before GC invocations=23 (full 1):
 def new generation   total 629248K, used 605239K [0x00007f8960600000, 0x00007f898b0c0000, 0x00007f940b0a0000)
  eden space 559360K, 100% used [0x00007f8960600000, 0x00007f8982840000, 0x00007f8982840000)
  from space 69888K,  65% used [0x00007f8982840000, 0x00007f898550dc20, 0x00007f8986c80000)
  to   space 69888K,   0% used [0x00007f8986c80000, 0x00007f8986c80000, 0x00007f898b0c0000)
 tenured generation   total 1398144K, used 1108283K [0x00007f940b0a0000, 0x00007f9460600000, 0x00007fa960600000)
   the space 1398144K,  79% used [0x00007f940b0a0000, 0x00007f944eaeee48, 0x00007f944eaef000, 0x00007f9460600000)
 Metaspace       used 29930K, capacity 30393K, committed 30720K, reserved 30720K
}
Event: 33.188 GC heap after
{Heap after GC invocations=24 (full 1):
 def new generation   total 629248K, used 41802K [0x00007f8960600000, 0x00007f898b0c0000, 0x00007f940b0a0000)
  eden space 559360K,   0% used [0x00007f8960600000, 0x00007f8960600000, 0x00007f8982840000)
  from space 69888K,  59% used [0x00007f8986c80000, 0x00007f8989552920, 0x00007f898b0c0000)
  to   space 69888K,   0% used [0x00007f8982840000, 0x00007f8982840000, 0x00007f8986c80000)
 tenured generation   total 1398144K, used 1154162K [0x00007f940b0a0000, 0x00007f9460600000, 0x00007fa960600000)
   the space 1398144K,  82% used [0x00007f940b0a0000, 0x00007f94517bc938, 0x00007f94517bca00, 0x00007f9460600000)
 Metaspace       used 29930K, capacity 30393K, committed 30720K, reserved 30720K
}
Event: 33.491 GC heap before
{Heap before GC invocations=24 (full 1):
 def new generation   total 629248K, used 601162K [0x00007f8960600000, 0x00007f898b0c0000, 0x00007f940b0a0000)
  eden space 559360K, 100% used [0x00007f8960600000, 0x00007f8982840000, 0x00007f8982840000)
  from space 69888K,  59% used [0x00007f8986c80000, 0x00007f8989552920, 0x00007f898b0c0000)
  to   space 69888K,   0% used [0x00007f8982840000, 0x00007f8982840000, 0x00007f8986c80000)
 tenured generation   total 1398144K, used 1154162K [0x00007f940b0a0000, 0x00007f9460600000, 0x00007fa960600000)
   the space 1398144K,  82% used [0x00007f940b0a0000, 0x00007f94517bc938, 0x00007f94517bca00, 0x00007f9460600000)
 Metaspace       used 29930K, capacity 30393K, committed 30720K, reserved 30720K
}
Event: 33.725 GC heap after
{Heap after GC invocations=25 (full 1):
 def new generation   total 629248K, used 41503K [0x00007f8960600000, 0x00007f898b0c0000, 0x00007f940b0a0000)
  eden space 559360K,   0% used [0x00007f8960600000, 0x00007f8960600000, 0x00007f8982840000)
  from space 69888K,  59% used [0x00007f8982840000, 0x00007f89850c7db8, 0x00007f8986c80000)
  to   space 69888K,   0% used [0x00007f8986c80000, 0x00007f8986c80000, 0x00007f898b0c0000)
 tenured generation   total 1398144K, used 1195964K [0x00007f940b0a0000, 0x00007f9460600000, 0x00007fa960600000)
   the space 1398144K,  85% used [0x00007f940b0a0000, 0x00007f945408f158, 0x00007f945408f200, 0x00007f9460600000)
 Metaspace       used 29930K, capacity 30393K, committed 30720K, reserved 30720K
}
Event: 33.981 GC heap before
{Heap before GC invocations=25 (full 1):
 def new generation   total 629248K, used 600863K [0x00007f8960600000, 0x00007f898b0c0000, 0x00007f940b0a0000)
  eden space 559360K, 100% used [0x00007f8960600000, 0x00007f8982840000, 0x00007f8982840000)
  from space 69888K,  59% used [0x00007f8982840000, 0x00007f89850c7db8, 0x00007f8986c80000)
  to   space 69888K,   0% used [0x00007f8986c80000, 0x00007f8986c80000, 0x00007f898b0c0000)
 tenured generation   total 1398144K, used 1195964K [0x00007f940b0a0000, 0x00007f9460600000, 0x00007fa960600000)
   the space 1398144K,  85% used [0x00007f940b0a0000, 0x00007f945408f158, 0x00007f945408f200, 0x00007f9460600000)
 Metaspace       used 29930K, capacity 30393K, committed 30720K, reserved 30720K
}
Event: 34.212 GC heap after
{Heap after GC invocations=26 (full 1):
 def new generation   total 629248K, used 42096K [0x00007f8960600000, 0x00007f898b0c0000, 0x00007f940b0a0000)
  eden space 559360K,   0% used [0x00007f8960600000, 0x00007f8960600000, 0x00007f8982840000)
  from space 69888K,  60% used [0x00007f8986c80000, 0x00007f898959c070, 0x00007f898b0c0000)
  to   space 69888K,   0% used [0x00007f8982840000, 0x00007f8982840000, 0x00007f8986c80000)
 tenured generation   total 1398144K, used 1237467K [0x00007f940b0a0000, 0x00007f9460600000, 0x00007fa960600000)
   the space 1398144K,  88% used [0x00007f940b0a0000, 0x00007f9456916f10, 0x00007f9456917000, 0x00007f9460600000)
 Metaspace       used 29930K, capacity 30393K, committed 30720K, reserved 30720K
}
Event: 34.449 GC heap before
{Heap before GC invocations=26 (full 1):
 def new generation   total 629248K, used 601456K [0x00007f8960600000, 0x00007f898b0c0000, 0x00007f940b0a0000)
  eden space 559360K, 100% used [0x00007f8960600000, 0x00007f8982840000, 0x00007f8982840000)
  from space 69888K,  60% used [0x00007f8986c80000, 0x00007f898959c070, 0x00007f898b0c0000)
  to   space 69888K,   0% used [0x00007f8982840000, 0x00007f8982840000, 0x00007f8986c80000)
 tenured generation   total 1398144K, used 1237467K [0x00007f940b0a0000, 0x00007f9460600000, 0x00007fa960600000)
   the space 1398144K,  88% used [0x00007f940b0a0000, 0x00007f9456916f10, 0x00007f9456917000, 0x00007f9460600000)
 Metaspace       used 29930K, capacity 30393K, committed 30720K, reserved 30720K
}
Event: 34.695 GC heap after
{Heap after GC invocations=27 (full 1):
 def new generation   total 629248K, used 42212K [0x00007f8960600000, 0x00007f898b0c0000, 0x00007f940b0a0000)
  eden space 559360K,   0% used [0x00007f8960600000, 0x00007f8960600000, 0x00007f8982840000)
  from space 69888K,  60% used [0x00007f8982840000, 0x00007f89851792c0, 0x00007f8986c80000)
  to   space 69888K,   0% used [0x00007f8986c80000, 0x00007f8986c80000, 0x00007f898b0c0000)
 tenured generation   total 1398144K, used 1279563K [0x00007f940b0a0000, 0x00007f9460600000, 0x00007fa960600000)
   the space 1398144K,  91% used [0x00007f940b0a0000, 0x00007f9459232e30, 0x00007f9459233000, 0x00007f9460600000)
 Metaspace       used 29930K, capacity 30393K, committed 30720K, reserved 30720K
}
Event: 34.959 GC heap before
{Heap before GC invocations=27 (full 1):
 def new generation   total 629248K, used 601572K [0x00007f8960600000, 0x00007f898b0c0000, 0x00007f940b0a0000)
  eden space 559360K, 100% used [0x00007f8960600000, 0x00007f8982840000, 0x00007f8982840000)
  from space 69888K,  60% used [0x00007f8982840000, 0x00007f89851792c0, 0x00007f8986c80000)
  to   space 69888K,   0% used [0x00007f8986c80000, 0x00007f8986c80000, 0x00007f898b0c0000)
 tenured generation   total 1398144K, used 1279563K [0x00007f940b0a0000, 0x00007f9460600000, 0x00007fa960600000)
   the space 1398144K,  91% used [0x00007f940b0a0000, 0x00007f9459232e30, 0x00007f9459233000, 0x00007f9460600000)
 Metaspace       used 29930K, capacity 30393K, committed 30720K, reserved 30720K
}
Event: 35.215 GC heap after
{Heap after GC invocations=28 (full 1):
 def new generation   total 629248K, used 45693K [0x00007f8960600000, 0x00007f898b0c0000, 0x00007f940b0a0000)
  eden space 559360K,   0% used [0x00007f8960600000, 0x00007f8960600000, 0x00007f8982840000)
  from space 69888K,  65% used [0x00007f8986c80000, 0x00007f898991f768, 0x00007f898b0c0000)
  to   space 69888K,   0% used [0x00007f8982840000, 0x00007f8982840000, 0x00007f8986c80000)
 tenured generation   total 1398144K, used 1321776K [0x00007f940b0a0000, 0x00007f9460600000, 0x00007fa960600000)
   the space 1398144K,  94% used [0x00007f940b0a0000, 0x00007f945bb6c0f0, 0x00007f945bb6c200, 0x00007f9460600000)
 Metaspace       used 29930K, capacity 30393K, committed 30720K, reserved 30720K
}
Event: 35.485 GC heap before
{Heap before GC invocations=28 (full 1):
 def new generation   total 629248K, used 605053K [0x00007f8960600000, 0x00007f898b0c0000, 0x00007f940b0a0000)
  eden space 559360K, 100% used [0x00007f8960600000, 0x00007f8982840000, 0x00007f8982840000)
  from space 69888K,  65% used [0x00007f8986c80000, 0x00007f898991f768, 0x00007f898b0c0000)
  to   space 69888K,   0% used [0x00007f8982840000, 0x00007f8982840000, 0x00007f8986c80000)
 tenured generation   total 1398144K, used 1321776K [0x00007f940b0a0000, 0x00007f9460600000, 0x00007fa960600000)
   the space 1398144K,  94% used [0x00007f940b0a0000, 0x00007f945bb6c0f0, 0x00007f945bb6c200, 0x00007f9460600000)
 Metaspace       used 29930K, capacity 30393K, committed 30720K, reserved 30720K
}
Event: 35.730 GC heap after
{Heap after GC invocations=29 (full 1):
 def new generation   total 629248K, used 42488K [0x00007f8960600000, 0x00007f898b0c0000, 0x00007f940b0a0000)
  eden space 559360K,   0% used [0x00007f8960600000, 0x00007f8960600000, 0x00007f8982840000)
  from space 69888K,  60% used [0x00007f8982840000, 0x00007f89851be1b0, 0x00007f8986c80000)
  to   space 69888K,   0% used [0x00007f8986c80000, 0x00007f8986c80000, 0x00007f898b0c0000)
 tenured generation   total 1398144K, used 1367469K [0x00007f940b0a0000, 0x00007f9460600000, 0x00007fa960600000)
   the space 1398144K,  97% used [0x00007f940b0a0000, 0x00007f945e80b6a8, 0x00007f945e80b800, 0x00007f9460600000)
 Metaspace       used 29930K, capacity 30393K, committed 30720K, reserved 30720K
}
Event: 36.036 GC heap before
{Heap before GC invocations=29 (full 1):
 def new generation   total 629248K, used 601848K [0x00007f8960600000, 0x00007f898b0c0000, 0x00007f940b0a0000)
  eden space 559360K, 100% used [0x00007f8960600000, 0x00007f8982840000, 0x00007f8982840000)
  from space 69888K,  60% used [0x00007f8982840000, 0x00007f89851be1b0, 0x00007f8986c80000)
  to   space 69888K,   0% used [0x00007f8986c80000, 0x00007f8986c80000, 0x00007f898b0c0000)
 tenured generation   total 1398144K, used 1367469K [0x00007f940b0a0000, 0x00007f9460600000, 0x00007fa960600000)
   the space 1398144K,  97% used [0x00007f940b0a0000, 0x00007f945e80b6a8, 0x00007f945e80b800, 0x00007f9460600000)
 Metaspace       used 29930K, capacity 30393K, committed 30720K, reserved 30720K
}
Event: 36.263 GC heap after
{Heap after GC invocations=30 (full 1):
 def new generation   total 629248K, used 42463K [0x00007f8960600000, 0x00007f898b0c0000, 0x00007f940b0a0000)
  eden space 559360K,   0% used [0x00007f8960600000, 0x00007f8960600000, 0x00007f8982840000)
  from space 69888K,  60% used [0x00007f8986c80000, 0x00007f89895f7c48, 0x00007f898b0c0000)
  to   space 69888K,   0% used [0x00007f8982840000, 0x00007f8982840000, 0x00007f8986c80000)
 tenured generation   total 1410048K, used 1409957K [0x00007f940b0a0000, 0x00007f94611a0000, 0x00007fa960600000)
   the space 1410048K,  99% used [0x00007f940b0a0000, 0x00007f9461189698, 0x00007f9461189800, 0x00007f94611a0000)
 Metaspace       used 29930K, capacity 30393K, committed 30720K, reserved 30720K
}
Event: 36.263 GC heap before
{Heap before GC invocations=30 (full 1):
 def new generation   total 629248K, used 42463K [0x00007f8960600000, 0x00007f898b0c0000, 0x00007f940b0a0000)
  eden space 559360K,   0% used [0x00007f8960600000, 0x00007f8960600000, 0x00007f8982840000)
  from space 69888K,  60% used [0x00007f8986c80000, 0x00007f89895f7c48, 0x00007f898b0c0000)
  to   space 69888K,   0% used [0x00007f8982840000, 0x00007f8982840000, 0x00007f8986c80000)
 tenured generation   total 1410048K, used 1409957K [0x00007f940b0a0000, 0x00007f94611a0000, 0x00007fa960600000)
   the space 1410048K,  99% used [0x00007f940b0a0000, 0x00007f9461189698, 0x00007f9461189800, 0x00007f94611a0000)
 Metaspace       used 29930K, capacity 30393K, committed 30720K, reserved 30720K
}

Deoptimization events (20 events):
Event: 28.339 Thread 0x00007fa978018000 DEOPT PACKING pc=0x00007fa96149463d sp=0x00007fa97f8aead0
Event: 28.339 Thread 0x00007fa978018000 DEOPT UNPACKING pc=0x00007fa9607d333a sp=0x00007fa97f8adfb8 mode 0
Event: 28.341 Thread 0x00007fa978018000 DEOPT PACKING pc=0x00007fa9614926c3 sp=0x00007fa97f8aeb70
Event: 28.341 Thread 0x00007fa978018000 DEOPT UNPACKING pc=0x00007fa9607d333a sp=0x00007fa97f8ae040 mode 0
Event: 28.370 Thread 0x00007fa978018000 DEOPT PACKING pc=0x00007fa9614f05ff sp=0x00007fa97f8aebf0
Event: 28.370 Thread 0x00007fa978018000 DEOPT UNPACKING pc=0x00007fa9607d333a sp=0x00007fa97f8ae148 mode 0
Event: 28.375 Thread 0x00007fa978018000 DEOPT PACKING pc=0x00007fa9614926c3 sp=0x00007fa97f8aeb70
Event: 28.375 Thread 0x00007fa978018000 DEOPT UNPACKING pc=0x00007fa9607d333a sp=0x00007fa97f8ae040 mode 0
Event: 28.378 Thread 0x00007fa978018000 DEOPT PACKING pc=0x00007fa96149463d sp=0x00007fa97f8aead0
Event: 28.378 Thread 0x00007fa978018000 DEOPT UNPACKING pc=0x00007fa9607d333a sp=0x00007fa97f8adfb8 mode 0
Event: 28.381 Thread 0x00007fa978018000 DEOPT PACKING pc=0x00007fa9614f05ff sp=0x00007fa97f8aebf0
Event: 28.381 Thread 0x00007fa978018000 DEOPT UNPACKING pc=0x00007fa9607d333a sp=0x00007fa97f8ae148 mode 0
Event: 28.404 Thread 0x00007fa978018000 DEOPT PACKING pc=0x00007fa9614926c3 sp=0x00007fa97f8aeb70
Event: 28.404 Thread 0x00007fa978018000 DEOPT UNPACKING pc=0x00007fa9607d333a sp=0x00007fa97f8ae040 mode 0
Event: 28.411 Thread 0x00007fa978018000 DEOPT PACKING pc=0x00007fa9614f05ff sp=0x00007fa97f8aebf0
Event: 28.411 Thread 0x00007fa978018000 DEOPT UNPACKING pc=0x00007fa9607d333a sp=0x00007fa97f8ae148 mode 0
Event: 30.188 Thread 0x00007fa978018000 Uncommon trap: trap_request=0xffffff45 fr.pc=0x00007fa9683fe22c relative=0x000000000000112c
Event: 30.188 Thread 0x00007fa978018000 Uncommon trap: reason=unstable_if action=reinterpret pc=0x00007fa9683fe22c method=java.math.MutableBigInteger.divideKnuth(Ljava/math/MutableBigInteger;Ljava/math/MutableBigInteger;Z)Ljava/math/MutableBigInteger; @ 136 c2
Event: 30.188 Thread 0x00007fa978018000 DEOPT PACKING pc=0x00007fa9683fe22c sp=0x00007fa97f8aed50
Event: 30.188 Thread 0x00007fa978018000 DEOPT UNPACKING pc=0x00007fa9607d2e25 sp=0x00007fa97f8aebc0 mode 2

Classes unloaded (0 events):
No events

Classes redefined (0 events):
No events

Internal exceptions (20 events):
Event: 1.673 Thread 0x00007fa978018000 Implicit null exception at 0x00007fa9682aa2dd to 0x00007fa9682aae8c
Event: 1.698 Thread 0x00007fa978018000 Exception <a 'java/lang/NoSuchMethodError'{0x00007f896323ddf8}: 'int java.lang.invoke.DirectMethodHandle$Holder.invokeSpecial(java.lang.Object, java.lang.Object, java.lang.Object, java.lang.Object, java.lang.Object)'> (0x00007f896323ddf8) 
thrown [src/hotspot/share/interpreter/linkResolver.cpp, line 766]
Event: 1.794 Thread 0x00007fa978018000 Exception <a 'java/lang/NoSuchMethodError'{0x00007f8963654c08}: 'java.lang.Object java.lang.invoke.DirectMethodHandle$Holder.invokeStatic(java.lang.Object, java.lang.Object, int, int)'> (0x00007f8963654c08) 
thrown [src/hotspot/share/interpreter/linkResolver.cpp, line 766]
Event: 2.383 Thread 0x00007fa978018000 Exception <a 'java/lang/NoSuchMethodError'{0x00007f8964e7d6c8}: 'int java.lang.invoke.DirectMethodHandle$Holder.invokeVirtual(java.lang.Object, java.lang.Object, java.lang.Object, java.lang.Object)'> (0x00007f8964e7d6c8) 
thrown [src/hotspot/share/interpreter/linkResolver.cpp, line 766]
Event: 2.393 Thread 0x00007fa978018000 Exception <a 'java/lang/NoSuchMethodError'{0x00007f8964e8b810}: 'java.lang.Object java.lang.invoke.DirectMethodHandle$Holder.invokeStatic(java.lang.Object, java.lang.Object, int, java.lang.Object)'> (0x00007f8964e8b810) 
thrown [src/hotspot/share/interpreter/linkResolver.cpp, line 766]
Event: 2.393 Thread 0x00007fa978018000 Exception <a 'java/lang/NoSuchMethodError'{0x00007f8964e94128}: 'java.lang.Object java.lang.invoke.Invokers$Holder.linkToTargetMethod(java.lang.Object, int, java.lang.Object, java.lang.Object)'> (0x00007f8964e94128) 
thrown [src/hotspot/share/interpreter/linkResolver.cpp, line 766]
Event: 2.481 Thread 0x00007fa978018000 Exception <a 'java/lang/NoSuchMethodError'{0x00007f8964f8f8f8}: 'java.lang.Object java.lang.invoke.DirectMethodHandle$Holder.invokeSpecial(java.lang.Object, java.lang.Object, java.lang.Object, java.lang.Object, java.lang.Object, java.lang.Object, java.lang.Object, java.lang.Object, java.lang.Object)'> (0x00007f8964f8f8f8) 
thrown [src/hotspot/share/interpreter/linkResolver.cpp, line 766]
Event: 2.483 Thread 0x00007fa978018000 Exception <a 'java/lang/NoSuchMethodError'{0x00007f8964f94620}: 'java.lang.Object java.lang.invoke.Invokers$Holder.linkToTargetMethod(java.lang.Object, java.lang.Object, java.lang.Object, java.lang.Object, java.lang.Object, java.lang.Object, java.lang.Object, java.lang.Object)'> (0x00007f8964f94620) 
thrown [src/hotspot/share/interpreter/linkResolver.cpp, line 766]
Event: 2.515 Thread 0x00007fa978018000 Exception <a 'java/lang/NoSuchMethodError'{0x00007f8965046598}: 'java.lang.Object java.lang.invoke.Invokers$Holder.linkToTargetMethod(java.lang.Object, java.lang.Object, java.lang.Object, java.lang.Object, java.lang.Object, java.lang.Object, java.lang.Object)'> (0x00007f8965046598) 
thrown [src/hotspot/share/interpreter/linkResolver.cpp, line 766]
Event: 3.437 Thread 0x00007fa978018000 Exception <a 'java/lang/NoSuchMethodError'{0x00007f8965e61c40}: 'java.lang.Object java.lang.invoke.DirectMethodHandle$Holder.invokeSpecial(java.lang.Object, java.lang.Object, int, java.lang.Object, java.lang.Object)'> (0x00007f8965e61c40) 
thrown [src/hotspot/share/interpreter/linkResolver.cpp, line 766]
Event: 3.447 Thread 0x00007fa978018000 Exception <a 'java/lang/NoSuchMethodError'{0x00007f8965eac930}: 'java.lang.Object java.lang.invoke.Invokers$Holder.linkToTargetMethod(java.lang.Object, long, java.lang.Object)'> (0x00007f8965eac930) 
thrown [src/hotspot/share/interpreter/linkResolver.cpp, line 766]
Event: 3.569 Thread 0x00007fa9780a7000 Implicit null exception at 0x00007fa9682a70cc to 0x00007fa9682a7180
Event: 3.579 Thread 0x00007fa978018000 Exception <a 'java/lang/NoSuchMethodError'{0x00007f8960665148}: 'java.lang.Object java.lang.invoke.Invokers$Holder.invokeExact_MT(java.lang.Object, java.lang.Object, java.lang.Object, java.lang.Object, java.lang.Object, java.lang.Object)'> (0x00007f8960665148) 
thrown [src/hotspot/share/interpreter/linkResolver.cpp, line 766]
Event: 3.667 Thread 0x00007fa978018000 Exception <a 'java/lang/NoSuchMethodError'{0x00007f89607a3220}: 'int java.lang.invoke.DirectMethodHandle$Holder.invokeStatic(java.lang.Object, java.lang.Object, int)'> (0x00007f89607a3220) 
thrown [src/hotspot/share/interpreter/linkResolver.cpp, line 766]
Event: 3.797 Thread 0x00007fa978018000 Exception <a 'java/lang/NoSuchMethodError'{0x00007f8960a189f8}: 'int java.lang.invoke.DirectMethodHandle$Holder.invokeStatic(java.lang.Object, java.lang.Object, java.lang.Object, int)'> (0x00007f8960a189f8) 
thrown [src/hotspot/share/interpreter/linkResolver.cpp, line 766]
Event: 4.707 Thread 0x00007fa978018000 Exception <a 'java/lang/ClassNotFoundException'{0x00007f8968723708}: com/sun/org/apache/xerces/internal/impl/msg/spi/SAXMessagesProvider> (0x00007f8968723708) 
thrown [src/hotspot/share/classfile/systemDictionary.cpp, line 232]
Event: 5.466 Thread 0x00007fa978018000 Exception <a 'java/lang/NoSuchMethodError'{0x00007f8969d4c6f8}: 'java.lang.Object java.lang.invoke.DirectMethodHandle$Holder.invokeStaticInit(java.lang.Object, java.lang.Object, java.lang.Object)'> (0x00007f8969d4c6f8) 
thrown [src/hotspot/share/interpreter/linkResolver.cpp, line 766]
Event: 5.471 Thread 0x00007fa978018000 Exception <a 'java/lang/NoSuchMethodError'{0x00007f8969d576c0}: 'void java.lang.invoke.DirectMethodHandle$Holder.invokeStatic(java.lang.Object, java.lang.Object, java.lang.Object, java.lang.Object, java.lang.Object, java.lang.Object)'> (0x00007f8969d576c0) 
thrown [src/hotspot/share/interpreter/linkResolver.cpp, line 766]
Event: 5.489 Thread 0x00007fa978018000 Exception <a 'java/lang/NoSuchMethodError'{0x00007f8969d8f3b8}: 'void java.lang.invoke.DirectMethodHandle$Holder.invokeStaticInit(java.lang.Object, java.lang.Object, java.lang.Object)'> (0x00007f8969d8f3b8) 
thrown [src/hotspot/share/interpreter/linkResolver.cpp, line 766]
Event: 5.518 Thread 0x00007fa978018000 Exception <a 'java/net/UnknownHostException'{0x00007f8969db06e0}> (0x00007f8969db06e0) 
thrown [src/hotspot/share/prims/jni.cpp, line 598]

Events (20 events):
Event: 31.194 Executing VM operation: GenCollectForAllocation done
Event: 31.438 Executing VM operation: GenCollectForAllocation
Event: 31.677 Executing VM operation: GenCollectForAllocation done
Event: 31.933 Executing VM operation: GenCollectForAllocation
Event: 32.179 Executing VM operation: GenCollectForAllocation done
Event: 32.438 Executing VM operation: GenCollectForAllocation
Event: 32.685 Executing VM operation: GenCollectForAllocation done
Event: 32.955 Executing VM operation: GenCollectForAllocation
Event: 33.188 Executing VM operation: GenCollectForAllocation done
Event: 33.491 Executing VM operation: GenCollectForAllocation
Event: 33.726 Executing VM operation: GenCollectForAllocation done
Event: 33.981 Executing VM operation: GenCollectForAllocation
Event: 34.212 Executing VM operation: GenCollectForAllocation done
Event: 34.449 Executing VM operation: GenCollectForAllocation
Event: 34.695 Executing VM operation: GenCollectForAllocation done
Event: 34.959 Executing VM operation: GenCollectForAllocation
Event: 35.215 Executing VM operation: GenCollectForAllocation done
Event: 35.485 Executing VM operation: GenCollectForAllocation
Event: 35.730 Executing VM operation: GenCollectForAllocation done
Event: 36.035 Executing VM operation: GenCollectForAllocation


Dynamic libraries:
561167785000-561167786000 r--p 00000000 07:3a 4860                       /usr/lib/jvm/java-13-openjdk-amd64/bin/java
561167786000-561167787000 r-xp 00001000 07:3a 4860                       /usr/lib/jvm/java-13-openjdk-amd64/bin/java
561167787000-561167788000 r--p 00002000 07:3a 4860                       /usr/lib/jvm/java-13-openjdk-amd64/bin/java
561167788000-561167789000 r--p 00002000 07:3a 4860                       /usr/lib/jvm/java-13-openjdk-amd64/bin/java
561167789000-56116778a000 rw-p 00003000 07:3a 4860                       /usr/lib/jvm/java-13-openjdk-amd64/bin/java
561168406000-561168427000 rw-p 00000000 00:00 0                          [heap]
7f8918000000-7f8918021000 rw-p 00000000 00:00 0 
7f8918021000-7f891c000000 ---p 00000000 00:00 0 
7f8920000000-7f8920021000 rw-p 00000000 00:00 0 
7f8920021000-7f8924000000 ---p 00000000 00:00 0 
7f8924000000-7f8924021000 rw-p 00000000 00:00 0 
7f8924021000-7f8928000000 ---p 00000000 00:00 0 
7f8928000000-7f89294de000 rw-p 00000000 00:00 0 
7f89294de000-7f892c000000 ---p 00000000 00:00 0 
7f892c000000-7f892cca4000 rw-p 00000000 00:00 0 
7f892cca4000-7f8930000000 ---p 00000000 00:00 0 
7f8930000000-7f8930021000 rw-p 00000000 00:00 0 
7f8930021000-7f8934000000 ---p 00000000 00:00 0 
7f8934000000-7f8934021000 rw-p 00000000 00:00 0 
7f8934021000-7f8938000000 ---p 00000000 00:00 0 
7f8938000000-7f8938021000 rw-p 00000000 00:00 0 
7f8938021000-7f893c000000 ---p 00000000 00:00 0 
7f893c000000-7f893c021000 rw-p 00000000 00:00 0 
7f893c021000-7f8940000000 ---p 00000000 00:00 0 
7f8940000000-7f8941454000 rw-p 00000000 00:00 0 
7f8941454000-7f8944000000 ---p 00000000 00:00 0 
7f8945b54000-7f8945e05000 rw-p 00000000 00:00 0 
7f8945e05000-7f89505ff000 ---p 00000000 00:00 0 
7f89505ff000-7f8950755000 rw-p 00000000 00:00 0 
7f8950755000-7f8955b54000 ---p 00000000 00:00 0 
7f8955b54000-7f8955e05000 rw-p 00000000 00:00 0 
7f8955e05000-7f89605ff000 ---p 00000000 00:00 0 
7f89605ff000-7f898b0c0000 rw-p 00000000 00:00 0 
7f898b0c0000-7f940b0a0000 ---p 00000000 00:00 0 
7f940b0a0000-7f94611a0000 rw-p 00000000 00:00 0 
7f948f972000-7fa960600000 ---p 00000000 00:00 0 
7fa96078a000-7fa9609fa000 rwxp 00000000 00:00 0 
7fa9609fa000-7fa960d19000 ---p 00000000 00:00 0 
7fa960d19000-7fa9614f9000 rwxp 00000000 00:00 0 
7fa9614f9000-7fa968251000 ---p 00000000 00:00 0 
7fa968251000-7fa9684c1000 rwxp 00000000 00:00 0 
7fa9684c1000-7fa96f78a000 ---p 00000000 00:00 0 
7fa96f78a000-7fa978000000 r--s 00000000 07:3a 5215                       /usr/lib/jvm/java-13-openjdk-amd64/lib/modules
7fa978000000-7fa978812000 rw-p 00000000 00:00 0 
7fa978812000-7fa97c000000 ---p 00000000 00:00 0 
7fa97c9c7000-7fa97c9cb000 r--p 00000000 07:3a 9178                       /usr/lib/x86_64-linux-gnu/libresolv-2.31.so
7fa97c9cb000-7fa97c9db000 r-xp 00004000 07:3a 9178                       /usr/lib/x86_64-linux-gnu/libresolv-2.31.so
7fa97c9db000-7fa97c9df000 r--p 00014000 07:3a 9178                       /usr/lib/x86_64-linux-gnu/libresolv-2.31.so
7fa97c9df000-7fa97c9e0000 r--p 00017000 07:3a 9178                       /usr/lib/x86_64-linux-gnu/libresolv-2.31.so
7fa97c9e0000-7fa97c9e1000 rw-p 00018000 07:3a 9178                       /usr/lib/x86_64-linux-gnu/libresolv-2.31.so
7fa97c9e1000-7fa97c9e3000 rw-p 00000000 00:00 0 
7fa97c9e3000-7fa97c9e4000 r--p 00000000 07:3a 9105                       /usr/lib/x86_64-linux-gnu/libnss_dns-2.31.so
7fa97c9e4000-7fa97c9e8000 r-xp 00001000 07:3a 9105                       /usr/lib/x86_64-linux-gnu/libnss_dns-2.31.so
7fa97c9e8000-7fa97c9e9000 r--p 00005000 07:3a 9105                       /usr/lib/x86_64-linux-gnu/libnss_dns-2.31.so
7fa97c9e9000-7fa97c9ea000 r--p 00005000 07:3a 9105                       /usr/lib/x86_64-linux-gnu/libnss_dns-2.31.so
7fa97c9ea000-7fa97c9eb000 rw-p 00006000 07:3a 9105                       /usr/lib/x86_64-linux-gnu/libnss_dns-2.31.so
7fa97c9eb000-7fa97c9ed000 r--p 00000000 07:3a 5202                       /usr/lib/jvm/java-13-openjdk-amd64/lib/libmanagement_ext.so
7fa97c9ed000-7fa97c9f0000 r-xp 00002000 07:3a 5202                       /usr/lib/jvm/java-13-openjdk-amd64/lib/libmanagement_ext.so
7fa97c9f0000-7fa97c9f1000 r--p 00005000 07:3a 5202                       /usr/lib/jvm/java-13-openjdk-amd64/lib/libmanagement_ext.so
7fa97c9f1000-7fa97c9f2000 ---p 00006000 07:3a 5202                       /usr/lib/jvm/java-13-openjdk-amd64/lib/libmanagement_ext.so
7fa97c9f2000-7fa97c9f3000 r--p 00006000 07:3a 5202                       /usr/lib/jvm/java-13-openjdk-amd64/lib/libmanagement_ext.so
7fa97c9f3000-7fa97c9f4000 rw-p 00007000 07:3a 5202                       /usr/lib/jvm/java-13-openjdk-amd64/lib/libmanagement_ext.so
7fa97c9f4000-7fa97c9f7000 r--p 00000000 07:3a 5200                       /usr/lib/jvm/java-13-openjdk-amd64/lib/libmanagement.so
7fa97c9f7000-7fa97c9f8000 r-xp 00003000 07:3a 5200                       /usr/lib/jvm/java-13-openjdk-amd64/lib/libmanagement.so
7fa97c9f8000-7fa97c9f9000 r--p 00004000 07:3a 5200                       /usr/lib/jvm/java-13-openjdk-amd64/lib/libmanagement.so
7fa97c9f9000-7fa97c9fa000 r--p 00004000 07:3a 5200                       /usr/lib/jvm/java-13-openjdk-amd64/lib/libmanagement.so
7fa97c9fa000-7fa97c9fb000 rw-p 00005000 07:3a 5200                       /usr/lib/jvm/java-13-openjdk-amd64/lib/libmanagement.so
7fa97c9fb000-7fa97cbfb000 rw-p 00000000 00:00 0 
7fa97cbfb000-7fa97cdfb000 rw-p 00000000 00:00 0 
7fa97cdfb000-7fa97cffb000 rw-p 00000000 00:00 0 
7fa97cffb000-7fa97d1fb000 rw-p 00000000 00:00 0 
7fa97d1fb000-7fa97d3fb000 rw-p 00000000 00:00 0 
7fa97d3fb000-7fa97d5fb000 rw-p 00000000 00:00 0 
7fa97d5fb000-7fa97d7fb000 rw-p 00000000 00:00 0 
7fa97d7fb000-7fa97db9b000 rw-p 00000000 00:00 0 
7fa97db9b000-7fa97dd9b000 rw-p 00000000 00:00 0 
7fa97dd9b000-7fa97df9b000 rw-p 00000000 00:00 0 
7fa97df9b000-7fa97e19b000 rw-p 00000000 00:00 0 
7fa97e19b000-7fa97e1cc000 rw-p 00000000 00:00 0 
7fa97e1cc000-7fa97e1d0000 r--p 00000000 07:3a 5204                       /usr/lib/jvm/java-13-openjdk-amd64/lib/libnet.so
7fa97e1d0000-7fa97e1de000 r-xp 00004000 07:3a 5204                       /usr/lib/jvm/java-13-openjdk-amd64/lib/libnet.so
7fa97e1de000-7fa97e1e2000 r--p 00012000 07:3a 5204                       /usr/lib/jvm/java-13-openjdk-amd64/lib/libnet.so
7fa97e1e2000-7fa97e1e3000 r--p 00015000 07:3a 5204                       /usr/lib/jvm/java-13-openjdk-amd64/lib/libnet.so
7fa97e1e3000-7fa97e1e4000 rw-p 00016000 07:3a 5204                       /usr/lib/jvm/java-13-openjdk-amd64/lib/libnet.so
7fa97e1e4000-7fa97e1eb000 r--p 00000000 07:3a 5205                       /usr/lib/jvm/java-13-openjdk-amd64/lib/libnio.so
7fa97e1eb000-7fa97e1f4000 r-xp 00007000 07:3a 5205                       /usr/lib/jvm/java-13-openjdk-amd64/lib/libnio.so
7fa97e1f4000-7fa97e1f8000 r--p 00010000 07:3a 5205                       /usr/lib/jvm/java-13-openjdk-amd64/lib/libnio.so
7fa97e1f8000-7fa97e1f9000 r--p 00013000 07:3a 5205                       /usr/lib/jvm/java-13-openjdk-amd64/lib/libnio.so
7fa97e1f9000-7fa97e1fa000 rw-p 00014000 07:3a 5205                       /usr/lib/jvm/java-13-openjdk-amd64/lib/libnio.so
7fa97e1fa000-7fa97e1fb000 ---p 00000000 00:00 0 
7fa97e1fb000-7fa97e2fc000 rw-p 00000000 00:00 0 
7fa97e2fc000-7fa97e300000 ---p 00000000 00:00 0 
7fa97e300000-7fa97e3fd000 rw-p 00000000 00:00 0 
7fa97e3fd000-7fa97e401000 ---p 00000000 00:00 0 
7fa97e401000-7fa97e4fe000 rw-p 00000000 00:00 0 
7fa97e4fe000-7fa97e502000 ---p 00000000 00:00 0 
7fa97e502000-7fa97e5ff000 rw-p 00000000 00:00 0 
7fa97e5ff000-7fa97e603000 ---p 00000000 00:00 0 
7fa97e603000-7fa97e700000 rw-p 00000000 00:00 0 
7fa97e700000-7fa97e704000 ---p 00000000 00:00 0 
7fa97e704000-7fa97e801000 rw-p 00000000 00:00 0 
7fa97e801000-7fa97e805000 ---p 00000000 00:00 0 
7fa97e805000-7fa97e902000 rw-p 00000000 00:00 0 
7fa97e902000-7fa97e909000 r--s 00000000 07:3a 8532                       /usr/lib/x86_64-linux-gnu/gconv/gconv-modules.cache
7fa97e909000-7fa97e93b000 r--p 00000000 07:3a 5276                       /usr/lib/locale/C.UTF-8/LC_CTYPE
7fa97e93b000-7fa97e93f000 ---p 00000000 00:00 0 
7fa97e93f000-7fa97ea3c000 rw-p 00000000 00:00 0 
7fa97ea3c000-7fa97ea40000 ---p 00000000 00:00 0 
7fa97ea40000-7fa97eb3d000 rw-p 00000000 00:00 0 
7fa97eb3d000-7fa97eb3e000 ---p 00000000 00:00 0 
7fa97eb3e000-7fa97f55c000 rw-p 00000000 00:00 0 
7fa97f55c000-7fa97f561000 rw-p 00000000 00:00 0 
7fa97f561000-7fa97f647000 ---p 00000000 00:00 0 
7fa97f647000-7fa97f657000 rw-p 00000000 00:00 0 
7fa97f657000-7fa97f732000 ---p 00000000 00:00 0 
7fa97f732000-7fa97f737000 rw-p 00000000 00:00 0 
7fa97f737000-7fa97f73e000 ---p 00000000 00:00 0 
7fa97f73e000-7fa97f740000 r--p 00000000 07:3a 5214                       /usr/lib/jvm/java-13-openjdk-amd64/lib/libzip.so
7fa97f740000-7fa97f744000 r-xp 00002000 07:3a 5214                       /usr/lib/jvm/java-13-openjdk-amd64/lib/libzip.so
7fa97f744000-7fa97f746000 r--p 00006000 07:3a 5214                       /usr/lib/jvm/java-13-openjdk-amd64/lib/libzip.so
7fa97f746000-7fa97f747000 r--p 00007000 07:3a 5214                       /usr/lib/jvm/java-13-openjdk-amd64/lib/libzip.so
7fa97f747000-7fa97f748000 rw-p 00008000 07:3a 5214                       /usr/lib/jvm/java-13-openjdk-amd64/lib/libzip.so
7fa97f748000-7fa97f750000 rw-s 00000000 08:03 34784705                   /tmp/hsperfdata_rcabanas/21604
7fa97f750000-7fa97f753000 r--p 00000000 07:3a 9108                       /usr/lib/x86_64-linux-gnu/libnss_files-2.31.so
7fa97f753000-7fa97f75a000 r-xp 00003000 07:3a 9108                       /usr/lib/x86_64-linux-gnu/libnss_files-2.31.so
7fa97f75a000-7fa97f75c000 r--p 0000a000 07:3a 9108                       /usr/lib/x86_64-linux-gnu/libnss_files-2.31.so
7fa97f75c000-7fa97f75d000 r--p 0000b000 07:3a 9108                       /usr/lib/x86_64-linux-gnu/libnss_files-2.31.so
7fa97f75d000-7fa97f75e000 rw-p 0000c000 07:3a 9108                       /usr/lib/x86_64-linux-gnu/libnss_files-2.31.so
7fa97f75e000-7fa97f764000 rw-p 00000000 00:00 0 
7fa97f76a000-7fa97f76c000 r--p 00000000 07:3a 5195                       /usr/lib/jvm/java-13-openjdk-amd64/lib/libjimage.so
7fa97f76c000-7fa97f76f000 r-xp 00002000 07:3a 5195                       /usr/lib/jvm/java-13-openjdk-amd64/lib/libjimage.so
7fa97f76f000-7fa97f770000 r--p 00005000 07:3a 5195                       /usr/lib/jvm/java-13-openjdk-amd64/lib/libjimage.so
7fa97f770000-7fa97f771000 ---p 00006000 07:3a 5195                       /usr/lib/jvm/java-13-openjdk-amd64/lib/libjimage.so
7fa97f771000-7fa97f772000 r--p 00006000 07:3a 5195                       /usr/lib/jvm/java-13-openjdk-amd64/lib/libjimage.so
7fa97f772000-7fa97f773000 rw-p 00007000 07:3a 5195                       /usr/lib/jvm/java-13-openjdk-amd64/lib/libjimage.so
7fa97f773000-7fa97f780000 r--p 00000000 07:3a 5191                       /usr/lib/jvm/java-13-openjdk-amd64/lib/libjava.so
7fa97f780000-7fa97f795000 r-xp 0000d000 07:3a 5191                       /usr/lib/jvm/java-13-openjdk-amd64/lib/libjava.so
7fa97f795000-7fa97f79b000 r--p 00022000 07:3a 5191                       /usr/lib/jvm/java-13-openjdk-amd64/lib/libjava.so
7fa97f79b000-7fa97f79c000 ---p 00028000 07:3a 5191                       /usr/lib/jvm/java-13-openjdk-amd64/lib/libjava.so
7fa97f79c000-7fa97f79d000 r--p 00028000 07:3a 5191                       /usr/lib/jvm/java-13-openjdk-amd64/lib/libjava.so
7fa97f79d000-7fa97f79f000 rw-p 00029000 07:3a 5191                       /usr/lib/jvm/java-13-openjdk-amd64/lib/libjava.so
7fa97f79f000-7fa97f7a4000 r--p 00000000 07:3a 5213                       /usr/lib/jvm/java-13-openjdk-amd64/lib/libverify.so
7fa97f7a4000-7fa97f7ab000 r-xp 00005000 07:3a 5213                       /usr/lib/jvm/java-13-openjdk-amd64/lib/libverify.so
7fa97f7ab000-7fa97f7ad000 r--p 0000c000 07:3a 5213                       /usr/lib/jvm/java-13-openjdk-amd64/lib/libverify.so
7fa97f7ad000-7fa97f7ae000 ---p 0000e000 07:3a 5213                       /usr/lib/jvm/java-13-openjdk-amd64/lib/libverify.so
7fa97f7ae000-7fa97f7b0000 r--p 0000e000 07:3a 5213                       /usr/lib/jvm/java-13-openjdk-amd64/lib/libverify.so
7fa97f7b0000-7fa97f7b1000 rw-p 00010000 07:3a 5213                       /usr/lib/jvm/java-13-openjdk-amd64/lib/libverify.so
7fa97f7b1000-7fa97f7b5000 ---p 00000000 00:00 0 
7fa97f7b5000-7fa97f8b2000 rw-p 00000000 00:00 0 
7fa97f8b2000-7fa97f8b5000 r--p 00000000 07:3a 8948                       /usr/lib/x86_64-linux-gnu/libgcc_s.so.1
7fa97f8b5000-7fa97f8c7000 r-xp 00003000 07:3a 8948                       /usr/lib/x86_64-linux-gnu/libgcc_s.so.1
7fa97f8c7000-7fa97f8cb000 r--p 00015000 07:3a 8948                       /usr/lib/x86_64-linux-gnu/libgcc_s.so.1
7fa97f8cb000-7fa97f8cc000 r--p 00018000 07:3a 8948                       /usr/lib/x86_64-linux-gnu/libgcc_s.so.1
7fa97f8cc000-7fa97f8cd000 rw-p 00019000 07:3a 8948                       /usr/lib/x86_64-linux-gnu/libgcc_s.so.1
7fa97f8cd000-7fa97f8da000 r--p 00000000 07:3a 9062                       /usr/lib/x86_64-linux-gnu/libm-2.31.so
7fa97f8da000-7fa97f981000 r-xp 0000d000 07:3a 9062                       /usr/lib/x86_64-linux-gnu/libm-2.31.so
7fa97f981000-7fa97fa1a000 r--p 000b4000 07:3a 9062                       /usr/lib/x86_64-linux-gnu/libm-2.31.so
7fa97fa1a000-7fa97fa1b000 r--p 0014c000 07:3a 9062                       /usr/lib/x86_64-linux-gnu/libm-2.31.so
7fa97fa1b000-7fa97fa1c000 rw-p 0014d000 07:3a 9062                       /usr/lib/x86_64-linux-gnu/libm-2.31.so
7fa97fa1c000-7fa97fab2000 r--p 00000000 07:3a 9213                       /usr/lib/x86_64-linux-gnu/libstdc++.so.6.0.28
7fa97fab2000-7fa97fba3000 r-xp 00096000 07:3a 9213                       /usr/lib/x86_64-linux-gnu/libstdc++.so.6.0.28
7fa97fba3000-7fa97fbec000 r--p 00187000 07:3a 9213                       /usr/lib/x86_64-linux-gnu/libstdc++.so.6.0.28
7fa97fbec000-7fa97fbed000 ---p 001d0000 07:3a 9213                       /usr/lib/x86_64-linux-gnu/libstdc++.so.6.0.28
7fa97fbed000-7fa97fbf8000 r--p 001d0000 07:3a 9213                       /usr/lib/x86_64-linux-gnu/libstdc++.so.6.0.28
7fa97fbf8000-7fa97fbfb000 rw-p 001db000 07:3a 9213                       /usr/lib/x86_64-linux-gnu/libstdc++.so.6.0.28
7fa97fbfb000-7fa97fbfe000 rw-p 00000000 00:00 0 
7fa97fbfe000-7fa97fe84000 r--p 00000000 07:3a 5226                       /usr/lib/jvm/java-13-openjdk-amd64/lib/server/libjvm.so
7fa97fe84000-7fa980c01000 r-xp 00286000 07:3a 5226                       /usr/lib/jvm/java-13-openjdk-amd64/lib/server/libjvm.so
7fa980c01000-7fa980e7c000 r--p 01003000 07:3a 5226                       /usr/lib/jvm/java-13-openjdk-amd64/lib/server/libjvm.so
7fa980e7c000-7fa980f41000 r--p 0127d000 07:3a 5226                       /usr/lib/jvm/java-13-openjdk-amd64/lib/server/libjvm.so
7fa980f41000-7fa980f7c000 rw-p 01342000 07:3a 5226                       /usr/lib/jvm/java-13-openjdk-amd64/lib/server/libjvm.so
7fa980f7c000-7fa981002000 rw-p 00000000 00:00 0 
7fa981002000-7fa981008000 r--p 00000000 07:3a 9166                       /usr/lib/x86_64-linux-gnu/libpthread-2.31.so
7fa981008000-7fa981019000 r-xp 00006000 07:3a 9166                       /usr/lib/x86_64-linux-gnu/libpthread-2.31.so
7fa981019000-7fa98101f000 r--p 00017000 07:3a 9166                       /usr/lib/x86_64-linux-gnu/libpthread-2.31.so
7fa98101f000-7fa981020000 r--p 0001c000 07:3a 9166                       /usr/lib/x86_64-linux-gnu/libpthread-2.31.so
7fa981020000-7fa981021000 rw-p 0001d000 07:3a 9166                       /usr/lib/x86_64-linux-gnu/libpthread-2.31.so
7fa981021000-7fa981025000 rw-p 00000000 00:00 0 
7fa981025000-7fa981026000 r--p 00000000 07:3a 8893                       /usr/lib/x86_64-linux-gnu/libdl-2.31.so
7fa981026000-7fa981028000 r-xp 00001000 07:3a 8893                       /usr/lib/x86_64-linux-gnu/libdl-2.31.so
7fa981028000-7fa981029000 r--p 00003000 07:3a 8893                       /usr/lib/x86_64-linux-gnu/libdl-2.31.so
7fa981029000-7fa98102a000 r--p 00003000 07:3a 8893                       /usr/lib/x86_64-linux-gnu/libdl-2.31.so
7fa98102a000-7fa98102b000 rw-p 00004000 07:3a 8893                       /usr/lib/x86_64-linux-gnu/libdl-2.31.so
7fa98102b000-7fa98102d000 r--p 00000000 07:3a 9290                       /usr/lib/x86_64-linux-gnu/libz.so.1.2.11
7fa98102d000-7fa98103e000 r-xp 00002000 07:3a 9290                       /usr/lib/x86_64-linux-gnu/libz.so.1.2.11
7fa98103e000-7fa981044000 r--p 00013000 07:3a 9290                       /usr/lib/x86_64-linux-gnu/libz.so.1.2.11
7fa981044000-7fa981045000 ---p 00019000 07:3a 9290                       /usr/lib/x86_64-linux-gnu/libz.so.1.2.11
7fa981045000-7fa981046000 r--p 00019000 07:3a 9290                       /usr/lib/x86_64-linux-gnu/libz.so.1.2.11
7fa981046000-7fa981047000 rw-p 0001a000 07:3a 9290                       /usr/lib/x86_64-linux-gnu/libz.so.1.2.11
7fa981047000-7fa981069000 r--p 00000000 07:3a 8851                       /usr/lib/x86_64-linux-gnu/libc-2.31.so
7fa981069000-7fa9811e1000 r-xp 00022000 07:3a 8851                       /usr/lib/x86_64-linux-gnu/libc-2.31.so
7fa9811e1000-7fa98122f000 r--p 0019a000 07:3a 8851                       /usr/lib/x86_64-linux-gnu/libc-2.31.so
7fa98122f000-7fa981233000 r--p 001e7000 07:3a 8851                       /usr/lib/x86_64-linux-gnu/libc-2.31.so
7fa981233000-7fa981235000 rw-p 001eb000 07:3a 8851                       /usr/lib/x86_64-linux-gnu/libc-2.31.so
7fa981235000-7fa981239000 rw-p 00000000 00:00 0 
7fa98123b000-7fa98123d000 r--s 0000c000 07:3a 20930                      /usr/share/java/java-atk-wrapper.jar
7fa98123d000-7fa98123e000 ---p 00000000 00:00 0 
7fa98123e000-7fa98123f000 r--p 00000000 00:00 0 
7fa98123f000-7fa981242000 r--p 00000000 07:3a 5196                       /usr/lib/jvm/java-13-openjdk-amd64/lib/libjli.so
7fa981242000-7fa98124c000 r-xp 00003000 07:3a 5196                       /usr/lib/jvm/java-13-openjdk-amd64/lib/libjli.so
7fa98124c000-7fa98124f000 r--p 0000d000 07:3a 5196                       /usr/lib/jvm/java-13-openjdk-amd64/lib/libjli.so
7fa98124f000-7fa981250000 r--p 0000f000 07:3a 5196                       /usr/lib/jvm/java-13-openjdk-amd64/lib/libjli.so
7fa981250000-7fa981251000 rw-p 00010000 07:3a 5196                       /usr/lib/jvm/java-13-openjdk-amd64/lib/libjli.so
7fa981251000-7fa981253000 rw-p 00000000 00:00 0 
7fa981253000-7fa981254000 r--p 00000000 07:3a 8572                       /usr/lib/x86_64-linux-gnu/ld-2.31.so
7fa981254000-7fa981277000 r-xp 00001000 07:3a 8572                       /usr/lib/x86_64-linux-gnu/ld-2.31.so
7fa981277000-7fa98127f000 r--p 00024000 07:3a 8572                       /usr/lib/x86_64-linux-gnu/ld-2.31.so
7fa98127f000-7fa981280000 ---p 00000000 00:00 0 
7fa981280000-7fa981281000 r--p 0002c000 07:3a 8572                       /usr/lib/x86_64-linux-gnu/ld-2.31.so
7fa981281000-7fa981282000 rw-p 0002d000 07:3a 8572                       /usr/lib/x86_64-linux-gnu/ld-2.31.so
7fa981282000-7fa981283000 rw-p 00000000 00:00 0 
7ffe13ccc000-7ffe13ced000 rw-p 00000000 00:00 0                          [stack]
7ffe13db4000-7ffe13db6000 r-xp 00000000 00:00 0                          [vdso]
ffffffffff600000-ffffffffff601000 r-xp 00000000 00:00 0                  [vsyscall]


VM Arguments:
jvm_args: -Xmx128g --add-modules=ALL-DEFAULT 
java_command: jdk.compiler/com.sun.tools.javac.launcher.Main /mnt/beegfs/rcabanas/dev/credici/papers/zeros/code/GenerateNparents.java -np 2 -nzr 1.0 -zdr 0.5 -o /mnt/beegfs/rcabanas/dev/credici/papers/zeros/models/s3 -rw -s 8 -ys 3
java_class_path (initial): /mnt/beegfs/rcabanas/dev/credici/target/credici-0.1.5-dev-SNAPSHOT-jar-with-dependencies.jar
Launcher Type: SUN_STANDARD

[Global flags]
     intx CICompilerCount                          = 2                                         {product} {ergonomic}
   size_t InitialHeapSize                          = 2147483648                                {product} {ergonomic}
   size_t MaxHeapSize                              = 137438953472                              {product} {command line}
   size_t MaxNewSize                               = 45812940800                               {product} {ergonomic}
   size_t MinHeapDeltaBytes                        = 196608                                    {product} {ergonomic}
   size_t MinHeapSize                              = 8388608                                   {product} {ergonomic}
   size_t NewSize                                  = 715784192                                 {product} {ergonomic}
    uintx NonNMethodCodeHeapSize                   = 5826188                                {pd product} {ergonomic}
    uintx NonProfiledCodeHeapSize                  = 122916026                              {pd product} {ergonomic}
   size_t OldSize                                  = 1431699456                                {product} {ergonomic}
    uintx ProfiledCodeHeapSize                     = 122916026                              {pd product} {ergonomic}
    uintx ReservedCodeCacheSize                    = 251658240                              {pd product} {ergonomic}
     bool SegmentedCodeCache                       = true                                      {product} {ergonomic}
   size_t SoftMaxHeapSize                          = 137438953472                           {manageable} {ergonomic}
     bool UseSerialGC                              = true                                      {product} {ergonomic}

Logging:
Log output configuration:
 #0: stdout all=warning uptime,level,tags
 #1: stderr all=off uptime,level,tags

Environment Variables:
PATH=/usr/local/sbin:/usr/local/bin:/usr/sbin:/usr/bin:/sbin:/bin
LD_LIBRARY_PATH=/.singularity.d/libs

Signal Handlers:
SIGSEGV: [libjvm.so+0xf8fcf0], sa_mask[0]=11111111011111111101111111111110, sa_flags=SA_RESTART|SA_SIGINFO
SIGBUS: [libjvm.so+0xf8fcf0], sa_mask[0]=11111111011111111101111111111110, sa_flags=SA_RESTART|SA_SIGINFO
SIGFPE: [libjvm.so+0xf8fcf0], sa_mask[0]=11111111011111111101111111111110, sa_flags=SA_RESTART|SA_SIGINFO
SIGPIPE: [libjvm.so+0xc3ffa0], sa_mask[0]=11111111011111111101111111111110, sa_flags=SA_RESTART|SA_SIGINFO
SIGXFSZ: [libjvm.so+0xc3ffa0], sa_mask[0]=11111111011111111101111111111110, sa_flags=SA_RESTART|SA_SIGINFO
SIGILL: [libjvm.so+0xf8fcf0], sa_mask[0]=11111111011111111101111111111110, sa_flags=SA_RESTART|SA_SIGINFO
SIGUSR2: [libjvm.so+0xc3fe40], sa_mask[0]=00000000000000000000000000000000, sa_flags=SA_RESTART|SA_SIGINFO
SIGHUP: [libjvm.so+0xc40580], sa_mask[0]=11111111011111111101111111111110, sa_flags=SA_RESTART|SA_SIGINFO
SIGINT: [libjvm.so+0xc40580], sa_mask[0]=11111111011111111101111111111110, sa_flags=SA_RESTART|SA_SIGINFO
SIGTERM: [libjvm.so+0xc40580], sa_mask[0]=11111111011111111101111111111110, sa_flags=SA_RESTART|SA_SIGINFO
SIGQUIT: [libjvm.so+0xc40580], sa_mask[0]=11111111011111111101111111111110, sa_flags=SA_RESTART|SA_SIGINFO


---------------  S Y S T E M  ---------------

OS:DISTRIB_ID=Ubuntu
DISTRIB_RELEASE=20.04
DISTRIB_CODENAME=focal
DISTRIB_DESCRIPTION="Ubuntu 20.04.4 LTS"
uname:Linux 3.10.0-1160.15.2.el7.x86_64 #1 SMP Wed Feb 3 15:06:38 UTC 2021 x86_64
OS uptime: 2 days 16:46 hours
libc:glibc 2.31 NPTL 2.31 
rlimit (soft/hard): STACK 8192k/infinity , CORE 0k/infinity , NPROC 4096/1030217 , NOFILE 131072/131072 , AS infinity/infinity , CPU infinity/infinity , DATA infinity/infinity , FSIZE infinity/infinity , MEMLOCK infinity/infinity
load average:65.15 65.60 63.23

/proc/meminfo:
MemTotal:       263895364 kB
MemFree:          646016 kB
MemAvailable:     160024 kB
Buffers:           63628 kB
Cached:           153360 kB
SwapCached:       413280 kB
Active:         246106144 kB
Inactive:        7734872 kB
Active(anon):   246017052 kB
Inactive(anon):  7627140 kB
Active(file):      89092 kB
Inactive(file):   107732 kB
Unevictable:       28280 kB
Mlocked:           28280 kB
SwapTotal:       4194300 kB
SwapFree:              0 kB
Dirty:               136 kB
Writeback:           164 kB
AnonPages:      253236220 kB
Mapped:           115044 kB
Shmem:             13732 kB
Slab:             708700 kB
SReclaimable:     146900 kB
SUnreclaim:       561800 kB
KernelStack:       53008 kB
PageTables:       599760 kB
NFS_Unstable:          0 kB
Bounce:                0 kB
WritebackTmp:          0 kB
CommitLimit:    136141980 kB
Committed_AS:   329718428 kB
VmallocTotal:   34359738367 kB
VmallocUsed:      863184 kB
VmallocChunk:   34222527164 kB
Percpu:            18176 kB
HardwareCorrupted:     0 kB
AnonHugePages:  139436032 kB
CmaTotal:              0 kB
CmaFree:               0 kB
HugePages_Total:       0
HugePages_Free:        0
HugePages_Rsvd:        0
HugePages_Surp:        0
Hugepagesize:       2048 kB
DirectMap4k:      636520 kB
DirectMap2M:    31731712 kB
DirectMap1G:    235929600 kB

/sys/kernel/mm/transparent_hugepage/enabled:
[always] madvise never

/sys/kernel/mm/transparent_hugepage/defrag (defrag/compaction efforts parameter):
[always] madvise never


/proc/sys/kernel/threads-max (system-wide limit on the number of threads):
2060435


/proc/sys/vm/max_map_count (maximum number of memory map areas a process may have):
65530


/proc/sys/kernel/pid_max (system-wide limit on number of process identifiers):
65536



Steal ticks since vm start: 0
Steal ticks percentage since vm start:  0.000

CPU:total 64 (initial active 1) (32 cores per cpu, 1 threads per core) family 23 model 49 stepping 0, cmov, cx8, fxsr, mmx, sse, sse2, sse3, ssse3, sse4.1, sse4.2, popcnt, avx, avx2, aes, clmul, mmxext, 3dnowpref, lzcnt, sse4a, tsc, tscinvbit, tscinv, bmi1, bmi2, adx, sha, fma
CPU Model and flags from /proc/cpuinfo:
model name	: AMD EPYC 7542 32-Core Processor
flags		: fpu vme de pse tsc msr pae mce cx8 apic sep mtrr pge mca cmov pat pse36 clflush mmx fxsr sse sse2 ht syscall nx mmxext fxsr_opt pdpe1gb rdtscp lm constant_tsc art rep_good nopl nonstop_tsc extd_apicid aperfmperf eagerfpu pni pclmulqdq monitor ssse3 fma cx16 sse4_1 sse4_2 movbe popcnt aes xsave avx f16c rdrand lahf_lm cmp_legacy svm extapic cr8_legacy abm sse4a misalignsse 3dnowprefetch osvw ibs skinit wdt tce topoext perfctr_core perfctr_nb bpext perfctr_l2 cpb cat_l3 cdp_l3 hw_pstate sme retpoline_amd ssbd ibrs ibpb stibp vmmcall fsgsbase bmi1 avx2 smep bmi2 cqm rdt_a rdseed adx smap clflushopt clwb sha_ni xsaveopt xsavec xgetbv1 cqm_llc cqm_occup_llc cqm_mbm_total cqm_mbm_local clzero irperf xsaveerptr arat npt lbrv svm_lock nrip_save tsc_scale vmcb_clean flushbyasid decodeassists pausefilter pfthreshold avic v_vmsave_vmload vgif umip overflow_recov succor smca
Online cpus:0-63
Offline cpus:
BIOS frequency limitation:2900000
Frequency switch latency (ns):0
Available cpu frequencies:2900000 2400000 1500000 
Current governor:conservative
Core performance/turbo boost:1

Memory: 4k page, physical 263895364k(645768k free), swap 4194300k(0k free)

vm_info: OpenJDK 64-Bit Server VM (13.0.7+5-Ubuntu-0ubuntu120.04) for linux-amd64 JRE (13.0.7+5-Ubuntu-0ubuntu120.04), built on Apr 21 2021 05:36:19 by "unknown" with gcc 9.3.0

END.
