#
# There is insufficient memory for the Java Runtime Environment to continue.
# Native memory allocation (mmap) failed to map 3262607360 bytes for committing reserved memory.
# Possible reasons:
#   The system is out of physical RAM or swap space
# Possible solutions:
#   Reduce memory load on the system
#   Increase physical memory or swap space
#   Check if swap backing store is full
#   Decrease Java heap size (-Xmx/-Xms)
#   Decrease number of Java threads
#   Decrease Java thread stack sizes (-Xss)
#   Set larger code cache with -XX:ReservedCodeCacheSize=
# This output file may be truncated or incomplete.
#
#  Out of Memory Error (os_linux.cpp:2899), pid=14352, tid=14354
#
# JRE version: OpenJDK Runtime Environment (13.0.7+5) (build 13.0.7+5-Ubuntu-0ubuntu120.04)
# Java VM: OpenJDK 64-Bit Server VM (13.0.7+5-Ubuntu-0ubuntu120.04, mixed mode, tiered, serial gc, linux-amd64)
# No core dump will be written. Core dumps have been disabled. To enable core dumping, try "ulimit -c unlimited" before starting Java again
#

---------------  S U M M A R Y ------------

Command Line: -Xmx128g --add-modules=ALL-DEFAULT jdk.compiler/com.sun.tools.javac.launcher.Main /mnt/beegfs/rcabanas/dev/credici/papers/zeros/code/GenerateNparents.java -np 2 -nzr 1.0 -zdr 0.5 -o /mnt/beegfs/rcabanas/dev/credici/papers/zeros/models/s3 -rw -s 67 -ys 3

Host: AMD EPYC 7542 32-Core Processor, 64 cores, 251G, Ubuntu 20.04.4 LTS
Time: Mon Oct 14 13:06:08 2024 CEST elapsed time: 555.557138 seconds (0d 0h 9m 15s)

---------------  T H R E A D  ---------------

Current thread (0x00007f0b04097800):  VMThread "VM Thread" [stack: 0x00007eead1054000,0x00007eead1154000] [id=14354]

Stack: [0x00007eead1054000,0x00007eead1154000],  sp=0x00007eead1152160,  free space=1016k
Native frames: (J=compiled Java code, A=aot compiled Java code, j=interpreted, Vv=VM code, C=native code)
V  [libjvm.so+0xf8f092]
V  [libjvm.so+0xf8fc91]
V  [libjvm.so+0x66ee5a]
V  [libjvm.so+0xc44a41]
V  [libjvm.so+0xc3b263]
V  [libjvm.so+0xf87f4b]
V  [libjvm.so+0x557506]
V  [libjvm.so+0x557723]
V  [libjvm.so+0xf18b0c]
V  [libjvm.so+0x557e65]
V  [libjvm.so+0x7e2edb]
V  [libjvm.so+0x7e39bd]
V  [libjvm.so+0x7d8b48]
V  [libjvm.so+0xf90940]
V  [libjvm.so+0xf96657]
V  [libjvm.so+0xf96d2b]
V  [libjvm.so+0xf9706a]
V  [libjvm.so+0xf2208f]
V  [libjvm.so+0xc493ff]

VM_Operation (0x00007f0b08154c40): GenCollectForAllocation, mode: safepoint, requested by thread 0x00007f0b04018000


---------------  P R O C E S S  ---------------

Threads class SMR info:
_java_thread_list=0x00007f0b04146910, length=9, elements={
0x00007f0b04018000, 0x00007f0b040a3800, 0x00007f0b040a7000, 0x00007f0b040d3800,
0x00007f0b040d5000, 0x00007f0b040d7000, 0x00007f0b040d9000, 0x00007f0b040db000,
0x00007f0b04145000
}

Java Threads: ( => current thread )
  0x00007f0b04018000 JavaThread "main" [_thread_blocked, id=14353, stack(0x00007f0b08057000,0x00007f0b08158000)]
  0x00007f0b040a3800 JavaThread "Reference Handler" daemon [_thread_blocked, id=14355, stack(0x00007eead0f51000,0x00007eead1052000)]
  0x00007f0b040a7000 JavaThread "Finalizer" daemon [_thread_blocked, id=14356, stack(0x00007eead0e50000,0x00007eead0f51000)]
  0x00007f0b040d3800 JavaThread "Signal Dispatcher" daemon [_thread_blocked, id=14357, stack(0x00007eead0d4f000,0x00007eead0e50000)]
  0x00007f0b040d5000 JavaThread "Service Thread" daemon [_thread_blocked, id=14358, stack(0x00007eead0c4e000,0x00007eead0d4f000)]
  0x00007f0b040d7000 JavaThread "C2 CompilerThread0" daemon [_thread_blocked, id=14359, stack(0x00007eead0b4d000,0x00007eead0c4e000)]
  0x00007f0b040d9000 JavaThread "C1 CompilerThread0" daemon [_thread_blocked, id=14360, stack(0x00007eead0a4c000,0x00007eead0b4d000)]
  0x00007f0b040db000 JavaThread "Sweeper thread" daemon [_thread_blocked, id=14361, stack(0x00007eead094b000,0x00007eead0a4c000)]
  0x00007f0b04145000 JavaThread "Common-Cleaner" daemon [_thread_blocked, id=14362, stack(0x00007eead084a000,0x00007eead094b000)]

Other Threads:
=>0x00007f0b04097800 VMThread "VM Thread" [stack: 0x00007eead1054000,0x00007eead1154000] [id=14354]
  0x00007f0b04192000 WatcherThread [stack: 0x00007eead074a000,0x00007eead084a000] [id=14363]

Threads with active compile tasks:

VM state:at safepoint (normal execution)

VM Mutex/Monitor currently owned by a thread:  ([mutex/lock_event])
[0x00007f0b040140d0] Threads_lock - owner thread: 0x00007f0b04097800
[0x00007f0b04014cd0] Heap_lock - owner thread: 0x00007f0b04018000

Heap:
 def new generation   total 3657408K, used 0K [0x00007eeaec400000, 0x00007eebe4480000, 0x00007ef596ea0000)
  eden space 3251072K,   0% used [0x00007eeaec400000, 0x00007eeaec400000, 0x00007eebb2ae0000)
  from space 406336K,   0% used [0x00007eebcb7b0000, 0x00007eebcb7b0000, 0x00007eebe4480000)
  to   space 406336K,   0% used [0x00007eebb2ae0000, 0x00007eebb2ae0000, 0x00007eebcb7b0000)
 tenured generation   total 8255048K, used 6864712K [0x00007ef596ea0000, 0x00007ef78ec32000, 0x00007f0aec400000)
   the space 8255048K,  83% used [0x00007ef596ea0000, 0x00007ef739e72318, 0x00007ef739e72400, 0x00007ef78ec32000)
 Metaspace       used 29810K, capacity 30266K, committed 30464K, reserved 30720K

Card table byte_map: [0x00007eeadc3ff000,0x00007eeaec400000] _byte_map_base: 0x00007eab66c9d000

Polling page: 0x00007f0b09ae3000

Metaspace:

Usage:
   29.56 MB capacity,    29.11 MB ( 98%) used,   351.31 KB (  1%) free+waste,   104.00 KB ( <1%) overhead. 

Virtual space:
     30.00 MB reserved,      29.75 MB (>99%) committed 

Chunk freelists:
6.00 KB

MaxMetaspaceSize: unlimited


CodeHeap 'non-profiled nmethods': size=120036Kb used=1376Kb max_used=1774Kb free=118659Kb
 bounds [0x00007f0af4233000, 0x00007f0af44a3000, 0x00007f0afb76c000]
CodeHeap 'profiled nmethods': size=120032Kb used=5979Kb max_used=7779Kb free=114052Kb
 bounds [0x00007f0aeccfb000, 0x00007f0aed49b000, 0x00007f0af4233000]
CodeHeap 'non-nmethods': size=5692Kb used=1249Kb max_used=1297Kb free=4442Kb
 bounds [0x00007f0aec76c000, 0x00007f0aec9dc000, 0x00007f0aeccfb000]
 total_blobs=3717 nmethods=3188 adapters=444
 compilation: enabled
              stopped_count=0, restarted_count=0
 full_count=0

Compilation events (20 events):
Event: 228.386 Thread 0x00007f0b040d9000 3964       3       ch.javasoft.metabolic.efm.column.AdjCandidates::add (46 bytes)
Event: 228.386 Thread 0x00007f0b040d9000 nmethod 3964 0x00007f0aed1f3d10 code [0x00007f0aed1f3f00, 0x00007f0aed1f4330]
Event: 228.386 Thread 0x00007f0b040d7000 3965       4       ch.javasoft.metabolic.efm.adj.incore.tree.UnaryLeaf::addAdjacentPairs (147 bytes)
Event: 228.580 Thread 0x00007f0b040d7000 nmethod 3965 0x00007f0af43eb490 code [0x00007f0af43eb780, 0x00007f0af43ee6f0]
Event: 228.580 Thread 0x00007f0b040d7000 3967       4       ch.javasoft.metabolic.efm.adj.incore.tree.UnaryLeaf::addAdjacentPairs (154 bytes)
Event: 228.684 Thread 0x00007f0b040d7000 nmethod 3967 0x00007f0af43af810 code [0x00007f0af43afaa0, 0x00007f0af43b1ac8]
Event: 228.685 Thread 0x00007f0b040d7000 3968       4       ch.javasoft.metabolic.efm.column.AdjCandidates::add (46 bytes)
Event: 228.702 Thread 0x00007f0b040d7000 nmethod 3968 0x00007f0af4329790 code [0x00007f0af4329940, 0x00007f0af432a6f8]
Event: 228.702 Thread 0x00007f0b040d7000 3966       4       ch.javasoft.bitset.LongBitSet::cardinality (33 bytes)
Event: 228.704 Thread 0x00007f0b040d7000 nmethod 3966 0x00007f0af4233010 code [0x00007f0af4233180, 0x00007f0af4233218]
Event: 483.454 Thread 0x00007f0b040d9000 3969       3       ch.javasoft.bitset.LongBitSet::isSubSetOf (27 bytes)
Event: 483.466 Thread 0x00007f0b040d9000 nmethod 3969 0x00007f0aecd14c10 code [0x00007f0aecd14de0, 0x00007f0aecd151d0]
Event: 483.466 Thread 0x00007f0b040d9000 3970       3       ch.javasoft.bitset.LongBitSet::isSubSetOf (95 bytes)
Event: 483.467 Thread 0x00007f0b040d9000 nmethod 3970 0x00007f0aecdaab90 code [0x00007f0aecdaad60, 0x00007f0aecdab230]
Event: 483.467 Thread 0x00007f0b040d9000 3971       3       ch.javasoft.metabolic.efm.adj.incore.tree.InterNode::filterAdjacentPairs (64 bytes)
Event: 483.468 Thread 0x00007f0b040d9000 nmethod 3971 0x00007f0aece11f90 code [0x00007f0aece121e0, 0x00007f0aece12cd0]
Event: 491.440 Thread 0x00007f0b040d9000 3972       3       java.math.MutableBigInteger::leftShift (293 bytes)
Event: 491.441 Thread 0x00007f0b040d9000 nmethod 3972 0x00007f0aecd64190 code [0x00007f0aecd643c0, 0x00007f0aecd64d30]
Event: 491.520 Thread 0x00007f0b040d7000 3973       4       java.math.MutableBigInteger::leftShift (293 bytes)
Event: 491.566 Thread 0x00007f0b040d7000 nmethod 3973 0x00007f0af427a290 code [0x00007f0af427a420, 0x00007f0af427ac98]

GC Heap History (20 events):
Event: 490.866 GC heap after
{Heap after GC invocations=64 (full 5):
 def new generation   total 3657408K, used 303293K [0x00007eeaec400000, 0x00007eebe4480000, 0x00007ef596ea0000)
  eden space 3251072K,   0% used [0x00007eeaec400000, 0x00007eeaec400000, 0x00007eebb2ae0000)
  from space 406336K,  74% used [0x00007eebb2ae0000, 0x00007eebc530f468, 0x00007eebcb7b0000)
  to   space 406336K,   0% used [0x00007eebcb7b0000, 0x00007eebcb7b0000, 0x00007eebe4480000)
 tenured generation   total 8127368K, used 5547267K [0x00007ef596ea0000, 0x00007ef786f82000, 0x00007f0aec400000)
   the space 8127368K,  68% used [0x00007ef596ea0000, 0x00007ef6e97e0d60, 0x00007ef6e97e0e00, 0x00007ef786f82000)
 Metaspace       used 29810K, capacity 30266K, committed 30464K, reserved 30720K
}
Event: 492.872 GC heap before
{Heap before GC invocations=64 (full 5):
 def new generation   total 3657408K, used 3554365K [0x00007eeaec400000, 0x00007eebe4480000, 0x00007ef596ea0000)
  eden space 3251072K, 100% used [0x00007eeaec400000, 0x00007eebb2ae0000, 0x00007eebb2ae0000)
  from space 406336K,  74% used [0x00007eebb2ae0000, 0x00007eebc530f468, 0x00007eebcb7b0000)
  to   space 406336K,   0% used [0x00007eebcb7b0000, 0x00007eebcb7b0000, 0x00007eebe4480000)
 tenured generation   total 8127368K, used 5547267K [0x00007ef596ea0000, 0x00007ef786f82000, 0x00007f0aec400000)
   the space 8127368K,  68% used [0x00007ef596ea0000, 0x00007ef6e97e0d60, 0x00007ef6e97e0e00, 0x00007ef786f82000)
 Metaspace       used 29810K, capacity 30266K, committed 30464K, reserved 30720K
}
Event: 494.719 GC heap after
{Heap after GC invocations=65 (full 5):
 def new generation   total 3657408K, used 303298K [0x00007eeaec400000, 0x00007eebe4480000, 0x00007ef596ea0000)
  eden space 3251072K,   0% used [0x00007eeaec400000, 0x00007eeaec400000, 0x00007eebb2ae0000)
  from space 406336K,  74% used [0x00007eebcb7b0000, 0x00007eebddfe08f0, 0x00007eebe4480000)
  to   space 406336K,   0% used [0x00007eebb2ae0000, 0x00007eebb2ae0000, 0x00007eebcb7b0000)
 tenured generation   total 8127368K, used 5850559K [0x00007ef596ea0000, 0x00007ef786f82000, 0x00007f0aec400000)
   the space 8127368K,  71% used [0x00007ef596ea0000, 0x00007ef6fc00ffb8, 0x00007ef6fc010000, 0x00007ef786f82000)
 Metaspace       used 29810K, capacity 30266K, committed 30464K, reserved 30720K
}
Event: 496.601 GC heap before
{Heap before GC invocations=65 (full 5):
 def new generation   total 3657408K, used 3554370K [0x00007eeaec400000, 0x00007eebe4480000, 0x00007ef596ea0000)
  eden space 3251072K, 100% used [0x00007eeaec400000, 0x00007eebb2ae0000, 0x00007eebb2ae0000)
  from space 406336K,  74% used [0x00007eebcb7b0000, 0x00007eebddfe08f0, 0x00007eebe4480000)
  to   space 406336K,   0% used [0x00007eebb2ae0000, 0x00007eebb2ae0000, 0x00007eebcb7b0000)
 tenured generation   total 8127368K, used 5850559K [0x00007ef596ea0000, 0x00007ef786f82000, 0x00007f0aec400000)
   the space 8127368K,  71% used [0x00007ef596ea0000, 0x00007ef6fc00ffb8, 0x00007ef6fc010000, 0x00007ef786f82000)
 Metaspace       used 29810K, capacity 30266K, committed 30464K, reserved 30720K
}
Event: 498.494 GC heap after
{Heap after GC invocations=66 (full 5):
 def new generation   total 3657408K, used 318451K [0x00007eeaec400000, 0x00007eebe4480000, 0x00007ef596ea0000)
  eden space 3251072K,   0% used [0x00007eeaec400000, 0x00007eeaec400000, 0x00007eebb2ae0000)
  from space 406336K,  78% used [0x00007eebb2ae0000, 0x00007eebc61dcdf0, 0x00007eebcb7b0000)
  to   space 406336K,   0% used [0x00007eebcb7b0000, 0x00007eebcb7b0000, 0x00007eebe4480000)
 tenured generation   total 8127368K, used 6153857K [0x00007ef596ea0000, 0x00007ef786f82000, 0x00007f0aec400000)
   the space 8127368K,  75% used [0x00007ef596ea0000, 0x00007ef70e8407e8, 0x00007ef70e840800, 0x00007ef786f82000)
 Metaspace       used 29810K, capacity 30266K, committed 30464K, reserved 30720K
}
Event: 500.496 GC heap before
{Heap before GC invocations=66 (full 5):
 def new generation   total 3657408K, used 3569523K [0x00007eeaec400000, 0x00007eebe4480000, 0x00007ef596ea0000)
  eden space 3251072K, 100% used [0x00007eeaec400000, 0x00007eebb2ae0000, 0x00007eebb2ae0000)
  from space 406336K,  78% used [0x00007eebb2ae0000, 0x00007eebc61dcdf0, 0x00007eebcb7b0000)
  to   space 406336K,   0% used [0x00007eebcb7b0000, 0x00007eebcb7b0000, 0x00007eebe4480000)
 tenured generation   total 8127368K, used 6153857K [0x00007ef596ea0000, 0x00007ef786f82000, 0x00007f0aec400000)
   the space 8127368K,  75% used [0x00007ef596ea0000, 0x00007ef70e8407e8, 0x00007ef70e840800, 0x00007ef786f82000)
 Metaspace       used 29810K, capacity 30266K, committed 30464K, reserved 30720K
}
Event: 502.405 GC heap after
{Heap after GC invocations=67 (full 5):
 def new generation   total 3657408K, used 312294K [0x00007eeaec400000, 0x00007eebe4480000, 0x00007ef596ea0000)
  eden space 3251072K,   0% used [0x00007eeaec400000, 0x00007eeaec400000, 0x00007eebb2ae0000)
  from space 406336K,  76% used [0x00007eebcb7b0000, 0x00007eebde8a9808, 0x00007eebe4480000)
  to   space 406336K,   0% used [0x00007eebb2ae0000, 0x00007eebb2ae0000, 0x00007eebcb7b0000)
 tenured generation   total 8127368K, used 6472308K [0x00007ef596ea0000, 0x00007ef786f82000, 0x00007f0aec400000)
   the space 8127368K,  79% used [0x00007ef596ea0000, 0x00007ef721f3d3e8, 0x00007ef721f3d400, 0x00007ef786f82000)
 Metaspace       used 29810K, capacity 30266K, committed 30464K, reserved 30720K
}
Event: 504.622 GC heap before
{Heap before GC invocations=67 (full 5):
 def new generation   total 3657408K, used 3563366K [0x00007eeaec400000, 0x00007eebe4480000, 0x00007ef596ea0000)
  eden space 3251072K, 100% used [0x00007eeaec400000, 0x00007eebb2ae0000, 0x00007eebb2ae0000)
  from space 406336K,  76% used [0x00007eebcb7b0000, 0x00007eebde8a9808, 0x00007eebe4480000)
  to   space 406336K,   0% used [0x00007eebb2ae0000, 0x00007eebb2ae0000, 0x00007eebcb7b0000)
 tenured generation   total 8127368K, used 6472308K [0x00007ef596ea0000, 0x00007ef786f82000, 0x00007f0aec400000)
   the space 8127368K,  79% used [0x00007ef596ea0000, 0x00007ef721f3d3e8, 0x00007ef721f3d400, 0x00007ef786f82000)
 Metaspace       used 29810K, capacity 30266K, committed 30464K, reserved 30720K
}
Event: 506.581 GC heap after
{Heap after GC invocations=68 (full 5):
 def new generation   total 3657408K, used 305821K [0x00007eeaec400000, 0x00007eebe4480000, 0x00007ef596ea0000)
  eden space 3251072K,   0% used [0x00007eeaec400000, 0x00007eeaec400000, 0x00007eebb2ae0000)
  from space 406336K,  75% used [0x00007eebb2ae0000, 0x00007eebc5587438, 0x00007eebcb7b0000)
  to   space 406336K,   0% used [0x00007eebcb7b0000, 0x00007eebcb7b0000, 0x00007eebe4480000)
 tenured generation   total 8127368K, used 6784602K [0x00007ef596ea0000, 0x00007ef786f82000, 0x00007f0aec400000)
   the space 8127368K,  83% used [0x00007ef596ea0000, 0x00007ef735036b80, 0x00007ef735036c00, 0x00007ef786f82000)
 Metaspace       used 29810K, capacity 30266K, committed 30464K, reserved 30720K
}
Event: 508.685 GC heap before
{Heap before GC invocations=68 (full 5):
 def new generation   total 3657408K, used 3556893K [0x00007eeaec400000, 0x00007eebe4480000, 0x00007ef596ea0000)
  eden space 3251072K, 100% used [0x00007eeaec400000, 0x00007eebb2ae0000, 0x00007eebb2ae0000)
  from space 406336K,  75% used [0x00007eebb2ae0000, 0x00007eebc5587438, 0x00007eebcb7b0000)
  to   space 406336K,   0% used [0x00007eebcb7b0000, 0x00007eebcb7b0000, 0x00007eebe4480000)
 tenured generation   total 8127368K, used 6784602K [0x00007ef596ea0000, 0x00007ef786f82000, 0x00007f0aec400000)
   the space 8127368K,  83% used [0x00007ef596ea0000, 0x00007ef735036b80, 0x00007ef735036c00, 0x00007ef786f82000)
 Metaspace       used 29810K, capacity 30266K, committed 30464K, reserved 30720K
}
Event: 510.796 GC heap after
{Heap after GC invocations=69 (full 5):
 def new generation   total 3657408K, used 325392K [0x00007eeaec400000, 0x00007eebe4480000, 0x00007ef596ea0000)
  eden space 3251072K,   0% used [0x00007eeaec400000, 0x00007eeaec400000, 0x00007eebb2ae0000)
  from space 406336K,  80% used [0x00007eebcb7b0000, 0x00007eebdf5741a8, 0x00007eebe4480000)
  to   space 406336K,   0% used [0x00007eebb2ae0000, 0x00007eebb2ae0000, 0x00007eebcb7b0000)
 tenured generation   total 8127368K, used 7090423K [0x00007ef596ea0000, 0x00007ef786f82000, 0x00007f0aec400000)
   the space 8127368K,  87% used [0x00007ef596ea0000, 0x00007ef747adde18, 0x00007ef747ade000, 0x00007ef786f82000)
 Metaspace       used 29810K, capacity 30266K, committed 30464K, reserved 30720K
}
Event: 513.227 GC heap before
{Heap before GC invocations=69 (full 5):
 def new generation   total 3657408K, used 3576464K [0x00007eeaec400000, 0x00007eebe4480000, 0x00007ef596ea0000)
  eden space 3251072K, 100% used [0x00007eeaec400000, 0x00007eebb2ae0000, 0x00007eebb2ae0000)
  from space 406336K,  80% used [0x00007eebcb7b0000, 0x00007eebdf5741a8, 0x00007eebe4480000)
  to   space 406336K,   0% used [0x00007eebb2ae0000, 0x00007eebb2ae0000, 0x00007eebcb7b0000)
 tenured generation   total 8127368K, used 7090423K [0x00007ef596ea0000, 0x00007ef786f82000, 0x00007f0aec400000)
   the space 8127368K,  87% used [0x00007ef596ea0000, 0x00007ef747adde18, 0x00007ef747ade000, 0x00007ef786f82000)
 Metaspace       used 29810K, capacity 30266K, committed 30464K, reserved 30720K
}
Event: 515.220 GC heap after
{Heap after GC invocations=70 (full 5):
 def new generation   total 3657408K, used 310318K [0x00007eeaec400000, 0x00007eebe4480000, 0x00007ef596ea0000)
  eden space 3251072K,   0% used [0x00007eeaec400000, 0x00007eeaec400000, 0x00007eebb2ae0000)
  from space 406336K,  76% used [0x00007eebb2ae0000, 0x00007eebc59ebaf0, 0x00007eebcb7b0000)
  to   space 406336K,   0% used [0x00007eebcb7b0000, 0x00007eebcb7b0000, 0x00007eebe4480000)
 tenured generation   total 8127368K, used 7415815K [0x00007ef596ea0000, 0x00007ef786f82000, 0x00007f0aec400000)
   the space 8127368K,  91% used [0x00007ef596ea0000, 0x00007ef75b8a1df0, 0x00007ef75b8a1e00, 0x00007ef786f82000)
 Metaspace       used 29810K, capacity 30266K, committed 30464K, reserved 30720K
}
Event: 517.598 GC heap before
{Heap before GC invocations=70 (full 5):
 def new generation   total 3657408K, used 3561390K [0x00007eeaec400000, 0x00007eebe4480000, 0x00007ef596ea0000)
  eden space 3251072K, 100% used [0x00007eeaec400000, 0x00007eebb2ae0000, 0x00007eebb2ae0000)
  from space 406336K,  76% used [0x00007eebb2ae0000, 0x00007eebc59ebaf0, 0x00007eebcb7b0000)
  to   space 406336K,   0% used [0x00007eebcb7b0000, 0x00007eebcb7b0000, 0x00007eebe4480000)
 tenured generation   total 8127368K, used 7415815K [0x00007ef596ea0000, 0x00007ef786f82000, 0x00007f0aec400000)
   the space 8127368K,  91% used [0x00007ef596ea0000, 0x00007ef75b8a1df0, 0x00007ef75b8a1e00, 0x00007ef786f82000)
 Metaspace       used 29810K, capacity 30266K, committed 30464K, reserved 30720K
}
Event: 519.569 GC heap after
{Heap after GC invocations=71 (full 5):
 def new generation   total 3657408K, used 298663K [0x00007eeaec400000, 0x00007eebe4480000, 0x00007ef596ea0000)
  eden space 3251072K,   0% used [0x00007eeaec400000, 0x00007eeaec400000, 0x00007eebb2ae0000)
  from space 406336K,  73% used [0x00007eebcb7b0000, 0x00007eebddb59c60, 0x00007eebe4480000)
  to   space 406336K,   0% used [0x00007eebb2ae0000, 0x00007eebb2ae0000, 0x00007eebcb7b0000)
 tenured generation   total 8127368K, used 7726134K [0x00007ef596ea0000, 0x00007ef786f82000, 0x00007f0aec400000)
   the space 8127368K,  95% used [0x00007ef596ea0000, 0x00007ef76e7ad8a0, 0x00007ef76e7ada00, 0x00007ef786f82000)
 Metaspace       used 29810K, capacity 30266K, committed 30464K, reserved 30720K
}
Event: 522.092 GC heap before
{Heap before GC invocations=71 (full 5):
 def new generation   total 3657408K, used 3549735K [0x00007eeaec400000, 0x00007eebe4480000, 0x00007ef596ea0000)
  eden space 3251072K, 100% used [0x00007eeaec400000, 0x00007eebb2ae0000, 0x00007eebb2ae0000)
  from space 406336K,  73% used [0x00007eebcb7b0000, 0x00007eebddb59c60, 0x00007eebe4480000)
  to   space 406336K,   0% used [0x00007eebb2ae0000, 0x00007eebb2ae0000, 0x00007eebcb7b0000)
 tenured generation   total 8127368K, used 7726134K [0x00007ef596ea0000, 0x00007ef786f82000, 0x00007f0aec400000)
   the space 8127368K,  95% used [0x00007ef596ea0000, 0x00007ef76e7ad8a0, 0x00007ef76e7ada00, 0x00007ef786f82000)
 Metaspace       used 29810K, capacity 30266K, committed 30464K, reserved 30720K
}
Event: 523.619 GC heap after
{Heap after GC invocations=72 (full 5):
 def new generation   total 3657408K, used 230067K [0x00007eeaec400000, 0x00007eebe4480000, 0x00007ef596ea0000)
  eden space 3251072K,   0% used [0x00007eeaec400000, 0x00007eeaec400000, 0x00007eebb2ae0000)
  from space 406336K,  56% used [0x00007eebb2ae0000, 0x00007eebc0b8ce38, 0x00007eebcb7b0000)
  to   space 406336K,   0% used [0x00007eebcb7b0000, 0x00007eebcb7b0000, 0x00007eebe4480000)
 tenured generation   total 8127368K, used 8024797K [0x00007ef596ea0000, 0x00007ef786f82000, 0x00007f0aec400000)
   the space 8127368K,  98% used [0x00007ef596ea0000, 0x00007ef780b57420, 0x00007ef780b57600, 0x00007ef786f82000)
 Metaspace       used 29810K, capacity 30266K, committed 30464K, reserved 30720K
}
Event: 525.764 GC heap before
{Heap before GC invocations=72 (full 5):
 def new generation   total 3657408K, used 3481139K [0x00007eeaec400000, 0x00007eebe4480000, 0x00007ef596ea0000)
  eden space 3251072K, 100% used [0x00007eeaec400000, 0x00007eebb2ae0000, 0x00007eebb2ae0000)
  from space 406336K,  56% used [0x00007eebb2ae0000, 0x00007eebc0b8ce38, 0x00007eebcb7b0000)
  to   space 406336K,   0% used [0x00007eebcb7b0000, 0x00007eebcb7b0000, 0x00007eebe4480000)
 tenured generation   total 8127368K, used 8024797K [0x00007ef596ea0000, 0x00007ef786f82000, 0x00007f0aec400000)
   the space 8127368K,  98% used [0x00007ef596ea0000, 0x00007ef780b57420, 0x00007ef780b57600, 0x00007ef786f82000)
 Metaspace       used 29810K, capacity 30266K, committed 30464K, reserved 30720K
}
Event: 527.279 GC heap after
{Heap after GC invocations=73 (full 5):
 def new generation   total 3657408K, used 238128K [0x00007eeaec400000, 0x00007eebe4480000, 0x00007ef596ea0000)
  eden space 3251072K,   0% used [0x00007eeaec400000, 0x00007eeaec400000, 0x00007eebb2ae0000)
  from space 406336K,  58% used [0x00007eebcb7b0000, 0x00007eebda03c220, 0x00007eebe4480000)
  to   space 406336K,   0% used [0x00007eebb2ae0000, 0x00007eebb2ae0000, 0x00007eebcb7b0000)
 tenured generation   total 8255048K, used 8254864K [0x00007ef596ea0000, 0x00007ef78ec32000, 0x00007f0aec400000)
   the space 8255048K,  99% used [0x00007ef596ea0000, 0x00007ef78ec04258, 0x00007ef78ec04400, 0x00007ef78ec32000)
 Metaspace       used 29810K, capacity 30266K, committed 30464K, reserved 30720K
}
Event: 527.279 GC heap before
{Heap before GC invocations=73 (full 5):
 def new generation   total 3657408K, used 238128K [0x00007eeaec400000, 0x00007eebe4480000, 0x00007ef596ea0000)
  eden space 3251072K,   0% used [0x00007eeaec400000, 0x00007eeaec400000, 0x00007eebb2ae0000)
  from space 406336K,  58% used [0x00007eebcb7b0000, 0x00007eebda03c220, 0x00007eebe4480000)
  to   space 406336K,   0% used [0x00007eebb2ae0000, 0x00007eebb2ae0000, 0x00007eebcb7b0000)
 tenured generation   total 8255048K, used 8254864K [0x00007ef596ea0000, 0x00007ef78ec32000, 0x00007f0aec400000)
   the space 8255048K,  99% used [0x00007ef596ea0000, 0x00007ef78ec04258, 0x00007ef78ec04400, 0x00007ef78ec32000)
 Metaspace       used 29810K, capacity 30266K, committed 30464K, reserved 30720K
}

Deoptimization events (20 events):
Event: 136.217 Thread 0x00007f0b04018000 DEOPT PACKING pc=0x00007f0af43dd8c4 sp=0x00007f0b08154c80
Event: 136.217 Thread 0x00007f0b04018000 DEOPT UNPACKING pc=0x00007f0aec7b4e25 sp=0x00007f0b08154b80 mode 2
Event: 183.542 Thread 0x00007f0b04018000 Uncommon trap: trap_request=0xffffff45 fr.pc=0x00007f0af43779b4 relative=0x0000000000000134
Event: 183.543 Thread 0x00007f0b04018000 Uncommon trap: reason=unstable_if action=reinterpret pc=0x00007f0af43779b4 method=java.util.concurrent.ConcurrentLinkedQueue.first()Ljava/util/concurrent/ConcurrentLinkedQueue$Node; @ 32 c2
Event: 183.545 Thread 0x00007f0b04018000 DEOPT PACKING pc=0x00007f0af43779b4 sp=0x00007f0b08154ed0
Event: 183.545 Thread 0x00007f0b04018000 DEOPT UNPACKING pc=0x00007f0aec7b4e25 sp=0x00007f0b08154e88 mode 2
Event: 228.337 Thread 0x00007f0b04018000 Uncommon trap: trap_request=0xffffff45 fr.pc=0x00007f0af439966c relative=0x000000000000024c
Event: 228.350 Thread 0x00007f0b04018000 Uncommon trap: reason=unstable_if action=reinterpret pc=0x00007f0af439966c method=ch.javasoft.metabolic.efm.adj.incore.tree.AbstractTreeFactory.createLeaf(Lch/javasoft/metabolic/efm/memory/SortableMemory;[IIII)Lch/javasoft/metabolic/efm/adj/incore/tree/No
Event: 228.353 Thread 0x00007f0b04018000 DEOPT PACKING pc=0x00007f0af439966c sp=0x00007f0b08154d30
Event: 228.355 Thread 0x00007f0b04018000 DEOPT UNPACKING pc=0x00007f0aec7b4e25 sp=0x00007f0b08154cd8 mode 2
Event: 228.454 Thread 0x00007f0b04018000 DEOPT PACKING pc=0x00007f0aed40f4eb sp=0x00007f0b08153480
Event: 228.454 Thread 0x00007f0b04018000 DEOPT UNPACKING pc=0x00007f0aec7b533a sp=0x00007f0b08152930 mode 0
Event: 228.471 Thread 0x00007f0b04018000 DEOPT PACKING pc=0x00007f0aed40f4eb sp=0x00007f0b081521c0
Event: 228.471 Thread 0x00007f0b04018000 DEOPT UNPACKING pc=0x00007f0aec7b533a sp=0x00007f0b08151670 mode 0
Event: 228.534 Thread 0x00007f0b04018000 DEOPT PACKING pc=0x00007f0aed40f4eb sp=0x00007f0b081526c0
Event: 228.534 Thread 0x00007f0b04018000 DEOPT UNPACKING pc=0x00007f0aec7b533a sp=0x00007f0b08151b70 mode 0
Event: 491.438 Thread 0x00007f0b04018000 Uncommon trap: trap_request=0xffffff45 fr.pc=0x00007f0af4352adc relative=0x000000000000041c
Event: 491.440 Thread 0x00007f0b04018000 Uncommon trap: reason=unstable_if action=reinterpret pc=0x00007f0af4352adc method=java.math.MutableBigInteger.leftShift(I)V @ 75 c2
Event: 491.440 Thread 0x00007f0b04018000 DEOPT PACKING pc=0x00007f0af4352adc sp=0x00007f0b08154c80
Event: 491.440 Thread 0x00007f0b04018000 DEOPT UNPACKING pc=0x00007f0aec7b4e25 sp=0x00007f0b08154c28 mode 2

Classes unloaded (0 events):
No events

Classes redefined (0 events):
No events

Internal exceptions (20 events):
Event: 3.007 Thread 0x00007f0b04018000 Exception <a 'java/lang/NoSuchMethodError'{0x00007eeaf0c8e898}: 'int java.lang.invoke.DirectMethodHandle$Holder.invokeVirtual(java.lang.Object, java.lang.Object, java.lang.Object, java.lang.Object)'> (0x00007eeaf0c8e898) 
thrown [src/hotspot/share/interpreter/linkResolver.cpp, line 766]
Event: 3.024 Thread 0x00007f0b04018000 Exception <a 'java/lang/NoSuchMethodError'{0x00007eeaf0c9c9e0}: 'java.lang.Object java.lang.invoke.DirectMethodHandle$Holder.invokeStatic(java.lang.Object, java.lang.Object, int, java.lang.Object)'> (0x00007eeaf0c9c9e0) 
thrown [src/hotspot/share/interpreter/linkResolver.cpp, line 766]
Event: 3.024 Thread 0x00007f0b04018000 Exception <a 'java/lang/NoSuchMethodError'{0x00007eeaf0ca52f8}: 'java.lang.Object java.lang.invoke.Invokers$Holder.linkToTargetMethod(java.lang.Object, int, java.lang.Object, java.lang.Object)'> (0x00007eeaf0ca52f8) 
thrown [src/hotspot/share/interpreter/linkResolver.cpp, line 766]
Event: 3.119 Thread 0x00007f0b04018000 Exception <a 'java/lang/NoSuchMethodError'{0x00007eeaf0da1180}: 'java.lang.Object java.lang.invoke.DirectMethodHandle$Holder.invokeSpecial(java.lang.Object, java.lang.Object, java.lang.Object, java.lang.Object, java.lang.Object, java.lang.Object, java.lang.Object, java.lang.Object, java.lang.Object)'> (0x00007eeaf0da1180) 
thrown [src/hotspot/share/interpreter/linkResolver.cpp, line 766]
Event: 3.122 Thread 0x00007f0b04018000 Exception <a 'java/lang/NoSuchMethodError'{0x00007eeaf0da5ea8}: 'java.lang.Object java.lang.invoke.Invokers$Holder.linkToTargetMethod(java.lang.Object, java.lang.Object, java.lang.Object, java.lang.Object, java.lang.Object, java.lang.Object, java.lang.Object, java.lang.Object)'> (0x00007eeaf0da5ea8) 
thrown [src/hotspot/share/interpreter/linkResolver.cpp, line 766]
Event: 3.155 Thread 0x00007f0b04018000 Exception <a 'java/lang/NoSuchMethodError'{0x00007eeaf0e57e20}: 'java.lang.Object java.lang.invoke.Invokers$Holder.linkToTargetMethod(java.lang.Object, java.lang.Object, java.lang.Object, java.lang.Object, java.lang.Object, java.lang.Object, java.lang.Object)'> (0x00007eeaf0e57e20) 
thrown [src/hotspot/share/interpreter/linkResolver.cpp, line 766]
Event: 3.757 Thread 0x00007f0b04018000 Implicit null exception at 0x00007f0af42be7c5 to 0x00007f0af42be99c
Event: 3.757 Thread 0x00007f0b04018000 Implicit null exception at 0x00007f0af426070f to 0x00007f0af4260779
Event: 4.358 Thread 0x00007f0b04018000 Implicit null exception at 0x00007f0af4287043 to 0x00007f0af42870c4
Event: 4.482 Thread 0x00007f0b04018000 Exception <a 'java/lang/NoSuchMethodError'{0x00007eeaf1c73b38}: 'java.lang.Object java.lang.invoke.DirectMethodHandle$Holder.invokeSpecial(java.lang.Object, java.lang.Object, int, java.lang.Object, java.lang.Object)'> (0x00007eeaf1c73b38) 
thrown [src/hotspot/share/interpreter/linkResolver.cpp, line 766]
Event: 4.494 Thread 0x00007f0b04018000 Exception <a 'java/lang/NoSuchMethodError'{0x00007eeaf1cbe828}: 'java.lang.Object java.lang.invoke.Invokers$Holder.linkToTargetMethod(java.lang.Object, long, java.lang.Object)'> (0x00007eeaf1cbe828) 
thrown [src/hotspot/share/interpreter/linkResolver.cpp, line 766]
Event: 4.538 Thread 0x00007f0b04018000 Exception <a 'java/lang/NoSuchMethodError'{0x00007eeaf1d2ded8}: 'java.lang.Object java.lang.invoke.Invokers$Holder.invokeExact_MT(java.lang.Object, java.lang.Object, java.lang.Object, java.lang.Object, java.lang.Object, java.lang.Object)'> (0x00007eeaf1d2ded8) 
thrown [src/hotspot/share/interpreter/linkResolver.cpp, line 766]
Event: 4.682 Thread 0x00007f0b040a7000 Implicit null exception at 0x00007f0af4286cc0 to 0x00007f0af4286d2c
Event: 4.784 Thread 0x00007f0b04018000 Exception <a 'java/lang/NoSuchMethodError'{0x00007eeaec533b70}: 'int java.lang.invoke.DirectMethodHandle$Holder.invokeStatic(java.lang.Object, java.lang.Object, int)'> (0x00007eeaec533b70) 
thrown [src/hotspot/share/interpreter/linkResolver.cpp, line 766]
Event: 4.999 Thread 0x00007f0b04018000 Exception <a 'java/lang/NoSuchMethodError'{0x00007eeaec7aa000}: 'int java.lang.invoke.DirectMethodHandle$Holder.invokeStatic(java.lang.Object, java.lang.Object, java.lang.Object, int)'> (0x00007eeaec7aa000) 
thrown [src/hotspot/share/interpreter/linkResolver.cpp, line 766]
Event: 6.166 Thread 0x00007f0b04018000 Exception <a 'java/lang/ClassNotFoundException'{0x00007eeaf458cac8}: com/sun/org/apache/xerces/internal/impl/msg/spi/SAXMessagesProvider> (0x00007eeaf458cac8) 
thrown [src/hotspot/share/classfile/systemDictionary.cpp, line 232]
Event: 7.215 Thread 0x00007f0b04018000 Exception <a 'java/lang/NoSuchMethodError'{0x00007eeaf5bb3ce8}: 'java.lang.Object java.lang.invoke.DirectMethodHandle$Holder.invokeStaticInit(java.lang.Object, java.lang.Object, java.lang.Object)'> (0x00007eeaf5bb3ce8) 
thrown [src/hotspot/share/interpreter/linkResolver.cpp, line 766]
Event: 7.220 Thread 0x00007f0b04018000 Exception <a 'java/lang/NoSuchMethodError'{0x00007eeaf5bbecb0}: 'void java.lang.invoke.DirectMethodHandle$Holder.invokeStatic(java.lang.Object, java.lang.Object, java.lang.Object, java.lang.Object, java.lang.Object, java.lang.Object)'> (0x00007eeaf5bbecb0) 
thrown [src/hotspot/share/interpreter/linkResolver.cpp, line 766]
Event: 7.242 Thread 0x00007f0b04018000 Exception <a 'java/lang/NoSuchMethodError'{0x00007eeaf5bf69a8}: 'void java.lang.invoke.DirectMethodHandle$Holder.invokeStaticInit(java.lang.Object, java.lang.Object, java.lang.Object)'> (0x00007eeaf5bf69a8) 
thrown [src/hotspot/share/interpreter/linkResolver.cpp, line 766]
Event: 7.281 Thread 0x00007f0b04018000 Exception <a 'java/net/UnknownHostException'{0x00007eeaf5c17cc0}> (0x00007eeaf5c17cc0) 
thrown [src/hotspot/share/prims/jni.cpp, line 598]

Events (20 events):
Event: 486.893 Executing VM operation: GenCollectForAllocation done
Event: 488.787 Executing VM operation: GenCollectForAllocation
Event: 490.866 Executing VM operation: GenCollectForAllocation done
Event: 492.872 Executing VM operation: GenCollectForAllocation
Event: 494.719 Executing VM operation: GenCollectForAllocation done
Event: 496.600 Executing VM operation: GenCollectForAllocation
Event: 498.494 Executing VM operation: GenCollectForAllocation done
Event: 500.496 Executing VM operation: GenCollectForAllocation
Event: 502.405 Executing VM operation: GenCollectForAllocation done
Event: 504.621 Executing VM operation: GenCollectForAllocation
Event: 506.581 Executing VM operation: GenCollectForAllocation done
Event: 508.685 Executing VM operation: GenCollectForAllocation
Event: 510.796 Executing VM operation: GenCollectForAllocation done
Event: 513.226 Executing VM operation: GenCollectForAllocation
Event: 515.220 Executing VM operation: GenCollectForAllocation done
Event: 517.598 Executing VM operation: GenCollectForAllocation
Event: 519.569 Executing VM operation: GenCollectForAllocation done
Event: 522.092 Executing VM operation: GenCollectForAllocation
Event: 523.619 Executing VM operation: GenCollectForAllocation done
Event: 525.764 Executing VM operation: GenCollectForAllocation


Dynamic libraries:
564a921b8000-564a921b9000 r--p 00000000 07:31 4860                       /usr/lib/jvm/java-13-openjdk-amd64/bin/java
564a921b9000-564a921ba000 r-xp 00001000 07:31 4860                       /usr/lib/jvm/java-13-openjdk-amd64/bin/java
564a921ba000-564a921bb000 r--p 00002000 07:31 4860                       /usr/lib/jvm/java-13-openjdk-amd64/bin/java
564a921bb000-564a921bc000 r--p 00002000 07:31 4860                       /usr/lib/jvm/java-13-openjdk-amd64/bin/java
564a921bc000-564a921bd000 rw-p 00003000 07:31 4860                       /usr/lib/jvm/java-13-openjdk-amd64/bin/java
564a93e23000-564a93e44000 rw-p 00000000 00:00 0                          [heap]
7eeaa0000000-7eeaa4000000 rw-p 00000000 00:00 0 
7eeaa4000000-7eeaa4021000 rw-p 00000000 00:00 0 
7eeaa4021000-7eeaa8000000 ---p 00000000 00:00 0 
7eeaaae60000-7eeaab020000 rw-p 00000000 00:00 0 
7eeaab020000-7eeaab060000 ---p 00000000 00:00 0 
7eeaab060000-7eeaab260000 rw-p 00000000 00:00 0 
7eeaab260000-7eeaab460000 rw-p 00000000 00:00 0 
7eeaab460000-7eeaab660000 rw-p 00000000 00:00 0 
7eeaab660000-7eeaab860000 rw-p 00000000 00:00 0 
7eeaab860000-7eeaaba60000 rw-p 00000000 00:00 0 
7eeaaba60000-7eeaabc60000 rw-p 00000000 00:00 0 
7eeaabc60000-7eeaac000000 rw-p 00000000 00:00 0 
7eeaac000000-7eeaac021000 rw-p 00000000 00:00 0 
7eeaac021000-7eeab0000000 ---p 00000000 00:00 0 
7eeab0000000-7eeab0021000 rw-p 00000000 00:00 0 
7eeab0021000-7eeab4000000 ---p 00000000 00:00 0 
7eeab4000000-7eeab5b2c000 rw-p 00000000 00:00 0 
7eeab5b2c000-7eeab8000000 ---p 00000000 00:00 0 
7eeab8000000-7eeab8648000 rw-p 00000000 00:00 0 
7eeab8648000-7eeabc000000 ---p 00000000 00:00 0 
7eeabc000000-7eeabc021000 rw-p 00000000 00:00 0 
7eeabc021000-7eeac0000000 ---p 00000000 00:00 0 
7eeac0000000-7eeac0021000 rw-p 00000000 00:00 0 
7eeac0021000-7eeac4000000 ---p 00000000 00:00 0 
7eeac4000000-7eeac4021000 rw-p 00000000 00:00 0 
7eeac4021000-7eeac8000000 ---p 00000000 00:00 0 
7eeac8000000-7eeac8021000 rw-p 00000000 00:00 0 
7eeac8021000-7eeacc000000 ---p 00000000 00:00 0 
7eeacc000000-7eead0000000 rw-p 00000000 00:00 0 
7eead00ea000-7eead00ee000 r--p 00000000 07:31 9178                       /usr/lib/x86_64-linux-gnu/libresolv-2.31.so
7eead00ee000-7eead00fe000 r-xp 00004000 07:31 9178                       /usr/lib/x86_64-linux-gnu/libresolv-2.31.so
7eead00fe000-7eead0102000 r--p 00014000 07:31 9178                       /usr/lib/x86_64-linux-gnu/libresolv-2.31.so
7eead0102000-7eead0103000 r--p 00017000 07:31 9178                       /usr/lib/x86_64-linux-gnu/libresolv-2.31.so
7eead0103000-7eead0104000 rw-p 00018000 07:31 9178                       /usr/lib/x86_64-linux-gnu/libresolv-2.31.so
7eead0104000-7eead0106000 rw-p 00000000 00:00 0 
7eead0106000-7eead0107000 r--p 00000000 07:31 9105                       /usr/lib/x86_64-linux-gnu/libnss_dns-2.31.so
7eead0107000-7eead010b000 r-xp 00001000 07:31 9105                       /usr/lib/x86_64-linux-gnu/libnss_dns-2.31.so
7eead010b000-7eead010c000 r--p 00005000 07:31 9105                       /usr/lib/x86_64-linux-gnu/libnss_dns-2.31.so
7eead010c000-7eead010d000 r--p 00005000 07:31 9105                       /usr/lib/x86_64-linux-gnu/libnss_dns-2.31.so
7eead010d000-7eead010e000 rw-p 00006000 07:31 9105                       /usr/lib/x86_64-linux-gnu/libnss_dns-2.31.so
7eead010e000-7eead0110000 r--p 00000000 07:31 5202                       /usr/lib/jvm/java-13-openjdk-amd64/lib/libmanagement_ext.so
7eead0110000-7eead0113000 r-xp 00002000 07:31 5202                       /usr/lib/jvm/java-13-openjdk-amd64/lib/libmanagement_ext.so
7eead0113000-7eead0114000 r--p 00005000 07:31 5202                       /usr/lib/jvm/java-13-openjdk-amd64/lib/libmanagement_ext.so
7eead0114000-7eead0115000 ---p 00006000 07:31 5202                       /usr/lib/jvm/java-13-openjdk-amd64/lib/libmanagement_ext.so
7eead0115000-7eead0116000 r--p 00006000 07:31 5202                       /usr/lib/jvm/java-13-openjdk-amd64/lib/libmanagement_ext.so
7eead0116000-7eead0117000 rw-p 00007000 07:31 5202                       /usr/lib/jvm/java-13-openjdk-amd64/lib/libmanagement_ext.so
7eead0117000-7eead0317000 rw-p 00000000 00:00 0 
7eead0317000-7eead0517000 rw-p 00000000 00:00 0 
7eead0517000-7eead0717000 rw-p 00000000 00:00 0 
7eead0717000-7eead0748000 rw-p 00000000 00:00 0 
7eead0748000-7eead0749000 ---p 00000000 00:00 0 
7eead0749000-7eead084a000 rw-p 00000000 00:00 0 
7eead084a000-7eead084e000 ---p 00000000 00:00 0 
7eead084e000-7eead094b000 rw-p 00000000 00:00 0 
7eead094b000-7eead094f000 ---p 00000000 00:00 0 
7eead094f000-7eead0a4c000 rw-p 00000000 00:00 0 
7eead0a4c000-7eead0a50000 ---p 00000000 00:00 0 
7eead0a50000-7eead0b4d000 rw-p 00000000 00:00 0 
7eead0b4d000-7eead0b51000 ---p 00000000 00:00 0 
7eead0b51000-7eead0c4e000 rw-p 00000000 00:00 0 
7eead0c4e000-7eead0c52000 ---p 00000000 00:00 0 
7eead0c52000-7eead0d4f000 rw-p 00000000 00:00 0 
7eead0d4f000-7eead0d53000 ---p 00000000 00:00 0 
7eead0d53000-7eead0e50000 rw-p 00000000 00:00 0 
7eead0e50000-7eead0e54000 ---p 00000000 00:00 0 
7eead0e54000-7eead0f51000 rw-p 00000000 00:00 0 
7eead0f51000-7eead0f55000 ---p 00000000 00:00 0 
7eead0f55000-7eead1052000 rw-p 00000000 00:00 0 
7eead1052000-7eead1053000 ---p 00000000 00:00 0 
7eead1053000-7eead2913000 rw-p 00000000 00:00 0 
7eead2913000-7eeadc3ff000 ---p 00000000 00:00 0 
7eeadc3ff000-7eeadcbc0000 rw-p 00000000 00:00 0 
7eeadcbc0000-7eeae1954000 ---p 00000000 00:00 0 
7eeae1954000-7eeae2914000 rw-p 00000000 00:00 0 
7eeae2914000-7eeaec3ff000 ---p 00000000 00:00 0 
7eeaec3ff000-7eebe4480000 rw-p 00000000 00:00 0 
7eebe4480000-7ef596ea0000 ---p 00000000 00:00 0 
7ef596ea0000-7ef78ec32000 rw-p 00000000 00:00 0 
7ef8513a9000-7f0aec400000 ---p 00000000 00:00 0 
7f0aec406000-7f0aec409000 r--p 00000000 07:31 5200                       /usr/lib/jvm/java-13-openjdk-amd64/lib/libmanagement.so
7f0aec409000-7f0aec40a000 r-xp 00003000 07:31 5200                       /usr/lib/jvm/java-13-openjdk-amd64/lib/libmanagement.so
7f0aec40a000-7f0aec40b000 r--p 00004000 07:31 5200                       /usr/lib/jvm/java-13-openjdk-amd64/lib/libmanagement.so
7f0aec40b000-7f0aec40c000 r--p 00004000 07:31 5200                       /usr/lib/jvm/java-13-openjdk-amd64/lib/libmanagement.so
7f0aec40c000-7f0aec40d000 rw-p 00005000 07:31 5200                       /usr/lib/jvm/java-13-openjdk-amd64/lib/libmanagement.so
7f0aec40d000-7f0aec411000 r--p 00000000 07:31 5204                       /usr/lib/jvm/java-13-openjdk-amd64/lib/libnet.so
7f0aec411000-7f0aec41f000 r-xp 00004000 07:31 5204                       /usr/lib/jvm/java-13-openjdk-amd64/lib/libnet.so
7f0aec41f000-7f0aec423000 r--p 00012000 07:31 5204                       /usr/lib/jvm/java-13-openjdk-amd64/lib/libnet.so
7f0aec423000-7f0aec424000 r--p 00015000 07:31 5204                       /usr/lib/jvm/java-13-openjdk-amd64/lib/libnet.so
7f0aec424000-7f0aec425000 rw-p 00016000 07:31 5204                       /usr/lib/jvm/java-13-openjdk-amd64/lib/libnet.so
7f0aec425000-7f0aec42c000 r--p 00000000 07:31 5205                       /usr/lib/jvm/java-13-openjdk-amd64/lib/libnio.so
7f0aec42c000-7f0aec435000 r-xp 00007000 07:31 5205                       /usr/lib/jvm/java-13-openjdk-amd64/lib/libnio.so
7f0aec435000-7f0aec439000 r--p 00010000 07:31 5205                       /usr/lib/jvm/java-13-openjdk-amd64/lib/libnio.so
7f0aec439000-7f0aec43a000 r--p 00013000 07:31 5205                       /usr/lib/jvm/java-13-openjdk-amd64/lib/libnio.so
7f0aec43a000-7f0aec43b000 rw-p 00014000 07:31 5205                       /usr/lib/jvm/java-13-openjdk-amd64/lib/libnio.so
7f0aec43b000-7f0aec46d000 r--p 00000000 07:31 5276                       /usr/lib/locale/C.UTF-8/LC_CTYPE
7f0aec46d000-7f0aec58f000 rw-p 00000000 00:00 0 
7f0aec58f000-7f0aec675000 ---p 00000000 00:00 0 
7f0aec675000-7f0aec685000 rw-p 00000000 00:00 0 
7f0aec685000-7f0aec760000 ---p 00000000 00:00 0 
7f0aec760000-7f0aec765000 rw-p 00000000 00:00 0 
7f0aec765000-7f0aec76c000 ---p 00000000 00:00 0 
7f0aec76c000-7f0aec9dc000 rwxp 00000000 00:00 0 
7f0aec9dc000-7f0aeccfb000 ---p 00000000 00:00 0 
7f0aeccfb000-7f0aed49b000 rwxp 00000000 00:00 0 
7f0aed49b000-7f0af4233000 ---p 00000000 00:00 0 
7f0af4233000-7f0af44a3000 rwxp 00000000 00:00 0 
7f0af44a3000-7f0afb76c000 ---p 00000000 00:00 0 
7f0afb76c000-7f0b03fe2000 r--s 00000000 07:31 5215                       /usr/lib/jvm/java-13-openjdk-amd64/lib/modules
7f0b03fe2000-7f0b03fe4000 r--p 00000000 07:31 5214                       /usr/lib/jvm/java-13-openjdk-amd64/lib/libzip.so
7f0b03fe4000-7f0b03fe8000 r-xp 00002000 07:31 5214                       /usr/lib/jvm/java-13-openjdk-amd64/lib/libzip.so
7f0b03fe8000-7f0b03fea000 r--p 00006000 07:31 5214                       /usr/lib/jvm/java-13-openjdk-amd64/lib/libzip.so
7f0b03fea000-7f0b03feb000 r--p 00007000 07:31 5214                       /usr/lib/jvm/java-13-openjdk-amd64/lib/libzip.so
7f0b03feb000-7f0b03fec000 rw-p 00008000 07:31 5214                       /usr/lib/jvm/java-13-openjdk-amd64/lib/libzip.so
7f0b03fec000-7f0b03fef000 r--p 00000000 07:31 9108                       /usr/lib/x86_64-linux-gnu/libnss_files-2.31.so
7f0b03fef000-7f0b03ff6000 r-xp 00003000 07:31 9108                       /usr/lib/x86_64-linux-gnu/libnss_files-2.31.so
7f0b03ff6000-7f0b03ff8000 r--p 0000a000 07:31 9108                       /usr/lib/x86_64-linux-gnu/libnss_files-2.31.so
7f0b03ff8000-7f0b03ff9000 r--p 0000b000 07:31 9108                       /usr/lib/x86_64-linux-gnu/libnss_files-2.31.so
7f0b03ff9000-7f0b03ffa000 rw-p 0000c000 07:31 9108                       /usr/lib/x86_64-linux-gnu/libnss_files-2.31.so
7f0b03ffa000-7f0b04000000 rw-p 00000000 00:00 0 
7f0b04000000-7f0b047ec000 rw-p 00000000 00:00 0 
7f0b047ec000-7f0b08000000 ---p 00000000 00:00 0 
7f0b08001000-7f0b08008000 r--s 00000000 07:31 8532                       /usr/lib/x86_64-linux-gnu/gconv/gconv-modules.cache
7f0b08008000-7f0b08010000 rw-s 00000000 08:03 34784697                   /tmp/hsperfdata_rcabanas/14352
7f0b08010000-7f0b08012000 r--p 00000000 07:31 5195                       /usr/lib/jvm/java-13-openjdk-amd64/lib/libjimage.so
7f0b08012000-7f0b08015000 r-xp 00002000 07:31 5195                       /usr/lib/jvm/java-13-openjdk-amd64/lib/libjimage.so
7f0b08015000-7f0b08016000 r--p 00005000 07:31 5195                       /usr/lib/jvm/java-13-openjdk-amd64/lib/libjimage.so
7f0b08016000-7f0b08017000 ---p 00006000 07:31 5195                       /usr/lib/jvm/java-13-openjdk-amd64/lib/libjimage.so
7f0b08017000-7f0b08018000 r--p 00006000 07:31 5195                       /usr/lib/jvm/java-13-openjdk-amd64/lib/libjimage.so
7f0b08018000-7f0b08019000 rw-p 00007000 07:31 5195                       /usr/lib/jvm/java-13-openjdk-amd64/lib/libjimage.so
7f0b08019000-7f0b08026000 r--p 00000000 07:31 5191                       /usr/lib/jvm/java-13-openjdk-amd64/lib/libjava.so
7f0b08026000-7f0b0803b000 r-xp 0000d000 07:31 5191                       /usr/lib/jvm/java-13-openjdk-amd64/lib/libjava.so
7f0b0803b000-7f0b08041000 r--p 00022000 07:31 5191                       /usr/lib/jvm/java-13-openjdk-amd64/lib/libjava.so
7f0b08041000-7f0b08042000 ---p 00028000 07:31 5191                       /usr/lib/jvm/java-13-openjdk-amd64/lib/libjava.so
7f0b08042000-7f0b08043000 r--p 00028000 07:31 5191                       /usr/lib/jvm/java-13-openjdk-amd64/lib/libjava.so
7f0b08043000-7f0b08045000 rw-p 00029000 07:31 5191                       /usr/lib/jvm/java-13-openjdk-amd64/lib/libjava.so
7f0b08045000-7f0b0804a000 r--p 00000000 07:31 5213                       /usr/lib/jvm/java-13-openjdk-amd64/lib/libverify.so
7f0b0804a000-7f0b08051000 r-xp 00005000 07:31 5213                       /usr/lib/jvm/java-13-openjdk-amd64/lib/libverify.so
7f0b08051000-7f0b08053000 r--p 0000c000 07:31 5213                       /usr/lib/jvm/java-13-openjdk-amd64/lib/libverify.so
7f0b08053000-7f0b08054000 ---p 0000e000 07:31 5213                       /usr/lib/jvm/java-13-openjdk-amd64/lib/libverify.so
7f0b08054000-7f0b08056000 r--p 0000e000 07:31 5213                       /usr/lib/jvm/java-13-openjdk-amd64/lib/libverify.so
7f0b08056000-7f0b08057000 rw-p 00010000 07:31 5213                       /usr/lib/jvm/java-13-openjdk-amd64/lib/libverify.so
7f0b08057000-7f0b0805b000 ---p 00000000 00:00 0 
7f0b0805b000-7f0b08158000 rw-p 00000000 00:00 0 
7f0b08158000-7f0b0815b000 r--p 00000000 07:31 8948                       /usr/lib/x86_64-linux-gnu/libgcc_s.so.1
7f0b0815b000-7f0b0816d000 r-xp 00003000 07:31 8948                       /usr/lib/x86_64-linux-gnu/libgcc_s.so.1
7f0b0816d000-7f0b08171000 r--p 00015000 07:31 8948                       /usr/lib/x86_64-linux-gnu/libgcc_s.so.1
7f0b08171000-7f0b08172000 r--p 00018000 07:31 8948                       /usr/lib/x86_64-linux-gnu/libgcc_s.so.1
7f0b08172000-7f0b08173000 rw-p 00019000 07:31 8948                       /usr/lib/x86_64-linux-gnu/libgcc_s.so.1
7f0b08173000-7f0b08180000 r--p 00000000 07:31 9062                       /usr/lib/x86_64-linux-gnu/libm-2.31.so
7f0b08180000-7f0b08227000 r-xp 0000d000 07:31 9062                       /usr/lib/x86_64-linux-gnu/libm-2.31.so
7f0b08227000-7f0b082c0000 r--p 000b4000 07:31 9062                       /usr/lib/x86_64-linux-gnu/libm-2.31.so
7f0b082c0000-7f0b082c1000 r--p 0014c000 07:31 9062                       /usr/lib/x86_64-linux-gnu/libm-2.31.so
7f0b082c1000-7f0b082c2000 rw-p 0014d000 07:31 9062                       /usr/lib/x86_64-linux-gnu/libm-2.31.so
7f0b082c2000-7f0b08358000 r--p 00000000 07:31 9213                       /usr/lib/x86_64-linux-gnu/libstdc++.so.6.0.28
7f0b08358000-7f0b08449000 r-xp 00096000 07:31 9213                       /usr/lib/x86_64-linux-gnu/libstdc++.so.6.0.28
7f0b08449000-7f0b08492000 r--p 00187000 07:31 9213                       /usr/lib/x86_64-linux-gnu/libstdc++.so.6.0.28
7f0b08492000-7f0b08493000 ---p 001d0000 07:31 9213                       /usr/lib/x86_64-linux-gnu/libstdc++.so.6.0.28
7f0b08493000-7f0b0849e000 r--p 001d0000 07:31 9213                       /usr/lib/x86_64-linux-gnu/libstdc++.so.6.0.28
7f0b0849e000-7f0b084a1000 rw-p 001db000 07:31 9213                       /usr/lib/x86_64-linux-gnu/libstdc++.so.6.0.28
7f0b084a1000-7f0b084a4000 rw-p 00000000 00:00 0 
7f0b084a4000-7f0b0872a000 r--p 00000000 07:31 5226                       /usr/lib/jvm/java-13-openjdk-amd64/lib/server/libjvm.so
7f0b0872a000-7f0b094a7000 r-xp 00286000 07:31 5226                       /usr/lib/jvm/java-13-openjdk-amd64/lib/server/libjvm.so
7f0b094a7000-7f0b09722000 r--p 01003000 07:31 5226                       /usr/lib/jvm/java-13-openjdk-amd64/lib/server/libjvm.so
7f0b09722000-7f0b097e7000 r--p 0127d000 07:31 5226                       /usr/lib/jvm/java-13-openjdk-amd64/lib/server/libjvm.so
7f0b097e7000-7f0b09822000 rw-p 01342000 07:31 5226                       /usr/lib/jvm/java-13-openjdk-amd64/lib/server/libjvm.so
7f0b09822000-7f0b098a8000 rw-p 00000000 00:00 0 
7f0b098a8000-7f0b098ae000 r--p 00000000 07:31 9166                       /usr/lib/x86_64-linux-gnu/libpthread-2.31.so
7f0b098ae000-7f0b098bf000 r-xp 00006000 07:31 9166                       /usr/lib/x86_64-linux-gnu/libpthread-2.31.so
7f0b098bf000-7f0b098c5000 r--p 00017000 07:31 9166                       /usr/lib/x86_64-linux-gnu/libpthread-2.31.so
7f0b098c5000-7f0b098c6000 r--p 0001c000 07:31 9166                       /usr/lib/x86_64-linux-gnu/libpthread-2.31.so
7f0b098c6000-7f0b098c7000 rw-p 0001d000 07:31 9166                       /usr/lib/x86_64-linux-gnu/libpthread-2.31.so
7f0b098c7000-7f0b098cb000 rw-p 00000000 00:00 0 
7f0b098cb000-7f0b098cc000 r--p 00000000 07:31 8893                       /usr/lib/x86_64-linux-gnu/libdl-2.31.so
7f0b098cc000-7f0b098ce000 r-xp 00001000 07:31 8893                       /usr/lib/x86_64-linux-gnu/libdl-2.31.so
7f0b098ce000-7f0b098cf000 r--p 00003000 07:31 8893                       /usr/lib/x86_64-linux-gnu/libdl-2.31.so
7f0b098cf000-7f0b098d0000 r--p 00003000 07:31 8893                       /usr/lib/x86_64-linux-gnu/libdl-2.31.so
7f0b098d0000-7f0b098d1000 rw-p 00004000 07:31 8893                       /usr/lib/x86_64-linux-gnu/libdl-2.31.so
7f0b098d1000-7f0b098d3000 r--p 00000000 07:31 9290                       /usr/lib/x86_64-linux-gnu/libz.so.1.2.11
7f0b098d3000-7f0b098e4000 r-xp 00002000 07:31 9290                       /usr/lib/x86_64-linux-gnu/libz.so.1.2.11
7f0b098e4000-7f0b098ea000 r--p 00013000 07:31 9290                       /usr/lib/x86_64-linux-gnu/libz.so.1.2.11
7f0b098ea000-7f0b098eb000 ---p 00019000 07:31 9290                       /usr/lib/x86_64-linux-gnu/libz.so.1.2.11
7f0b098eb000-7f0b098ec000 r--p 00019000 07:31 9290                       /usr/lib/x86_64-linux-gnu/libz.so.1.2.11
7f0b098ec000-7f0b098ed000 rw-p 0001a000 07:31 9290                       /usr/lib/x86_64-linux-gnu/libz.so.1.2.11
7f0b098ed000-7f0b0990f000 r--p 00000000 07:31 8851                       /usr/lib/x86_64-linux-gnu/libc-2.31.so
7f0b0990f000-7f0b09a87000 r-xp 00022000 07:31 8851                       /usr/lib/x86_64-linux-gnu/libc-2.31.so
7f0b09a87000-7f0b09ad5000 r--p 0019a000 07:31 8851                       /usr/lib/x86_64-linux-gnu/libc-2.31.so
7f0b09ad5000-7f0b09ad9000 r--p 001e7000 07:31 8851                       /usr/lib/x86_64-linux-gnu/libc-2.31.so
7f0b09ad9000-7f0b09adb000 rw-p 001eb000 07:31 8851                       /usr/lib/x86_64-linux-gnu/libc-2.31.so
7f0b09adb000-7f0b09adf000 rw-p 00000000 00:00 0 
7f0b09ae1000-7f0b09ae3000 r--s 0000c000 07:31 20930                      /usr/share/java/java-atk-wrapper.jar
7f0b09ae3000-7f0b09ae4000 ---p 00000000 00:00 0 
7f0b09ae4000-7f0b09ae5000 r--p 00000000 00:00 0 
7f0b09ae5000-7f0b09ae8000 r--p 00000000 07:31 5196                       /usr/lib/jvm/java-13-openjdk-amd64/lib/libjli.so
7f0b09ae8000-7f0b09af2000 r-xp 00003000 07:31 5196                       /usr/lib/jvm/java-13-openjdk-amd64/lib/libjli.so
7f0b09af2000-7f0b09af5000 r--p 0000d000 07:31 5196                       /usr/lib/jvm/java-13-openjdk-amd64/lib/libjli.so
7f0b09af5000-7f0b09af6000 r--p 0000f000 07:31 5196                       /usr/lib/jvm/java-13-openjdk-amd64/lib/libjli.so
7f0b09af6000-7f0b09af7000 rw-p 00010000 07:31 5196                       /usr/lib/jvm/java-13-openjdk-amd64/lib/libjli.so
7f0b09af7000-7f0b09af9000 rw-p 00000000 00:00 0 
7f0b09af9000-7f0b09afa000 r--p 00000000 07:31 8572                       /usr/lib/x86_64-linux-gnu/ld-2.31.so
7f0b09afa000-7f0b09b1d000 r-xp 00001000 07:31 8572                       /usr/lib/x86_64-linux-gnu/ld-2.31.so
7f0b09b1d000-7f0b09b25000 r--p 00024000 07:31 8572                       /usr/lib/x86_64-linux-gnu/ld-2.31.so
7f0b09b25000-7f0b09b26000 ---p 00000000 00:00 0 
7f0b09b26000-7f0b09b27000 r--p 0002c000 07:31 8572                       /usr/lib/x86_64-linux-gnu/ld-2.31.so
7f0b09b27000-7f0b09b28000 rw-p 0002d000 07:31 8572                       /usr/lib/x86_64-linux-gnu/ld-2.31.so
7f0b09b28000-7f0b09b29000 rw-p 00000000 00:00 0 
7ffe43cb3000-7ffe43cd4000 rw-p 00000000 00:00 0                          [stack]
7ffe43d65000-7ffe43d67000 r-xp 00000000 00:00 0                          [vdso]
ffffffffff600000-ffffffffff601000 r-xp 00000000 00:00 0                  [vsyscall]


VM Arguments:
jvm_args: -Xmx128g --add-modules=ALL-DEFAULT 
java_command: jdk.compiler/com.sun.tools.javac.launcher.Main /mnt/beegfs/rcabanas/dev/credici/papers/zeros/code/GenerateNparents.java -np 2 -nzr 1.0 -zdr 0.5 -o /mnt/beegfs/rcabanas/dev/credici/papers/zeros/models/s3 -rw -s 67 -ys 3
java_class_path (initial): /mnt/beegfs/rcabanas/dev/credici/target/credici-0.1.5-dev-SNAPSHOT-jar-with-dependencies.jar
Launcher Type: SUN_STANDARD

[Global flags]
     intx CICompilerCount                          = 2                                         {product} {ergonomic}
   size_t InitialHeapSize                          = 2147483648                                {product} {ergonomic}
   size_t MaxHeapSize                              = 137438953472                              {product} {command line}
   size_t MaxNewSize                               = 45812940800                               {product} {ergonomic}
   size_t MinHeapDeltaBytes                        = 196608                                    {product} {ergonomic}
   size_t MinHeapSize                              = 8388608                                   {product} {ergonomic}
   size_t NewSize                                  = 715784192                                 {product} {ergonomic}
    uintx NonNMethodCodeHeapSize                   = 5826188                                {pd product} {ergonomic}
    uintx NonProfiledCodeHeapSize                  = 122916026                              {pd product} {ergonomic}
   size_t OldSize                                  = 1431699456                                {product} {ergonomic}
    uintx ProfiledCodeHeapSize                     = 122916026                              {pd product} {ergonomic}
    uintx ReservedCodeCacheSize                    = 251658240                              {pd product} {ergonomic}
     bool SegmentedCodeCache                       = true                                      {product} {ergonomic}
   size_t SoftMaxHeapSize                          = 137438953472                           {manageable} {ergonomic}
     bool UseSerialGC                              = true                                      {product} {ergonomic}

Logging:
Log output configuration:
 #0: stdout all=warning uptime,level,tags
 #1: stderr all=off uptime,level,tags

Environment Variables:
PATH=/usr/local/sbin:/usr/local/bin:/usr/sbin:/usr/bin:/sbin:/bin
LD_LIBRARY_PATH=/.singularity.d/libs

Signal Handlers:
SIGSEGV: [libjvm.so+0xf8fcf0], sa_mask[0]=11111111011111111101111111111110, sa_flags=SA_RESTART|SA_SIGINFO
SIGBUS: [libjvm.so+0xf8fcf0], sa_mask[0]=11111111011111111101111111111110, sa_flags=SA_RESTART|SA_SIGINFO
SIGFPE: [libjvm.so+0xf8fcf0], sa_mask[0]=11111111011111111101111111111110, sa_flags=SA_RESTART|SA_SIGINFO
SIGPIPE: [libjvm.so+0xc3ffa0], sa_mask[0]=11111111011111111101111111111110, sa_flags=SA_RESTART|SA_SIGINFO
SIGXFSZ: [libjvm.so+0xc3ffa0], sa_mask[0]=11111111011111111101111111111110, sa_flags=SA_RESTART|SA_SIGINFO
SIGILL: [libjvm.so+0xf8fcf0], sa_mask[0]=11111111011111111101111111111110, sa_flags=SA_RESTART|SA_SIGINFO
SIGUSR2: [libjvm.so+0xc3fe40], sa_mask[0]=00000000000000000000000000000000, sa_flags=SA_RESTART|SA_SIGINFO
SIGHUP: [libjvm.so+0xc40580], sa_mask[0]=11111111011111111101111111111110, sa_flags=SA_RESTART|SA_SIGINFO
SIGINT: [libjvm.so+0xc40580], sa_mask[0]=11111111011111111101111111111110, sa_flags=SA_RESTART|SA_SIGINFO
SIGTERM: [libjvm.so+0xc40580], sa_mask[0]=11111111011111111101111111111110, sa_flags=SA_RESTART|SA_SIGINFO
SIGQUIT: [libjvm.so+0xc40580], sa_mask[0]=11111111011111111101111111111110, sa_flags=SA_RESTART|SA_SIGINFO


---------------  S Y S T E M  ---------------

OS:DISTRIB_ID=Ubuntu
DISTRIB_RELEASE=20.04
DISTRIB_CODENAME=focal
DISTRIB_DESCRIPTION="Ubuntu 20.04.4 LTS"
uname:Linux 3.10.0-1160.15.2.el7.x86_64 #1 SMP Wed Feb 3 15:06:38 UTC 2021 x86_64
OS uptime: 2 days 16:29 hours
libc:glibc 2.31 NPTL 2.31 
rlimit (soft/hard): STACK 8192k/infinity , CORE 0k/infinity , NPROC 4096/1030217 , NOFILE 131072/131072 , AS infinity/infinity , CPU infinity/infinity , DATA infinity/infinity , FSIZE infinity/infinity , MEMLOCK infinity/infinity
load average:64.35 64.85 58.65

/proc/meminfo:
MemTotal:       263895364 kB
MemFree:         1552980 kB
MemAvailable:    2071200 kB
Buffers:          319368 kB
Cached:           903328 kB
SwapCached:       666832 kB
Active:         244612308 kB
Inactive:        8284324 kB
Active(anon):   244233000 kB
Inactive(anon):  7463236 kB
Active(file):     379308 kB
Inactive(file):   821088 kB
Unevictable:       26564 kB
Mlocked:           26564 kB
SwapTotal:       4194300 kB
SwapFree:          49216 kB
Dirty:               184 kB
Writeback:           276 kB
AnonPages:      251033652 kB
Mapped:           217236 kB
Shmem:             15136 kB
Slab:             738816 kB
SReclaimable:     176604 kB
SUnreclaim:       562212 kB
KernelStack:       53040 kB
PageTables:       597504 kB
NFS_Unstable:          0 kB
Bounce:                0 kB
WritebackTmp:          0 kB
CommitLimit:    136141980 kB
Committed_AS:   329748880 kB
VmallocTotal:   34359738367 kB
VmallocUsed:      863184 kB
VmallocChunk:   34222528544 kB
Percpu:            18176 kB
HardwareCorrupted:     0 kB
AnonHugePages:  145215488 kB
CmaTotal:              0 kB
CmaFree:               0 kB
HugePages_Total:       0
HugePages_Free:        0
HugePages_Rsvd:        0
HugePages_Surp:        0
Hugepagesize:       2048 kB
DirectMap4k:      636520 kB
DirectMap2M:    31731712 kB
DirectMap1G:    235929600 kB

/sys/kernel/mm/transparent_hugepage/enabled:
[always] madvise never

/sys/kernel/mm/transparent_hugepage/defrag (defrag/compaction efforts parameter):
[always] madvise never


/proc/sys/kernel/threads-max (system-wide limit on the number of threads):
2060435


/proc/sys/vm/max_map_count (maximum number of memory map areas a process may have):
65530


/proc/sys/kernel/pid_max (system-wide limit on number of process identifiers):
65536



Steal ticks since vm start: 0
Steal ticks percentage since vm start:  0.000

CPU:total 64 (initial active 1) (32 cores per cpu, 1 threads per core) family 23 model 49 stepping 0, cmov, cx8, fxsr, mmx, sse, sse2, sse3, ssse3, sse4.1, sse4.2, popcnt, avx, avx2, aes, clmul, mmxext, 3dnowpref, lzcnt, sse4a, tsc, tscinvbit, tscinv, bmi1, bmi2, adx, sha, fma
CPU Model and flags from /proc/cpuinfo:
model name	: AMD EPYC 7542 32-Core Processor
flags		: fpu vme de pse tsc msr pae mce cx8 apic sep mtrr pge mca cmov pat pse36 clflush mmx fxsr sse sse2 ht syscall nx mmxext fxsr_opt pdpe1gb rdtscp lm constant_tsc art rep_good nopl nonstop_tsc extd_apicid aperfmperf eagerfpu pni pclmulqdq monitor ssse3 fma cx16 sse4_1 sse4_2 movbe popcnt aes xsave avx f16c rdrand lahf_lm cmp_legacy svm extapic cr8_legacy abm sse4a misalignsse 3dnowprefetch osvw ibs skinit wdt tce topoext perfctr_core perfctr_nb bpext perfctr_l2 cpb cat_l3 cdp_l3 hw_pstate sme retpoline_amd ssbd ibrs ibpb stibp vmmcall fsgsbase bmi1 avx2 smep bmi2 cqm rdt_a rdseed adx smap clflushopt clwb sha_ni xsaveopt xsavec xgetbv1 cqm_llc cqm_occup_llc cqm_mbm_total cqm_mbm_local clzero irperf xsaveerptr arat npt lbrv svm_lock nrip_save tsc_scale vmcb_clean flushbyasid decodeassists pausefilter pfthreshold avic v_vmsave_vmload vgif umip overflow_recov succor smca
Online cpus:0-63
Offline cpus:
BIOS frequency limitation:2900000
Frequency switch latency (ns):0
Available cpu frequencies:2900000 2400000 1500000 
Current governor:conservative
Core performance/turbo boost:1

Memory: 4k page, physical 263895364k(1552452k free), swap 4194300k(49216k free)

vm_info: OpenJDK 64-Bit Server VM (13.0.7+5-Ubuntu-0ubuntu120.04) for linux-amd64 JRE (13.0.7+5-Ubuntu-0ubuntu120.04), built on Apr 21 2021 05:36:19 by "unknown" with gcc 9.3.0

END.
