100
1000
['learn.py', '1000', '128']
['learn.py', '1000', '109']
['learn.py', '1000', '132']
['learn.py', '1000', '116']
seed=128
/mnt/beegfs/rcabanas/dev/credici
/mnt/beegfs/rcabanas/dev/credici/papers/causal_flavour
/mnt/beegfs/rcabanas/dev/credici/papers/causal_flavour/learntmodels
/mnt/beegfs/rcabanas/dev/credici/papers/causal_flavour/models
/mnt/beegfs/rcabanas/dev/credici/target/credici-0.1.5-dev-SNAPSHOT-jar-with-dependencies.jar
/mnt/beegfs/rcabanas/dev/credici/papers/causal_flavour/code/LearnCF.java
['learn.py', '1000', '105']
seed=116
seed=132
/mnt/beegfs/rcabanas/dev/credici
seed=109
/mnt/beegfs/rcabanas/dev/credici
/mnt/beegfs/rcabanas/dev/credici/papers/causal_flavour
/mnt/beegfs/rcabanas/dev/credici
/mnt/beegfs/rcabanas/dev/credici/papers/causal_flavour
/mnt/beegfs/rcabanas/dev/credici/papers/causal_flavour/learntmodels
/mnt/beegfs/rcabanas/dev/credici/papers/causal_flavour
/mnt/beegfs/rcabanas/dev/credici/papers/causal_flavour/learntmodels
/mnt/beegfs/rcabanas/dev/credici/papers/causal_flavour/models
/mnt/beegfs/rcabanas/dev/credici/papers/causal_flavour/learntmodels
/mnt/beegfs/rcabanas/dev/credici/papers/causal_flavour/models
/mnt/beegfs/rcabanas/dev/credici/target/credici-0.1.5-dev-SNAPSHOT-jar-with-dependencies.jar
/mnt/beegfs/rcabanas/dev/credici/papers/causal_flavour/code/LearnCF.java
/mnt/beegfs/rcabanas/dev/credici/papers/causal_flavour/models
/mnt/beegfs/rcabanas/dev/credici/target/credici-0.1.5-dev-SNAPSHOT-jar-with-dependencies.jar
/mnt/beegfs/rcabanas/dev/credici/target/credici-0.1.5-dev-SNAPSHOT-jar-with-dependencies.jar
/mnt/beegfs/rcabanas/dev/credici/papers/causal_flavour/code/LearnCF.java
/mnt/beegfs/rcabanas/dev/credici/papers/causal_flavour/code/LearnCF.java
['learn.py', '1000', '130']
['learn.py', '1000', '110']
seed=105
/mnt/beegfs/rcabanas/dev/credici
/mnt/beegfs/rcabanas/dev/credici/papers/causal_flavour
/mnt/beegfs/rcabanas/dev/credici/papers/causal_flavour/learntmodels
/mnt/beegfs/rcabanas/dev/credici/papers/causal_flavour/models
/mnt/beegfs/rcabanas/dev/credici/target/credici-0.1.5-dev-SNAPSHOT-jar-with-dependencies.jar
/mnt/beegfs/rcabanas/dev/credici/papers/causal_flavour/code/LearnCF.java
seed=130
seed=110
/mnt/beegfs/rcabanas/dev/credici
/mnt/beegfs/rcabanas/dev/credici
/mnt/beegfs/rcabanas/dev/credici/papers/causal_flavour
/mnt/beegfs/rcabanas/dev/credici/papers/causal_flavour
/mnt/beegfs/rcabanas/dev/credici/papers/causal_flavour/learntmodels
/mnt/beegfs/rcabanas/dev/credici/papers/causal_flavour/learntmodels
/mnt/beegfs/rcabanas/dev/credici/papers/causal_flavour/models
/mnt/beegfs/rcabanas/dev/credici/papers/causal_flavour/models
/mnt/beegfs/rcabanas/dev/credici/target/credici-0.1.5-dev-SNAPSHOT-jar-with-dependencies.jar
/mnt/beegfs/rcabanas/dev/credici/papers/causal_flavour/code/LearnCF.java
/mnt/beegfs/rcabanas/dev/credici/target/credici-0.1.5-dev-SNAPSHOT-jar-with-dependencies.jar
/mnt/beegfs/rcabanas/dev/credici/papers/causal_flavour/code/LearnCF.java
['learn.py', '1000', '144']
['learn.py', '1000', '150']
seed=144
/mnt/beegfs/rcabanas/dev/credici
seed=150
/mnt/beegfs/rcabanas/dev/credici/papers/causal_flavour
/mnt/beegfs/rcabanas/dev/credici
/mnt/beegfs/rcabanas/dev/credici/papers/causal_flavour/learntmodels
/mnt/beegfs/rcabanas/dev/credici/papers/causal_flavour
/mnt/beegfs/rcabanas/dev/credici/papers/causal_flavour/models
/mnt/beegfs/rcabanas/dev/credici/papers/causal_flavour/learntmodels
/mnt/beegfs/rcabanas/dev/credici/target/credici-0.1.5-dev-SNAPSHOT-jar-with-dependencies.jar
/mnt/beegfs/rcabanas/dev/credici/papers/causal_flavour/models
/mnt/beegfs/rcabanas/dev/credici/papers/causal_flavour/code/LearnCF.java
/mnt/beegfs/rcabanas/dev/credici/target/credici-0.1.5-dev-SNAPSHOT-jar-with-dependencies.jar
/mnt/beegfs/rcabanas/dev/credici/papers/causal_flavour/code/LearnCF.java
['learn.py', '1000', '112']
['learn.py', '1000', '131']
seed=131
/mnt/beegfs/rcabanas/dev/credici
/mnt/beegfs/rcabanas/dev/credici/papers/causal_flavour
/mnt/beegfs/rcabanas/dev/credici/papers/causal_flavour/learntmodels
/mnt/beegfs/rcabanas/dev/credici/papers/causal_flavour/models
/mnt/beegfs/rcabanas/dev/credici/target/credici-0.1.5-dev-SNAPSHOT-jar-with-dependencies.jar
/mnt/beegfs/rcabanas/dev/credici/papers/causal_flavour/code/LearnCF.java
seed=112
/mnt/beegfs/rcabanas/dev/credici
/mnt/beegfs/rcabanas/dev/credici/papers/causal_flavour
/mnt/beegfs/rcabanas/dev/credici/papers/causal_flavour/learntmodels
/mnt/beegfs/rcabanas/dev/credici/papers/causal_flavour/models
/mnt/beegfs/rcabanas/dev/credici/target/credici-0.1.5-dev-SNAPSHOT-jar-with-dependencies.jar
/mnt/beegfs/rcabanas/dev/credici/papers/causal_flavour/code/LearnCF.java
['learn.py', '1000', '140']
['learn.py', '1000', '135']
['learn.py', '1000', '114']
seed=140
/mnt/beegfs/rcabanas/dev/credici
/mnt/beegfs/rcabanas/dev/credici/papers/causal_flavour
/mnt/beegfs/rcabanas/dev/credici/papers/causal_flavour/learntmodels
/mnt/beegfs/rcabanas/dev/credici/papers/causal_flavour/models
/mnt/beegfs/rcabanas/dev/credici/target/credici-0.1.5-dev-SNAPSHOT-jar-with-dependencies.jar
/mnt/beegfs/rcabanas/dev/credici/papers/causal_flavour/code/LearnCF.java
seed=135
/mnt/beegfs/rcabanas/dev/credici
/mnt/beegfs/rcabanas/dev/credici/papers/causal_flavour
/mnt/beegfs/rcabanas/dev/credici/papers/causal_flavour/learntmodels
/mnt/beegfs/rcabanas/dev/credici/papers/causal_flavour/models
/mnt/beegfs/rcabanas/dev/credici/target/credici-0.1.5-dev-SNAPSHOT-jar-with-dependencies.jar
/mnt/beegfs/rcabanas/dev/credici/papers/causal_flavour/code/LearnCF.java
['learn.py', '1000', '111']
['learn.py', '1000', '146']
['learn.py', '1000', '137']
seed=114
/mnt/beegfs/rcabanas/dev/credici
/mnt/beegfs/rcabanas/dev/credici/papers/causal_flavour
/mnt/beegfs/rcabanas/dev/credici/papers/causal_flavour/learntmodels
/mnt/beegfs/rcabanas/dev/credici/papers/causal_flavour/models
/mnt/beegfs/rcabanas/dev/credici/target/credici-0.1.5-dev-SNAPSHOT-jar-with-dependencies.jar
/mnt/beegfs/rcabanas/dev/credici/papers/causal_flavour/code/LearnCF.java
seed=137
seed=111
seed=146
/mnt/beegfs/rcabanas/dev/credici
/mnt/beegfs/rcabanas/dev/credici
/mnt/beegfs/rcabanas/dev/credici
/mnt/beegfs/rcabanas/dev/credici/papers/causal_flavour
/mnt/beegfs/rcabanas/dev/credici/papers/causal_flavour/learntmodels
/mnt/beegfs/rcabanas/dev/credici/papers/causal_flavour/models
/mnt/beegfs/rcabanas/dev/credici/papers/causal_flavour
/mnt/beegfs/rcabanas/dev/credici/papers/causal_flavour
['learn.py', '1000', '108']
/mnt/beegfs/rcabanas/dev/credici/target/credici-0.1.5-dev-SNAPSHOT-jar-with-dependencies.jar
/mnt/beegfs/rcabanas/dev/credici/papers/causal_flavour/code/LearnCF.java
/mnt/beegfs/rcabanas/dev/credici/papers/causal_flavour/learntmodels
/mnt/beegfs/rcabanas/dev/credici/papers/causal_flavour/models
/mnt/beegfs/rcabanas/dev/credici/target/credici-0.1.5-dev-SNAPSHOT-jar-with-dependencies.jar
/mnt/beegfs/rcabanas/dev/credici/papers/causal_flavour/code/LearnCF.java
/mnt/beegfs/rcabanas/dev/credici/papers/causal_flavour/learntmodels
['learn.py', '1000', '120']
/mnt/beegfs/rcabanas/dev/credici/papers/causal_flavour/models
/mnt/beegfs/rcabanas/dev/credici/target/credici-0.1.5-dev-SNAPSHOT-jar-with-dependencies.jar
/mnt/beegfs/rcabanas/dev/credici/papers/causal_flavour/code/LearnCF.java
seed=108
/mnt/beegfs/rcabanas/dev/credici
/mnt/beegfs/rcabanas/dev/credici/papers/causal_flavour
/mnt/beegfs/rcabanas/dev/credici/papers/causal_flavour/learntmodels
/mnt/beegfs/rcabanas/dev/credici/papers/causal_flavour/models
/mnt/beegfs/rcabanas/dev/credici/target/credici-0.1.5-dev-SNAPSHOT-jar-with-dependencies.jar
/mnt/beegfs/rcabanas/dev/credici/papers/causal_flavour/code/LearnCF.java
seed=120
/mnt/beegfs/rcabanas/dev/credici
/mnt/beegfs/rcabanas/dev/credici/papers/causal_flavour
/mnt/beegfs/rcabanas/dev/credici/papers/causal_flavour/learntmodels
/mnt/beegfs/rcabanas/dev/credici/papers/causal_flavour/models
/mnt/beegfs/rcabanas/dev/credici/target/credici-0.1.5-dev-SNAPSHOT-jar-with-dependencies.jar
/mnt/beegfs/rcabanas/dev/credici/papers/causal_flavour/code/LearnCF.java
['learn.py', '1000', '101']
#
# A fatal error has been detected by the Java Runtime Environment:
#
#  SIGBUS (0x7) at pc=0x00007f844c610179, pid=60978, tid=61252
#
# JRE version:  (13.0.7+5) (build )
# Java VM: OpenJDK 64-Bit Server VM (13.0.7+5-Ubuntu-0ubuntu120.04, mixed mode, tiered, serial gc, linux-amd64)
# Problematic frame:
# C  [libjimage.so+0x3179]
#
# No core dump will be written. Core dumps have been disabled. To enable core dumping, try "ulimit -c unlimited" before starting Java again
#
# An error report file with more information is saved as:
# /mnt/beegfs/rcabanas/dev/credici/papers/causal_flavour/code/hs_err_pid60978.log
#
#
seed=101
/mnt/beegfs/rcabanas/dev/credici
['learn.py', '1000', '125']
/mnt/beegfs/rcabanas/dev/credici/papers/causal_flavour
/mnt/beegfs/rcabanas/dev/credici/papers/causal_flavour/learntmodels
/mnt/beegfs/rcabanas/dev/credici/papers/causal_flavour/models
/mnt/beegfs/rcabanas/dev/credici/target/credici-0.1.5-dev-SNAPSHOT-jar-with-dependencies.jar
/mnt/beegfs/rcabanas/dev/credici/papers/causal_flavour/code/LearnCF.java
['learn.py', '1000', '147']
seed=125
/mnt/beegfs/rcabanas/dev/credici
/mnt/beegfs/rcabanas/dev/credici/papers/causal_flavour
/mnt/beegfs/rcabanas/dev/credici/papers/causal_flavour/learntmodels
/mnt/beegfs/rcabanas/dev/credici/papers/causal_flavour/models
/mnt/beegfs/rcabanas/dev/credici/target/credici-0.1.5-dev-SNAPSHOT-jar-with-dependencies.jar
/mnt/beegfs/rcabanas/dev/credici/papers/causal_flavour/code/LearnCF.java
['learn.py', '1000', '127']
seed=147
/mnt/beegfs/rcabanas/dev/credici
/mnt/beegfs/rcabanas/dev/credici/papers/causal_flavour
/mnt/beegfs/rcabanas/dev/credici/papers/causal_flavour/learntmodels
/mnt/beegfs/rcabanas/dev/credici/papers/causal_flavour/models
/mnt/beegfs/rcabanas/dev/credici/target/credici-0.1.5-dev-SNAPSHOT-jar-with-dependencies.jar
/mnt/beegfs/rcabanas/dev/credici/papers/causal_flavour/code/LearnCF.java
seed=127
/mnt/beegfs/rcabanas/dev/credici
/mnt/beegfs/rcabanas/dev/credici/papers/causal_flavour
/mnt/beegfs/rcabanas/dev/credici/papers/causal_flavour/learntmodels
/mnt/beegfs/rcabanas/dev/credici/papers/causal_flavour/models
/mnt/beegfs/rcabanas/dev/credici/target/credici-0.1.5-dev-SNAPSHOT-jar-with-dependencies.jar
/mnt/beegfs/rcabanas/dev/credici/papers/causal_flavour/code/LearnCF.java
['learn.py', '1000', '121']
['learn.py', '1000', '103']
['learn.py', '1000', '106']
seed=121
seed=106
seed=103
/mnt/beegfs/rcabanas/dev/credici
/mnt/beegfs/rcabanas/dev/credici
/mnt/beegfs/rcabanas/dev/credici
/mnt/beegfs/rcabanas/dev/credici/papers/causal_flavour
/mnt/beegfs/rcabanas/dev/credici/papers/causal_flavour
/mnt/beegfs/rcabanas/dev/credici/papers/causal_flavour
/mnt/beegfs/rcabanas/dev/credici/papers/causal_flavour/learntmodels
/mnt/beegfs/rcabanas/dev/credici/papers/causal_flavour/learntmodels
/mnt/beegfs/rcabanas/dev/credici/papers/causal_flavour/models
/mnt/beegfs/rcabanas/dev/credici/target/credici-0.1.5-dev-SNAPSHOT-jar-with-dependencies.jar
/mnt/beegfs/rcabanas/dev/credici/papers/causal_flavour/learntmodels
/mnt/beegfs/rcabanas/dev/credici/papers/causal_flavour/models
/mnt/beegfs/rcabanas/dev/credici/papers/causal_flavour/code/LearnCF.java
/mnt/beegfs/rcabanas/dev/credici/papers/causal_flavour/models
/mnt/beegfs/rcabanas/dev/credici/target/credici-0.1.5-dev-SNAPSHOT-jar-with-dependencies.jar
/mnt/beegfs/rcabanas/dev/credici/target/credici-0.1.5-dev-SNAPSHOT-jar-with-dependencies.jar
/mnt/beegfs/rcabanas/dev/credici/papers/causal_flavour/code/LearnCF.java
/mnt/beegfs/rcabanas/dev/credici/papers/causal_flavour/code/LearnCF.java
['learn.py', '1000', '119']
['learn.py', '1000', '138']
['learn.py', '1000', '118']
['learn.py', '1000', '139']
['learn.py', '1000', '145']
seed=138
seed=119
seed=139
/mnt/beegfs/rcabanas/dev/credici
/mnt/beegfs/rcabanas/dev/credici/papers/causal_flavour
/mnt/beegfs/rcabanas/dev/credici/papers/causal_flavour/learntmodels
/mnt/beegfs/rcabanas/dev/credici/papers/causal_flavour/models
seed=118
/mnt/beegfs/rcabanas/dev/credici
/mnt/beegfs/rcabanas/dev/credici/papers/causal_flavour
/mnt/beegfs/rcabanas/dev/credici/papers/causal_flavour/learntmodels
/mnt/beegfs/rcabanas/dev/credici/papers/causal_flavour/models
/mnt/beegfs/rcabanas/dev/credici/target/credici-0.1.5-dev-SNAPSHOT-jar-with-dependencies.jar
/mnt/beegfs/rcabanas/dev/credici/papers/causal_flavour/code/LearnCF.java
seed=145
/mnt/beegfs/rcabanas/dev/credici
/mnt/beegfs/rcabanas/dev/credici/papers/causal_flavour
/mnt/beegfs/rcabanas/dev/credici/papers/causal_flavour/learntmodels
/mnt/beegfs/rcabanas/dev/credici/papers/causal_flavour/models
/mnt/beegfs/rcabanas/dev/credici/target/credici-0.1.5-dev-SNAPSHOT-jar-with-dependencies.jar
/mnt/beegfs/rcabanas/dev/credici/papers/causal_flavour/code/LearnCF.java
/mnt/beegfs/rcabanas/dev/credici
/mnt/beegfs/rcabanas/dev/credici/papers/causal_flavour
/mnt/beegfs/rcabanas/dev/credici/papers/causal_flavour/learntmodels
/mnt/beegfs/rcabanas/dev/credici/papers/causal_flavour/models
/mnt/beegfs/rcabanas/dev/credici/target/credici-0.1.5-dev-SNAPSHOT-jar-with-dependencies.jar
/mnt/beegfs/rcabanas/dev/credici/papers/causal_flavour/code/LearnCF.java
/mnt/beegfs/rcabanas/dev/credici
/mnt/beegfs/rcabanas/dev/credici/target/credici-0.1.5-dev-SNAPSHOT-jar-with-dependencies.jar
/mnt/beegfs/rcabanas/dev/credici/papers/causal_flavour
/mnt/beegfs/rcabanas/dev/credici/papers/causal_flavour/learntmodels
/mnt/beegfs/rcabanas/dev/credici/papers/causal_flavour/models
/mnt/beegfs/rcabanas/dev/credici/target/credici-0.1.5-dev-SNAPSHOT-jar-with-dependencies.jar
/mnt/beegfs/rcabanas/dev/credici/papers/causal_flavour/code/LearnCF.java
/mnt/beegfs/rcabanas/dev/credici/papers/causal_flavour/code/LearnCF.java
['learn.py', '1000', '100']
['learn.py', '1000', '134']
['learn.py', '1000', '126']
['learn.py', '1000', '136']
['learn.py', '1000', '129']
['learn.py', '1000', '107']
['learn.py', '1000', '124']
['learn.py', '1000', '143']
['learn.py', '1000', '142']
seed=100
/mnt/beegfs/rcabanas/dev/credici
/mnt/beegfs/rcabanas/dev/credici/papers/causal_flavour
/mnt/beegfs/rcabanas/dev/credici/papers/causal_flavour/learntmodels
/mnt/beegfs/rcabanas/dev/credici/papers/causal_flavour/models
['learn.py', '1000', '148']
seed=134
seed=126
/mnt/beegfs/rcabanas/dev/credici/target/credici-0.1.5-dev-SNAPSHOT-jar-with-dependencies.jar
/mnt/beegfs/rcabanas/dev/credici
/mnt/beegfs/rcabanas/dev/credici/papers/causal_flavour
/mnt/beegfs/rcabanas/dev/credici/papers/causal_flavour/learntmodels
/mnt/beegfs/rcabanas/dev/credici/papers/causal_flavour/models
/mnt/beegfs/rcabanas/dev/credici/target/credici-0.1.5-dev-SNAPSHOT-jar-with-dependencies.jar
/mnt/beegfs/rcabanas/dev/credici/papers/causal_flavour/code/LearnCF.java
seed=136
seed=129
/mnt/beegfs/rcabanas/dev/credici
/mnt/beegfs/rcabanas/dev/credici/papers/causal_flavour
/mnt/beegfs/rcabanas/dev/credici/papers/causal_flavour/learntmodels
/mnt/beegfs/rcabanas/dev/credici/papers/causal_flavour/models
/mnt/beegfs/rcabanas/dev/credici/target/credici-0.1.5-dev-SNAPSHOT-jar-with-dependencies.jar
/mnt/beegfs/rcabanas/dev/credici/papers/causal_flavour/code/LearnCF.java
/mnt/beegfs/rcabanas/dev/credici/papers/causal_flavour/code/LearnCF.java
/mnt/beegfs/rcabanas/dev/credici
/mnt/beegfs/rcabanas/dev/credici
['learn.py', '1000', '122']
['learn.py', '1000', '149']
/mnt/beegfs/rcabanas/dev/credici/papers/causal_flavour
/mnt/beegfs/rcabanas/dev/credici/papers/causal_flavour/learntmodels
/mnt/beegfs/rcabanas/dev/credici/papers/causal_flavour/models
['learn.py', '1000', '115']
/mnt/beegfs/rcabanas/dev/credici/papers/causal_flavour
seed=107
['learn.py', '1000', '117']
seed=124
/mnt/beegfs/rcabanas/dev/credici
/mnt/beegfs/rcabanas/dev/credici/papers/causal_flavour
/mnt/beegfs/rcabanas/dev/credici/papers/causal_flavour/learntmodels
/mnt/beegfs/rcabanas/dev/credici/papers/causal_flavour/models
/mnt/beegfs/rcabanas/dev/credici/target/credici-0.1.5-dev-SNAPSHOT-jar-with-dependencies.jar
/mnt/beegfs/rcabanas/dev/credici/target/credici-0.1.5-dev-SNAPSHOT-jar-with-dependencies.jar
['learn.py', '1000', '104']
/mnt/beegfs/rcabanas/dev/credici/papers/causal_flavour/learntmodels
/mnt/beegfs/rcabanas/dev/credici
seed=143
/mnt/beegfs/rcabanas/dev/credici
/mnt/beegfs/rcabanas/dev/credici/papers/causal_flavour
/mnt/beegfs/rcabanas/dev/credici/papers/causal_flavour/learntmodels
/mnt/beegfs/rcabanas/dev/credici/papers/causal_flavour/models
/mnt/beegfs/rcabanas/dev/credici/target/credici-0.1.5-dev-SNAPSHOT-jar-with-dependencies.jar
/mnt/beegfs/rcabanas/dev/credici/papers/causal_flavour/code/LearnCF.java
/mnt/beegfs/rcabanas/dev/credici/papers/causal_flavour/code/LearnCF.java
/mnt/beegfs/rcabanas/dev/credici/papers/causal_flavour/code/LearnCF.java
['learn.py', '1000', '123']
/mnt/beegfs/rcabanas/dev/credici/papers/causal_flavour/models
/mnt/beegfs/rcabanas/dev/credici/target/credici-0.1.5-dev-SNAPSHOT-jar-with-dependencies.jar
/mnt/beegfs/rcabanas/dev/credici/papers/causal_flavour/code/LearnCF.java
['learn.py', '1000', '133']
/mnt/beegfs/rcabanas/dev/credici/papers/causal_flavour
['learn.py', '1000', '102']
seed=142
seed=148
/mnt/beegfs/rcabanas/dev/credici/papers/causal_flavour/learntmodels
/mnt/beegfs/rcabanas/dev/credici
/mnt/beegfs/rcabanas/dev/credici/papers/causal_flavour
/mnt/beegfs/rcabanas/dev/credici/papers/causal_flavour/learntmodels
/mnt/beegfs/rcabanas/dev/credici/papers/causal_flavour/models
/mnt/beegfs/rcabanas/dev/credici/target/credici-0.1.5-dev-SNAPSHOT-jar-with-dependencies.jar
/mnt/beegfs/rcabanas/dev/credici/papers/causal_flavour/code/LearnCF.java
/mnt/beegfs/rcabanas/dev/credici
/mnt/beegfs/rcabanas/dev/credici/papers/causal_flavour
/mnt/beegfs/rcabanas/dev/credici/papers/causal_flavour/learntmodels
/mnt/beegfs/rcabanas/dev/credici/papers/causal_flavour/models
/mnt/beegfs/rcabanas/dev/credici/target/credici-0.1.5-dev-SNAPSHOT-jar-with-dependencies.jar
/mnt/beegfs/rcabanas/dev/credici/papers/causal_flavour/code/LearnCF.java
/mnt/beegfs/rcabanas/dev/credici/papers/causal_flavour/models
/mnt/beegfs/rcabanas/dev/credici/target/credici-0.1.5-dev-SNAPSHOT-jar-with-dependencies.jar
/mnt/beegfs/rcabanas/dev/credici/papers/causal_flavour/code/LearnCF.java
seed=122
/mnt/beegfs/rcabanas/dev/credici
/mnt/beegfs/rcabanas/dev/credici/papers/causal_flavour
/mnt/beegfs/rcabanas/dev/credici/papers/causal_flavour/learntmodels
/mnt/beegfs/rcabanas/dev/credici/papers/causal_flavour/models
/mnt/beegfs/rcabanas/dev/credici/target/credici-0.1.5-dev-SNAPSHOT-jar-with-dependencies.jar
/mnt/beegfs/rcabanas/dev/credici/papers/causal_flavour/code/LearnCF.java
seed=149
/mnt/beegfs/rcabanas/dev/credici
/mnt/beegfs/rcabanas/dev/credici/papers/causal_flavour
/mnt/beegfs/rcabanas/dev/credici/papers/causal_flavour/learntmodels
/mnt/beegfs/rcabanas/dev/credici/papers/causal_flavour/models
/mnt/beegfs/rcabanas/dev/credici/target/credici-0.1.5-dev-SNAPSHOT-jar-with-dependencies.jar
/mnt/beegfs/rcabanas/dev/credici/papers/causal_flavour/code/LearnCF.java
seed=115
seed=117
/mnt/beegfs/rcabanas/dev/credici
/mnt/beegfs/rcabanas/dev/credici/papers/causal_flavour
/mnt/beegfs/rcabanas/dev/credici/papers/causal_flavour/learntmodels
/mnt/beegfs/rcabanas/dev/credici/papers/causal_flavour/models
/mnt/beegfs/rcabanas/dev/credici/target/credici-0.1.5-dev-SNAPSHOT-jar-with-dependencies.jar
/mnt/beegfs/rcabanas/dev/credici/papers/causal_flavour/code/LearnCF.java
/mnt/beegfs/rcabanas/dev/credici
seed=104
/mnt/beegfs/rcabanas/dev/credici
/mnt/beegfs/rcabanas/dev/credici/papers/causal_flavour
/mnt/beegfs/rcabanas/dev/credici/papers/causal_flavour/learntmodels
/mnt/beegfs/rcabanas/dev/credici/papers/causal_flavour/models
/mnt/beegfs/rcabanas/dev/credici/target/credici-0.1.5-dev-SNAPSHOT-jar-with-dependencies.jar
/mnt/beegfs/rcabanas/dev/credici/papers/causal_flavour/code/LearnCF.java
/mnt/beegfs/rcabanas/dev/credici/papers/causal_flavour
/mnt/beegfs/rcabanas/dev/credici/papers/causal_flavour/learntmodels
/mnt/beegfs/rcabanas/dev/credici/papers/causal_flavour/models
/mnt/beegfs/rcabanas/dev/credici/target/credici-0.1.5-dev-SNAPSHOT-jar-with-dependencies.jar
/mnt/beegfs/rcabanas/dev/credici/papers/causal_flavour/code/LearnCF.java
seed=123
/mnt/beegfs/rcabanas/dev/credici
/mnt/beegfs/rcabanas/dev/credici/papers/causal_flavour
/mnt/beegfs/rcabanas/dev/credici/papers/causal_flavour/learntmodels
/mnt/beegfs/rcabanas/dev/credici/papers/causal_flavour/models
/mnt/beegfs/rcabanas/dev/credici/target/credici-0.1.5-dev-SNAPSHOT-jar-with-dependencies.jar
/mnt/beegfs/rcabanas/dev/credici/papers/causal_flavour/code/LearnCF.java
seed=133
/mnt/beegfs/rcabanas/dev/credici
/mnt/beegfs/rcabanas/dev/credici/papers/causal_flavour
/mnt/beegfs/rcabanas/dev/credici/papers/causal_flavour/learntmodels
/mnt/beegfs/rcabanas/dev/credici/papers/causal_flavour/models
/mnt/beegfs/rcabanas/dev/credici/target/credici-0.1.5-dev-SNAPSHOT-jar-with-dependencies.jar
/mnt/beegfs/rcabanas/dev/credici/papers/causal_flavour/code/LearnCF.java
seed=102
/mnt/beegfs/rcabanas/dev/credici
/mnt/beegfs/rcabanas/dev/credici/papers/causal_flavour
/mnt/beegfs/rcabanas/dev/credici/papers/causal_flavour/learntmodels
/mnt/beegfs/rcabanas/dev/credici/papers/causal_flavour/models
/mnt/beegfs/rcabanas/dev/credici/target/credici-0.1.5-dev-SNAPSHOT-jar-with-dependencies.jar
/mnt/beegfs/rcabanas/dev/credici/papers/causal_flavour/code/LearnCF.java
['learn.py', '1000', '141']
['learn.py', '1000', '113']
seed=141
/mnt/beegfs/rcabanas/dev/credici
/mnt/beegfs/rcabanas/dev/credici/papers/causal_flavour
/mnt/beegfs/rcabanas/dev/credici/papers/causal_flavour/learntmodels
/mnt/beegfs/rcabanas/dev/credici/papers/causal_flavour/models
/mnt/beegfs/rcabanas/dev/credici/target/credici-0.1.5-dev-SNAPSHOT-jar-with-dependencies.jar
/mnt/beegfs/rcabanas/dev/credici/papers/causal_flavour/code/LearnCF.java
seed=113
/mnt/beegfs/rcabanas/dev/credici
/mnt/beegfs/rcabanas/dev/credici/papers/causal_flavour
/mnt/beegfs/rcabanas/dev/credici/papers/causal_flavour/learntmodels
/mnt/beegfs/rcabanas/dev/credici/papers/causal_flavour/models
/mnt/beegfs/rcabanas/dev/credici/target/credici-0.1.5-dev-SNAPSHOT-jar-with-dependencies.jar
/mnt/beegfs/rcabanas/dev/credici/papers/causal_flavour/code/LearnCF.java
[2024-04-15T09:32:55.064955][INFO][seed109] Set up logging
[2024-04-15T09:32:55.080347][INFO][seed109] args: -m;1000;-o;/mnt/beegfs/rcabanas/dev/credici/papers/causal_flavour/learntmodels/miter1000;--data;/mnt/beegfs/rcabanas/dev/credici/papers/causal_flavour/data/simple_learner_10Q_data.csv;-rw;-s;109;/mnt/beegfs/rcabanas/dev/credici/papers/causal_flavour/models/simple_learner_10Q.uai
[2024-04-15T09:32:55.088249][INFO][seed109] Starting logger with seed 109
[2024-04-15T09:32:55.086035][INFO][seed128] Set up logging
[2024-04-15T09:32:55.102866][INFO][seed128] args: -m;1000;-o;/mnt/beegfs/rcabanas/dev/credici/papers/causal_flavour/learntmodels/miter1000;--data;/mnt/beegfs/rcabanas/dev/credici/papers/causal_flavour/data/simple_learner_10Q_data.csv;-rw;-s;128;/mnt/beegfs/rcabanas/dev/credici/papers/causal_flavour/models/simple_learner_10Q.uai
[2024-04-15T09:32:55.091757][INFO][seed132] Set up logging
[2024-04-15T09:32:55.112158][INFO][seed128] Starting logger with seed 128
[2024-04-15T09:32:55.114225][INFO][seed132] args: -m;1000;-o;/mnt/beegfs/rcabanas/dev/credici/papers/causal_flavour/learntmodels/miter1000;--data;/mnt/beegfs/rcabanas/dev/credici/papers/causal_flavour/data/simple_learner_10Q_data.csv;-rw;-s;132;/mnt/beegfs/rcabanas/dev/credici/papers/causal_flavour/models/simple_learner_10Q.uai
[2024-04-15T09:32:55.090214][INFO][seed130] Set up logging
[2024-04-15T09:32:55.116576][INFO][seed130] args: -m;1000;-o;/mnt/beegfs/rcabanas/dev/credici/papers/causal_flavour/learntmodels/miter1000;--data;/mnt/beegfs/rcabanas/dev/credici/papers/causal_flavour/data/simple_learner_10Q_data.csv;-rw;-s;130;/mnt/beegfs/rcabanas/dev/credici/papers/causal_flavour/models/simple_learner_10Q.uai
[2024-04-15T09:32:55.121467][INFO][seed132] Starting logger with seed 132
[2024-04-15T09:32:55.129197][INFO][seed130] Starting logger with seed 130
[2024-04-15T09:32:55.185718][INFO][seed144] Set up logging
[2024-04-15T09:32:55.214584][INFO][seed144] args: -m;1000;-o;/mnt/beegfs/rcabanas/dev/credici/papers/causal_flavour/learntmodels/miter1000;--data;/mnt/beegfs/rcabanas/dev/credici/papers/causal_flavour/data/simple_learner_10Q_data.csv;-rw;-s;144;/mnt/beegfs/rcabanas/dev/credici/papers/causal_flavour/models/simple_learner_10Q.uai
[2024-04-15T09:32:55.217973][INFO][seed144] Starting logger with seed 144
[2024-04-15T09:32:55.248820][INFO][seed116] Set up logging
[2024-04-15T09:32:55.274564][INFO][seed116] args: -m;1000;-o;/mnt/beegfs/rcabanas/dev/credici/papers/causal_flavour/learntmodels/miter1000;--data;/mnt/beegfs/rcabanas/dev/credici/papers/causal_flavour/data/simple_learner_10Q_data.csv;-rw;-s;116;/mnt/beegfs/rcabanas/dev/credici/papers/causal_flavour/models/simple_learner_10Q.uai
[2024-04-15T09:32:55.277131][INFO][seed116] Starting logger with seed 116
[2024-04-15T09:32:55.266969][INFO][seed110] Set up logging
[2024-04-15T09:32:55.287352][INFO][seed110] args: -m;1000;-o;/mnt/beegfs/rcabanas/dev/credici/papers/causal_flavour/learntmodels/miter1000;--data;/mnt/beegfs/rcabanas/dev/credici/papers/causal_flavour/data/simple_learner_10Q_data.csv;-rw;-s;110;/mnt/beegfs/rcabanas/dev/credici/papers/causal_flavour/models/simple_learner_10Q.uai
[2024-04-15T09:32:55.292486][INFO][seed110] Starting logger with seed 110
[2024-04-15T09:32:55.263122][INFO][seed150] Set up logging
[2024-04-15T09:32:55.295809][INFO][seed150] args: -m;1000;-o;/mnt/beegfs/rcabanas/dev/credici/papers/causal_flavour/learntmodels/miter1000;--data;/mnt/beegfs/rcabanas/dev/credici/papers/causal_flavour/data/simple_learner_10Q_data.csv;-rw;-s;150;/mnt/beegfs/rcabanas/dev/credici/papers/causal_flavour/models/simple_learner_10Q.uai
[2024-04-15T09:32:55.272308][INFO][seed105] Set up logging
[2024-04-15T09:32:55.302605][INFO][seed105] args: -m;1000;-o;/mnt/beegfs/rcabanas/dev/credici/papers/causal_flavour/learntmodels/miter1000;--data;/mnt/beegfs/rcabanas/dev/credici/papers/causal_flavour/data/simple_learner_10Q_data.csv;-rw;-s;105;/mnt/beegfs/rcabanas/dev/credici/papers/causal_flavour/models/simple_learner_10Q.uai
[2024-04-15T09:32:55.298025][INFO][seed150] Starting logger with seed 150
[2024-04-15T09:32:55.305013][INFO][seed105] Starting logger with seed 105
[2024-04-15T09:32:55.278956][INFO][seed112] Set up logging
[2024-04-15T09:32:55.308427][INFO][seed112] args: -m;1000;-o;/mnt/beegfs/rcabanas/dev/credici/papers/causal_flavour/learntmodels/miter1000;--data;/mnt/beegfs/rcabanas/dev/credici/papers/causal_flavour/data/simple_learner_10Q_data.csv;-rw;-s;112;/mnt/beegfs/rcabanas/dev/credici/papers/causal_flavour/models/simple_learner_10Q.uai
[2024-04-15T09:32:55.310695][INFO][seed112] Starting logger with seed 112
[2024-04-15T09:32:55.387253][INFO][seed109] Loaded model and info: /mnt/beegfs/rcabanas/dev/credici/papers/causal_flavour/models/simple_learner_10Q.uai
[2024-04-15T09:32:55.387983][INFO][seed140] Set up logging
[2024-04-15T09:32:55.410532][INFO][seed140] args: -m;1000;-o;/mnt/beegfs/rcabanas/dev/credici/papers/causal_flavour/learntmodels/miter1000;--data;/mnt/beegfs/rcabanas/dev/credici/papers/causal_flavour/data/simple_learner_10Q_data.csv;-rw;-s;140;/mnt/beegfs/rcabanas/dev/credici/papers/causal_flavour/models/simple_learner_10Q.uai
[2024-04-15T09:32:55.413730][INFO][seed140] Starting logger with seed 140
[2024-04-15T09:32:55.417615][INFO][seed132] Loaded model and info: /mnt/beegfs/rcabanas/dev/credici/papers/causal_flavour/models/simple_learner_10Q.uai
[2024-04-15T09:32:55.424829][INFO][seed130] Loaded model and info: /mnt/beegfs/rcabanas/dev/credici/papers/causal_flavour/models/simple_learner_10Q.uai
[2024-04-15T09:32:55.431340][INFO][seed128] Loaded model and info: /mnt/beegfs/rcabanas/dev/credici/papers/causal_flavour/models/simple_learner_10Q.uai
[2024-04-15T09:32:55.423542][INFO][seed108] Set up logging
[2024-04-15T09:32:55.442305][INFO][seed109] Loaded 100 data instances
[2024-04-15T09:32:55.443314][INFO][seed109] Starting learning up to 1000 iterations
[2024-04-15T09:32:55.432077][INFO][seed114] Set up logging
[2024-04-15T09:32:55.445635][INFO][seed108] args: -m;1000;-o;/mnt/beegfs/rcabanas/dev/credici/papers/causal_flavour/learntmodels/miter1000;--data;/mnt/beegfs/rcabanas/dev/credici/papers/causal_flavour/data/simple_learner_10Q_data.csv;-rw;-s;108;/mnt/beegfs/rcabanas/dev/credici/papers/causal_flavour/models/simple_learner_10Q.uai
[2024-04-15T09:32:55.449013][INFO][seed108] Starting logger with seed 108
[2024-04-15T09:32:55.447518][INFO][seed114] args: -m;1000;-o;/mnt/beegfs/rcabanas/dev/credici/papers/causal_flavour/learntmodels/miter1000;--data;/mnt/beegfs/rcabanas/dev/credici/papers/causal_flavour/data/simple_learner_10Q_data.csv;-rw;-s;114;/mnt/beegfs/rcabanas/dev/credici/papers/causal_flavour/models/simple_learner_10Q.uai
[2024-04-15T09:32:55.428145][INFO][seed135] Set up logging
[2024-04-15T09:32:55.454926][INFO][seed135] args: -m;1000;-o;/mnt/beegfs/rcabanas/dev/credici/papers/causal_flavour/learntmodels/miter1000;--data;/mnt/beegfs/rcabanas/dev/credici/papers/causal_flavour/data/simple_learner_10Q_data.csv;-rw;-s;135;/mnt/beegfs/rcabanas/dev/credici/papers/causal_flavour/models/simple_learner_10Q.uai
[2024-04-15T09:32:55.456650][INFO][seed114] Starting logger with seed 114
[2024-04-15T09:32:55.460518][INFO][seed135] Starting logger with seed 135
[2024-04-15T09:32:55.463053][INFO][seed132] Loaded 100 data instances
[2024-04-15T09:32:55.467794][INFO][seed132] Starting learning up to 1000 iterations
[2024-04-15T09:32:55.455158][INFO][seed146] Set up logging
[2024-04-15T09:32:55.483711][INFO][seed146] args: -m;1000;-o;/mnt/beegfs/rcabanas/dev/credici/papers/causal_flavour/learntmodels/miter1000;--data;/mnt/beegfs/rcabanas/dev/credici/papers/causal_flavour/data/simple_learner_10Q_data.csv;-rw;-s;146;/mnt/beegfs/rcabanas/dev/credici/papers/causal_flavour/models/simple_learner_10Q.uai
[2024-04-15T09:32:55.484113][INFO][seed128] Loaded 100 data instances
[2024-04-15T09:32:55.482860][INFO][seed130] Loaded 100 data instances
[2024-04-15T09:32:55.455012][INFO][seed111] Set up logging
[2024-04-15T09:32:55.484507][INFO][seed128] Starting learning up to 1000 iterations
[2024-04-15T09:32:55.483237][INFO][seed130] Starting learning up to 1000 iterations
[2024-04-15T09:32:55.485387][INFO][seed111] args: -m;1000;-o;/mnt/beegfs/rcabanas/dev/credici/papers/causal_flavour/learntmodels/miter1000;--data;/mnt/beegfs/rcabanas/dev/credici/papers/causal_flavour/data/simple_learner_10Q_data.csv;-rw;-s;111;/mnt/beegfs/rcabanas/dev/credici/papers/causal_flavour/models/simple_learner_10Q.uai
[2024-04-15T09:32:55.487014][INFO][seed146] Starting logger with seed 146
[2024-04-15T09:32:55.491232][INFO][seed111] Starting logger with seed 111
[2024-04-15T09:32:55.469508][INFO][seed137] Set up logging
[2024-04-15T09:32:55.498143][INFO][seed137] args: -m;1000;-o;/mnt/beegfs/rcabanas/dev/credici/papers/causal_flavour/learntmodels/miter1000;--data;/mnt/beegfs/rcabanas/dev/credici/papers/causal_flavour/data/simple_learner_10Q_data.csv;-rw;-s;137;/mnt/beegfs/rcabanas/dev/credici/papers/causal_flavour/models/simple_learner_10Q.uai
[2024-04-15T09:32:55.501627][INFO][seed137] Starting logger with seed 137
[2024-04-15T09:32:55.488394][INFO][seed120] Set up logging
[2024-04-15T09:32:55.506367][INFO][seed120] args: -m;1000;-o;/mnt/beegfs/rcabanas/dev/credici/papers/causal_flavour/learntmodels/miter1000;--data;/mnt/beegfs/rcabanas/dev/credici/papers/causal_flavour/data/simple_learner_10Q_data.csv;-rw;-s;120;/mnt/beegfs/rcabanas/dev/credici/papers/causal_flavour/models/simple_learner_10Q.uai
[2024-04-15T09:32:55.513624][INFO][seed120] Starting logger with seed 120
[2024-04-15T09:32:55.520013][INFO][seed144] Loaded model and info: /mnt/beegfs/rcabanas/dev/credici/papers/causal_flavour/models/simple_learner_10Q.uai
[2024-04-15T09:32:55.556063][INFO][seed144] Loaded 100 data instances
[2024-04-15T09:32:55.558121][INFO][seed144] Starting learning up to 1000 iterations
[2024-04-15T09:32:55.592593][INFO][seed116] Loaded model and info: /mnt/beegfs/rcabanas/dev/credici/papers/causal_flavour/models/simple_learner_10Q.uai
[2024-04-15T09:32:55.635270][INFO][seed116] Loaded 100 data instances
[2024-04-15T09:32:55.635667][INFO][seed116] Starting learning up to 1000 iterations
[2024-04-15T09:32:55.642826][INFO][seed150] Loaded model and info: /mnt/beegfs/rcabanas/dev/credici/papers/causal_flavour/models/simple_learner_10Q.uai
[2024-04-15T09:32:55.648034][INFO][seed112] Loaded model and info: /mnt/beegfs/rcabanas/dev/credici/papers/causal_flavour/models/simple_learner_10Q.uai
[2024-04-15T09:32:55.651049][INFO][seed105] Loaded model and info: /mnt/beegfs/rcabanas/dev/credici/papers/causal_flavour/models/simple_learner_10Q.uai
[2024-04-15T09:32:55.639527][INFO][seed147] Set up logging
[2024-04-15T09:32:55.653442][INFO][seed147] args: -m;1000;-o;/mnt/beegfs/rcabanas/dev/credici/papers/causal_flavour/learntmodels/miter1000;--data;/mnt/beegfs/rcabanas/dev/credici/papers/causal_flavour/data/simple_learner_10Q_data.csv;-rw;-s;147;/mnt/beegfs/rcabanas/dev/credici/papers/causal_flavour/models/simple_learner_10Q.uai
[2024-04-15T09:32:55.663348][INFO][seed147] Starting logger with seed 147
[2024-04-15T09:32:55.655557][INFO][seed101] Set up logging
[2024-04-15T09:32:55.680315][INFO][seed101] args: -m;1000;-o;/mnt/beegfs/rcabanas/dev/credici/papers/causal_flavour/learntmodels/miter1000;--data;/mnt/beegfs/rcabanas/dev/credici/papers/causal_flavour/data/simple_learner_10Q_data.csv;-rw;-s;101;/mnt/beegfs/rcabanas/dev/credici/papers/causal_flavour/models/simple_learner_10Q.uai
[2024-04-15T09:32:55.683983][INFO][seed101] Starting logger with seed 101
[2024-04-15T09:32:55.688646][INFO][seed150] Loaded 100 data instances
[2024-04-15T09:32:55.695733][INFO][seed150] Starting learning up to 1000 iterations
[2024-04-15T09:32:55.700462][INFO][seed105] Loaded 100 data instances
[2024-04-15T09:32:55.703020][INFO][seed105] Starting learning up to 1000 iterations
[2024-04-15T09:32:55.712046][INFO][seed110] Loaded model and info: /mnt/beegfs/rcabanas/dev/credici/papers/causal_flavour/models/simple_learner_10Q.uai
[2024-04-15T09:32:55.715033][INFO][seed112] Loaded 100 data instances
[2024-04-15T09:32:55.716529][INFO][seed112] Starting learning up to 1000 iterations
[2024-04-15T09:32:55.750991][INFO][seed110] Loaded 100 data instances
[2024-04-15T09:32:55.751860][INFO][seed110] Starting learning up to 1000 iterations
[2024-04-15T09:32:55.758561][INFO][seed121] Set up logging
[2024-04-15T09:32:55.770904][INFO][seed121] args: -m;1000;-o;/mnt/beegfs/rcabanas/dev/credici/papers/causal_flavour/learntmodels/miter1000;--data;/mnt/beegfs/rcabanas/dev/credici/papers/causal_flavour/data/simple_learner_10Q_data.csv;-rw;-s;121;/mnt/beegfs/rcabanas/dev/credici/papers/causal_flavour/models/simple_learner_10Q.uai
[2024-04-15T09:32:55.777791][INFO][seed103] Set up logging
[2024-04-15T09:32:55.787439][INFO][seed121] Starting logger with seed 121
[2024-04-15T09:32:55.790222][INFO][seed103] args: -m;1000;-o;/mnt/beegfs/rcabanas/dev/credici/papers/causal_flavour/learntmodels/miter1000;--data;/mnt/beegfs/rcabanas/dev/credici/papers/causal_flavour/data/simple_learner_10Q_data.csv;-rw;-s;103;/mnt/beegfs/rcabanas/dev/credici/papers/causal_flavour/models/simple_learner_10Q.uai
[2024-04-15T09:32:55.798650][INFO][seed103] Starting logger with seed 103
[2024-04-15T09:32:55.827328][INFO][seed119] Set up logging
[2024-04-15T09:32:55.842086][INFO][seed119] args: -m;1000;-o;/mnt/beegfs/rcabanas/dev/credici/papers/causal_flavour/learntmodels/miter1000;--data;/mnt/beegfs/rcabanas/dev/credici/papers/causal_flavour/data/simple_learner_10Q_data.csv;-rw;-s;119;/mnt/beegfs/rcabanas/dev/credici/papers/causal_flavour/models/simple_learner_10Q.uai
[2024-04-15T09:32:55.823670][INFO][seed125] Set up logging
[2024-04-15T09:32:55.852970][INFO][seed125] args: -m;1000;-o;/mnt/beegfs/rcabanas/dev/credici/papers/causal_flavour/learntmodels/miter1000;--data;/mnt/beegfs/rcabanas/dev/credici/papers/causal_flavour/data/simple_learner_10Q_data.csv;-rw;-s;125;/mnt/beegfs/rcabanas/dev/credici/papers/causal_flavour/models/simple_learner_10Q.uai
[2024-04-15T09:32:55.853899][INFO][seed119] Starting logger with seed 119
[2024-04-15T09:32:55.864595][INFO][seed140] Loaded model and info: /mnt/beegfs/rcabanas/dev/credici/papers/causal_flavour/models/simple_learner_10Q.uai
[2024-04-15T09:32:55.858793][INFO][seed125] Starting logger with seed 125
[2024-04-15T09:32:55.844381][INFO][seed106] Set up logging
[2024-04-15T09:32:55.866969][INFO][seed106] args: -m;1000;-o;/mnt/beegfs/rcabanas/dev/credici/papers/causal_flavour/learntmodels/miter1000;--data;/mnt/beegfs/rcabanas/dev/credici/papers/causal_flavour/data/simple_learner_10Q_data.csv;-rw;-s;106;/mnt/beegfs/rcabanas/dev/credici/papers/causal_flavour/models/simple_learner_10Q.uai
[2024-04-15T09:32:55.872592][INFO][seed106] Starting logger with seed 106
[2024-04-15T09:32:55.851897][INFO][seed138] Set up logging
[2024-04-15T09:32:55.882900][INFO][seed138] args: -m;1000;-o;/mnt/beegfs/rcabanas/dev/credici/papers/causal_flavour/learntmodels/miter1000;--data;/mnt/beegfs/rcabanas/dev/credici/papers/causal_flavour/data/simple_learner_10Q_data.csv;-rw;-s;138;/mnt/beegfs/rcabanas/dev/credici/papers/causal_flavour/models/simple_learner_10Q.uai
[2024-04-15T09:32:55.885873][INFO][seed138] Starting logger with seed 138
[2024-04-15T09:32:55.870088][INFO][seed118] Set up logging
[2024-04-15T09:32:55.896100][INFO][seed118] args: -m;1000;-o;/mnt/beegfs/rcabanas/dev/credici/papers/causal_flavour/learntmodels/miter1000;--data;/mnt/beegfs/rcabanas/dev/credici/papers/causal_flavour/data/simple_learner_10Q_data.csv;-rw;-s;118;/mnt/beegfs/rcabanas/dev/credici/papers/causal_flavour/models/simple_learner_10Q.uai
[2024-04-15T09:32:55.899748][INFO][seed118] Starting logger with seed 118
[2024-04-15T09:32:55.915159][INFO][seed140] Loaded 100 data instances
[2024-04-15T09:32:55.916735][INFO][seed140] Starting learning up to 1000 iterations
[2024-04-15T09:32:55.921876][INFO][seed145] Set up logging
[2024-04-15T09:32:55.936180][INFO][seed145] args: -m;1000;-o;/mnt/beegfs/rcabanas/dev/credici/papers/causal_flavour/learntmodels/miter1000;--data;/mnt/beegfs/rcabanas/dev/credici/papers/causal_flavour/data/simple_learner_10Q_data.csv;-rw;-s;145;/mnt/beegfs/rcabanas/dev/credici/papers/causal_flavour/models/simple_learner_10Q.uai
[2024-04-15T09:32:55.953489][INFO][seed108] Loaded model and info: /mnt/beegfs/rcabanas/dev/credici/papers/causal_flavour/models/simple_learner_10Q.uai
[2024-04-15T09:32:55.954568][INFO][seed135] Loaded model and info: /mnt/beegfs/rcabanas/dev/credici/papers/causal_flavour/models/simple_learner_10Q.uai
[2024-04-15T09:32:55.952702][INFO][seed145] Starting logger with seed 145
[2024-04-15T09:32:55.996235][INFO][seed135] Loaded 100 data instances
[2024-04-15T09:32:55.980695][INFO][seed127] Set up logging
[2024-04-15T09:32:55.996581][INFO][seed135] Starting learning up to 1000 iterations
[2024-04-15T09:32:56.000486][INFO][seed146] Loaded model and info: /mnt/beegfs/rcabanas/dev/credici/papers/causal_flavour/models/simple_learner_10Q.uai
[2024-04-15T09:32:56.002793][INFO][seed108] Loaded 100 data instances
[2024-04-15T09:32:56.006439][INFO][seed108] Starting learning up to 1000 iterations
[2024-04-15T09:32:55.997729][INFO][seed127] args: -m;1000;-o;/mnt/beegfs/rcabanas/dev/credici/papers/causal_flavour/learntmodels/miter1000;--data;/mnt/beegfs/rcabanas/dev/credici/papers/causal_flavour/data/simple_learner_10Q_data.csv;-rw;-s;127;/mnt/beegfs/rcabanas/dev/credici/papers/causal_flavour/models/simple_learner_10Q.uai
[2024-04-15T09:32:56.015716][INFO][seed127] Starting logger with seed 127
[2024-04-15T09:32:55.997098][INFO][seed139] Set up logging
[2024-04-15T09:32:56.021192][INFO][seed114] Loaded model and info: /mnt/beegfs/rcabanas/dev/credici/papers/causal_flavour/models/simple_learner_10Q.uai
[2024-04-15T09:32:56.022765][INFO][seed111] Loaded model and info: /mnt/beegfs/rcabanas/dev/credici/papers/causal_flavour/models/simple_learner_10Q.uai
[2024-04-15T09:32:56.021193][INFO][seed139] args: -m;1000;-o;/mnt/beegfs/rcabanas/dev/credici/papers/causal_flavour/learntmodels/miter1000;--data;/mnt/beegfs/rcabanas/dev/credici/papers/causal_flavour/data/simple_learner_10Q_data.csv;-rw;-s;139;/mnt/beegfs/rcabanas/dev/credici/papers/causal_flavour/models/simple_learner_10Q.uai
[2024-04-15T09:32:56.033010][INFO][seed139] Starting logger with seed 139
[2024-04-15T09:32:56.034284][INFO][seed137] Loaded model and info: /mnt/beegfs/rcabanas/dev/credici/papers/causal_flavour/models/simple_learner_10Q.uai
[2024-04-15T09:32:56.049814][INFO][seed120] Loaded model and info: /mnt/beegfs/rcabanas/dev/credici/papers/causal_flavour/models/simple_learner_10Q.uai
[2024-04-15T09:32:56.057128][INFO][seed146] Loaded 100 data instances
[2024-04-15T09:32:56.058443][INFO][seed146] Starting learning up to 1000 iterations
[2024-04-15T09:32:56.062791][INFO][seed111] Loaded 100 data instances
[2024-04-15T09:32:56.063854][INFO][seed111] Starting learning up to 1000 iterations
[2024-04-15T09:32:56.068104][INFO][seed114] Loaded 100 data instances
[2024-04-15T09:32:56.068467][INFO][seed114] Starting learning up to 1000 iterations
[2024-04-15T09:32:56.077300][INFO][seed137] Loaded 100 data instances
[2024-04-15T09:32:56.077646][INFO][seed137] Starting learning up to 1000 iterations
[2024-04-15T09:32:56.056141][INFO][seed134] Set up logging
[2024-04-15T09:32:56.082219][INFO][seed134] args: -m;1000;-o;/mnt/beegfs/rcabanas/dev/credici/papers/causal_flavour/learntmodels/miter1000;--data;/mnt/beegfs/rcabanas/dev/credici/papers/causal_flavour/data/simple_learner_10Q_data.csv;-rw;-s;134;/mnt/beegfs/rcabanas/dev/credici/papers/causal_flavour/models/simple_learner_10Q.uai
[2024-04-15T09:32:56.090674][INFO][seed134] Starting logger with seed 134
[2024-04-15T09:32:56.093977][INFO][seed120] Loaded 100 data instances
[2024-04-15T09:32:56.094330][INFO][seed120] Starting learning up to 1000 iterations
[2024-04-15T09:32:56.082807][INFO][seed133] Set up logging
[2024-04-15T09:32:56.101056][INFO][seed133] args: -m;1000;-o;/mnt/beegfs/rcabanas/dev/credici/papers/causal_flavour/learntmodels/miter1000;--data;/mnt/beegfs/rcabanas/dev/credici/papers/causal_flavour/data/simple_learner_10Q_data.csv;-rw;-s;133;/mnt/beegfs/rcabanas/dev/credici/papers/causal_flavour/models/simple_learner_10Q.uai
[2024-04-15T09:32:56.084145][INFO][seed129] Set up logging
[2024-04-15T09:32:56.109064][INFO][seed133] Starting logger with seed 133
[2024-04-15T09:32:56.109123][INFO][seed129] args: -m;1000;-o;/mnt/beegfs/rcabanas/dev/credici/papers/causal_flavour/learntmodels/miter1000;--data;/mnt/beegfs/rcabanas/dev/credici/papers/causal_flavour/data/simple_learner_10Q_data.csv;-rw;-s;129;/mnt/beegfs/rcabanas/dev/credici/papers/causal_flavour/models/simple_learner_10Q.uai
[2024-04-15T09:32:56.089256][INFO][seed100] Set up logging
[2024-04-15T09:32:56.111603][INFO][seed129] Starting logger with seed 129
[2024-04-15T09:32:56.115610][INFO][seed100] args: -m;1000;-o;/mnt/beegfs/rcabanas/dev/credici/papers/causal_flavour/learntmodels/miter1000;--data;/mnt/beegfs/rcabanas/dev/credici/papers/causal_flavour/data/simple_learner_10Q_data.csv;-rw;-s;100;/mnt/beegfs/rcabanas/dev/credici/papers/causal_flavour/models/simple_learner_10Q.uai
[2024-04-15T09:32:56.120389][INFO][seed100] Starting logger with seed 100
[2024-04-15T09:32:56.111689][INFO][seed123] Set up logging
[2024-04-15T09:32:56.136009][INFO][seed123] args: -m;1000;-o;/mnt/beegfs/rcabanas/dev/credici/papers/causal_flavour/learntmodels/miter1000;--data;/mnt/beegfs/rcabanas/dev/credici/papers/causal_flavour/data/simple_learner_10Q_data.csv;-rw;-s;123;/mnt/beegfs/rcabanas/dev/credici/papers/causal_flavour/models/simple_learner_10Q.uai
[2024-04-15T09:32:56.140222][INFO][seed123] Starting logger with seed 123
[2024-04-15T09:32:56.123052][INFO][seed124] Set up logging
[2024-04-15T09:32:56.149890][INFO][seed124] args: -m;1000;-o;/mnt/beegfs/rcabanas/dev/credici/papers/causal_flavour/learntmodels/miter1000;--data;/mnt/beegfs/rcabanas/dev/credici/papers/causal_flavour/data/simple_learner_10Q_data.csv;-rw;-s;124;/mnt/beegfs/rcabanas/dev/credici/papers/causal_flavour/models/simple_learner_10Q.uai
[2024-04-15T09:32:56.154868][INFO][seed124] Starting logger with seed 124
[2024-04-15T09:32:56.157415][INFO][seed148] Set up logging
[2024-04-15T09:32:56.182301][INFO][seed148] args: -m;1000;-o;/mnt/beegfs/rcabanas/dev/credici/papers/causal_flavour/learntmodels/miter1000;--data;/mnt/beegfs/rcabanas/dev/credici/papers/causal_flavour/data/simple_learner_10Q_data.csv;-rw;-s;148;/mnt/beegfs/rcabanas/dev/credici/papers/causal_flavour/models/simple_learner_10Q.uai
[2024-04-15T09:32:56.190121][INFO][seed148] Starting logger with seed 148
[2024-04-15T09:32:56.200985][INFO][seed147] Loaded model and info: /mnt/beegfs/rcabanas/dev/credici/papers/causal_flavour/models/simple_learner_10Q.uai
[2024-04-15T09:32:56.171296][INFO][seed117] Set up logging
[2024-04-15T09:32:56.202625][INFO][seed117] args: -m;1000;-o;/mnt/beegfs/rcabanas/dev/credici/papers/causal_flavour/learntmodels/miter1000;--data;/mnt/beegfs/rcabanas/dev/credici/papers/causal_flavour/data/simple_learner_10Q_data.csv;-rw;-s;117;/mnt/beegfs/rcabanas/dev/credici/papers/causal_flavour/models/simple_learner_10Q.uai
[2024-04-15T09:32:56.204984][INFO][seed117] Starting logger with seed 117
[2024-04-15T09:32:56.186784][INFO][seed143] Set up logging
[2024-04-15T09:32:56.212928][INFO][seed143] args: -m;1000;-o;/mnt/beegfs/rcabanas/dev/credici/papers/causal_flavour/learntmodels/miter1000;--data;/mnt/beegfs/rcabanas/dev/credici/papers/causal_flavour/data/simple_learner_10Q_data.csv;-rw;-s;143;/mnt/beegfs/rcabanas/dev/credici/papers/causal_flavour/models/simple_learner_10Q.uai
[2024-04-15T09:32:56.221195][INFO][seed143] Starting logger with seed 143
[2024-04-15T09:32:56.221299][INFO][seed101] Loaded model and info: /mnt/beegfs/rcabanas/dev/credici/papers/causal_flavour/models/simple_learner_10Q.uai
[2024-04-15T09:32:56.193894][INFO][seed107] Set up logging
[2024-04-15T09:32:56.197172][INFO][seed142] Set up logging
[2024-04-15T09:32:56.223726][INFO][seed107] args: -m;1000;-o;/mnt/beegfs/rcabanas/dev/credici/papers/causal_flavour/learntmodels/miter1000;--data;/mnt/beegfs/rcabanas/dev/credici/papers/causal_flavour/data/simple_learner_10Q_data.csv;-rw;-s;107;/mnt/beegfs/rcabanas/dev/credici/papers/causal_flavour/models/simple_learner_10Q.uai
[2024-04-15T09:32:56.223732][INFO][seed142] args: -m;1000;-o;/mnt/beegfs/rcabanas/dev/credici/papers/causal_flavour/learntmodels/miter1000;--data;/mnt/beegfs/rcabanas/dev/credici/papers/causal_flavour/data/simple_learner_10Q_data.csv;-rw;-s;142;/mnt/beegfs/rcabanas/dev/credici/papers/causal_flavour/models/simple_learner_10Q.uai
[2024-04-15T09:32:56.227287][INFO][seed107] Starting logger with seed 107
[2024-04-15T09:32:56.206417][INFO][seed136] Set up logging
[2024-04-15T09:32:56.229310][INFO][seed136] args: -m;1000;-o;/mnt/beegfs/rcabanas/dev/credici/papers/causal_flavour/learntmodels/miter1000;--data;/mnt/beegfs/rcabanas/dev/credici/papers/causal_flavour/data/simple_learner_10Q_data.csv;-rw;-s;136;/mnt/beegfs/rcabanas/dev/credici/papers/causal_flavour/models/simple_learner_10Q.uai
[2024-04-15T09:32:56.232548][INFO][seed142] Starting logger with seed 142
[2024-04-15T09:32:56.235696][INFO][seed136] Starting logger with seed 136
[2024-04-15T09:32:56.241490][INFO][seed147] Loaded 100 data instances
[2024-04-15T09:32:56.241950][INFO][seed147] Starting learning up to 1000 iterations
[2024-04-15T09:32:56.215942][INFO][seed113] Set up logging
[2024-04-15T09:32:56.242609][INFO][seed113] args: -m;1000;-o;/mnt/beegfs/rcabanas/dev/credici/papers/causal_flavour/learntmodels/miter1000;--data;/mnt/beegfs/rcabanas/dev/credici/papers/causal_flavour/data/simple_learner_10Q_data.csv;-rw;-s;113;/mnt/beegfs/rcabanas/dev/credici/papers/causal_flavour/models/simple_learner_10Q.uai
[2024-04-15T09:32:56.214797][INFO][seed126] Set up logging
[2024-04-15T09:32:56.219021][INFO][seed122] Set up logging
[2024-04-15T09:32:56.224652][INFO][seed149] Set up logging
[2024-04-15T09:32:56.246552][INFO][seed122] args: -m;1000;-o;/mnt/beegfs/rcabanas/dev/credici/papers/causal_flavour/learntmodels/miter1000;--data;/mnt/beegfs/rcabanas/dev/credici/papers/causal_flavour/data/simple_learner_10Q_data.csv;-rw;-s;122;/mnt/beegfs/rcabanas/dev/credici/papers/causal_flavour/models/simple_learner_10Q.uai
[2024-04-15T09:32:56.248531][INFO][seed149] args: -m;1000;-o;/mnt/beegfs/rcabanas/dev/credici/papers/causal_flavour/learntmodels/miter1000;--data;/mnt/beegfs/rcabanas/dev/credici/papers/causal_flavour/data/simple_learner_10Q_data.csv;-rw;-s;149;/mnt/beegfs/rcabanas/dev/credici/papers/causal_flavour/models/simple_learner_10Q.uai
[2024-04-15T09:32:56.246097][INFO][seed126] args: -m;1000;-o;/mnt/beegfs/rcabanas/dev/credici/papers/causal_flavour/learntmodels/miter1000;--data;/mnt/beegfs/rcabanas/dev/credici/papers/causal_flavour/data/simple_learner_10Q_data.csv;-rw;-s;126;/mnt/beegfs/rcabanas/dev/credici/papers/causal_flavour/models/simple_learner_10Q.uai
[2024-04-15T09:32:56.220970][INFO][seed104] Set up logging
[2024-04-15T09:32:56.222743][INFO][seed102] Set up logging
[2024-04-15T09:32:56.250212][INFO][seed102] args: -m;1000;-o;/mnt/beegfs/rcabanas/dev/credici/papers/causal_flavour/learntmodels/miter1000;--data;/mnt/beegfs/rcabanas/dev/credici/papers/causal_flavour/data/simple_learner_10Q_data.csv;-rw;-s;102;/mnt/beegfs/rcabanas/dev/credici/papers/causal_flavour/models/simple_learner_10Q.uai
[2024-04-15T09:32:56.250086][INFO][seed113] Starting logger with seed 113
[2024-04-15T09:32:56.249821][INFO][seed104] args: -m;1000;-o;/mnt/beegfs/rcabanas/dev/credici/papers/causal_flavour/learntmodels/miter1000;--data;/mnt/beegfs/rcabanas/dev/credici/papers/causal_flavour/data/simple_learner_10Q_data.csv;-rw;-s;104;/mnt/beegfs/rcabanas/dev/credici/papers/causal_flavour/models/simple_learner_10Q.uai
[2024-04-15T09:32:56.250663][INFO][seed149] Starting logger with seed 149
[2024-04-15T09:32:56.254304][INFO][seed102] Starting logger with seed 102
[2024-04-15T09:32:56.254915][INFO][seed126] Starting logger with seed 126
[2024-04-15T09:32:56.255098][INFO][seed122] Starting logger with seed 122
[2024-04-15T09:32:56.255815][INFO][seed104] Starting logger with seed 104
[2024-04-15T09:32:56.256079][INFO][seed101] Loaded 100 data instances
[2024-04-15T09:32:56.257766][INFO][seed101] Starting learning up to 1000 iterations
[2024-04-15T09:32:56.285211][INFO][seed103] Loaded model and info: /mnt/beegfs/rcabanas/dev/credici/papers/causal_flavour/models/simple_learner_10Q.uai
[2024-04-15T09:32:56.263726][INFO][seed115] Set up logging
[2024-04-15T09:32:56.289599][INFO][seed115] args: -m;1000;-o;/mnt/beegfs/rcabanas/dev/credici/papers/causal_flavour/learntmodels/miter1000;--data;/mnt/beegfs/rcabanas/dev/credici/papers/causal_flavour/data/simple_learner_10Q_data.csv;-rw;-s;115;/mnt/beegfs/rcabanas/dev/credici/papers/causal_flavour/models/simple_learner_10Q.uai
[2024-04-15T09:32:56.293503][INFO][seed115] Starting logger with seed 115
[2024-04-15T09:32:56.269516][INFO][seed141] Set up logging
[2024-04-15T09:32:56.294268][INFO][seed141] args: -m;1000;-o;/mnt/beegfs/rcabanas/dev/credici/papers/causal_flavour/learntmodels/miter1000;--data;/mnt/beegfs/rcabanas/dev/credici/papers/causal_flavour/data/simple_learner_10Q_data.csv;-rw;-s;141;/mnt/beegfs/rcabanas/dev/credici/papers/causal_flavour/models/simple_learner_10Q.uai
[2024-04-15T09:32:56.297200][INFO][seed119] Loaded model and info: /mnt/beegfs/rcabanas/dev/credici/papers/causal_flavour/models/simple_learner_10Q.uai
[2024-04-15T09:32:56.297766][INFO][seed141] Starting logger with seed 141
[2024-04-15T09:32:56.308448][INFO][seed106] Loaded model and info: /mnt/beegfs/rcabanas/dev/credici/papers/causal_flavour/models/simple_learner_10Q.uai
[2024-04-15T09:32:56.309572][INFO][seed121] Loaded model and info: /mnt/beegfs/rcabanas/dev/credici/papers/causal_flavour/models/simple_learner_10Q.uai
[2024-04-15T09:32:56.318843][INFO][seed138] Loaded model and info: /mnt/beegfs/rcabanas/dev/credici/papers/causal_flavour/models/simple_learner_10Q.uai
[2024-04-15T09:32:56.319161][INFO][seed118] Loaded model and info: /mnt/beegfs/rcabanas/dev/credici/papers/causal_flavour/models/simple_learner_10Q.uai
[2024-04-15T09:32:56.325850][INFO][seed103] Loaded 100 data instances
[2024-04-15T09:32:56.327733][INFO][seed103] Starting learning up to 1000 iterations
[2024-04-15T09:32:56.330256][INFO][seed125] Loaded model and info: /mnt/beegfs/rcabanas/dev/credici/papers/causal_flavour/models/simple_learner_10Q.uai
[2024-04-15T09:32:56.334871][INFO][seed119] Loaded 100 data instances
[2024-04-15T09:32:56.337481][INFO][seed119] Starting learning up to 1000 iterations
[2024-04-15T09:32:56.355100][INFO][seed106] Loaded 100 data instances
[2024-04-15T09:32:56.355513][INFO][seed106] Starting learning up to 1000 iterations
[2024-04-15T09:32:56.356750][INFO][seed118] Loaded 100 data instances
[2024-04-15T09:32:56.356768][INFO][seed121] Loaded 100 data instances
[2024-04-15T09:32:56.358287][INFO][seed118] Starting learning up to 1000 iterations
[2024-04-15T09:32:56.358510][INFO][seed121] Starting learning up to 1000 iterations
[2024-04-15T09:32:56.359106][INFO][seed145] Loaded model and info: /mnt/beegfs/rcabanas/dev/credici/papers/causal_flavour/models/simple_learner_10Q.uai
[2024-04-15T09:32:56.372739][INFO][seed125] Loaded 100 data instances
[2024-04-15T09:32:56.373162][INFO][seed125] Starting learning up to 1000 iterations
[2024-04-15T09:32:56.362191][INFO][seed138] Loaded 100 data instances
[2024-04-15T09:32:56.362542][INFO][seed138] Starting learning up to 1000 iterations
[2024-04-15T09:32:56.398570][INFO][seed145] Loaded 100 data instances
[2024-04-15T09:32:56.398960][INFO][seed145] Starting learning up to 1000 iterations
[2024-04-15T09:32:56.429481][INFO][seed139] Loaded model and info: /mnt/beegfs/rcabanas/dev/credici/papers/causal_flavour/models/simple_learner_10Q.uai
[2024-04-15T09:32:56.450396][INFO][seed133] Loaded model and info: /mnt/beegfs/rcabanas/dev/credici/papers/causal_flavour/models/simple_learner_10Q.uai
[2024-04-15T09:32:56.457736][INFO][seed129] Loaded model and info: /mnt/beegfs/rcabanas/dev/credici/papers/causal_flavour/models/simple_learner_10Q.uai
[2024-04-15T09:32:56.459350][INFO][seed134] Loaded model and info: /mnt/beegfs/rcabanas/dev/credici/papers/causal_flavour/models/simple_learner_10Q.uai
[2024-04-15T09:32:56.460774][INFO][seed123] Loaded model and info: /mnt/beegfs/rcabanas/dev/credici/papers/causal_flavour/models/simple_learner_10Q.uai
[2024-04-15T09:32:56.464740][INFO][seed127] Loaded model and info: /mnt/beegfs/rcabanas/dev/credici/papers/causal_flavour/models/simple_learner_10Q.uai
[2024-04-15T09:32:56.476253][INFO][seed139] Loaded 100 data instances
[2024-04-15T09:32:56.476707][INFO][seed100] Loaded model and info: /mnt/beegfs/rcabanas/dev/credici/papers/causal_flavour/models/simple_learner_10Q.uai
[2024-04-15T09:32:56.476651][INFO][seed139] Starting learning up to 1000 iterations
[2024-04-15T09:32:56.492096][INFO][seed133] Loaded 100 data instances
[2024-04-15T09:32:56.492516][INFO][seed133] Starting learning up to 1000 iterations
[2024-04-15T09:32:56.497721][INFO][seed123] Loaded 100 data instances
[2024-04-15T09:32:56.500221][INFO][seed124] Loaded model and info: /mnt/beegfs/rcabanas/dev/credici/papers/causal_flavour/models/simple_learner_10Q.uai
[2024-04-15T09:32:56.500695][INFO][seed123] Starting learning up to 1000 iterations
[2024-04-15T09:32:56.500552][INFO][seed134] Loaded 100 data instances
[2024-04-15T09:32:56.500907][INFO][seed134] Starting learning up to 1000 iterations
[2024-04-15T09:32:56.502826][INFO][seed129] Loaded 100 data instances
[2024-04-15T09:32:56.503159][INFO][seed129] Starting learning up to 1000 iterations
[2024-04-15T09:32:56.506863][INFO][seed127] Loaded 100 data instances
[2024-04-15T09:32:56.513325][INFO][seed127] Starting learning up to 1000 iterations
[2024-04-15T09:32:56.514988][INFO][seed100] Loaded 100 data instances
[2024-04-15T09:32:56.515368][INFO][seed100] Starting learning up to 1000 iterations
[2024-04-15T09:32:56.544783][INFO][seed117] Loaded model and info: /mnt/beegfs/rcabanas/dev/credici/papers/causal_flavour/models/simple_learner_10Q.uai
[2024-04-15T09:32:56.546164][INFO][seed124] Loaded 100 data instances
[2024-04-15T09:32:56.546504][INFO][seed148] Loaded model and info: /mnt/beegfs/rcabanas/dev/credici/papers/causal_flavour/models/simple_learner_10Q.uai
[2024-04-15T09:32:56.549298][INFO][seed124] Starting learning up to 1000 iterations
[2024-04-15T09:32:56.562377][INFO][seed143] Loaded model and info: /mnt/beegfs/rcabanas/dev/credici/papers/causal_flavour/models/simple_learner_10Q.uai
[2024-04-15T09:32:56.578653][INFO][seed142] Loaded model and info: /mnt/beegfs/rcabanas/dev/credici/papers/causal_flavour/models/simple_learner_10Q.uai
[2024-04-15T09:32:56.584160][INFO][seed117] Loaded 100 data instances
[2024-04-15T09:32:56.584508][INFO][seed117] Starting learning up to 1000 iterations
[2024-04-15T09:32:56.586664][INFO][seed148] Loaded 100 data instances
[2024-04-15T09:32:56.588213][INFO][seed107] Loaded model and info: /mnt/beegfs/rcabanas/dev/credici/papers/causal_flavour/models/simple_learner_10Q.uai
[2024-04-15T09:32:56.586994][INFO][seed148] Starting learning up to 1000 iterations
[2024-04-15T09:32:56.602779][INFO][seed143] Loaded 100 data instances
[2024-04-15T09:32:56.603251][INFO][seed143] Starting learning up to 1000 iterations
[2024-04-15T09:32:56.623626][INFO][seed142] Loaded 100 data instances
[2024-04-15T09:32:56.623730][INFO][seed107] Loaded 100 data instances
[2024-04-15T09:32:56.624701][INFO][seed142] Starting learning up to 1000 iterations
[2024-04-15T09:32:56.626038][INFO][seed107] Starting learning up to 1000 iterations
[2024-04-15T09:32:56.663183][INFO][seed122] Loaded model and info: /mnt/beegfs/rcabanas/dev/credici/papers/causal_flavour/models/simple_learner_10Q.uai
[2024-04-15T09:32:56.664994][INFO][seed136] Loaded model and info: /mnt/beegfs/rcabanas/dev/credici/papers/causal_flavour/models/simple_learner_10Q.uai
[2024-04-15T09:32:56.668515][INFO][seed113] Loaded model and info: /mnt/beegfs/rcabanas/dev/credici/papers/causal_flavour/models/simple_learner_10Q.uai
[2024-04-15T09:32:56.674133][INFO][seed102] Loaded model and info: /mnt/beegfs/rcabanas/dev/credici/papers/causal_flavour/models/simple_learner_10Q.uai
[2024-04-15T09:32:56.678337][INFO][seed104] Loaded model and info: /mnt/beegfs/rcabanas/dev/credici/papers/causal_flavour/models/simple_learner_10Q.uai
[2024-04-15T09:32:56.682240][INFO][seed126] Loaded model and info: /mnt/beegfs/rcabanas/dev/credici/papers/causal_flavour/models/simple_learner_10Q.uai
[2024-04-15T09:32:56.694354][INFO][seed115] Loaded model and info: /mnt/beegfs/rcabanas/dev/credici/papers/causal_flavour/models/simple_learner_10Q.uai
[2024-04-15T09:32:56.696602][INFO][seed149] Loaded model and info: /mnt/beegfs/rcabanas/dev/credici/papers/causal_flavour/models/simple_learner_10Q.uai
[2024-04-15T09:32:56.699849][INFO][seed122] Loaded 100 data instances
[2024-04-15T09:32:56.699892][INFO][seed141] Loaded model and info: /mnt/beegfs/rcabanas/dev/credici/papers/causal_flavour/models/simple_learner_10Q.uai
[2024-04-15T09:32:56.701484][INFO][seed136] Loaded 100 data instances
[2024-04-15T09:32:56.703081][INFO][seed122] Starting learning up to 1000 iterations
[2024-04-15T09:32:56.705253][INFO][seed136] Starting learning up to 1000 iterations
[2024-04-15T09:32:56.708575][INFO][seed113] Loaded 100 data instances
[2024-04-15T09:32:56.709180][INFO][seed102] Loaded 100 data instances
[2024-04-15T09:32:56.709618][INFO][seed102] Starting learning up to 1000 iterations
[2024-04-15T09:32:56.711629][INFO][seed113] Starting learning up to 1000 iterations
[2024-04-15T09:32:56.714505][INFO][seed104] Loaded 100 data instances
[2024-04-15T09:32:56.714827][INFO][seed104] Starting learning up to 1000 iterations
[2024-04-15T09:32:56.718711][INFO][seed126] Loaded 100 data instances
[2024-04-15T09:32:56.722641][INFO][seed126] Starting learning up to 1000 iterations
[2024-04-15T09:32:56.730694][INFO][seed115] Loaded 100 data instances
[2024-04-15T09:32:56.731176][INFO][seed115] Starting learning up to 1000 iterations
[2024-04-15T09:32:56.736119][INFO][seed149] Loaded 100 data instances
[2024-04-15T09:32:56.736573][INFO][seed149] Starting learning up to 1000 iterations
[2024-04-15T09:32:56.742126][INFO][seed141] Loaded 100 data instances
[2024-04-15T09:32:56.742911][INFO][seed141] Starting learning up to 1000 iterations
[2024-04-15T11:18:55.951742][INFO][seed133] Ellapsed time: 6359431.ms
[2024-04-15T11:18:56.002848][INFO][seed133] Saved model at /mnt/beegfs/rcabanas/dev/credici/papers/causal_flavour/learntmodels/miter1000/simple_learner_10Q/model_133.uai
[2024-04-15T11:18:56.003179][INFO][seed133] Closing log file
[2024-04-15T11:18:56.003283][INFO][seed133] Closed log file
[2024-04-15T11:25:00.026154][INFO][seed123] Ellapsed time: 6723472.ms
[2024-04-15T11:25:00.064283][INFO][seed123] Saved model at /mnt/beegfs/rcabanas/dev/credici/papers/causal_flavour/learntmodels/miter1000/simple_learner_10Q/model_123.uai
[2024-04-15T11:25:00.064477][INFO][seed123] Closing log file
[2024-04-15T11:25:00.064580][INFO][seed123] Closed log file
[2024-04-15T11:29:25.546799][INFO][seed117] Ellapsed time: 6988915.ms
[2024-04-15T11:29:25.592773][INFO][seed117] Saved model at /mnt/beegfs/rcabanas/dev/credici/papers/causal_flavour/learntmodels/miter1000/simple_learner_10Q/model_117.uai
[2024-04-15T11:29:25.593118][INFO][seed117] Closing log file
[2024-04-15T11:29:25.593227][INFO][seed117] Closed log file
[2024-04-15T11:30:39.766780][INFO][seed122] Ellapsed time: 7063031.ms
[2024-04-15T11:30:39.802946][INFO][seed122] Saved model at /mnt/beegfs/rcabanas/dev/credici/papers/causal_flavour/learntmodels/miter1000/simple_learner_10Q/model_122.uai
[2024-04-15T11:30:39.803299][INFO][seed122] Closing log file
[2024-04-15T11:30:39.803417][INFO][seed122] Closed log file
[2024-04-15T11:31:41.868337][INFO][seed148] Ellapsed time: 7125260.ms
[2024-04-15T11:31:41.920793][INFO][seed148] Saved model at /mnt/beegfs/rcabanas/dev/credici/papers/causal_flavour/learntmodels/miter1000/simple_learner_10Q/model_148.uai
[2024-04-15T11:31:41.921082][INFO][seed148] Closing log file
[2024-04-15T11:31:41.921188][INFO][seed148] Closed log file
[2024-04-15T11:31:45.966279][INFO][seed143] Ellapsed time: 7129320.ms
[2024-04-15T11:31:46.016260][INFO][seed143] Saved model at /mnt/beegfs/rcabanas/dev/credici/papers/causal_flavour/learntmodels/miter1000/simple_learner_10Q/model_143.uai
[2024-04-15T11:31:46.016549][INFO][seed143] Closing log file
[2024-04-15T11:31:46.016657][INFO][seed143] Closed log file
[2024-04-15T11:31:54.884903][INFO][seed113] Ellapsed time: 7138140.ms
[2024-04-15T11:31:54.923499][INFO][seed113] Saved model at /mnt/beegfs/rcabanas/dev/credici/papers/causal_flavour/learntmodels/miter1000/simple_learner_10Q/model_113.uai
[2024-04-15T11:31:54.923769][INFO][seed113] Closing log file
[2024-04-15T11:31:54.923869][INFO][seed113] Closed log file
[2024-04-15T11:34:22.162075][INFO][seed129] Ellapsed time: 7285604.ms
[2024-04-15T11:34:22.203277][INFO][seed129] Saved model at /mnt/beegfs/rcabanas/dev/credici/papers/causal_flavour/learntmodels/miter1000/simple_learner_10Q/model_129.uai
[2024-04-15T11:34:22.203525][INFO][seed129] Closing log file
[2024-04-15T11:34:22.203626][INFO][seed129] Closed log file
[2024-04-15T11:34:22.455145][INFO][seed142] Ellapsed time: 7285784.ms
[2024-04-15T11:34:22.500509][INFO][seed142] Saved model at /mnt/beegfs/rcabanas/dev/credici/papers/causal_flavour/learntmodels/miter1000/simple_learner_10Q/model_142.uai
[2024-04-15T11:34:22.500811][INFO][seed142] Closing log file
[2024-04-15T11:34:22.500916][INFO][seed142] Closed log file
[2024-04-15T11:34:24.905777][INFO][seed138] Ellapsed time: 7288504.ms
[2024-04-15T11:34:24.956087][INFO][seed138] Saved model at /mnt/beegfs/rcabanas/dev/credici/papers/causal_flavour/learntmodels/miter1000/simple_learner_10Q/model_138.uai
[2024-04-15T11:34:24.956349][INFO][seed138] Closing log file
[2024-04-15T11:34:24.956450][INFO][seed138] Closed log file
[2024-04-15T11:35:28.412529][INFO][seed104] Ellapsed time: 7351665.ms
[2024-04-15T11:35:28.443767][INFO][seed104] Saved model at /mnt/beegfs/rcabanas/dev/credici/papers/causal_flavour/learntmodels/miter1000/simple_learner_10Q/model_104.uai
[2024-04-15T11:35:28.443955][INFO][seed104] Closing log file
[2024-04-15T11:35:28.444053][INFO][seed104] Closed log file
[2024-04-15T11:37:11.405573][INFO][seed107] Ellapsed time: 7454737.ms
[2024-04-15T11:37:11.448416][INFO][seed107] Saved model at /mnt/beegfs/rcabanas/dev/credici/papers/causal_flavour/learntmodels/miter1000/simple_learner_10Q/model_107.uai
[2024-04-15T11:37:11.448660][INFO][seed107] Closing log file
[2024-04-15T11:37:11.448796][INFO][seed107] Closed log file
[2024-04-15T11:37:13.321619][INFO][seed118] Ellapsed time: 7456946.ms
[2024-04-15T11:37:13.364364][INFO][seed118] Saved model at /mnt/beegfs/rcabanas/dev/credici/papers/causal_flavour/learntmodels/miter1000/simple_learner_10Q/model_118.uai
[2024-04-15T11:37:13.364634][INFO][seed118] Closing log file
[2024-04-15T11:37:13.364757][INFO][seed118] Closed log file
[2024-04-15T11:37:33.984425][INFO][seed100] Ellapsed time: 7477419.ms
[2024-04-15T11:37:34.017861][INFO][seed100] Saved model at /mnt/beegfs/rcabanas/dev/credici/papers/causal_flavour/learntmodels/miter1000/simple_learner_10Q/model_100.uai
[2024-04-15T11:37:34.018103][INFO][seed100] Closing log file
[2024-04-15T11:37:34.018205][INFO][seed100] Closed log file
[2024-04-15T11:37:58.002567][INFO][seed119] Ellapsed time: 7501648.ms
[2024-04-15T11:37:58.061590][INFO][seed119] Saved model at /mnt/beegfs/rcabanas/dev/credici/papers/causal_flavour/learntmodels/miter1000/simple_learner_10Q/model_119.uai
[2024-04-15T11:37:58.061835][INFO][seed119] Closing log file
[2024-04-15T11:37:58.061946][INFO][seed119] Closed log file
[2024-04-15T11:38:41.053224][INFO][seed124] Ellapsed time: 7544463.ms
[2024-04-15T11:38:41.106982][INFO][seed124] Saved model at /mnt/beegfs/rcabanas/dev/credici/papers/causal_flavour/learntmodels/miter1000/simple_learner_10Q/model_124.uai
[2024-04-15T11:38:41.107059][INFO][seed124] Closing log file
[2024-04-15T11:38:41.107092][INFO][seed124] Closed log file
[2024-04-15T11:39:29.451428][INFO][seed102] Ellapsed time: 7592726.ms
[2024-04-15T11:39:29.479787][INFO][seed102] Saved model at /mnt/beegfs/rcabanas/dev/credici/papers/causal_flavour/learntmodels/miter1000/simple_learner_10Q/model_102.uai
[2024-04-15T11:39:29.479961][INFO][seed102] Closing log file
[2024-04-15T11:39:29.480059][INFO][seed102] Closed log file
[2024-04-15T11:41:04.213446][INFO][seed134] Ellapsed time: 7687657.ms
[2024-04-15T11:41:04.254312][INFO][seed134] Saved model at /mnt/beegfs/rcabanas/dev/credici/papers/causal_flavour/learntmodels/miter1000/simple_learner_10Q/model_134.uai
[2024-04-15T11:41:04.254530][INFO][seed134] Closing log file
[2024-04-15T11:41:04.254626][INFO][seed134] Closed log file
[2024-04-15T12:38:18.708747][INFO][seed141] Ellapsed time: 11121921.ms
[2024-04-15T12:38:18.766855][INFO][seed141] Saved model at /mnt/beegfs/rcabanas/dev/credici/papers/causal_flavour/learntmodels/miter1000/simple_learner_10Q/model_141.uai
[2024-04-15T12:38:18.767361][INFO][seed141] Closing log file
[2024-04-15T12:38:18.767491][INFO][seed141] Closed log file
[2024-04-15T12:40:50.266879][INFO][seed130] Ellapsed time: 11274752.ms
[2024-04-15T12:40:50.319358][INFO][seed130] Saved model at /mnt/beegfs/rcabanas/dev/credici/papers/causal_flavour/learntmodels/miter1000/simple_learner_10Q/model_130.uai
[2024-04-15T12:40:50.319817][INFO][seed130] Closing log file
[2024-04-15T12:40:50.319937][INFO][seed130] Closed log file
[2024-04-15T12:41:48.821855][INFO][seed135] Ellapsed time: 11332778.ms
[2024-04-15T12:41:48.856561][INFO][seed135] Saved model at /mnt/beegfs/rcabanas/dev/credici/papers/causal_flavour/learntmodels/miter1000/simple_learner_10Q/model_135.uai
[2024-04-15T12:41:48.856870][INFO][seed135] Closing log file
[2024-04-15T12:41:48.856987][INFO][seed135] Closed log file
[2024-04-15T12:42:34.567524][INFO][seed144] Ellapsed time: 11378961.ms
[2024-04-15T12:42:34.615841][INFO][seed144] Saved model at /mnt/beegfs/rcabanas/dev/credici/papers/causal_flavour/learntmodels/miter1000/simple_learner_10Q/model_144.uai
[2024-04-15T12:42:34.616378][INFO][seed144] Closing log file
[2024-04-15T12:42:34.616509][INFO][seed144] Closed log file
[2024-04-15T12:43:05.858537][INFO][seed150] Ellapsed time: 11410109.ms
[2024-04-15T12:43:05.889931][INFO][seed150] Saved model at /mnt/beegfs/rcabanas/dev/credici/papers/causal_flavour/learntmodels/miter1000/simple_learner_10Q/model_150.uai
[2024-04-15T12:43:05.890133][INFO][seed150] Closing log file
[2024-04-15T12:43:05.890246][INFO][seed150] Closed log file
[2024-04-15T12:44:09.876634][INFO][seed140] Ellapsed time: 11473923.ms
[2024-04-15T12:44:09.949577][INFO][seed140] Saved model at /mnt/beegfs/rcabanas/dev/credici/papers/causal_flavour/learntmodels/miter1000/simple_learner_10Q/model_140.uai
[2024-04-15T12:44:09.950003][INFO][seed140] Closing log file
[2024-04-15T12:44:09.950129][INFO][seed140] Closed log file
[2024-04-15T12:44:53.647040][INFO][seed137] Ellapsed time: 11517519.ms
[2024-04-15T12:44:53.709804][INFO][seed137] Saved model at /mnt/beegfs/rcabanas/dev/credici/papers/causal_flavour/learntmodels/miter1000/simple_learner_10Q/model_137.uai
[2024-04-15T12:44:53.710158][INFO][seed137] Closing log file
[2024-04-15T12:44:53.710267][INFO][seed137] Closed log file
[2024-04-15T12:46:47.767624][INFO][seed105] Ellapsed time: 11632006.ms
[2024-04-15T12:46:47.824171][INFO][seed105] Saved model at /mnt/beegfs/rcabanas/dev/credici/papers/causal_flavour/learntmodels/miter1000/simple_learner_10Q/model_105.uai
[2024-04-15T12:46:47.824731][INFO][seed105] Closing log file
[2024-04-15T12:46:47.824873][INFO][seed105] Closed log file
[2024-04-15T12:47:24.675088][INFO][seed114] Ellapsed time: 11668575.ms
[2024-04-15T12:47:24.713505][INFO][seed114] Saved model at /mnt/beegfs/rcabanas/dev/credici/papers/causal_flavour/learntmodels/miter1000/simple_learner_10Q/model_114.uai
[2024-04-15T12:47:24.713720][INFO][seed114] Closing log file
[2024-04-15T12:47:24.715760][INFO][seed114] Closed log file
[2024-04-15T12:47:43.904733][INFO][seed128] Ellapsed time: 11688373.ms
[2024-04-15T12:47:43.956868][INFO][seed128] Saved model at /mnt/beegfs/rcabanas/dev/credici/papers/causal_flavour/learntmodels/miter1000/simple_learner_10Q/model_128.uai
[2024-04-15T12:47:43.957240][INFO][seed128] Closing log file
[2024-04-15T12:47:43.957343][INFO][seed128] Closed log file
[2024-04-15T12:47:57.561566][INFO][seed126] Ellapsed time: 11700798.ms
[2024-04-15T12:47:57.629739][INFO][seed126] Saved model at /mnt/beegfs/rcabanas/dev/credici/papers/causal_flavour/learntmodels/miter1000/simple_learner_10Q/model_126.uai
[2024-04-15T12:47:57.630283][INFO][seed126] Closing log file
[2024-04-15T12:47:57.630401][INFO][seed126] Closed log file
[2024-04-15T12:49:27.276464][INFO][seed108] Ellapsed time: 11791234.ms
[2024-04-15T12:49:27.333978][INFO][seed108] Saved model at /mnt/beegfs/rcabanas/dev/credici/papers/causal_flavour/learntmodels/miter1000/simple_learner_10Q/model_108.uai
[2024-04-15T12:49:27.334435][INFO][seed108] Closing log file
[2024-04-15T12:49:27.334552][INFO][seed108] Closed log file
[2024-04-15T12:51:05.222979][INFO][seed121] Ellapsed time: 11888847.ms
[2024-04-15T12:51:05.263990][INFO][seed121] Saved model at /mnt/beegfs/rcabanas/dev/credici/papers/causal_flavour/learntmodels/miter1000/simple_learner_10Q/model_121.uai
[2024-04-15T12:51:05.264347][INFO][seed121] Closing log file
[2024-04-15T12:51:05.264463][INFO][seed121] Closed log file
[2024-04-15T12:52:09.916937][INFO][seed112] Ellapsed time: 11954160.ms
[2024-04-15T12:52:09.955869][INFO][seed112] Saved model at /mnt/beegfs/rcabanas/dev/credici/papers/causal_flavour/learntmodels/miter1000/simple_learner_10Q/model_112.uai
[2024-04-15T12:52:09.956151][INFO][seed112] Closing log file
[2024-04-15T12:52:09.956258][INFO][seed112] Closed log file
[2024-04-15T12:52:11.188638][INFO][seed111] Ellapsed time: 11955073.ms
[2024-04-15T12:52:11.244323][INFO][seed111] Saved model at /mnt/beegfs/rcabanas/dev/credici/papers/causal_flavour/learntmodels/miter1000/simple_learner_10Q/model_111.uai
[2024-04-15T12:52:11.244783][INFO][seed111] Closing log file
[2024-04-15T12:52:11.244890][INFO][seed111] Closed log file
[2024-04-15T12:52:14.844050][INFO][seed146] Ellapsed time: 11958754.ms
[2024-04-15T12:52:14.917593][INFO][seed146] Saved model at /mnt/beegfs/rcabanas/dev/credici/papers/causal_flavour/learntmodels/miter1000/simple_learner_10Q/model_146.uai
[2024-04-15T12:52:14.917973][INFO][seed146] Closing log file
[2024-04-15T12:52:14.918078][INFO][seed146] Closed log file
[2024-04-15T12:52:15.559409][INFO][seed147] Ellapsed time: 11959300.ms
[2024-04-15T12:52:15.602404][INFO][seed147] Saved model at /mnt/beegfs/rcabanas/dev/credici/papers/causal_flavour/learntmodels/miter1000/simple_learner_10Q/model_147.uai
[2024-04-15T12:52:15.602706][INFO][seed147] Closing log file
[2024-04-15T12:52:15.602812][INFO][seed147] Closed log file
[2024-04-15T12:52:19.424832][INFO][seed145] Ellapsed time: 11962983.ms
[2024-04-15T12:52:19.489261][INFO][seed145] Saved model at /mnt/beegfs/rcabanas/dev/credici/papers/causal_flavour/learntmodels/miter1000/simple_learner_10Q/model_145.uai
[2024-04-15T12:52:19.489599][INFO][seed145] Closing log file
[2024-04-15T12:52:19.489717][INFO][seed145] Closed log file
[2024-04-15T12:52:24.275169][INFO][seed120] Ellapsed time: 11968155.ms
[2024-04-15T12:52:24.312887][INFO][seed120] Saved model at /mnt/beegfs/rcabanas/dev/credici/papers/causal_flavour/learntmodels/miter1000/simple_learner_10Q/model_120.uai
[2024-04-15T12:52:24.313169][INFO][seed120] Closing log file
[2024-04-15T12:52:24.313276][INFO][seed120] Closed log file
[2024-04-15T12:52:28.674743][INFO][seed136] Ellapsed time: 11971951.ms
[2024-04-15T12:52:28.719171][INFO][seed136] Saved model at /mnt/beegfs/rcabanas/dev/credici/papers/causal_flavour/learntmodels/miter1000/simple_learner_10Q/model_136.uai
[2024-04-15T12:52:28.719458][INFO][seed136] Closing log file
[2024-04-15T12:52:28.719573][INFO][seed136] Closed log file
[2024-04-15T12:52:34.692873][INFO][seed110] Ellapsed time: 11978894.ms
[2024-04-15T12:52:34.743136][INFO][seed110] Saved model at /mnt/beegfs/rcabanas/dev/credici/papers/causal_flavour/learntmodels/miter1000/simple_learner_10Q/model_110.uai
[2024-04-15T12:52:34.743355][INFO][seed110] Closing log file
[2024-04-15T12:52:34.743454][INFO][seed110] Closed log file
[2024-04-15T12:52:50.238225][INFO][seed103] Ellapsed time: 11993892.ms
[2024-04-15T12:52:50.297621][INFO][seed103] Saved model at /mnt/beegfs/rcabanas/dev/credici/papers/causal_flavour/learntmodels/miter1000/simple_learner_10Q/model_103.uai
[2024-04-15T12:52:50.297889][INFO][seed103] Closing log file
[2024-04-15T12:52:50.297994][INFO][seed103] Closed log file
[2024-04-15T12:53:02.559911][INFO][seed101] Ellapsed time: 12006265.ms
[2024-04-15T12:53:02.603330][INFO][seed101] Saved model at /mnt/beegfs/rcabanas/dev/credici/papers/causal_flavour/learntmodels/miter1000/simple_learner_10Q/model_101.uai
[2024-04-15T12:53:02.603589][INFO][seed101] Closing log file
[2024-04-15T12:53:02.603710][INFO][seed101] Closed log file
[2024-04-15T12:53:22.771563][INFO][seed132] Ellapsed time: 12027282.ms
[2024-04-15T12:53:22.806137][INFO][seed132] Saved model at /mnt/beegfs/rcabanas/dev/credici/papers/causal_flavour/learntmodels/miter1000/simple_learner_10Q/model_132.uai
[2024-04-15T12:53:22.806401][INFO][seed132] Closing log file
[2024-04-15T12:53:22.806496][INFO][seed132] Closed log file
[2024-04-15T12:53:48.694975][INFO][seed116] Ellapsed time: 12053006.ms
[2024-04-15T12:53:48.739865][INFO][seed116] Saved model at /mnt/beegfs/rcabanas/dev/credici/papers/causal_flavour/learntmodels/miter1000/simple_learner_10Q/model_116.uai
[2024-04-15T12:53:48.740122][INFO][seed116] Closing log file
[2024-04-15T12:53:48.740222][INFO][seed116] Closed log file
[2024-04-15T12:53:52.778473][INFO][seed106] Ellapsed time: 12056406.ms
[2024-04-15T12:53:52.817886][INFO][seed106] Saved model at /mnt/beegfs/rcabanas/dev/credici/papers/causal_flavour/learntmodels/miter1000/simple_learner_10Q/model_106.uai
[2024-04-15T12:53:52.818114][INFO][seed106] Closing log file
[2024-04-15T12:53:52.818217][INFO][seed106] Closed log file
[2024-04-15T12:53:55.517889][INFO][seed115] Ellapsed time: 12058770.ms
[2024-04-15T12:53:55.551737][INFO][seed115] Saved model at /mnt/beegfs/rcabanas/dev/credici/papers/causal_flavour/learntmodels/miter1000/simple_learner_10Q/model_115.uai
[2024-04-15T12:53:55.551952][INFO][seed115] Closing log file
[2024-04-15T12:53:55.552059][INFO][seed115] Closed log file
[2024-04-15T12:54:10.891225][INFO][seed109] Ellapsed time: 12075408.ms
[2024-04-15T12:54:10.949954][INFO][seed109] Saved model at /mnt/beegfs/rcabanas/dev/credici/papers/causal_flavour/learntmodels/miter1000/simple_learner_10Q/model_109.uai
[2024-04-15T12:54:10.950187][INFO][seed109] Closing log file
[2024-04-15T12:54:10.950295][INFO][seed109] Closed log file
[2024-04-15T12:54:15.246553][INFO][seed139] Ellapsed time: 12078732.ms
[2024-04-15T12:54:15.276991][INFO][seed139] Saved model at /mnt/beegfs/rcabanas/dev/credici/papers/causal_flavour/learntmodels/miter1000/simple_learner_10Q/model_139.uai
[2024-04-15T12:54:15.277291][INFO][seed139] Closing log file
[2024-04-15T12:54:15.277389][INFO][seed139] Closed log file
[2024-04-15T12:54:22.543327][INFO][seed149] Ellapsed time: 12085788.ms
[2024-04-15T12:54:22.591215][INFO][seed149] Saved model at /mnt/beegfs/rcabanas/dev/credici/papers/causal_flavour/learntmodels/miter1000/simple_learner_10Q/model_149.uai
[2024-04-15T12:54:22.591425][INFO][seed149] Closing log file
[2024-04-15T12:54:22.591526][INFO][seed149] Closed log file
[2024-04-15T12:56:34.605105][INFO][seed127] Ellapsed time: 12218035.ms
[2024-04-15T12:56:34.642912][INFO][seed127] Saved model at /mnt/beegfs/rcabanas/dev/credici/papers/causal_flavour/learntmodels/miter1000/simple_learner_10Q/model_127.uai
[2024-04-15T12:56:34.643121][INFO][seed127] Closing log file
[2024-04-15T12:56:34.643232][INFO][seed127] Closed log file
[2024-04-15T12:57:37.785398][INFO][seed125] Ellapsed time: 12281367.ms
[2024-04-15T12:57:37.819563][INFO][seed125] Saved model at /mnt/beegfs/rcabanas/dev/credici/papers/causal_flavour/learntmodels/miter1000/simple_learner_10Q/model_125.uai
[2024-04-15T12:57:37.819798][INFO][seed125] Closing log file
[2024-04-15T12:57:37.819897][INFO][seed125] Closed log file
