0
1000
['learn.py', '1000', '5']
['learn.py', '1000', '27']
['learn.py', '1000', '22']
['learn.py', '1000', '6']
['learn.py', '1000', '11']
seed=5
/mnt/beegfs/rcabanas/dev/credici
/mnt/beegfs/rcabanas/dev/credici/papers/causal_flavour
/mnt/beegfs/rcabanas/dev/credici/papers/causal_flavour/learntmodels
/mnt/beegfs/rcabanas/dev/credici/papers/causal_flavour/models
/mnt/beegfs/rcabanas/dev/credici/target/credici-0.1.5-dev-SNAPSHOT-jar-with-dependencies.jar
/mnt/beegfs/rcabanas/dev/credici/papers/causal_flavour/code/LearnCF.java
seed=27
/mnt/beegfs/rcabanas/dev/credici
/mnt/beegfs/rcabanas/dev/credici/papers/causal_flavour
/mnt/beegfs/rcabanas/dev/credici/papers/causal_flavour/learntmodels
/mnt/beegfs/rcabanas/dev/credici/papers/causal_flavour/models
/mnt/beegfs/rcabanas/dev/credici/target/credici-0.1.5-dev-SNAPSHOT-jar-with-dependencies.jar
/mnt/beegfs/rcabanas/dev/credici/papers/causal_flavour/code/LearnCF.java
seed=22
/mnt/beegfs/rcabanas/dev/credici
/mnt/beegfs/rcabanas/dev/credici/papers/causal_flavour
/mnt/beegfs/rcabanas/dev/credici/papers/causal_flavour/learntmodels
/mnt/beegfs/rcabanas/dev/credici/papers/causal_flavour/models
/mnt/beegfs/rcabanas/dev/credici/target/credici-0.1.5-dev-SNAPSHOT-jar-with-dependencies.jar
/mnt/beegfs/rcabanas/dev/credici/papers/causal_flavour/code/LearnCF.java
seed=6
/mnt/beegfs/rcabanas/dev/credici
/mnt/beegfs/rcabanas/dev/credici/papers/causal_flavour
/mnt/beegfs/rcabanas/dev/credici/papers/causal_flavour/learntmodels
/mnt/beegfs/rcabanas/dev/credici/papers/causal_flavour/models
/mnt/beegfs/rcabanas/dev/credici/target/credici-0.1.5-dev-SNAPSHOT-jar-with-dependencies.jar
/mnt/beegfs/rcabanas/dev/credici/papers/causal_flavour/code/LearnCF.java
['learn.py', '1000', '46']
seed=11
/mnt/beegfs/rcabanas/dev/credici
/mnt/beegfs/rcabanas/dev/credici/papers/causal_flavour
/mnt/beegfs/rcabanas/dev/credici/papers/causal_flavour/learntmodels
/mnt/beegfs/rcabanas/dev/credici/papers/causal_flavour/models
/mnt/beegfs/rcabanas/dev/credici/target/credici-0.1.5-dev-SNAPSHOT-jar-with-dependencies.jar
/mnt/beegfs/rcabanas/dev/credici/papers/causal_flavour/code/LearnCF.java
['learn.py', '1000', '25']
seed=46
/mnt/beegfs/rcabanas/dev/credici
/mnt/beegfs/rcabanas/dev/credici/papers/causal_flavour
/mnt/beegfs/rcabanas/dev/credici/papers/causal_flavour/learntmodels
/mnt/beegfs/rcabanas/dev/credici/papers/causal_flavour/models
/mnt/beegfs/rcabanas/dev/credici/target/credici-0.1.5-dev-SNAPSHOT-jar-with-dependencies.jar
/mnt/beegfs/rcabanas/dev/credici/papers/causal_flavour/code/LearnCF.java
seed=25
/mnt/beegfs/rcabanas/dev/credici
/mnt/beegfs/rcabanas/dev/credici/papers/causal_flavour
/mnt/beegfs/rcabanas/dev/credici/papers/causal_flavour/learntmodels
/mnt/beegfs/rcabanas/dev/credici/papers/causal_flavour/models
/mnt/beegfs/rcabanas/dev/credici/target/credici-0.1.5-dev-SNAPSHOT-jar-with-dependencies.jar
/mnt/beegfs/rcabanas/dev/credici/papers/causal_flavour/code/LearnCF.java
['learn.py', '1000', '14']
['learn.py', '1000', '34']
['learn.py', '1000', '12']
seed=14
/mnt/beegfs/rcabanas/dev/credici
/mnt/beegfs/rcabanas/dev/credici/papers/causal_flavour
/mnt/beegfs/rcabanas/dev/credici/papers/causal_flavour/learntmodels
/mnt/beegfs/rcabanas/dev/credici/papers/causal_flavour/models
/mnt/beegfs/rcabanas/dev/credici/target/credici-0.1.5-dev-SNAPSHOT-jar-with-dependencies.jar
/mnt/beegfs/rcabanas/dev/credici/papers/causal_flavour/code/LearnCF.java
['learn.py', '1000', '39']
seed=34
seed=12
/mnt/beegfs/rcabanas/dev/credici
/mnt/beegfs/rcabanas/dev/credici
/mnt/beegfs/rcabanas/dev/credici/papers/causal_flavour
/mnt/beegfs/rcabanas/dev/credici/papers/causal_flavour/learntmodels
/mnt/beegfs/rcabanas/dev/credici/papers/causal_flavour/models
/mnt/beegfs/rcabanas/dev/credici/papers/causal_flavour
/mnt/beegfs/rcabanas/dev/credici/target/credici-0.1.5-dev-SNAPSHOT-jar-with-dependencies.jar
/mnt/beegfs/rcabanas/dev/credici/papers/causal_flavour/code/LearnCF.java
/mnt/beegfs/rcabanas/dev/credici/papers/causal_flavour/learntmodels
['learn.py', '1000', '10']
/mnt/beegfs/rcabanas/dev/credici/papers/causal_flavour/models
/mnt/beegfs/rcabanas/dev/credici/target/credici-0.1.5-dev-SNAPSHOT-jar-with-dependencies.jar
/mnt/beegfs/rcabanas/dev/credici/papers/causal_flavour/code/LearnCF.java
['learn.py', '1000', '50']
seed=39
/mnt/beegfs/rcabanas/dev/credici
/mnt/beegfs/rcabanas/dev/credici/papers/causal_flavour
/mnt/beegfs/rcabanas/dev/credici/papers/causal_flavour/learntmodels
/mnt/beegfs/rcabanas/dev/credici/papers/causal_flavour/models
/mnt/beegfs/rcabanas/dev/credici/target/credici-0.1.5-dev-SNAPSHOT-jar-with-dependencies.jar
/mnt/beegfs/rcabanas/dev/credici/papers/causal_flavour/code/LearnCF.java
['learn.py', '1000', '47']
['learn.py', '1000', '0']
seed=10
/mnt/beegfs/rcabanas/dev/credici
/mnt/beegfs/rcabanas/dev/credici/papers/causal_flavour
/mnt/beegfs/rcabanas/dev/credici/papers/causal_flavour/learntmodels
/mnt/beegfs/rcabanas/dev/credici/papers/causal_flavour/models
/mnt/beegfs/rcabanas/dev/credici/target/credici-0.1.5-dev-SNAPSHOT-jar-with-dependencies.jar
/mnt/beegfs/rcabanas/dev/credici/papers/causal_flavour/code/LearnCF.java
seed=50
/mnt/beegfs/rcabanas/dev/credici
/mnt/beegfs/rcabanas/dev/credici/papers/causal_flavour
/mnt/beegfs/rcabanas/dev/credici/papers/causal_flavour/learntmodels
/mnt/beegfs/rcabanas/dev/credici/papers/causal_flavour/models
/mnt/beegfs/rcabanas/dev/credici/target/credici-0.1.5-dev-SNAPSHOT-jar-with-dependencies.jar
/mnt/beegfs/rcabanas/dev/credici/papers/causal_flavour/code/LearnCF.java
seed=0
/mnt/beegfs/rcabanas/dev/credici
seed=47
/mnt/beegfs/rcabanas/dev/credici/papers/causal_flavour
/mnt/beegfs/rcabanas/dev/credici
/mnt/beegfs/rcabanas/dev/credici/papers/causal_flavour/learntmodels
/mnt/beegfs/rcabanas/dev/credici/papers/causal_flavour
/mnt/beegfs/rcabanas/dev/credici/papers/causal_flavour/models
/mnt/beegfs/rcabanas/dev/credici/papers/causal_flavour/learntmodels
/mnt/beegfs/rcabanas/dev/credici/target/credici-0.1.5-dev-SNAPSHOT-jar-with-dependencies.jar
/mnt/beegfs/rcabanas/dev/credici/papers/causal_flavour/models
/mnt/beegfs/rcabanas/dev/credici/papers/causal_flavour/code/LearnCF.java
/mnt/beegfs/rcabanas/dev/credici/target/credici-0.1.5-dev-SNAPSHOT-jar-with-dependencies.jar
/mnt/beegfs/rcabanas/dev/credici/papers/causal_flavour/code/LearnCF.java
['learn.py', '1000', '18']
seed=18
/mnt/beegfs/rcabanas/dev/credici
/mnt/beegfs/rcabanas/dev/credici/papers/causal_flavour
/mnt/beegfs/rcabanas/dev/credici/papers/causal_flavour/learntmodels
/mnt/beegfs/rcabanas/dev/credici/papers/causal_flavour/models
/mnt/beegfs/rcabanas/dev/credici/target/credici-0.1.5-dev-SNAPSHOT-jar-with-dependencies.jar
/mnt/beegfs/rcabanas/dev/credici/papers/causal_flavour/code/LearnCF.java
['learn.py', '1000', '1']
seed=1
/mnt/beegfs/rcabanas/dev/credici
/mnt/beegfs/rcabanas/dev/credici/papers/causal_flavour
/mnt/beegfs/rcabanas/dev/credici/papers/causal_flavour/learntmodels
/mnt/beegfs/rcabanas/dev/credici/papers/causal_flavour/models
/mnt/beegfs/rcabanas/dev/credici/target/credici-0.1.5-dev-SNAPSHOT-jar-with-dependencies.jar
/mnt/beegfs/rcabanas/dev/credici/papers/causal_flavour/code/LearnCF.java
['learn.py', '1000', '8']
['learn.py', '1000', '35']
['learn.py', '1000', '4']
['learn.py', '1000', '49']
seed=35
seed=8
/mnt/beegfs/rcabanas/dev/credici
/mnt/beegfs/rcabanas/dev/credici
/mnt/beegfs/rcabanas/dev/credici/papers/causal_flavour
/mnt/beegfs/rcabanas/dev/credici/papers/causal_flavour
/mnt/beegfs/rcabanas/dev/credici/papers/causal_flavour/learntmodels
/mnt/beegfs/rcabanas/dev/credici/papers/causal_flavour/learntmodels
seed=4
seed=49
/mnt/beegfs/rcabanas/dev/credici/papers/causal_flavour/models
/mnt/beegfs/rcabanas/dev/credici/papers/causal_flavour/models
/mnt/beegfs/rcabanas/dev/credici
/mnt/beegfs/rcabanas/dev/credici
/mnt/beegfs/rcabanas/dev/credici/papers/causal_flavour
/mnt/beegfs/rcabanas/dev/credici/target/credici-0.1.5-dev-SNAPSHOT-jar-with-dependencies.jar
/mnt/beegfs/rcabanas/dev/credici/target/credici-0.1.5-dev-SNAPSHOT-jar-with-dependencies.jar
/mnt/beegfs/rcabanas/dev/credici/papers/causal_flavour
/mnt/beegfs/rcabanas/dev/credici/papers/causal_flavour/learntmodels
/mnt/beegfs/rcabanas/dev/credici/papers/causal_flavour/code/LearnCF.java
/mnt/beegfs/rcabanas/dev/credici/papers/causal_flavour/code/LearnCF.java
/mnt/beegfs/rcabanas/dev/credici/papers/causal_flavour/learntmodels
/mnt/beegfs/rcabanas/dev/credici/papers/causal_flavour/models
/mnt/beegfs/rcabanas/dev/credici/papers/causal_flavour/models
/mnt/beegfs/rcabanas/dev/credici/target/credici-0.1.5-dev-SNAPSHOT-jar-with-dependencies.jar
/mnt/beegfs/rcabanas/dev/credici/papers/causal_flavour/code/LearnCF.java
/mnt/beegfs/rcabanas/dev/credici/target/credici-0.1.5-dev-SNAPSHOT-jar-with-dependencies.jar
/mnt/beegfs/rcabanas/dev/credici/papers/causal_flavour/code/LearnCF.java
['learn.py', '1000', '40']
seed=40
/mnt/beegfs/rcabanas/dev/credici
/mnt/beegfs/rcabanas/dev/credici/papers/causal_flavour
/mnt/beegfs/rcabanas/dev/credici/papers/causal_flavour/learntmodels
/mnt/beegfs/rcabanas/dev/credici/papers/causal_flavour/models
/mnt/beegfs/rcabanas/dev/credici/target/credici-0.1.5-dev-SNAPSHOT-jar-with-dependencies.jar
/mnt/beegfs/rcabanas/dev/credici/papers/causal_flavour/code/LearnCF.java
['learn.py', '1000', '36']
['learn.py', '1000', '45']
['learn.py', '1000', '24']
seed=36
/mnt/beegfs/rcabanas/dev/credici
/mnt/beegfs/rcabanas/dev/credici/papers/causal_flavour
/mnt/beegfs/rcabanas/dev/credici/papers/causal_flavour/learntmodels
seed=45
/mnt/beegfs/rcabanas/dev/credici/papers/causal_flavour/models
/mnt/beegfs/rcabanas/dev/credici
/mnt/beegfs/rcabanas/dev/credici/target/credici-0.1.5-dev-SNAPSHOT-jar-with-dependencies.jar
/mnt/beegfs/rcabanas/dev/credici/papers/causal_flavour
/mnt/beegfs/rcabanas/dev/credici/papers/causal_flavour/code/LearnCF.java
/mnt/beegfs/rcabanas/dev/credici/papers/causal_flavour/learntmodels
/mnt/beegfs/rcabanas/dev/credici/papers/causal_flavour/models
seed=24
/mnt/beegfs/rcabanas/dev/credici
/mnt/beegfs/rcabanas/dev/credici/papers/causal_flavour
/mnt/beegfs/rcabanas/dev/credici/target/credici-0.1.5-dev-SNAPSHOT-jar-with-dependencies.jar
/mnt/beegfs/rcabanas/dev/credici/papers/causal_flavour/learntmodels
/mnt/beegfs/rcabanas/dev/credici/papers/causal_flavour/code/LearnCF.java
/mnt/beegfs/rcabanas/dev/credici/papers/causal_flavour/models
/mnt/beegfs/rcabanas/dev/credici/target/credici-0.1.5-dev-SNAPSHOT-jar-with-dependencies.jar
/mnt/beegfs/rcabanas/dev/credici/papers/causal_flavour/code/LearnCF.java
['learn.py', '1000', '37']
['learn.py', '1000', '13']
seed=37
/mnt/beegfs/rcabanas/dev/credici
/mnt/beegfs/rcabanas/dev/credici/papers/causal_flavour
/mnt/beegfs/rcabanas/dev/credici/papers/causal_flavour/learntmodels
/mnt/beegfs/rcabanas/dev/credici/papers/causal_flavour/models
/mnt/beegfs/rcabanas/dev/credici/target/credici-0.1.5-dev-SNAPSHOT-jar-with-dependencies.jar
/mnt/beegfs/rcabanas/dev/credici/papers/causal_flavour/code/LearnCF.java
seed=13
/mnt/beegfs/rcabanas/dev/credici
/mnt/beegfs/rcabanas/dev/credici/papers/causal_flavour
/mnt/beegfs/rcabanas/dev/credici/papers/causal_flavour/learntmodels
/mnt/beegfs/rcabanas/dev/credici/papers/causal_flavour/models
/mnt/beegfs/rcabanas/dev/credici/target/credici-0.1.5-dev-SNAPSHOT-jar-with-dependencies.jar
/mnt/beegfs/rcabanas/dev/credici/papers/causal_flavour/code/LearnCF.java
['learn.py', '1000', '15']
['learn.py', '1000', '30']
['learn.py', '1000', '19']
['learn.py', '1000', '9']
seed=15
/mnt/beegfs/rcabanas/dev/credici
/mnt/beegfs/rcabanas/dev/credici/papers/causal_flavour
/mnt/beegfs/rcabanas/dev/credici/papers/causal_flavour/learntmodels
/mnt/beegfs/rcabanas/dev/credici/papers/causal_flavour/models
/mnt/beegfs/rcabanas/dev/credici/target/credici-0.1.5-dev-SNAPSHOT-jar-with-dependencies.jar
/mnt/beegfs/rcabanas/dev/credici/papers/causal_flavour/code/LearnCF.java
seed=30
/mnt/beegfs/rcabanas/dev/credici
seed=9
/mnt/beegfs/rcabanas/dev/credici
/mnt/beegfs/rcabanas/dev/credici/papers/causal_flavour
/mnt/beegfs/rcabanas/dev/credici/papers/causal_flavour/learntmodels
seed=19
/mnt/beegfs/rcabanas/dev/credici/papers/causal_flavour
/mnt/beegfs/rcabanas/dev/credici/papers/causal_flavour/models
/mnt/beegfs/rcabanas/dev/credici
/mnt/beegfs/rcabanas/dev/credici/papers/causal_flavour/learntmodels
/mnt/beegfs/rcabanas/dev/credici/target/credici-0.1.5-dev-SNAPSHOT-jar-with-dependencies.jar
/mnt/beegfs/rcabanas/dev/credici/papers/causal_flavour
/mnt/beegfs/rcabanas/dev/credici/papers/causal_flavour/models
/mnt/beegfs/rcabanas/dev/credici/papers/causal_flavour/code/LearnCF.java
/mnt/beegfs/rcabanas/dev/credici/papers/causal_flavour/learntmodels
/mnt/beegfs/rcabanas/dev/credici/papers/causal_flavour/models
/mnt/beegfs/rcabanas/dev/credici/target/credici-0.1.5-dev-SNAPSHOT-jar-with-dependencies.jar
['learn.py', '1000', '7']
/mnt/beegfs/rcabanas/dev/credici/target/credici-0.1.5-dev-SNAPSHOT-jar-with-dependencies.jar
/mnt/beegfs/rcabanas/dev/credici/papers/causal_flavour/code/LearnCF.java
/mnt/beegfs/rcabanas/dev/credici/papers/causal_flavour/code/LearnCF.java
['learn.py', '1000', '28']
seed=7
/mnt/beegfs/rcabanas/dev/credici
/mnt/beegfs/rcabanas/dev/credici/papers/causal_flavour
/mnt/beegfs/rcabanas/dev/credici/papers/causal_flavour/learntmodels
/mnt/beegfs/rcabanas/dev/credici/papers/causal_flavour/models
/mnt/beegfs/rcabanas/dev/credici/target/credici-0.1.5-dev-SNAPSHOT-jar-with-dependencies.jar
/mnt/beegfs/rcabanas/dev/credici/papers/causal_flavour/code/LearnCF.java
seed=28
/mnt/beegfs/rcabanas/dev/credici
/mnt/beegfs/rcabanas/dev/credici/papers/causal_flavour
/mnt/beegfs/rcabanas/dev/credici/papers/causal_flavour/learntmodels
/mnt/beegfs/rcabanas/dev/credici/papers/causal_flavour/models
/mnt/beegfs/rcabanas/dev/credici/target/credici-0.1.5-dev-SNAPSHOT-jar-with-dependencies.jar
/mnt/beegfs/rcabanas/dev/credici/papers/causal_flavour/code/LearnCF.java
['learn.py', '1000', '44']
['learn.py', '1000', '42']
['learn.py', '1000', '32']
seed=44
/mnt/beegfs/rcabanas/dev/credici
/mnt/beegfs/rcabanas/dev/credici/papers/causal_flavour
/mnt/beegfs/rcabanas/dev/credici/papers/causal_flavour/learntmodels
/mnt/beegfs/rcabanas/dev/credici/papers/causal_flavour/models
/mnt/beegfs/rcabanas/dev/credici/target/credici-0.1.5-dev-SNAPSHOT-jar-with-dependencies.jar
/mnt/beegfs/rcabanas/dev/credici/papers/causal_flavour/code/LearnCF.java
['learn.py', '1000', '3']
seed=42
/mnt/beegfs/rcabanas/dev/credici
/mnt/beegfs/rcabanas/dev/credici/papers/causal_flavour
/mnt/beegfs/rcabanas/dev/credici/papers/causal_flavour/learntmodels
/mnt/beegfs/rcabanas/dev/credici/papers/causal_flavour/models
/mnt/beegfs/rcabanas/dev/credici/target/credici-0.1.5-dev-SNAPSHOT-jar-with-dependencies.jar
['learn.py', '1000', '20']
/mnt/beegfs/rcabanas/dev/credici/papers/causal_flavour/code/LearnCF.java
seed=32
/mnt/beegfs/rcabanas/dev/credici
/mnt/beegfs/rcabanas/dev/credici/papers/causal_flavour
/mnt/beegfs/rcabanas/dev/credici/papers/causal_flavour/learntmodels
/mnt/beegfs/rcabanas/dev/credici/papers/causal_flavour/models
/mnt/beegfs/rcabanas/dev/credici/target/credici-0.1.5-dev-SNAPSHOT-jar-with-dependencies.jar
/mnt/beegfs/rcabanas/dev/credici/papers/causal_flavour/code/LearnCF.java
seed=3
/mnt/beegfs/rcabanas/dev/credici
/mnt/beegfs/rcabanas/dev/credici/papers/causal_flavour
/mnt/beegfs/rcabanas/dev/credici/papers/causal_flavour/learntmodels
/mnt/beegfs/rcabanas/dev/credici/papers/causal_flavour/models
/mnt/beegfs/rcabanas/dev/credici/target/credici-0.1.5-dev-SNAPSHOT-jar-with-dependencies.jar
/mnt/beegfs/rcabanas/dev/credici/papers/causal_flavour/code/LearnCF.java
['learn.py', '1000', '21']
['learn.py', '1000', '33']
['learn.py', '1000', '43']
['learn.py', '1000', '41']
['learn.py', '1000', '17']
seed=20
/mnt/beegfs/rcabanas/dev/credici
/mnt/beegfs/rcabanas/dev/credici/papers/causal_flavour
['learn.py', '1000', '38']
/mnt/beegfs/rcabanas/dev/credici/papers/causal_flavour/learntmodels
/mnt/beegfs/rcabanas/dev/credici/papers/causal_flavour/models
/mnt/beegfs/rcabanas/dev/credici/target/credici-0.1.5-dev-SNAPSHOT-jar-with-dependencies.jar
/mnt/beegfs/rcabanas/dev/credici/papers/causal_flavour/code/LearnCF.java
['learn.py', '1000', '48']
['learn.py', '1000', '2']
['learn.py', '1000', '16']
['learn.py', '1000', '29']
['learn.py', '1000', '23']
['learn.py', '1000', '26']
seed=21
/mnt/beegfs/rcabanas/dev/credici
/mnt/beegfs/rcabanas/dev/credici/papers/causal_flavour
/mnt/beegfs/rcabanas/dev/credici/papers/causal_flavour/learntmodels
/mnt/beegfs/rcabanas/dev/credici/papers/causal_flavour/models
/mnt/beegfs/rcabanas/dev/credici/target/credici-0.1.5-dev-SNAPSHOT-jar-with-dependencies.jar
seed=33
/mnt/beegfs/rcabanas/dev/credici/papers/causal_flavour/code/LearnCF.java
seed=41
/mnt/beegfs/rcabanas/dev/credici
/mnt/beegfs/rcabanas/dev/credici/papers/causal_flavour
/mnt/beegfs/rcabanas/dev/credici/papers/causal_flavour/learntmodels
/mnt/beegfs/rcabanas/dev/credici/papers/causal_flavour/models
/mnt/beegfs/rcabanas/dev/credici/target/credici-0.1.5-dev-SNAPSHOT-jar-with-dependencies.jar
/mnt/beegfs/rcabanas/dev/credici/papers/causal_flavour/code/LearnCF.java
seed=43
/mnt/beegfs/rcabanas/dev/credici
seed=17
/mnt/beegfs/rcabanas/dev/credici
seed=38
/mnt/beegfs/rcabanas/dev/credici
/mnt/beegfs/rcabanas/dev/credici/papers/causal_flavour
/mnt/beegfs/rcabanas/dev/credici/papers/causal_flavour/learntmodels
/mnt/beegfs/rcabanas/dev/credici/papers/causal_flavour/models
/mnt/beegfs/rcabanas/dev/credici/target/credici-0.1.5-dev-SNAPSHOT-jar-with-dependencies.jar
/mnt/beegfs/rcabanas/dev/credici/papers/causal_flavour/code/LearnCF.java
/mnt/beegfs/rcabanas/dev/credici/papers/causal_flavour
/mnt/beegfs/rcabanas/dev/credici/papers/causal_flavour/learntmodels
/mnt/beegfs/rcabanas/dev/credici/papers/causal_flavour/models
/mnt/beegfs/rcabanas/dev/credici/target/credici-0.1.5-dev-SNAPSHOT-jar-with-dependencies.jar
/mnt/beegfs/rcabanas/dev/credici/papers/causal_flavour/code/LearnCF.java
/mnt/beegfs/rcabanas/dev/credici/papers/causal_flavour
/mnt/beegfs/rcabanas/dev/credici/papers/causal_flavour/learntmodels
/mnt/beegfs/rcabanas/dev/credici/papers/causal_flavour/models
/mnt/beegfs/rcabanas/dev/credici/target/credici-0.1.5-dev-SNAPSHOT-jar-with-dependencies.jar
/mnt/beegfs/rcabanas/dev/credici/papers/causal_flavour/code/LearnCF.java
/mnt/beegfs/rcabanas/dev/credici
seed=48
/mnt/beegfs/rcabanas/dev/credici
/mnt/beegfs/rcabanas/dev/credici/papers/causal_flavour
/mnt/beegfs/rcabanas/dev/credici/papers/causal_flavour/learntmodels
/mnt/beegfs/rcabanas/dev/credici/papers/causal_flavour/models
/mnt/beegfs/rcabanas/dev/credici/target/credici-0.1.5-dev-SNAPSHOT-jar-with-dependencies.jar
/mnt/beegfs/rcabanas/dev/credici/papers/causal_flavour/code/LearnCF.java
seed=29
/mnt/beegfs/rcabanas/dev/credici
/mnt/beegfs/rcabanas/dev/credici/papers/causal_flavour
/mnt/beegfs/rcabanas/dev/credici/papers/causal_flavour/learntmodels
/mnt/beegfs/rcabanas/dev/credici/papers/causal_flavour/models
/mnt/beegfs/rcabanas/dev/credici/target/credici-0.1.5-dev-SNAPSHOT-jar-with-dependencies.jar
seed=2
seed=16
/mnt/beegfs/rcabanas/dev/credici/papers/causal_flavour
/mnt/beegfs/rcabanas/dev/credici/papers/causal_flavour/learntmodels
/mnt/beegfs/rcabanas/dev/credici/papers/causal_flavour/models
/mnt/beegfs/rcabanas/dev/credici/target/credici-0.1.5-dev-SNAPSHOT-jar-with-dependencies.jar
/mnt/beegfs/rcabanas/dev/credici/papers/causal_flavour/code/LearnCF.java
/mnt/beegfs/rcabanas/dev/credici/papers/causal_flavour/code/LearnCF.java
/mnt/beegfs/rcabanas/dev/credici
/mnt/beegfs/rcabanas/dev/credici/papers/causal_flavour
/mnt/beegfs/rcabanas/dev/credici/papers/causal_flavour/learntmodels
/mnt/beegfs/rcabanas/dev/credici
seed=23
/mnt/beegfs/rcabanas/dev/credici/papers/causal_flavour/models
/mnt/beegfs/rcabanas/dev/credici/papers/causal_flavour
/mnt/beegfs/rcabanas/dev/credici/papers/causal_flavour/learntmodels
/mnt/beegfs/rcabanas/dev/credici/papers/causal_flavour/models
/mnt/beegfs/rcabanas/dev/credici/target/credici-0.1.5-dev-SNAPSHOT-jar-with-dependencies.jar
/mnt/beegfs/rcabanas/dev/credici/papers/causal_flavour/code/LearnCF.java
seed=26
/mnt/beegfs/rcabanas/dev/credici
/mnt/beegfs/rcabanas/dev/credici/papers/causal_flavour
/mnt/beegfs/rcabanas/dev/credici/papers/causal_flavour/learntmodels
/mnt/beegfs/rcabanas/dev/credici/target/credici-0.1.5-dev-SNAPSHOT-jar-with-dependencies.jar
/mnt/beegfs/rcabanas/dev/credici
/mnt/beegfs/rcabanas/dev/credici/papers/causal_flavour
/mnt/beegfs/rcabanas/dev/credici/papers/causal_flavour/learntmodels
/mnt/beegfs/rcabanas/dev/credici/papers/causal_flavour/models
/mnt/beegfs/rcabanas/dev/credici/target/credici-0.1.5-dev-SNAPSHOT-jar-with-dependencies.jar
/mnt/beegfs/rcabanas/dev/credici/papers/causal_flavour/code/LearnCF.java
/mnt/beegfs/rcabanas/dev/credici/papers/causal_flavour/models
/mnt/beegfs/rcabanas/dev/credici/target/credici-0.1.5-dev-SNAPSHOT-jar-with-dependencies.jar
/mnt/beegfs/rcabanas/dev/credici/papers/causal_flavour/code/LearnCF.java
/mnt/beegfs/rcabanas/dev/credici/papers/causal_flavour/code/LearnCF.java
[2024-05-17T09:47:55.243091][INFO][seed27] Set up logging
[2024-05-17T09:47:55.257563][INFO][seed27] args: -m;1000;-o;/mnt/beegfs/rcabanas/dev/credici/papers/causal_flavour/learntmodels/miter1000;--data;/mnt/beegfs/rcabanas/dev/credici/papers/causal_flavour/data/simple_learner_4Q10k_data.csv;-rw;-s;27;/mnt/beegfs/rcabanas/dev/credici/papers/causal_flavour/models/simple_learner_4Q10k.uai
[2024-05-17T09:47:55.268791][INFO][seed27] Starting logger with seed 27
['learn.py', '1000', '31']
seed=31
/mnt/beegfs/rcabanas/dev/credici
/mnt/beegfs/rcabanas/dev/credici/papers/causal_flavour
/mnt/beegfs/rcabanas/dev/credici/papers/causal_flavour/learntmodels
/mnt/beegfs/rcabanas/dev/credici/papers/causal_flavour/models
/mnt/beegfs/rcabanas/dev/credici/target/credici-0.1.5-dev-SNAPSHOT-jar-with-dependencies.jar
/mnt/beegfs/rcabanas/dev/credici/papers/causal_flavour/code/LearnCF.java
[2024-05-17T09:47:55.481317][INFO][seed27] Loaded model and info: /mnt/beegfs/rcabanas/dev/credici/papers/causal_flavour/models/simple_learner_4Q10k.uai
[2024-05-17T09:47:55.640274][INFO][seed5] Set up logging
[2024-05-17T09:47:55.655107][INFO][seed5] args: -m;1000;-o;/mnt/beegfs/rcabanas/dev/credici/papers/causal_flavour/learntmodels/miter1000;--data;/mnt/beegfs/rcabanas/dev/credici/papers/causal_flavour/data/simple_learner_4Q10k_data.csv;-rw;-s;5;/mnt/beegfs/rcabanas/dev/credici/papers/causal_flavour/models/simple_learner_4Q10k.uai
[2024-05-17T09:47:55.670401][INFO][seed5] Starting logger with seed 5
[2024-05-17T09:47:55.720441][INFO][seed11] Set up logging
[2024-05-17T09:47:55.741585][INFO][seed11] args: -m;1000;-o;/mnt/beegfs/rcabanas/dev/credici/papers/causal_flavour/learntmodels/miter1000;--data;/mnt/beegfs/rcabanas/dev/credici/papers/causal_flavour/data/simple_learner_4Q10k_data.csv;-rw;-s;11;/mnt/beegfs/rcabanas/dev/credici/papers/causal_flavour/models/simple_learner_4Q10k.uai
[2024-05-17T09:47:55.720590][INFO][seed22] Set up logging
[2024-05-17T09:47:55.743707][INFO][seed11] Starting logger with seed 11
[2024-05-17T09:47:55.744429][INFO][seed22] args: -m;1000;-o;/mnt/beegfs/rcabanas/dev/credici/papers/causal_flavour/learntmodels/miter1000;--data;/mnt/beegfs/rcabanas/dev/credici/papers/causal_flavour/data/simple_learner_4Q10k_data.csv;-rw;-s;22;/mnt/beegfs/rcabanas/dev/credici/papers/causal_flavour/models/simple_learner_4Q10k.uai
[2024-05-17T09:47:55.757415][INFO][seed22] Starting logger with seed 22
[2024-05-17T09:47:55.766989][INFO][seed27] Loaded 10000 data instances
[2024-05-17T09:47:55.767685][INFO][seed27] Starting learning up to 1000 iterations
[2024-05-17T09:47:55.793819][INFO][seed25] Set up logging
[2024-05-17T09:47:55.824777][INFO][seed25] args: -m;1000;-o;/mnt/beegfs/rcabanas/dev/credici/papers/causal_flavour/learntmodels/miter1000;--data;/mnt/beegfs/rcabanas/dev/credici/papers/causal_flavour/data/simple_learner_4Q10k_data.csv;-rw;-s;25;/mnt/beegfs/rcabanas/dev/credici/papers/causal_flavour/models/simple_learner_4Q10k.uai
[2024-05-17T09:47:55.826403][INFO][seed25] Starting logger with seed 25
[2024-05-17T09:47:55.805747][INFO][seed46] Set up logging
[2024-05-17T09:47:55.830419][INFO][seed46] args: -m;1000;-o;/mnt/beegfs/rcabanas/dev/credici/papers/causal_flavour/learntmodels/miter1000;--data;/mnt/beegfs/rcabanas/dev/credici/papers/causal_flavour/data/simple_learner_4Q10k_data.csv;-rw;-s;46;/mnt/beegfs/rcabanas/dev/credici/papers/causal_flavour/models/simple_learner_4Q10k.uai
[2024-05-17T09:47:55.840011][INFO][seed46] Starting logger with seed 46
[2024-05-17T09:47:55.847403][INFO][seed39] Set up logging
[2024-05-17T09:47:55.872890][INFO][seed39] args: -m;1000;-o;/mnt/beegfs/rcabanas/dev/credici/papers/causal_flavour/learntmodels/miter1000;--data;/mnt/beegfs/rcabanas/dev/credici/papers/causal_flavour/data/simple_learner_4Q10k_data.csv;-rw;-s;39;/mnt/beegfs/rcabanas/dev/credici/papers/causal_flavour/models/simple_learner_4Q10k.uai
[2024-05-17T09:47:55.874766][INFO][seed39] Starting logger with seed 39
[2024-05-17T09:47:55.883289][INFO][seed5] Loaded model and info: /mnt/beegfs/rcabanas/dev/credici/papers/causal_flavour/models/simple_learner_4Q10k.uai
[2024-05-17T09:47:55.853455][INFO][seed14] Set up logging
[2024-05-17T09:47:55.885295][INFO][seed14] args: -m;1000;-o;/mnt/beegfs/rcabanas/dev/credici/papers/causal_flavour/learntmodels/miter1000;--data;/mnt/beegfs/rcabanas/dev/credici/papers/causal_flavour/data/simple_learner_4Q10k_data.csv;-rw;-s;14;/mnt/beegfs/rcabanas/dev/credici/papers/causal_flavour/models/simple_learner_4Q10k.uai
[2024-05-17T09:47:55.887503][INFO][seed14] Starting logger with seed 14
[2024-05-17T09:47:55.864209][INFO][seed34] Set up logging
[2024-05-17T09:47:55.889655][INFO][seed34] args: -m;1000;-o;/mnt/beegfs/rcabanas/dev/credici/papers/causal_flavour/learntmodels/miter1000;--data;/mnt/beegfs/rcabanas/dev/credici/papers/causal_flavour/data/simple_learner_4Q10k_data.csv;-rw;-s;34;/mnt/beegfs/rcabanas/dev/credici/papers/causal_flavour/models/simple_learner_4Q10k.uai
[2024-05-17T09:47:55.898664][INFO][seed34] Starting logger with seed 34
[2024-05-17T09:47:55.920413][INFO][seed11] Loaded model and info: /mnt/beegfs/rcabanas/dev/credici/papers/causal_flavour/models/simple_learner_4Q10k.uai
[2024-05-17T09:47:55.950121][INFO][seed0] Set up logging
[2024-05-17T09:47:55.969606][INFO][seed0] args: -m;1000;-o;/mnt/beegfs/rcabanas/dev/credici/papers/causal_flavour/learntmodels/miter1000;--data;/mnt/beegfs/rcabanas/dev/credici/papers/causal_flavour/data/simple_learner_4Q10k_data.csv;-rw;-s;0;/mnt/beegfs/rcabanas/dev/credici/papers/causal_flavour/models/simple_learner_4Q10k.uai
[2024-05-17T09:47:55.944979][INFO][seed10] Set up logging
[2024-05-17T09:47:55.976157][INFO][seed10] args: -m;1000;-o;/mnt/beegfs/rcabanas/dev/credici/papers/causal_flavour/learntmodels/miter1000;--data;/mnt/beegfs/rcabanas/dev/credici/papers/causal_flavour/data/simple_learner_4Q10k_data.csv;-rw;-s;10;/mnt/beegfs/rcabanas/dev/credici/papers/causal_flavour/models/simple_learner_4Q10k.uai
[2024-05-17T09:47:55.978603][INFO][seed0] Starting logger with seed 0
[2024-05-17T09:47:55.981229][INFO][seed10] Starting logger with seed 10
[2024-05-17T09:47:55.971786][INFO][seed50] Set up logging
[2024-05-17T09:47:55.991962][INFO][seed50] args: -m;1000;-o;/mnt/beegfs/rcabanas/dev/credici/papers/causal_flavour/learntmodels/miter1000;--data;/mnt/beegfs/rcabanas/dev/credici/papers/causal_flavour/data/simple_learner_4Q10k_data.csv;-rw;-s;50;/mnt/beegfs/rcabanas/dev/credici/papers/causal_flavour/models/simple_learner_4Q10k.uai
[2024-05-17T09:47:55.964860][INFO][seed47] Set up logging
[2024-05-17T09:47:55.993677][INFO][seed47] args: -m;1000;-o;/mnt/beegfs/rcabanas/dev/credici/papers/causal_flavour/learntmodels/miter1000;--data;/mnt/beegfs/rcabanas/dev/credici/papers/causal_flavour/data/simple_learner_4Q10k_data.csv;-rw;-s;47;/mnt/beegfs/rcabanas/dev/credici/papers/causal_flavour/models/simple_learner_4Q10k.uai
[2024-05-17T09:47:55.999993][INFO][seed50] Starting logger with seed 50
[2024-05-17T09:47:55.997279][INFO][seed47] Starting logger with seed 47
[2024-05-17T09:47:56.001658][INFO][seed22] Loaded model and info: /mnt/beegfs/rcabanas/dev/credici/papers/causal_flavour/models/simple_learner_4Q10k.uai
[2024-05-17T09:47:56.093355][INFO][seed25] Loaded model and info: /mnt/beegfs/rcabanas/dev/credici/papers/causal_flavour/models/simple_learner_4Q10k.uai
[2024-05-17T09:47:56.102432][INFO][seed18] Set up logging
[2024-05-17T09:47:56.117526][INFO][seed18] args: -m;1000;-o;/mnt/beegfs/rcabanas/dev/credici/papers/causal_flavour/learntmodels/miter1000;--data;/mnt/beegfs/rcabanas/dev/credici/papers/causal_flavour/data/simple_learner_4Q10k_data.csv;-rw;-s;18;/mnt/beegfs/rcabanas/dev/credici/papers/causal_flavour/models/simple_learner_4Q10k.uai
[2024-05-17T09:47:56.134344][INFO][seed18] Starting logger with seed 18
[2024-05-17T09:47:56.202861][INFO][seed46] Loaded model and info: /mnt/beegfs/rcabanas/dev/credici/papers/causal_flavour/models/simple_learner_4Q10k.uai
[2024-05-17T09:47:56.228129][INFO][seed39] Loaded model and info: /mnt/beegfs/rcabanas/dev/credici/papers/causal_flavour/models/simple_learner_4Q10k.uai
[2024-05-17T09:47:56.238743][INFO][seed14] Loaded model and info: /mnt/beegfs/rcabanas/dev/credici/papers/causal_flavour/models/simple_learner_4Q10k.uai
[2024-05-17T09:47:56.241569][INFO][seed5] Loaded 10000 data instances
[2024-05-17T09:47:56.248473][INFO][seed5] Starting learning up to 1000 iterations
[2024-05-17T09:47:56.253470][INFO][seed34] Loaded model and info: /mnt/beegfs/rcabanas/dev/credici/papers/causal_flavour/models/simple_learner_4Q10k.uai
[2024-05-17T09:47:56.247049][INFO][seed8] Set up logging
[2024-05-17T09:47:56.259478][INFO][seed8] args: -m;1000;-o;/mnt/beegfs/rcabanas/dev/credici/papers/causal_flavour/learntmodels/miter1000;--data;/mnt/beegfs/rcabanas/dev/credici/papers/causal_flavour/data/simple_learner_4Q10k_data.csv;-rw;-s;8;/mnt/beegfs/rcabanas/dev/credici/papers/causal_flavour/models/simple_learner_4Q10k.uai
[2024-05-17T09:47:56.237670][INFO][seed12] Set up logging
[2024-05-17T09:47:56.266708][INFO][seed8] Starting logger with seed 8
[2024-05-17T09:47:56.267426][INFO][seed12] args: -m;1000;-o;/mnt/beegfs/rcabanas/dev/credici/papers/causal_flavour/learntmodels/miter1000;--data;/mnt/beegfs/rcabanas/dev/credici/papers/causal_flavour/data/simple_learner_4Q10k_data.csv;-rw;-s;12;/mnt/beegfs/rcabanas/dev/credici/papers/causal_flavour/models/simple_learner_4Q10k.uai
[2024-05-17T09:47:56.271367][INFO][seed12] Starting logger with seed 12
[2024-05-17T09:47:56.291077][INFO][seed11] Loaded 10000 data instances
[2024-05-17T09:47:56.291744][INFO][seed11] Starting learning up to 1000 iterations
[2024-05-17T09:47:56.282663][INFO][seed35] Set up logging
[2024-05-17T09:47:56.310136][INFO][seed35] args: -m;1000;-o;/mnt/beegfs/rcabanas/dev/credici/papers/causal_flavour/learntmodels/miter1000;--data;/mnt/beegfs/rcabanas/dev/credici/papers/causal_flavour/data/simple_learner_4Q10k_data.csv;-rw;-s;35;/mnt/beegfs/rcabanas/dev/credici/papers/causal_flavour/models/simple_learner_4Q10k.uai
[2024-05-17T09:47:56.290930][INFO][seed49] Set up logging
[2024-05-17T09:47:56.319675][INFO][seed49] args: -m;1000;-o;/mnt/beegfs/rcabanas/dev/credici/papers/causal_flavour/learntmodels/miter1000;--data;/mnt/beegfs/rcabanas/dev/credici/papers/causal_flavour/data/simple_learner_4Q10k_data.csv;-rw;-s;49;/mnt/beegfs/rcabanas/dev/credici/papers/causal_flavour/models/simple_learner_4Q10k.uai
[2024-05-17T09:47:56.319897][INFO][seed35] Starting logger with seed 35
[2024-05-17T09:47:56.323513][INFO][seed49] Starting logger with seed 49
[2024-05-17T09:47:56.325604][INFO][seed4] Set up logging
[2024-05-17T09:47:56.338231][INFO][seed4] args: -m;1000;-o;/mnt/beegfs/rcabanas/dev/credici/papers/causal_flavour/learntmodels/miter1000;--data;/mnt/beegfs/rcabanas/dev/credici/papers/causal_flavour/data/simple_learner_4Q10k_data.csv;-rw;-s;4;/mnt/beegfs/rcabanas/dev/credici/papers/causal_flavour/models/simple_learner_4Q10k.uai
[2024-05-17T09:47:56.353962][INFO][seed4] Starting logger with seed 4
[2024-05-17T09:47:56.328914][INFO][seed1] Set up logging
[2024-05-17T09:47:56.361453][INFO][seed1] args: -m;1000;-o;/mnt/beegfs/rcabanas/dev/credici/papers/causal_flavour/learntmodels/miter1000;--data;/mnt/beegfs/rcabanas/dev/credici/papers/causal_flavour/data/simple_learner_4Q10k_data.csv;-rw;-s;1;/mnt/beegfs/rcabanas/dev/credici/papers/causal_flavour/models/simple_learner_4Q10k.uai
[2024-05-17T09:47:56.365372][INFO][seed22] Loaded 10000 data instances
[2024-05-17T09:47:56.368380][INFO][seed1] Starting logger with seed 1
[2024-05-17T09:47:56.373105][INFO][seed22] Starting learning up to 1000 iterations
[2024-05-17T09:47:56.446126][INFO][seed0] Loaded model and info: /mnt/beegfs/rcabanas/dev/credici/papers/causal_flavour/models/simple_learner_4Q10k.uai
[2024-05-17T09:47:56.451324][INFO][seed25] Loaded 10000 data instances
[2024-05-17T09:47:56.457674][INFO][seed25] Starting learning up to 1000 iterations
[2024-05-17T09:47:56.488270][INFO][seed10] Loaded model and info: /mnt/beegfs/rcabanas/dev/credici/papers/causal_flavour/models/simple_learner_4Q10k.uai
[2024-05-17T09:47:56.528983][INFO][seed47] Loaded model and info: /mnt/beegfs/rcabanas/dev/credici/papers/causal_flavour/models/simple_learner_4Q10k.uai
[2024-05-17T09:47:56.529664][INFO][seed50] Loaded model and info: /mnt/beegfs/rcabanas/dev/credici/papers/causal_flavour/models/simple_learner_4Q10k.uai
[2024-05-17T09:47:56.597734][INFO][seed36] Set up logging
[2024-05-17T09:47:56.620908][INFO][seed36] args: -m;1000;-o;/mnt/beegfs/rcabanas/dev/credici/papers/causal_flavour/learntmodels/miter1000;--data;/mnt/beegfs/rcabanas/dev/credici/papers/causal_flavour/data/simple_learner_4Q10k_data.csv;-rw;-s;36;/mnt/beegfs/rcabanas/dev/credici/papers/causal_flavour/models/simple_learner_4Q10k.uai
[2024-05-17T09:47:56.627829][INFO][seed46] Loaded 10000 data instances
[2024-05-17T09:47:56.628530][INFO][seed46] Starting learning up to 1000 iterations
[2024-05-17T09:47:56.629097][INFO][seed36] Starting logger with seed 36
[2024-05-17T09:47:56.653306][INFO][seed39] Loaded 10000 data instances
[2024-05-17T09:47:56.653922][INFO][seed39] Starting learning up to 1000 iterations
[2024-05-17T09:47:56.637783][INFO][seed37] Set up logging
[2024-05-17T09:47:56.661327][INFO][seed37] args: -m;1000;-o;/mnt/beegfs/rcabanas/dev/credici/papers/causal_flavour/learntmodels/miter1000;--data;/mnt/beegfs/rcabanas/dev/credici/papers/causal_flavour/data/simple_learner_4Q10k_data.csv;-rw;-s;37;/mnt/beegfs/rcabanas/dev/credici/papers/causal_flavour/models/simple_learner_4Q10k.uai
[2024-05-17T09:47:56.664845][INFO][seed34] Loaded 10000 data instances
[2024-05-17T09:47:56.668035][INFO][seed37] Starting logger with seed 37
[2024-05-17T09:47:56.671324][INFO][seed34] Starting learning up to 1000 iterations
[2024-05-17T09:47:56.681612][INFO][seed14] Loaded 10000 data instances
[2024-05-17T09:47:56.648059][INFO][seed13] Set up logging
[2024-05-17T09:47:56.661457][INFO][seed32] Set up logging
[2024-05-17T09:47:56.682367][INFO][seed14] Starting learning up to 1000 iterations
[2024-05-17T09:47:56.682566][INFO][seed13] args: -m;1000;-o;/mnt/beegfs/rcabanas/dev/credici/papers/causal_flavour/learntmodels/miter1000;--data;/mnt/beegfs/rcabanas/dev/credici/papers/causal_flavour/data/simple_learner_4Q10k_data.csv;-rw;-s;13;/mnt/beegfs/rcabanas/dev/credici/papers/causal_flavour/models/simple_learner_4Q10k.uai
[2024-05-17T09:47:56.684606][INFO][seed32] args: -m;1000;-o;/mnt/beegfs/rcabanas/dev/credici/papers/causal_flavour/learntmodels/miter1000;--data;/mnt/beegfs/rcabanas/dev/credici/papers/causal_flavour/data/simple_learner_4Q10k_data.csv;-rw;-s;32;/mnt/beegfs/rcabanas/dev/credici/papers/causal_flavour/models/simple_learner_4Q10k.uai
[2024-05-17T09:47:56.662736][INFO][seed7] Set up logging
[2024-05-17T09:47:56.689672][INFO][seed7] args: -m;1000;-o;/mnt/beegfs/rcabanas/dev/credici/papers/causal_flavour/learntmodels/miter1000;--data;/mnt/beegfs/rcabanas/dev/credici/papers/causal_flavour/data/simple_learner_4Q10k_data.csv;-rw;-s;7;/mnt/beegfs/rcabanas/dev/credici/papers/causal_flavour/models/simple_learner_4Q10k.uai
[2024-05-17T09:47:56.662774][INFO][seed28] Set up logging
[2024-05-17T09:47:56.687859][INFO][seed13] Starting logger with seed 13
[2024-05-17T09:47:56.694635][INFO][seed32] Starting logger with seed 32
[2024-05-17T09:47:56.674915][INFO][seed9] Set up logging
[2024-05-17T09:47:56.701233][INFO][seed9] args: -m;1000;-o;/mnt/beegfs/rcabanas/dev/credici/papers/causal_flavour/learntmodels/miter1000;--data;/mnt/beegfs/rcabanas/dev/credici/papers/causal_flavour/data/simple_learner_4Q10k_data.csv;-rw;-s;9;/mnt/beegfs/rcabanas/dev/credici/papers/causal_flavour/models/simple_learner_4Q10k.uai
[2024-05-17T09:47:56.708015][INFO][seed9] Starting logger with seed 9
[2024-05-17T09:47:56.691141][INFO][seed28] args: -m;1000;-o;/mnt/beegfs/rcabanas/dev/credici/papers/causal_flavour/learntmodels/miter1000;--data;/mnt/beegfs/rcabanas/dev/credici/papers/causal_flavour/data/simple_learner_4Q10k_data.csv;-rw;-s;28;/mnt/beegfs/rcabanas/dev/credici/papers/causal_flavour/models/simple_learner_4Q10k.uai
[2024-05-17T09:47:56.706111][INFO][seed28] Starting logger with seed 28
[2024-05-17T09:47:56.707066][INFO][seed7] Starting logger with seed 7
[2024-05-17T09:47:56.710166][INFO][seed18] Loaded model and info: /mnt/beegfs/rcabanas/dev/credici/papers/causal_flavour/models/simple_learner_4Q10k.uai
[2024-05-17T09:47:56.690107][INFO][seed40] Set up logging
[2024-05-17T09:47:56.719281][INFO][seed40] args: -m;1000;-o;/mnt/beegfs/rcabanas/dev/credici/papers/causal_flavour/learntmodels/miter1000;--data;/mnt/beegfs/rcabanas/dev/credici/papers/causal_flavour/data/simple_learner_4Q10k_data.csv;-rw;-s;40;/mnt/beegfs/rcabanas/dev/credici/papers/causal_flavour/models/simple_learner_4Q10k.uai
[2024-05-17T09:47:56.695143][INFO][seed44] Set up logging
[2024-05-17T09:47:56.720484][INFO][seed44] args: -m;1000;-o;/mnt/beegfs/rcabanas/dev/credici/papers/causal_flavour/learntmodels/miter1000;--data;/mnt/beegfs/rcabanas/dev/credici/papers/causal_flavour/data/simple_learner_4Q10k_data.csv;-rw;-s;44;/mnt/beegfs/rcabanas/dev/credici/papers/causal_flavour/models/simple_learner_4Q10k.uai
[2024-05-17T09:47:56.728661][INFO][seed44] Starting logger with seed 44
[2024-05-17T09:47:56.701147][INFO][seed19] Set up logging
[2024-05-17T09:47:56.730538][INFO][seed40] Starting logger with seed 40
[2024-05-17T09:47:56.700325][INFO][seed30] Set up logging
[2024-05-17T09:47:56.731066][INFO][seed19] args: -m;1000;-o;/mnt/beegfs/rcabanas/dev/credici/papers/causal_flavour/learntmodels/miter1000;--data;/mnt/beegfs/rcabanas/dev/credici/papers/causal_flavour/data/simple_learner_4Q10k_data.csv;-rw;-s;19;/mnt/beegfs/rcabanas/dev/credici/papers/causal_flavour/models/simple_learner_4Q10k.uai
[2024-05-17T09:47:56.734338][INFO][seed30] args: -m;1000;-o;/mnt/beegfs/rcabanas/dev/credici/papers/causal_flavour/learntmodels/miter1000;--data;/mnt/beegfs/rcabanas/dev/credici/papers/causal_flavour/data/simple_learner_4Q10k_data.csv;-rw;-s;30;/mnt/beegfs/rcabanas/dev/credici/papers/causal_flavour/models/simple_learner_4Q10k.uai
[2024-05-17T09:47:56.734557][INFO][seed19] Starting logger with seed 19
[2024-05-17T09:47:56.738765][INFO][seed30] Starting logger with seed 30
[2024-05-17T09:47:56.731010][INFO][seed15] Set up logging
[2024-05-17T09:47:56.758394][INFO][seed15] args: -m;1000;-o;/mnt/beegfs/rcabanas/dev/credici/papers/causal_flavour/learntmodels/miter1000;--data;/mnt/beegfs/rcabanas/dev/credici/papers/causal_flavour/data/simple_learner_4Q10k_data.csv;-rw;-s;15;/mnt/beegfs/rcabanas/dev/credici/papers/causal_flavour/models/simple_learner_4Q10k.uai
[2024-05-17T09:47:56.771457][INFO][seed15] Starting logger with seed 15
[2024-05-17T09:47:56.743313][INFO][seed24] Set up logging
[2024-05-17T09:47:56.769861][INFO][seed24] args: -m;1000;-o;/mnt/beegfs/rcabanas/dev/credici/papers/causal_flavour/learntmodels/miter1000;--data;/mnt/beegfs/rcabanas/dev/credici/papers/causal_flavour/data/simple_learner_4Q10k_data.csv;-rw;-s;24;/mnt/beegfs/rcabanas/dev/credici/papers/causal_flavour/models/simple_learner_4Q10k.uai
[2024-05-17T09:47:56.779261][INFO][seed24] Starting logger with seed 24
[2024-05-17T09:47:56.759339][INFO][seed45] Set up logging
[2024-05-17T09:47:56.784351][INFO][seed45] args: -m;1000;-o;/mnt/beegfs/rcabanas/dev/credici/papers/causal_flavour/learntmodels/miter1000;--data;/mnt/beegfs/rcabanas/dev/credici/papers/causal_flavour/data/simple_learner_4Q10k_data.csv;-rw;-s;45;/mnt/beegfs/rcabanas/dev/credici/papers/causal_flavour/models/simple_learner_4Q10k.uai
[2024-05-17T09:47:56.787812][INFO][seed45] Starting logger with seed 45
[2024-05-17T09:47:56.772632][INFO][seed42] Set up logging
[2024-05-17T09:47:56.792197][INFO][seed42] args: -m;1000;-o;/mnt/beegfs/rcabanas/dev/credici/papers/causal_flavour/learntmodels/miter1000;--data;/mnt/beegfs/rcabanas/dev/credici/papers/causal_flavour/data/simple_learner_4Q10k_data.csv;-rw;-s;42;/mnt/beegfs/rcabanas/dev/credici/papers/causal_flavour/models/simple_learner_4Q10k.uai
[2024-05-17T09:47:56.798239][INFO][seed42] Starting logger with seed 42
[2024-05-17T09:47:56.874968][INFO][seed20] Set up logging
[2024-05-17T09:47:56.900888][INFO][seed20] args: -m;1000;-o;/mnt/beegfs/rcabanas/dev/credici/papers/causal_flavour/learntmodels/miter1000;--data;/mnt/beegfs/rcabanas/dev/credici/papers/causal_flavour/data/simple_learner_4Q10k_data.csv;-rw;-s;20;/mnt/beegfs/rcabanas/dev/credici/papers/causal_flavour/models/simple_learner_4Q10k.uai
[2024-05-17T09:47:56.879131][INFO][seed3] Set up logging
[2024-05-17T09:47:56.906474][INFO][seed20] Starting logger with seed 20
[2024-05-17T09:47:56.904010][INFO][seed3] args: -m;1000;-o;/mnt/beegfs/rcabanas/dev/credici/papers/causal_flavour/learntmodels/miter1000;--data;/mnt/beegfs/rcabanas/dev/credici/papers/causal_flavour/data/simple_learner_4Q10k_data.csv;-rw;-s;3;/mnt/beegfs/rcabanas/dev/credici/papers/causal_flavour/models/simple_learner_4Q10k.uai
[2024-05-17T09:47:56.908082][INFO][seed3] Starting logger with seed 3
[2024-05-17T09:47:56.910042][INFO][seed0] Loaded 10000 data instances
[2024-05-17T09:47:56.917698][INFO][seed0] Starting learning up to 1000 iterations
[2024-05-17T09:47:56.933557][INFO][seed12] Loaded model and info: /mnt/beegfs/rcabanas/dev/credici/papers/causal_flavour/models/simple_learner_4Q10k.uai
[2024-05-17T09:47:57.001088][INFO][seed8] Loaded model and info: /mnt/beegfs/rcabanas/dev/credici/papers/causal_flavour/models/simple_learner_4Q10k.uai
[2024-05-17T09:47:57.011230][INFO][seed10] Loaded 10000 data instances
[2024-05-17T09:47:57.016863][INFO][seed10] Starting learning up to 1000 iterations
[2024-05-17T09:47:57.033943][INFO][seed4] Loaded model and info: /mnt/beegfs/rcabanas/dev/credici/papers/causal_flavour/models/simple_learner_4Q10k.uai
[2024-05-17T09:47:57.039517][INFO][seed49] Loaded model and info: /mnt/beegfs/rcabanas/dev/credici/papers/causal_flavour/models/simple_learner_4Q10k.uai
[2024-05-17T09:47:57.063828][INFO][seed35] Loaded model and info: /mnt/beegfs/rcabanas/dev/credici/papers/causal_flavour/models/simple_learner_4Q10k.uai
[2024-05-17T09:47:57.084558][INFO][seed50] Loaded 10000 data instances
[2024-05-17T09:47:57.083657][INFO][seed47] Loaded 10000 data instances
[2024-05-17T09:47:57.090102][INFO][seed50] Starting learning up to 1000 iterations
[2024-05-17T09:47:57.094849][INFO][seed47] Starting learning up to 1000 iterations
[2024-05-17T09:47:57.199042][INFO][seed18] Loaded 10000 data instances
[2024-05-17T09:47:57.206050][INFO][seed18] Starting learning up to 1000 iterations
[2024-05-17T09:47:57.252813][INFO][seed43] Set up logging
[2024-05-17T09:47:57.277773][INFO][seed43] args: -m;1000;-o;/mnt/beegfs/rcabanas/dev/credici/papers/causal_flavour/learntmodels/miter1000;--data;/mnt/beegfs/rcabanas/dev/credici/papers/causal_flavour/data/simple_learner_4Q10k_data.csv;-rw;-s;43;/mnt/beegfs/rcabanas/dev/credici/papers/causal_flavour/models/simple_learner_4Q10k.uai
[2024-05-17T09:47:57.254551][INFO][seed33] Set up logging
[2024-05-17T09:47:57.279134][INFO][seed33] args: -m;1000;-o;/mnt/beegfs/rcabanas/dev/credici/papers/causal_flavour/learntmodels/miter1000;--data;/mnt/beegfs/rcabanas/dev/credici/papers/causal_flavour/data/simple_learner_4Q10k_data.csv;-rw;-s;33;/mnt/beegfs/rcabanas/dev/credici/papers/causal_flavour/models/simple_learner_4Q10k.uai
[2024-05-17T09:47:57.282777][INFO][seed43] Starting logger with seed 43
[2024-05-17T09:47:57.282656][INFO][seed33] Starting logger with seed 33
[2024-05-17T09:47:57.288915][INFO][seed1] Loaded model and info: /mnt/beegfs/rcabanas/dev/credici/papers/causal_flavour/models/simple_learner_4Q10k.uai
[2024-05-17T09:47:57.269922][INFO][seed17] Set up logging
[2024-05-17T09:47:57.296503][INFO][seed17] args: -m;1000;-o;/mnt/beegfs/rcabanas/dev/credici/papers/causal_flavour/learntmodels/miter1000;--data;/mnt/beegfs/rcabanas/dev/credici/papers/causal_flavour/data/simple_learner_4Q10k_data.csv;-rw;-s;17;/mnt/beegfs/rcabanas/dev/credici/papers/causal_flavour/models/simple_learner_4Q10k.uai
[2024-05-17T09:47:57.307644][INFO][seed17] Starting logger with seed 17
[2024-05-17T09:47:57.302333][INFO][seed2] Set up logging
[2024-05-17T09:47:57.326509][INFO][seed2] args: -m;1000;-o;/mnt/beegfs/rcabanas/dev/credici/papers/causal_flavour/learntmodels/miter1000;--data;/mnt/beegfs/rcabanas/dev/credici/papers/causal_flavour/data/simple_learner_4Q10k_data.csv;-rw;-s;2;/mnt/beegfs/rcabanas/dev/credici/papers/causal_flavour/models/simple_learner_4Q10k.uai
[2024-05-17T09:47:57.304310][INFO][seed48] Set up logging
[2024-05-17T09:47:57.331117][INFO][seed48] args: -m;1000;-o;/mnt/beegfs/rcabanas/dev/credici/papers/causal_flavour/learntmodels/miter1000;--data;/mnt/beegfs/rcabanas/dev/credici/papers/causal_flavour/data/simple_learner_4Q10k_data.csv;-rw;-s;48;/mnt/beegfs/rcabanas/dev/credici/papers/causal_flavour/models/simple_learner_4Q10k.uai
[2024-05-17T09:47:57.334567][INFO][seed2] Starting logger with seed 2
[2024-05-17T09:47:57.341506][INFO][seed48] Starting logger with seed 48
[2024-05-17T09:47:57.337670][INFO][seed41] Set up logging
[2024-05-17T09:47:57.368840][INFO][seed41] args: -m;1000;-o;/mnt/beegfs/rcabanas/dev/credici/papers/causal_flavour/learntmodels/miter1000;--data;/mnt/beegfs/rcabanas/dev/credici/papers/causal_flavour/data/simple_learner_4Q10k_data.csv;-rw;-s;41;/mnt/beegfs/rcabanas/dev/credici/papers/causal_flavour/models/simple_learner_4Q10k.uai
[2024-05-17T09:47:57.375473][INFO][seed41] Starting logger with seed 41
[2024-05-17T09:47:57.382274][INFO][seed16] Set up logging
[2024-05-17T09:47:57.406517][INFO][seed16] args: -m;1000;-o;/mnt/beegfs/rcabanas/dev/credici/papers/causal_flavour/learntmodels/miter1000;--data;/mnt/beegfs/rcabanas/dev/credici/papers/causal_flavour/data/simple_learner_4Q10k_data.csv;-rw;-s;16;/mnt/beegfs/rcabanas/dev/credici/papers/causal_flavour/models/simple_learner_4Q10k.uai
[2024-05-17T09:47:57.414086][INFO][seed16] Starting logger with seed 16
[2024-05-17T09:47:57.434782][INFO][seed32] Loaded model and info: /mnt/beegfs/rcabanas/dev/credici/papers/causal_flavour/models/simple_learner_4Q10k.uai
[2024-05-17T09:47:57.461360][INFO][seed36] Loaded model and info: /mnt/beegfs/rcabanas/dev/credici/papers/causal_flavour/models/simple_learner_4Q10k.uai
[2024-05-17T09:47:57.437469][INFO][seed38] Set up logging
[2024-05-17T09:47:57.463871][INFO][seed38] args: -m;1000;-o;/mnt/beegfs/rcabanas/dev/credici/papers/causal_flavour/learntmodels/miter1000;--data;/mnt/beegfs/rcabanas/dev/credici/papers/causal_flavour/data/simple_learner_4Q10k_data.csv;-rw;-s;38;/mnt/beegfs/rcabanas/dev/credici/papers/causal_flavour/models/simple_learner_4Q10k.uai
[2024-05-17T09:47:57.467449][INFO][seed38] Starting logger with seed 38
[2024-05-17T09:47:57.453791][INFO][seed29] Set up logging
[2024-05-17T09:47:57.477212][INFO][seed29] args: -m;1000;-o;/mnt/beegfs/rcabanas/dev/credici/papers/causal_flavour/learntmodels/miter1000;--data;/mnt/beegfs/rcabanas/dev/credici/papers/causal_flavour/data/simple_learner_4Q10k_data.csv;-rw;-s;29;/mnt/beegfs/rcabanas/dev/credici/papers/causal_flavour/models/simple_learner_4Q10k.uai
[2024-05-17T09:47:57.447239][INFO][seed21] Set up logging
[2024-05-17T09:47:57.441352][INFO][seed23] Set up logging
[2024-05-17T09:47:57.479631][INFO][seed21] args: -m;1000;-o;/mnt/beegfs/rcabanas/dev/credici/papers/causal_flavour/learntmodels/miter1000;--data;/mnt/beegfs/rcabanas/dev/credici/papers/causal_flavour/data/simple_learner_4Q10k_data.csv;-rw;-s;21;/mnt/beegfs/rcabanas/dev/credici/papers/causal_flavour/models/simple_learner_4Q10k.uai
[2024-05-17T09:47:57.481556][INFO][seed29] Starting logger with seed 29
[2024-05-17T09:47:57.480516][INFO][seed23] args: -m;1000;-o;/mnt/beegfs/rcabanas/dev/credici/papers/causal_flavour/learntmodels/miter1000;--data;/mnt/beegfs/rcabanas/dev/credici/papers/causal_flavour/data/simple_learner_4Q10k_data.csv;-rw;-s;23;/mnt/beegfs/rcabanas/dev/credici/papers/causal_flavour/models/simple_learner_4Q10k.uai
[2024-05-17T09:47:57.482974][INFO][seed21] Starting logger with seed 21
[2024-05-17T09:47:57.483945][INFO][seed7] Loaded model and info: /mnt/beegfs/rcabanas/dev/credici/papers/causal_flavour/models/simple_learner_4Q10k.uai
[2024-05-17T09:47:57.486148][INFO][seed28] Loaded model and info: /mnt/beegfs/rcabanas/dev/credici/papers/causal_flavour/models/simple_learner_4Q10k.uai
[2024-05-17T09:47:57.460520][INFO][seed26] Set up logging
[2024-05-17T09:47:57.489965][INFO][seed23] Starting logger with seed 23
[2024-05-17T09:47:57.494096][INFO][seed26] args: -m;1000;-o;/mnt/beegfs/rcabanas/dev/credici/papers/causal_flavour/learntmodels/miter1000;--data;/mnt/beegfs/rcabanas/dev/credici/papers/causal_flavour/data/simple_learner_4Q10k_data.csv;-rw;-s;26;/mnt/beegfs/rcabanas/dev/credici/papers/causal_flavour/models/simple_learner_4Q10k.uai
[2024-05-17T09:47:57.497350][INFO][seed26] Starting logger with seed 26
[2024-05-17T09:47:57.505808][INFO][seed30] Loaded model and info: /mnt/beegfs/rcabanas/dev/credici/papers/causal_flavour/models/simple_learner_4Q10k.uai
[2024-05-17T09:47:57.510623][INFO][seed13] Loaded model and info: /mnt/beegfs/rcabanas/dev/credici/papers/causal_flavour/models/simple_learner_4Q10k.uai
[2024-05-17T09:47:57.519048][INFO][seed44] Loaded model and info: /mnt/beegfs/rcabanas/dev/credici/papers/causal_flavour/models/simple_learner_4Q10k.uai
[2024-05-17T09:47:57.521833][INFO][seed42] Loaded model and info: /mnt/beegfs/rcabanas/dev/credici/papers/causal_flavour/models/simple_learner_4Q10k.uai
[2024-05-17T09:47:57.549732][INFO][seed37] Loaded model and info: /mnt/beegfs/rcabanas/dev/credici/papers/causal_flavour/models/simple_learner_4Q10k.uai
[2024-05-17T09:47:57.559674][INFO][seed19] Loaded model and info: /mnt/beegfs/rcabanas/dev/credici/papers/causal_flavour/models/simple_learner_4Q10k.uai
[2024-05-17T09:47:57.562522][INFO][seed12] Loaded 10000 data instances
[2024-05-17T09:47:57.563846][INFO][seed45] Loaded model and info: /mnt/beegfs/rcabanas/dev/credici/papers/causal_flavour/models/simple_learner_4Q10k.uai
[2024-05-17T09:47:57.569911][INFO][seed12] Starting learning up to 1000 iterations
[2024-05-17T09:47:57.579050][INFO][seed20] Loaded model and info: /mnt/beegfs/rcabanas/dev/credici/papers/causal_flavour/models/simple_learner_4Q10k.uai
[2024-05-17T09:47:57.579350][INFO][seed3] Loaded model and info: /mnt/beegfs/rcabanas/dev/credici/papers/causal_flavour/models/simple_learner_4Q10k.uai
[2024-05-17T09:47:57.585970][INFO][seed9] Loaded model and info: /mnt/beegfs/rcabanas/dev/credici/papers/causal_flavour/models/simple_learner_4Q10k.uai
[2024-05-17T09:47:57.600461][INFO][seed15] Loaded model and info: /mnt/beegfs/rcabanas/dev/credici/papers/causal_flavour/models/simple_learner_4Q10k.uai
[2024-05-17T09:47:57.604924][INFO][seed40] Loaded model and info: /mnt/beegfs/rcabanas/dev/credici/papers/causal_flavour/models/simple_learner_4Q10k.uai
[2024-05-17T09:47:57.612450][INFO][seed8] Loaded 10000 data instances
[2024-05-17T09:47:57.613675][INFO][seed8] Starting learning up to 1000 iterations
[2024-05-17T09:47:57.619649][INFO][seed24] Loaded model and info: /mnt/beegfs/rcabanas/dev/credici/papers/causal_flavour/models/simple_learner_4Q10k.uai
[2024-05-17T09:47:57.628990][INFO][seed4] Loaded 10000 data instances
[2024-05-17T09:47:57.636121][INFO][seed4] Starting learning up to 1000 iterations
[2024-05-17T09:47:57.668375][INFO][seed49] Loaded 10000 data instances
[2024-05-17T09:47:57.669125][INFO][seed49] Starting learning up to 1000 iterations
[2024-05-17T09:47:57.682822][INFO][seed35] Loaded 10000 data instances
[2024-05-17T09:47:57.689502][INFO][seed35] Starting learning up to 1000 iterations
[2024-05-17T09:47:57.774908][INFO][seed43] Loaded model and info: /mnt/beegfs/rcabanas/dev/credici/papers/causal_flavour/models/simple_learner_4Q10k.uai
[2024-05-17T09:47:57.795315][INFO][seed33] Loaded model and info: /mnt/beegfs/rcabanas/dev/credici/papers/causal_flavour/models/simple_learner_4Q10k.uai
[2024-05-17T09:47:57.799234][INFO][seed17] Loaded model and info: /mnt/beegfs/rcabanas/dev/credici/papers/causal_flavour/models/simple_learner_4Q10k.uai
[2024-05-17T09:47:57.804278][INFO][seed2] Loaded model and info: /mnt/beegfs/rcabanas/dev/credici/papers/causal_flavour/models/simple_learner_4Q10k.uai
[2024-05-17T09:47:57.809576][INFO][seed48] Loaded model and info: /mnt/beegfs/rcabanas/dev/credici/papers/causal_flavour/models/simple_learner_4Q10k.uai
[2024-05-17T09:47:57.822133][INFO][seed16] Loaded model and info: /mnt/beegfs/rcabanas/dev/credici/papers/causal_flavour/models/simple_learner_4Q10k.uai
[2024-05-17T09:47:57.832265][INFO][seed1] Loaded 10000 data instances
[2024-05-17T09:47:57.833830][INFO][seed1] Starting learning up to 1000 iterations
[2024-05-17T09:47:57.843816][INFO][seed41] Loaded model and info: /mnt/beegfs/rcabanas/dev/credici/papers/causal_flavour/models/simple_learner_4Q10k.uai
[2024-05-17T09:47:57.898695][INFO][seed38] Loaded model and info: /mnt/beegfs/rcabanas/dev/credici/papers/causal_flavour/models/simple_learner_4Q10k.uai
[2024-05-17T09:47:57.900936][INFO][seed26] Loaded model and info: /mnt/beegfs/rcabanas/dev/credici/papers/causal_flavour/models/simple_learner_4Q10k.uai
[2024-05-17T09:47:57.903703][INFO][seed21] Loaded model and info: /mnt/beegfs/rcabanas/dev/credici/papers/causal_flavour/models/simple_learner_4Q10k.uai
[2024-05-17T09:47:57.908192][INFO][seed29] Loaded model and info: /mnt/beegfs/rcabanas/dev/credici/papers/causal_flavour/models/simple_learner_4Q10k.uai
[2024-05-17T09:47:57.944695][INFO][seed23] Loaded model and info: /mnt/beegfs/rcabanas/dev/credici/papers/causal_flavour/models/simple_learner_4Q10k.uai
[2024-05-17T09:47:58.000175][INFO][seed7] Loaded 10000 data instances
[2024-05-17T09:47:58.007308][INFO][seed7] Starting learning up to 1000 iterations
[2024-05-17T09:47:58.009965][INFO][seed32] Loaded 10000 data instances
[2024-05-17T09:47:58.010579][INFO][seed32] Starting learning up to 1000 iterations
[2024-05-17T09:47:58.023198][INFO][seed44] Loaded 10000 data instances
[2024-05-17T09:47:58.025831][INFO][seed44] Starting learning up to 1000 iterations
[2024-05-17T09:47:58.032479][INFO][seed28] Loaded 10000 data instances
[2024-05-17T09:47:58.033167][INFO][seed28] Starting learning up to 1000 iterations
[2024-05-17T09:47:58.040563][INFO][seed42] Loaded 10000 data instances
[2024-05-17T09:47:58.044075][INFO][seed42] Starting learning up to 1000 iterations
[2024-05-17T09:47:58.062230][INFO][seed20] Loaded 10000 data instances
[2024-05-17T09:47:58.063430][INFO][seed20] Starting learning up to 1000 iterations
[2024-05-17T09:47:58.093973][INFO][seed3] Loaded 10000 data instances
[2024-05-17T09:47:58.094660][INFO][seed3] Starting learning up to 1000 iterations
[2024-05-17T09:47:58.085715][INFO][seed31] Set up logging
[2024-05-17T09:47:58.123665][INFO][seed31] args: -m;1000;-o;/mnt/beegfs/rcabanas/dev/credici/papers/causal_flavour/learntmodels/miter1000;--data;/mnt/beegfs/rcabanas/dev/credici/papers/causal_flavour/data/simple_learner_4Q10k_data.csv;-rw;-s;31;/mnt/beegfs/rcabanas/dev/credici/papers/causal_flavour/models/simple_learner_4Q10k.uai
[2024-05-17T09:47:58.127090][INFO][seed31] Starting logger with seed 31
[2024-05-17T09:47:58.127758][INFO][seed13] Loaded 10000 data instances
[2024-05-17T09:47:58.135873][INFO][seed13] Starting learning up to 1000 iterations
[2024-05-17T09:47:58.144322][INFO][seed37] Loaded 10000 data instances
[2024-05-17T09:47:58.147495][INFO][seed19] Loaded 10000 data instances
[2024-05-17T09:47:58.156789][INFO][seed30] Loaded 10000 data instances
[2024-05-17T09:47:58.157264][INFO][seed36] Loaded 10000 data instances
[2024-05-17T09:47:58.158122][INFO][seed19] Starting learning up to 1000 iterations
[2024-05-17T09:47:58.158527][INFO][seed36] Starting learning up to 1000 iterations
[2024-05-17T09:47:58.158311][INFO][seed37] Starting learning up to 1000 iterations
[2024-05-17T09:47:58.167070][INFO][seed30] Starting learning up to 1000 iterations
[2024-05-17T09:47:58.171732][INFO][seed45] Loaded 10000 data instances
[2024-05-17T09:47:58.172778][INFO][seed45] Starting learning up to 1000 iterations
[2024-05-17T09:47:58.197288][INFO][seed43] Loaded 10000 data instances
[2024-05-17T09:47:58.197941][INFO][seed43] Starting learning up to 1000 iterations
[2024-05-17T09:47:58.200763][INFO][seed9] Loaded 10000 data instances
[2024-05-17T09:47:58.202779][INFO][seed15] Loaded 10000 data instances
[2024-05-17T09:47:58.206587][INFO][seed15] Starting learning up to 1000 iterations
[2024-05-17T09:47:58.210258][INFO][seed9] Starting learning up to 1000 iterations
[2024-05-17T09:47:58.226920][INFO][seed17] Loaded 10000 data instances
[2024-05-17T09:47:58.227612][INFO][seed17] Starting learning up to 1000 iterations
[2024-05-17T09:47:58.245494][INFO][seed16] Loaded 10000 data instances
[2024-05-17T09:47:58.249067][INFO][seed48] Loaded 10000 data instances
[2024-05-17T09:47:58.249305][INFO][seed33] Loaded 10000 data instances
[2024-05-17T09:47:58.249424][INFO][seed2] Loaded 10000 data instances
[2024-05-17T09:47:58.250207][INFO][seed33] Starting learning up to 1000 iterations
[2024-05-17T09:47:58.251353][INFO][seed16] Starting learning up to 1000 iterations
[2024-05-17T09:47:58.251587][INFO][seed24] Loaded 10000 data instances
[2024-05-17T09:47:58.252924][INFO][seed24] Starting learning up to 1000 iterations
[2024-05-17T09:47:58.255070][INFO][seed48] Starting learning up to 1000 iterations
[2024-05-17T09:47:58.255872][INFO][seed41] Loaded 10000 data instances
[2024-05-17T09:47:58.256515][INFO][seed41] Starting learning up to 1000 iterations
[2024-05-17T09:47:58.256385][INFO][seed2] Starting learning up to 1000 iterations
[2024-05-17T09:47:58.276678][INFO][seed40] Loaded 10000 data instances
[2024-05-17T09:47:58.292103][INFO][seed40] Starting learning up to 1000 iterations
[2024-05-17T09:47:58.330807][INFO][seed38] Loaded 10000 data instances
[2024-05-17T09:47:58.331642][INFO][seed38] Starting learning up to 1000 iterations
[2024-05-17T09:47:58.350539][INFO][seed26] Loaded 10000 data instances
[2024-05-17T09:47:58.352849][INFO][seed29] Loaded 10000 data instances
[2024-05-17T09:47:58.356861][INFO][seed21] Loaded 10000 data instances
[2024-05-17T09:47:58.357657][INFO][seed29] Starting learning up to 1000 iterations
[2024-05-17T09:47:58.357706][INFO][seed26] Starting learning up to 1000 iterations
[2024-05-17T09:47:58.359378][INFO][seed21] Starting learning up to 1000 iterations
[2024-05-17T09:47:58.364758][INFO][seed23] Loaded 10000 data instances
[2024-05-17T09:47:58.365803][INFO][seed23] Starting learning up to 1000 iterations
[2024-05-17T09:47:58.425197][INFO][seed31] Loaded model and info: /mnt/beegfs/rcabanas/dev/credici/papers/causal_flavour/models/simple_learner_4Q10k.uai
[2024-05-17T09:47:58.844827][INFO][seed31] Loaded 10000 data instances
[2024-05-17T09:47:58.857853][INFO][seed31] Starting learning up to 1000 iterations
[2024-05-17T10:28:26.977190][INFO][seed39] Ellapsed time: 2430232.ms
[2024-05-17T10:28:27.029687][INFO][seed39] Saved model at /mnt/beegfs/rcabanas/dev/credici/papers/causal_flavour/learntmodels/miter1000/simple_learner_4Q10k/model_39.uai
[2024-05-17T10:28:27.030273][INFO][seed39] Closing log file
[2024-05-17T10:28:27.030421][INFO][seed39] Closed log file
[2024-05-17T10:28:38.386947][INFO][seed32] Ellapsed time: 2440358.ms
[2024-05-17T10:28:38.442497][INFO][seed32] Saved model at /mnt/beegfs/rcabanas/dev/credici/papers/causal_flavour/learntmodels/miter1000/simple_learner_4Q10k/model_32.uai
[2024-05-17T10:28:38.443115][INFO][seed32] Closing log file
[2024-05-17T10:28:38.443261][INFO][seed32] Closed log file
[2024-05-17T10:28:47.676769][INFO][seed47] Ellapsed time: 2450505.ms
[2024-05-17T10:28:47.724184][INFO][seed47] Saved model at /mnt/beegfs/rcabanas/dev/credici/papers/causal_flavour/learntmodels/miter1000/simple_learner_4Q10k/model_47.uai
[2024-05-17T10:28:47.724712][INFO][seed47] Closing log file
[2024-05-17T10:28:47.725007][INFO][seed47] Closed log file
[2024-05-17T10:29:00.259003][INFO][seed1] Ellapsed time: 2462374.ms
[2024-05-17T10:29:00.293901][INFO][seed1] Saved model at /mnt/beegfs/rcabanas/dev/credici/papers/causal_flavour/learntmodels/miter1000/simple_learner_4Q10k/model_1.uai
[2024-05-17T10:29:00.294220][INFO][seed1] Closing log file
[2024-05-17T10:29:00.294344][INFO][seed1] Closed log file
[2024-05-17T10:29:10.768532][INFO][seed16] Ellapsed time: 2472480.ms
[2024-05-17T10:29:10.818927][INFO][seed16] Saved model at /mnt/beegfs/rcabanas/dev/credici/papers/causal_flavour/learntmodels/miter1000/simple_learner_4Q10k/model_16.uai
[2024-05-17T10:29:10.819271][INFO][seed16] Closing log file
[2024-05-17T10:29:10.819383][INFO][seed16] Closed log file
[2024-05-17T10:29:17.322631][INFO][seed9] Ellapsed time: 2479093.ms
[2024-05-17T10:29:17.365514][INFO][seed9] Saved model at /mnt/beegfs/rcabanas/dev/credici/papers/causal_flavour/learntmodels/miter1000/simple_learner_4Q10k/model_9.uai
[2024-05-17T10:29:17.365764][INFO][seed9] Closing log file
[2024-05-17T10:29:17.365880][INFO][seed9] Closed log file
[2024-05-17T10:29:19.425557][INFO][seed25] Ellapsed time: 2482907.ms
[2024-05-17T10:29:19.480521][INFO][seed25] Saved model at /mnt/beegfs/rcabanas/dev/credici/papers/causal_flavour/learntmodels/miter1000/simple_learner_4Q10k/model_25.uai
[2024-05-17T10:29:19.480948][INFO][seed25] Closing log file
[2024-05-17T10:29:19.481083][INFO][seed25] Closed log file
[2024-05-17T10:29:21.984433][INFO][seed46] Ellapsed time: 2485307.ms
[2024-05-17T10:29:22.011961][INFO][seed46] Saved model at /mnt/beegfs/rcabanas/dev/credici/papers/causal_flavour/learntmodels/miter1000/simple_learner_4Q10k/model_46.uai
[2024-05-17T10:29:22.012242][INFO][seed46] Closing log file
[2024-05-17T10:29:22.012355][INFO][seed46] Closed log file
[2024-05-17T10:29:22.708113][INFO][seed34] Ellapsed time: 2485973.ms
[2024-05-17T10:29:22.748895][INFO][seed34] Saved model at /mnt/beegfs/rcabanas/dev/credici/papers/causal_flavour/learntmodels/miter1000/simple_learner_4Q10k/model_34.uai
[2024-05-17T10:29:22.749198][INFO][seed34] Closing log file
[2024-05-17T10:29:22.749313][INFO][seed34] Closed log file
[2024-05-17T10:29:23.233714][INFO][seed43] Ellapsed time: 2485000.ms
[2024-05-17T10:29:23.267982][INFO][seed43] Saved model at /mnt/beegfs/rcabanas/dev/credici/papers/causal_flavour/learntmodels/miter1000/simple_learner_4Q10k/model_43.uai
[2024-05-17T10:29:23.268350][INFO][seed43] Closing log file
[2024-05-17T10:29:23.268647][INFO][seed43] Closed log file
[2024-05-17T10:29:27.260772][INFO][seed40] Ellapsed time: 2488960.ms
[2024-05-17T10:29:27.304207][INFO][seed40] Saved model at /mnt/beegfs/rcabanas/dev/credici/papers/causal_flavour/learntmodels/miter1000/simple_learner_4Q10k/model_40.uai
[2024-05-17T10:29:27.304491][INFO][seed40] Closing log file
[2024-05-17T10:29:27.304597][INFO][seed40] Closed log file
[2024-05-17T10:30:22.761346][INFO][seed26] Ellapsed time: 2544364.ms
[2024-05-17T10:30:22.803424][INFO][seed26] Saved model at /mnt/beegfs/rcabanas/dev/credici/papers/causal_flavour/learntmodels/miter1000/simple_learner_4Q10k/model_26.uai
[2024-05-17T10:30:22.803816][INFO][seed26] Closing log file
[2024-05-17T10:30:22.803927][INFO][seed26] Closed log file
[2024-05-17T10:30:38.982803][INFO][seed21] Ellapsed time: 2560609.ms
[2024-05-17T10:30:39.011341][INFO][seed21] Saved model at /mnt/beegfs/rcabanas/dev/credici/papers/causal_flavour/learntmodels/miter1000/simple_learner_4Q10k/model_21.uai
[2024-05-17T10:30:39.011684][INFO][seed21] Closing log file
[2024-05-17T10:30:39.011812][INFO][seed21] Closed log file
[2024-05-17T10:30:41.265741][INFO][seed29] Ellapsed time: 2562869.ms
[2024-05-17T10:30:41.294980][INFO][seed29] Saved model at /mnt/beegfs/rcabanas/dev/credici/papers/causal_flavour/learntmodels/miter1000/simple_learner_4Q10k/model_29.uai
[2024-05-17T10:30:41.297568][INFO][seed29] Closing log file
[2024-05-17T10:30:41.297688][INFO][seed29] Closed log file
[2024-05-17T10:30:41.888289][INFO][seed38] Ellapsed time: 2563524.ms
[2024-05-17T10:30:41.921127][INFO][seed38] Saved model at /mnt/beegfs/rcabanas/dev/credici/papers/causal_flavour/learntmodels/miter1000/simple_learner_4Q10k/model_38.uai
[2024-05-17T10:30:41.921376][INFO][seed38] Closing log file
[2024-05-17T10:30:41.921766][INFO][seed38] Closed log file
[2024-05-17T10:30:45.471896][INFO][seed2] Ellapsed time: 2567172.ms
[2024-05-17T10:30:45.504147][INFO][seed2] Saved model at /mnt/beegfs/rcabanas/dev/credici/papers/causal_flavour/learntmodels/miter1000/simple_learner_4Q10k/model_2.uai
[2024-05-17T10:30:45.504389][INFO][seed2] Closing log file
[2024-05-17T10:30:45.504500][INFO][seed2] Closed log file
[2024-05-17T10:30:52.762321][INFO][seed49] Ellapsed time: 2575035.ms
[2024-05-17T10:30:52.795518][INFO][seed49] Saved model at /mnt/beegfs/rcabanas/dev/credici/papers/causal_flavour/learntmodels/miter1000/simple_learner_4Q10k/model_49.uai
[2024-05-17T10:30:52.795945][INFO][seed49] Closing log file
[2024-05-17T10:30:52.796130][INFO][seed49] Closed log file
[2024-05-17T10:31:02.735633][INFO][seed30] Ellapsed time: 2584540.ms
[2024-05-17T10:31:02.775482][INFO][seed30] Saved model at /mnt/beegfs/rcabanas/dev/credici/papers/causal_flavour/learntmodels/miter1000/simple_learner_4Q10k/model_30.uai
[2024-05-17T10:31:02.775900][INFO][seed30] Closing log file
[2024-05-17T10:31:02.776014][INFO][seed30] Closed log file
[2024-05-17T10:31:27.259971][INFO][seed12] Ellapsed time: 2609629.ms
[2024-05-17T10:31:27.310284][INFO][seed12] Saved model at /mnt/beegfs/rcabanas/dev/credici/papers/causal_flavour/learntmodels/miter1000/simple_learner_4Q10k/model_12.uai
[2024-05-17T10:31:27.310858][INFO][seed12] Closing log file
[2024-05-17T10:31:27.311054][INFO][seed12] Closed log file
[2024-05-17T10:31:32.979902][INFO][seed27] Ellapsed time: 2617168.ms
[2024-05-17T10:31:33.027677][INFO][seed27] Saved model at /mnt/beegfs/rcabanas/dev/credici/papers/causal_flavour/learntmodels/miter1000/simple_learner_4Q10k/model_27.uai
[2024-05-17T10:31:33.028088][INFO][seed27] Closing log file
[2024-05-17T10:31:33.028218][INFO][seed27] Closed log file
[2024-05-17T10:31:36.712768][INFO][seed45] Ellapsed time: 2618500.ms
[2024-05-17T10:31:36.742670][INFO][seed45] Saved model at /mnt/beegfs/rcabanas/dev/credici/papers/causal_flavour/learntmodels/miter1000/simple_learner_4Q10k/model_45.uai
[2024-05-17T10:31:36.742953][INFO][seed45] Closing log file
[2024-05-17T10:31:36.743079][INFO][seed45] Closed log file
[2024-05-17T10:31:37.786555][INFO][seed11] Ellapsed time: 2621443.ms
[2024-05-17T10:31:37.816795][INFO][seed11] Saved model at /mnt/beegfs/rcabanas/dev/credici/papers/causal_flavour/learntmodels/miter1000/simple_learner_4Q10k/model_11.uai
[2024-05-17T10:31:37.817200][INFO][seed11] Closing log file
[2024-05-17T10:31:37.817309][INFO][seed11] Closed log file
[2024-05-17T10:31:40.869789][INFO][seed15] Ellapsed time: 2622643.ms
[2024-05-17T10:31:40.900381][INFO][seed15] Saved model at /mnt/beegfs/rcabanas/dev/credici/papers/causal_flavour/learntmodels/miter1000/simple_learner_4Q10k/model_15.uai
[2024-05-17T10:31:40.900565][INFO][seed15] Closing log file
[2024-05-17T10:31:40.900672][INFO][seed15] Closed log file
[2024-05-17T10:31:47.963136][INFO][seed14] Ellapsed time: 2631199.ms
[2024-05-17T10:31:48.002332][INFO][seed14] Saved model at /mnt/beegfs/rcabanas/dev/credici/papers/causal_flavour/learntmodels/miter1000/simple_learner_4Q10k/model_14.uai
[2024-05-17T10:31:48.002609][INFO][seed14] Closing log file
[2024-05-17T10:31:48.002718][INFO][seed14] Closed log file
[2024-05-17T10:31:49.216262][INFO][seed37] Ellapsed time: 2631029.ms
[2024-05-17T10:31:49.273205][INFO][seed37] Saved model at /mnt/beegfs/rcabanas/dev/credici/papers/causal_flavour/learntmodels/miter1000/simple_learner_4Q10k/model_37.uai
[2024-05-17T10:31:49.273605][INFO][seed37] Closing log file
[2024-05-17T10:31:49.273720][INFO][seed37] Closed log file
[2024-05-17T10:31:51.303778][INFO][seed18] Ellapsed time: 2634047.ms
[2024-05-17T10:31:51.366624][INFO][seed18] Saved model at /mnt/beegfs/rcabanas/dev/credici/papers/causal_flavour/learntmodels/miter1000/simple_learner_4Q10k/model_18.uai
[2024-05-17T10:31:51.366894][INFO][seed18] Closing log file
[2024-05-17T10:31:51.367][INFO][seed18] Closed log file
[2024-05-17T10:31:52.545177][INFO][seed28] Ellapsed time: 2634473.ms
[2024-05-17T10:31:52.576301][INFO][seed28] Saved model at /mnt/beegfs/rcabanas/dev/credici/papers/causal_flavour/learntmodels/miter1000/simple_learner_4Q10k/model_28.uai
[2024-05-17T10:31:52.576624][INFO][seed28] Closing log file
[2024-05-17T10:31:52.576739][INFO][seed28] Closed log file
[2024-05-17T10:31:53.775847][INFO][seed19] Ellapsed time: 2635580.ms
[2024-05-17T10:31:53.819635][INFO][seed19] Saved model at /mnt/beegfs/rcabanas/dev/credici/papers/causal_flavour/learntmodels/miter1000/simple_learner_4Q10k/model_19.uai
[2024-05-17T10:31:53.819958][INFO][seed19] Closing log file
[2024-05-17T10:31:53.820086][INFO][seed19] Closed log file
[2024-05-17T10:32:03.354081][INFO][seed17] Ellapsed time: 2645082.ms
[2024-05-17T10:32:03.402232][INFO][seed17] Saved model at /mnt/beegfs/rcabanas/dev/credici/papers/causal_flavour/learntmodels/miter1000/simple_learner_4Q10k/model_17.uai
[2024-05-17T10:32:03.402717][INFO][seed17] Closing log file
[2024-05-17T10:32:03.402844][INFO][seed17] Closed log file
[2024-05-17T10:32:03.653524][INFO][seed3] Ellapsed time: 2645525.ms
[2024-05-17T10:32:03.688207][INFO][seed3] Saved model at /mnt/beegfs/rcabanas/dev/credici/papers/causal_flavour/learntmodels/miter1000/simple_learner_4Q10k/model_3.uai
[2024-05-17T10:32:03.688670][INFO][seed3] Closing log file
[2024-05-17T10:32:03.688792][INFO][seed3] Closed log file
[2024-05-17T10:32:05.965824][INFO][seed44] Ellapsed time: 2647903.ms
[2024-05-17T10:32:05.991559][INFO][seed44] Saved model at /mnt/beegfs/rcabanas/dev/credici/papers/causal_flavour/learntmodels/miter1000/simple_learner_4Q10k/model_44.uai
[2024-05-17T10:32:05.991772][INFO][seed44] Closing log file
[2024-05-17T10:32:05.991881][INFO][seed44] Closed log file
[2024-05-17T10:32:06.574796][INFO][seed13] Ellapsed time: 2648395.ms
[2024-05-17T10:32:06.611370][INFO][seed13] Saved model at /mnt/beegfs/rcabanas/dev/credici/papers/causal_flavour/learntmodels/miter1000/simple_learner_4Q10k/model_13.uai
[2024-05-17T10:32:06.611626][INFO][seed13] Closing log file
[2024-05-17T10:32:06.611732][INFO][seed13] Closed log file
[2024-05-17T10:32:06.861188][INFO][seed5] Ellapsed time: 2650555.ms
[2024-05-17T10:32:06.888736][INFO][seed5] Saved model at /mnt/beegfs/rcabanas/dev/credici/papers/causal_flavour/learntmodels/miter1000/simple_learner_4Q10k/model_5.uai
[2024-05-17T10:32:06.888980][INFO][seed5] Closing log file
[2024-05-17T10:32:06.889102][INFO][seed5] Closed log file
[2024-05-17T10:32:07.455247][INFO][seed7] Ellapsed time: 2649417.ms
[2024-05-17T10:32:07.486805][INFO][seed7] Saved model at /mnt/beegfs/rcabanas/dev/credici/papers/causal_flavour/learntmodels/miter1000/simple_learner_4Q10k/model_7.uai
[2024-05-17T10:32:07.487109][INFO][seed7] Closing log file
[2024-05-17T10:32:07.487218][INFO][seed7] Closed log file
[2024-05-17T10:32:10.958057][INFO][seed42] Ellapsed time: 2652878.ms
[2024-05-17T10:32:10.987011][INFO][seed42] Saved model at /mnt/beegfs/rcabanas/dev/credici/papers/causal_flavour/learntmodels/miter1000/simple_learner_4Q10k/model_42.uai
[2024-05-17T10:32:10.987220][INFO][seed42] Closing log file
[2024-05-17T10:32:10.987324][INFO][seed42] Closed log file
[2024-05-17T10:32:13.001253][INFO][seed23] Ellapsed time: 2654598.ms
[2024-05-17T10:32:13.039043][INFO][seed23] Saved model at /mnt/beegfs/rcabanas/dev/credici/papers/causal_flavour/learntmodels/miter1000/simple_learner_4Q10k/model_23.uai
[2024-05-17T10:32:13.039283][INFO][seed23] Closing log file
[2024-05-17T10:32:13.039387][INFO][seed23] Closed log file
[2024-05-17T10:32:14.342285][INFO][seed31] Ellapsed time: 2655462.ms
[2024-05-17T10:32:14.368068][INFO][seed31] Saved model at /mnt/beegfs/rcabanas/dev/credici/papers/causal_flavour/learntmodels/miter1000/simple_learner_4Q10k/model_31.uai
[2024-05-17T10:32:14.368311][INFO][seed31] Closing log file
[2024-05-17T10:32:14.368412][INFO][seed31] Closed log file
[2024-05-17T10:32:22.157104][INFO][seed22] Ellapsed time: 2665704.ms
[2024-05-17T10:32:22.192080][INFO][seed22] Saved model at /mnt/beegfs/rcabanas/dev/credici/papers/causal_flavour/learntmodels/miter1000/simple_learner_4Q10k/model_22.uai
[2024-05-17T10:32:22.192284][INFO][seed22] Closing log file
[2024-05-17T10:32:22.192385][INFO][seed22] Closed log file
[2024-05-17T10:32:25.441705][INFO][seed35] Ellapsed time: 2667721.ms
[2024-05-17T10:32:25.488898][INFO][seed35] Saved model at /mnt/beegfs/rcabanas/dev/credici/papers/causal_flavour/learntmodels/miter1000/simple_learner_4Q10k/model_35.uai
[2024-05-17T10:32:25.489237][INFO][seed35] Closing log file
[2024-05-17T10:32:25.489342][INFO][seed35] Closed log file
[2024-05-17T10:32:26.835638][INFO][seed41] Ellapsed time: 2668544.ms
[2024-05-17T10:32:26.864567][INFO][seed41] Saved model at /mnt/beegfs/rcabanas/dev/credici/papers/causal_flavour/learntmodels/miter1000/simple_learner_4Q10k/model_41.uai
[2024-05-17T10:32:26.865206][INFO][seed41] Closing log file
[2024-05-17T10:32:26.865397][INFO][seed41] Closed log file
[2024-05-17T10:32:28.374853][INFO][seed48] Ellapsed time: 2670090.ms
[2024-05-17T10:32:28.402477][INFO][seed48] Saved model at /mnt/beegfs/rcabanas/dev/credici/papers/causal_flavour/learntmodels/miter1000/simple_learner_4Q10k/model_48.uai
[2024-05-17T10:32:28.402713][INFO][seed48] Closing log file
[2024-05-17T10:32:28.402825][INFO][seed48] Closed log file
[2024-05-17T10:32:40.514856][INFO][seed10] Ellapsed time: 2683403.ms
[2024-05-17T10:32:40.557319][INFO][seed10] Saved model at /mnt/beegfs/rcabanas/dev/credici/papers/causal_flavour/learntmodels/miter1000/simple_learner_4Q10k/model_10.uai
[2024-05-17T10:32:40.557627][INFO][seed10] Closing log file
[2024-05-17T10:32:40.557736][INFO][seed10] Closed log file
[2024-05-17T10:32:42.898427][INFO][seed20] Ellapsed time: 2684802.ms
[2024-05-17T10:32:42.934933][INFO][seed20] Saved model at /mnt/beegfs/rcabanas/dev/credici/papers/causal_flavour/learntmodels/miter1000/simple_learner_4Q10k/model_20.uai
[2024-05-17T10:32:42.935235][INFO][seed20] Closing log file
[2024-05-17T10:32:42.935346][INFO][seed20] Closed log file
[2024-05-17T10:32:42.975842][INFO][seed0] Ellapsed time: 2685950.ms
[2024-05-17T10:32:43.021150][INFO][seed0] Saved model at /mnt/beegfs/rcabanas/dev/credici/papers/causal_flavour/learntmodels/miter1000/simple_learner_4Q10k/model_0.uai
[2024-05-17T10:32:43.021414][INFO][seed0] Closing log file
[2024-05-17T10:32:43.021515][INFO][seed0] Closed log file
[2024-05-17T10:33:01.698860][INFO][seed33] Ellapsed time: 2703432.ms
[2024-05-17T10:33:01.733954][INFO][seed33] Saved model at /mnt/beegfs/rcabanas/dev/credici/papers/causal_flavour/learntmodels/miter1000/simple_learner_4Q10k/model_33.uai
[2024-05-17T10:33:01.734140][INFO][seed33] Closing log file
[2024-05-17T10:33:01.734242][INFO][seed33] Closed log file
[2024-05-17T10:33:07.602555][INFO][seed8] Ellapsed time: 2709943.ms
[2024-05-17T10:33:07.659971][INFO][seed8] Saved model at /mnt/beegfs/rcabanas/dev/credici/papers/causal_flavour/learntmodels/miter1000/simple_learner_4Q10k/model_8.uai
[2024-05-17T10:33:07.660193][INFO][seed8] Closing log file
[2024-05-17T10:33:07.660295][INFO][seed8] Closed log file
[2024-05-17T10:33:09.197107][INFO][seed4] Ellapsed time: 2711507.ms
[2024-05-17T10:33:09.255839][INFO][seed4] Saved model at /mnt/beegfs/rcabanas/dev/credici/papers/causal_flavour/learntmodels/miter1000/simple_learner_4Q10k/model_4.uai
[2024-05-17T10:33:09.256128][INFO][seed4] Closing log file
[2024-05-17T10:33:09.259658][INFO][seed4] Closed log file
[2024-05-17T10:33:18.085594][INFO][seed36] Ellapsed time: 2719909.ms
[2024-05-17T10:33:18.116902][INFO][seed36] Saved model at /mnt/beegfs/rcabanas/dev/credici/papers/causal_flavour/learntmodels/miter1000/simple_learner_4Q10k/model_36.uai
[2024-05-17T10:33:18.117163][INFO][seed36] Closing log file
[2024-05-17T10:33:18.117265][INFO][seed36] Closed log file
[2024-05-17T10:33:46.439404][INFO][seed50] Ellapsed time: 2749274.ms
[2024-05-17T10:33:46.475276][INFO][seed50] Saved model at /mnt/beegfs/rcabanas/dev/credici/papers/causal_flavour/learntmodels/miter1000/simple_learner_4Q10k/model_50.uai
[2024-05-17T10:33:46.475495][INFO][seed50] Closing log file
[2024-05-17T10:33:46.475596][INFO][seed50] Closed log file
[2024-05-17T10:33:56.341765][INFO][seed24] Ellapsed time: 2758047.ms
[2024-05-17T10:33:56.369286][INFO][seed24] Saved model at /mnt/beegfs/rcabanas/dev/credici/papers/causal_flavour/learntmodels/miter1000/simple_learner_4Q10k/model_24.uai
[2024-05-17T10:33:56.369499][INFO][seed24] Closing log file
[2024-05-17T10:33:56.369599][INFO][seed24] Closed log file
