50
1500
['learn.py', '1500', '51']
['learn.py', '1500', '53']
['learn.py', '1500', '58']
['learn.py', '1500', '50']
['learn.py', '1500', '61']
seed=53
/mnt/beegfs/rcabanas/dev/credici
/mnt/beegfs/rcabanas/dev/credici/papers/causal_flavour
seed=51
/mnt/beegfs/rcabanas/dev/credici
/mnt/beegfs/rcabanas/dev/credici/papers/causal_flavour
/mnt/beegfs/rcabanas/dev/credici/papers/causal_flavour/learntmodels
/mnt/beegfs/rcabanas/dev/credici/papers/causal_flavour/models
/mnt/beegfs/rcabanas/dev/credici/target/credici-0.1.5-dev-SNAPSHOT-jar-with-dependencies.jar
/mnt/beegfs/rcabanas/dev/credici/papers/causal_flavour/code/LearnCF.java
['learn.py', '1500', '52']
/mnt/beegfs/rcabanas/dev/credici/papers/causal_flavour/learntmodels
/mnt/beegfs/rcabanas/dev/credici/papers/causal_flavour/models
/mnt/beegfs/rcabanas/dev/credici/target/credici-0.1.5-dev-SNAPSHOT-jar-with-dependencies.jar
/mnt/beegfs/rcabanas/dev/credici/papers/causal_flavour/code/LearnCF.java
seed=58
/mnt/beegfs/rcabanas/dev/credici
/mnt/beegfs/rcabanas/dev/credici/papers/causal_flavour
/mnt/beegfs/rcabanas/dev/credici/papers/causal_flavour/learntmodels
/mnt/beegfs/rcabanas/dev/credici/papers/causal_flavour/models
/mnt/beegfs/rcabanas/dev/credici/target/credici-0.1.5-dev-SNAPSHOT-jar-with-dependencies.jar
/mnt/beegfs/rcabanas/dev/credici/papers/causal_flavour/code/LearnCF.java
seed=50
/mnt/beegfs/rcabanas/dev/credici
/mnt/beegfs/rcabanas/dev/credici/papers/causal_flavour
/mnt/beegfs/rcabanas/dev/credici/papers/causal_flavour/learntmodels
/mnt/beegfs/rcabanas/dev/credici/papers/causal_flavour/models
/mnt/beegfs/rcabanas/dev/credici/target/credici-0.1.5-dev-SNAPSHOT-jar-with-dependencies.jar
/mnt/beegfs/rcabanas/dev/credici/papers/causal_flavour/code/LearnCF.java
seed=61
/mnt/beegfs/rcabanas/dev/credici
/mnt/beegfs/rcabanas/dev/credici/papers/causal_flavour
/mnt/beegfs/rcabanas/dev/credici/papers/causal_flavour/learntmodels
/mnt/beegfs/rcabanas/dev/credici/papers/causal_flavour/models
/mnt/beegfs/rcabanas/dev/credici/target/credici-0.1.5-dev-SNAPSHOT-jar-with-dependencies.jar
/mnt/beegfs/rcabanas/dev/credici/papers/causal_flavour/code/LearnCF.java
seed=52
/mnt/beegfs/rcabanas/dev/credici
/mnt/beegfs/rcabanas/dev/credici/papers/causal_flavour
/mnt/beegfs/rcabanas/dev/credici/papers/causal_flavour/learntmodels
/mnt/beegfs/rcabanas/dev/credici/papers/causal_flavour/models
/mnt/beegfs/rcabanas/dev/credici/target/credici-0.1.5-dev-SNAPSHOT-jar-with-dependencies.jar
['learn.py', '1500', '69']
['learn.py', '1500', '57']
/mnt/beegfs/rcabanas/dev/credici/papers/causal_flavour/code/LearnCF.java
['learn.py', '1500', '64']
['learn.py', '1500', '62']
seed=57
/mnt/beegfs/rcabanas/dev/credici
/mnt/beegfs/rcabanas/dev/credici/papers/causal_flavour
/mnt/beegfs/rcabanas/dev/credici/papers/causal_flavour/learntmodels
/mnt/beegfs/rcabanas/dev/credici/papers/causal_flavour/models
/mnt/beegfs/rcabanas/dev/credici/target/credici-0.1.5-dev-SNAPSHOT-jar-with-dependencies.jar
/mnt/beegfs/rcabanas/dev/credici/papers/causal_flavour/code/LearnCF.java
seed=69
/mnt/beegfs/rcabanas/dev/credici
/mnt/beegfs/rcabanas/dev/credici/papers/causal_flavour
/mnt/beegfs/rcabanas/dev/credici/papers/causal_flavour/learntmodels
/mnt/beegfs/rcabanas/dev/credici/papers/causal_flavour/models
/mnt/beegfs/rcabanas/dev/credici/target/credici-0.1.5-dev-SNAPSHOT-jar-with-dependencies.jar
/mnt/beegfs/rcabanas/dev/credici/papers/causal_flavour/code/LearnCF.java
seed=64
/mnt/beegfs/rcabanas/dev/credici
/mnt/beegfs/rcabanas/dev/credici/papers/causal_flavour
/mnt/beegfs/rcabanas/dev/credici/papers/causal_flavour/learntmodels
/mnt/beegfs/rcabanas/dev/credici/papers/causal_flavour/models
/mnt/beegfs/rcabanas/dev/credici/target/credici-0.1.5-dev-SNAPSHOT-jar-with-dependencies.jar
/mnt/beegfs/rcabanas/dev/credici/papers/causal_flavour/code/LearnCF.java
seed=62
/mnt/beegfs/rcabanas/dev/credici
/mnt/beegfs/rcabanas/dev/credici/papers/causal_flavour
/mnt/beegfs/rcabanas/dev/credici/papers/causal_flavour/learntmodels
/mnt/beegfs/rcabanas/dev/credici/papers/causal_flavour/models
/mnt/beegfs/rcabanas/dev/credici/target/credici-0.1.5-dev-SNAPSHOT-jar-with-dependencies.jar
/mnt/beegfs/rcabanas/dev/credici/papers/causal_flavour/code/LearnCF.java
['learn.py', '1500', '78']
['learn.py', '1500', '54']
seed=78
/mnt/beegfs/rcabanas/dev/credici
/mnt/beegfs/rcabanas/dev/credici/papers/causal_flavour
/mnt/beegfs/rcabanas/dev/credici/papers/causal_flavour/learntmodels
/mnt/beegfs/rcabanas/dev/credici/papers/causal_flavour/models
/mnt/beegfs/rcabanas/dev/credici/target/credici-0.1.5-dev-SNAPSHOT-jar-with-dependencies.jar
seed=54
/mnt/beegfs/rcabanas/dev/credici/papers/causal_flavour/code/LearnCF.java
/mnt/beegfs/rcabanas/dev/credici
/mnt/beegfs/rcabanas/dev/credici/papers/causal_flavour
/mnt/beegfs/rcabanas/dev/credici/papers/causal_flavour/learntmodels
/mnt/beegfs/rcabanas/dev/credici/papers/causal_flavour/models
/mnt/beegfs/rcabanas/dev/credici/target/credici-0.1.5-dev-SNAPSHOT-jar-with-dependencies.jar
/mnt/beegfs/rcabanas/dev/credici/papers/causal_flavour/code/LearnCF.java
['learn.py', '1500', '65']
['learn.py', '1500', '56']
['learn.py', '1500', '63']
seed=65
/mnt/beegfs/rcabanas/dev/credici
/mnt/beegfs/rcabanas/dev/credici/papers/causal_flavour
/mnt/beegfs/rcabanas/dev/credici/papers/causal_flavour/learntmodels
/mnt/beegfs/rcabanas/dev/credici/papers/causal_flavour/models
/mnt/beegfs/rcabanas/dev/credici/target/credici-0.1.5-dev-SNAPSHOT-jar-with-dependencies.jar
/mnt/beegfs/rcabanas/dev/credici/papers/causal_flavour/code/LearnCF.java
seed=56
/mnt/beegfs/rcabanas/dev/credici
/mnt/beegfs/rcabanas/dev/credici/papers/causal_flavour
/mnt/beegfs/rcabanas/dev/credici/papers/causal_flavour/learntmodels
/mnt/beegfs/rcabanas/dev/credici/papers/causal_flavour/models
/mnt/beegfs/rcabanas/dev/credici/target/credici-0.1.5-dev-SNAPSHOT-jar-with-dependencies.jar
/mnt/beegfs/rcabanas/dev/credici/papers/causal_flavour/code/LearnCF.java
['learn.py', '1500', '55']
['learn.py', '1500', '59']
seed=63
/mnt/beegfs/rcabanas/dev/credici
/mnt/beegfs/rcabanas/dev/credici/papers/causal_flavour
/mnt/beegfs/rcabanas/dev/credici/papers/causal_flavour/learntmodels
/mnt/beegfs/rcabanas/dev/credici/papers/causal_flavour/models
/mnt/beegfs/rcabanas/dev/credici/target/credici-0.1.5-dev-SNAPSHOT-jar-with-dependencies.jar
/mnt/beegfs/rcabanas/dev/credici/papers/causal_flavour/code/LearnCF.java
seed=55
/mnt/beegfs/rcabanas/dev/credici
/mnt/beegfs/rcabanas/dev/credici/papers/causal_flavour
/mnt/beegfs/rcabanas/dev/credici/papers/causal_flavour/learntmodels
/mnt/beegfs/rcabanas/dev/credici/papers/causal_flavour/models
/mnt/beegfs/rcabanas/dev/credici/target/credici-0.1.5-dev-SNAPSHOT-jar-with-dependencies.jar
/mnt/beegfs/rcabanas/dev/credici/papers/causal_flavour/code/LearnCF.java
seed=59
/mnt/beegfs/rcabanas/dev/credici
/mnt/beegfs/rcabanas/dev/credici/papers/causal_flavour
/mnt/beegfs/rcabanas/dev/credici/papers/causal_flavour/learntmodels
/mnt/beegfs/rcabanas/dev/credici/papers/causal_flavour/models
/mnt/beegfs/rcabanas/dev/credici/target/credici-0.1.5-dev-SNAPSHOT-jar-with-dependencies.jar
/mnt/beegfs/rcabanas/dev/credici/papers/causal_flavour/code/LearnCF.java
[2024-05-17T10:52:01.731921][INFO][seed61] Set up logging
[2024-05-17T10:52:01.761893][INFO][seed61] args: -m;1500;-o;/mnt/beegfs/rcabanas/dev/credici/papers/causal_flavour/learntmodels/miter1500;--data;/mnt/beegfs/rcabanas/dev/credici/papers/causal_flavour/data/simple_learner_4Q10k_data.csv;-rw;-s;61;/mnt/beegfs/rcabanas/dev/credici/papers/causal_flavour/models/simple_learner_4Q10k.uai
[2024-05-17T10:52:01.763613][INFO][seed61] Starting logger with seed 61
[2024-05-17T10:52:01.867176][INFO][seed58] Set up logging
[2024-05-17T10:52:01.900152][INFO][seed58] args: -m;1500;-o;/mnt/beegfs/rcabanas/dev/credici/papers/causal_flavour/learntmodels/miter1500;--data;/mnt/beegfs/rcabanas/dev/credici/papers/causal_flavour/data/simple_learner_4Q10k_data.csv;-rw;-s;58;/mnt/beegfs/rcabanas/dev/credici/papers/causal_flavour/models/simple_learner_4Q10k.uai
[2024-05-17T10:52:01.901875][INFO][seed58] Starting logger with seed 58
[2024-05-17T10:52:01.955996][INFO][seed61] Loaded model and info: /mnt/beegfs/rcabanas/dev/credici/papers/causal_flavour/models/simple_learner_4Q10k.uai
[2024-05-17T10:52:01.953372][INFO][seed50] Set up logging
[2024-05-17T10:52:01.980660][INFO][seed50] args: -m;1500;-o;/mnt/beegfs/rcabanas/dev/credici/papers/causal_flavour/learntmodels/miter1500;--data;/mnt/beegfs/rcabanas/dev/credici/papers/causal_flavour/data/simple_learner_4Q10k_data.csv;-rw;-s;50;/mnt/beegfs/rcabanas/dev/credici/papers/causal_flavour/models/simple_learner_4Q10k.uai
[2024-05-17T10:52:01.984463][INFO][seed50] Starting logger with seed 50
[2024-05-17T10:52:02.073320][INFO][seed53] Set up logging
[2024-05-17T10:52:02.103516][INFO][seed53] args: -m;1500;-o;/mnt/beegfs/rcabanas/dev/credici/papers/causal_flavour/learntmodels/miter1500;--data;/mnt/beegfs/rcabanas/dev/credici/papers/causal_flavour/data/simple_learner_4Q10k_data.csv;-rw;-s;53;/mnt/beegfs/rcabanas/dev/credici/papers/causal_flavour/models/simple_learner_4Q10k.uai
[2024-05-17T10:52:02.106366][INFO][seed53] Starting logger with seed 53
[2024-05-17T10:52:02.111342][INFO][seed58] Loaded model and info: /mnt/beegfs/rcabanas/dev/credici/papers/causal_flavour/models/simple_learner_4Q10k.uai
[2024-05-17T10:52:02.178204][INFO][seed50] Loaded model and info: /mnt/beegfs/rcabanas/dev/credici/papers/causal_flavour/models/simple_learner_4Q10k.uai
[2024-05-17T10:52:02.214670][INFO][seed69] Set up logging
[2024-05-17T10:52:02.247639][INFO][seed69] args: -m;1500;-o;/mnt/beegfs/rcabanas/dev/credici/papers/causal_flavour/learntmodels/miter1500;--data;/mnt/beegfs/rcabanas/dev/credici/papers/causal_flavour/data/simple_learner_4Q10k_data.csv;-rw;-s;69;/mnt/beegfs/rcabanas/dev/credici/papers/causal_flavour/models/simple_learner_4Q10k.uai
[2024-05-17T10:52:02.249618][INFO][seed69] Starting logger with seed 69
[2024-05-17T10:52:02.282470][INFO][seed61] Loaded 10000 data instances
[2024-05-17T10:52:02.244916][INFO][seed51] Set up logging
[2024-05-17T10:52:02.287772][INFO][seed61] Starting learning up to 1500 iterations
[2024-05-17T10:52:02.287185][INFO][seed51] args: -m;1500;-o;/mnt/beegfs/rcabanas/dev/credici/papers/causal_flavour/learntmodels/miter1500;--data;/mnt/beegfs/rcabanas/dev/credici/papers/causal_flavour/data/simple_learner_4Q10k_data.csv;-rw;-s;51;/mnt/beegfs/rcabanas/dev/credici/papers/causal_flavour/models/simple_learner_4Q10k.uai
[2024-05-17T10:52:02.289874][INFO][seed51] Starting logger with seed 51
[2024-05-17T10:52:02.318093][INFO][seed53] Loaded model and info: /mnt/beegfs/rcabanas/dev/credici/papers/causal_flavour/models/simple_learner_4Q10k.uai
[2024-05-17T10:52:02.288063][INFO][seed64] Set up logging
[2024-05-17T10:52:02.325806][INFO][seed64] args: -m;1500;-o;/mnt/beegfs/rcabanas/dev/credici/papers/causal_flavour/learntmodels/miter1500;--data;/mnt/beegfs/rcabanas/dev/credici/papers/causal_flavour/data/simple_learner_4Q10k_data.csv;-rw;-s;64;/mnt/beegfs/rcabanas/dev/credici/papers/causal_flavour/models/simple_learner_4Q10k.uai
[2024-05-17T10:52:02.328034][INFO][seed64] Starting logger with seed 64
[2024-05-17T10:52:02.297856][INFO][seed54] Set up logging
[2024-05-17T10:52:02.333885][INFO][seed54] args: -m;1500;-o;/mnt/beegfs/rcabanas/dev/credici/papers/causal_flavour/learntmodels/miter1500;--data;/mnt/beegfs/rcabanas/dev/credici/papers/causal_flavour/data/simple_learner_4Q10k_data.csv;-rw;-s;54;/mnt/beegfs/rcabanas/dev/credici/papers/causal_flavour/models/simple_learner_4Q10k.uai
[2024-05-17T10:52:02.337721][INFO][seed54] Starting logger with seed 54
[2024-05-17T10:52:02.311836][INFO][seed57] Set up logging
[2024-05-17T10:52:02.344545][INFO][seed57] args: -m;1500;-o;/mnt/beegfs/rcabanas/dev/credici/papers/causal_flavour/learntmodels/miter1500;--data;/mnt/beegfs/rcabanas/dev/credici/papers/causal_flavour/data/simple_learner_4Q10k_data.csv;-rw;-s;57;/mnt/beegfs/rcabanas/dev/credici/papers/causal_flavour/models/simple_learner_4Q10k.uai
[2024-05-17T10:52:02.313237][INFO][seed52] Set up logging
[2024-05-17T10:52:02.347528][INFO][seed52] args: -m;1500;-o;/mnt/beegfs/rcabanas/dev/credici/papers/causal_flavour/learntmodels/miter1500;--data;/mnt/beegfs/rcabanas/dev/credici/papers/causal_flavour/data/simple_learner_4Q10k_data.csv;-rw;-s;52;/mnt/beegfs/rcabanas/dev/credici/papers/causal_flavour/models/simple_learner_4Q10k.uai
[2024-05-17T10:52:02.348368][INFO][seed57] Starting logger with seed 57
[2024-05-17T10:52:02.349640][INFO][seed52] Starting logger with seed 52
[2024-05-17T10:52:02.338070][INFO][seed56] Set up logging
[2024-05-17T10:52:02.365664][INFO][seed56] args: -m;1500;-o;/mnt/beegfs/rcabanas/dev/credici/papers/causal_flavour/learntmodels/miter1500;--data;/mnt/beegfs/rcabanas/dev/credici/papers/causal_flavour/data/simple_learner_4Q10k_data.csv;-rw;-s;56;/mnt/beegfs/rcabanas/dev/credici/papers/causal_flavour/models/simple_learner_4Q10k.uai
[2024-05-17T10:52:02.367713][INFO][seed56] Starting logger with seed 56
[2024-05-17T10:52:02.352188][INFO][seed78] Set up logging
[2024-05-17T10:52:02.386139][INFO][seed78] args: -m;1500;-o;/mnt/beegfs/rcabanas/dev/credici/papers/causal_flavour/learntmodels/miter1500;--data;/mnt/beegfs/rcabanas/dev/credici/papers/causal_flavour/data/simple_learner_4Q10k_data.csv;-rw;-s;78;/mnt/beegfs/rcabanas/dev/credici/papers/causal_flavour/models/simple_learner_4Q10k.uai
[2024-05-17T10:52:02.389083][INFO][seed78] Starting logger with seed 78
[2024-05-17T10:52:02.380918][INFO][seed62] Set up logging
[2024-05-17T10:52:02.408283][INFO][seed62] args: -m;1500;-o;/mnt/beegfs/rcabanas/dev/credici/papers/causal_flavour/learntmodels/miter1500;--data;/mnt/beegfs/rcabanas/dev/credici/papers/causal_flavour/data/simple_learner_4Q10k_data.csv;-rw;-s;62;/mnt/beegfs/rcabanas/dev/credici/papers/causal_flavour/models/simple_learner_4Q10k.uai
[2024-05-17T10:52:02.411150][INFO][seed62] Starting logger with seed 62
[2024-05-17T10:52:02.391436][INFO][seed65] Set up logging
[2024-05-17T10:52:02.422040][INFO][seed65] args: -m;1500;-o;/mnt/beegfs/rcabanas/dev/credici/papers/causal_flavour/learntmodels/miter1500;--data;/mnt/beegfs/rcabanas/dev/credici/papers/causal_flavour/data/simple_learner_4Q10k_data.csv;-rw;-s;65;/mnt/beegfs/rcabanas/dev/credici/papers/causal_flavour/models/simple_learner_4Q10k.uai
[2024-05-17T10:52:02.424196][INFO][seed65] Starting logger with seed 65
[2024-05-17T10:52:02.471051][INFO][seed63] Set up logging
[2024-05-17T10:52:02.499205][INFO][seed63] args: -m;1500;-o;/mnt/beegfs/rcabanas/dev/credici/papers/causal_flavour/learntmodels/miter1500;--data;/mnt/beegfs/rcabanas/dev/credici/papers/causal_flavour/data/simple_learner_4Q10k_data.csv;-rw;-s;63;/mnt/beegfs/rcabanas/dev/credici/papers/causal_flavour/models/simple_learner_4Q10k.uai
[2024-05-17T10:52:02.501591][INFO][seed51] Loaded model and info: /mnt/beegfs/rcabanas/dev/credici/papers/causal_flavour/models/simple_learner_4Q10k.uai
[2024-05-17T10:52:02.501435][INFO][seed58] Loaded 10000 data instances
[2024-05-17T10:52:02.502695][INFO][seed63] Starting logger with seed 63
[2024-05-17T10:52:02.508718][INFO][seed58] Starting learning up to 1500 iterations
[2024-05-17T10:52:02.471051][INFO][seed59] Set up logging
[2024-05-17T10:52:02.509793][INFO][seed59] args: -m;1500;-o;/mnt/beegfs/rcabanas/dev/credici/papers/causal_flavour/learntmodels/miter1500;--data;/mnt/beegfs/rcabanas/dev/credici/papers/causal_flavour/data/simple_learner_4Q10k_data.csv;-rw;-s;59;/mnt/beegfs/rcabanas/dev/credici/papers/causal_flavour/models/simple_learner_4Q10k.uai
[2024-05-17T10:52:02.512235][INFO][seed59] Starting logger with seed 59
[2024-05-17T10:52:02.481475][INFO][seed55] Set up logging
[2024-05-17T10:52:02.515944][INFO][seed55] args: -m;1500;-o;/mnt/beegfs/rcabanas/dev/credici/papers/causal_flavour/learntmodels/miter1500;--data;/mnt/beegfs/rcabanas/dev/credici/papers/causal_flavour/data/simple_learner_4Q10k_data.csv;-rw;-s;55;/mnt/beegfs/rcabanas/dev/credici/papers/causal_flavour/models/simple_learner_4Q10k.uai
[2024-05-17T10:52:02.518079][INFO][seed55] Starting logger with seed 55
[2024-05-17T10:52:02.554131][INFO][seed50] Loaded 10000 data instances
[2024-05-17T10:52:02.555017][INFO][seed50] Starting learning up to 1500 iterations
[2024-05-17T10:52:02.560623][INFO][seed69] Loaded model and info: /mnt/beegfs/rcabanas/dev/credici/papers/causal_flavour/models/simple_learner_4Q10k.uai
[2024-05-17T10:52:02.567258][INFO][seed54] Loaded model and info: /mnt/beegfs/rcabanas/dev/credici/papers/causal_flavour/models/simple_learner_4Q10k.uai
[2024-05-17T10:52:02.602680][INFO][seed56] Loaded model and info: /mnt/beegfs/rcabanas/dev/credici/papers/causal_flavour/models/simple_learner_4Q10k.uai
[2024-05-17T10:52:02.622414][INFO][seed78] Loaded model and info: /mnt/beegfs/rcabanas/dev/credici/papers/causal_flavour/models/simple_learner_4Q10k.uai
[2024-05-17T10:52:02.632160][INFO][seed57] Loaded model and info: /mnt/beegfs/rcabanas/dev/credici/papers/causal_flavour/models/simple_learner_4Q10k.uai
[2024-05-17T10:52:02.649059][INFO][seed64] Loaded model and info: /mnt/beegfs/rcabanas/dev/credici/papers/causal_flavour/models/simple_learner_4Q10k.uai
[2024-05-17T10:52:02.658878][INFO][seed65] Loaded model and info: /mnt/beegfs/rcabanas/dev/credici/papers/causal_flavour/models/simple_learner_4Q10k.uai
[2024-05-17T10:52:02.682755][INFO][seed62] Loaded model and info: /mnt/beegfs/rcabanas/dev/credici/papers/causal_flavour/models/simple_learner_4Q10k.uai
[2024-05-17T10:52:02.683949][INFO][seed52] Loaded model and info: /mnt/beegfs/rcabanas/dev/credici/papers/causal_flavour/models/simple_learner_4Q10k.uai
[2024-05-17T10:52:02.712732][INFO][seed53] Loaded 10000 data instances
[2024-05-17T10:52:02.714010][INFO][seed53] Starting learning up to 1500 iterations
[2024-05-17T10:52:02.755499][INFO][seed63] Loaded model and info: /mnt/beegfs/rcabanas/dev/credici/papers/causal_flavour/models/simple_learner_4Q10k.uai
[2024-05-17T10:52:02.762367][INFO][seed55] Loaded model and info: /mnt/beegfs/rcabanas/dev/credici/papers/causal_flavour/models/simple_learner_4Q10k.uai
[2024-05-17T10:52:02.824725][INFO][seed59] Loaded model and info: /mnt/beegfs/rcabanas/dev/credici/papers/causal_flavour/models/simple_learner_4Q10k.uai
[2024-05-17T10:52:02.913517][INFO][seed51] Loaded 10000 data instances
[2024-05-17T10:52:02.919110][INFO][seed51] Starting learning up to 1500 iterations
[2024-05-17T10:52:02.945173][INFO][seed54] Loaded 10000 data instances
[2024-05-17T10:52:02.956789][INFO][seed54] Starting learning up to 1500 iterations
[2024-05-17T10:52:02.988650][INFO][seed69] Loaded 10000 data instances
[2024-05-17T10:52:03.011102][INFO][seed69] Starting learning up to 1500 iterations
[2024-05-17T10:52:03.056482][INFO][seed52] Loaded 10000 data instances
[2024-05-17T10:52:03.071221][INFO][seed52] Starting learning up to 1500 iterations
[2024-05-17T10:52:03.082814][INFO][seed65] Loaded 10000 data instances
[2024-05-17T10:52:03.084004][INFO][seed65] Starting learning up to 1500 iterations
[2024-05-17T10:52:03.084514][INFO][seed56] Loaded 10000 data instances
[2024-05-17T10:52:03.085636][INFO][seed57] Loaded 10000 data instances
[2024-05-17T10:52:03.087529][INFO][seed64] Loaded 10000 data instances
[2024-05-17T10:52:03.093673][INFO][seed56] Starting learning up to 1500 iterations
[2024-05-17T10:52:03.095554][INFO][seed64] Starting learning up to 1500 iterations
[2024-05-17T10:52:03.094873][INFO][seed78] Loaded 10000 data instances
[2024-05-17T10:52:03.097441][INFO][seed78] Starting learning up to 1500 iterations
[2024-05-17T10:52:03.098060][INFO][seed57] Starting learning up to 1500 iterations
[2024-05-17T10:52:03.106640][INFO][seed62] Loaded 10000 data instances
[2024-05-17T10:52:03.108264][INFO][seed62] Starting learning up to 1500 iterations
[2024-05-17T10:52:03.191456][INFO][seed55] Loaded 10000 data instances
[2024-05-17T10:52:03.193614][INFO][seed55] Starting learning up to 1500 iterations
[2024-05-17T10:52:03.198894][INFO][seed59] Loaded 10000 data instances
[2024-05-17T10:52:03.211488][INFO][seed63] Loaded 10000 data instances
[2024-05-17T10:52:03.212516][INFO][seed63] Starting learning up to 1500 iterations
[2024-05-17T10:52:03.213138][INFO][seed59] Starting learning up to 1500 iterations
[2024-05-17T11:28:55.652375][INFO][seed50] Ellapsed time: 2213057.ms
[2024-05-17T11:28:55.697012][INFO][seed50] Saved model at /mnt/beegfs/rcabanas/dev/credici/papers/causal_flavour/learntmodels/miter1500/simple_learner_4Q10k/model_50.uai
[2024-05-17T11:28:55.697245][INFO][seed50] Closing log file
[2024-05-17T11:28:55.697356][INFO][seed50] Closed log file
['learn.py', '1500', '74']
seed=74
/mnt/beegfs/rcabanas/dev/credici
/mnt/beegfs/rcabanas/dev/credici/papers/causal_flavour
/mnt/beegfs/rcabanas/dev/credici/papers/causal_flavour/learntmodels
/mnt/beegfs/rcabanas/dev/credici/papers/causal_flavour/models
/mnt/beegfs/rcabanas/dev/credici/target/credici-0.1.5-dev-SNAPSHOT-jar-with-dependencies.jar
/mnt/beegfs/rcabanas/dev/credici/papers/causal_flavour/code/LearnCF.java
[2024-05-17T11:28:58.098652][INFO][seed74] Set up logging
[2024-05-17T11:28:58.118955][INFO][seed74] args: -m;1500;-o;/mnt/beegfs/rcabanas/dev/credici/papers/causal_flavour/learntmodels/miter1500;--data;/mnt/beegfs/rcabanas/dev/credici/papers/causal_flavour/data/simple_learner_4Q10k_data.csv;-rw;-s;74;/mnt/beegfs/rcabanas/dev/credici/papers/causal_flavour/models/simple_learner_4Q10k.uai
[2024-05-17T11:28:58.123629][INFO][seed74] Starting logger with seed 74
[2024-05-17T11:28:58.274476][INFO][seed74] Loaded model and info: /mnt/beegfs/rcabanas/dev/credici/papers/causal_flavour/models/simple_learner_4Q10k.uai
[2024-05-17T11:28:58.584242][INFO][seed74] Loaded 10000 data instances
[2024-05-17T11:28:58.592441][INFO][seed74] Starting learning up to 1500 iterations
[2024-05-17T11:29:08.483974][INFO][seed58] Ellapsed time: 2225957.ms
[2024-05-17T11:29:08.545599][INFO][seed58] Saved model at /mnt/beegfs/rcabanas/dev/credici/papers/causal_flavour/learntmodels/miter1500/simple_learner_4Q10k/model_58.uai
[2024-05-17T11:29:08.545841][INFO][seed58] Closing log file
[2024-05-17T11:29:08.545948][INFO][seed58] Closed log file
['learn.py', '1500', '73']
seed=73
/mnt/beegfs/rcabanas/dev/credici
/mnt/beegfs/rcabanas/dev/credici/papers/causal_flavour
/mnt/beegfs/rcabanas/dev/credici/papers/causal_flavour/learntmodels
/mnt/beegfs/rcabanas/dev/credici/papers/causal_flavour/models
/mnt/beegfs/rcabanas/dev/credici/target/credici-0.1.5-dev-SNAPSHOT-jar-with-dependencies.jar
/mnt/beegfs/rcabanas/dev/credici/papers/causal_flavour/code/LearnCF.java
[2024-05-17T11:29:10.986621][INFO][seed73] Set up logging
[2024-05-17T11:29:11.007308][INFO][seed73] args: -m;1500;-o;/mnt/beegfs/rcabanas/dev/credici/papers/causal_flavour/learntmodels/miter1500;--data;/mnt/beegfs/rcabanas/dev/credici/papers/causal_flavour/data/simple_learner_4Q10k_data.csv;-rw;-s;73;/mnt/beegfs/rcabanas/dev/credici/papers/causal_flavour/models/simple_learner_4Q10k.uai
[2024-05-17T11:29:11.015163][INFO][seed73] Starting logger with seed 73
[2024-05-17T11:29:11.202469][INFO][seed73] Loaded model and info: /mnt/beegfs/rcabanas/dev/credici/papers/causal_flavour/models/simple_learner_4Q10k.uai
[2024-05-17T11:29:11.504520][INFO][seed73] Loaded 10000 data instances
[2024-05-17T11:29:11.505129][INFO][seed73] Starting learning up to 1500 iterations
[2024-05-17T11:31:54.772080][INFO][seed61] Ellapsed time: 2392467.ms
[2024-05-17T11:31:54.809943][INFO][seed61] Saved model at /mnt/beegfs/rcabanas/dev/credici/papers/causal_flavour/learntmodels/miter1500/simple_learner_4Q10k/model_61.uai
[2024-05-17T11:31:54.810251][INFO][seed61] Closing log file
[2024-05-17T11:31:54.810374][INFO][seed61] Closed log file
['learn.py', '1500', '86']
seed=86
/mnt/beegfs/rcabanas/dev/credici
/mnt/beegfs/rcabanas/dev/credici/papers/causal_flavour
/mnt/beegfs/rcabanas/dev/credici/papers/causal_flavour/learntmodels
/mnt/beegfs/rcabanas/dev/credici/papers/causal_flavour/models
/mnt/beegfs/rcabanas/dev/credici/target/credici-0.1.5-dev-SNAPSHOT-jar-with-dependencies.jar
/mnt/beegfs/rcabanas/dev/credici/papers/causal_flavour/code/LearnCF.java
[2024-05-17T11:31:57.498279][INFO][seed86] Set up logging
[2024-05-17T11:31:57.524900][INFO][seed86] args: -m;1500;-o;/mnt/beegfs/rcabanas/dev/credici/papers/causal_flavour/learntmodels/miter1500;--data;/mnt/beegfs/rcabanas/dev/credici/papers/causal_flavour/data/simple_learner_4Q10k_data.csv;-rw;-s;86;/mnt/beegfs/rcabanas/dev/credici/papers/causal_flavour/models/simple_learner_4Q10k.uai
[2024-05-17T11:31:57.528542][INFO][seed86] Starting logger with seed 86
[2024-05-17T11:31:57.783898][INFO][seed86] Loaded model and info: /mnt/beegfs/rcabanas/dev/credici/papers/causal_flavour/models/simple_learner_4Q10k.uai
[2024-05-17T11:31:58.216188][INFO][seed86] Loaded 10000 data instances
[2024-05-17T11:31:58.216949][INFO][seed86] Starting learning up to 1500 iterations
[2024-05-17T11:56:52.051938][INFO][seed63] Ellapsed time: 3888817.ms
[2024-05-17T11:56:52.108723][INFO][seed63] Saved model at /mnt/beegfs/rcabanas/dev/credici/papers/causal_flavour/learntmodels/miter1500/simple_learner_4Q10k/model_63.uai
[2024-05-17T11:56:52.109370][INFO][seed63] Closing log file
[2024-05-17T11:56:52.109532][INFO][seed63] Closed log file
['learn.py', '1500', '94']
seed=94
/mnt/beegfs/rcabanas/dev/credici
/mnt/beegfs/rcabanas/dev/credici/papers/causal_flavour
/mnt/beegfs/rcabanas/dev/credici/papers/causal_flavour/learntmodels
/mnt/beegfs/rcabanas/dev/credici/papers/causal_flavour/models
/mnt/beegfs/rcabanas/dev/credici/target/credici-0.1.5-dev-SNAPSHOT-jar-with-dependencies.jar
/mnt/beegfs/rcabanas/dev/credici/papers/causal_flavour/code/LearnCF.java
[2024-05-17T11:56:55.336544][INFO][seed94] Set up logging
[2024-05-17T11:56:55.362305][INFO][seed94] args: -m;1500;-o;/mnt/beegfs/rcabanas/dev/credici/papers/causal_flavour/learntmodels/miter1500;--data;/mnt/beegfs/rcabanas/dev/credici/papers/causal_flavour/data/simple_learner_4Q10k_data.csv;-rw;-s;94;/mnt/beegfs/rcabanas/dev/credici/papers/causal_flavour/models/simple_learner_4Q10k.uai
[2024-05-17T11:56:55.364369][INFO][seed94] Starting logger with seed 94
[2024-05-17T11:56:55.645194][INFO][seed94] Loaded model and info: /mnt/beegfs/rcabanas/dev/credici/papers/causal_flavour/models/simple_learner_4Q10k.uai
[2024-05-17T11:56:56.093519][INFO][seed94] Loaded 10000 data instances
[2024-05-17T11:56:56.096956][INFO][seed94] Starting learning up to 1500 iterations
[2024-05-17T11:57:03.162171][INFO][seed64] Ellapsed time: 3900039.ms
[2024-05-17T11:57:03.203887][INFO][seed64] Saved model at /mnt/beegfs/rcabanas/dev/credici/papers/causal_flavour/learntmodels/miter1500/simple_learner_4Q10k/model_64.uai
[2024-05-17T11:57:03.204494][INFO][seed64] Closing log file
[2024-05-17T11:57:03.204613][INFO][seed64] Closed log file
['learn.py', '1500', '76']
seed=76
/mnt/beegfs/rcabanas/dev/credici
/mnt/beegfs/rcabanas/dev/credici/papers/causal_flavour
/mnt/beegfs/rcabanas/dev/credici/papers/causal_flavour/learntmodels
/mnt/beegfs/rcabanas/dev/credici/papers/causal_flavour/models
/mnt/beegfs/rcabanas/dev/credici/target/credici-0.1.5-dev-SNAPSHOT-jar-with-dependencies.jar
/mnt/beegfs/rcabanas/dev/credici/papers/causal_flavour/code/LearnCF.java
[2024-05-17T11:57:05.324923][INFO][seed65] Ellapsed time: 3902197.ms
[2024-05-17T11:57:05.378921][INFO][seed65] Saved model at /mnt/beegfs/rcabanas/dev/credici/papers/causal_flavour/learntmodels/miter1500/simple_learner_4Q10k/model_65.uai
[2024-05-17T11:57:05.379490][INFO][seed65] Closing log file
[2024-05-17T11:57:05.379645][INFO][seed65] Closed log file
['learn.py', '1500', '81']
seed=81
/mnt/beegfs/rcabanas/dev/credici
/mnt/beegfs/rcabanas/dev/credici/papers/causal_flavour
/mnt/beegfs/rcabanas/dev/credici/papers/causal_flavour/learntmodels
/mnt/beegfs/rcabanas/dev/credici/papers/causal_flavour/models
/mnt/beegfs/rcabanas/dev/credici/target/credici-0.1.5-dev-SNAPSHOT-jar-with-dependencies.jar
/mnt/beegfs/rcabanas/dev/credici/papers/causal_flavour/code/LearnCF.java
[2024-05-17T11:57:06.575][INFO][seed76] Set up logging
[2024-05-17T11:57:06.603820][INFO][seed76] args: -m;1500;-o;/mnt/beegfs/rcabanas/dev/credici/papers/causal_flavour/learntmodels/miter1500;--data;/mnt/beegfs/rcabanas/dev/credici/papers/causal_flavour/data/simple_learner_4Q10k_data.csv;-rw;-s;76;/mnt/beegfs/rcabanas/dev/credici/papers/causal_flavour/models/simple_learner_4Q10k.uai
[2024-05-17T11:57:06.607552][INFO][seed76] Starting logger with seed 76
[2024-05-17T11:57:06.908158][INFO][seed76] Loaded model and info: /mnt/beegfs/rcabanas/dev/credici/papers/causal_flavour/models/simple_learner_4Q10k.uai
[2024-05-17T11:57:07.346286][INFO][seed76] Loaded 10000 data instances
[2024-05-17T11:57:07.354969][INFO][seed76] Starting learning up to 1500 iterations
[2024-05-17T11:57:08.773618][INFO][seed81] Set up logging
[2024-05-17T11:57:08.808120][INFO][seed81] args: -m;1500;-o;/mnt/beegfs/rcabanas/dev/credici/papers/causal_flavour/learntmodels/miter1500;--data;/mnt/beegfs/rcabanas/dev/credici/papers/causal_flavour/data/simple_learner_4Q10k_data.csv;-rw;-s;81;/mnt/beegfs/rcabanas/dev/credici/papers/causal_flavour/models/simple_learner_4Q10k.uai
[2024-05-17T11:57:08.810350][INFO][seed81] Starting logger with seed 81
[2024-05-17T11:57:09.179254][INFO][seed81] Loaded model and info: /mnt/beegfs/rcabanas/dev/credici/papers/causal_flavour/models/simple_learner_4Q10k.uai
[2024-05-17T11:57:09.528784][INFO][seed56] Ellapsed time: 3906394.ms
[2024-05-17T11:57:09.577495][INFO][seed56] Saved model at /mnt/beegfs/rcabanas/dev/credici/papers/causal_flavour/learntmodels/miter1500/simple_learner_4Q10k/model_56.uai
[2024-05-17T11:57:09.577983][INFO][seed56] Closing log file
[2024-05-17T11:57:09.578150][INFO][seed56] Closed log file
[2024-05-17T11:57:09.587337][INFO][seed81] Loaded 10000 data instances
[2024-05-17T11:57:09.598582][INFO][seed81] Starting learning up to 1500 iterations
['learn.py', '1500', '83']
seed=83
/mnt/beegfs/rcabanas/dev/credici
/mnt/beegfs/rcabanas/dev/credici/papers/causal_flavour
/mnt/beegfs/rcabanas/dev/credici/papers/causal_flavour/learntmodels
/mnt/beegfs/rcabanas/dev/credici/papers/causal_flavour/models
/mnt/beegfs/rcabanas/dev/credici/target/credici-0.1.5-dev-SNAPSHOT-jar-with-dependencies.jar
/mnt/beegfs/rcabanas/dev/credici/papers/causal_flavour/code/LearnCF.java
[2024-05-17T11:57:12.825332][INFO][seed83] Set up logging
[2024-05-17T11:57:12.857641][INFO][seed83] args: -m;1500;-o;/mnt/beegfs/rcabanas/dev/credici/papers/causal_flavour/learntmodels/miter1500;--data;/mnt/beegfs/rcabanas/dev/credici/papers/causal_flavour/data/simple_learner_4Q10k_data.csv;-rw;-s;83;/mnt/beegfs/rcabanas/dev/credici/papers/causal_flavour/models/simple_learner_4Q10k.uai
[2024-05-17T11:57:12.871009][INFO][seed83] Starting logger with seed 83
[2024-05-17T11:57:13.311301][INFO][seed83] Loaded model and info: /mnt/beegfs/rcabanas/dev/credici/papers/causal_flavour/models/simple_learner_4Q10k.uai
[2024-05-17T11:57:13.791362][INFO][seed83] Loaded 10000 data instances
[2024-05-17T11:57:13.797552][INFO][seed83] Starting learning up to 1500 iterations
[2024-05-17T11:57:19.149419][INFO][seed62] Ellapsed time: 3916024.ms
[2024-05-17T11:57:19.200683][INFO][seed62] Saved model at /mnt/beegfs/rcabanas/dev/credici/papers/causal_flavour/learntmodels/miter1500/simple_learner_4Q10k/model_62.uai
[2024-05-17T11:57:19.201275][INFO][seed62] Closing log file
[2024-05-17T11:57:19.201450][INFO][seed62] Closed log file
['learn.py', '1500', '80']
seed=80
/mnt/beegfs/rcabanas/dev/credici
/mnt/beegfs/rcabanas/dev/credici/papers/causal_flavour
/mnt/beegfs/rcabanas/dev/credici/papers/causal_flavour/learntmodels
/mnt/beegfs/rcabanas/dev/credici/papers/causal_flavour/models
/mnt/beegfs/rcabanas/dev/credici/target/credici-0.1.5-dev-SNAPSHOT-jar-with-dependencies.jar
/mnt/beegfs/rcabanas/dev/credici/papers/causal_flavour/code/LearnCF.java
[2024-05-17T11:57:20.248352][INFO][seed57] Ellapsed time: 3917133.ms
[2024-05-17T11:57:20.333072][INFO][seed57] Saved model at /mnt/beegfs/rcabanas/dev/credici/papers/causal_flavour/learntmodels/miter1500/simple_learner_4Q10k/model_57.uai
[2024-05-17T11:57:20.333658][INFO][seed57] Closing log file
[2024-05-17T11:57:20.333840][INFO][seed57] Closed log file
['learn.py', '1500', '66']
seed=66
/mnt/beegfs/rcabanas/dev/credici
/mnt/beegfs/rcabanas/dev/credici/papers/causal_flavour
/mnt/beegfs/rcabanas/dev/credici/papers/causal_flavour/learntmodels
/mnt/beegfs/rcabanas/dev/credici/papers/causal_flavour/models
/mnt/beegfs/rcabanas/dev/credici/target/credici-0.1.5-dev-SNAPSHOT-jar-with-dependencies.jar
/mnt/beegfs/rcabanas/dev/credici/papers/causal_flavour/code/LearnCF.java
[2024-05-17T11:57:22.516578][INFO][seed80] Set up logging
[2024-05-17T11:57:22.546422][INFO][seed80] args: -m;1500;-o;/mnt/beegfs/rcabanas/dev/credici/papers/causal_flavour/learntmodels/miter1500;--data;/mnt/beegfs/rcabanas/dev/credici/papers/causal_flavour/data/simple_learner_4Q10k_data.csv;-rw;-s;80;/mnt/beegfs/rcabanas/dev/credici/papers/causal_flavour/models/simple_learner_4Q10k.uai
[2024-05-17T11:57:22.548993][INFO][seed80] Starting logger with seed 80
[2024-05-17T11:57:22.823261][INFO][seed80] Loaded model and info: /mnt/beegfs/rcabanas/dev/credici/papers/causal_flavour/models/simple_learner_4Q10k.uai
[2024-05-17T11:57:23.279135][INFO][seed80] Loaded 10000 data instances
[2024-05-17T11:57:23.287583][INFO][seed80] Starting learning up to 1500 iterations
[2024-05-17T11:57:23.518314][INFO][seed66] Set up logging
[2024-05-17T11:57:23.548576][INFO][seed66] args: -m;1500;-o;/mnt/beegfs/rcabanas/dev/credici/papers/causal_flavour/learntmodels/miter1500;--data;/mnt/beegfs/rcabanas/dev/credici/papers/causal_flavour/data/simple_learner_4Q10k_data.csv;-rw;-s;66;/mnt/beegfs/rcabanas/dev/credici/papers/causal_flavour/models/simple_learner_4Q10k.uai
[2024-05-17T11:57:23.551037][INFO][seed66] Starting logger with seed 66
[2024-05-17T11:57:23.822824][INFO][seed66] Loaded model and info: /mnt/beegfs/rcabanas/dev/credici/papers/causal_flavour/models/simple_learner_4Q10k.uai
[2024-05-17T11:57:24.263256][INFO][seed66] Loaded 10000 data instances
[2024-05-17T11:57:24.277635][INFO][seed66] Starting learning up to 1500 iterations
[2024-05-17T11:57:26.307652][INFO][seed51] Ellapsed time: 3923342.ms
[2024-05-17T11:57:26.354679][INFO][seed51] Saved model at /mnt/beegfs/rcabanas/dev/credici/papers/causal_flavour/learntmodels/miter1500/simple_learner_4Q10k/model_51.uai
[2024-05-17T11:57:26.355391][INFO][seed51] Closing log file
[2024-05-17T11:57:26.355545][INFO][seed51] Closed log file
['learn.py', '1500', '79']
seed=79
/mnt/beegfs/rcabanas/dev/credici
/mnt/beegfs/rcabanas/dev/credici/papers/causal_flavour
/mnt/beegfs/rcabanas/dev/credici/papers/causal_flavour/learntmodels
/mnt/beegfs/rcabanas/dev/credici/papers/causal_flavour/models
/mnt/beegfs/rcabanas/dev/credici/target/credici-0.1.5-dev-SNAPSHOT-jar-with-dependencies.jar
/mnt/beegfs/rcabanas/dev/credici/papers/causal_flavour/code/LearnCF.java
[2024-05-17T11:57:29.640585][INFO][seed79] Set up logging
[2024-05-17T11:57:29.682296][INFO][seed79] args: -m;1500;-o;/mnt/beegfs/rcabanas/dev/credici/papers/causal_flavour/learntmodels/miter1500;--data;/mnt/beegfs/rcabanas/dev/credici/papers/causal_flavour/data/simple_learner_4Q10k_data.csv;-rw;-s;79;/mnt/beegfs/rcabanas/dev/credici/papers/causal_flavour/models/simple_learner_4Q10k.uai
[2024-05-17T11:57:29.687600][INFO][seed79] Starting logger with seed 79
[2024-05-17T11:57:29.954870][INFO][seed79] Loaded model and info: /mnt/beegfs/rcabanas/dev/credici/papers/causal_flavour/models/simple_learner_4Q10k.uai
[2024-05-17T11:57:30.393010][INFO][seed79] Loaded 10000 data instances
[2024-05-17T11:57:30.397942][INFO][seed79] Starting learning up to 1500 iterations
[2024-05-17T11:57:34.848554][INFO][seed55] Ellapsed time: 3931634.ms
[2024-05-17T11:57:34.888957][INFO][seed55] Saved model at /mnt/beegfs/rcabanas/dev/credici/papers/causal_flavour/learntmodels/miter1500/simple_learner_4Q10k/model_55.uai
[2024-05-17T11:57:34.889536][INFO][seed55] Closing log file
[2024-05-17T11:57:34.889692][INFO][seed55] Closed log file
['learn.py', '1500', '77']
seed=77
/mnt/beegfs/rcabanas/dev/credici
/mnt/beegfs/rcabanas/dev/credici/papers/causal_flavour
/mnt/beegfs/rcabanas/dev/credici/papers/causal_flavour/learntmodels
/mnt/beegfs/rcabanas/dev/credici/papers/causal_flavour/models
/mnt/beegfs/rcabanas/dev/credici/target/credici-0.1.5-dev-SNAPSHOT-jar-with-dependencies.jar
/mnt/beegfs/rcabanas/dev/credici/papers/causal_flavour/code/LearnCF.java
[2024-05-17T11:57:37.914163][INFO][seed77] Set up logging
[2024-05-17T11:57:37.943115][INFO][seed77] args: -m;1500;-o;/mnt/beegfs/rcabanas/dev/credici/papers/causal_flavour/learntmodels/miter1500;--data;/mnt/beegfs/rcabanas/dev/credici/papers/causal_flavour/data/simple_learner_4Q10k_data.csv;-rw;-s;77;/mnt/beegfs/rcabanas/dev/credici/papers/causal_flavour/models/simple_learner_4Q10k.uai
[2024-05-17T11:57:37.945255][INFO][seed77] Starting logger with seed 77
[2024-05-17T11:57:38.217790][INFO][seed77] Loaded model and info: /mnt/beegfs/rcabanas/dev/credici/papers/causal_flavour/models/simple_learner_4Q10k.uai
[2024-05-17T11:57:38.650708][INFO][seed77] Loaded 10000 data instances
[2024-05-17T11:57:38.657625][INFO][seed77] Starting learning up to 1500 iterations
[2024-05-17T11:57:44.795531][INFO][seed54] Ellapsed time: 3941794.ms
[2024-05-17T11:57:44.849806][INFO][seed54] Saved model at /mnt/beegfs/rcabanas/dev/credici/papers/causal_flavour/learntmodels/miter1500/simple_learner_4Q10k/model_54.uai
[2024-05-17T11:57:44.850384][INFO][seed54] Closing log file
[2024-05-17T11:57:44.850527][INFO][seed54] Closed log file
['learn.py', '1500', '98']
seed=98
/mnt/beegfs/rcabanas/dev/credici
/mnt/beegfs/rcabanas/dev/credici/papers/causal_flavour
/mnt/beegfs/rcabanas/dev/credici/papers/causal_flavour/learntmodels
/mnt/beegfs/rcabanas/dev/credici/papers/causal_flavour/models
/mnt/beegfs/rcabanas/dev/credici/target/credici-0.1.5-dev-SNAPSHOT-jar-with-dependencies.jar
/mnt/beegfs/rcabanas/dev/credici/papers/causal_flavour/code/LearnCF.java
[2024-05-17T11:57:48.025420][INFO][seed98] Set up logging
[2024-05-17T11:57:48.052493][INFO][seed98] args: -m;1500;-o;/mnt/beegfs/rcabanas/dev/credici/papers/causal_flavour/learntmodels/miter1500;--data;/mnt/beegfs/rcabanas/dev/credici/papers/causal_flavour/data/simple_learner_4Q10k_data.csv;-rw;-s;98;/mnt/beegfs/rcabanas/dev/credici/papers/causal_flavour/models/simple_learner_4Q10k.uai
[2024-05-17T11:57:48.059438][INFO][seed98] Starting logger with seed 98
[2024-05-17T11:57:48.351556][INFO][seed98] Loaded model and info: /mnt/beegfs/rcabanas/dev/credici/papers/causal_flavour/models/simple_learner_4Q10k.uai
[2024-05-17T11:57:48.793254][INFO][seed98] Loaded 10000 data instances
[2024-05-17T11:57:48.797707][INFO][seed98] Starting learning up to 1500 iterations
[2024-05-17T11:58:01.597407][INFO][seed53] Ellapsed time: 3958845.ms
[2024-05-17T11:58:01.652449][INFO][seed53] Saved model at /mnt/beegfs/rcabanas/dev/credici/papers/causal_flavour/learntmodels/miter1500/simple_learner_4Q10k/model_53.uai
[2024-05-17T11:58:01.653047][INFO][seed53] Closing log file
[2024-05-17T11:58:01.653219][INFO][seed53] Closed log file
['learn.py', '1500', '82']
seed=82
/mnt/beegfs/rcabanas/dev/credici
/mnt/beegfs/rcabanas/dev/credici/papers/causal_flavour
/mnt/beegfs/rcabanas/dev/credici/papers/causal_flavour/learntmodels
/mnt/beegfs/rcabanas/dev/credici/papers/causal_flavour/models
/mnt/beegfs/rcabanas/dev/credici/target/credici-0.1.5-dev-SNAPSHOT-jar-with-dependencies.jar
/mnt/beegfs/rcabanas/dev/credici/papers/causal_flavour/code/LearnCF.java
[2024-05-17T11:58:04.741866][INFO][seed82] Set up logging
[2024-05-17T11:58:04.781228][INFO][seed82] args: -m;1500;-o;/mnt/beegfs/rcabanas/dev/credici/papers/causal_flavour/learntmodels/miter1500;--data;/mnt/beegfs/rcabanas/dev/credici/papers/causal_flavour/data/simple_learner_4Q10k_data.csv;-rw;-s;82;/mnt/beegfs/rcabanas/dev/credici/papers/causal_flavour/models/simple_learner_4Q10k.uai
[2024-05-17T11:58:04.783430][INFO][seed82] Starting logger with seed 82
[2024-05-17T11:58:05.050066][INFO][seed82] Loaded model and info: /mnt/beegfs/rcabanas/dev/credici/papers/causal_flavour/models/simple_learner_4Q10k.uai
[2024-05-17T11:58:05.495012][INFO][seed82] Loaded 10000 data instances
[2024-05-17T11:58:05.503999][INFO][seed82] Starting learning up to 1500 iterations
[2024-05-17T11:58:10.747105][INFO][seed78] Ellapsed time: 3967603.ms
[2024-05-17T11:58:10.791486][INFO][seed78] Saved model at /mnt/beegfs/rcabanas/dev/credici/papers/causal_flavour/learntmodels/miter1500/simple_learner_4Q10k/model_78.uai
[2024-05-17T11:58:10.792179][INFO][seed78] Closing log file
[2024-05-17T11:58:10.792339][INFO][seed78] Closed log file
['learn.py', '1500', '99']
seed=99
/mnt/beegfs/rcabanas/dev/credici
/mnt/beegfs/rcabanas/dev/credici/papers/causal_flavour
/mnt/beegfs/rcabanas/dev/credici/papers/causal_flavour/learntmodels
/mnt/beegfs/rcabanas/dev/credici/papers/causal_flavour/models
/mnt/beegfs/rcabanas/dev/credici/target/credici-0.1.5-dev-SNAPSHOT-jar-with-dependencies.jar
/mnt/beegfs/rcabanas/dev/credici/papers/causal_flavour/code/LearnCF.java
[2024-05-17T11:58:13.231530][INFO][seed59] Ellapsed time: 3970004.ms
[2024-05-17T11:58:13.269072][INFO][seed59] Saved model at /mnt/beegfs/rcabanas/dev/credici/papers/causal_flavour/learntmodels/miter1500/simple_learner_4Q10k/model_59.uai
[2024-05-17T11:58:13.269653][INFO][seed59] Closing log file
[2024-05-17T11:58:13.269852][INFO][seed59] Closed log file
['learn.py', '1500', '67']
seed=67
/mnt/beegfs/rcabanas/dev/credici
/mnt/beegfs/rcabanas/dev/credici/papers/causal_flavour
/mnt/beegfs/rcabanas/dev/credici/papers/causal_flavour/learntmodels
/mnt/beegfs/rcabanas/dev/credici/papers/causal_flavour/models
/mnt/beegfs/rcabanas/dev/credici/target/credici-0.1.5-dev-SNAPSHOT-jar-with-dependencies.jar
/mnt/beegfs/rcabanas/dev/credici/papers/causal_flavour/code/LearnCF.java
[2024-05-17T11:58:13.889561][INFO][seed99] Set up logging
[2024-05-17T11:58:13.923936][INFO][seed99] args: -m;1500;-o;/mnt/beegfs/rcabanas/dev/credici/papers/causal_flavour/learntmodels/miter1500;--data;/mnt/beegfs/rcabanas/dev/credici/papers/causal_flavour/data/simple_learner_4Q10k_data.csv;-rw;-s;99;/mnt/beegfs/rcabanas/dev/credici/papers/causal_flavour/models/simple_learner_4Q10k.uai
[2024-05-17T11:58:13.926637][INFO][seed99] Starting logger with seed 99
[2024-05-17T11:58:14.216262][INFO][seed99] Loaded model and info: /mnt/beegfs/rcabanas/dev/credici/papers/causal_flavour/models/simple_learner_4Q10k.uai
[2024-05-17T11:58:14.678891][INFO][seed99] Loaded 10000 data instances
[2024-05-17T11:58:14.684404][INFO][seed99] Starting learning up to 1500 iterations
[2024-05-17T11:58:16.440122][INFO][seed67] Set up logging
[2024-05-17T11:58:16.462609][INFO][seed67] args: -m;1500;-o;/mnt/beegfs/rcabanas/dev/credici/papers/causal_flavour/learntmodels/miter1500;--data;/mnt/beegfs/rcabanas/dev/credici/papers/causal_flavour/data/simple_learner_4Q10k_data.csv;-rw;-s;67;/mnt/beegfs/rcabanas/dev/credici/papers/causal_flavour/models/simple_learner_4Q10k.uai
[2024-05-17T11:58:16.466481][INFO][seed67] Starting logger with seed 67
[2024-05-17T11:58:16.794840][INFO][seed67] Loaded model and info: /mnt/beegfs/rcabanas/dev/credici/papers/causal_flavour/models/simple_learner_4Q10k.uai
[2024-05-17T11:58:17.261395][INFO][seed67] Loaded 10000 data instances
[2024-05-17T11:58:17.265888][INFO][seed67] Starting learning up to 1500 iterations
[2024-05-17T11:58:22.289566][INFO][seed52] Ellapsed time: 3979202.ms
[2024-05-17T11:58:22.324923][INFO][seed52] Saved model at /mnt/beegfs/rcabanas/dev/credici/papers/causal_flavour/learntmodels/miter1500/simple_learner_4Q10k/model_52.uai
[2024-05-17T11:58:22.325402][INFO][seed52] Closing log file
[2024-05-17T11:58:22.325534][INFO][seed52] Closed log file
['learn.py', '1500', '84']
seed=84
/mnt/beegfs/rcabanas/dev/credici
/mnt/beegfs/rcabanas/dev/credici/papers/causal_flavour
/mnt/beegfs/rcabanas/dev/credici/papers/causal_flavour/learntmodels
/mnt/beegfs/rcabanas/dev/credici/papers/causal_flavour/models
/mnt/beegfs/rcabanas/dev/credici/target/credici-0.1.5-dev-SNAPSHOT-jar-with-dependencies.jar
/mnt/beegfs/rcabanas/dev/credici/papers/causal_flavour/code/LearnCF.java
[2024-05-17T11:58:23.957686][INFO][seed69] Ellapsed time: 3980932.ms
[2024-05-17T11:58:23.988561][INFO][seed69] Saved model at /mnt/beegfs/rcabanas/dev/credici/papers/causal_flavour/learntmodels/miter1500/simple_learner_4Q10k/model_69.uai
[2024-05-17T11:58:23.989083][INFO][seed69] Closing log file
[2024-05-17T11:58:23.989258][INFO][seed69] Closed log file
['learn.py', '1500', '87']
seed=87
/mnt/beegfs/rcabanas/dev/credici
/mnt/beegfs/rcabanas/dev/credici/papers/causal_flavour
/mnt/beegfs/rcabanas/dev/credici/papers/causal_flavour/learntmodels
/mnt/beegfs/rcabanas/dev/credici/papers/causal_flavour/models
/mnt/beegfs/rcabanas/dev/credici/target/credici-0.1.5-dev-SNAPSHOT-jar-with-dependencies.jar
/mnt/beegfs/rcabanas/dev/credici/papers/causal_flavour/code/LearnCF.java
[2024-05-17T11:58:25.391891][INFO][seed84] Set up logging
[2024-05-17T11:58:25.431871][INFO][seed84] args: -m;1500;-o;/mnt/beegfs/rcabanas/dev/credici/papers/causal_flavour/learntmodels/miter1500;--data;/mnt/beegfs/rcabanas/dev/credici/papers/causal_flavour/data/simple_learner_4Q10k_data.csv;-rw;-s;84;/mnt/beegfs/rcabanas/dev/credici/papers/causal_flavour/models/simple_learner_4Q10k.uai
[2024-05-17T11:58:25.434040][INFO][seed84] Starting logger with seed 84
[2024-05-17T11:58:25.697875][INFO][seed84] Loaded model and info: /mnt/beegfs/rcabanas/dev/credici/papers/causal_flavour/models/simple_learner_4Q10k.uai
[2024-05-17T11:58:26.100944][INFO][seed84] Loaded 10000 data instances
[2024-05-17T11:58:26.114303][INFO][seed84] Starting learning up to 1500 iterations
[2024-05-17T11:58:26.969363][INFO][seed87] Set up logging
[2024-05-17T11:58:26.998077][INFO][seed87] args: -m;1500;-o;/mnt/beegfs/rcabanas/dev/credici/papers/causal_flavour/learntmodels/miter1500;--data;/mnt/beegfs/rcabanas/dev/credici/papers/causal_flavour/data/simple_learner_4Q10k_data.csv;-rw;-s;87;/mnt/beegfs/rcabanas/dev/credici/papers/causal_flavour/models/simple_learner_4Q10k.uai
[2024-05-17T11:58:27.000318][INFO][seed87] Starting logger with seed 87
[2024-05-17T11:58:27.254474][INFO][seed87] Loaded model and info: /mnt/beegfs/rcabanas/dev/credici/papers/causal_flavour/models/simple_learner_4Q10k.uai
[2024-05-17T11:58:27.663643][INFO][seed87] Loaded 10000 data instances
[2024-05-17T11:58:27.670145][INFO][seed87] Starting learning up to 1500 iterations
[2024-05-17T12:05:34.916392][INFO][seed74] Ellapsed time: 2196308.ms
[2024-05-17T12:05:34.947366][INFO][seed74] Saved model at /mnt/beegfs/rcabanas/dev/credici/papers/causal_flavour/learntmodels/miter1500/simple_learner_4Q10k/model_74.uai
[2024-05-17T12:05:34.947573][INFO][seed74] Closing log file
[2024-05-17T12:05:34.947686][INFO][seed74] Closed log file
['learn.py', '1500', '85']
seed=85
/mnt/beegfs/rcabanas/dev/credici
/mnt/beegfs/rcabanas/dev/credici/papers/causal_flavour
/mnt/beegfs/rcabanas/dev/credici/papers/causal_flavour/learntmodels
/mnt/beegfs/rcabanas/dev/credici/papers/causal_flavour/models
/mnt/beegfs/rcabanas/dev/credici/target/credici-0.1.5-dev-SNAPSHOT-jar-with-dependencies.jar
/mnt/beegfs/rcabanas/dev/credici/papers/causal_flavour/code/LearnCF.java
[2024-05-17T12:05:37.347872][INFO][seed85] Set up logging
[2024-05-17T12:05:37.371713][INFO][seed85] args: -m;1500;-o;/mnt/beegfs/rcabanas/dev/credici/papers/causal_flavour/learntmodels/miter1500;--data;/mnt/beegfs/rcabanas/dev/credici/papers/causal_flavour/data/simple_learner_4Q10k_data.csv;-rw;-s;85;/mnt/beegfs/rcabanas/dev/credici/papers/causal_flavour/models/simple_learner_4Q10k.uai
[2024-05-17T12:05:37.373060][INFO][seed85] Starting logger with seed 85
[2024-05-17T12:05:37.559664][INFO][seed85] Loaded model and info: /mnt/beegfs/rcabanas/dev/credici/papers/causal_flavour/models/simple_learner_4Q10k.uai
[2024-05-17T12:05:37.883094][INFO][seed85] Loaded 10000 data instances
[2024-05-17T12:05:37.883610][INFO][seed85] Starting learning up to 1500 iterations
[2024-05-17T12:06:01.168437][INFO][seed73] Ellapsed time: 2209647.ms
[2024-05-17T12:06:01.214614][INFO][seed73] Saved model at /mnt/beegfs/rcabanas/dev/credici/papers/causal_flavour/learntmodels/miter1500/simple_learner_4Q10k/model_73.uai
[2024-05-17T12:06:01.214819][INFO][seed73] Closing log file
[2024-05-17T12:06:01.214935][INFO][seed73] Closed log file
['learn.py', '1500', '96']
seed=96
/mnt/beegfs/rcabanas/dev/credici
/mnt/beegfs/rcabanas/dev/credici/papers/causal_flavour
/mnt/beegfs/rcabanas/dev/credici/papers/causal_flavour/learntmodels
/mnt/beegfs/rcabanas/dev/credici/papers/causal_flavour/models
/mnt/beegfs/rcabanas/dev/credici/target/credici-0.1.5-dev-SNAPSHOT-jar-with-dependencies.jar
/mnt/beegfs/rcabanas/dev/credici/papers/causal_flavour/code/LearnCF.java
[2024-05-17T12:06:03.623341][INFO][seed96] Set up logging
[2024-05-17T12:06:03.651975][INFO][seed96] args: -m;1500;-o;/mnt/beegfs/rcabanas/dev/credici/papers/causal_flavour/learntmodels/miter1500;--data;/mnt/beegfs/rcabanas/dev/credici/papers/causal_flavour/data/simple_learner_4Q10k_data.csv;-rw;-s;96;/mnt/beegfs/rcabanas/dev/credici/papers/causal_flavour/models/simple_learner_4Q10k.uai
[2024-05-17T12:06:03.653294][INFO][seed96] Starting logger with seed 96
[2024-05-17T12:06:03.815440][INFO][seed96] Loaded model and info: /mnt/beegfs/rcabanas/dev/credici/papers/causal_flavour/models/simple_learner_4Q10k.uai
[2024-05-17T12:06:04.137806][INFO][seed96] Loaded 10000 data instances
[2024-05-17T12:06:04.138367][INFO][seed96] Starting learning up to 1500 iterations
[2024-05-17T12:10:29.688951][INFO][seed86] Ellapsed time: 2311452.ms
[2024-05-17T12:10:29.755503][INFO][seed86] Saved model at /mnt/beegfs/rcabanas/dev/credici/papers/causal_flavour/learntmodels/miter1500/simple_learner_4Q10k/model_86.uai
[2024-05-17T12:10:29.755741][INFO][seed86] Closing log file
[2024-05-17T12:10:29.755854][INFO][seed86] Closed log file
['learn.py', '1500', '89']
seed=89
/mnt/beegfs/rcabanas/dev/credici
/mnt/beegfs/rcabanas/dev/credici/papers/causal_flavour
/mnt/beegfs/rcabanas/dev/credici/papers/causal_flavour/learntmodels
/mnt/beegfs/rcabanas/dev/credici/papers/causal_flavour/models
/mnt/beegfs/rcabanas/dev/credici/target/credici-0.1.5-dev-SNAPSHOT-jar-with-dependencies.jar
/mnt/beegfs/rcabanas/dev/credici/papers/causal_flavour/code/LearnCF.java
[2024-05-17T12:10:32.210099][INFO][seed89] Set up logging
[2024-05-17T12:10:32.227719][INFO][seed89] args: -m;1500;-o;/mnt/beegfs/rcabanas/dev/credici/papers/causal_flavour/learntmodels/miter1500;--data;/mnt/beegfs/rcabanas/dev/credici/papers/causal_flavour/data/simple_learner_4Q10k_data.csv;-rw;-s;89;/mnt/beegfs/rcabanas/dev/credici/papers/causal_flavour/models/simple_learner_4Q10k.uai
[2024-05-17T12:10:32.240704][INFO][seed89] Starting logger with seed 89
[2024-05-17T12:10:32.410513][INFO][seed89] Loaded model and info: /mnt/beegfs/rcabanas/dev/credici/papers/causal_flavour/models/simple_learner_4Q10k.uai
[2024-05-17T12:10:32.739430][INFO][seed89] Loaded 10000 data instances
[2024-05-17T12:10:32.741128][INFO][seed89] Starting learning up to 1500 iterations
[2024-05-17T12:32:25.788602][INFO][seed83] Ellapsed time: 2111970.ms
[2024-05-17T12:32:25.836665][INFO][seed83] Saved model at /mnt/beegfs/rcabanas/dev/credici/papers/causal_flavour/learntmodels/miter1500/simple_learner_4Q10k/model_83.uai
[2024-05-17T12:32:25.836925][INFO][seed83] Closing log file
[2024-05-17T12:32:25.837043][INFO][seed83] Closed log file
['learn.py', '1500', '95']
seed=95
/mnt/beegfs/rcabanas/dev/credici
/mnt/beegfs/rcabanas/dev/credici/papers/causal_flavour
/mnt/beegfs/rcabanas/dev/credici/papers/causal_flavour/learntmodels
/mnt/beegfs/rcabanas/dev/credici/papers/causal_flavour/models
/mnt/beegfs/rcabanas/dev/credici/target/credici-0.1.5-dev-SNAPSHOT-jar-with-dependencies.jar
/mnt/beegfs/rcabanas/dev/credici/papers/causal_flavour/code/LearnCF.java
[2024-05-17T12:32:28.146961][INFO][seed95] Set up logging
[2024-05-17T12:32:28.167518][INFO][seed95] args: -m;1500;-o;/mnt/beegfs/rcabanas/dev/credici/papers/causal_flavour/learntmodels/miter1500;--data;/mnt/beegfs/rcabanas/dev/credici/papers/causal_flavour/data/simple_learner_4Q10k_data.csv;-rw;-s;95;/mnt/beegfs/rcabanas/dev/credici/papers/causal_flavour/models/simple_learner_4Q10k.uai
[2024-05-17T12:32:28.169472][INFO][seed95] Starting logger with seed 95
[2024-05-17T12:32:28.339937][INFO][seed95] Loaded model and info: /mnt/beegfs/rcabanas/dev/credici/papers/causal_flavour/models/simple_learner_4Q10k.uai
[2024-05-17T12:32:28.680708][INFO][seed95] Loaded 10000 data instances
[2024-05-17T12:32:28.683859][INFO][seed95] Starting learning up to 1500 iterations
[2024-05-17T12:32:48.383100][INFO][seed82] Ellapsed time: 2082862.ms
[2024-05-17T12:32:48.408][INFO][seed82] Saved model at /mnt/beegfs/rcabanas/dev/credici/papers/causal_flavour/learntmodels/miter1500/simple_learner_4Q10k/model_82.uai
[2024-05-17T12:32:48.408217][INFO][seed82] Closing log file
[2024-05-17T12:32:48.408318][INFO][seed82] Closed log file
['learn.py', '1500', '97']
seed=97
/mnt/beegfs/rcabanas/dev/credici
/mnt/beegfs/rcabanas/dev/credici/papers/causal_flavour
/mnt/beegfs/rcabanas/dev/credici/papers/causal_flavour/learntmodels
/mnt/beegfs/rcabanas/dev/credici/papers/causal_flavour/models
/mnt/beegfs/rcabanas/dev/credici/target/credici-0.1.5-dev-SNAPSHOT-jar-with-dependencies.jar
/mnt/beegfs/rcabanas/dev/credici/papers/causal_flavour/code/LearnCF.java
[2024-05-17T12:32:50.681276][INFO][seed97] Set up logging
[2024-05-17T12:32:50.706495][INFO][seed97] args: -m;1500;-o;/mnt/beegfs/rcabanas/dev/credici/papers/causal_flavour/learntmodels/miter1500;--data;/mnt/beegfs/rcabanas/dev/credici/papers/causal_flavour/data/simple_learner_4Q10k_data.csv;-rw;-s;97;/mnt/beegfs/rcabanas/dev/credici/papers/causal_flavour/models/simple_learner_4Q10k.uai
[2024-05-17T12:32:50.708896][INFO][seed97] Starting logger with seed 97
[2024-05-17T12:32:50.881311][INFO][seed97] Loaded model and info: /mnt/beegfs/rcabanas/dev/credici/papers/causal_flavour/models/simple_learner_4Q10k.uai
[2024-05-17T12:32:51.190435][INFO][seed97] Loaded 10000 data instances
[2024-05-17T12:32:51.198660][INFO][seed97] Starting learning up to 1500 iterations
[2024-05-17T12:32:58.770240][INFO][seed66] Ellapsed time: 2134479.ms
[2024-05-17T12:32:58.795477][INFO][seed66] Saved model at /mnt/beegfs/rcabanas/dev/credici/papers/causal_flavour/learntmodels/miter1500/simple_learner_4Q10k/model_66.uai
[2024-05-17T12:32:58.796916][INFO][seed66] Closing log file
[2024-05-17T12:32:58.797337][INFO][seed66] Closed log file
['learn.py', '1500', '71']
seed=71
/mnt/beegfs/rcabanas/dev/credici
/mnt/beegfs/rcabanas/dev/credici/papers/causal_flavour
/mnt/beegfs/rcabanas/dev/credici/papers/causal_flavour/learntmodels
/mnt/beegfs/rcabanas/dev/credici/papers/causal_flavour/models
/mnt/beegfs/rcabanas/dev/credici/target/credici-0.1.5-dev-SNAPSHOT-jar-with-dependencies.jar
/mnt/beegfs/rcabanas/dev/credici/papers/causal_flavour/code/LearnCF.java
[2024-05-17T12:33:01.167543][INFO][seed71] Set up logging
[2024-05-17T12:33:01.200216][INFO][seed71] args: -m;1500;-o;/mnt/beegfs/rcabanas/dev/credici/papers/causal_flavour/learntmodels/miter1500;--data;/mnt/beegfs/rcabanas/dev/credici/papers/causal_flavour/data/simple_learner_4Q10k_data.csv;-rw;-s;71;/mnt/beegfs/rcabanas/dev/credici/papers/causal_flavour/models/simple_learner_4Q10k.uai
[2024-05-17T12:33:01.203466][INFO][seed71] Starting logger with seed 71
[2024-05-17T12:33:01.366171][INFO][seed71] Loaded model and info: /mnt/beegfs/rcabanas/dev/credici/papers/causal_flavour/models/simple_learner_4Q10k.uai
[2024-05-17T12:33:01.696939][INFO][seed71] Loaded 10000 data instances
[2024-05-17T12:33:01.697796][INFO][seed71] Starting learning up to 1500 iterations
[2024-05-17T12:33:51.515132][INFO][seed80] Ellapsed time: 2188212.ms
[2024-05-17T12:33:51.572565][INFO][seed80] Saved model at /mnt/beegfs/rcabanas/dev/credici/papers/causal_flavour/learntmodels/miter1500/simple_learner_4Q10k/model_80.uai
[2024-05-17T12:33:51.572926][INFO][seed80] Closing log file
[2024-05-17T12:33:51.573076][INFO][seed80] Closed log file
['learn.py', '1500', '90']
seed=90
/mnt/beegfs/rcabanas/dev/credici
/mnt/beegfs/rcabanas/dev/credici/papers/causal_flavour
/mnt/beegfs/rcabanas/dev/credici/papers/causal_flavour/learntmodels
/mnt/beegfs/rcabanas/dev/credici/papers/causal_flavour/models
/mnt/beegfs/rcabanas/dev/credici/target/credici-0.1.5-dev-SNAPSHOT-jar-with-dependencies.jar
/mnt/beegfs/rcabanas/dev/credici/papers/causal_flavour/code/LearnCF.java
[2024-05-17T12:33:53.949933][INFO][seed90] Set up logging
[2024-05-17T12:33:53.983603][INFO][seed90] args: -m;1500;-o;/mnt/beegfs/rcabanas/dev/credici/papers/causal_flavour/learntmodels/miter1500;--data;/mnt/beegfs/rcabanas/dev/credici/papers/causal_flavour/data/simple_learner_4Q10k_data.csv;-rw;-s;90;/mnt/beegfs/rcabanas/dev/credici/papers/causal_flavour/models/simple_learner_4Q10k.uai
[2024-05-17T12:33:53.985249][INFO][seed90] Starting logger with seed 90
[2024-05-17T12:33:54.210590][INFO][seed90] Loaded model and info: /mnt/beegfs/rcabanas/dev/credici/papers/causal_flavour/models/simple_learner_4Q10k.uai
[2024-05-17T12:33:54.539165][INFO][seed90] Loaded 10000 data instances
[2024-05-17T12:33:54.540128][INFO][seed90] Starting learning up to 1500 iterations
[2024-05-17T12:34:07.954870][INFO][seed79] Ellapsed time: 2197510.ms
[2024-05-17T12:34:08.001927][INFO][seed79] Saved model at /mnt/beegfs/rcabanas/dev/credici/papers/causal_flavour/learntmodels/miter1500/simple_learner_4Q10k/model_79.uai
[2024-05-17T12:34:08.002271][INFO][seed79] Closing log file
[2024-05-17T12:34:08.002373][INFO][seed79] Closed log file
['learn.py', '1500', '75']
seed=75
/mnt/beegfs/rcabanas/dev/credici
/mnt/beegfs/rcabanas/dev/credici/papers/causal_flavour
/mnt/beegfs/rcabanas/dev/credici/papers/causal_flavour/learntmodels
/mnt/beegfs/rcabanas/dev/credici/papers/causal_flavour/models
/mnt/beegfs/rcabanas/dev/credici/target/credici-0.1.5-dev-SNAPSHOT-jar-with-dependencies.jar
/mnt/beegfs/rcabanas/dev/credici/papers/causal_flavour/code/LearnCF.java
[2024-05-17T12:34:10.367144][INFO][seed75] Set up logging
[2024-05-17T12:34:10.393412][INFO][seed75] args: -m;1500;-o;/mnt/beegfs/rcabanas/dev/credici/papers/causal_flavour/learntmodels/miter1500;--data;/mnt/beegfs/rcabanas/dev/credici/papers/causal_flavour/data/simple_learner_4Q10k_data.csv;-rw;-s;75;/mnt/beegfs/rcabanas/dev/credici/papers/causal_flavour/models/simple_learner_4Q10k.uai
[2024-05-17T12:34:10.395148][INFO][seed75] Starting logger with seed 75
[2024-05-17T12:34:10.562404][INFO][seed75] Loaded model and info: /mnt/beegfs/rcabanas/dev/credici/papers/causal_flavour/models/simple_learner_4Q10k.uai
[2024-05-17T12:34:10.883511][INFO][seed75] Loaded 10000 data instances
[2024-05-17T12:34:10.893853][INFO][seed75] Starting learning up to 1500 iterations
[2024-05-17T12:34:47.760049][INFO][seed76] Ellapsed time: 2260380.ms
[2024-05-17T12:34:47.808415][INFO][seed76] Saved model at /mnt/beegfs/rcabanas/dev/credici/papers/causal_flavour/learntmodels/miter1500/simple_learner_4Q10k/model_76.uai
[2024-05-17T12:34:47.808783][INFO][seed76] Closing log file
[2024-05-17T12:34:47.808899][INFO][seed76] Closed log file
['learn.py', '1500', '92']
seed=92
/mnt/beegfs/rcabanas/dev/credici
/mnt/beegfs/rcabanas/dev/credici/papers/causal_flavour
/mnt/beegfs/rcabanas/dev/credici/papers/causal_flavour/learntmodels
/mnt/beegfs/rcabanas/dev/credici/papers/causal_flavour/models
/mnt/beegfs/rcabanas/dev/credici/target/credici-0.1.5-dev-SNAPSHOT-jar-with-dependencies.jar
/mnt/beegfs/rcabanas/dev/credici/papers/causal_flavour/code/LearnCF.java
[2024-05-17T12:34:50.292939][INFO][seed92] Set up logging
[2024-05-17T12:34:50.317566][INFO][seed92] args: -m;1500;-o;/mnt/beegfs/rcabanas/dev/credici/papers/causal_flavour/learntmodels/miter1500;--data;/mnt/beegfs/rcabanas/dev/credici/papers/causal_flavour/data/simple_learner_4Q10k_data.csv;-rw;-s;92;/mnt/beegfs/rcabanas/dev/credici/papers/causal_flavour/models/simple_learner_4Q10k.uai
[2024-05-17T12:34:50.319713][INFO][seed92] Starting logger with seed 92
[2024-05-17T12:34:50.566532][INFO][seed92] Loaded model and info: /mnt/beegfs/rcabanas/dev/credici/papers/causal_flavour/models/simple_learner_4Q10k.uai
[2024-05-17T12:34:50.920648][INFO][seed92] Loaded 10000 data instances
[2024-05-17T12:34:50.921552][INFO][seed92] Starting learning up to 1500 iterations
[2024-05-17T12:34:55.875852][INFO][seed94] Ellapsed time: 2279738.ms
[2024-05-17T12:34:55.913110][INFO][seed94] Saved model at /mnt/beegfs/rcabanas/dev/credici/papers/causal_flavour/learntmodels/miter1500/simple_learner_4Q10k/model_94.uai
[2024-05-17T12:34:55.914924][INFO][seed94] Closing log file
[2024-05-17T12:34:55.915063][INFO][seed94] Closed log file
['learn.py', '1500', '93']
seed=93
/mnt/beegfs/rcabanas/dev/credici
/mnt/beegfs/rcabanas/dev/credici/papers/causal_flavour
/mnt/beegfs/rcabanas/dev/credici/papers/causal_flavour/learntmodels
/mnt/beegfs/rcabanas/dev/credici/papers/causal_flavour/models
/mnt/beegfs/rcabanas/dev/credici/target/credici-0.1.5-dev-SNAPSHOT-jar-with-dependencies.jar
/mnt/beegfs/rcabanas/dev/credici/papers/causal_flavour/code/LearnCF.java
[2024-05-17T12:34:58.409103][INFO][seed93] Set up logging
[2024-05-17T12:34:58.440270][INFO][seed93] args: -m;1500;-o;/mnt/beegfs/rcabanas/dev/credici/papers/causal_flavour/learntmodels/miter1500;--data;/mnt/beegfs/rcabanas/dev/credici/papers/causal_flavour/data/simple_learner_4Q10k_data.csv;-rw;-s;93;/mnt/beegfs/rcabanas/dev/credici/papers/causal_flavour/models/simple_learner_4Q10k.uai
[2024-05-17T12:34:58.441895][INFO][seed93] Starting logger with seed 93
[2024-05-17T12:34:58.634554][INFO][seed93] Loaded model and info: /mnt/beegfs/rcabanas/dev/credici/papers/causal_flavour/models/simple_learner_4Q10k.uai
[2024-05-17T12:34:58.996042][INFO][seed93] Loaded 10000 data instances
[2024-05-17T12:34:59.001281][INFO][seed93] Starting learning up to 1500 iterations
[2024-05-17T12:35:02.511780][INFO][seed98] Ellapsed time: 2233693.ms
[2024-05-17T12:35:02.569804][INFO][seed98] Saved model at /mnt/beegfs/rcabanas/dev/credici/papers/causal_flavour/learntmodels/miter1500/simple_learner_4Q10k/model_98.uai
[2024-05-17T12:35:02.570146][INFO][seed98] Closing log file
[2024-05-17T12:35:02.570254][INFO][seed98] Closed log file
['learn.py', '1500', '60']
seed=60
/mnt/beegfs/rcabanas/dev/credici
/mnt/beegfs/rcabanas/dev/credici/papers/causal_flavour
/mnt/beegfs/rcabanas/dev/credici/papers/causal_flavour/learntmodels
/mnt/beegfs/rcabanas/dev/credici/papers/causal_flavour/models
/mnt/beegfs/rcabanas/dev/credici/target/credici-0.1.5-dev-SNAPSHOT-jar-with-dependencies.jar
/mnt/beegfs/rcabanas/dev/credici/papers/causal_flavour/code/LearnCF.java
[2024-05-17T12:35:04.282203][INFO][seed77] Ellapsed time: 2245587.ms
[2024-05-17T12:35:04.333741][INFO][seed77] Saved model at /mnt/beegfs/rcabanas/dev/credici/papers/causal_flavour/learntmodels/miter1500/simple_learner_4Q10k/model_77.uai
[2024-05-17T12:35:04.334107][INFO][seed77] Closing log file
[2024-05-17T12:35:04.334234][INFO][seed77] Closed log file
['learn.py', '1500', '91']
seed=91
/mnt/beegfs/rcabanas/dev/credici
/mnt/beegfs/rcabanas/dev/credici/papers/causal_flavour
/mnt/beegfs/rcabanas/dev/credici/papers/causal_flavour/learntmodels
/mnt/beegfs/rcabanas/dev/credici/papers/causal_flavour/models
/mnt/beegfs/rcabanas/dev/credici/target/credici-0.1.5-dev-SNAPSHOT-jar-with-dependencies.jar
/mnt/beegfs/rcabanas/dev/credici/papers/causal_flavour/code/LearnCF.java
[2024-05-17T12:35:05.018236][INFO][seed60] Set up logging
[2024-05-17T12:35:05.041532][INFO][seed60] args: -m;1500;-o;/mnt/beegfs/rcabanas/dev/credici/papers/causal_flavour/learntmodels/miter1500;--data;/mnt/beegfs/rcabanas/dev/credici/papers/causal_flavour/data/simple_learner_4Q10k_data.csv;-rw;-s;60;/mnt/beegfs/rcabanas/dev/credici/papers/causal_flavour/models/simple_learner_4Q10k.uai
[2024-05-17T12:35:05.043687][INFO][seed60] Starting logger with seed 60
[2024-05-17T12:35:05.228916][INFO][seed60] Loaded model and info: /mnt/beegfs/rcabanas/dev/credici/papers/causal_flavour/models/simple_learner_4Q10k.uai
[2024-05-17T12:35:05.551726][INFO][seed60] Loaded 10000 data instances
[2024-05-17T12:35:05.552614][INFO][seed60] Starting learning up to 1500 iterations
[2024-05-17T12:35:06.865982][INFO][seed91] Set up logging
[2024-05-17T12:35:06.893157][INFO][seed91] args: -m;1500;-o;/mnt/beegfs/rcabanas/dev/credici/papers/causal_flavour/learntmodels/miter1500;--data;/mnt/beegfs/rcabanas/dev/credici/papers/causal_flavour/data/simple_learner_4Q10k_data.csv;-rw;-s;91;/mnt/beegfs/rcabanas/dev/credici/papers/causal_flavour/models/simple_learner_4Q10k.uai
[2024-05-17T12:35:06.898210][INFO][seed91] Starting logger with seed 91
[2024-05-17T12:35:07.169377][INFO][seed91] Loaded model and info: /mnt/beegfs/rcabanas/dev/credici/papers/causal_flavour/models/simple_learner_4Q10k.uai
[2024-05-17T12:35:07.529710][INFO][seed91] Loaded 10000 data instances
[2024-05-17T12:35:07.536833][INFO][seed91] Starting learning up to 1500 iterations
[2024-05-17T12:35:40.163825][INFO][seed81] Ellapsed time: 2310540.ms
[2024-05-17T12:35:40.220011][INFO][seed81] Saved model at /mnt/beegfs/rcabanas/dev/credici/papers/causal_flavour/learntmodels/miter1500/simple_learner_4Q10k/model_81.uai
[2024-05-17T12:35:40.220403][INFO][seed81] Closing log file
[2024-05-17T12:35:40.220517][INFO][seed81] Closed log file
['learn.py', '1500', '68']
seed=68
/mnt/beegfs/rcabanas/dev/credici
/mnt/beegfs/rcabanas/dev/credici/papers/causal_flavour
/mnt/beegfs/rcabanas/dev/credici/papers/causal_flavour/learntmodels
/mnt/beegfs/rcabanas/dev/credici/papers/causal_flavour/models
/mnt/beegfs/rcabanas/dev/credici/target/credici-0.1.5-dev-SNAPSHOT-jar-with-dependencies.jar
/mnt/beegfs/rcabanas/dev/credici/papers/causal_flavour/code/LearnCF.java
[2024-05-17T12:35:41.694721][INFO][seed99] Ellapsed time: 2246990.ms
[2024-05-17T12:35:41.755427][INFO][seed99] Saved model at /mnt/beegfs/rcabanas/dev/credici/papers/causal_flavour/learntmodels/miter1500/simple_learner_4Q10k/model_99.uai
[2024-05-17T12:35:41.755857][INFO][seed99] Closing log file
[2024-05-17T12:35:41.756085][INFO][seed99] Closed log file
['learn.py', '1500', '88']
seed=88
/mnt/beegfs/rcabanas/dev/credici
/mnt/beegfs/rcabanas/dev/credici/papers/causal_flavour
/mnt/beegfs/rcabanas/dev/credici/papers/causal_flavour/learntmodels
/mnt/beegfs/rcabanas/dev/credici/papers/causal_flavour/models
/mnt/beegfs/rcabanas/dev/credici/target/credici-0.1.5-dev-SNAPSHOT-jar-with-dependencies.jar
/mnt/beegfs/rcabanas/dev/credici/papers/causal_flavour/code/LearnCF.java
[2024-05-17T12:35:42.699905][INFO][seed68] Set up logging
[2024-05-17T12:35:42.715699][INFO][seed68] args: -m;1500;-o;/mnt/beegfs/rcabanas/dev/credici/papers/causal_flavour/learntmodels/miter1500;--data;/mnt/beegfs/rcabanas/dev/credici/papers/causal_flavour/data/simple_learner_4Q10k_data.csv;-rw;-s;68;/mnt/beegfs/rcabanas/dev/credici/papers/causal_flavour/models/simple_learner_4Q10k.uai
[2024-05-17T12:35:42.729176][INFO][seed68] Starting logger with seed 68
[2024-05-17T12:35:42.966338][INFO][seed68] Loaded model and info: /mnt/beegfs/rcabanas/dev/credici/papers/causal_flavour/models/simple_learner_4Q10k.uai
[2024-05-17T12:35:43.264496][INFO][seed68] Loaded 10000 data instances
[2024-05-17T12:35:43.277983][INFO][seed68] Starting learning up to 1500 iterations
[2024-05-17T12:35:44.168707][INFO][seed88] Set up logging
[2024-05-17T12:35:44.194374][INFO][seed88] args: -m;1500;-o;/mnt/beegfs/rcabanas/dev/credici/papers/causal_flavour/learntmodels/miter1500;--data;/mnt/beegfs/rcabanas/dev/credici/papers/causal_flavour/data/simple_learner_4Q10k_data.csv;-rw;-s;88;/mnt/beegfs/rcabanas/dev/credici/papers/causal_flavour/models/simple_learner_4Q10k.uai
[2024-05-17T12:35:44.197093][INFO][seed88] Starting logger with seed 88
[2024-05-17T12:35:44.396958][INFO][seed88] Loaded model and info: /mnt/beegfs/rcabanas/dev/credici/papers/causal_flavour/models/simple_learner_4Q10k.uai
[2024-05-17T12:35:44.792510][INFO][seed88] Loaded 10000 data instances
[2024-05-17T12:35:44.794405][INFO][seed88] Starting learning up to 1500 iterations
[2024-05-17T12:35:56.021824][INFO][seed84] Ellapsed time: 2249877.ms
[2024-05-17T12:35:56.053677][INFO][seed84] Saved model at /mnt/beegfs/rcabanas/dev/credici/papers/causal_flavour/learntmodels/miter1500/simple_learner_4Q10k/model_84.uai
[2024-05-17T12:35:56.053961][INFO][seed84] Closing log file
[2024-05-17T12:35:56.054096][INFO][seed84] Closed log file
['learn.py', '1500', '70']
seed=70
/mnt/beegfs/rcabanas/dev/credici
/mnt/beegfs/rcabanas/dev/credici/papers/causal_flavour
/mnt/beegfs/rcabanas/dev/credici/papers/causal_flavour/learntmodels
/mnt/beegfs/rcabanas/dev/credici/papers/causal_flavour/models
/mnt/beegfs/rcabanas/dev/credici/target/credici-0.1.5-dev-SNAPSHOT-jar-with-dependencies.jar
/mnt/beegfs/rcabanas/dev/credici/papers/causal_flavour/code/LearnCF.java
[2024-05-17T12:35:58.440856][INFO][seed70] Set up logging
[2024-05-17T12:35:58.460600][INFO][seed70] args: -m;1500;-o;/mnt/beegfs/rcabanas/dev/credici/papers/causal_flavour/learntmodels/miter1500;--data;/mnt/beegfs/rcabanas/dev/credici/papers/causal_flavour/data/simple_learner_4Q10k_data.csv;-rw;-s;70;/mnt/beegfs/rcabanas/dev/credici/papers/causal_flavour/models/simple_learner_4Q10k.uai
[2024-05-17T12:35:58.462110][INFO][seed70] Starting logger with seed 70
[2024-05-17T12:35:58.639908][INFO][seed70] Loaded model and info: /mnt/beegfs/rcabanas/dev/credici/papers/causal_flavour/models/simple_learner_4Q10k.uai
[2024-05-17T12:35:58.968690][INFO][seed70] Loaded 10000 data instances
[2024-05-17T12:35:58.969573][INFO][seed70] Starting learning up to 1500 iterations
[2024-05-17T12:36:21.406460][INFO][seed67] Ellapsed time: 2284119.ms
[2024-05-17T12:36:21.444098][INFO][seed67] Saved model at /mnt/beegfs/rcabanas/dev/credici/papers/causal_flavour/learntmodels/miter1500/simple_learner_4Q10k/model_67.uai
[2024-05-17T12:36:21.444423][INFO][seed67] Closing log file
[2024-05-17T12:36:21.444534][INFO][seed67] Closed log file
['learn.py', '1500', '100']
seed=100
/mnt/beegfs/rcabanas/dev/credici
/mnt/beegfs/rcabanas/dev/credici/papers/causal_flavour
/mnt/beegfs/rcabanas/dev/credici/papers/causal_flavour/learntmodels
/mnt/beegfs/rcabanas/dev/credici/papers/causal_flavour/models
/mnt/beegfs/rcabanas/dev/credici/target/credici-0.1.5-dev-SNAPSHOT-jar-with-dependencies.jar
/mnt/beegfs/rcabanas/dev/credici/papers/causal_flavour/code/LearnCF.java
[2024-05-17T12:36:23.965993][INFO][seed100] Set up logging
[2024-05-17T12:36:23.991199][INFO][seed100] args: -m;1500;-o;/mnt/beegfs/rcabanas/dev/credici/papers/causal_flavour/learntmodels/miter1500;--data;/mnt/beegfs/rcabanas/dev/credici/papers/causal_flavour/data/simple_learner_4Q10k_data.csv;-rw;-s;100;/mnt/beegfs/rcabanas/dev/credici/papers/causal_flavour/models/simple_learner_4Q10k.uai
[2024-05-17T12:36:23.998804][INFO][seed100] Starting logger with seed 100
[2024-05-17T12:36:24.248277][INFO][seed100] Loaded model and info: /mnt/beegfs/rcabanas/dev/credici/papers/causal_flavour/models/simple_learner_4Q10k.uai
[2024-05-17T12:36:24.585250][INFO][seed100] Loaded 10000 data instances
[2024-05-17T12:36:24.589592][INFO][seed100] Starting learning up to 1500 iterations
[2024-05-17T12:36:32.435048][INFO][seed87] Ellapsed time: 2284723.ms
[2024-05-17T12:36:32.469774][INFO][seed87] Saved model at /mnt/beegfs/rcabanas/dev/credici/papers/causal_flavour/learntmodels/miter1500/simple_learner_4Q10k/model_87.uai
[2024-05-17T12:36:32.470118][INFO][seed87] Closing log file
[2024-05-17T12:36:32.470246][INFO][seed87] Closed log file
['learn.py', '1500', '72']
seed=72
/mnt/beegfs/rcabanas/dev/credici
/mnt/beegfs/rcabanas/dev/credici/papers/causal_flavour
/mnt/beegfs/rcabanas/dev/credici/papers/causal_flavour/learntmodels
/mnt/beegfs/rcabanas/dev/credici/papers/causal_flavour/models
/mnt/beegfs/rcabanas/dev/credici/target/credici-0.1.5-dev-SNAPSHOT-jar-with-dependencies.jar
/mnt/beegfs/rcabanas/dev/credici/papers/causal_flavour/code/LearnCF.java
[2024-05-17T12:36:34.941376][INFO][seed72] Set up logging
[2024-05-17T12:36:34.961355][INFO][seed72] args: -m;1500;-o;/mnt/beegfs/rcabanas/dev/credici/papers/causal_flavour/learntmodels/miter1500;--data;/mnt/beegfs/rcabanas/dev/credici/papers/causal_flavour/data/simple_learner_4Q10k_data.csv;-rw;-s;72;/mnt/beegfs/rcabanas/dev/credici/papers/causal_flavour/models/simple_learner_4Q10k.uai
[2024-05-17T12:36:34.975615][INFO][seed72] Starting logger with seed 72
[2024-05-17T12:36:35.174125][INFO][seed72] Loaded model and info: /mnt/beegfs/rcabanas/dev/credici/papers/causal_flavour/models/simple_learner_4Q10k.uai
[2024-05-17T12:36:35.536142][INFO][seed72] Loaded 10000 data instances
[2024-05-17T12:36:35.537162][INFO][seed72] Starting learning up to 1500 iterations
[2024-05-17T12:42:55.240298][INFO][seed85] Ellapsed time: 2237335.ms
[2024-05-17T12:42:55.267765][INFO][seed85] Saved model at /mnt/beegfs/rcabanas/dev/credici/papers/causal_flavour/learntmodels/miter1500/simple_learner_4Q10k/model_85.uai
[2024-05-17T12:42:55.267936][INFO][seed85] Closing log file
[2024-05-17T12:42:55.268046][INFO][seed85] Closed log file
[2024-05-17T12:43:16.395956][INFO][seed96] Ellapsed time: 2232243.ms
[2024-05-17T12:43:16.424292][INFO][seed96] Saved model at /mnt/beegfs/rcabanas/dev/credici/papers/causal_flavour/learntmodels/miter1500/simple_learner_4Q10k/model_96.uai
[2024-05-17T12:43:16.424479][INFO][seed96] Closing log file
[2024-05-17T12:43:16.424594][INFO][seed96] Closed log file
[2024-05-17T12:47:32.768217][INFO][seed89] Ellapsed time: 2219987.ms
[2024-05-17T12:47:32.798176][INFO][seed89] Saved model at /mnt/beegfs/rcabanas/dev/credici/papers/causal_flavour/learntmodels/miter1500/simple_learner_4Q10k/model_89.uai
[2024-05-17T12:47:32.798381][INFO][seed89] Closing log file
[2024-05-17T12:47:32.798512][INFO][seed89] Closed log file
[2024-05-17T13:05:53.598148][INFO][seed95] Ellapsed time: 2004900.ms
[2024-05-17T13:05:53.626241][INFO][seed95] Saved model at /mnt/beegfs/rcabanas/dev/credici/papers/causal_flavour/learntmodels/miter1500/simple_learner_4Q10k/model_95.uai
[2024-05-17T13:05:53.626449][INFO][seed95] Closing log file
[2024-05-17T13:05:53.626547][INFO][seed95] Closed log file
[2024-05-17T13:06:15.139525][INFO][seed97] Ellapsed time: 2003921.ms
[2024-05-17T13:06:15.170146][INFO][seed97] Saved model at /mnt/beegfs/rcabanas/dev/credici/papers/causal_flavour/learntmodels/miter1500/simple_learner_4Q10k/model_97.uai
[2024-05-17T13:06:15.170324][INFO][seed97] Closing log file
[2024-05-17T13:06:15.170433][INFO][seed97] Closed log file
[2024-05-17T13:06:42.506519][INFO][seed71] Ellapsed time: 2020796.ms
[2024-05-17T13:06:42.531364][INFO][seed71] Saved model at /mnt/beegfs/rcabanas/dev/credici/papers/causal_flavour/learntmodels/miter1500/simple_learner_4Q10k/model_71.uai
[2024-05-17T13:06:42.532700][INFO][seed71] Closing log file
[2024-05-17T13:06:42.533089][INFO][seed71] Closed log file
[2024-05-17T13:08:35.684531][INFO][seed75] Ellapsed time: 2064759.ms
[2024-05-17T13:08:35.709834][INFO][seed75] Saved model at /mnt/beegfs/rcabanas/dev/credici/papers/causal_flavour/learntmodels/miter1500/simple_learner_4Q10k/model_75.uai
[2024-05-17T13:08:35.710044][INFO][seed75] Closing log file
[2024-05-17T13:08:35.710155][INFO][seed75] Closed log file
[2024-05-17T13:08:40.923197][INFO][seed90] Ellapsed time: 2086364.ms
[2024-05-17T13:08:40.953092][INFO][seed90] Saved model at /mnt/beegfs/rcabanas/dev/credici/papers/causal_flavour/learntmodels/miter1500/simple_learner_4Q10k/model_90.uai
[2024-05-17T13:08:40.953274][INFO][seed90] Closing log file
[2024-05-17T13:08:40.953382][INFO][seed90] Closed log file
[2024-05-17T13:10:10.497974][INFO][seed70] Ellapsed time: 2051521.ms
[2024-05-17T13:10:10.536542][INFO][seed70] Saved model at /mnt/beegfs/rcabanas/dev/credici/papers/causal_flavour/learntmodels/miter1500/simple_learner_4Q10k/model_70.uai
[2024-05-17T13:10:10.536731][INFO][seed70] Closing log file
[2024-05-17T13:10:10.536843][INFO][seed70] Closed log file
[2024-05-17T13:10:22.009786][INFO][seed93] Ellapsed time: 2122986.ms
[2024-05-17T13:10:22.062493][INFO][seed93] Saved model at /mnt/beegfs/rcabanas/dev/credici/papers/causal_flavour/learntmodels/miter1500/simple_learner_4Q10k/model_93.uai
[2024-05-17T13:10:22.062784][INFO][seed93] Closing log file
[2024-05-17T13:10:22.062907][INFO][seed93] Closed log file
[2024-05-17T13:10:29.499503][INFO][seed92] Ellapsed time: 2138557.ms
[2024-05-17T13:10:29.528041][INFO][seed92] Saved model at /mnt/beegfs/rcabanas/dev/credici/papers/causal_flavour/learntmodels/miter1500/simple_learner_4Q10k/model_92.uai
[2024-05-17T13:10:29.528273][INFO][seed92] Closing log file
[2024-05-17T13:10:29.528385][INFO][seed92] Closed log file
[2024-05-17T13:11:02.380019][INFO][seed60] Ellapsed time: 2156812.ms
[2024-05-17T13:11:02.431763][INFO][seed60] Saved model at /mnt/beegfs/rcabanas/dev/credici/papers/causal_flavour/learntmodels/miter1500/simple_learner_4Q10k/model_60.uai
[2024-05-17T13:11:02.432056][INFO][seed60] Closing log file
[2024-05-17T13:11:02.432181][INFO][seed60] Closed log file
[2024-05-17T13:11:03.996801][INFO][seed91] Ellapsed time: 2156445.ms
[2024-05-17T13:11:04.035925][INFO][seed91] Saved model at /mnt/beegfs/rcabanas/dev/credici/papers/causal_flavour/learntmodels/miter1500/simple_learner_4Q10k/model_91.uai
[2024-05-17T13:11:04.036169][INFO][seed91] Closing log file
[2024-05-17T13:11:04.036270][INFO][seed91] Closed log file
[2024-05-17T13:11:12.758803][INFO][seed88] Ellapsed time: 2127948.ms
[2024-05-17T13:11:12.817742][INFO][seed88] Saved model at /mnt/beegfs/rcabanas/dev/credici/papers/causal_flavour/learntmodels/miter1500/simple_learner_4Q10k/model_88.uai
[2024-05-17T13:11:12.817959][INFO][seed88] Closing log file
[2024-05-17T13:11:12.818079][INFO][seed88] Closed log file
[2024-05-17T13:11:29.542267][INFO][seed100] Ellapsed time: 2104934.ms
[2024-05-17T13:11:29.565688][INFO][seed100] Saved model at /mnt/beegfs/rcabanas/dev/credici/papers/causal_flavour/learntmodels/miter1500/simple_learner_4Q10k/model_100.uai
[2024-05-17T13:11:29.565862][INFO][seed100] Closing log file
[2024-05-17T13:11:29.565968][INFO][seed100] Closed log file
[2024-05-17T13:11:35.490652][INFO][seed68] Ellapsed time: 2152201.ms
[2024-05-17T13:11:35.537872][INFO][seed68] Saved model at /mnt/beegfs/rcabanas/dev/credici/papers/causal_flavour/learntmodels/miter1500/simple_learner_4Q10k/model_68.uai
[2024-05-17T13:11:35.538112][INFO][seed68] Closing log file
[2024-05-17T13:11:35.538212][INFO][seed68] Closed log file
[2024-05-17T13:13:06.723864][INFO][seed72] Ellapsed time: 2191165.ms
[2024-05-17T13:13:06.750176][INFO][seed72] Saved model at /mnt/beegfs/rcabanas/dev/credici/papers/causal_flavour/learntmodels/miter1500/simple_learner_4Q10k/model_72.uai
[2024-05-17T13:13:06.750352][INFO][seed72] Closing log file
[2024-05-17T13:13:06.750458][INFO][seed72] Closed log file
