150
1000
['learn.py', '1000', '154']
['learn.py', '1000', '152']
['learn.py', '1000', '184']
['learn.py', '1000', '182']
['learn.py', '1000', '175']
seed=154
seed=152
/mnt/beegfs/rcabanas/dev/credici
/mnt/beegfs/rcabanas/dev/credici
/mnt/beegfs/rcabanas/dev/credici/papers/causal_flavour
/mnt/beegfs/rcabanas/dev/credici/papers/causal_flavour/learntmodels
/mnt/beegfs/rcabanas/dev/credici/papers/causal_flavour
/mnt/beegfs/rcabanas/dev/credici/papers/causal_flavour/models
/mnt/beegfs/rcabanas/dev/credici/target/credici-0.1.5-dev-SNAPSHOT-jar-with-dependencies.jar
/mnt/beegfs/rcabanas/dev/credici/papers/causal_flavour/learntmodels
/mnt/beegfs/rcabanas/dev/credici/papers/causal_flavour/models
/mnt/beegfs/rcabanas/dev/credici/target/credici-0.1.5-dev-SNAPSHOT-jar-with-dependencies.jar
/mnt/beegfs/rcabanas/dev/credici/papers/causal_flavour/code/LearnCF.java
/mnt/beegfs/rcabanas/dev/credici/papers/causal_flavour/code/LearnCF.java
seed=184
/mnt/beegfs/rcabanas/dev/credici
/mnt/beegfs/rcabanas/dev/credici/papers/causal_flavour
/mnt/beegfs/rcabanas/dev/credici/papers/causal_flavour/learntmodels
['learn.py', '1000', '192']
/mnt/beegfs/rcabanas/dev/credici/papers/causal_flavour/models
seed=192
/mnt/beegfs/rcabanas/dev/credici
/mnt/beegfs/rcabanas/dev/credici/papers/causal_flavour
/mnt/beegfs/rcabanas/dev/credici/papers/causal_flavour/learntmodels
/mnt/beegfs/rcabanas/dev/credici/papers/causal_flavour/models
/mnt/beegfs/rcabanas/dev/credici/target/credici-0.1.5-dev-SNAPSHOT-jar-with-dependencies.jar
/mnt/beegfs/rcabanas/dev/credici/papers/causal_flavour/code/LearnCF.java
/mnt/beegfs/rcabanas/dev/credici/target/credici-0.1.5-dev-SNAPSHOT-jar-with-dependencies.jar
seed=175
seed=182
['learn.py', '1000', '177']
/mnt/beegfs/rcabanas/dev/credici/papers/causal_flavour/code/LearnCF.java
/mnt/beegfs/rcabanas/dev/credici
/mnt/beegfs/rcabanas/dev/credici
/mnt/beegfs/rcabanas/dev/credici/papers/causal_flavour
/mnt/beegfs/rcabanas/dev/credici/papers/causal_flavour
/mnt/beegfs/rcabanas/dev/credici/papers/causal_flavour/learntmodels
/mnt/beegfs/rcabanas/dev/credici/papers/causal_flavour/learntmodels
/mnt/beegfs/rcabanas/dev/credici/papers/causal_flavour/models
/mnt/beegfs/rcabanas/dev/credici/papers/causal_flavour/models
/mnt/beegfs/rcabanas/dev/credici/target/credici-0.1.5-dev-SNAPSHOT-jar-with-dependencies.jar
/mnt/beegfs/rcabanas/dev/credici/papers/causal_flavour/code/LearnCF.java
/mnt/beegfs/rcabanas/dev/credici/target/credici-0.1.5-dev-SNAPSHOT-jar-with-dependencies.jar
/mnt/beegfs/rcabanas/dev/credici/papers/causal_flavour/code/LearnCF.java
['learn.py', '1000', '160']
['learn.py', '1000', '157']
seed=177
/mnt/beegfs/rcabanas/dev/credici
/mnt/beegfs/rcabanas/dev/credici/papers/causal_flavour
/mnt/beegfs/rcabanas/dev/credici/papers/causal_flavour/learntmodels
/mnt/beegfs/rcabanas/dev/credici/papers/causal_flavour/models
/mnt/beegfs/rcabanas/dev/credici/target/credici-0.1.5-dev-SNAPSHOT-jar-with-dependencies.jar
/mnt/beegfs/rcabanas/dev/credici/papers/causal_flavour/code/LearnCF.java
['learn.py', '1000', '150']
['learn.py', '1000', '179']
['learn.py', '1000', '153']
seed=160
/mnt/beegfs/rcabanas/dev/credici
/mnt/beegfs/rcabanas/dev/credici/papers/causal_flavour
/mnt/beegfs/rcabanas/dev/credici/papers/causal_flavour/learntmodels
/mnt/beegfs/rcabanas/dev/credici/papers/causal_flavour/models
/mnt/beegfs/rcabanas/dev/credici/target/credici-0.1.5-dev-SNAPSHOT-jar-with-dependencies.jar
/mnt/beegfs/rcabanas/dev/credici/papers/causal_flavour/code/LearnCF.java
seed=157
/mnt/beegfs/rcabanas/dev/credici
/mnt/beegfs/rcabanas/dev/credici/papers/causal_flavour
/mnt/beegfs/rcabanas/dev/credici/papers/causal_flavour/learntmodels
seed=150
/mnt/beegfs/rcabanas/dev/credici/papers/causal_flavour/models
/mnt/beegfs/rcabanas/dev/credici
/mnt/beegfs/rcabanas/dev/credici/papers/causal_flavour
/mnt/beegfs/rcabanas/dev/credici/papers/causal_flavour/learntmodels
/mnt/beegfs/rcabanas/dev/credici/papers/causal_flavour/models
/mnt/beegfs/rcabanas/dev/credici/target/credici-0.1.5-dev-SNAPSHOT-jar-with-dependencies.jar
/mnt/beegfs/rcabanas/dev/credici/target/credici-0.1.5-dev-SNAPSHOT-jar-with-dependencies.jar
/mnt/beegfs/rcabanas/dev/credici/papers/causal_flavour/code/LearnCF.java
/mnt/beegfs/rcabanas/dev/credici/papers/causal_flavour/code/LearnCF.java
seed=179
/mnt/beegfs/rcabanas/dev/credici
/mnt/beegfs/rcabanas/dev/credici/papers/causal_flavour
/mnt/beegfs/rcabanas/dev/credici/papers/causal_flavour/learntmodels
/mnt/beegfs/rcabanas/dev/credici/papers/causal_flavour/models
/mnt/beegfs/rcabanas/dev/credici/target/credici-0.1.5-dev-SNAPSHOT-jar-with-dependencies.jar
/mnt/beegfs/rcabanas/dev/credici/papers/causal_flavour/code/LearnCF.java
seed=153
/mnt/beegfs/rcabanas/dev/credici
/mnt/beegfs/rcabanas/dev/credici/papers/causal_flavour
/mnt/beegfs/rcabanas/dev/credici/papers/causal_flavour/learntmodels
/mnt/beegfs/rcabanas/dev/credici/papers/causal_flavour/models
/mnt/beegfs/rcabanas/dev/credici/target/credici-0.1.5-dev-SNAPSHOT-jar-with-dependencies.jar
/mnt/beegfs/rcabanas/dev/credici/papers/causal_flavour/code/LearnCF.java
['learn.py', '1000', '181']
['learn.py', '1000', '197']
['learn.py', '1000', '167']
['learn.py', '1000', '183']
['learn.py', '1000', '165']
seed=181
/mnt/beegfs/rcabanas/dev/credici
/mnt/beegfs/rcabanas/dev/credici/papers/causal_flavour
/mnt/beegfs/rcabanas/dev/credici/papers/causal_flavour/learntmodels
/mnt/beegfs/rcabanas/dev/credici/papers/causal_flavour/models
/mnt/beegfs/rcabanas/dev/credici/target/credici-0.1.5-dev-SNAPSHOT-jar-with-dependencies.jar
/mnt/beegfs/rcabanas/dev/credici/papers/causal_flavour/code/LearnCF.java
['learn.py', '1000', '178']
seed=167
/mnt/beegfs/rcabanas/dev/credici
seed=197
seed=183
/mnt/beegfs/rcabanas/dev/credici/papers/causal_flavour
/mnt/beegfs/rcabanas/dev/credici
/mnt/beegfs/rcabanas/dev/credici
/mnt/beegfs/rcabanas/dev/credici/papers/causal_flavour/learntmodels
/mnt/beegfs/rcabanas/dev/credici/papers/causal_flavour
/mnt/beegfs/rcabanas/dev/credici/papers/causal_flavour
/mnt/beegfs/rcabanas/dev/credici/papers/causal_flavour/models
/mnt/beegfs/rcabanas/dev/credici/papers/causal_flavour/learntmodels
/mnt/beegfs/rcabanas/dev/credici/papers/causal_flavour/learntmodels
seed=165
/mnt/beegfs/rcabanas/dev/credici/target/credici-0.1.5-dev-SNAPSHOT-jar-with-dependencies.jar
/mnt/beegfs/rcabanas/dev/credici/papers/causal_flavour/models
/mnt/beegfs/rcabanas/dev/credici/papers/causal_flavour/models
/mnt/beegfs/rcabanas/dev/credici
/mnt/beegfs/rcabanas/dev/credici/papers/causal_flavour/code/LearnCF.java
/mnt/beegfs/rcabanas/dev/credici/target/credici-0.1.5-dev-SNAPSHOT-jar-with-dependencies.jar
/mnt/beegfs/rcabanas/dev/credici/target/credici-0.1.5-dev-SNAPSHOT-jar-with-dependencies.jar
/mnt/beegfs/rcabanas/dev/credici/papers/causal_flavour
/mnt/beegfs/rcabanas/dev/credici/papers/causal_flavour/code/LearnCF.java
/mnt/beegfs/rcabanas/dev/credici/papers/causal_flavour/code/LearnCF.java
/mnt/beegfs/rcabanas/dev/credici/papers/causal_flavour/learntmodels
seed=178
/mnt/beegfs/rcabanas/dev/credici
/mnt/beegfs/rcabanas/dev/credici/papers/causal_flavour/models
/mnt/beegfs/rcabanas/dev/credici/papers/causal_flavour
/mnt/beegfs/rcabanas/dev/credici/target/credici-0.1.5-dev-SNAPSHOT-jar-with-dependencies.jar
/mnt/beegfs/rcabanas/dev/credici/papers/causal_flavour/learntmodels
/mnt/beegfs/rcabanas/dev/credici/papers/causal_flavour/code/LearnCF.java
['learn.py', '1000', '156']
/mnt/beegfs/rcabanas/dev/credici/papers/causal_flavour/models
/mnt/beegfs/rcabanas/dev/credici/target/credici-0.1.5-dev-SNAPSHOT-jar-with-dependencies.jar
/mnt/beegfs/rcabanas/dev/credici/papers/causal_flavour/code/LearnCF.java
seed=156
/mnt/beegfs/rcabanas/dev/credici
/mnt/beegfs/rcabanas/dev/credici/papers/causal_flavour
/mnt/beegfs/rcabanas/dev/credici/papers/causal_flavour/learntmodels
/mnt/beegfs/rcabanas/dev/credici/papers/causal_flavour/models
/mnt/beegfs/rcabanas/dev/credici/target/credici-0.1.5-dev-SNAPSHOT-jar-with-dependencies.jar
/mnt/beegfs/rcabanas/dev/credici/papers/causal_flavour/code/LearnCF.java
['learn.py', '1000', '158']
['learn.py', '1000', '193']
seed=193
seed=158
/mnt/beegfs/rcabanas/dev/credici
/mnt/beegfs/rcabanas/dev/credici
/mnt/beegfs/rcabanas/dev/credici/papers/causal_flavour
/mnt/beegfs/rcabanas/dev/credici/papers/causal_flavour
/mnt/beegfs/rcabanas/dev/credici/papers/causal_flavour/learntmodels
/mnt/beegfs/rcabanas/dev/credici/papers/causal_flavour/learntmodels
/mnt/beegfs/rcabanas/dev/credici/papers/causal_flavour/models
/mnt/beegfs/rcabanas/dev/credici/target/credici-0.1.5-dev-SNAPSHOT-jar-with-dependencies.jar
/mnt/beegfs/rcabanas/dev/credici/papers/causal_flavour/models
/mnt/beegfs/rcabanas/dev/credici/target/credici-0.1.5-dev-SNAPSHOT-jar-with-dependencies.jar
/mnt/beegfs/rcabanas/dev/credici/papers/causal_flavour/code/LearnCF.java
/mnt/beegfs/rcabanas/dev/credici/papers/causal_flavour/code/LearnCF.java
['learn.py', '1000', '173']
['learn.py', '1000', '169']
['learn.py', '1000', '163']
seed=163
seed=169
seed=173
/mnt/beegfs/rcabanas/dev/credici
/mnt/beegfs/rcabanas/dev/credici
/mnt/beegfs/rcabanas/dev/credici
/mnt/beegfs/rcabanas/dev/credici/papers/causal_flavour
/mnt/beegfs/rcabanas/dev/credici/papers/causal_flavour
/mnt/beegfs/rcabanas/dev/credici/papers/causal_flavour/learntmodels
/mnt/beegfs/rcabanas/dev/credici/papers/causal_flavour
/mnt/beegfs/rcabanas/dev/credici/papers/causal_flavour/learntmodels
/mnt/beegfs/rcabanas/dev/credici/papers/causal_flavour/models
/mnt/beegfs/rcabanas/dev/credici/papers/causal_flavour/learntmodels
/mnt/beegfs/rcabanas/dev/credici/papers/causal_flavour/models
/mnt/beegfs/rcabanas/dev/credici/target/credici-0.1.5-dev-SNAPSHOT-jar-with-dependencies.jar
/mnt/beegfs/rcabanas/dev/credici/target/credici-0.1.5-dev-SNAPSHOT-jar-with-dependencies.jar
/mnt/beegfs/rcabanas/dev/credici/papers/causal_flavour/models
/mnt/beegfs/rcabanas/dev/credici/papers/causal_flavour/code/LearnCF.java
/mnt/beegfs/rcabanas/dev/credici/papers/causal_flavour/code/LearnCF.java
/mnt/beegfs/rcabanas/dev/credici/target/credici-0.1.5-dev-SNAPSHOT-jar-with-dependencies.jar
/mnt/beegfs/rcabanas/dev/credici/papers/causal_flavour/code/LearnCF.java
['learn.py', '1000', '162']
seed=162
/mnt/beegfs/rcabanas/dev/credici
/mnt/beegfs/rcabanas/dev/credici/papers/causal_flavour
/mnt/beegfs/rcabanas/dev/credici/papers/causal_flavour/learntmodels
/mnt/beegfs/rcabanas/dev/credici/papers/causal_flavour/models
/mnt/beegfs/rcabanas/dev/credici/target/credici-0.1.5-dev-SNAPSHOT-jar-with-dependencies.jar
/mnt/beegfs/rcabanas/dev/credici/papers/causal_flavour/code/LearnCF.java
['learn.py', '1000', '187']
['learn.py', '1000', '176']
['learn.py', '1000', '164']
['learn.py', '1000', '188']
seed=187
/mnt/beegfs/rcabanas/dev/credici
/mnt/beegfs/rcabanas/dev/credici/papers/causal_flavour
/mnt/beegfs/rcabanas/dev/credici/papers/causal_flavour/learntmodels
/mnt/beegfs/rcabanas/dev/credici/papers/causal_flavour/models
/mnt/beegfs/rcabanas/dev/credici/target/credici-0.1.5-dev-SNAPSHOT-jar-with-dependencies.jar
/mnt/beegfs/rcabanas/dev/credici/papers/causal_flavour/code/LearnCF.java
seed=176
/mnt/beegfs/rcabanas/dev/credici
/mnt/beegfs/rcabanas/dev/credici/papers/causal_flavour
/mnt/beegfs/rcabanas/dev/credici/papers/causal_flavour/learntmodels
/mnt/beegfs/rcabanas/dev/credici/papers/causal_flavour/models
/mnt/beegfs/rcabanas/dev/credici/target/credici-0.1.5-dev-SNAPSHOT-jar-with-dependencies.jar
['learn.py', '1000', '166']
/mnt/beegfs/rcabanas/dev/credici/papers/causal_flavour/code/LearnCF.java
seed=164
/mnt/beegfs/rcabanas/dev/credici
/mnt/beegfs/rcabanas/dev/credici/papers/causal_flavour
/mnt/beegfs/rcabanas/dev/credici/papers/causal_flavour/learntmodels
/mnt/beegfs/rcabanas/dev/credici/papers/causal_flavour/models
/mnt/beegfs/rcabanas/dev/credici/target/credici-0.1.5-dev-SNAPSHOT-jar-with-dependencies.jar
/mnt/beegfs/rcabanas/dev/credici/papers/causal_flavour/code/LearnCF.java
seed=188
/mnt/beegfs/rcabanas/dev/credici
/mnt/beegfs/rcabanas/dev/credici/papers/causal_flavour
/mnt/beegfs/rcabanas/dev/credici/papers/causal_flavour/learntmodels
/mnt/beegfs/rcabanas/dev/credici/papers/causal_flavour/models
/mnt/beegfs/rcabanas/dev/credici/target/credici-0.1.5-dev-SNAPSHOT-jar-with-dependencies.jar
/mnt/beegfs/rcabanas/dev/credici/papers/causal_flavour/code/LearnCF.java
['learn.py', '1000', '180']
['learn.py', '1000', '190']
seed=166
/mnt/beegfs/rcabanas/dev/credici
/mnt/beegfs/rcabanas/dev/credici/papers/causal_flavour
/mnt/beegfs/rcabanas/dev/credici/papers/causal_flavour/learntmodels
/mnt/beegfs/rcabanas/dev/credici/papers/causal_flavour/models
/mnt/beegfs/rcabanas/dev/credici/target/credici-0.1.5-dev-SNAPSHOT-jar-with-dependencies.jar
/mnt/beegfs/rcabanas/dev/credici/papers/causal_flavour/code/LearnCF.java
['learn.py', '1000', '172']
['learn.py', '1000', '161']
seed=180
/mnt/beegfs/rcabanas/dev/credici
/mnt/beegfs/rcabanas/dev/credici/papers/causal_flavour
/mnt/beegfs/rcabanas/dev/credici/papers/causal_flavour/learntmodels
/mnt/beegfs/rcabanas/dev/credici/papers/causal_flavour/models
/mnt/beegfs/rcabanas/dev/credici/target/credici-0.1.5-dev-SNAPSHOT-jar-with-dependencies.jar
['learn.py', '1000', '168']
/mnt/beegfs/rcabanas/dev/credici/papers/causal_flavour/code/LearnCF.java
seed=190
['learn.py', '1000', '191']
/mnt/beegfs/rcabanas/dev/credici
/mnt/beegfs/rcabanas/dev/credici/papers/causal_flavour
/mnt/beegfs/rcabanas/dev/credici/papers/causal_flavour/learntmodels
/mnt/beegfs/rcabanas/dev/credici/papers/causal_flavour/models
/mnt/beegfs/rcabanas/dev/credici/target/credici-0.1.5-dev-SNAPSHOT-jar-with-dependencies.jar
/mnt/beegfs/rcabanas/dev/credici/papers/causal_flavour/code/LearnCF.java
seed=172
/mnt/beegfs/rcabanas/dev/credici
/mnt/beegfs/rcabanas/dev/credici/papers/causal_flavour
/mnt/beegfs/rcabanas/dev/credici/papers/causal_flavour/learntmodels
/mnt/beegfs/rcabanas/dev/credici/papers/causal_flavour/models
/mnt/beegfs/rcabanas/dev/credici/target/credici-0.1.5-dev-SNAPSHOT-jar-with-dependencies.jar
/mnt/beegfs/rcabanas/dev/credici/papers/causal_flavour/code/LearnCF.java
['learn.py', '1000', '170']
['learn.py', '1000', '171']
['learn.py', '1000', '186']
['learn.py', '1000', '194']
['learn.py', '1000', '174']
['learn.py', '1000', '155']
seed=161
/mnt/beegfs/rcabanas/dev/credici
/mnt/beegfs/rcabanas/dev/credici/papers/causal_flavour
/mnt/beegfs/rcabanas/dev/credici/papers/causal_flavour/learntmodels
/mnt/beegfs/rcabanas/dev/credici/papers/causal_flavour/models
/mnt/beegfs/rcabanas/dev/credici/target/credici-0.1.5-dev-SNAPSHOT-jar-with-dependencies.jar
['learn.py', '1000', '195']
/mnt/beegfs/rcabanas/dev/credici/papers/causal_flavour/code/LearnCF.java
seed=168
/mnt/beegfs/rcabanas/dev/credici
/mnt/beegfs/rcabanas/dev/credici/papers/causal_flavour
seed=191
/mnt/beegfs/rcabanas/dev/credici/papers/causal_flavour/learntmodels
/mnt/beegfs/rcabanas/dev/credici
/mnt/beegfs/rcabanas/dev/credici/papers/causal_flavour/models
/mnt/beegfs/rcabanas/dev/credici/papers/causal_flavour
/mnt/beegfs/rcabanas/dev/credici/papers/causal_flavour/learntmodels
/mnt/beegfs/rcabanas/dev/credici/papers/causal_flavour/models
/mnt/beegfs/rcabanas/dev/credici/target/credici-0.1.5-dev-SNAPSHOT-jar-with-dependencies.jar
/mnt/beegfs/rcabanas/dev/credici/papers/causal_flavour/code/LearnCF.java
/mnt/beegfs/rcabanas/dev/credici/target/credici-0.1.5-dev-SNAPSHOT-jar-with-dependencies.jar
/mnt/beegfs/rcabanas/dev/credici/papers/causal_flavour/code/LearnCF.java
seed=170
seed=171
/mnt/beegfs/rcabanas/dev/credici
/mnt/beegfs/rcabanas/dev/credici/papers/causal_flavour
/mnt/beegfs/rcabanas/dev/credici/papers/causal_flavour/learntmodels
/mnt/beegfs/rcabanas/dev/credici/papers/causal_flavour/models
/mnt/beegfs/rcabanas/dev/credici/target/credici-0.1.5-dev-SNAPSHOT-jar-with-dependencies.jar
/mnt/beegfs/rcabanas/dev/credici/papers/causal_flavour/code/LearnCF.java
seed=186
/mnt/beegfs/rcabanas/dev/credici
seed=194
seed=174
/mnt/beegfs/rcabanas/dev/credici
/mnt/beegfs/rcabanas/dev/credici/papers/causal_flavour
/mnt/beegfs/rcabanas/dev/credici/papers/causal_flavour/learntmodels
/mnt/beegfs/rcabanas/dev/credici/papers/causal_flavour/models
/mnt/beegfs/rcabanas/dev/credici/target/credici-0.1.5-dev-SNAPSHOT-jar-with-dependencies.jar
/mnt/beegfs/rcabanas/dev/credici/papers/causal_flavour/code/LearnCF.java
/mnt/beegfs/rcabanas/dev/credici/papers/causal_flavour
/mnt/beegfs/rcabanas/dev/credici
/mnt/beegfs/rcabanas/dev/credici
seed=155
/mnt/beegfs/rcabanas/dev/credici
/mnt/beegfs/rcabanas/dev/credici/papers/causal_flavour
/mnt/beegfs/rcabanas/dev/credici/papers/causal_flavour/learntmodels
/mnt/beegfs/rcabanas/dev/credici/papers/causal_flavour
/mnt/beegfs/rcabanas/dev/credici/papers/causal_flavour
/mnt/beegfs/rcabanas/dev/credici/papers/causal_flavour/learntmodels
/mnt/beegfs/rcabanas/dev/credici/papers/causal_flavour/models
/mnt/beegfs/rcabanas/dev/credici/target/credici-0.1.5-dev-SNAPSHOT-jar-with-dependencies.jar
/mnt/beegfs/rcabanas/dev/credici/papers/causal_flavour/models
/mnt/beegfs/rcabanas/dev/credici/papers/causal_flavour/learntmodels
/mnt/beegfs/rcabanas/dev/credici/papers/causal_flavour/learntmodels
seed=195
/mnt/beegfs/rcabanas/dev/credici
/mnt/beegfs/rcabanas/dev/credici/papers/causal_flavour
/mnt/beegfs/rcabanas/dev/credici/papers/causal_flavour/learntmodels
['learn.py', '1000', '199']
/mnt/beegfs/rcabanas/dev/credici/papers/causal_flavour/code/LearnCF.java
/mnt/beegfs/rcabanas/dev/credici/target/credici-0.1.5-dev-SNAPSHOT-jar-with-dependencies.jar
/mnt/beegfs/rcabanas/dev/credici/papers/causal_flavour/models
/mnt/beegfs/rcabanas/dev/credici/papers/causal_flavour/models
/mnt/beegfs/rcabanas/dev/credici/target/credici-0.1.5-dev-SNAPSHOT-jar-with-dependencies.jar
/mnt/beegfs/rcabanas/dev/credici/papers/causal_flavour/code/LearnCF.java
/mnt/beegfs/rcabanas/dev/credici/papers/causal_flavour/models
/mnt/beegfs/rcabanas/dev/credici/target/credici-0.1.5-dev-SNAPSHOT-jar-with-dependencies.jar
/mnt/beegfs/rcabanas/dev/credici/papers/causal_flavour/code/LearnCF.java
/mnt/beegfs/rcabanas/dev/credici/papers/causal_flavour/code/LearnCF.java
/mnt/beegfs/rcabanas/dev/credici/target/credici-0.1.5-dev-SNAPSHOT-jar-with-dependencies.jar
['learn.py', '1000', '151']
/mnt/beegfs/rcabanas/dev/credici/papers/causal_flavour/code/LearnCF.java
['learn.py', '1000', '198']
seed=199
/mnt/beegfs/rcabanas/dev/credici
/mnt/beegfs/rcabanas/dev/credici/papers/causal_flavour
/mnt/beegfs/rcabanas/dev/credici/papers/causal_flavour/learntmodels
/mnt/beegfs/rcabanas/dev/credici/papers/causal_flavour/models
/mnt/beegfs/rcabanas/dev/credici/target/credici-0.1.5-dev-SNAPSHOT-jar-with-dependencies.jar
/mnt/beegfs/rcabanas/dev/credici/papers/causal_flavour/code/LearnCF.java
['learn.py', '1000', '189']
['learn.py', '1000', '196']
['learn.py', '1000', '185']
seed=151
/mnt/beegfs/rcabanas/dev/credici
/mnt/beegfs/rcabanas/dev/credici/papers/causal_flavour
/mnt/beegfs/rcabanas/dev/credici/papers/causal_flavour/learntmodels
/mnt/beegfs/rcabanas/dev/credici/papers/causal_flavour/models
/mnt/beegfs/rcabanas/dev/credici/target/credici-0.1.5-dev-SNAPSHOT-jar-with-dependencies.jar
/mnt/beegfs/rcabanas/dev/credici/papers/causal_flavour/code/LearnCF.java
['learn.py', '1000', '200']
seed=198
/mnt/beegfs/rcabanas/dev/credici
/mnt/beegfs/rcabanas/dev/credici/papers/causal_flavour
/mnt/beegfs/rcabanas/dev/credici/papers/causal_flavour/learntmodels
/mnt/beegfs/rcabanas/dev/credici/papers/causal_flavour/models
/mnt/beegfs/rcabanas/dev/credici/target/credici-0.1.5-dev-SNAPSHOT-jar-with-dependencies.jar
/mnt/beegfs/rcabanas/dev/credici/papers/causal_flavour/code/LearnCF.java
seed=189
/mnt/beegfs/rcabanas/dev/credici
seed=196
/mnt/beegfs/rcabanas/dev/credici
/mnt/beegfs/rcabanas/dev/credici/papers/causal_flavour
/mnt/beegfs/rcabanas/dev/credici/papers/causal_flavour/learntmodels
/mnt/beegfs/rcabanas/dev/credici/papers/causal_flavour/models
/mnt/beegfs/rcabanas/dev/credici/target/credici-0.1.5-dev-SNAPSHOT-jar-with-dependencies.jar
/mnt/beegfs/rcabanas/dev/credici/papers/causal_flavour/code/LearnCF.java
/mnt/beegfs/rcabanas/dev/credici/papers/causal_flavour
seed=185
/mnt/beegfs/rcabanas/dev/credici
/mnt/beegfs/rcabanas/dev/credici/papers/causal_flavour
/mnt/beegfs/rcabanas/dev/credici/papers/causal_flavour/learntmodels
/mnt/beegfs/rcabanas/dev/credici/papers/causal_flavour/models
/mnt/beegfs/rcabanas/dev/credici/target/credici-0.1.5-dev-SNAPSHOT-jar-with-dependencies.jar
/mnt/beegfs/rcabanas/dev/credici/papers/causal_flavour/code/LearnCF.java
/mnt/beegfs/rcabanas/dev/credici/papers/causal_flavour/learntmodels
/mnt/beegfs/rcabanas/dev/credici/papers/causal_flavour/models
/mnt/beegfs/rcabanas/dev/credici/target/credici-0.1.5-dev-SNAPSHOT-jar-with-dependencies.jar
/mnt/beegfs/rcabanas/dev/credici/papers/causal_flavour/code/LearnCF.java
seed=200
/mnt/beegfs/rcabanas/dev/credici
/mnt/beegfs/rcabanas/dev/credici/papers/causal_flavour
/mnt/beegfs/rcabanas/dev/credici/papers/causal_flavour/learntmodels
/mnt/beegfs/rcabanas/dev/credici/papers/causal_flavour/models
/mnt/beegfs/rcabanas/dev/credici/target/credici-0.1.5-dev-SNAPSHOT-jar-with-dependencies.jar
/mnt/beegfs/rcabanas/dev/credici/papers/causal_flavour/code/LearnCF.java
[2024-04-15T09:33:01.202506][INFO][seed154] Set up logging
[2024-04-15T09:33:01.193854][INFO][seed184] Set up logging
[2024-04-15T09:33:01.219796][INFO][seed184] args: -m;1000;-o;/mnt/beegfs/rcabanas/dev/credici/papers/causal_flavour/learntmodels/miter1000;--data;/mnt/beegfs/rcabanas/dev/credici/papers/causal_flavour/data/simple_learner_10Q_data.csv;-rw;-s;184;/mnt/beegfs/rcabanas/dev/credici/papers/causal_flavour/models/simple_learner_10Q.uai
[2024-04-15T09:33:01.222865][INFO][seed184] Starting logger with seed 184
[2024-04-15T09:33:01.210484][INFO][seed152] Set up logging
[2024-04-15T09:33:01.211217][INFO][seed192] Set up logging
[2024-04-15T09:33:01.226944][INFO][seed152] args: -m;1000;-o;/mnt/beegfs/rcabanas/dev/credici/papers/causal_flavour/learntmodels/miter1000;--data;/mnt/beegfs/rcabanas/dev/credici/papers/causal_flavour/data/simple_learner_10Q_data.csv;-rw;-s;152;/mnt/beegfs/rcabanas/dev/credici/papers/causal_flavour/models/simple_learner_10Q.uai
[2024-04-15T09:33:01.228157][INFO][seed192] args: -m;1000;-o;/mnt/beegfs/rcabanas/dev/credici/papers/causal_flavour/learntmodels/miter1000;--data;/mnt/beegfs/rcabanas/dev/credici/papers/causal_flavour/data/simple_learner_10Q_data.csv;-rw;-s;192;/mnt/beegfs/rcabanas/dev/credici/papers/causal_flavour/models/simple_learner_10Q.uai
[2024-04-15T09:33:01.201316][INFO][seed153] Set up logging
[2024-04-15T09:33:01.228697][INFO][seed154] args: -m;1000;-o;/mnt/beegfs/rcabanas/dev/credici/papers/causal_flavour/learntmodels/miter1000;--data;/mnt/beegfs/rcabanas/dev/credici/papers/causal_flavour/data/simple_learner_10Q_data.csv;-rw;-s;154;/mnt/beegfs/rcabanas/dev/credici/papers/causal_flavour/models/simple_learner_10Q.uai
[2024-04-15T09:33:01.229224][INFO][seed153] args: -m;1000;-o;/mnt/beegfs/rcabanas/dev/credici/papers/causal_flavour/learntmodels/miter1000;--data;/mnt/beegfs/rcabanas/dev/credici/papers/causal_flavour/data/simple_learner_10Q_data.csv;-rw;-s;153;/mnt/beegfs/rcabanas/dev/credici/papers/causal_flavour/models/simple_learner_10Q.uai
[2024-04-15T09:33:01.231150][INFO][seed154] Starting logger with seed 154
[2024-04-15T09:33:01.236049][INFO][seed192] Starting logger with seed 192
[2024-04-15T09:33:01.225127][INFO][seed175] Set up logging
[2024-04-15T09:33:01.211668][INFO][seed160] Set up logging
[2024-04-15T09:33:01.238516][INFO][seed175] args: -m;1000;-o;/mnt/beegfs/rcabanas/dev/credici/papers/causal_flavour/learntmodels/miter1000;--data;/mnt/beegfs/rcabanas/dev/credici/papers/causal_flavour/data/simple_learner_10Q_data.csv;-rw;-s;175;/mnt/beegfs/rcabanas/dev/credici/papers/causal_flavour/models/simple_learner_10Q.uai
[2024-04-15T09:33:01.238478][INFO][seed160] args: -m;1000;-o;/mnt/beegfs/rcabanas/dev/credici/papers/causal_flavour/learntmodels/miter1000;--data;/mnt/beegfs/rcabanas/dev/credici/papers/causal_flavour/data/simple_learner_10Q_data.csv;-rw;-s;160;/mnt/beegfs/rcabanas/dev/credici/papers/causal_flavour/models/simple_learner_10Q.uai
[2024-04-15T09:33:01.240643][INFO][seed160] Starting logger with seed 160
[2024-04-15T09:33:01.241164][INFO][seed152] Starting logger with seed 152
[2024-04-15T09:33:01.207409][INFO][seed157] Set up logging
[2024-04-15T09:33:01.241975][INFO][seed157] args: -m;1000;-o;/mnt/beegfs/rcabanas/dev/credici/papers/causal_flavour/learntmodels/miter1000;--data;/mnt/beegfs/rcabanas/dev/credici/papers/causal_flavour/data/simple_learner_10Q_data.csv;-rw;-s;157;/mnt/beegfs/rcabanas/dev/credici/papers/causal_flavour/models/simple_learner_10Q.uai
[2024-04-15T09:33:01.243938][INFO][seed157] Starting logger with seed 157
[2024-04-15T09:33:01.243282][INFO][seed153] Starting logger with seed 153
[2024-04-15T09:33:01.247624][INFO][seed175] Starting logger with seed 175
[2024-04-15T09:33:01.218703][INFO][seed150] Set up logging
[2024-04-15T09:33:01.253999][INFO][seed150] args: -m;1000;-o;/mnt/beegfs/rcabanas/dev/credici/papers/causal_flavour/learntmodels/miter1000;--data;/mnt/beegfs/rcabanas/dev/credici/papers/causal_flavour/data/simple_learner_10Q_data.csv;-rw;-s;150;/mnt/beegfs/rcabanas/dev/credici/papers/causal_flavour/models/simple_learner_10Q.uai
[2024-04-15T09:33:01.256746][INFO][seed150] Starting logger with seed 150
[2024-04-15T09:33:01.243900][INFO][seed179] Set up logging
[2024-04-15T09:33:01.235328][INFO][seed177] Set up logging
[2024-04-15T09:33:01.260136][INFO][seed177] args: -m;1000;-o;/mnt/beegfs/rcabanas/dev/credici/papers/causal_flavour/learntmodels/miter1000;--data;/mnt/beegfs/rcabanas/dev/credici/papers/causal_flavour/data/simple_learner_10Q_data.csv;-rw;-s;177;/mnt/beegfs/rcabanas/dev/credici/papers/causal_flavour/models/simple_learner_10Q.uai
[2024-04-15T09:33:01.238972][INFO][seed182] Set up logging
[2024-04-15T09:33:01.265465][INFO][seed182] args: -m;1000;-o;/mnt/beegfs/rcabanas/dev/credici/papers/causal_flavour/learntmodels/miter1000;--data;/mnt/beegfs/rcabanas/dev/credici/papers/causal_flavour/data/simple_learner_10Q_data.csv;-rw;-s;182;/mnt/beegfs/rcabanas/dev/credici/papers/causal_flavour/models/simple_learner_10Q.uai
[2024-04-15T09:33:01.268602][INFO][seed179] args: -m;1000;-o;/mnt/beegfs/rcabanas/dev/credici/papers/causal_flavour/learntmodels/miter1000;--data;/mnt/beegfs/rcabanas/dev/credici/papers/causal_flavour/data/simple_learner_10Q_data.csv;-rw;-s;179;/mnt/beegfs/rcabanas/dev/credici/papers/causal_flavour/models/simple_learner_10Q.uai
[2024-04-15T09:33:01.269531][INFO][seed182] Starting logger with seed 182
[2024-04-15T09:33:01.270704][INFO][seed177] Starting logger with seed 177
[2024-04-15T09:33:01.271846][INFO][seed179] Starting logger with seed 179
[2024-04-15T09:33:01.265794][INFO][seed167] Set up logging
[2024-04-15T09:33:01.294597][INFO][seed167] args: -m;1000;-o;/mnt/beegfs/rcabanas/dev/credici/papers/causal_flavour/learntmodels/miter1000;--data;/mnt/beegfs/rcabanas/dev/credici/papers/causal_flavour/data/simple_learner_10Q_data.csv;-rw;-s;167;/mnt/beegfs/rcabanas/dev/credici/papers/causal_flavour/models/simple_learner_10Q.uai
[2024-04-15T09:33:01.272373][INFO][seed197] Set up logging
[2024-04-15T09:33:01.296520][INFO][seed197] args: -m;1000;-o;/mnt/beegfs/rcabanas/dev/credici/papers/causal_flavour/learntmodels/miter1000;--data;/mnt/beegfs/rcabanas/dev/credici/papers/causal_flavour/data/simple_learner_10Q_data.csv;-rw;-s;197;/mnt/beegfs/rcabanas/dev/credici/papers/causal_flavour/models/simple_learner_10Q.uai
[2024-04-15T09:33:01.298143][INFO][seed167] Starting logger with seed 167
[2024-04-15T09:33:01.304613][INFO][seed197] Starting logger with seed 197
[2024-04-15T09:33:01.291494][INFO][seed183] Set up logging
[2024-04-15T09:33:01.321599][INFO][seed183] args: -m;1000;-o;/mnt/beegfs/rcabanas/dev/credici/papers/causal_flavour/learntmodels/miter1000;--data;/mnt/beegfs/rcabanas/dev/credici/papers/causal_flavour/data/simple_learner_10Q_data.csv;-rw;-s;183;/mnt/beegfs/rcabanas/dev/credici/papers/causal_flavour/models/simple_learner_10Q.uai
[2024-04-15T09:33:01.325015][INFO][seed183] Starting logger with seed 183
[2024-04-15T09:33:01.368583][INFO][seed165] Set up logging
[2024-04-15T09:33:01.350709][INFO][seed181] Set up logging
[2024-04-15T09:33:01.382481][INFO][seed181] args: -m;1000;-o;/mnt/beegfs/rcabanas/dev/credici/papers/causal_flavour/learntmodels/miter1000;--data;/mnt/beegfs/rcabanas/dev/credici/papers/causal_flavour/data/simple_learner_10Q_data.csv;-rw;-s;181;/mnt/beegfs/rcabanas/dev/credici/papers/causal_flavour/models/simple_learner_10Q.uai
[2024-04-15T09:33:01.383163][INFO][seed165] args: -m;1000;-o;/mnt/beegfs/rcabanas/dev/credici/papers/causal_flavour/learntmodels/miter1000;--data;/mnt/beegfs/rcabanas/dev/credici/papers/causal_flavour/data/simple_learner_10Q_data.csv;-rw;-s;165;/mnt/beegfs/rcabanas/dev/credici/papers/causal_flavour/models/simple_learner_10Q.uai
[2024-04-15T09:33:01.386524][INFO][seed181] Starting logger with seed 181
[2024-04-15T09:33:01.392632][INFO][seed165] Starting logger with seed 165
[2024-04-15T09:33:01.374220][INFO][seed178] Set up logging
[2024-04-15T09:33:01.397018][INFO][seed178] args: -m;1000;-o;/mnt/beegfs/rcabanas/dev/credici/papers/causal_flavour/learntmodels/miter1000;--data;/mnt/beegfs/rcabanas/dev/credici/papers/causal_flavour/data/simple_learner_10Q_data.csv;-rw;-s;178;/mnt/beegfs/rcabanas/dev/credici/papers/causal_flavour/models/simple_learner_10Q.uai
[2024-04-15T09:33:01.376737][INFO][seed158] Set up logging
[2024-04-15T09:33:01.408321][INFO][seed158] args: -m;1000;-o;/mnt/beegfs/rcabanas/dev/credici/papers/causal_flavour/learntmodels/miter1000;--data;/mnt/beegfs/rcabanas/dev/credici/papers/causal_flavour/data/simple_learner_10Q_data.csv;-rw;-s;158;/mnt/beegfs/rcabanas/dev/credici/papers/causal_flavour/models/simple_learner_10Q.uai
[2024-04-15T09:33:01.411531][INFO][seed178] Starting logger with seed 178
[2024-04-15T09:33:01.413133][INFO][seed158] Starting logger with seed 158
[2024-04-15T09:33:01.412466][INFO][seed187] Set up logging
[2024-04-15T09:33:01.429419][INFO][seed187] args: -m;1000;-o;/mnt/beegfs/rcabanas/dev/credici/papers/causal_flavour/learntmodels/miter1000;--data;/mnt/beegfs/rcabanas/dev/credici/papers/causal_flavour/data/simple_learner_10Q_data.csv;-rw;-s;187;/mnt/beegfs/rcabanas/dev/credici/papers/causal_flavour/models/simple_learner_10Q.uai
[2024-04-15T09:33:01.441259][INFO][seed187] Starting logger with seed 187
[2024-04-15T09:33:01.504581][INFO][seed156] Set up logging
[2024-04-15T09:33:01.534461][INFO][seed156] args: -m;1000;-o;/mnt/beegfs/rcabanas/dev/credici/papers/causal_flavour/learntmodels/miter1000;--data;/mnt/beegfs/rcabanas/dev/credici/papers/causal_flavour/data/simple_learner_10Q_data.csv;-rw;-s;156;/mnt/beegfs/rcabanas/dev/credici/papers/causal_flavour/models/simple_learner_10Q.uai
[2024-04-15T09:33:01.543623][INFO][seed156] Starting logger with seed 156
[2024-04-15T09:33:01.622560][INFO][seed154] Loaded model and info: /mnt/beegfs/rcabanas/dev/credici/papers/causal_flavour/models/simple_learner_10Q.uai
[2024-04-15T09:33:01.634042][INFO][seed169] Set up logging
[2024-04-15T09:33:01.646059][INFO][seed184] Loaded model and info: /mnt/beegfs/rcabanas/dev/credici/papers/causal_flavour/models/simple_learner_10Q.uai
[2024-04-15T09:33:01.647442][INFO][seed169] args: -m;1000;-o;/mnt/beegfs/rcabanas/dev/credici/papers/causal_flavour/learntmodels/miter1000;--data;/mnt/beegfs/rcabanas/dev/credici/papers/causal_flavour/data/simple_learner_10Q_data.csv;-rw;-s;169;/mnt/beegfs/rcabanas/dev/credici/papers/causal_flavour/models/simple_learner_10Q.uai
[2024-04-15T09:33:01.653750][INFO][seed160] Loaded model and info: /mnt/beegfs/rcabanas/dev/credici/papers/causal_flavour/models/simple_learner_10Q.uai
[2024-04-15T09:33:01.662822][INFO][seed169] Starting logger with seed 169
[2024-04-15T09:33:01.638180][INFO][seed162] Set up logging
[2024-04-15T09:33:01.668214][INFO][seed162] args: -m;1000;-o;/mnt/beegfs/rcabanas/dev/credici/papers/causal_flavour/learntmodels/miter1000;--data;/mnt/beegfs/rcabanas/dev/credici/papers/causal_flavour/data/simple_learner_10Q_data.csv;-rw;-s;162;/mnt/beegfs/rcabanas/dev/credici/papers/causal_flavour/models/simple_learner_10Q.uai
[2024-04-15T09:33:01.674103][INFO][seed162] Starting logger with seed 162
[2024-04-15T09:33:01.681405][INFO][seed154] Loaded 100 data instances
[2024-04-15T09:33:01.683480][INFO][seed154] Starting learning up to 1000 iterations
[2024-04-15T09:33:01.669684][INFO][seed163] Set up logging
[2024-04-15T09:33:01.685292][INFO][seed163] args: -m;1000;-o;/mnt/beegfs/rcabanas/dev/credici/papers/causal_flavour/learntmodels/miter1000;--data;/mnt/beegfs/rcabanas/dev/credici/papers/causal_flavour/data/simple_learner_10Q_data.csv;-rw;-s;163;/mnt/beegfs/rcabanas/dev/credici/papers/causal_flavour/models/simple_learner_10Q.uai
[2024-04-15T09:33:01.692824][INFO][seed184] Loaded 100 data instances
[2024-04-15T09:33:01.693192][INFO][seed184] Starting learning up to 1000 iterations
[2024-04-15T09:33:01.704051][INFO][seed163] Starting logger with seed 163
[2024-04-15T09:33:01.708867][INFO][seed152] Loaded model and info: /mnt/beegfs/rcabanas/dev/credici/papers/causal_flavour/models/simple_learner_10Q.uai
[2024-04-15T09:33:01.711948][INFO][seed153] Loaded model and info: /mnt/beegfs/rcabanas/dev/credici/papers/causal_flavour/models/simple_learner_10Q.uai
[2024-04-15T09:33:01.713249][INFO][seed160] Loaded 100 data instances
[2024-04-15T09:33:01.713626][INFO][seed160] Starting learning up to 1000 iterations
[2024-04-15T09:33:01.715008][INFO][seed175] Loaded model and info: /mnt/beegfs/rcabanas/dev/credici/papers/causal_flavour/models/simple_learner_10Q.uai
[2024-04-15T09:33:01.739333][INFO][seed157] Loaded model and info: /mnt/beegfs/rcabanas/dev/credici/papers/causal_flavour/models/simple_learner_10Q.uai
[2024-04-15T09:33:01.742430][INFO][seed192] Loaded model and info: /mnt/beegfs/rcabanas/dev/credici/papers/causal_flavour/models/simple_learner_10Q.uai
[2024-04-15T09:33:01.743890][INFO][seed177] Loaded model and info: /mnt/beegfs/rcabanas/dev/credici/papers/causal_flavour/models/simple_learner_10Q.uai
[2024-04-15T09:33:01.762600][INFO][seed150] Loaded model and info: /mnt/beegfs/rcabanas/dev/credici/papers/causal_flavour/models/simple_learner_10Q.uai
[2024-04-15T09:33:01.769285][INFO][seed153] Loaded 100 data instances
[2024-04-15T09:33:01.769822][INFO][seed153] Starting learning up to 1000 iterations
[2024-04-15T09:33:01.772474][INFO][seed175] Loaded 100 data instances
[2024-04-15T09:33:01.773945][INFO][seed175] Starting learning up to 1000 iterations
[2024-04-15T09:33:01.779619][INFO][seed152] Loaded 100 data instances
[2024-04-15T09:33:01.780225][INFO][seed157] Loaded 100 data instances
[2024-04-15T09:33:01.780598][INFO][seed157] Starting learning up to 1000 iterations
[2024-04-15T09:33:01.780065][INFO][seed152] Starting learning up to 1000 iterations
[2024-04-15T09:33:01.788858][INFO][seed192] Loaded 100 data instances
[2024-04-15T09:33:01.789186][INFO][seed192] Starting learning up to 1000 iterations
[2024-04-15T09:33:01.798242][INFO][seed177] Loaded 100 data instances
[2024-04-15T09:33:01.803718][INFO][seed177] Starting learning up to 1000 iterations
[2024-04-15T09:33:01.810207][INFO][seed179] Loaded model and info: /mnt/beegfs/rcabanas/dev/credici/papers/causal_flavour/models/simple_learner_10Q.uai
[2024-04-15T09:33:01.819107][INFO][seed182] Loaded model and info: /mnt/beegfs/rcabanas/dev/credici/papers/causal_flavour/models/simple_learner_10Q.uai
[2024-04-15T09:33:01.794281][INFO][seed176] Set up logging
[2024-04-15T09:33:01.821478][INFO][seed176] args: -m;1000;-o;/mnt/beegfs/rcabanas/dev/credici/papers/causal_flavour/learntmodels/miter1000;--data;/mnt/beegfs/rcabanas/dev/credici/papers/causal_flavour/data/simple_learner_10Q_data.csv;-rw;-s;176;/mnt/beegfs/rcabanas/dev/credici/papers/causal_flavour/models/simple_learner_10Q.uai
[2024-04-15T09:33:01.823793][INFO][seed197] Loaded model and info: /mnt/beegfs/rcabanas/dev/credici/papers/causal_flavour/models/simple_learner_10Q.uai
[2024-04-15T09:33:01.796780][INFO][seed173] Set up logging
[2024-04-15T09:33:01.825736][INFO][seed167] Loaded model and info: /mnt/beegfs/rcabanas/dev/credici/papers/causal_flavour/models/simple_learner_10Q.uai
[2024-04-15T09:33:01.824949][INFO][seed173] args: -m;1000;-o;/mnt/beegfs/rcabanas/dev/credici/papers/causal_flavour/learntmodels/miter1000;--data;/mnt/beegfs/rcabanas/dev/credici/papers/causal_flavour/data/simple_learner_10Q_data.csv;-rw;-s;173;/mnt/beegfs/rcabanas/dev/credici/papers/causal_flavour/models/simple_learner_10Q.uai
[2024-04-15T09:33:01.828696][INFO][seed176] Starting logger with seed 176
[2024-04-15T09:33:01.832214][INFO][seed173] Starting logger with seed 173
[2024-04-15T09:33:01.832802][INFO][seed150] Loaded 100 data instances
[2024-04-15T09:33:01.833192][INFO][seed150] Starting learning up to 1000 iterations
[2024-04-15T09:33:01.859960][INFO][seed182] Loaded 100 data instances
[2024-04-15T09:33:01.860316][INFO][seed182] Starting learning up to 1000 iterations
[2024-04-15T09:33:01.861599][INFO][seed179] Loaded 100 data instances
[2024-04-15T09:33:01.861956][INFO][seed179] Starting learning up to 1000 iterations
[2024-04-15T09:33:01.870832][INFO][seed183] Loaded model and info: /mnt/beegfs/rcabanas/dev/credici/papers/causal_flavour/models/simple_learner_10Q.uai
[2024-04-15T09:33:01.877514][INFO][seed197] Loaded 100 data instances
[2024-04-15T09:33:01.877891][INFO][seed197] Starting learning up to 1000 iterations
[2024-04-15T09:33:01.885139][INFO][seed167] Loaded 100 data instances
[2024-04-15T09:33:01.885484][INFO][seed167] Starting learning up to 1000 iterations
[2024-04-15T09:33:01.927013][INFO][seed183] Loaded 100 data instances
[2024-04-15T09:33:01.932125][INFO][seed183] Starting learning up to 1000 iterations
[2024-04-15T09:33:01.952770][INFO][seed181] Loaded model and info: /mnt/beegfs/rcabanas/dev/credici/papers/causal_flavour/models/simple_learner_10Q.uai
[2024-04-15T09:33:01.925634][INFO][seed164] Set up logging
[2024-04-15T09:33:01.956695][INFO][seed164] args: -m;1000;-o;/mnt/beegfs/rcabanas/dev/credici/papers/causal_flavour/learntmodels/miter1000;--data;/mnt/beegfs/rcabanas/dev/credici/papers/causal_flavour/data/simple_learner_10Q_data.csv;-rw;-s;164;/mnt/beegfs/rcabanas/dev/credici/papers/causal_flavour/models/simple_learner_10Q.uai
[2024-04-15T09:33:01.960119][INFO][seed164] Starting logger with seed 164
[2024-04-15T09:33:01.961791][INFO][seed165] Loaded model and info: /mnt/beegfs/rcabanas/dev/credici/papers/causal_flavour/models/simple_learner_10Q.uai
[2024-04-15T09:33:01.974807][INFO][seed178] Loaded model and info: /mnt/beegfs/rcabanas/dev/credici/papers/causal_flavour/models/simple_learner_10Q.uai
[2024-04-15T09:33:01.998044][INFO][seed181] Loaded 100 data instances
[2024-04-15T09:33:01.998701][INFO][seed165] Loaded 100 data instances
[2024-04-15T09:33:02.000020][INFO][seed165] Starting learning up to 1000 iterations
[2024-04-15T09:33:02.002342][INFO][seed181] Starting learning up to 1000 iterations
[2024-04-15T09:33:01.981451][INFO][seed193] Set up logging
[2024-04-15T09:33:02.004249][INFO][seed193] args: -m;1000;-o;/mnt/beegfs/rcabanas/dev/credici/papers/causal_flavour/learntmodels/miter1000;--data;/mnt/beegfs/rcabanas/dev/credici/papers/causal_flavour/data/simple_learner_10Q_data.csv;-rw;-s;193;/mnt/beegfs/rcabanas/dev/credici/papers/causal_flavour/models/simple_learner_10Q.uai
[2024-04-15T09:33:02.009302][INFO][seed193] Starting logger with seed 193
[2024-04-15T09:33:01.988987][INFO][seed198] Set up logging
[2024-04-15T09:33:01.983949][INFO][seed196] Set up logging
[2024-04-15T09:33:01.980914][INFO][seed166] Set up logging
[2024-04-15T09:33:02.015157][INFO][seed198] args: -m;1000;-o;/mnt/beegfs/rcabanas/dev/credici/papers/causal_flavour/learntmodels/miter1000;--data;/mnt/beegfs/rcabanas/dev/credici/papers/causal_flavour/data/simple_learner_10Q_data.csv;-rw;-s;198;/mnt/beegfs/rcabanas/dev/credici/papers/causal_flavour/models/simple_learner_10Q.uai
[2024-04-15T09:33:02.013614][INFO][seed196] args: -m;1000;-o;/mnt/beegfs/rcabanas/dev/credici/papers/causal_flavour/learntmodels/miter1000;--data;/mnt/beegfs/rcabanas/dev/credici/papers/causal_flavour/data/simple_learner_10Q_data.csv;-rw;-s;196;/mnt/beegfs/rcabanas/dev/credici/papers/causal_flavour/models/simple_learner_10Q.uai
[2024-04-15T09:33:02.015918][INFO][seed166] args: -m;1000;-o;/mnt/beegfs/rcabanas/dev/credici/papers/causal_flavour/learntmodels/miter1000;--data;/mnt/beegfs/rcabanas/dev/credici/papers/causal_flavour/data/simple_learner_10Q_data.csv;-rw;-s;166;/mnt/beegfs/rcabanas/dev/credici/papers/causal_flavour/models/simple_learner_10Q.uai
[2024-04-15T09:33:02.016344][INFO][seed187] Loaded model and info: /mnt/beegfs/rcabanas/dev/credici/papers/causal_flavour/models/simple_learner_10Q.uai
[2024-04-15T09:33:01.985324][INFO][seed168] Set up logging
[2024-04-15T09:33:02.017114][INFO][seed168] args: -m;1000;-o;/mnt/beegfs/rcabanas/dev/credici/papers/causal_flavour/learntmodels/miter1000;--data;/mnt/beegfs/rcabanas/dev/credici/papers/causal_flavour/data/simple_learner_10Q_data.csv;-rw;-s;168;/mnt/beegfs/rcabanas/dev/credici/papers/causal_flavour/models/simple_learner_10Q.uai
[2024-04-15T09:33:02.015757][INFO][seed196] Starting logger with seed 196
[2024-04-15T09:33:02.017475][INFO][seed198] Starting logger with seed 198
[2024-04-15T09:33:02.018525][INFO][seed178] Loaded 100 data instances
[2024-04-15T09:33:02.020787][INFO][seed168] Starting logger with seed 168
[2024-04-15T09:33:01.994233][INFO][seed172] Set up logging
[2024-04-15T09:33:01.991128][INFO][seed188] Set up logging
[2024-04-15T09:33:02.023400][INFO][seed178] Starting learning up to 1000 iterations
[2024-04-15T09:33:02.024159][INFO][seed158] Loaded model and info: /mnt/beegfs/rcabanas/dev/credici/papers/causal_flavour/models/simple_learner_10Q.uai
[2024-04-15T09:33:02.022205][INFO][seed172] args: -m;1000;-o;/mnt/beegfs/rcabanas/dev/credici/papers/causal_flavour/learntmodels/miter1000;--data;/mnt/beegfs/rcabanas/dev/credici/papers/causal_flavour/data/simple_learner_10Q_data.csv;-rw;-s;172;/mnt/beegfs/rcabanas/dev/credici/papers/causal_flavour/models/simple_learner_10Q.uai
[2024-04-15T09:33:02.022670][INFO][seed188] args: -m;1000;-o;/mnt/beegfs/rcabanas/dev/credici/papers/causal_flavour/learntmodels/miter1000;--data;/mnt/beegfs/rcabanas/dev/credici/papers/causal_flavour/data/simple_learner_10Q_data.csv;-rw;-s;188;/mnt/beegfs/rcabanas/dev/credici/papers/causal_flavour/models/simple_learner_10Q.uai
[2024-04-15T09:33:02.027601][INFO][seed166] Starting logger with seed 166
[2024-04-15T09:33:01.997016][INFO][seed161] Set up logging
[2024-04-15T09:33:02.028858][INFO][seed172] Starting logger with seed 172
[2024-04-15T09:33:02.025442][INFO][seed188] Starting logger with seed 188
[2024-04-15T09:33:02.029199][INFO][seed161] args: -m;1000;-o;/mnt/beegfs/rcabanas/dev/credici/papers/causal_flavour/learntmodels/miter1000;--data;/mnt/beegfs/rcabanas/dev/credici/papers/causal_flavour/data/simple_learner_10Q_data.csv;-rw;-s;161;/mnt/beegfs/rcabanas/dev/credici/papers/causal_flavour/models/simple_learner_10Q.uai
[2024-04-15T09:33:02.031598][INFO][seed161] Starting logger with seed 161
[2024-04-15T09:33:02.010120][INFO][seed170] Set up logging
[2024-04-15T09:33:02.035247][INFO][seed170] args: -m;1000;-o;/mnt/beegfs/rcabanas/dev/credici/papers/causal_flavour/learntmodels/miter1000;--data;/mnt/beegfs/rcabanas/dev/credici/papers/causal_flavour/data/simple_learner_10Q_data.csv;-rw;-s;170;/mnt/beegfs/rcabanas/dev/credici/papers/causal_flavour/models/simple_learner_10Q.uai
[2024-04-15T09:33:02.018934][INFO][seed171] Set up logging
[2024-04-15T09:33:02.046982][INFO][seed170] Starting logger with seed 170
[2024-04-15T09:33:02.028566][INFO][seed195] Set up logging
[2024-04-15T09:33:02.049924][INFO][seed171] args: -m;1000;-o;/mnt/beegfs/rcabanas/dev/credici/papers/causal_flavour/learntmodels/miter1000;--data;/mnt/beegfs/rcabanas/dev/credici/papers/causal_flavour/data/simple_learner_10Q_data.csv;-rw;-s;171;/mnt/beegfs/rcabanas/dev/credici/papers/causal_flavour/models/simple_learner_10Q.uai
[2024-04-15T09:33:02.050698][INFO][seed195] args: -m;1000;-o;/mnt/beegfs/rcabanas/dev/credici/papers/causal_flavour/learntmodels/miter1000;--data;/mnt/beegfs/rcabanas/dev/credici/papers/causal_flavour/data/simple_learner_10Q_data.csv;-rw;-s;195;/mnt/beegfs/rcabanas/dev/credici/papers/causal_flavour/models/simple_learner_10Q.uai
[2024-04-15T09:33:02.053322][INFO][seed171] Starting logger with seed 171
[2024-04-15T09:33:02.055970][INFO][seed195] Starting logger with seed 195
[2024-04-15T09:33:02.036599][INFO][seed155] Set up logging
[2024-04-15T09:33:02.061801][INFO][seed155] args: -m;1000;-o;/mnt/beegfs/rcabanas/dev/credici/papers/causal_flavour/learntmodels/miter1000;--data;/mnt/beegfs/rcabanas/dev/credici/papers/causal_flavour/data/simple_learner_10Q_data.csv;-rw;-s;155;/mnt/beegfs/rcabanas/dev/credici/papers/causal_flavour/models/simple_learner_10Q.uai
[2024-04-15T09:33:02.062936][INFO][seed187] Loaded 100 data instances
[2024-04-15T09:33:02.066869][INFO][seed187] Starting learning up to 1000 iterations
[2024-04-15T09:33:02.043197][INFO][seed194] Set up logging
[2024-04-15T09:33:02.039731][INFO][seed186] Set up logging
[2024-04-15T09:33:02.068791][INFO][seed186] args: -m;1000;-o;/mnt/beegfs/rcabanas/dev/credici/papers/causal_flavour/learntmodels/miter1000;--data;/mnt/beegfs/rcabanas/dev/credici/papers/causal_flavour/data/simple_learner_10Q_data.csv;-rw;-s;186;/mnt/beegfs/rcabanas/dev/credici/papers/causal_flavour/models/simple_learner_10Q.uai
[2024-04-15T09:33:02.069619][INFO][seed155] Starting logger with seed 155
[2024-04-15T09:33:02.067168][INFO][seed158] Loaded 100 data instances
[2024-04-15T09:33:02.045300][INFO][seed199] Set up logging
[2024-04-15T09:33:02.072292][INFO][seed199] args: -m;1000;-o;/mnt/beegfs/rcabanas/dev/credici/papers/causal_flavour/learntmodels/miter1000;--data;/mnt/beegfs/rcabanas/dev/credici/papers/causal_flavour/data/simple_learner_10Q_data.csv;-rw;-s;199;/mnt/beegfs/rcabanas/dev/credici/papers/causal_flavour/models/simple_learner_10Q.uai
[2024-04-15T09:33:02.070452][INFO][seed194] args: -m;1000;-o;/mnt/beegfs/rcabanas/dev/credici/papers/causal_flavour/learntmodels/miter1000;--data;/mnt/beegfs/rcabanas/dev/credici/papers/causal_flavour/data/simple_learner_10Q_data.csv;-rw;-s;194;/mnt/beegfs/rcabanas/dev/credici/papers/causal_flavour/models/simple_learner_10Q.uai
[2024-04-15T09:33:02.070832][INFO][seed158] Starting learning up to 1000 iterations
[2024-04-15T09:33:02.071847][INFO][seed186] Starting logger with seed 186
[2024-04-15T09:33:02.072485][INFO][seed194] Starting logger with seed 194
[2024-04-15T09:33:02.074278][INFO][seed199] Starting logger with seed 199
[2024-04-15T09:33:02.091776][INFO][seed156] Loaded model and info: /mnt/beegfs/rcabanas/dev/credici/papers/causal_flavour/models/simple_learner_10Q.uai
[2024-04-15T09:33:02.067086][INFO][seed151] Set up logging
[2024-04-15T09:33:02.094815][INFO][seed151] args: -m;1000;-o;/mnt/beegfs/rcabanas/dev/credici/papers/causal_flavour/learntmodels/miter1000;--data;/mnt/beegfs/rcabanas/dev/credici/papers/causal_flavour/data/simple_learner_10Q_data.csv;-rw;-s;151;/mnt/beegfs/rcabanas/dev/credici/papers/causal_flavour/models/simple_learner_10Q.uai
[2024-04-15T09:33:02.066714][INFO][seed190] Set up logging
[2024-04-15T09:33:02.098476][INFO][seed190] args: -m;1000;-o;/mnt/beegfs/rcabanas/dev/credici/papers/causal_flavour/learntmodels/miter1000;--data;/mnt/beegfs/rcabanas/dev/credici/papers/causal_flavour/data/simple_learner_10Q_data.csv;-rw;-s;190;/mnt/beegfs/rcabanas/dev/credici/papers/causal_flavour/models/simple_learner_10Q.uai
[2024-04-15T09:33:02.100611][INFO][seed151] Starting logger with seed 151
[2024-04-15T09:33:02.100871][INFO][seed190] Starting logger with seed 190
[2024-04-15T09:33:02.081533][INFO][seed174] Set up logging
[2024-04-15T09:33:02.107820][INFO][seed174] args: -m;1000;-o;/mnt/beegfs/rcabanas/dev/credici/papers/causal_flavour/learntmodels/miter1000;--data;/mnt/beegfs/rcabanas/dev/credici/papers/causal_flavour/data/simple_learner_10Q_data.csv;-rw;-s;174;/mnt/beegfs/rcabanas/dev/credici/papers/causal_flavour/models/simple_learner_10Q.uai
[2024-04-15T09:33:02.109535][INFO][seed174] Starting logger with seed 174
[2024-04-15T09:33:02.086218][INFO][seed191] Set up logging
[2024-04-15T09:33:02.089620][INFO][seed185] Set up logging
[2024-04-15T09:33:02.112563][INFO][seed191] args: -m;1000;-o;/mnt/beegfs/rcabanas/dev/credici/papers/causal_flavour/learntmodels/miter1000;--data;/mnt/beegfs/rcabanas/dev/credici/papers/causal_flavour/data/simple_learner_10Q_data.csv;-rw;-s;191;/mnt/beegfs/rcabanas/dev/credici/papers/causal_flavour/models/simple_learner_10Q.uai
[2024-04-15T09:33:02.114891][INFO][seed185] args: -m;1000;-o;/mnt/beegfs/rcabanas/dev/credici/papers/causal_flavour/learntmodels/miter1000;--data;/mnt/beegfs/rcabanas/dev/credici/papers/causal_flavour/data/simple_learner_10Q_data.csv;-rw;-s;185;/mnt/beegfs/rcabanas/dev/credici/papers/causal_flavour/models/simple_learner_10Q.uai
[2024-04-15T09:33:02.116413][INFO][seed191] Starting logger with seed 191
[2024-04-15T09:33:02.117499][INFO][seed185] Starting logger with seed 185
[2024-04-15T09:33:02.090957][INFO][seed200] Set up logging
[2024-04-15T09:33:02.122089][INFO][seed200] args: -m;1000;-o;/mnt/beegfs/rcabanas/dev/credici/papers/causal_flavour/learntmodels/miter1000;--data;/mnt/beegfs/rcabanas/dev/credici/papers/causal_flavour/data/simple_learner_10Q_data.csv;-rw;-s;200;/mnt/beegfs/rcabanas/dev/credici/papers/causal_flavour/models/simple_learner_10Q.uai
[2024-04-15T09:33:02.102725][INFO][seed180] Set up logging
[2024-04-15T09:33:02.127520][INFO][seed180] args: -m;1000;-o;/mnt/beegfs/rcabanas/dev/credici/papers/causal_flavour/learntmodels/miter1000;--data;/mnt/beegfs/rcabanas/dev/credici/papers/causal_flavour/data/simple_learner_10Q_data.csv;-rw;-s;180;/mnt/beegfs/rcabanas/dev/credici/papers/causal_flavour/models/simple_learner_10Q.uai
[2024-04-15T09:33:02.128229][INFO][seed200] Starting logger with seed 200
[2024-04-15T09:33:02.132207][INFO][seed180] Starting logger with seed 180
[2024-04-15T09:33:02.132784][INFO][seed169] Loaded model and info: /mnt/beegfs/rcabanas/dev/credici/papers/causal_flavour/models/simple_learner_10Q.uai
[2024-04-15T09:33:02.138156][INFO][seed156] Loaded 100 data instances
[2024-04-15T09:33:02.140261][INFO][seed156] Starting learning up to 1000 iterations
[2024-04-15T09:33:02.114644][INFO][seed189] Set up logging
[2024-04-15T09:33:02.144268][INFO][seed189] args: -m;1000;-o;/mnt/beegfs/rcabanas/dev/credici/papers/causal_flavour/learntmodels/miter1000;--data;/mnt/beegfs/rcabanas/dev/credici/papers/causal_flavour/data/simple_learner_10Q_data.csv;-rw;-s;189;/mnt/beegfs/rcabanas/dev/credici/papers/causal_flavour/models/simple_learner_10Q.uai
[2024-04-15T09:33:02.149778][INFO][seed189] Starting logger with seed 189
[2024-04-15T09:33:02.154194][INFO][seed163] Loaded model and info: /mnt/beegfs/rcabanas/dev/credici/papers/causal_flavour/models/simple_learner_10Q.uai
[2024-04-15T09:33:02.161668][INFO][seed162] Loaded model and info: /mnt/beegfs/rcabanas/dev/credici/papers/causal_flavour/models/simple_learner_10Q.uai
[2024-04-15T09:33:02.186191][INFO][seed169] Loaded 100 data instances
[2024-04-15T09:33:02.186588][INFO][seed169] Starting learning up to 1000 iterations
[2024-04-15T09:33:02.198743][INFO][seed163] Loaded 100 data instances
[2024-04-15T09:33:02.199194][INFO][seed163] Starting learning up to 1000 iterations
[2024-04-15T09:33:02.204543][INFO][seed162] Loaded 100 data instances
[2024-04-15T09:33:02.204918][INFO][seed162] Starting learning up to 1000 iterations
[2024-04-15T09:33:02.235003][INFO][seed176] Loaded model and info: /mnt/beegfs/rcabanas/dev/credici/papers/causal_flavour/models/simple_learner_10Q.uai
[2024-04-15T09:33:02.239045][INFO][seed173] Loaded model and info: /mnt/beegfs/rcabanas/dev/credici/papers/causal_flavour/models/simple_learner_10Q.uai
[2024-04-15T09:33:02.273948][INFO][seed176] Loaded 100 data instances
[2024-04-15T09:33:02.274324][INFO][seed176] Starting learning up to 1000 iterations
[2024-04-15T09:33:02.278160][INFO][seed173] Loaded 100 data instances
[2024-04-15T09:33:02.278532][INFO][seed173] Starting learning up to 1000 iterations
[2024-04-15T09:33:02.329431][INFO][seed164] Loaded model and info: /mnt/beegfs/rcabanas/dev/credici/papers/causal_flavour/models/simple_learner_10Q.uai
[2024-04-15T09:33:02.367269][INFO][seed164] Loaded 100 data instances
[2024-04-15T09:33:02.367842][INFO][seed164] Starting learning up to 1000 iterations
[2024-04-15T09:33:02.422236][INFO][seed198] Loaded model and info: /mnt/beegfs/rcabanas/dev/credici/papers/causal_flavour/models/simple_learner_10Q.uai
[2024-04-15T09:33:02.423661][INFO][seed196] Loaded model and info: /mnt/beegfs/rcabanas/dev/credici/papers/causal_flavour/models/simple_learner_10Q.uai
[2024-04-15T09:33:02.443498][INFO][seed168] Loaded model and info: /mnt/beegfs/rcabanas/dev/credici/papers/causal_flavour/models/simple_learner_10Q.uai
[2024-04-15T09:33:02.444287][INFO][seed172] Loaded model and info: /mnt/beegfs/rcabanas/dev/credici/papers/causal_flavour/models/simple_learner_10Q.uai
[2024-04-15T09:33:02.462927][INFO][seed196] Loaded 100 data instances
[2024-04-15T09:33:02.463264][INFO][seed196] Starting learning up to 1000 iterations
[2024-04-15T09:33:02.464498][INFO][seed198] Loaded 100 data instances
[2024-04-15T09:33:02.469500][INFO][seed198] Starting learning up to 1000 iterations
[2024-04-15T09:33:02.470693][INFO][seed188] Loaded model and info: /mnt/beegfs/rcabanas/dev/credici/papers/causal_flavour/models/simple_learner_10Q.uai
[2024-04-15T09:33:02.469968][INFO][seed170] Loaded model and info: /mnt/beegfs/rcabanas/dev/credici/papers/causal_flavour/models/simple_learner_10Q.uai
[2024-04-15T09:33:02.470030][INFO][seed193] Loaded model and info: /mnt/beegfs/rcabanas/dev/credici/papers/causal_flavour/models/simple_learner_10Q.uai
[2024-04-15T09:33:02.475734][INFO][seed161] Loaded model and info: /mnt/beegfs/rcabanas/dev/credici/papers/causal_flavour/models/simple_learner_10Q.uai
[2024-04-15T09:33:02.478259][INFO][seed168] Loaded 100 data instances
[2024-04-15T09:33:02.480340][INFO][seed168] Starting learning up to 1000 iterations
[2024-04-15T09:33:02.481060][INFO][seed172] Loaded 100 data instances
[2024-04-15T09:33:02.481364][INFO][seed172] Starting learning up to 1000 iterations
[2024-04-15T09:33:02.485005][INFO][seed171] Loaded model and info: /mnt/beegfs/rcabanas/dev/credici/papers/causal_flavour/models/simple_learner_10Q.uai
[2024-04-15T09:33:02.486239][INFO][seed195] Loaded model and info: /mnt/beegfs/rcabanas/dev/credici/papers/causal_flavour/models/simple_learner_10Q.uai
[2024-04-15T09:33:02.487452][INFO][seed166] Loaded model and info: /mnt/beegfs/rcabanas/dev/credici/papers/causal_flavour/models/simple_learner_10Q.uai
[2024-04-15T09:33:02.489848][INFO][seed155] Loaded model and info: /mnt/beegfs/rcabanas/dev/credici/papers/causal_flavour/models/simple_learner_10Q.uai
[2024-04-15T09:33:02.490573][INFO][seed199] Loaded model and info: /mnt/beegfs/rcabanas/dev/credici/papers/causal_flavour/models/simple_learner_10Q.uai
[2024-04-15T09:33:02.495306][INFO][seed186] Loaded model and info: /mnt/beegfs/rcabanas/dev/credici/papers/causal_flavour/models/simple_learner_10Q.uai
[2024-04-15T09:33:02.496859][INFO][seed194] Loaded model and info: /mnt/beegfs/rcabanas/dev/credici/papers/causal_flavour/models/simple_learner_10Q.uai
[2024-04-15T09:33:02.514104][INFO][seed170] Loaded 100 data instances
[2024-04-15T09:33:02.514938][INFO][seed170] Starting learning up to 1000 iterations
[2024-04-15T09:33:02.515372][INFO][seed188] Loaded 100 data instances
[2024-04-15T09:33:02.515915][INFO][seed161] Loaded 100 data instances
[2024-04-15T09:33:02.516317][INFO][seed188] Starting learning up to 1000 iterations
[2024-04-15T09:33:02.516287][INFO][seed161] Starting learning up to 1000 iterations
[2024-04-15T09:33:02.521129][INFO][seed193] Loaded 100 data instances
[2024-04-15T09:33:02.521564][INFO][seed193] Starting learning up to 1000 iterations
[2024-04-15T09:33:02.523800][INFO][seed171] Loaded 100 data instances
[2024-04-15T09:33:02.524136][INFO][seed171] Starting learning up to 1000 iterations
[2024-04-15T09:33:02.525313][INFO][seed195] Loaded 100 data instances
[2024-04-15T09:33:02.525662][INFO][seed195] Starting learning up to 1000 iterations
[2024-04-15T09:33:02.530765][INFO][seed155] Loaded 100 data instances
[2024-04-15T09:33:02.531209][INFO][seed155] Starting learning up to 1000 iterations
[2024-04-15T09:33:02.532933][INFO][seed194] Loaded 100 data instances
[2024-04-15T09:33:02.533108][INFO][seed199] Loaded 100 data instances
[2024-04-15T09:33:02.533458][INFO][seed199] Starting learning up to 1000 iterations
[2024-04-15T09:33:02.533418][INFO][seed166] Loaded 100 data instances
[2024-04-15T09:33:02.535014][INFO][seed194] Starting learning up to 1000 iterations
[2024-04-15T09:33:02.536181][INFO][seed186] Loaded 100 data instances
[2024-04-15T09:33:02.534459][INFO][seed166] Starting learning up to 1000 iterations
[2024-04-15T09:33:02.536477][INFO][seed186] Starting learning up to 1000 iterations
[2024-04-15T09:33:02.558742][INFO][seed191] Loaded model and info: /mnt/beegfs/rcabanas/dev/credici/papers/causal_flavour/models/simple_learner_10Q.uai
[2024-04-15T09:33:02.560339][INFO][seed174] Loaded model and info: /mnt/beegfs/rcabanas/dev/credici/papers/causal_flavour/models/simple_learner_10Q.uai
[2024-04-15T09:33:02.560540][INFO][seed190] Loaded model and info: /mnt/beegfs/rcabanas/dev/credici/papers/causal_flavour/models/simple_learner_10Q.uai
[2024-04-15T09:33:02.562376][INFO][seed151] Loaded model and info: /mnt/beegfs/rcabanas/dev/credici/papers/causal_flavour/models/simple_learner_10Q.uai
[2024-04-15T09:33:02.563965][INFO][seed200] Loaded model and info: /mnt/beegfs/rcabanas/dev/credici/papers/causal_flavour/models/simple_learner_10Q.uai
[2024-04-15T09:33:02.570652][INFO][seed185] Loaded model and info: /mnt/beegfs/rcabanas/dev/credici/papers/causal_flavour/models/simple_learner_10Q.uai
[2024-04-15T09:33:02.578082][INFO][seed180] Loaded model and info: /mnt/beegfs/rcabanas/dev/credici/papers/causal_flavour/models/simple_learner_10Q.uai
[2024-04-15T09:33:02.579348][INFO][seed189] Loaded model and info: /mnt/beegfs/rcabanas/dev/credici/papers/causal_flavour/models/simple_learner_10Q.uai
[2024-04-15T09:33:02.593196][INFO][seed191] Loaded 100 data instances
[2024-04-15T09:33:02.594534][INFO][seed191] Starting learning up to 1000 iterations
[2024-04-15T09:33:02.595932][INFO][seed190] Loaded 100 data instances
[2024-04-15T09:33:02.595994][INFO][seed174] Loaded 100 data instances
[2024-04-15T09:33:02.597211][INFO][seed174] Starting learning up to 1000 iterations
[2024-04-15T09:33:02.596484][INFO][seed151] Loaded 100 data instances
[2024-04-15T09:33:02.598529][INFO][seed200] Loaded 100 data instances
[2024-04-15T09:33:02.598690][INFO][seed190] Starting learning up to 1000 iterations
[2024-04-15T09:33:02.599287][INFO][seed151] Starting learning up to 1000 iterations
[2024-04-15T09:33:02.600956][INFO][seed200] Starting learning up to 1000 iterations
[2024-04-15T09:33:02.604284][INFO][seed185] Loaded 100 data instances
[2024-04-15T09:33:02.606339][INFO][seed185] Starting learning up to 1000 iterations
[2024-04-15T09:33:02.615629][INFO][seed180] Loaded 100 data instances
[2024-04-15T09:33:02.616466][INFO][seed180] Starting learning up to 1000 iterations
[2024-04-15T09:33:02.618396][INFO][seed189] Loaded 100 data instances
[2024-04-15T09:33:02.618795][INFO][seed189] Starting learning up to 1000 iterations
[2024-04-15T11:17:29.673057][INFO][seed198] Ellapsed time: 6267184.ms
[2024-04-15T11:17:29.713871][INFO][seed198] Saved model at /mnt/beegfs/rcabanas/dev/credici/papers/causal_flavour/learntmodels/miter1000/simple_learner_10Q/model_198.uai
[2024-04-15T11:17:29.714170][INFO][seed198] Closing log file
[2024-04-15T11:17:29.714277][INFO][seed198] Closed log file
[2024-04-15T11:22:28.487753][INFO][seed196] Ellapsed time: 6566001.ms
[2024-04-15T11:22:28.523135][INFO][seed196] Saved model at /mnt/beegfs/rcabanas/dev/credici/papers/causal_flavour/learntmodels/miter1000/simple_learner_10Q/model_196.uai
[2024-04-15T11:22:28.523324][INFO][seed196] Closing log file
[2024-04-15T11:22:28.523427][INFO][seed196] Closed log file
[2024-04-15T11:29:59.224473][INFO][seed199] Ellapsed time: 7016643.ms
[2024-04-15T11:29:59.269348][INFO][seed199] Saved model at /mnt/beegfs/rcabanas/dev/credici/papers/causal_flavour/learntmodels/miter1000/simple_learner_10Q/model_199.uai
[2024-04-15T11:29:59.269718][INFO][seed199] Closing log file
[2024-04-15T11:29:59.270225][INFO][seed199] Closed log file
[2024-04-15T11:30:31.965696][INFO][seed155] Ellapsed time: 7049383.ms
[2024-04-15T11:30:32.003375][INFO][seed155] Saved model at /mnt/beegfs/rcabanas/dev/credici/papers/causal_flavour/learntmodels/miter1000/simple_learner_10Q/model_155.uai
[2024-04-15T11:30:32.003663][INFO][seed155] Closing log file
[2024-04-15T11:30:32.003766][INFO][seed155] Closed log file
[2024-04-15T11:31:01.949705][INFO][seed151] Ellapsed time: 7079318.ms
[2024-04-15T11:31:01.984174][INFO][seed151] Saved model at /mnt/beegfs/rcabanas/dev/credici/papers/causal_flavour/learntmodels/miter1000/simple_learner_10Q/model_151.uai
[2024-04-15T11:31:01.984481][INFO][seed151] Closing log file
[2024-04-15T11:31:01.984583][INFO][seed151] Closed log file
[2024-04-15T11:31:42.970856][INFO][seed195] Ellapsed time: 7120422.ms
[2024-04-15T11:31:43.022371][INFO][seed195] Saved model at /mnt/beegfs/rcabanas/dev/credici/papers/causal_flavour/learntmodels/miter1000/simple_learner_10Q/model_195.uai
[2024-04-15T11:31:43.022655][INFO][seed195] Closing log file
[2024-04-15T11:31:43.022764][INFO][seed195] Closed log file
[2024-04-15T11:32:12.210577][INFO][seed185] Ellapsed time: 7149569.ms
[2024-04-15T11:32:12.257736][INFO][seed185] Saved model at /mnt/beegfs/rcabanas/dev/credici/papers/causal_flavour/learntmodels/miter1000/simple_learner_10Q/model_185.uai
[2024-04-15T11:32:12.258035][INFO][seed185] Closing log file
[2024-04-15T11:32:12.258138][INFO][seed185] Closed log file
[2024-04-15T11:32:12.392054][INFO][seed200] Ellapsed time: 7149754.ms
[2024-04-15T11:32:12.423806][INFO][seed200] Saved model at /mnt/beegfs/rcabanas/dev/credici/papers/causal_flavour/learntmodels/miter1000/simple_learner_10Q/model_200.uai
[2024-04-15T11:32:12.424001][INFO][seed200] Closing log file
[2024-04-15T11:32:12.424106][INFO][seed200] Closed log file
[2024-04-15T11:33:00.067278][INFO][seed170] Ellapsed time: 7197524.ms
[2024-04-15T11:33:00.097198][INFO][seed170] Saved model at /mnt/beegfs/rcabanas/dev/credici/papers/causal_flavour/learntmodels/miter1000/simple_learner_10Q/model_170.uai
[2024-04-15T11:33:00.097401][INFO][seed170] Closing log file
[2024-04-15T11:33:00.097513][INFO][seed170] Closed log file
[2024-04-15T11:35:11.501019][INFO][seed187] Ellapsed time: 7329414.ms
[2024-04-15T11:35:11.546269][INFO][seed187] Saved model at /mnt/beegfs/rcabanas/dev/credici/papers/causal_flavour/learntmodels/miter1000/simple_learner_10Q/model_187.uai
[2024-04-15T11:35:11.546551][INFO][seed187] Closing log file
[2024-04-15T11:35:11.546657][INFO][seed187] Closed log file
[2024-04-15T11:36:21.345193][INFO][seed171] Ellapsed time: 7398779.ms
[2024-04-15T11:36:21.376844][INFO][seed171] Saved model at /mnt/beegfs/rcabanas/dev/credici/papers/causal_flavour/learntmodels/miter1000/simple_learner_10Q/model_171.uai
[2024-04-15T11:36:21.377057][INFO][seed171] Closing log file
[2024-04-15T11:36:21.377154][INFO][seed171] Closed log file
[2024-04-15T11:36:30.687302][INFO][seed194] Ellapsed time: 7408112.ms
[2024-04-15T11:36:30.722055][INFO][seed194] Saved model at /mnt/beegfs/rcabanas/dev/credici/papers/causal_flavour/learntmodels/miter1000/simple_learner_10Q/model_194.uai
[2024-04-15T11:36:30.722304][INFO][seed194] Closing log file
[2024-04-15T11:36:30.722408][INFO][seed194] Closed log file
[2024-04-15T11:36:51.783067][INFO][seed174] Ellapsed time: 7429153.ms
[2024-04-15T11:36:51.822377][INFO][seed174] Saved model at /mnt/beegfs/rcabanas/dev/credici/papers/causal_flavour/learntmodels/miter1000/simple_learner_10Q/model_174.uai
[2024-04-15T11:36:51.822629][INFO][seed174] Closing log file
[2024-04-15T11:36:51.822728][INFO][seed174] Closed log file
[2024-04-15T11:37:16.409849][INFO][seed186] Ellapsed time: 7453833.ms
[2024-04-15T11:37:16.451275][INFO][seed186] Saved model at /mnt/beegfs/rcabanas/dev/credici/papers/causal_flavour/learntmodels/miter1000/simple_learner_10Q/model_186.uai
[2024-04-15T11:37:16.451505][INFO][seed186] Closing log file
[2024-04-15T11:37:16.451606][INFO][seed186] Closed log file
[2024-04-15T11:37:34.350779][INFO][seed161] Ellapsed time: 7471782.ms
[2024-04-15T11:37:34.388673][INFO][seed161] Saved model at /mnt/beegfs/rcabanas/dev/credici/papers/causal_flavour/learntmodels/miter1000/simple_learner_10Q/model_161.uai
[2024-04-15T11:37:34.388933][INFO][seed161] Closing log file
[2024-04-15T11:37:34.389033][INFO][seed161] Closed log file
[2024-04-15T11:38:43.630772][INFO][seed168] Ellapsed time: 7541134.ms
[2024-04-15T11:38:43.669122][INFO][seed168] Saved model at /mnt/beegfs/rcabanas/dev/credici/papers/causal_flavour/learntmodels/miter1000/simple_learner_10Q/model_168.uai
[2024-04-15T11:38:43.669351][INFO][seed168] Closing log file
[2024-04-15T11:38:43.669448][INFO][seed168] Closed log file
[2024-04-15T11:40:32.623803][INFO][seed172] Ellapsed time: 7650111.ms
[2024-04-15T11:40:32.666394][INFO][seed172] Saved model at /mnt/beegfs/rcabanas/dev/credici/papers/causal_flavour/learntmodels/miter1000/simple_learner_10Q/model_172.uai
[2024-04-15T11:40:32.666605][INFO][seed172] Closing log file
[2024-04-15T11:40:32.666701][INFO][seed172] Closed log file
[2024-04-15T11:41:08.483422][INFO][seed191] Ellapsed time: 7685852.ms
[2024-04-15T11:41:08.515049][INFO][seed191] Saved model at /mnt/beegfs/rcabanas/dev/credici/papers/causal_flavour/learntmodels/miter1000/simple_learner_10Q/model_191.uai
[2024-04-15T11:41:08.515253][INFO][seed191] Closing log file
[2024-04-15T11:41:08.515352][INFO][seed191] Closed log file
[2024-04-15T12:31:55.495434][INFO][seed181] Ellapsed time: 10733466.ms
[2024-04-15T12:31:55.535897][INFO][seed181] Saved model at /mnt/beegfs/rcabanas/dev/credici/papers/causal_flavour/learntmodels/miter1000/simple_learner_10Q/model_181.uai
[2024-04-15T12:31:55.536326][INFO][seed181] Closing log file
[2024-04-15T12:31:55.536953][INFO][seed181] Closed log file
[2024-04-15T12:32:39.321391][INFO][seed150] Ellapsed time: 10777418.ms
[2024-04-15T12:32:39.387909][INFO][seed150] Saved model at /mnt/beegfs/rcabanas/dev/credici/papers/causal_flavour/learntmodels/miter1000/simple_learner_10Q/model_150.uai
[2024-04-15T12:32:39.388285][INFO][seed150] Closing log file
[2024-04-15T12:32:39.388406][INFO][seed150] Closed log file
[2024-04-15T12:34:13.329818][INFO][seed179] Ellapsed time: 10871422.ms
[2024-04-15T12:34:13.373455][INFO][seed179] Saved model at /mnt/beegfs/rcabanas/dev/credici/papers/causal_flavour/learntmodels/miter1000/simple_learner_10Q/model_179.uai
[2024-04-15T12:34:13.373774][INFO][seed179] Closing log file
[2024-04-15T12:34:13.373903][INFO][seed179] Closed log file
[2024-04-15T12:34:51.118852][INFO][seed183] Ellapsed time: 10909157.ms
[2024-04-15T12:34:51.173931][INFO][seed183] Saved model at /mnt/beegfs/rcabanas/dev/credici/papers/causal_flavour/learntmodels/miter1000/simple_learner_10Q/model_183.uai
[2024-04-15T12:34:51.174301][INFO][seed183] Closing log file
[2024-04-15T12:34:51.174436][INFO][seed183] Closed log file
[2024-04-15T12:35:52.885166][INFO][seed165] Ellapsed time: 10970844.ms
[2024-04-15T12:35:52.947042][INFO][seed165] Saved model at /mnt/beegfs/rcabanas/dev/credici/papers/causal_flavour/learntmodels/miter1000/simple_learner_10Q/model_165.uai
[2024-04-15T12:35:52.947426][INFO][seed165] Closing log file
[2024-04-15T12:35:52.947543][INFO][seed165] Closed log file
[2024-04-15T12:36:52.716548][INFO][seed153] Ellapsed time: 11030900.ms
[2024-04-15T12:36:52.793931][INFO][seed153] Saved model at /mnt/beegfs/rcabanas/dev/credici/papers/causal_flavour/learntmodels/miter1000/simple_learner_10Q/model_153.uai
[2024-04-15T12:36:52.794266][INFO][seed153] Closing log file
[2024-04-15T12:36:52.794382][INFO][seed153] Closed log file
[2024-04-15T12:37:49.609115][INFO][seed173] Ellapsed time: 11087295.ms
[2024-04-15T12:37:49.649005][INFO][seed173] Saved model at /mnt/beegfs/rcabanas/dev/credici/papers/causal_flavour/learntmodels/miter1000/simple_learner_10Q/model_173.uai
[2024-04-15T12:37:49.649275][INFO][seed173] Closing log file
[2024-04-15T12:37:49.649384][INFO][seed173] Closed log file
[2024-04-15T12:41:08.838421][INFO][seed163] Ellapsed time: 11286604.ms
[2024-04-15T12:41:08.890726][INFO][seed163] Saved model at /mnt/beegfs/rcabanas/dev/credici/papers/causal_flavour/learntmodels/miter1000/simple_learner_10Q/model_163.uai
[2024-04-15T12:41:08.890983][INFO][seed163] Closing log file
[2024-04-15T12:41:08.891106][INFO][seed163] Closed log file
[2024-04-15T12:47:01.574438][INFO][seed154] Ellapsed time: 11639840.ms
[2024-04-15T12:47:01.646543][INFO][seed154] Saved model at /mnt/beegfs/rcabanas/dev/credici/papers/causal_flavour/learntmodels/miter1000/simple_learner_10Q/model_154.uai
[2024-04-15T12:47:01.647050][INFO][seed154] Closing log file
[2024-04-15T12:47:01.647185][INFO][seed154] Closed log file
[2024-04-15T12:48:34.923797][INFO][seed160] Ellapsed time: 11733160.ms
[2024-04-15T12:48:35.022989][INFO][seed160] Saved model at /mnt/beegfs/rcabanas/dev/credici/papers/causal_flavour/learntmodels/miter1000/simple_learner_10Q/model_160.uai
[2024-04-15T12:48:35.023630][INFO][seed160] Closing log file
[2024-04-15T12:48:35.023756][INFO][seed160] Closed log file
[2024-04-15T12:49:29.175113][INFO][seed166] Ellapsed time: 11786596.ms
[2024-04-15T12:49:29.234503][INFO][seed166] Saved model at /mnt/beegfs/rcabanas/dev/credici/papers/causal_flavour/learntmodels/miter1000/simple_learner_10Q/model_166.uai
[2024-04-15T12:49:29.234977][INFO][seed166] Closing log file
[2024-04-15T12:49:29.235113][INFO][seed166] Closed log file
[2024-04-15T12:49:35.630364][INFO][seed190] Ellapsed time: 11793017.ms
[2024-04-15T12:49:35.682516][INFO][seed190] Saved model at /mnt/beegfs/rcabanas/dev/credici/papers/causal_flavour/learntmodels/miter1000/simple_learner_10Q/model_190.uai
[2024-04-15T12:49:35.682981][INFO][seed190] Closing log file
[2024-04-15T12:49:35.683100][INFO][seed190] Closed log file
[2024-04-15T12:49:41.747202][INFO][seed184] Ellapsed time: 11799999.ms
[2024-04-15T12:49:41.812337][INFO][seed184] Saved model at /mnt/beegfs/rcabanas/dev/credici/papers/causal_flavour/learntmodels/miter1000/simple_learner_10Q/model_184.uai
[2024-04-15T12:49:41.812731][INFO][seed184] Closing log file
[2024-04-15T12:49:41.814938][INFO][seed184] Closed log file
[2024-04-15T12:50:19.701239][INFO][seed169] Ellapsed time: 11837480.ms
[2024-04-15T12:50:19.756536][INFO][seed169] Saved model at /mnt/beegfs/rcabanas/dev/credici/papers/causal_flavour/learntmodels/miter1000/simple_learner_10Q/model_169.uai
[2024-04-15T12:50:19.756949][INFO][seed169] Closing log file
[2024-04-15T12:50:19.757058][INFO][seed169] Closed log file
[2024-04-15T12:50:30.738453][INFO][seed177] Ellapsed time: 11848877.ms
[2024-04-15T12:50:30.777583][INFO][seed177] Saved model at /mnt/beegfs/rcabanas/dev/credici/papers/causal_flavour/learntmodels/miter1000/simple_learner_10Q/model_177.uai
[2024-04-15T12:50:30.777911][INFO][seed177] Closing log file
[2024-04-15T12:50:30.778020][INFO][seed177] Closed log file
[2024-04-15T12:50:33.565775][INFO][seed188] Ellapsed time: 11850994.ms
[2024-04-15T12:50:33.609501][INFO][seed188] Saved model at /mnt/beegfs/rcabanas/dev/credici/papers/causal_flavour/learntmodels/miter1000/simple_learner_10Q/model_188.uai
[2024-04-15T12:50:33.609808][INFO][seed188] Closing log file
[2024-04-15T12:50:33.609926][INFO][seed188] Closed log file
[2024-04-15T12:51:01.372434][INFO][seed192] Ellapsed time: 11879549.ms
[2024-04-15T12:51:01.414215][INFO][seed192] Saved model at /mnt/beegfs/rcabanas/dev/credici/papers/causal_flavour/learntmodels/miter1000/simple_learner_10Q/model_192.uai
[2024-04-15T12:51:01.414487][INFO][seed192] Closing log file
[2024-04-15T12:51:01.414589][INFO][seed192] Closed log file
[2024-04-15T12:51:02.617993][INFO][seed197] Ellapsed time: 11880698.ms
[2024-04-15T12:51:02.695396][INFO][seed197] Saved model at /mnt/beegfs/rcabanas/dev/credici/papers/causal_flavour/learntmodels/miter1000/simple_learner_10Q/model_197.uai
[2024-04-15T12:51:02.695707][INFO][seed197] Closing log file
[2024-04-15T12:51:02.695813][INFO][seed197] Closed log file
[2024-04-15T12:51:28.059151][INFO][seed180] Ellapsed time: 11905424.ms
[2024-04-15T12:51:28.089721][INFO][seed180] Saved model at /mnt/beegfs/rcabanas/dev/credici/papers/causal_flavour/learntmodels/miter1000/simple_learner_10Q/model_180.uai
[2024-04-15T12:51:28.089939][INFO][seed180] Closing log file
[2024-04-15T12:51:28.090039][INFO][seed180] Closed log file
[2024-04-15T12:51:55.017212][INFO][seed158] Ellapsed time: 11932930.ms
[2024-04-15T12:51:55.050824][INFO][seed158] Saved model at /mnt/beegfs/rcabanas/dev/credici/papers/causal_flavour/learntmodels/miter1000/simple_learner_10Q/model_158.uai
[2024-04-15T12:51:55.051001][INFO][seed158] Closing log file
[2024-04-15T12:51:55.051107][INFO][seed158] Closed log file
[2024-04-15T12:52:31.113531][INFO][seed175] Ellapsed time: 11969299.ms
[2024-04-15T12:52:31.148474][INFO][seed175] Saved model at /mnt/beegfs/rcabanas/dev/credici/papers/causal_flavour/learntmodels/miter1000/simple_learner_10Q/model_175.uai
[2024-04-15T12:52:31.148696][INFO][seed175] Closing log file
[2024-04-15T12:52:31.148795][INFO][seed175] Closed log file
[2024-04-15T12:52:51.144813][INFO][seed164] Ellapsed time: 11988727.ms
[2024-04-15T12:52:51.190233][INFO][seed164] Saved model at /mnt/beegfs/rcabanas/dev/credici/papers/causal_flavour/learntmodels/miter1000/simple_learner_10Q/model_164.uai
[2024-04-15T12:52:51.190460][INFO][seed164] Closing log file
[2024-04-15T12:52:51.190559][INFO][seed164] Closed log file
[2024-04-15T12:52:53.384455][INFO][seed182] Ellapsed time: 11991460.ms
[2024-04-15T12:52:53.417154][INFO][seed182] Saved model at /mnt/beegfs/rcabanas/dev/credici/papers/causal_flavour/learntmodels/miter1000/simple_learner_10Q/model_182.uai
[2024-04-15T12:52:53.417369][INFO][seed182] Closing log file
[2024-04-15T12:52:53.417471][INFO][seed182] Closed log file
[2024-04-15T12:53:59.329722][INFO][seed152] Ellapsed time: 12057504.ms
[2024-04-15T12:53:59.396407][INFO][seed152] Saved model at /mnt/beegfs/rcabanas/dev/credici/papers/causal_flavour/learntmodels/miter1000/simple_learner_10Q/model_152.uai
[2024-04-15T12:53:59.397013][INFO][seed152] Closing log file
[2024-04-15T12:53:59.397115][INFO][seed152] Closed log file
[2024-04-15T12:54:09.931824][INFO][seed167] Ellapsed time: 12068007.ms
[2024-04-15T12:54:09.972778][INFO][seed167] Saved model at /mnt/beegfs/rcabanas/dev/credici/papers/causal_flavour/learntmodels/miter1000/simple_learner_10Q/model_167.uai
[2024-04-15T12:54:09.973075][INFO][seed167] Closing log file
[2024-04-15T12:54:09.973178][INFO][seed167] Closed log file
[2024-04-15T12:54:40.976466][INFO][seed156] Ellapsed time: 12098807.ms
[2024-04-15T12:54:41.042322][INFO][seed156] Saved model at /mnt/beegfs/rcabanas/dev/credici/papers/causal_flavour/learntmodels/miter1000/simple_learner_10Q/model_156.uai
[2024-04-15T12:54:41.042577][INFO][seed156] Closing log file
[2024-04-15T12:54:41.042686][INFO][seed156] Closed log file
[2024-04-15T12:54:53.925579][INFO][seed176] Ellapsed time: 12111611.ms
[2024-04-15T12:54:53.967356][INFO][seed176] Saved model at /mnt/beegfs/rcabanas/dev/credici/papers/causal_flavour/learntmodels/miter1000/simple_learner_10Q/model_176.uai
[2024-04-15T12:54:53.967609][INFO][seed176] Closing log file
[2024-04-15T12:54:53.967720][INFO][seed176] Closed log file
[2024-04-15T12:55:22.273919][INFO][seed193] Ellapsed time: 12139706.ms
[2024-04-15T12:55:22.309521][INFO][seed193] Saved model at /mnt/beegfs/rcabanas/dev/credici/papers/causal_flavour/learntmodels/miter1000/simple_learner_10Q/model_193.uai
[2024-04-15T12:55:22.309742][INFO][seed193] Closing log file
[2024-04-15T12:55:22.309856][INFO][seed193] Closed log file
[2024-04-15T12:56:33.651056][INFO][seed189] Ellapsed time: 12211014.ms
[2024-04-15T12:56:33.682656][INFO][seed189] Saved model at /mnt/beegfs/rcabanas/dev/credici/papers/causal_flavour/learntmodels/miter1000/simple_learner_10Q/model_189.uai
[2024-04-15T12:56:33.682905][INFO][seed189] Closing log file
[2024-04-15T12:56:33.683017][INFO][seed189] Closed log file
[2024-04-15T12:56:49.402960][INFO][seed178] Ellapsed time: 12227348.ms
[2024-04-15T12:56:49.459923][INFO][seed178] Saved model at /mnt/beegfs/rcabanas/dev/credici/papers/causal_flavour/learntmodels/miter1000/simple_learner_10Q/model_178.uai
[2024-04-15T12:56:49.460158][INFO][seed178] Closing log file
[2024-04-15T12:56:49.460260][INFO][seed178] Closed log file
[2024-04-15T12:57:40.869705][INFO][seed162] Ellapsed time: 12278629.ms
[2024-04-15T12:57:40.925722][INFO][seed162] Saved model at /mnt/beegfs/rcabanas/dev/credici/papers/causal_flavour/learntmodels/miter1000/simple_learner_10Q/model_162.uai
[2024-04-15T12:57:40.925948][INFO][seed162] Closing log file
[2024-04-15T12:57:40.926047][INFO][seed162] Closed log file
[2024-04-15T12:58:02.592656][INFO][seed157] Ellapsed time: 12300767.ms
[2024-04-15T12:58:02.627221][INFO][seed157] Saved model at /mnt/beegfs/rcabanas/dev/credici/papers/causal_flavour/learntmodels/miter1000/simple_learner_10Q/model_157.uai
[2024-04-15T12:58:02.627410][INFO][seed157] Closing log file
[2024-04-15T12:58:02.627504][INFO][seed157] Closed log file
