0
500
['learn.py', '500', '6']
seed=6
/mnt/beegfs/rcabanas/dev/credici
/mnt/beegfs/rcabanas/dev/credici/papers/causal_flavour
/mnt/beegfs/rcabanas/dev/credici/papers/causal_flavour/learntmodels
/mnt/beegfs/rcabanas/dev/credici/papers/causal_flavour/models
/mnt/beegfs/rcabanas/dev/credici/target/credici-0.1.5-dev-SNAPSHOT-jar-with-dependencies.jar
/mnt/beegfs/rcabanas/dev/credici/papers/causal_flavour/code/LearnCF.java
['learn.py', '500', '3']
['learn.py', '500', '9']
['learn.py', '500', '0']
['learn.py', '500', '2']
['learn.py', '500', '23']
['learn.py', '500', '26']
seed=3
/mnt/beegfs/rcabanas/dev/credici
/mnt/beegfs/rcabanas/dev/credici/papers/causal_flavour
/mnt/beegfs/rcabanas/dev/credici/papers/causal_flavour/learntmodels
/mnt/beegfs/rcabanas/dev/credici/papers/causal_flavour/models
/mnt/beegfs/rcabanas/dev/credici/target/credici-0.1.5-dev-SNAPSHOT-jar-with-dependencies.jar
seed=9
/mnt/beegfs/rcabanas/dev/credici
/mnt/beegfs/rcabanas/dev/credici/papers/causal_flavour
/mnt/beegfs/rcabanas/dev/credici/papers/causal_flavour/learntmodels
/mnt/beegfs/rcabanas/dev/credici/papers/causal_flavour/code/LearnCF.java
/mnt/beegfs/rcabanas/dev/credici/papers/causal_flavour/models
/mnt/beegfs/rcabanas/dev/credici/target/credici-0.1.5-dev-SNAPSHOT-jar-with-dependencies.jar
/mnt/beegfs/rcabanas/dev/credici/papers/causal_flavour/code/LearnCF.java
['learn.py', '500', '8']
seed=0
/mnt/beegfs/rcabanas/dev/credici
/mnt/beegfs/rcabanas/dev/credici/papers/causal_flavour
/mnt/beegfs/rcabanas/dev/credici/papers/causal_flavour/learntmodels
/mnt/beegfs/rcabanas/dev/credici/papers/causal_flavour/models
/mnt/beegfs/rcabanas/dev/credici/target/credici-0.1.5-dev-SNAPSHOT-jar-with-dependencies.jar
/mnt/beegfs/rcabanas/dev/credici/papers/causal_flavour/code/LearnCF.java
seed=2
/mnt/beegfs/rcabanas/dev/credici
/mnt/beegfs/rcabanas/dev/credici/papers/causal_flavour
/mnt/beegfs/rcabanas/dev/credici/papers/causal_flavour/learntmodels
/mnt/beegfs/rcabanas/dev/credici/papers/causal_flavour/models
/mnt/beegfs/rcabanas/dev/credici/target/credici-0.1.5-dev-SNAPSHOT-jar-with-dependencies.jar
/mnt/beegfs/rcabanas/dev/credici/papers/causal_flavour/code/LearnCF.java
['learn.py', '500', '16']
seed=23
/mnt/beegfs/rcabanas/dev/credici
/mnt/beegfs/rcabanas/dev/credici/papers/causal_flavour
/mnt/beegfs/rcabanas/dev/credici/papers/causal_flavour/learntmodels
/mnt/beegfs/rcabanas/dev/credici/papers/causal_flavour/models
/mnt/beegfs/rcabanas/dev/credici/target/credici-0.1.5-dev-SNAPSHOT-jar-with-dependencies.jar
/mnt/beegfs/rcabanas/dev/credici/papers/causal_flavour/code/LearnCF.java
['learn.py', '500', '7']
seed=26
/mnt/beegfs/rcabanas/dev/credici
/mnt/beegfs/rcabanas/dev/credici/papers/causal_flavour
/mnt/beegfs/rcabanas/dev/credici/papers/causal_flavour/learntmodels
/mnt/beegfs/rcabanas/dev/credici/papers/causal_flavour/models
/mnt/beegfs/rcabanas/dev/credici/target/credici-0.1.5-dev-SNAPSHOT-jar-with-dependencies.jar
/mnt/beegfs/rcabanas/dev/credici/papers/causal_flavour/code/LearnCF.java
['learn.py', '500', '17']
seed=8
/mnt/beegfs/rcabanas/dev/credici
/mnt/beegfs/rcabanas/dev/credici/papers/causal_flavour
/mnt/beegfs/rcabanas/dev/credici/papers/causal_flavour/learntmodels
/mnt/beegfs/rcabanas/dev/credici/papers/causal_flavour/models
/mnt/beegfs/rcabanas/dev/credici/target/credici-0.1.5-dev-SNAPSHOT-jar-with-dependencies.jar
/mnt/beegfs/rcabanas/dev/credici/papers/causal_flavour/code/LearnCF.java
['learn.py', '500', '13']
['learn.py', '500', '22']
seed=16
/mnt/beegfs/rcabanas/dev/credici
/mnt/beegfs/rcabanas/dev/credici/papers/causal_flavour
/mnt/beegfs/rcabanas/dev/credici/papers/causal_flavour/learntmodels
/mnt/beegfs/rcabanas/dev/credici/papers/causal_flavour/models
/mnt/beegfs/rcabanas/dev/credici/target/credici-0.1.5-dev-SNAPSHOT-jar-with-dependencies.jar
/mnt/beegfs/rcabanas/dev/credici/papers/causal_flavour/code/LearnCF.java
seed=7
/mnt/beegfs/rcabanas/dev/credici
/mnt/beegfs/rcabanas/dev/credici/papers/causal_flavour
/mnt/beegfs/rcabanas/dev/credici/papers/causal_flavour/learntmodels
/mnt/beegfs/rcabanas/dev/credici/papers/causal_flavour/models
/mnt/beegfs/rcabanas/dev/credici/target/credici-0.1.5-dev-SNAPSHOT-jar-with-dependencies.jar
/mnt/beegfs/rcabanas/dev/credici/papers/causal_flavour/code/LearnCF.java
seed=17
/mnt/beegfs/rcabanas/dev/credici
/mnt/beegfs/rcabanas/dev/credici/papers/causal_flavour
/mnt/beegfs/rcabanas/dev/credici/papers/causal_flavour/learntmodels
/mnt/beegfs/rcabanas/dev/credici/papers/causal_flavour/models
/mnt/beegfs/rcabanas/dev/credici/target/credici-0.1.5-dev-SNAPSHOT-jar-with-dependencies.jar
/mnt/beegfs/rcabanas/dev/credici/papers/causal_flavour/code/LearnCF.java
seed=13
/mnt/beegfs/rcabanas/dev/credici
/mnt/beegfs/rcabanas/dev/credici/papers/causal_flavour
/mnt/beegfs/rcabanas/dev/credici/papers/causal_flavour/learntmodels
/mnt/beegfs/rcabanas/dev/credici/papers/causal_flavour/models
/mnt/beegfs/rcabanas/dev/credici/target/credici-0.1.5-dev-SNAPSHOT-jar-with-dependencies.jar
/mnt/beegfs/rcabanas/dev/credici/papers/causal_flavour/code/LearnCF.java
['learn.py', '500', '34']
['learn.py', '500', '5']
['learn.py', '500', '27']
seed=22
/mnt/beegfs/rcabanas/dev/credici
/mnt/beegfs/rcabanas/dev/credici/papers/causal_flavour
/mnt/beegfs/rcabanas/dev/credici/papers/causal_flavour/learntmodels
/mnt/beegfs/rcabanas/dev/credici/papers/causal_flavour/models
/mnt/beegfs/rcabanas/dev/credici/target/credici-0.1.5-dev-SNAPSHOT-jar-with-dependencies.jar
/mnt/beegfs/rcabanas/dev/credici/papers/causal_flavour/code/LearnCF.java
seed=34
/mnt/beegfs/rcabanas/dev/credici
/mnt/beegfs/rcabanas/dev/credici/papers/causal_flavour
/mnt/beegfs/rcabanas/dev/credici/papers/causal_flavour/learntmodels
/mnt/beegfs/rcabanas/dev/credici/papers/causal_flavour/models
/mnt/beegfs/rcabanas/dev/credici/target/credici-0.1.5-dev-SNAPSHOT-jar-with-dependencies.jar
/mnt/beegfs/rcabanas/dev/credici/papers/causal_flavour/code/LearnCF.java
seed=5
seed=27
/mnt/beegfs/rcabanas/dev/credici
/mnt/beegfs/rcabanas/dev/credici
/mnt/beegfs/rcabanas/dev/credici/papers/causal_flavour
/mnt/beegfs/rcabanas/dev/credici/papers/causal_flavour/learntmodels
/mnt/beegfs/rcabanas/dev/credici/papers/causal_flavour
/mnt/beegfs/rcabanas/dev/credici/papers/causal_flavour/learntmodels
/mnt/beegfs/rcabanas/dev/credici/papers/causal_flavour/models
/mnt/beegfs/rcabanas/dev/credici/target/credici-0.1.5-dev-SNAPSHOT-jar-with-dependencies.jar
/mnt/beegfs/rcabanas/dev/credici/papers/causal_flavour/code/LearnCF.java
/mnt/beegfs/rcabanas/dev/credici/papers/causal_flavour/models
/mnt/beegfs/rcabanas/dev/credici/target/credici-0.1.5-dev-SNAPSHOT-jar-with-dependencies.jar
/mnt/beegfs/rcabanas/dev/credici/papers/causal_flavour/code/LearnCF.java
['learn.py', '500', '4']
seed=4
/mnt/beegfs/rcabanas/dev/credici
/mnt/beegfs/rcabanas/dev/credici/papers/causal_flavour
/mnt/beegfs/rcabanas/dev/credici/papers/causal_flavour/learntmodels
/mnt/beegfs/rcabanas/dev/credici/papers/causal_flavour/models
/mnt/beegfs/rcabanas/dev/credici/target/credici-0.1.5-dev-SNAPSHOT-jar-with-dependencies.jar
/mnt/beegfs/rcabanas/dev/credici/papers/causal_flavour/code/LearnCF.java
[2024-05-17T09:47:56.932833][INFO][seed6] Set up logging
[2024-05-17T09:47:56.957652][INFO][seed6] args: -m;500;-o;/mnt/beegfs/rcabanas/dev/credici/papers/causal_flavour/learntmodels/miter500;--data;/mnt/beegfs/rcabanas/dev/credici/papers/causal_flavour/data/simple_learner_4Q10k_data.csv;-rw;-s;6;/mnt/beegfs/rcabanas/dev/credici/papers/causal_flavour/models/simple_learner_4Q10k.uai
[2024-05-17T09:47:56.960709][INFO][seed6] Starting logger with seed 6
[2024-05-17T09:47:57.255232][INFO][seed3] Set up logging
[2024-05-17T09:47:57.275834][INFO][seed3] args: -m;500;-o;/mnt/beegfs/rcabanas/dev/credici/papers/causal_flavour/learntmodels/miter500;--data;/mnt/beegfs/rcabanas/dev/credici/papers/causal_flavour/data/simple_learner_4Q10k_data.csv;-rw;-s;3;/mnt/beegfs/rcabanas/dev/credici/papers/causal_flavour/models/simple_learner_4Q10k.uai
[2024-05-17T09:47:57.281615][INFO][seed3] Starting logger with seed 3
[2024-05-17T09:47:57.278254][INFO][seed8] Set up logging
[2024-05-17T09:47:57.303519][INFO][seed8] args: -m;500;-o;/mnt/beegfs/rcabanas/dev/credici/papers/causal_flavour/learntmodels/miter500;--data;/mnt/beegfs/rcabanas/dev/credici/papers/causal_flavour/data/simple_learner_4Q10k_data.csv;-rw;-s;8;/mnt/beegfs/rcabanas/dev/credici/papers/causal_flavour/models/simple_learner_4Q10k.uai
[2024-05-17T09:47:57.307134][INFO][seed8] Starting logger with seed 8
[2024-05-17T09:47:57.307746][INFO][seed9] Set up logging
[2024-05-17T09:47:57.338061][INFO][seed9] args: -m;500;-o;/mnt/beegfs/rcabanas/dev/credici/papers/causal_flavour/learntmodels/miter500;--data;/mnt/beegfs/rcabanas/dev/credici/papers/causal_flavour/data/simple_learner_4Q10k_data.csv;-rw;-s;9;/mnt/beegfs/rcabanas/dev/credici/papers/causal_flavour/models/simple_learner_4Q10k.uai
[2024-05-17T09:47:57.342241][INFO][seed9] Starting logger with seed 9
[2024-05-17T09:47:57.387699][INFO][seed5] Set up logging
[2024-05-17T09:47:57.413755][INFO][seed5] args: -m;500;-o;/mnt/beegfs/rcabanas/dev/credici/papers/causal_flavour/learntmodels/miter500;--data;/mnt/beegfs/rcabanas/dev/credici/papers/causal_flavour/data/simple_learner_4Q10k_data.csv;-rw;-s;5;/mnt/beegfs/rcabanas/dev/credici/papers/causal_flavour/models/simple_learner_4Q10k.uai
[2024-05-17T09:47:57.387566][INFO][seed16] Set up logging
[2024-05-17T09:47:57.416248][INFO][seed16] args: -m;500;-o;/mnt/beegfs/rcabanas/dev/credici/papers/causal_flavour/learntmodels/miter500;--data;/mnt/beegfs/rcabanas/dev/credici/papers/causal_flavour/data/simple_learner_4Q10k_data.csv;-rw;-s;16;/mnt/beegfs/rcabanas/dev/credici/papers/causal_flavour/models/simple_learner_4Q10k.uai
[2024-05-17T09:47:57.419851][INFO][seed5] Starting logger with seed 5
[2024-05-17T09:47:57.420315][INFO][seed16] Starting logger with seed 16
[2024-05-17T09:47:57.404431][INFO][seed34] Set up logging
[2024-05-17T09:47:57.430768][INFO][seed34] args: -m;500;-o;/mnt/beegfs/rcabanas/dev/credici/papers/causal_flavour/learntmodels/miter500;--data;/mnt/beegfs/rcabanas/dev/credici/papers/causal_flavour/data/simple_learner_4Q10k_data.csv;-rw;-s;34;/mnt/beegfs/rcabanas/dev/credici/papers/causal_flavour/models/simple_learner_4Q10k.uai
[2024-05-17T09:47:57.439017][INFO][seed34] Starting logger with seed 34
[2024-05-17T09:47:57.418225][INFO][seed22] Set up logging
[2024-05-17T09:47:57.445084][INFO][seed22] args: -m;500;-o;/mnt/beegfs/rcabanas/dev/credici/papers/causal_flavour/learntmodels/miter500;--data;/mnt/beegfs/rcabanas/dev/credici/papers/causal_flavour/data/simple_learner_4Q10k_data.csv;-rw;-s;22;/mnt/beegfs/rcabanas/dev/credici/papers/causal_flavour/models/simple_learner_4Q10k.uai
[2024-05-17T09:47:57.421224][INFO][seed23] Set up logging
[2024-05-17T09:47:57.452293][INFO][seed23] args: -m;500;-o;/mnt/beegfs/rcabanas/dev/credici/papers/causal_flavour/learntmodels/miter500;--data;/mnt/beegfs/rcabanas/dev/credici/papers/causal_flavour/data/simple_learner_4Q10k_data.csv;-rw;-s;23;/mnt/beegfs/rcabanas/dev/credici/papers/causal_flavour/models/simple_learner_4Q10k.uai
[2024-05-17T09:47:57.452633][INFO][seed22] Starting logger with seed 22
[2024-05-17T09:47:57.457716][INFO][seed23] Starting logger with seed 23
[2024-05-17T09:47:57.430173][INFO][seed26] Set up logging
[2024-05-17T09:47:57.459063][INFO][seed26] args: -m;500;-o;/mnt/beegfs/rcabanas/dev/credici/papers/causal_flavour/learntmodels/miter500;--data;/mnt/beegfs/rcabanas/dev/credici/papers/causal_flavour/data/simple_learner_4Q10k_data.csv;-rw;-s;26;/mnt/beegfs/rcabanas/dev/credici/papers/causal_flavour/models/simple_learner_4Q10k.uai
[2024-05-17T09:47:57.461931][INFO][seed26] Starting logger with seed 26
[2024-05-17T09:47:57.468639][INFO][seed6] Loaded model and info: /mnt/beegfs/rcabanas/dev/credici/papers/causal_flavour/models/simple_learner_4Q10k.uai
[2024-05-17T09:47:57.443425][INFO][seed17] Set up logging
[2024-05-17T09:47:57.474949][INFO][seed17] args: -m;500;-o;/mnt/beegfs/rcabanas/dev/credici/papers/causal_flavour/learntmodels/miter500;--data;/mnt/beegfs/rcabanas/dev/credici/papers/causal_flavour/data/simple_learner_4Q10k_data.csv;-rw;-s;17;/mnt/beegfs/rcabanas/dev/credici/papers/causal_flavour/models/simple_learner_4Q10k.uai
[2024-05-17T09:47:57.455453][INFO][seed0] Set up logging
[2024-05-17T09:47:57.477390][INFO][seed0] args: -m;500;-o;/mnt/beegfs/rcabanas/dev/credici/papers/causal_flavour/learntmodels/miter500;--data;/mnt/beegfs/rcabanas/dev/credici/papers/causal_flavour/data/simple_learner_4Q10k_data.csv;-rw;-s;0;/mnt/beegfs/rcabanas/dev/credici/papers/causal_flavour/models/simple_learner_4Q10k.uai
[2024-05-17T09:47:57.479095][INFO][seed17] Starting logger with seed 17
[2024-05-17T09:47:57.481470][INFO][seed0] Starting logger with seed 0
[2024-05-17T09:47:57.459812][INFO][seed2] Set up logging
[2024-05-17T09:47:57.491221][INFO][seed2] args: -m;500;-o;/mnt/beegfs/rcabanas/dev/credici/papers/causal_flavour/learntmodels/miter500;--data;/mnt/beegfs/rcabanas/dev/credici/papers/causal_flavour/data/simple_learner_4Q10k_data.csv;-rw;-s;2;/mnt/beegfs/rcabanas/dev/credici/papers/causal_flavour/models/simple_learner_4Q10k.uai
[2024-05-17T09:47:57.496034][INFO][seed2] Starting logger with seed 2
[2024-05-17T09:47:57.477769][INFO][seed7] Set up logging
[2024-05-17T09:47:57.505817][INFO][seed7] args: -m;500;-o;/mnt/beegfs/rcabanas/dev/credici/papers/causal_flavour/learntmodels/miter500;--data;/mnt/beegfs/rcabanas/dev/credici/papers/causal_flavour/data/simple_learner_4Q10k_data.csv;-rw;-s;7;/mnt/beegfs/rcabanas/dev/credici/papers/causal_flavour/models/simple_learner_4Q10k.uai
[2024-05-17T09:47:57.509601][INFO][seed7] Starting logger with seed 7
[2024-05-17T09:47:57.487329][INFO][seed13] Set up logging
[2024-05-17T09:47:57.516168][INFO][seed13] args: -m;500;-o;/mnt/beegfs/rcabanas/dev/credici/papers/causal_flavour/learntmodels/miter500;--data;/mnt/beegfs/rcabanas/dev/credici/papers/causal_flavour/data/simple_learner_4Q10k_data.csv;-rw;-s;13;/mnt/beegfs/rcabanas/dev/credici/papers/causal_flavour/models/simple_learner_4Q10k.uai
[2024-05-17T09:47:57.489935][INFO][seed27] Set up logging
[2024-05-17T09:47:57.520899][INFO][seed27] args: -m;500;-o;/mnt/beegfs/rcabanas/dev/credici/papers/causal_flavour/learntmodels/miter500;--data;/mnt/beegfs/rcabanas/dev/credici/papers/causal_flavour/data/simple_learner_4Q10k_data.csv;-rw;-s;27;/mnt/beegfs/rcabanas/dev/credici/papers/causal_flavour/models/simple_learner_4Q10k.uai
[2024-05-17T09:47:57.521417][INFO][seed13] Starting logger with seed 13
[2024-05-17T09:47:57.523991][INFO][seed27] Starting logger with seed 27
[2024-05-17T09:47:57.518134][INFO][seed4] Set up logging
[2024-05-17T09:47:57.543076][INFO][seed4] args: -m;500;-o;/mnt/beegfs/rcabanas/dev/credici/papers/causal_flavour/learntmodels/miter500;--data;/mnt/beegfs/rcabanas/dev/credici/papers/causal_flavour/data/simple_learner_4Q10k_data.csv;-rw;-s;4;/mnt/beegfs/rcabanas/dev/credici/papers/causal_flavour/models/simple_learner_4Q10k.uai
[2024-05-17T09:47:57.548917][INFO][seed4] Starting logger with seed 4
[2024-05-17T09:47:57.739357][INFO][seed8] Loaded model and info: /mnt/beegfs/rcabanas/dev/credici/papers/causal_flavour/models/simple_learner_4Q10k.uai
[2024-05-17T09:47:57.779348][INFO][seed3] Loaded model and info: /mnt/beegfs/rcabanas/dev/credici/papers/causal_flavour/models/simple_learner_4Q10k.uai
[2024-05-17T09:47:57.808168][INFO][seed9] Loaded model and info: /mnt/beegfs/rcabanas/dev/credici/papers/causal_flavour/models/simple_learner_4Q10k.uai
[2024-05-17T09:47:57.828801][INFO][seed5] Loaded model and info: /mnt/beegfs/rcabanas/dev/credici/papers/causal_flavour/models/simple_learner_4Q10k.uai
[2024-05-17T09:47:57.841921][INFO][seed16] Loaded model and info: /mnt/beegfs/rcabanas/dev/credici/papers/causal_flavour/models/simple_learner_4Q10k.uai
[2024-05-17T09:47:57.844606][INFO][seed34] Loaded model and info: /mnt/beegfs/rcabanas/dev/credici/papers/causal_flavour/models/simple_learner_4Q10k.uai
[2024-05-17T09:47:57.884839][INFO][seed26] Loaded model and info: /mnt/beegfs/rcabanas/dev/credici/papers/causal_flavour/models/simple_learner_4Q10k.uai
[2024-05-17T09:47:57.895501][INFO][seed0] Loaded model and info: /mnt/beegfs/rcabanas/dev/credici/papers/causal_flavour/models/simple_learner_4Q10k.uai
[2024-05-17T09:47:57.896928][INFO][seed17] Loaded model and info: /mnt/beegfs/rcabanas/dev/credici/papers/causal_flavour/models/simple_learner_4Q10k.uai
[2024-05-17T09:47:57.899444][INFO][seed2] Loaded model and info: /mnt/beegfs/rcabanas/dev/credici/papers/causal_flavour/models/simple_learner_4Q10k.uai
[2024-05-17T09:47:57.897553][INFO][seed23] Loaded model and info: /mnt/beegfs/rcabanas/dev/credici/papers/causal_flavour/models/simple_learner_4Q10k.uai
[2024-05-17T09:47:57.905567][INFO][seed22] Loaded model and info: /mnt/beegfs/rcabanas/dev/credici/papers/causal_flavour/models/simple_learner_4Q10k.uai
[2024-05-17T09:47:57.905706][INFO][seed7] Loaded model and info: /mnt/beegfs/rcabanas/dev/credici/papers/causal_flavour/models/simple_learner_4Q10k.uai
[2024-05-17T09:47:57.909615][INFO][seed13] Loaded model and info: /mnt/beegfs/rcabanas/dev/credici/papers/causal_flavour/models/simple_learner_4Q10k.uai
[2024-05-17T09:47:57.914083][INFO][seed27] Loaded model and info: /mnt/beegfs/rcabanas/dev/credici/papers/causal_flavour/models/simple_learner_4Q10k.uai
[2024-05-17T09:47:57.929338][INFO][seed4] Loaded model and info: /mnt/beegfs/rcabanas/dev/credici/papers/causal_flavour/models/simple_learner_4Q10k.uai
[2024-05-17T09:47:57.941438][INFO][seed6] Loaded 10000 data instances
[2024-05-17T09:47:57.941844][INFO][seed6] Starting learning up to 500 iterations
[2024-05-17T09:47:58.149810][INFO][seed8] Loaded 10000 data instances
[2024-05-17T09:47:58.150550][INFO][seed8] Starting learning up to 500 iterations
[2024-05-17T09:47:58.198593][INFO][seed3] Loaded 10000 data instances
[2024-05-17T09:47:58.199354][INFO][seed3] Starting learning up to 500 iterations
[2024-05-17T09:47:58.233581][INFO][seed9] Loaded 10000 data instances
[2024-05-17T09:47:58.234244][INFO][seed9] Starting learning up to 500 iterations
[2024-05-17T09:47:58.250865][INFO][seed5] Loaded 10000 data instances
[2024-05-17T09:47:58.251627][INFO][seed5] Starting learning up to 500 iterations
[2024-05-17T09:47:58.260469][INFO][seed16] Loaded 10000 data instances
[2024-05-17T09:47:58.269708][INFO][seed16] Starting learning up to 500 iterations
[2024-05-17T09:47:58.308349][INFO][seed34] Loaded 10000 data instances
[2024-05-17T09:47:58.309105][INFO][seed34] Starting learning up to 500 iterations
[2024-05-17T09:47:58.324563][INFO][seed2] Loaded 10000 data instances
[2024-05-17T09:47:58.325344][INFO][seed2] Starting learning up to 500 iterations
[2024-05-17T09:47:58.334284][INFO][seed0] Loaded 10000 data instances
[2024-05-17T09:47:58.336759][INFO][seed13] Loaded 10000 data instances
[2024-05-17T09:47:58.337674][INFO][seed0] Starting learning up to 500 iterations
[2024-05-17T09:47:58.337725][INFO][seed26] Loaded 10000 data instances
[2024-05-17T09:47:58.341589][INFO][seed13] Starting learning up to 500 iterations
[2024-05-17T09:47:58.342569][INFO][seed27] Loaded 10000 data instances
[2024-05-17T09:47:58.342857][INFO][seed22] Loaded 10000 data instances
[2024-05-17T09:47:58.343585][INFO][seed22] Starting learning up to 500 iterations
[2024-05-17T09:47:58.344939][INFO][seed4] Loaded 10000 data instances
[2024-05-17T09:47:58.348509][INFO][seed7] Loaded 10000 data instances
[2024-05-17T09:47:58.349157][INFO][seed4] Starting learning up to 500 iterations
[2024-05-17T09:47:58.349350][INFO][seed7] Starting learning up to 500 iterations
[2024-05-17T09:47:58.349812][INFO][seed26] Starting learning up to 500 iterations
[2024-05-17T09:47:58.348803][INFO][seed23] Loaded 10000 data instances
[2024-05-17T09:47:58.350932][INFO][seed23] Starting learning up to 500 iterations
[2024-05-17T09:47:58.354217][INFO][seed27] Starting learning up to 500 iterations
[2024-05-17T09:47:58.358499][INFO][seed17] Loaded 10000 data instances
[2024-05-17T09:47:58.365938][INFO][seed17] Starting learning up to 500 iterations
[2024-05-17T10:00:42.947369][INFO][seed4] Ellapsed time: 764573.ms
[2024-05-17T10:00:42.986802][INFO][seed4] Saved model at /mnt/beegfs/rcabanas/dev/credici/papers/causal_flavour/learntmodels/miter500/simple_learner_4Q10k/model_4.uai
[2024-05-17T10:00:42.987081][INFO][seed4] Closing log file
[2024-05-17T10:00:42.987209][INFO][seed4] Closed log file
['learn.py', '500', '39']
seed=39
/mnt/beegfs/rcabanas/dev/credici
/mnt/beegfs/rcabanas/dev/credici/papers/causal_flavour
/mnt/beegfs/rcabanas/dev/credici/papers/causal_flavour/learntmodels
/mnt/beegfs/rcabanas/dev/credici/papers/causal_flavour/models
/mnt/beegfs/rcabanas/dev/credici/target/credici-0.1.5-dev-SNAPSHOT-jar-with-dependencies.jar
/mnt/beegfs/rcabanas/dev/credici/papers/causal_flavour/code/LearnCF.java
[2024-05-17T10:00:45.680430][INFO][seed39] Set up logging
[2024-05-17T10:00:45.712358][INFO][seed39] args: -m;500;-o;/mnt/beegfs/rcabanas/dev/credici/papers/causal_flavour/learntmodels/miter500;--data;/mnt/beegfs/rcabanas/dev/credici/papers/causal_flavour/data/simple_learner_4Q10k_data.csv;-rw;-s;39;/mnt/beegfs/rcabanas/dev/credici/papers/causal_flavour/models/simple_learner_4Q10k.uai
[2024-05-17T10:00:45.713992][INFO][seed39] Starting logger with seed 39
[2024-05-17T10:00:45.965955][INFO][seed39] Loaded model and info: /mnt/beegfs/rcabanas/dev/credici/papers/causal_flavour/models/simple_learner_4Q10k.uai
[2024-05-17T10:00:46.361735][INFO][seed39] Loaded 10000 data instances
[2024-05-17T10:00:46.374173][INFO][seed39] Starting learning up to 500 iterations
[2024-05-17T10:01:18.493917][INFO][seed8] Ellapsed time: 800309.ms
[2024-05-17T10:01:18.526563][INFO][seed8] Saved model at /mnt/beegfs/rcabanas/dev/credici/papers/causal_flavour/learntmodels/miter500/simple_learner_4Q10k/model_8.uai
[2024-05-17T10:01:18.526849][INFO][seed8] Closing log file
[2024-05-17T10:01:18.526976][INFO][seed8] Closed log file
['learn.py', '500', '49']
seed=49
/mnt/beegfs/rcabanas/dev/credici
/mnt/beegfs/rcabanas/dev/credici/papers/causal_flavour
/mnt/beegfs/rcabanas/dev/credici/papers/causal_flavour/learntmodels
/mnt/beegfs/rcabanas/dev/credici/papers/causal_flavour/models
/mnt/beegfs/rcabanas/dev/credici/target/credici-0.1.5-dev-SNAPSHOT-jar-with-dependencies.jar
/mnt/beegfs/rcabanas/dev/credici/papers/causal_flavour/code/LearnCF.java
[2024-05-17T10:01:21.181584][INFO][seed49] Set up logging
[2024-05-17T10:01:21.217646][INFO][seed49] args: -m;500;-o;/mnt/beegfs/rcabanas/dev/credici/papers/causal_flavour/learntmodels/miter500;--data;/mnt/beegfs/rcabanas/dev/credici/papers/causal_flavour/data/simple_learner_4Q10k_data.csv;-rw;-s;49;/mnt/beegfs/rcabanas/dev/credici/papers/causal_flavour/models/simple_learner_4Q10k.uai
[2024-05-17T10:01:21.219281][INFO][seed49] Starting logger with seed 49
[2024-05-17T10:01:21.398983][INFO][seed49] Loaded model and info: /mnt/beegfs/rcabanas/dev/credici/papers/causal_flavour/models/simple_learner_4Q10k.uai
[2024-05-17T10:01:21.772662][INFO][seed49] Loaded 10000 data instances
[2024-05-17T10:01:21.779410][INFO][seed49] Starting learning up to 500 iterations
[2024-05-17T10:01:38.360378][INFO][seed6] Ellapsed time: 820378.ms
[2024-05-17T10:01:38.391765][INFO][seed6] Saved model at /mnt/beegfs/rcabanas/dev/credici/papers/causal_flavour/learntmodels/miter500/simple_learner_4Q10k/model_6.uai
[2024-05-17T10:01:38.392033][INFO][seed6] Closing log file
[2024-05-17T10:01:38.392176][INFO][seed6] Closed log file
['learn.py', '500', '50']
seed=50
/mnt/beegfs/rcabanas/dev/credici
/mnt/beegfs/rcabanas/dev/credici/papers/causal_flavour
/mnt/beegfs/rcabanas/dev/credici/papers/causal_flavour/learntmodels
/mnt/beegfs/rcabanas/dev/credici/papers/causal_flavour/models
/mnt/beegfs/rcabanas/dev/credici/target/credici-0.1.5-dev-SNAPSHOT-jar-with-dependencies.jar
/mnt/beegfs/rcabanas/dev/credici/papers/causal_flavour/code/LearnCF.java
[2024-05-17T10:01:41.138914][INFO][seed50] Set up logging
[2024-05-17T10:01:41.161904][INFO][seed50] args: -m;500;-o;/mnt/beegfs/rcabanas/dev/credici/papers/causal_flavour/learntmodels/miter500;--data;/mnt/beegfs/rcabanas/dev/credici/papers/causal_flavour/data/simple_learner_4Q10k_data.csv;-rw;-s;50;/mnt/beegfs/rcabanas/dev/credici/papers/causal_flavour/models/simple_learner_4Q10k.uai
[2024-05-17T10:01:41.176109][INFO][seed50] Starting logger with seed 50
[2024-05-17T10:01:41.430385][INFO][seed50] Loaded model and info: /mnt/beegfs/rcabanas/dev/credici/papers/causal_flavour/models/simple_learner_4Q10k.uai
[2024-05-17T10:01:41.799607][INFO][seed50] Loaded 10000 data instances
[2024-05-17T10:01:41.813307][INFO][seed50] Starting learning up to 500 iterations
[2024-05-17T10:09:54.001403][INFO][seed9] Ellapsed time: 1315729.ms
[2024-05-17T10:09:54.038982][INFO][seed9] Saved model at /mnt/beegfs/rcabanas/dev/credici/papers/causal_flavour/learntmodels/miter500/simple_learner_4Q10k/model_9.uai
[2024-05-17T10:09:54.039501][INFO][seed9] Closing log file
[2024-05-17T10:09:54.039632][INFO][seed9] Closed log file
['learn.py', '500', '14']
seed=14
/mnt/beegfs/rcabanas/dev/credici
/mnt/beegfs/rcabanas/dev/credici/papers/causal_flavour
/mnt/beegfs/rcabanas/dev/credici/papers/causal_flavour/learntmodels
/mnt/beegfs/rcabanas/dev/credici/papers/causal_flavour/models
/mnt/beegfs/rcabanas/dev/credici/target/credici-0.1.5-dev-SNAPSHOT-jar-with-dependencies.jar
/mnt/beegfs/rcabanas/dev/credici/papers/causal_flavour/code/LearnCF.java
[2024-05-17T10:09:57.108839][INFO][seed14] Set up logging
[2024-05-17T10:09:57.137477][INFO][seed14] args: -m;500;-o;/mnt/beegfs/rcabanas/dev/credici/papers/causal_flavour/learntmodels/miter500;--data;/mnt/beegfs/rcabanas/dev/credici/papers/causal_flavour/data/simple_learner_4Q10k_data.csv;-rw;-s;14;/mnt/beegfs/rcabanas/dev/credici/papers/causal_flavour/models/simple_learner_4Q10k.uai
[2024-05-17T10:09:57.140806][INFO][seed14] Starting logger with seed 14
[2024-05-17T10:09:57.414616][INFO][seed14] Loaded model and info: /mnt/beegfs/rcabanas/dev/credici/papers/causal_flavour/models/simple_learner_4Q10k.uai
[2024-05-17T10:09:57.836469][INFO][seed14] Loaded 10000 data instances
[2024-05-17T10:09:57.842592][INFO][seed14] Starting learning up to 500 iterations
[2024-05-17T10:10:15.624386][INFO][seed22] Ellapsed time: 1337240.ms
[2024-05-17T10:10:15.660693][INFO][seed22] Saved model at /mnt/beegfs/rcabanas/dev/credici/papers/causal_flavour/learntmodels/miter500/simple_learner_4Q10k/model_22.uai
[2024-05-17T10:10:15.661162][INFO][seed22] Closing log file
[2024-05-17T10:10:15.661297][INFO][seed22] Closed log file
['learn.py', '500', '43']
seed=43
/mnt/beegfs/rcabanas/dev/credici
/mnt/beegfs/rcabanas/dev/credici/papers/causal_flavour
/mnt/beegfs/rcabanas/dev/credici/papers/causal_flavour/learntmodels
/mnt/beegfs/rcabanas/dev/credici/papers/causal_flavour/models
/mnt/beegfs/rcabanas/dev/credici/target/credici-0.1.5-dev-SNAPSHOT-jar-with-dependencies.jar
/mnt/beegfs/rcabanas/dev/credici/papers/causal_flavour/code/LearnCF.java
[2024-05-17T10:10:16.454109][INFO][seed26] Ellapsed time: 1338074.ms
[2024-05-17T10:10:16.500182][INFO][seed26] Saved model at /mnt/beegfs/rcabanas/dev/credici/papers/causal_flavour/learntmodels/miter500/simple_learner_4Q10k/model_26.uai
[2024-05-17T10:10:16.500855][INFO][seed26] Closing log file
[2024-05-17T10:10:16.501132][INFO][seed26] Closed log file
['learn.py', '500', '47']
seed=47
/mnt/beegfs/rcabanas/dev/credici
/mnt/beegfs/rcabanas/dev/credici/papers/causal_flavour
/mnt/beegfs/rcabanas/dev/credici/papers/causal_flavour/learntmodels
/mnt/beegfs/rcabanas/dev/credici/papers/causal_flavour/models
/mnt/beegfs/rcabanas/dev/credici/target/credici-0.1.5-dev-SNAPSHOT-jar-with-dependencies.jar
/mnt/beegfs/rcabanas/dev/credici/papers/causal_flavour/code/LearnCF.java
[2024-05-17T10:10:18.543534][INFO][seed0] Ellapsed time: 1340167.ms
[2024-05-17T10:10:18.587433][INFO][seed0] Saved model at /mnt/beegfs/rcabanas/dev/credici/papers/causal_flavour/learntmodels/miter500/simple_learner_4Q10k/model_0.uai
[2024-05-17T10:10:18.588250][INFO][seed0] Closing log file
[2024-05-17T10:10:18.588436][INFO][seed0] Closed log file
[2024-05-17T10:10:18.726557][INFO][seed43] Set up logging
[2024-05-17T10:10:18.759691][INFO][seed43] args: -m;500;-o;/mnt/beegfs/rcabanas/dev/credici/papers/causal_flavour/learntmodels/miter500;--data;/mnt/beegfs/rcabanas/dev/credici/papers/causal_flavour/data/simple_learner_4Q10k_data.csv;-rw;-s;43;/mnt/beegfs/rcabanas/dev/credici/papers/causal_flavour/models/simple_learner_4Q10k.uai
[2024-05-17T10:10:18.764182][INFO][seed43] Starting logger with seed 43
[2024-05-17T10:10:19.031650][INFO][seed43] Loaded model and info: /mnt/beegfs/rcabanas/dev/credici/papers/causal_flavour/models/simple_learner_4Q10k.uai
[2024-05-17T10:10:19.046430][INFO][seed34] Ellapsed time: 1340701.ms
[2024-05-17T10:10:19.076410][INFO][seed34] Saved model at /mnt/beegfs/rcabanas/dev/credici/papers/causal_flavour/learntmodels/miter500/simple_learner_4Q10k/model_34.uai
[2024-05-17T10:10:19.077075][INFO][seed34] Closing log file
[2024-05-17T10:10:19.077209][INFO][seed34] Closed log file
['learn.py', '500', '29']
seed=29
/mnt/beegfs/rcabanas/dev/credici
/mnt/beegfs/rcabanas/dev/credici/papers/causal_flavour
/mnt/beegfs/rcabanas/dev/credici/papers/causal_flavour/learntmodels
/mnt/beegfs/rcabanas/dev/credici/papers/causal_flavour/models
/mnt/beegfs/rcabanas/dev/credici/target/credici-0.1.5-dev-SNAPSHOT-jar-with-dependencies.jar
/mnt/beegfs/rcabanas/dev/credici/papers/causal_flavour/code/LearnCF.java
[2024-05-17T10:10:19.443830][INFO][seed43] Loaded 10000 data instances
[2024-05-17T10:10:19.452533][INFO][seed43] Starting learning up to 500 iterations
['learn.py', '500', '33']
seed=33
/mnt/beegfs/rcabanas/dev/credici
/mnt/beegfs/rcabanas/dev/credici/papers/causal_flavour
/mnt/beegfs/rcabanas/dev/credici/papers/causal_flavour/learntmodels
/mnt/beegfs/rcabanas/dev/credici/papers/causal_flavour/models
/mnt/beegfs/rcabanas/dev/credici/target/credici-0.1.5-dev-SNAPSHOT-jar-with-dependencies.jar
/mnt/beegfs/rcabanas/dev/credici/papers/causal_flavour/code/LearnCF.java
[2024-05-17T10:10:19.714985][INFO][seed47] Set up logging
[2024-05-17T10:10:19.744336][INFO][seed47] args: -m;500;-o;/mnt/beegfs/rcabanas/dev/credici/papers/causal_flavour/learntmodels/miter500;--data;/mnt/beegfs/rcabanas/dev/credici/papers/causal_flavour/data/simple_learner_4Q10k_data.csv;-rw;-s;47;/mnt/beegfs/rcabanas/dev/credici/papers/causal_flavour/models/simple_learner_4Q10k.uai
[2024-05-17T10:10:19.746494][INFO][seed47] Starting logger with seed 47
[2024-05-17T10:10:20.005407][INFO][seed47] Loaded model and info: /mnt/beegfs/rcabanas/dev/credici/papers/causal_flavour/models/simple_learner_4Q10k.uai
[2024-05-17T10:10:20.435172][INFO][seed47] Loaded 10000 data instances
[2024-05-17T10:10:20.438747][INFO][seed47] Starting learning up to 500 iterations
[2024-05-17T10:10:21.748650][INFO][seed29] Set up logging
[2024-05-17T10:10:21.775738][INFO][seed29] args: -m;500;-o;/mnt/beegfs/rcabanas/dev/credici/papers/causal_flavour/learntmodels/miter500;--data;/mnt/beegfs/rcabanas/dev/credici/papers/causal_flavour/data/simple_learner_4Q10k_data.csv;-rw;-s;29;/mnt/beegfs/rcabanas/dev/credici/papers/causal_flavour/models/simple_learner_4Q10k.uai
[2024-05-17T10:10:21.778178][INFO][seed29] Starting logger with seed 29
[2024-05-17T10:10:22.070732][INFO][seed29] Loaded model and info: /mnt/beegfs/rcabanas/dev/credici/papers/causal_flavour/models/simple_learner_4Q10k.uai
[2024-05-17T10:10:22.166708][INFO][seed33] Set up logging
[2024-05-17T10:10:22.196136][INFO][seed33] args: -m;500;-o;/mnt/beegfs/rcabanas/dev/credici/papers/causal_flavour/learntmodels/miter500;--data;/mnt/beegfs/rcabanas/dev/credici/papers/causal_flavour/data/simple_learner_4Q10k_data.csv;-rw;-s;33;/mnt/beegfs/rcabanas/dev/credici/papers/causal_flavour/models/simple_learner_4Q10k.uai
[2024-05-17T10:10:22.198565][INFO][seed33] Starting logger with seed 33
[2024-05-17T10:10:22.484624][INFO][seed33] Loaded model and info: /mnt/beegfs/rcabanas/dev/credici/papers/causal_flavour/models/simple_learner_4Q10k.uai
[2024-05-17T10:10:22.516004][INFO][seed29] Loaded 10000 data instances
[2024-05-17T10:10:22.529948][INFO][seed29] Starting learning up to 500 iterations
[2024-05-17T10:10:22.917304][INFO][seed33] Loaded 10000 data instances
[2024-05-17T10:10:22.930162][INFO][seed33] Starting learning up to 500 iterations
[2024-05-17T10:10:23.098294][INFO][seed23] Ellapsed time: 1344699.ms
[2024-05-17T10:10:23.141565][INFO][seed23] Saved model at /mnt/beegfs/rcabanas/dev/credici/papers/causal_flavour/learntmodels/miter500/simple_learner_4Q10k/model_23.uai
[2024-05-17T10:10:23.142473][INFO][seed23] Closing log file
[2024-05-17T10:10:23.142652][INFO][seed23] Closed log file
['learn.py', '500', '15']
seed=15
/mnt/beegfs/rcabanas/dev/credici
/mnt/beegfs/rcabanas/dev/credici/papers/causal_flavour
/mnt/beegfs/rcabanas/dev/credici/papers/causal_flavour/learntmodels
/mnt/beegfs/rcabanas/dev/credici/papers/causal_flavour/models
/mnt/beegfs/rcabanas/dev/credici/target/credici-0.1.5-dev-SNAPSHOT-jar-with-dependencies.jar
/mnt/beegfs/rcabanas/dev/credici/papers/causal_flavour/code/LearnCF.java
[2024-05-17T10:10:25.218011][INFO][seed27] Ellapsed time: 1346833.ms
[2024-05-17T10:10:25.259777][INFO][seed17] Ellapsed time: 1346853.ms
[2024-05-17T10:10:25.267196][INFO][seed27] Saved model at /mnt/beegfs/rcabanas/dev/credici/papers/causal_flavour/learntmodels/miter500/simple_learner_4Q10k/model_27.uai
[2024-05-17T10:10:25.267723][INFO][seed27] Closing log file
[2024-05-17T10:10:25.267847][INFO][seed27] Closed log file
[2024-05-17T10:10:25.297112][INFO][seed17] Saved model at /mnt/beegfs/rcabanas/dev/credici/papers/causal_flavour/learntmodels/miter500/simple_learner_4Q10k/model_17.uai
[2024-05-17T10:10:25.297627][INFO][seed17] Closing log file
[2024-05-17T10:10:25.297746][INFO][seed17] Closed log file
['learn.py', '500', '19']
['learn.py', '500', '1']
seed=19
/mnt/beegfs/rcabanas/dev/credici
/mnt/beegfs/rcabanas/dev/credici/papers/causal_flavour
seed=1
/mnt/beegfs/rcabanas/dev/credici
/mnt/beegfs/rcabanas/dev/credici/papers/causal_flavour
/mnt/beegfs/rcabanas/dev/credici/papers/causal_flavour/learntmodels
/mnt/beegfs/rcabanas/dev/credici/papers/causal_flavour/learntmodels
/mnt/beegfs/rcabanas/dev/credici/papers/causal_flavour/models
/mnt/beegfs/rcabanas/dev/credici/target/credici-0.1.5-dev-SNAPSHOT-jar-with-dependencies.jar
/mnt/beegfs/rcabanas/dev/credici/papers/causal_flavour/code/LearnCF.java
/mnt/beegfs/rcabanas/dev/credici/papers/causal_flavour/models
/mnt/beegfs/rcabanas/dev/credici/target/credici-0.1.5-dev-SNAPSHOT-jar-with-dependencies.jar
/mnt/beegfs/rcabanas/dev/credici/papers/causal_flavour/code/LearnCF.java
[2024-05-17T10:10:26.411704][INFO][seed15] Set up logging
[2024-05-17T10:10:26.447413][INFO][seed15] args: -m;500;-o;/mnt/beegfs/rcabanas/dev/credici/papers/causal_flavour/learntmodels/miter500;--data;/mnt/beegfs/rcabanas/dev/credici/papers/causal_flavour/data/simple_learner_4Q10k_data.csv;-rw;-s;15;/mnt/beegfs/rcabanas/dev/credici/papers/causal_flavour/models/simple_learner_4Q10k.uai
[2024-05-17T10:10:26.449681][INFO][seed15] Starting logger with seed 15
[2024-05-17T10:10:26.742676][INFO][seed15] Loaded model and info: /mnt/beegfs/rcabanas/dev/credici/papers/causal_flavour/models/simple_learner_4Q10k.uai
[2024-05-17T10:10:27.182718][INFO][seed7] Ellapsed time: 1348815.ms
[2024-05-17T10:10:27.207711][INFO][seed15] Loaded 10000 data instances
[2024-05-17T10:10:27.223563][INFO][seed15] Starting learning up to 500 iterations
[2024-05-17T10:10:27.228288][INFO][seed7] Saved model at /mnt/beegfs/rcabanas/dev/credici/papers/causal_flavour/learntmodels/miter500/simple_learner_4Q10k/model_7.uai
[2024-05-17T10:10:27.228988][INFO][seed7] Closing log file
[2024-05-17T10:10:27.229232][INFO][seed7] Closed log file
['learn.py', '500', '12']
seed=12
/mnt/beegfs/rcabanas/dev/credici
/mnt/beegfs/rcabanas/dev/credici/papers/causal_flavour
/mnt/beegfs/rcabanas/dev/credici/papers/causal_flavour/learntmodels
/mnt/beegfs/rcabanas/dev/credici/papers/causal_flavour/models
/mnt/beegfs/rcabanas/dev/credici/target/credici-0.1.5-dev-SNAPSHOT-jar-with-dependencies.jar
/mnt/beegfs/rcabanas/dev/credici/papers/causal_flavour/code/LearnCF.java
[2024-05-17T10:10:28.598264][INFO][seed1] Set up logging
[2024-05-17T10:10:28.633083][INFO][seed1] args: -m;500;-o;/mnt/beegfs/rcabanas/dev/credici/papers/causal_flavour/learntmodels/miter500;--data;/mnt/beegfs/rcabanas/dev/credici/papers/causal_flavour/data/simple_learner_4Q10k_data.csv;-rw;-s;1;/mnt/beegfs/rcabanas/dev/credici/papers/causal_flavour/models/simple_learner_4Q10k.uai
[2024-05-17T10:10:28.635367][INFO][seed1] Starting logger with seed 1
[2024-05-17T10:10:28.664914][INFO][seed19] Set up logging
[2024-05-17T10:10:28.691958][INFO][seed19] args: -m;500;-o;/mnt/beegfs/rcabanas/dev/credici/papers/causal_flavour/learntmodels/miter500;--data;/mnt/beegfs/rcabanas/dev/credici/papers/causal_flavour/data/simple_learner_4Q10k_data.csv;-rw;-s;19;/mnt/beegfs/rcabanas/dev/credici/papers/causal_flavour/models/simple_learner_4Q10k.uai
[2024-05-17T10:10:28.698723][INFO][seed19] Starting logger with seed 19
[2024-05-17T10:10:28.909569][INFO][seed1] Loaded model and info: /mnt/beegfs/rcabanas/dev/credici/papers/causal_flavour/models/simple_learner_4Q10k.uai
[2024-05-17T10:10:28.967159][INFO][seed19] Loaded model and info: /mnt/beegfs/rcabanas/dev/credici/papers/causal_flavour/models/simple_learner_4Q10k.uai
[2024-05-17T10:10:29.355308][INFO][seed1] Loaded 10000 data instances
[2024-05-17T10:10:29.369329][INFO][seed1] Starting learning up to 500 iterations
[2024-05-17T10:10:29.408714][INFO][seed19] Loaded 10000 data instances
[2024-05-17T10:10:29.410003][INFO][seed19] Starting learning up to 500 iterations
[2024-05-17T10:10:30.678078][INFO][seed12] Set up logging
[2024-05-17T10:10:30.711582][INFO][seed12] args: -m;500;-o;/mnt/beegfs/rcabanas/dev/credici/papers/causal_flavour/learntmodels/miter500;--data;/mnt/beegfs/rcabanas/dev/credici/papers/causal_flavour/data/simple_learner_4Q10k_data.csv;-rw;-s;12;/mnt/beegfs/rcabanas/dev/credici/papers/causal_flavour/models/simple_learner_4Q10k.uai
[2024-05-17T10:10:30.717478][INFO][seed12] Starting logger with seed 12
[2024-05-17T10:10:30.999242][INFO][seed12] Loaded model and info: /mnt/beegfs/rcabanas/dev/credici/papers/causal_flavour/models/simple_learner_4Q10k.uai
[2024-05-17T10:10:31.473226][INFO][seed12] Loaded 10000 data instances
[2024-05-17T10:10:31.474579][INFO][seed12] Starting learning up to 500 iterations
[2024-05-17T10:10:35.594145][INFO][seed13] Ellapsed time: 1357211.ms
[2024-05-17T10:10:35.643265][INFO][seed13] Saved model at /mnt/beegfs/rcabanas/dev/credici/papers/causal_flavour/learntmodels/miter500/simple_learner_4Q10k/model_13.uai
[2024-05-17T10:10:35.643907][INFO][seed13] Closing log file
[2024-05-17T10:10:35.644070][INFO][seed13] Closed log file
['learn.py', '500', '18']
seed=18
/mnt/beegfs/rcabanas/dev/credici
/mnt/beegfs/rcabanas/dev/credici/papers/causal_flavour
/mnt/beegfs/rcabanas/dev/credici/papers/causal_flavour/learntmodels
/mnt/beegfs/rcabanas/dev/credici/papers/causal_flavour/models
/mnt/beegfs/rcabanas/dev/credici/target/credici-0.1.5-dev-SNAPSHOT-jar-with-dependencies.jar
/mnt/beegfs/rcabanas/dev/credici/papers/causal_flavour/code/LearnCF.java
[2024-05-17T10:10:37.520006][INFO][seed16] Ellapsed time: 1359216.ms
[2024-05-17T10:10:37.550310][INFO][seed16] Saved model at /mnt/beegfs/rcabanas/dev/credici/papers/causal_flavour/learntmodels/miter500/simple_learner_4Q10k/model_16.uai
[2024-05-17T10:10:37.550770][INFO][seed16] Closing log file
[2024-05-17T10:10:37.550927][INFO][seed16] Closed log file
['learn.py', '500', '32']
seed=32
/mnt/beegfs/rcabanas/dev/credici
/mnt/beegfs/rcabanas/dev/credici/papers/causal_flavour
/mnt/beegfs/rcabanas/dev/credici/papers/causal_flavour/learntmodels
/mnt/beegfs/rcabanas/dev/credici/papers/causal_flavour/models
/mnt/beegfs/rcabanas/dev/credici/target/credici-0.1.5-dev-SNAPSHOT-jar-with-dependencies.jar
/mnt/beegfs/rcabanas/dev/credici/papers/causal_flavour/code/LearnCF.java
[2024-05-17T10:10:39.030817][INFO][seed18] Set up logging
[2024-05-17T10:10:39.065581][INFO][seed18] args: -m;500;-o;/mnt/beegfs/rcabanas/dev/credici/papers/causal_flavour/learntmodels/miter500;--data;/mnt/beegfs/rcabanas/dev/credici/papers/causal_flavour/data/simple_learner_4Q10k_data.csv;-rw;-s;18;/mnt/beegfs/rcabanas/dev/credici/papers/causal_flavour/models/simple_learner_4Q10k.uai
[2024-05-17T10:10:39.070523][INFO][seed18] Starting logger with seed 18
[2024-05-17T10:10:39.346419][INFO][seed18] Loaded model and info: /mnt/beegfs/rcabanas/dev/credici/papers/causal_flavour/models/simple_learner_4Q10k.uai
[2024-05-17T10:10:39.809535][INFO][seed18] Loaded 10000 data instances
[2024-05-17T10:10:39.811570][INFO][seed18] Starting learning up to 500 iterations
[2024-05-17T10:10:40.681196][INFO][seed32] Set up logging
[2024-05-17T10:10:40.713700][INFO][seed32] args: -m;500;-o;/mnt/beegfs/rcabanas/dev/credici/papers/causal_flavour/learntmodels/miter500;--data;/mnt/beegfs/rcabanas/dev/credici/papers/causal_flavour/data/simple_learner_4Q10k_data.csv;-rw;-s;32;/mnt/beegfs/rcabanas/dev/credici/papers/causal_flavour/models/simple_learner_4Q10k.uai
[2024-05-17T10:10:40.716189][INFO][seed32] Starting logger with seed 32
[2024-05-17T10:10:41.023979][INFO][seed32] Loaded model and info: /mnt/beegfs/rcabanas/dev/credici/papers/causal_flavour/models/simple_learner_4Q10k.uai
[2024-05-17T10:10:41.397590][INFO][seed2] Ellapsed time: 1363036.ms
[2024-05-17T10:10:41.437584][INFO][seed2] Saved model at /mnt/beegfs/rcabanas/dev/credici/papers/causal_flavour/learntmodels/miter500/simple_learner_4Q10k/model_2.uai
[2024-05-17T10:10:41.438001][INFO][seed2] Closing log file
[2024-05-17T10:10:41.438144][INFO][seed2] Closed log file
[2024-05-17T10:10:41.468843][INFO][seed32] Loaded 10000 data instances
[2024-05-17T10:10:41.477678][INFO][seed32] Starting learning up to 500 iterations
['learn.py', '500', '25']
seed=25
/mnt/beegfs/rcabanas/dev/credici
/mnt/beegfs/rcabanas/dev/credici/papers/causal_flavour
/mnt/beegfs/rcabanas/dev/credici/papers/causal_flavour/learntmodels
/mnt/beegfs/rcabanas/dev/credici/papers/causal_flavour/models
/mnt/beegfs/rcabanas/dev/credici/target/credici-0.1.5-dev-SNAPSHOT-jar-with-dependencies.jar
/mnt/beegfs/rcabanas/dev/credici/papers/causal_flavour/code/LearnCF.java
[2024-05-17T10:10:42.465169][INFO][seed3] Ellapsed time: 1364228.ms
[2024-05-17T10:10:42.509086][INFO][seed3] Saved model at /mnt/beegfs/rcabanas/dev/credici/papers/causal_flavour/learntmodels/miter500/simple_learner_4Q10k/model_3.uai
[2024-05-17T10:10:42.509574][INFO][seed3] Closing log file
[2024-05-17T10:10:42.509691][INFO][seed3] Closed log file
['learn.py', '500', '11']
seed=11
/mnt/beegfs/rcabanas/dev/credici
/mnt/beegfs/rcabanas/dev/credici/papers/causal_flavour
/mnt/beegfs/rcabanas/dev/credici/papers/causal_flavour/learntmodels
/mnt/beegfs/rcabanas/dev/credici/papers/causal_flavour/models
/mnt/beegfs/rcabanas/dev/credici/target/credici-0.1.5-dev-SNAPSHOT-jar-with-dependencies.jar
/mnt/beegfs/rcabanas/dev/credici/papers/causal_flavour/code/LearnCF.java
[2024-05-17T10:10:44.590349][INFO][seed25] Set up logging
[2024-05-17T10:10:44.626310][INFO][seed25] args: -m;500;-o;/mnt/beegfs/rcabanas/dev/credici/papers/causal_flavour/learntmodels/miter500;--data;/mnt/beegfs/rcabanas/dev/credici/papers/causal_flavour/data/simple_learner_4Q10k_data.csv;-rw;-s;25;/mnt/beegfs/rcabanas/dev/credici/papers/causal_flavour/models/simple_learner_4Q10k.uai
[2024-05-17T10:10:44.628416][INFO][seed25] Starting logger with seed 25
[2024-05-17T10:10:44.919434][INFO][seed25] Loaded model and info: /mnt/beegfs/rcabanas/dev/credici/papers/causal_flavour/models/simple_learner_4Q10k.uai
[2024-05-17T10:10:45.381623][INFO][seed25] Loaded 10000 data instances
[2024-05-17T10:10:45.383209][INFO][seed25] Starting learning up to 500 iterations
[2024-05-17T10:10:45.770644][INFO][seed11] Set up logging
[2024-05-17T10:10:45.799885][INFO][seed11] args: -m;500;-o;/mnt/beegfs/rcabanas/dev/credici/papers/causal_flavour/learntmodels/miter500;--data;/mnt/beegfs/rcabanas/dev/credici/papers/causal_flavour/data/simple_learner_4Q10k_data.csv;-rw;-s;11;/mnt/beegfs/rcabanas/dev/credici/papers/causal_flavour/models/simple_learner_4Q10k.uai
[2024-05-17T10:10:45.801938][INFO][seed11] Starting logger with seed 11
[2024-05-17T10:10:46.067823][INFO][seed11] Loaded model and info: /mnt/beegfs/rcabanas/dev/credici/papers/causal_flavour/models/simple_learner_4Q10k.uai
[2024-05-17T10:10:46.507688][INFO][seed11] Loaded 10000 data instances
[2024-05-17T10:10:46.511493][INFO][seed11] Starting learning up to 500 iterations
[2024-05-17T10:11:04.380409][INFO][seed5] Ellapsed time: 1386084.ms
[2024-05-17T10:11:04.425069][INFO][seed5] Saved model at /mnt/beegfs/rcabanas/dev/credici/papers/causal_flavour/learntmodels/miter500/simple_learner_4Q10k/model_5.uai
[2024-05-17T10:11:04.425637][INFO][seed5] Closing log file
[2024-05-17T10:11:04.425781][INFO][seed5] Closed log file
['learn.py', '500', '31']
seed=31
/mnt/beegfs/rcabanas/dev/credici
/mnt/beegfs/rcabanas/dev/credici/papers/causal_flavour
/mnt/beegfs/rcabanas/dev/credici/papers/causal_flavour/learntmodels
/mnt/beegfs/rcabanas/dev/credici/papers/causal_flavour/models
/mnt/beegfs/rcabanas/dev/credici/target/credici-0.1.5-dev-SNAPSHOT-jar-with-dependencies.jar
/mnt/beegfs/rcabanas/dev/credici/papers/causal_flavour/code/LearnCF.java
[2024-05-17T10:11:07.772566][INFO][seed31] Set up logging
[2024-05-17T10:11:07.804560][INFO][seed31] args: -m;500;-o;/mnt/beegfs/rcabanas/dev/credici/papers/causal_flavour/learntmodels/miter500;--data;/mnt/beegfs/rcabanas/dev/credici/papers/causal_flavour/data/simple_learner_4Q10k_data.csv;-rw;-s;31;/mnt/beegfs/rcabanas/dev/credici/papers/causal_flavour/models/simple_learner_4Q10k.uai
[2024-05-17T10:11:07.809746][INFO][seed31] Starting logger with seed 31
[2024-05-17T10:11:08.270978][INFO][seed31] Loaded model and info: /mnt/beegfs/rcabanas/dev/credici/papers/causal_flavour/models/simple_learner_4Q10k.uai
[2024-05-17T10:11:08.800770][INFO][seed31] Loaded 10000 data instances
[2024-05-17T10:11:08.802707][INFO][seed31] Starting learning up to 500 iterations
[2024-05-17T10:13:51.060457][INFO][seed39] Ellapsed time: 784673.ms
[2024-05-17T10:13:51.126430][INFO][seed39] Saved model at /mnt/beegfs/rcabanas/dev/credici/papers/causal_flavour/learntmodels/miter500/simple_learner_4Q10k/model_39.uai
[2024-05-17T10:13:51.126768][INFO][seed39] Closing log file
[2024-05-17T10:13:51.126880][INFO][seed39] Closed log file
['learn.py', '500', '20']
seed=20
/mnt/beegfs/rcabanas/dev/credici
/mnt/beegfs/rcabanas/dev/credici/papers/causal_flavour
/mnt/beegfs/rcabanas/dev/credici/papers/causal_flavour/learntmodels
/mnt/beegfs/rcabanas/dev/credici/papers/causal_flavour/models
/mnt/beegfs/rcabanas/dev/credici/target/credici-0.1.5-dev-SNAPSHOT-jar-with-dependencies.jar
/mnt/beegfs/rcabanas/dev/credici/papers/causal_flavour/code/LearnCF.java
[2024-05-17T10:13:53.818387][INFO][seed20] Set up logging
[2024-05-17T10:13:53.846858][INFO][seed20] args: -m;500;-o;/mnt/beegfs/rcabanas/dev/credici/papers/causal_flavour/learntmodels/miter500;--data;/mnt/beegfs/rcabanas/dev/credici/papers/causal_flavour/data/simple_learner_4Q10k_data.csv;-rw;-s;20;/mnt/beegfs/rcabanas/dev/credici/papers/causal_flavour/models/simple_learner_4Q10k.uai
[2024-05-17T10:13:53.849216][INFO][seed20] Starting logger with seed 20
[2024-05-17T10:13:54.108118][INFO][seed20] Loaded model and info: /mnt/beegfs/rcabanas/dev/credici/papers/causal_flavour/models/simple_learner_4Q10k.uai
[2024-05-17T10:13:54.468712][INFO][seed20] Loaded 10000 data instances
[2024-05-17T10:13:54.469586][INFO][seed20] Starting learning up to 500 iterations
[2024-05-17T10:14:36.729955][INFO][seed49] Ellapsed time: 794937.ms
[2024-05-17T10:14:36.763389][INFO][seed49] Saved model at /mnt/beegfs/rcabanas/dev/credici/papers/causal_flavour/learntmodels/miter500/simple_learner_4Q10k/model_49.uai
[2024-05-17T10:14:36.763687][INFO][seed49] Closing log file
[2024-05-17T10:14:36.763814][INFO][seed49] Closed log file
['learn.py', '500', '46']
seed=46
/mnt/beegfs/rcabanas/dev/credici
/mnt/beegfs/rcabanas/dev/credici/papers/causal_flavour
/mnt/beegfs/rcabanas/dev/credici/papers/causal_flavour/learntmodels
/mnt/beegfs/rcabanas/dev/credici/papers/causal_flavour/models
/mnt/beegfs/rcabanas/dev/credici/target/credici-0.1.5-dev-SNAPSHOT-jar-with-dependencies.jar
/mnt/beegfs/rcabanas/dev/credici/papers/causal_flavour/code/LearnCF.java
[2024-05-17T10:14:39.450593][INFO][seed46] Set up logging
[2024-05-17T10:14:39.467752][INFO][seed46] args: -m;500;-o;/mnt/beegfs/rcabanas/dev/credici/papers/causal_flavour/learntmodels/miter500;--data;/mnt/beegfs/rcabanas/dev/credici/papers/causal_flavour/data/simple_learner_4Q10k_data.csv;-rw;-s;46;/mnt/beegfs/rcabanas/dev/credici/papers/causal_flavour/models/simple_learner_4Q10k.uai
[2024-05-17T10:14:39.481818][INFO][seed46] Starting logger with seed 46
[2024-05-17T10:14:39.743928][INFO][seed46] Loaded model and info: /mnt/beegfs/rcabanas/dev/credici/papers/causal_flavour/models/simple_learner_4Q10k.uai
[2024-05-17T10:14:40.129641][INFO][seed46] Loaded 10000 data instances
[2024-05-17T10:14:40.131305][INFO][seed46] Starting learning up to 500 iterations
[2024-05-17T10:15:22.061105][INFO][seed50] Ellapsed time: 820234.ms
[2024-05-17T10:15:22.123786][INFO][seed50] Saved model at /mnt/beegfs/rcabanas/dev/credici/papers/causal_flavour/learntmodels/miter500/simple_learner_4Q10k/model_50.uai
[2024-05-17T10:15:22.124074][INFO][seed50] Closing log file
[2024-05-17T10:15:22.124198][INFO][seed50] Closed log file
['learn.py', '500', '28']
seed=28
/mnt/beegfs/rcabanas/dev/credici
/mnt/beegfs/rcabanas/dev/credici/papers/causal_flavour
/mnt/beegfs/rcabanas/dev/credici/papers/causal_flavour/learntmodels
/mnt/beegfs/rcabanas/dev/credici/papers/causal_flavour/models
/mnt/beegfs/rcabanas/dev/credici/target/credici-0.1.5-dev-SNAPSHOT-jar-with-dependencies.jar
/mnt/beegfs/rcabanas/dev/credici/papers/causal_flavour/code/LearnCF.java
[2024-05-17T10:15:24.719569][INFO][seed28] Set up logging
[2024-05-17T10:15:24.744717][INFO][seed28] args: -m;500;-o;/mnt/beegfs/rcabanas/dev/credici/papers/causal_flavour/learntmodels/miter500;--data;/mnt/beegfs/rcabanas/dev/credici/papers/causal_flavour/data/simple_learner_4Q10k_data.csv;-rw;-s;28;/mnt/beegfs/rcabanas/dev/credici/papers/causal_flavour/models/simple_learner_4Q10k.uai
[2024-05-17T10:15:24.748749][INFO][seed28] Starting logger with seed 28
[2024-05-17T10:15:24.919891][INFO][seed28] Loaded model and info: /mnt/beegfs/rcabanas/dev/credici/papers/causal_flavour/models/simple_learner_4Q10k.uai
[2024-05-17T10:15:25.282384][INFO][seed28] Loaded 10000 data instances
[2024-05-17T10:15:25.285756][INFO][seed28] Starting learning up to 500 iterations
[2024-05-17T10:26:43.141171][INFO][seed20] Ellapsed time: 768662.ms
[2024-05-17T10:26:43.198549][INFO][seed20] Saved model at /mnt/beegfs/rcabanas/dev/credici/papers/causal_flavour/learntmodels/miter500/simple_learner_4Q10k/model_20.uai
[2024-05-17T10:26:43.198777][INFO][seed20] Closing log file
[2024-05-17T10:26:43.198888][INFO][seed20] Closed log file
['learn.py', '500', '42']
seed=42
/mnt/beegfs/rcabanas/dev/credici
/mnt/beegfs/rcabanas/dev/credici/papers/causal_flavour
/mnt/beegfs/rcabanas/dev/credici/papers/causal_flavour/learntmodels
/mnt/beegfs/rcabanas/dev/credici/papers/causal_flavour/models
/mnt/beegfs/rcabanas/dev/credici/target/credici-0.1.5-dev-SNAPSHOT-jar-with-dependencies.jar
/mnt/beegfs/rcabanas/dev/credici/papers/causal_flavour/code/LearnCF.java
[2024-05-17T10:26:45.636688][INFO][seed42] Set up logging
[2024-05-17T10:26:45.657860][INFO][seed42] args: -m;500;-o;/mnt/beegfs/rcabanas/dev/credici/papers/causal_flavour/learntmodels/miter500;--data;/mnt/beegfs/rcabanas/dev/credici/papers/causal_flavour/data/simple_learner_4Q10k_data.csv;-rw;-s;42;/mnt/beegfs/rcabanas/dev/credici/papers/causal_flavour/models/simple_learner_4Q10k.uai
[2024-05-17T10:26:45.663515][INFO][seed42] Starting logger with seed 42
[2024-05-17T10:26:45.848462][INFO][seed42] Loaded model and info: /mnt/beegfs/rcabanas/dev/credici/papers/causal_flavour/models/simple_learner_4Q10k.uai
[2024-05-17T10:26:46.184570][INFO][seed42] Loaded 10000 data instances
[2024-05-17T10:26:46.190065][INFO][seed42] Starting learning up to 500 iterations
[2024-05-17T10:27:00.951696][INFO][seed46] Ellapsed time: 740802.ms
[2024-05-17T10:27:00.996367][INFO][seed46] Saved model at /mnt/beegfs/rcabanas/dev/credici/papers/causal_flavour/learntmodels/miter500/simple_learner_4Q10k/model_46.uai
[2024-05-17T10:27:00.996648][INFO][seed46] Closing log file
[2024-05-17T10:27:00.996762][INFO][seed46] Closed log file
['learn.py', '500', '36']
seed=36
/mnt/beegfs/rcabanas/dev/credici
/mnt/beegfs/rcabanas/dev/credici/papers/causal_flavour
/mnt/beegfs/rcabanas/dev/credici/papers/causal_flavour/learntmodels
/mnt/beegfs/rcabanas/dev/credici/papers/causal_flavour/models
/mnt/beegfs/rcabanas/dev/credici/target/credici-0.1.5-dev-SNAPSHOT-jar-with-dependencies.jar
/mnt/beegfs/rcabanas/dev/credici/papers/causal_flavour/code/LearnCF.java
[2024-05-17T10:27:03.472097][INFO][seed36] Set up logging
[2024-05-17T10:27:03.493785][INFO][seed36] args: -m;500;-o;/mnt/beegfs/rcabanas/dev/credici/papers/causal_flavour/learntmodels/miter500;--data;/mnt/beegfs/rcabanas/dev/credici/papers/causal_flavour/data/simple_learner_4Q10k_data.csv;-rw;-s;36;/mnt/beegfs/rcabanas/dev/credici/papers/causal_flavour/models/simple_learner_4Q10k.uai
[2024-05-17T10:27:03.506486][INFO][seed36] Starting logger with seed 36
[2024-05-17T10:27:03.675610][INFO][seed36] Loaded model and info: /mnt/beegfs/rcabanas/dev/credici/papers/causal_flavour/models/simple_learner_4Q10k.uai
[2024-05-17T10:27:04.067639][INFO][seed36] Loaded 10000 data instances
[2024-05-17T10:27:04.068181][INFO][seed36] Starting learning up to 500 iterations
[2024-05-17T10:27:50.317838][INFO][seed28] Ellapsed time: 745001.ms
[2024-05-17T10:27:50.344029][INFO][seed28] Saved model at /mnt/beegfs/rcabanas/dev/credici/papers/causal_flavour/learntmodels/miter500/simple_learner_4Q10k/model_28.uai
[2024-05-17T10:27:50.344231][INFO][seed28] Closing log file
[2024-05-17T10:27:50.344343][INFO][seed28] Closed log file
['learn.py', '500', '37']
seed=37
/mnt/beegfs/rcabanas/dev/credici
/mnt/beegfs/rcabanas/dev/credici/papers/causal_flavour
/mnt/beegfs/rcabanas/dev/credici/papers/causal_flavour/learntmodels
/mnt/beegfs/rcabanas/dev/credici/papers/causal_flavour/models
/mnt/beegfs/rcabanas/dev/credici/target/credici-0.1.5-dev-SNAPSHOT-jar-with-dependencies.jar
/mnt/beegfs/rcabanas/dev/credici/papers/causal_flavour/code/LearnCF.java
[2024-05-17T10:27:52.800096][INFO][seed37] Set up logging
[2024-05-17T10:27:52.828593][INFO][seed37] args: -m;500;-o;/mnt/beegfs/rcabanas/dev/credici/papers/causal_flavour/learntmodels/miter500;--data;/mnt/beegfs/rcabanas/dev/credici/papers/causal_flavour/data/simple_learner_4Q10k_data.csv;-rw;-s;37;/mnt/beegfs/rcabanas/dev/credici/papers/causal_flavour/models/simple_learner_4Q10k.uai
[2024-05-17T10:27:52.829975][INFO][seed37] Starting logger with seed 37
[2024-05-17T10:27:52.995305][INFO][seed37] Loaded model and info: /mnt/beegfs/rcabanas/dev/credici/papers/causal_flavour/models/simple_learner_4Q10k.uai
[2024-05-17T10:27:53.307412][INFO][seed37] Loaded 10000 data instances
[2024-05-17T10:27:53.307941][INFO][seed37] Starting learning up to 500 iterations
[2024-05-17T10:31:32.737816][INFO][seed14] Ellapsed time: 1294850.ms
[2024-05-17T10:31:32.780933][INFO][seed14] Saved model at /mnt/beegfs/rcabanas/dev/credici/papers/causal_flavour/learntmodels/miter500/simple_learner_4Q10k/model_14.uai
[2024-05-17T10:31:32.782101][INFO][seed14] Closing log file
[2024-05-17T10:31:32.782222][INFO][seed14] Closed log file
['learn.py', '500', '24']
seed=24
/mnt/beegfs/rcabanas/dev/credici
/mnt/beegfs/rcabanas/dev/credici/papers/causal_flavour
/mnt/beegfs/rcabanas/dev/credici/papers/causal_flavour/learntmodels
/mnt/beegfs/rcabanas/dev/credici/papers/causal_flavour/models
/mnt/beegfs/rcabanas/dev/credici/target/credici-0.1.5-dev-SNAPSHOT-jar-with-dependencies.jar
/mnt/beegfs/rcabanas/dev/credici/papers/causal_flavour/code/LearnCF.java
[2024-05-17T10:31:35.822237][INFO][seed24] Set up logging
[2024-05-17T10:31:35.855114][INFO][seed24] args: -m;500;-o;/mnt/beegfs/rcabanas/dev/credici/papers/causal_flavour/learntmodels/miter500;--data;/mnt/beegfs/rcabanas/dev/credici/papers/causal_flavour/data/simple_learner_4Q10k_data.csv;-rw;-s;24;/mnt/beegfs/rcabanas/dev/credici/papers/causal_flavour/models/simple_learner_4Q10k.uai
[2024-05-17T10:31:35.858789][INFO][seed24] Starting logger with seed 24
[2024-05-17T10:31:36.130615][INFO][seed24] Loaded model and info: /mnt/beegfs/rcabanas/dev/credici/papers/causal_flavour/models/simple_learner_4Q10k.uai
[2024-05-17T10:31:36.563569][INFO][seed24] Loaded 10000 data instances
[2024-05-17T10:31:36.564839][INFO][seed24] Starting learning up to 500 iterations
[2024-05-17T10:31:59.084920][INFO][seed33] Ellapsed time: 1296141.ms
[2024-05-17T10:31:59.130453][INFO][seed33] Saved model at /mnt/beegfs/rcabanas/dev/credici/papers/causal_flavour/learntmodels/miter500/simple_learner_4Q10k/model_33.uai
[2024-05-17T10:31:59.130965][INFO][seed33] Closing log file
[2024-05-17T10:31:59.131101][INFO][seed33] Closed log file
['learn.py', '500', '40']
seed=40
/mnt/beegfs/rcabanas/dev/credici
/mnt/beegfs/rcabanas/dev/credici/papers/causal_flavour
/mnt/beegfs/rcabanas/dev/credici/papers/causal_flavour/learntmodels
/mnt/beegfs/rcabanas/dev/credici/papers/causal_flavour/models
/mnt/beegfs/rcabanas/dev/credici/target/credici-0.1.5-dev-SNAPSHOT-jar-with-dependencies.jar
/mnt/beegfs/rcabanas/dev/credici/papers/causal_flavour/code/LearnCF.java
[2024-05-17T10:32:01.676866][INFO][seed43] Ellapsed time: 1302177.ms
[2024-05-17T10:32:01.735544][INFO][seed43] Saved model at /mnt/beegfs/rcabanas/dev/credici/papers/causal_flavour/learntmodels/miter500/simple_learner_4Q10k/model_43.uai
[2024-05-17T10:32:01.736099][INFO][seed43] Closing log file
[2024-05-17T10:32:01.736245][INFO][seed43] Closed log file
[2024-05-17T10:32:02.127302][INFO][seed40] Set up logging
[2024-05-17T10:32:02.154407][INFO][seed40] args: -m;500;-o;/mnt/beegfs/rcabanas/dev/credici/papers/causal_flavour/learntmodels/miter500;--data;/mnt/beegfs/rcabanas/dev/credici/papers/causal_flavour/data/simple_learner_4Q10k_data.csv;-rw;-s;40;/mnt/beegfs/rcabanas/dev/credici/papers/causal_flavour/models/simple_learner_4Q10k.uai
[2024-05-17T10:32:02.156422][INFO][seed40] Starting logger with seed 40
['learn.py', '500', '48']
seed=48
/mnt/beegfs/rcabanas/dev/credici
/mnt/beegfs/rcabanas/dev/credici/papers/causal_flavour
/mnt/beegfs/rcabanas/dev/credici/papers/causal_flavour/learntmodels
/mnt/beegfs/rcabanas/dev/credici/papers/causal_flavour/models
/mnt/beegfs/rcabanas/dev/credici/target/credici-0.1.5-dev-SNAPSHOT-jar-with-dependencies.jar
/mnt/beegfs/rcabanas/dev/credici/papers/causal_flavour/code/LearnCF.java
[2024-05-17T10:32:02.376968][INFO][seed40] Loaded model and info: /mnt/beegfs/rcabanas/dev/credici/papers/causal_flavour/models/simple_learner_4Q10k.uai
[2024-05-17T10:32:02.786759][INFO][seed40] Loaded 10000 data instances
[2024-05-17T10:32:02.788131][INFO][seed40] Starting learning up to 500 iterations
[2024-05-17T10:32:04.887272][INFO][seed48] Set up logging
[2024-05-17T10:32:04.927386][INFO][seed48] args: -m;500;-o;/mnt/beegfs/rcabanas/dev/credici/papers/causal_flavour/learntmodels/miter500;--data;/mnt/beegfs/rcabanas/dev/credici/papers/causal_flavour/data/simple_learner_4Q10k_data.csv;-rw;-s;48;/mnt/beegfs/rcabanas/dev/credici/papers/causal_flavour/models/simple_learner_4Q10k.uai
[2024-05-17T10:32:04.930134][INFO][seed48] Starting logger with seed 48
[2024-05-17T10:32:05.215957][INFO][seed48] Loaded model and info: /mnt/beegfs/rcabanas/dev/credici/papers/causal_flavour/models/simple_learner_4Q10k.uai
[2024-05-17T10:32:05.699538][INFO][seed48] Loaded 10000 data instances
[2024-05-17T10:32:05.701153][INFO][seed48] Starting learning up to 500 iterations
[2024-05-17T10:32:07.486491][INFO][seed32] Ellapsed time: 1285990.ms
[2024-05-17T10:32:07.529729][INFO][seed32] Saved model at /mnt/beegfs/rcabanas/dev/credici/papers/causal_flavour/learntmodels/miter500/simple_learner_4Q10k/model_32.uai
[2024-05-17T10:32:07.530298][INFO][seed32] Closing log file
[2024-05-17T10:32:07.530440][INFO][seed32] Closed log file
['learn.py', '500', '38']
seed=38
/mnt/beegfs/rcabanas/dev/credici
/mnt/beegfs/rcabanas/dev/credici/papers/causal_flavour
/mnt/beegfs/rcabanas/dev/credici/papers/causal_flavour/learntmodels
/mnt/beegfs/rcabanas/dev/credici/papers/causal_flavour/models
/mnt/beegfs/rcabanas/dev/credici/target/credici-0.1.5-dev-SNAPSHOT-jar-with-dependencies.jar
/mnt/beegfs/rcabanas/dev/credici/papers/causal_flavour/code/LearnCF.java
[2024-05-17T10:32:10.455285][INFO][seed38] Set up logging
[2024-05-17T10:32:10.486557][INFO][seed38] args: -m;500;-o;/mnt/beegfs/rcabanas/dev/credici/papers/causal_flavour/learntmodels/miter500;--data;/mnt/beegfs/rcabanas/dev/credici/papers/causal_flavour/data/simple_learner_4Q10k_data.csv;-rw;-s;38;/mnt/beegfs/rcabanas/dev/credici/papers/causal_flavour/models/simple_learner_4Q10k.uai
[2024-05-17T10:32:10.488811][INFO][seed38] Starting logger with seed 38
[2024-05-17T10:32:10.716226][INFO][seed38] Loaded model and info: /mnt/beegfs/rcabanas/dev/credici/papers/causal_flavour/models/simple_learner_4Q10k.uai
[2024-05-17T10:32:11.108832][INFO][seed38] Loaded 10000 data instances
[2024-05-17T10:32:11.110009][INFO][seed38] Starting learning up to 500 iterations
[2024-05-17T10:32:25.771189][INFO][seed47] Ellapsed time: 1325310.ms
[2024-05-17T10:32:25.802378][INFO][seed47] Saved model at /mnt/beegfs/rcabanas/dev/credici/papers/causal_flavour/learntmodels/miter500/simple_learner_4Q10k/model_47.uai
[2024-05-17T10:32:25.804102][INFO][seed47] Closing log file
[2024-05-17T10:32:25.804566][INFO][seed47] Closed log file
['learn.py', '500', '41']
seed=41
/mnt/beegfs/rcabanas/dev/credici
/mnt/beegfs/rcabanas/dev/credici/papers/causal_flavour
/mnt/beegfs/rcabanas/dev/credici/papers/causal_flavour/learntmodels
/mnt/beegfs/rcabanas/dev/credici/papers/causal_flavour/models
/mnt/beegfs/rcabanas/dev/credici/target/credici-0.1.5-dev-SNAPSHOT-jar-with-dependencies.jar
/mnt/beegfs/rcabanas/dev/credici/papers/causal_flavour/code/LearnCF.java
[2024-05-17T10:32:26.391764][INFO][seed1] Ellapsed time: 1317008.ms
[2024-05-17T10:32:26.462172][INFO][seed1] Saved model at /mnt/beegfs/rcabanas/dev/credici/papers/causal_flavour/learntmodels/miter500/simple_learner_4Q10k/model_1.uai
[2024-05-17T10:32:26.462620][INFO][seed1] Closing log file
[2024-05-17T10:32:26.462796][INFO][seed1] Closed log file
['learn.py', '500', '21']
seed=21
/mnt/beegfs/rcabanas/dev/credici
/mnt/beegfs/rcabanas/dev/credici/papers/causal_flavour
/mnt/beegfs/rcabanas/dev/credici/papers/causal_flavour/learntmodels
/mnt/beegfs/rcabanas/dev/credici/papers/causal_flavour/models
/mnt/beegfs/rcabanas/dev/credici/target/credici-0.1.5-dev-SNAPSHOT-jar-with-dependencies.jar
/mnt/beegfs/rcabanas/dev/credici/papers/causal_flavour/code/LearnCF.java
[2024-05-17T10:32:27.645343][INFO][seed15] Ellapsed time: 1320399.ms
[2024-05-17T10:32:27.692815][INFO][seed15] Saved model at /mnt/beegfs/rcabanas/dev/credici/papers/causal_flavour/learntmodels/miter500/simple_learner_4Q10k/model_15.uai
[2024-05-17T10:32:27.693203][INFO][seed15] Closing log file
[2024-05-17T10:32:27.693310][INFO][seed15] Closed log file
[2024-05-17T10:32:27.736052][INFO][seed12] Ellapsed time: 1316239.ms
[2024-05-17T10:32:27.776092][INFO][seed12] Saved model at /mnt/beegfs/rcabanas/dev/credici/papers/causal_flavour/learntmodels/miter500/simple_learner_4Q10k/model_12.uai
[2024-05-17T10:32:27.776420][INFO][seed12] Closing log file
[2024-05-17T10:32:27.776524][INFO][seed12] Closed log file
['learn.py', '500', '10']
seed=10
/mnt/beegfs/rcabanas/dev/credici
/mnt/beegfs/rcabanas/dev/credici/papers/causal_flavour
/mnt/beegfs/rcabanas/dev/credici/papers/causal_flavour/learntmodels
/mnt/beegfs/rcabanas/dev/credici/papers/causal_flavour/models
/mnt/beegfs/rcabanas/dev/credici/target/credici-0.1.5-dev-SNAPSHOT-jar-with-dependencies.jar
/mnt/beegfs/rcabanas/dev/credici/papers/causal_flavour/code/LearnCF.java
['learn.py', '500', '44']
seed=44
/mnt/beegfs/rcabanas/dev/credici
/mnt/beegfs/rcabanas/dev/credici/papers/causal_flavour
/mnt/beegfs/rcabanas/dev/credici/papers/causal_flavour/learntmodels
/mnt/beegfs/rcabanas/dev/credici/papers/causal_flavour/models
/mnt/beegfs/rcabanas/dev/credici/target/credici-0.1.5-dev-SNAPSHOT-jar-with-dependencies.jar
/mnt/beegfs/rcabanas/dev/credici/papers/causal_flavour/code/LearnCF.java
[2024-05-17T10:32:28.451804][INFO][seed41] Set up logging
[2024-05-17T10:32:28.475967][INFO][seed41] args: -m;500;-o;/mnt/beegfs/rcabanas/dev/credici/papers/causal_flavour/learntmodels/miter500;--data;/mnt/beegfs/rcabanas/dev/credici/papers/causal_flavour/data/simple_learner_4Q10k_data.csv;-rw;-s;41;/mnt/beegfs/rcabanas/dev/credici/papers/causal_flavour/models/simple_learner_4Q10k.uai
[2024-05-17T10:32:28.490499][INFO][seed41] Starting logger with seed 41
[2024-05-17T10:32:28.672725][INFO][seed41] Loaded model and info: /mnt/beegfs/rcabanas/dev/credici/papers/causal_flavour/models/simple_learner_4Q10k.uai
[2024-05-17T10:32:29.011487][INFO][seed41] Loaded 10000 data instances
[2024-05-17T10:32:29.012363][INFO][seed41] Starting learning up to 500 iterations
[2024-05-17T10:32:29.069911][INFO][seed21] Set up logging
[2024-05-17T10:32:29.101249][INFO][seed21] args: -m;500;-o;/mnt/beegfs/rcabanas/dev/credici/papers/causal_flavour/learntmodels/miter500;--data;/mnt/beegfs/rcabanas/dev/credici/papers/causal_flavour/data/simple_learner_4Q10k_data.csv;-rw;-s;21;/mnt/beegfs/rcabanas/dev/credici/papers/causal_flavour/models/simple_learner_4Q10k.uai
[2024-05-17T10:32:29.103086][INFO][seed21] Starting logger with seed 21
[2024-05-17T10:32:29.295568][INFO][seed29] Ellapsed time: 1326735.ms
[2024-05-17T10:32:29.324888][INFO][seed29] Saved model at /mnt/beegfs/rcabanas/dev/credici/papers/causal_flavour/learntmodels/miter500/simple_learner_4Q10k/model_29.uai
[2024-05-17T10:32:29.325124][INFO][seed29] Closing log file
[2024-05-17T10:32:29.325230][INFO][seed29] Closed log file
[2024-05-17T10:32:29.366252][INFO][seed21] Loaded model and info: /mnt/beegfs/rcabanas/dev/credici/papers/causal_flavour/models/simple_learner_4Q10k.uai
[2024-05-17T10:32:29.698641][INFO][seed21] Loaded 10000 data instances
[2024-05-17T10:32:29.699761][INFO][seed21] Starting learning up to 500 iterations
['learn.py', '500', '45']
seed=45
/mnt/beegfs/rcabanas/dev/credici
/mnt/beegfs/rcabanas/dev/credici/papers/causal_flavour
/mnt/beegfs/rcabanas/dev/credici/papers/causal_flavour/learntmodels
/mnt/beegfs/rcabanas/dev/credici/papers/causal_flavour/models
/mnt/beegfs/rcabanas/dev/credici/target/credici-0.1.5-dev-SNAPSHOT-jar-with-dependencies.jar
/mnt/beegfs/rcabanas/dev/credici/papers/causal_flavour/code/LearnCF.java
[2024-05-17T10:32:30.283225][INFO][seed10] Set up logging
[2024-05-17T10:32:30.306595][INFO][seed10] args: -m;500;-o;/mnt/beegfs/rcabanas/dev/credici/papers/causal_flavour/learntmodels/miter500;--data;/mnt/beegfs/rcabanas/dev/credici/papers/causal_flavour/data/simple_learner_4Q10k_data.csv;-rw;-s;10;/mnt/beegfs/rcabanas/dev/credici/papers/causal_flavour/models/simple_learner_4Q10k.uai
[2024-05-17T10:32:30.308418][INFO][seed10] Starting logger with seed 10
[2024-05-17T10:32:30.347898][INFO][seed44] Set up logging
[2024-05-17T10:32:30.374956][INFO][seed44] args: -m;500;-o;/mnt/beegfs/rcabanas/dev/credici/papers/causal_flavour/learntmodels/miter500;--data;/mnt/beegfs/rcabanas/dev/credici/papers/causal_flavour/data/simple_learner_4Q10k_data.csv;-rw;-s;44;/mnt/beegfs/rcabanas/dev/credici/papers/causal_flavour/models/simple_learner_4Q10k.uai
[2024-05-17T10:32:30.377052][INFO][seed44] Starting logger with seed 44
[2024-05-17T10:32:30.472428][INFO][seed10] Loaded model and info: /mnt/beegfs/rcabanas/dev/credici/papers/causal_flavour/models/simple_learner_4Q10k.uai
[2024-05-17T10:32:30.564948][INFO][seed44] Loaded model and info: /mnt/beegfs/rcabanas/dev/credici/papers/causal_flavour/models/simple_learner_4Q10k.uai
[2024-05-17T10:32:30.824915][INFO][seed10] Loaded 10000 data instances
[2024-05-17T10:32:30.832944][INFO][seed10] Starting learning up to 500 iterations
[2024-05-17T10:32:30.907753][INFO][seed44] Loaded 10000 data instances
[2024-05-17T10:32:30.917631][INFO][seed44] Starting learning up to 500 iterations
[2024-05-17T10:32:31.650759][INFO][seed45] Set up logging
[2024-05-17T10:32:31.683440][INFO][seed45] args: -m;500;-o;/mnt/beegfs/rcabanas/dev/credici/papers/causal_flavour/learntmodels/miter500;--data;/mnt/beegfs/rcabanas/dev/credici/papers/causal_flavour/data/simple_learner_4Q10k_data.csv;-rw;-s;45;/mnt/beegfs/rcabanas/dev/credici/papers/causal_flavour/models/simple_learner_4Q10k.uai
[2024-05-17T10:32:31.685130][INFO][seed45] Starting logger with seed 45
[2024-05-17T10:32:31.885816][INFO][seed45] Loaded model and info: /mnt/beegfs/rcabanas/dev/credici/papers/causal_flavour/models/simple_learner_4Q10k.uai
[2024-05-17T10:32:32.240925][INFO][seed45] Loaded 10000 data instances
[2024-05-17T10:32:32.241785][INFO][seed45] Starting learning up to 500 iterations
[2024-05-17T10:32:33.243729][INFO][seed19] Ellapsed time: 1323812.ms
[2024-05-17T10:32:33.280545][INFO][seed19] Saved model at /mnt/beegfs/rcabanas/dev/credici/papers/causal_flavour/learntmodels/miter500/simple_learner_4Q10k/model_19.uai
[2024-05-17T10:32:33.280975][INFO][seed19] Closing log file
[2024-05-17T10:32:33.281135][INFO][seed19] Closed log file
['learn.py', '500', '35']
seed=35
/mnt/beegfs/rcabanas/dev/credici
/mnt/beegfs/rcabanas/dev/credici/papers/causal_flavour
/mnt/beegfs/rcabanas/dev/credici/papers/causal_flavour/learntmodels
/mnt/beegfs/rcabanas/dev/credici/papers/causal_flavour/models
/mnt/beegfs/rcabanas/dev/credici/target/credici-0.1.5-dev-SNAPSHOT-jar-with-dependencies.jar
/mnt/beegfs/rcabanas/dev/credici/papers/causal_flavour/code/LearnCF.java
[2024-05-17T10:32:35.839479][INFO][seed35] Set up logging
[2024-05-17T10:32:35.853609][INFO][seed35] args: -m;500;-o;/mnt/beegfs/rcabanas/dev/credici/papers/causal_flavour/learntmodels/miter500;--data;/mnt/beegfs/rcabanas/dev/credici/papers/causal_flavour/data/simple_learner_4Q10k_data.csv;-rw;-s;35;/mnt/beegfs/rcabanas/dev/credici/papers/causal_flavour/models/simple_learner_4Q10k.uai
[2024-05-17T10:32:35.863850][INFO][seed35] Starting logger with seed 35
[2024-05-17T10:32:36.063376][INFO][seed35] Loaded model and info: /mnt/beegfs/rcabanas/dev/credici/papers/causal_flavour/models/simple_learner_4Q10k.uai
[2024-05-17T10:32:36.415404][INFO][seed35] Loaded 10000 data instances
[2024-05-17T10:32:36.416412][INFO][seed35] Starting learning up to 500 iterations
[2024-05-17T10:32:41.875287][INFO][seed11] Ellapsed time: 1315324.ms
[2024-05-17T10:32:41.908523][INFO][seed11] Saved model at /mnt/beegfs/rcabanas/dev/credici/papers/causal_flavour/learntmodels/miter500/simple_learner_4Q10k/model_11.uai
[2024-05-17T10:32:41.908877][INFO][seed11] Closing log file
[2024-05-17T10:32:41.909006][INFO][seed11] Closed log file
['learn.py', '500', '30']
seed=30
/mnt/beegfs/rcabanas/dev/credici
/mnt/beegfs/rcabanas/dev/credici/papers/causal_flavour
/mnt/beegfs/rcabanas/dev/credici/papers/causal_flavour/learntmodels
/mnt/beegfs/rcabanas/dev/credici/papers/causal_flavour/models
/mnt/beegfs/rcabanas/dev/credici/target/credici-0.1.5-dev-SNAPSHOT-jar-with-dependencies.jar
/mnt/beegfs/rcabanas/dev/credici/papers/causal_flavour/code/LearnCF.java
[2024-05-17T10:32:44.402719][INFO][seed30] Set up logging
[2024-05-17T10:32:44.430091][INFO][seed30] args: -m;500;-o;/mnt/beegfs/rcabanas/dev/credici/papers/causal_flavour/learntmodels/miter500;--data;/mnt/beegfs/rcabanas/dev/credici/papers/causal_flavour/data/simple_learner_4Q10k_data.csv;-rw;-s;30;/mnt/beegfs/rcabanas/dev/credici/papers/causal_flavour/models/simple_learner_4Q10k.uai
[2024-05-17T10:32:44.432090][INFO][seed30] Starting logger with seed 30
[2024-05-17T10:32:44.613337][INFO][seed30] Loaded model and info: /mnt/beegfs/rcabanas/dev/credici/papers/causal_flavour/models/simple_learner_4Q10k.uai
[2024-05-17T10:32:44.952644][INFO][seed30] Loaded 10000 data instances
[2024-05-17T10:32:44.957383][INFO][seed30] Starting learning up to 500 iterations
[2024-05-17T10:32:46.302894][INFO][seed18] Ellapsed time: 1326452.ms
[2024-05-17T10:32:46.350551][INFO][seed18] Saved model at /mnt/beegfs/rcabanas/dev/credici/papers/causal_flavour/learntmodels/miter500/simple_learner_4Q10k/model_18.uai
[2024-05-17T10:32:46.350895][INFO][seed18] Closing log file
[2024-05-17T10:32:46.351004][INFO][seed18] Closed log file
[2024-05-17T10:32:46.716427][INFO][seed25] Ellapsed time: 1321286.ms
[2024-05-17T10:32:46.747396][INFO][seed25] Saved model at /mnt/beegfs/rcabanas/dev/credici/papers/causal_flavour/learntmodels/miter500/simple_learner_4Q10k/model_25.uai
[2024-05-17T10:32:46.747680][INFO][seed25] Closing log file
[2024-05-17T10:32:46.747783][INFO][seed25] Closed log file
[2024-05-17T10:32:52.041587][INFO][seed31] Ellapsed time: 1303218.ms
[2024-05-17T10:32:52.076201][INFO][seed31] Saved model at /mnt/beegfs/rcabanas/dev/credici/papers/causal_flavour/learntmodels/miter500/simple_learner_4Q10k/model_31.uai
[2024-05-17T10:32:52.076441][INFO][seed31] Closing log file
[2024-05-17T10:32:52.076555][INFO][seed31] Closed log file
[2024-05-17T10:39:11.538296][INFO][seed42] Ellapsed time: 745332.ms
[2024-05-17T10:39:11.573809][INFO][seed42] Saved model at /mnt/beegfs/rcabanas/dev/credici/papers/causal_flavour/learntmodels/miter500/simple_learner_4Q10k/model_42.uai
[2024-05-17T10:39:11.574003][INFO][seed42] Closing log file
[2024-05-17T10:39:11.574117][INFO][seed42] Closed log file
[2024-05-17T10:39:47.625941][INFO][seed36] Ellapsed time: 763539.ms
[2024-05-17T10:39:47.677657][INFO][seed36] Saved model at /mnt/beegfs/rcabanas/dev/credici/papers/causal_flavour/learntmodels/miter500/simple_learner_4Q10k/model_36.uai
[2024-05-17T10:39:47.677998][INFO][seed36] Closing log file
[2024-05-17T10:39:47.678125][INFO][seed36] Closed log file
[2024-05-17T10:40:34.647387][INFO][seed37] Ellapsed time: 761326.ms
[2024-05-17T10:40:34.696557][INFO][seed37] Saved model at /mnt/beegfs/rcabanas/dev/credici/papers/causal_flavour/learntmodels/miter500/simple_learner_4Q10k/model_37.uai
[2024-05-17T10:40:34.696894][INFO][seed37] Closing log file
[2024-05-17T10:40:34.697031][INFO][seed37] Closed log file
[2024-05-17T10:48:44.468866][INFO][seed24] Ellapsed time: 1027884.ms
[2024-05-17T10:48:44.552605][INFO][seed24] Saved model at /mnt/beegfs/rcabanas/dev/credici/papers/causal_flavour/learntmodels/miter500/simple_learner_4Q10k/model_24.uai
[2024-05-17T10:48:44.553254][INFO][seed24] Closing log file
[2024-05-17T10:48:44.553409][INFO][seed24] Closed log file
[2024-05-17T10:49:10.027053][INFO][seed40] Ellapsed time: 1027222.ms
[2024-05-17T10:49:10.069152][INFO][seed40] Saved model at /mnt/beegfs/rcabanas/dev/credici/papers/causal_flavour/learntmodels/miter500/simple_learner_4Q10k/model_40.uai
[2024-05-17T10:49:10.069626][INFO][seed40] Closing log file
[2024-05-17T10:49:10.069753][INFO][seed40] Closed log file
[2024-05-17T10:49:10.622653][INFO][seed35] Ellapsed time: 994191.ms
[2024-05-17T10:49:10.687628][INFO][seed35] Saved model at /mnt/beegfs/rcabanas/dev/credici/papers/causal_flavour/learntmodels/miter500/simple_learner_4Q10k/model_35.uai
[2024-05-17T10:49:10.688013][INFO][seed35] Closing log file
[2024-05-17T10:49:10.688144][INFO][seed35] Closed log file
[2024-05-17T10:49:15.964660][INFO][seed21] Ellapsed time: 1006249.ms
[2024-05-17T10:49:15.990336][INFO][seed21] Saved model at /mnt/beegfs/rcabanas/dev/credici/papers/causal_flavour/learntmodels/miter500/simple_learner_4Q10k/model_21.uai
[2024-05-17T10:49:15.990535][INFO][seed21] Closing log file
[2024-05-17T10:49:15.990663][INFO][seed21] Closed log file
[2024-05-17T10:49:17.057221][INFO][seed48] Ellapsed time: 1031336.ms
[2024-05-17T10:49:17.109900][INFO][seed48] Saved model at /mnt/beegfs/rcabanas/dev/credici/papers/causal_flavour/learntmodels/miter500/simple_learner_4Q10k/model_48.uai
[2024-05-17T10:49:17.111338][INFO][seed48] Closing log file
[2024-05-17T10:49:17.111718][INFO][seed48] Closed log file
[2024-05-17T10:49:30.482776][INFO][seed38] Ellapsed time: 1039353.ms
[2024-05-17T10:49:30.539623][INFO][seed38] Saved model at /mnt/beegfs/rcabanas/dev/credici/papers/causal_flavour/learntmodels/miter500/simple_learner_4Q10k/model_38.uai
[2024-05-17T10:49:30.540113][INFO][seed38] Closing log file
[2024-05-17T10:49:30.540224][INFO][seed38] Closed log file
[2024-05-17T10:51:09.733889][INFO][seed45] Ellapsed time: 1117468.ms
[2024-05-17T10:51:09.784424][INFO][seed45] Saved model at /mnt/beegfs/rcabanas/dev/credici/papers/causal_flavour/learntmodels/miter500/simple_learner_4Q10k/model_45.uai
[2024-05-17T10:51:09.784885][INFO][seed45] Closing log file
[2024-05-17T10:51:09.785047][INFO][seed45] Closed log file
[2024-05-17T10:51:29.161750][INFO][seed41] Ellapsed time: 1140132.ms
[2024-05-17T10:51:29.224888][INFO][seed41] Saved model at /mnt/beegfs/rcabanas/dev/credici/papers/causal_flavour/learntmodels/miter500/simple_learner_4Q10k/model_41.uai
[2024-05-17T10:51:29.225374][INFO][seed41] Closing log file
[2024-05-17T10:51:29.225489][INFO][seed41] Closed log file
[2024-05-17T10:51:37.882599][INFO][seed10] Ellapsed time: 1147012.ms
[2024-05-17T10:51:37.932302][INFO][seed10] Saved model at /mnt/beegfs/rcabanas/dev/credici/papers/causal_flavour/learntmodels/miter500/simple_learner_4Q10k/model_10.uai
[2024-05-17T10:51:37.932729][INFO][seed10] Closing log file
[2024-05-17T10:51:37.932869][INFO][seed10] Closed log file
[2024-05-17T10:51:47.962245][INFO][seed30] Ellapsed time: 1142987.ms
[2024-05-17T10:51:47.997738][INFO][seed30] Saved model at /mnt/beegfs/rcabanas/dev/credici/papers/causal_flavour/learntmodels/miter500/simple_learner_4Q10k/model_30.uai
[2024-05-17T10:51:47.998066][INFO][seed30] Closing log file
[2024-05-17T10:51:47.998180][INFO][seed30] Closed log file
[2024-05-17T10:51:55.859793][INFO][seed44] Ellapsed time: 1164922.ms
[2024-05-17T10:51:55.916228][INFO][seed44] Saved model at /mnt/beegfs/rcabanas/dev/credici/papers/causal_flavour/learntmodels/miter500/simple_learner_4Q10k/model_44.uai
[2024-05-17T10:51:55.916498][INFO][seed44] Closing log file
[2024-05-17T10:51:55.916610][INFO][seed44] Closed log file
