0
1000
['learn.py', '1000', '0']
['learn.py', '1000', '7']
['learn.py', '1000', '6']
['learn.py', '1000', '17']
seed=0
/mnt/beegfs/rcabanas/dev/credici
/mnt/beegfs/rcabanas/dev/credici/papers/causal_flavour
/mnt/beegfs/rcabanas/dev/credici/papers/causal_flavour/learntmodels
seed=7
/mnt/beegfs/rcabanas/dev/credici/papers/causal_flavour/models
['learn.py', '1000', '9']
/mnt/beegfs/rcabanas/dev/credici
/mnt/beegfs/rcabanas/dev/credici/target/credici-0.1.5-dev-SNAPSHOT-jar-with-dependencies.jar
/mnt/beegfs/rcabanas/dev/credici/papers/causal_flavour
/mnt/beegfs/rcabanas/dev/credici/papers/causal_flavour/code/LearnCF.java
/mnt/beegfs/rcabanas/dev/credici/papers/causal_flavour/learntmodels
/mnt/beegfs/rcabanas/dev/credici/papers/causal_flavour/models
/mnt/beegfs/rcabanas/dev/credici/target/credici-0.1.5-dev-SNAPSHOT-jar-with-dependencies.jar
/mnt/beegfs/rcabanas/dev/credici/papers/causal_flavour/code/LearnCF.java
seed=6
/mnt/beegfs/rcabanas/dev/credici
/mnt/beegfs/rcabanas/dev/credici/papers/causal_flavour
/mnt/beegfs/rcabanas/dev/credici/papers/causal_flavour/learntmodels
/mnt/beegfs/rcabanas/dev/credici/papers/causal_flavour/models
/mnt/beegfs/rcabanas/dev/credici/target/credici-0.1.5-dev-SNAPSHOT-jar-with-dependencies.jar
/mnt/beegfs/rcabanas/dev/credici/papers/causal_flavour/code/LearnCF.java
['learn.py', '1000', '8']
seed=17
['learn.py', '1000', '4']
/mnt/beegfs/rcabanas/dev/credici
/mnt/beegfs/rcabanas/dev/credici/papers/causal_flavour
/mnt/beegfs/rcabanas/dev/credici/papers/causal_flavour/learntmodels
/mnt/beegfs/rcabanas/dev/credici/papers/causal_flavour/models
seed=9
/mnt/beegfs/rcabanas/dev/credici
/mnt/beegfs/rcabanas/dev/credici/target/credici-0.1.5-dev-SNAPSHOT-jar-with-dependencies.jar
/mnt/beegfs/rcabanas/dev/credici/papers/causal_flavour
/mnt/beegfs/rcabanas/dev/credici/papers/causal_flavour/code/LearnCF.java
/mnt/beegfs/rcabanas/dev/credici/papers/causal_flavour/learntmodels
/mnt/beegfs/rcabanas/dev/credici/papers/causal_flavour/models
/mnt/beegfs/rcabanas/dev/credici/target/credici-0.1.5-dev-SNAPSHOT-jar-with-dependencies.jar
/mnt/beegfs/rcabanas/dev/credici/papers/causal_flavour/code/LearnCF.java
['learn.py', '1000', '5']
['learn.py', '1000', '15']
['learn.py', '1000', '10']
seed=8
/mnt/beegfs/rcabanas/dev/credici
seed=4
/mnt/beegfs/rcabanas/dev/credici/papers/causal_flavour
/mnt/beegfs/rcabanas/dev/credici
/mnt/beegfs/rcabanas/dev/credici/papers/causal_flavour/learntmodels
/mnt/beegfs/rcabanas/dev/credici/papers/causal_flavour
/mnt/beegfs/rcabanas/dev/credici/papers/causal_flavour/models
/mnt/beegfs/rcabanas/dev/credici/target/credici-0.1.5-dev-SNAPSHOT-jar-with-dependencies.jar
/mnt/beegfs/rcabanas/dev/credici/papers/causal_flavour/code/LearnCF.java
/mnt/beegfs/rcabanas/dev/credici/papers/causal_flavour/learntmodels
['learn.py', '1000', '1']
/mnt/beegfs/rcabanas/dev/credici/papers/causal_flavour/models
['learn.py', '1000', '26']
/mnt/beegfs/rcabanas/dev/credici/target/credici-0.1.5-dev-SNAPSHOT-jar-with-dependencies.jar
/mnt/beegfs/rcabanas/dev/credici/papers/causal_flavour/code/LearnCF.java
seed=15
seed=5
seed=10
/mnt/beegfs/rcabanas/dev/credici
/mnt/beegfs/rcabanas/dev/credici
/mnt/beegfs/rcabanas/dev/credici/papers/causal_flavour
/mnt/beegfs/rcabanas/dev/credici
/mnt/beegfs/rcabanas/dev/credici/papers/causal_flavour
/mnt/beegfs/rcabanas/dev/credici/papers/causal_flavour/learntmodels
/mnt/beegfs/rcabanas/dev/credici/papers/causal_flavour/learntmodels
/mnt/beegfs/rcabanas/dev/credici/papers/causal_flavour
/mnt/beegfs/rcabanas/dev/credici/papers/causal_flavour/learntmodels
/mnt/beegfs/rcabanas/dev/credici/papers/causal_flavour/models
/mnt/beegfs/rcabanas/dev/credici/papers/causal_flavour/models
/mnt/beegfs/rcabanas/dev/credici/papers/causal_flavour/models
/mnt/beegfs/rcabanas/dev/credici/target/credici-0.1.5-dev-SNAPSHOT-jar-with-dependencies.jar
/mnt/beegfs/rcabanas/dev/credici/target/credici-0.1.5-dev-SNAPSHOT-jar-with-dependencies.jar
/mnt/beegfs/rcabanas/dev/credici/target/credici-0.1.5-dev-SNAPSHOT-jar-with-dependencies.jar
/mnt/beegfs/rcabanas/dev/credici/papers/causal_flavour/code/LearnCF.java
/mnt/beegfs/rcabanas/dev/credici/papers/causal_flavour/code/LearnCF.java
/mnt/beegfs/rcabanas/dev/credici/papers/causal_flavour/code/LearnCF.java
seed=1
/mnt/beegfs/rcabanas/dev/credici
seed=26
/mnt/beegfs/rcabanas/dev/credici/papers/causal_flavour
/mnt/beegfs/rcabanas/dev/credici
/mnt/beegfs/rcabanas/dev/credici/papers/causal_flavour/learntmodels
/mnt/beegfs/rcabanas/dev/credici/papers/causal_flavour
/mnt/beegfs/rcabanas/dev/credici/papers/causal_flavour/models
/mnt/beegfs/rcabanas/dev/credici/papers/causal_flavour/learntmodels
/mnt/beegfs/rcabanas/dev/credici/target/credici-0.1.5-dev-SNAPSHOT-jar-with-dependencies.jar
/mnt/beegfs/rcabanas/dev/credici/papers/causal_flavour/models
/mnt/beegfs/rcabanas/dev/credici/papers/causal_flavour/code/LearnCF.java
/mnt/beegfs/rcabanas/dev/credici/target/credici-0.1.5-dev-SNAPSHOT-jar-with-dependencies.jar
/mnt/beegfs/rcabanas/dev/credici/papers/causal_flavour/code/LearnCF.java
['learn.py', '1000', '12']
['learn.py', '1000', '46']
seed=12
seed=46
/mnt/beegfs/rcabanas/dev/credici
/mnt/beegfs/rcabanas/dev/credici
/mnt/beegfs/rcabanas/dev/credici/papers/causal_flavour
/mnt/beegfs/rcabanas/dev/credici/papers/causal_flavour
/mnt/beegfs/rcabanas/dev/credici/papers/causal_flavour/learntmodels
/mnt/beegfs/rcabanas/dev/credici/papers/causal_flavour/learntmodels
/mnt/beegfs/rcabanas/dev/credici/papers/causal_flavour/models
/mnt/beegfs/rcabanas/dev/credici/papers/causal_flavour/models
/mnt/beegfs/rcabanas/dev/credici/target/credici-0.1.5-dev-SNAPSHOT-jar-with-dependencies.jar
/mnt/beegfs/rcabanas/dev/credici/target/credici-0.1.5-dev-SNAPSHOT-jar-with-dependencies.jar
/mnt/beegfs/rcabanas/dev/credici/papers/causal_flavour/code/LearnCF.java
/mnt/beegfs/rcabanas/dev/credici/papers/causal_flavour/code/LearnCF.java
['learn.py', '1000', '21']
['learn.py', '1000', '22']
seed=21
seed=22
/mnt/beegfs/rcabanas/dev/credici
/mnt/beegfs/rcabanas/dev/credici
/mnt/beegfs/rcabanas/dev/credici/papers/causal_flavour
/mnt/beegfs/rcabanas/dev/credici/papers/causal_flavour
/mnt/beegfs/rcabanas/dev/credici/papers/causal_flavour/learntmodels
/mnt/beegfs/rcabanas/dev/credici/papers/causal_flavour/models
/mnt/beegfs/rcabanas/dev/credici/papers/causal_flavour/learntmodels
/mnt/beegfs/rcabanas/dev/credici/target/credici-0.1.5-dev-SNAPSHOT-jar-with-dependencies.jar
/mnt/beegfs/rcabanas/dev/credici/papers/causal_flavour/models
/mnt/beegfs/rcabanas/dev/credici/papers/causal_flavour/code/LearnCF.java
/mnt/beegfs/rcabanas/dev/credici/target/credici-0.1.5-dev-SNAPSHOT-jar-with-dependencies.jar
/mnt/beegfs/rcabanas/dev/credici/papers/causal_flavour/code/LearnCF.java
['learn.py', '1000', '32']
['learn.py', '1000', '3']
['learn.py', '1000', '14']
seed=3
/mnt/beegfs/rcabanas/dev/credici
/mnt/beegfs/rcabanas/dev/credici/papers/causal_flavour
/mnt/beegfs/rcabanas/dev/credici/papers/causal_flavour/learntmodels
/mnt/beegfs/rcabanas/dev/credici/papers/causal_flavour/models
/mnt/beegfs/rcabanas/dev/credici/target/credici-0.1.5-dev-SNAPSHOT-jar-with-dependencies.jar
/mnt/beegfs/rcabanas/dev/credici/papers/causal_flavour/code/LearnCF.java
seed=32
/mnt/beegfs/rcabanas/dev/credici
/mnt/beegfs/rcabanas/dev/credici/papers/causal_flavour
/mnt/beegfs/rcabanas/dev/credici/papers/causal_flavour/learntmodels
/mnt/beegfs/rcabanas/dev/credici/papers/causal_flavour/models
/mnt/beegfs/rcabanas/dev/credici/target/credici-0.1.5-dev-SNAPSHOT-jar-with-dependencies.jar
/mnt/beegfs/rcabanas/dev/credici/papers/causal_flavour/code/LearnCF.java
['learn.py', '1000', '2']
['learn.py', '1000', '25']
['learn.py', '1000', '28']
['learn.py', '1000', '11']
seed=14
/mnt/beegfs/rcabanas/dev/credici
['learn.py', '1000', '23']
/mnt/beegfs/rcabanas/dev/credici/papers/causal_flavour
/mnt/beegfs/rcabanas/dev/credici/papers/causal_flavour/learntmodels
/mnt/beegfs/rcabanas/dev/credici/papers/causal_flavour/models
/mnt/beegfs/rcabanas/dev/credici/target/credici-0.1.5-dev-SNAPSHOT-jar-with-dependencies.jar
/mnt/beegfs/rcabanas/dev/credici/papers/causal_flavour/code/LearnCF.java
['learn.py', '1000', '16']
seed=2
/mnt/beegfs/rcabanas/dev/credici
/mnt/beegfs/rcabanas/dev/credici/papers/causal_flavour
/mnt/beegfs/rcabanas/dev/credici/papers/causal_flavour/learntmodels
/mnt/beegfs/rcabanas/dev/credici/papers/causal_flavour/models
/mnt/beegfs/rcabanas/dev/credici/target/credici-0.1.5-dev-SNAPSHOT-jar-with-dependencies.jar
/mnt/beegfs/rcabanas/dev/credici/papers/causal_flavour/code/LearnCF.java
seed=25
/mnt/beegfs/rcabanas/dev/credici
/mnt/beegfs/rcabanas/dev/credici/papers/causal_flavour
seed=28
/mnt/beegfs/rcabanas/dev/credici
/mnt/beegfs/rcabanas/dev/credici/papers/causal_flavour
/mnt/beegfs/rcabanas/dev/credici/papers/causal_flavour/learntmodels
/mnt/beegfs/rcabanas/dev/credici/papers/causal_flavour/models
/mnt/beegfs/rcabanas/dev/credici/target/credici-0.1.5-dev-SNAPSHOT-jar-with-dependencies.jar
/mnt/beegfs/rcabanas/dev/credici/papers/causal_flavour/code/LearnCF.java
/mnt/beegfs/rcabanas/dev/credici/papers/causal_flavour/learntmodels
/mnt/beegfs/rcabanas/dev/credici/papers/causal_flavour/models
/mnt/beegfs/rcabanas/dev/credici/target/credici-0.1.5-dev-SNAPSHOT-jar-with-dependencies.jar
/mnt/beegfs/rcabanas/dev/credici/papers/causal_flavour/code/LearnCF.java
seed=11
/mnt/beegfs/rcabanas/dev/credici
/mnt/beegfs/rcabanas/dev/credici/papers/causal_flavour
/mnt/beegfs/rcabanas/dev/credici/papers/causal_flavour/learntmodels
['learn.py', '1000', '43']
/mnt/beegfs/rcabanas/dev/credici/papers/causal_flavour/models
/mnt/beegfs/rcabanas/dev/credici/target/credici-0.1.5-dev-SNAPSHOT-jar-with-dependencies.jar
seed=23
/mnt/beegfs/rcabanas/dev/credici/papers/causal_flavour/code/LearnCF.java
/mnt/beegfs/rcabanas/dev/credici
/mnt/beegfs/rcabanas/dev/credici/papers/causal_flavour
/mnt/beegfs/rcabanas/dev/credici/papers/causal_flavour/learntmodels
/mnt/beegfs/rcabanas/dev/credici/papers/causal_flavour/models
/mnt/beegfs/rcabanas/dev/credici/target/credici-0.1.5-dev-SNAPSHOT-jar-with-dependencies.jar
['learn.py', '1000', '31']
/mnt/beegfs/rcabanas/dev/credici/papers/causal_flavour/code/LearnCF.java
seed=16
/mnt/beegfs/rcabanas/dev/credici
/mnt/beegfs/rcabanas/dev/credici/papers/causal_flavour
/mnt/beegfs/rcabanas/dev/credici/papers/causal_flavour/learntmodels
/mnt/beegfs/rcabanas/dev/credici/papers/causal_flavour/models
/mnt/beegfs/rcabanas/dev/credici/target/credici-0.1.5-dev-SNAPSHOT-jar-with-dependencies.jar
/mnt/beegfs/rcabanas/dev/credici/papers/causal_flavour/code/LearnCF.java
['learn.py', '1000', '20']
['learn.py', '1000', '30']
['learn.py', '1000', '49']
['learn.py', '1000', '44']
['learn.py', '1000', '13']
seed=43
/mnt/beegfs/rcabanas/dev/credici
/mnt/beegfs/rcabanas/dev/credici/papers/causal_flavour
/mnt/beegfs/rcabanas/dev/credici/papers/causal_flavour/learntmodels
/mnt/beegfs/rcabanas/dev/credici/papers/causal_flavour/models
/mnt/beegfs/rcabanas/dev/credici/target/credici-0.1.5-dev-SNAPSHOT-jar-with-dependencies.jar
/mnt/beegfs/rcabanas/dev/credici/papers/causal_flavour/code/LearnCF.java
seed=31
/mnt/beegfs/rcabanas/dev/credici
/mnt/beegfs/rcabanas/dev/credici/papers/causal_flavour
/mnt/beegfs/rcabanas/dev/credici/papers/causal_flavour/learntmodels
/mnt/beegfs/rcabanas/dev/credici/papers/causal_flavour/models
/mnt/beegfs/rcabanas/dev/credici/target/credici-0.1.5-dev-SNAPSHOT-jar-with-dependencies.jar
/mnt/beegfs/rcabanas/dev/credici/papers/causal_flavour/code/LearnCF.java
['learn.py', '1000', '33']
seed=20
/mnt/beegfs/rcabanas/dev/credici
/mnt/beegfs/rcabanas/dev/credici/papers/causal_flavour
/mnt/beegfs/rcabanas/dev/credici/papers/causal_flavour/learntmodels
/mnt/beegfs/rcabanas/dev/credici/papers/causal_flavour/models
/mnt/beegfs/rcabanas/dev/credici/target/credici-0.1.5-dev-SNAPSHOT-jar-with-dependencies.jar
/mnt/beegfs/rcabanas/dev/credici/papers/causal_flavour/code/LearnCF.java
seed=30
/mnt/beegfs/rcabanas/dev/credici
/mnt/beegfs/rcabanas/dev/credici/papers/causal_flavour
/mnt/beegfs/rcabanas/dev/credici/papers/causal_flavour/learntmodels
/mnt/beegfs/rcabanas/dev/credici/papers/causal_flavour/models
/mnt/beegfs/rcabanas/dev/credici/target/credici-0.1.5-dev-SNAPSHOT-jar-with-dependencies.jar
/mnt/beegfs/rcabanas/dev/credici/papers/causal_flavour/code/LearnCF.java
seed=49
['learn.py', '1000', '18']
['learn.py', '1000', '29']
seed=13
/mnt/beegfs/rcabanas/dev/credici
/mnt/beegfs/rcabanas/dev/credici/papers/causal_flavour
/mnt/beegfs/rcabanas/dev/credici/papers/causal_flavour/learntmodels
/mnt/beegfs/rcabanas/dev/credici/papers/causal_flavour/models
/mnt/beegfs/rcabanas/dev/credici/target/credici-0.1.5-dev-SNAPSHOT-jar-with-dependencies.jar
/mnt/beegfs/rcabanas/dev/credici/papers/causal_flavour/code/LearnCF.java
seed=44
/mnt/beegfs/rcabanas/dev/credici
/mnt/beegfs/rcabanas/dev/credici/papers/causal_flavour
['learn.py', '1000', '38']
['learn.py', '1000', '40']
seed=33
/mnt/beegfs/rcabanas/dev/credici
/mnt/beegfs/rcabanas/dev/credici/papers/causal_flavour
/mnt/beegfs/rcabanas/dev/credici/papers/causal_flavour/learntmodels
/mnt/beegfs/rcabanas/dev/credici/papers/causal_flavour/models
/mnt/beegfs/rcabanas/dev/credici
/mnt/beegfs/rcabanas/dev/credici/papers/causal_flavour/learntmodels
seed=18
seed=29
seed=38
seed=40
/mnt/beegfs/rcabanas/dev/credici/target/credici-0.1.5-dev-SNAPSHOT-jar-with-dependencies.jar
/mnt/beegfs/rcabanas/dev/credici/papers/causal_flavour/code/LearnCF.java
/mnt/beegfs/rcabanas/dev/credici/papers/causal_flavour
/mnt/beegfs/rcabanas/dev/credici/papers/causal_flavour/models
/mnt/beegfs/rcabanas/dev/credici
/mnt/beegfs/rcabanas/dev/credici/papers/causal_flavour
/mnt/beegfs/rcabanas/dev/credici
/mnt/beegfs/rcabanas/dev/credici
/mnt/beegfs/rcabanas/dev/credici
/mnt/beegfs/rcabanas/dev/credici/papers/causal_flavour/learntmodels
/mnt/beegfs/rcabanas/dev/credici/papers/causal_flavour/models
/mnt/beegfs/rcabanas/dev/credici/target/credici-0.1.5-dev-SNAPSHOT-jar-with-dependencies.jar
/mnt/beegfs/rcabanas/dev/credici/papers/causal_flavour/code/LearnCF.java
/mnt/beegfs/rcabanas/dev/credici/target/credici-0.1.5-dev-SNAPSHOT-jar-with-dependencies.jar
/mnt/beegfs/rcabanas/dev/credici/papers/causal_flavour/learntmodels
/mnt/beegfs/rcabanas/dev/credici/papers/causal_flavour
/mnt/beegfs/rcabanas/dev/credici/papers/causal_flavour
/mnt/beegfs/rcabanas/dev/credici/papers/causal_flavour/learntmodels
/mnt/beegfs/rcabanas/dev/credici/papers/causal_flavour/models
/mnt/beegfs/rcabanas/dev/credici/target/credici-0.1.5-dev-SNAPSHOT-jar-with-dependencies.jar
/mnt/beegfs/rcabanas/dev/credici/papers/causal_flavour/code/LearnCF.java
/mnt/beegfs/rcabanas/dev/credici/papers/causal_flavour
['learn.py', '1000', '47']
/mnt/beegfs/rcabanas/dev/credici/papers/causal_flavour/code/LearnCF.java
/mnt/beegfs/rcabanas/dev/credici/papers/causal_flavour/models
['learn.py', '1000', '27']
/mnt/beegfs/rcabanas/dev/credici/papers/causal_flavour/learntmodels
['learn.py', '1000', '42']
/mnt/beegfs/rcabanas/dev/credici/papers/causal_flavour/learntmodels
['learn.py', '1000', '35']
/mnt/beegfs/rcabanas/dev/credici/target/credici-0.1.5-dev-SNAPSHOT-jar-with-dependencies.jar
/mnt/beegfs/rcabanas/dev/credici/papers/causal_flavour/code/LearnCF.java
/mnt/beegfs/rcabanas/dev/credici/papers/causal_flavour/models
/mnt/beegfs/rcabanas/dev/credici/papers/causal_flavour/models
['learn.py', '1000', '39']
/mnt/beegfs/rcabanas/dev/credici/target/credici-0.1.5-dev-SNAPSHOT-jar-with-dependencies.jar
/mnt/beegfs/rcabanas/dev/credici/target/credici-0.1.5-dev-SNAPSHOT-jar-with-dependencies.jar
/mnt/beegfs/rcabanas/dev/credici/papers/causal_flavour/code/LearnCF.java
/mnt/beegfs/rcabanas/dev/credici/papers/causal_flavour/code/LearnCF.java
['learn.py', '1000', '50']
['learn.py', '1000', '45']
['learn.py', '1000', '24']
seed=47
/mnt/beegfs/rcabanas/dev/credici
/mnt/beegfs/rcabanas/dev/credici/papers/causal_flavour
/mnt/beegfs/rcabanas/dev/credici/papers/causal_flavour/learntmodels
/mnt/beegfs/rcabanas/dev/credici/papers/causal_flavour/models
/mnt/beegfs/rcabanas/dev/credici/target/credici-0.1.5-dev-SNAPSHOT-jar-with-dependencies.jar
/mnt/beegfs/rcabanas/dev/credici/papers/causal_flavour/code/LearnCF.java
seed=27
['learn.py', '1000', '37']
/mnt/beegfs/rcabanas/dev/credici
/mnt/beegfs/rcabanas/dev/credici/papers/causal_flavour
/mnt/beegfs/rcabanas/dev/credici/papers/causal_flavour/learntmodels
/mnt/beegfs/rcabanas/dev/credici/papers/causal_flavour/models
seed=42
['learn.py', '1000', '36']
/mnt/beegfs/rcabanas/dev/credici/target/credici-0.1.5-dev-SNAPSHOT-jar-with-dependencies.jar
/mnt/beegfs/rcabanas/dev/credici/papers/causal_flavour/code/LearnCF.java
/mnt/beegfs/rcabanas/dev/credici
/mnt/beegfs/rcabanas/dev/credici/papers/causal_flavour
/mnt/beegfs/rcabanas/dev/credici/papers/causal_flavour/learntmodels
/mnt/beegfs/rcabanas/dev/credici/papers/causal_flavour/models
/mnt/beegfs/rcabanas/dev/credici/target/credici-0.1.5-dev-SNAPSHOT-jar-with-dependencies.jar
/mnt/beegfs/rcabanas/dev/credici/papers/causal_flavour/code/LearnCF.java
seed=35
['learn.py', '1000', '41']
/mnt/beegfs/rcabanas/dev/credici
/mnt/beegfs/rcabanas/dev/credici/papers/causal_flavour
/mnt/beegfs/rcabanas/dev/credici/papers/causal_flavour/learntmodels
/mnt/beegfs/rcabanas/dev/credici/papers/causal_flavour/models
/mnt/beegfs/rcabanas/dev/credici/target/credici-0.1.5-dev-SNAPSHOT-jar-with-dependencies.jar
/mnt/beegfs/rcabanas/dev/credici/papers/causal_flavour/code/LearnCF.java
seed=39
/mnt/beegfs/rcabanas/dev/credici
/mnt/beegfs/rcabanas/dev/credici/papers/causal_flavour
/mnt/beegfs/rcabanas/dev/credici/papers/causal_flavour/learntmodels
/mnt/beegfs/rcabanas/dev/credici/papers/causal_flavour/models
/mnt/beegfs/rcabanas/dev/credici/target/credici-0.1.5-dev-SNAPSHOT-jar-with-dependencies.jar
/mnt/beegfs/rcabanas/dev/credici/papers/causal_flavour/code/LearnCF.java
['learn.py', '1000', '19']
seed=50
/mnt/beegfs/rcabanas/dev/credici
/mnt/beegfs/rcabanas/dev/credici/papers/causal_flavour
/mnt/beegfs/rcabanas/dev/credici/papers/causal_flavour/learntmodels
/mnt/beegfs/rcabanas/dev/credici/papers/causal_flavour/models
/mnt/beegfs/rcabanas/dev/credici/target/credici-0.1.5-dev-SNAPSHOT-jar-with-dependencies.jar
/mnt/beegfs/rcabanas/dev/credici/papers/causal_flavour/code/LearnCF.java
seed=45
/mnt/beegfs/rcabanas/dev/credici
/mnt/beegfs/rcabanas/dev/credici/papers/causal_flavour
/mnt/beegfs/rcabanas/dev/credici/papers/causal_flavour/learntmodels
/mnt/beegfs/rcabanas/dev/credici/papers/causal_flavour/models
/mnt/beegfs/rcabanas/dev/credici/target/credici-0.1.5-dev-SNAPSHOT-jar-with-dependencies.jar
/mnt/beegfs/rcabanas/dev/credici/papers/causal_flavour/code/LearnCF.java
['learn.py', '1000', '34']
seed=24
/mnt/beegfs/rcabanas/dev/credici
/mnt/beegfs/rcabanas/dev/credici/papers/causal_flavour
/mnt/beegfs/rcabanas/dev/credici/papers/causal_flavour/learntmodels
/mnt/beegfs/rcabanas/dev/credici/papers/causal_flavour/models
/mnt/beegfs/rcabanas/dev/credici/target/credici-0.1.5-dev-SNAPSHOT-jar-with-dependencies.jar
/mnt/beegfs/rcabanas/dev/credici/papers/causal_flavour/code/LearnCF.java
seed=37
/mnt/beegfs/rcabanas/dev/credici
/mnt/beegfs/rcabanas/dev/credici/papers/causal_flavour
/mnt/beegfs/rcabanas/dev/credici/papers/causal_flavour/learntmodels
/mnt/beegfs/rcabanas/dev/credici/papers/causal_flavour/models
/mnt/beegfs/rcabanas/dev/credici/target/credici-0.1.5-dev-SNAPSHOT-jar-with-dependencies.jar
/mnt/beegfs/rcabanas/dev/credici/papers/causal_flavour/code/LearnCF.java
seed=36
/mnt/beegfs/rcabanas/dev/credici
/mnt/beegfs/rcabanas/dev/credici/papers/causal_flavour
/mnt/beegfs/rcabanas/dev/credici/papers/causal_flavour/learntmodels
seed=41
/mnt/beegfs/rcabanas/dev/credici
/mnt/beegfs/rcabanas/dev/credici/papers/causal_flavour/models
/mnt/beegfs/rcabanas/dev/credici/target/credici-0.1.5-dev-SNAPSHOT-jar-with-dependencies.jar
/mnt/beegfs/rcabanas/dev/credici/papers/causal_flavour/code/LearnCF.java
/mnt/beegfs/rcabanas/dev/credici/papers/causal_flavour
/mnt/beegfs/rcabanas/dev/credici/papers/causal_flavour/learntmodels
/mnt/beegfs/rcabanas/dev/credici/papers/causal_flavour/models
/mnt/beegfs/rcabanas/dev/credici/target/credici-0.1.5-dev-SNAPSHOT-jar-with-dependencies.jar
/mnt/beegfs/rcabanas/dev/credici/papers/causal_flavour/code/LearnCF.java
seed=19
/mnt/beegfs/rcabanas/dev/credici
/mnt/beegfs/rcabanas/dev/credici/papers/causal_flavour
/mnt/beegfs/rcabanas/dev/credici/papers/causal_flavour/learntmodels
/mnt/beegfs/rcabanas/dev/credici/papers/causal_flavour/models
/mnt/beegfs/rcabanas/dev/credici/target/credici-0.1.5-dev-SNAPSHOT-jar-with-dependencies.jar
/mnt/beegfs/rcabanas/dev/credici/papers/causal_flavour/code/LearnCF.java
seed=34
/mnt/beegfs/rcabanas/dev/credici
/mnt/beegfs/rcabanas/dev/credici/papers/causal_flavour
/mnt/beegfs/rcabanas/dev/credici/papers/causal_flavour/learntmodels
/mnt/beegfs/rcabanas/dev/credici/papers/causal_flavour/models
/mnt/beegfs/rcabanas/dev/credici/target/credici-0.1.5-dev-SNAPSHOT-jar-with-dependencies.jar
/mnt/beegfs/rcabanas/dev/credici/papers/causal_flavour/code/LearnCF.java
[2024-04-15T09:33:02.518212][INFO][seed17] Set up logging
[2024-04-15T09:33:02.535090][INFO][seed17] args: -m;1000;-o;/mnt/beegfs/rcabanas/dev/credici/papers/causal_flavour/learntmodels/miter1000;--data;/mnt/beegfs/rcabanas/dev/credici/papers/causal_flavour/data/simple_learner_10Q_data.csv;-rw;-s;17;/mnt/beegfs/rcabanas/dev/credici/papers/causal_flavour/models/simple_learner_10Q.uai
[2024-04-15T09:33:02.550965][INFO][seed17] Starting logger with seed 17
[2024-04-15T09:33:02.544056][INFO][seed4] Set up logging
[2024-04-15T09:33:02.551780][INFO][seed6] Set up logging
[2024-04-15T09:33:02.575220][INFO][seed6] args: -m;1000;-o;/mnt/beegfs/rcabanas/dev/credici/papers/causal_flavour/learntmodels/miter1000;--data;/mnt/beegfs/rcabanas/dev/credici/papers/causal_flavour/data/simple_learner_10Q_data.csv;-rw;-s;6;/mnt/beegfs/rcabanas/dev/credici/papers/causal_flavour/models/simple_learner_10Q.uai
[2024-04-15T09:33:02.574236][INFO][seed4] args: -m;1000;-o;/mnt/beegfs/rcabanas/dev/credici/papers/causal_flavour/learntmodels/miter1000;--data;/mnt/beegfs/rcabanas/dev/credici/papers/causal_flavour/data/simple_learner_10Q_data.csv;-rw;-s;4;/mnt/beegfs/rcabanas/dev/credici/papers/causal_flavour/models/simple_learner_10Q.uai
[2024-04-15T09:33:02.578058][INFO][seed4] Starting logger with seed 4
[2024-04-15T09:33:02.551032][INFO][seed1] Set up logging
[2024-04-15T09:33:02.579160][INFO][seed1] args: -m;1000;-o;/mnt/beegfs/rcabanas/dev/credici/papers/causal_flavour/learntmodels/miter1000;--data;/mnt/beegfs/rcabanas/dev/credici/papers/causal_flavour/data/simple_learner_10Q_data.csv;-rw;-s;1;/mnt/beegfs/rcabanas/dev/credici/papers/causal_flavour/models/simple_learner_10Q.uai
[2024-04-15T09:33:02.582144][INFO][seed1] Starting logger with seed 1
[2024-04-15T09:33:02.553391][INFO][seed9] Set up logging
[2024-04-15T09:33:02.545286][INFO][seed5] Set up logging
[2024-04-15T09:33:02.580049][INFO][seed5] args: -m;1000;-o;/mnt/beegfs/rcabanas/dev/credici/papers/causal_flavour/learntmodels/miter1000;--data;/mnt/beegfs/rcabanas/dev/credici/papers/causal_flavour/data/simple_learner_10Q_data.csv;-rw;-s;5;/mnt/beegfs/rcabanas/dev/credici/papers/causal_flavour/models/simple_learner_10Q.uai
[2024-04-15T09:33:02.589527][INFO][seed6] Starting logger with seed 6
[2024-04-15T09:33:02.579655][INFO][seed9] args: -m;1000;-o;/mnt/beegfs/rcabanas/dev/credici/papers/causal_flavour/learntmodels/miter1000;--data;/mnt/beegfs/rcabanas/dev/credici/papers/causal_flavour/data/simple_learner_10Q_data.csv;-rw;-s;9;/mnt/beegfs/rcabanas/dev/credici/papers/causal_flavour/models/simple_learner_10Q.uai
[2024-04-15T09:33:02.563089][INFO][seed15] Set up logging
[2024-04-15T09:33:02.573628][INFO][seed12] Set up logging
[2024-04-15T09:33:02.584463][INFO][seed5] Starting logger with seed 5
[2024-04-15T09:33:02.573602][INFO][seed7] Set up logging
[2024-04-15T09:33:02.602345][INFO][seed7] args: -m;1000;-o;/mnt/beegfs/rcabanas/dev/credici/papers/causal_flavour/learntmodels/miter1000;--data;/mnt/beegfs/rcabanas/dev/credici/papers/causal_flavour/data/simple_learner_10Q_data.csv;-rw;-s;7;/mnt/beegfs/rcabanas/dev/credici/papers/causal_flavour/models/simple_learner_10Q.uai
[2024-04-15T09:33:02.586204][INFO][seed9] Starting logger with seed 9
[2024-04-15T09:33:02.599958][INFO][seed15] args: -m;1000;-o;/mnt/beegfs/rcabanas/dev/credici/papers/causal_flavour/learntmodels/miter1000;--data;/mnt/beegfs/rcabanas/dev/credici/papers/causal_flavour/data/simple_learner_10Q_data.csv;-rw;-s;15;/mnt/beegfs/rcabanas/dev/credici/papers/causal_flavour/models/simple_learner_10Q.uai
[2024-04-15T09:33:02.604162][INFO][seed15] Starting logger with seed 15
[2024-04-15T09:33:02.601533][INFO][seed12] args: -m;1000;-o;/mnt/beegfs/rcabanas/dev/credici/papers/causal_flavour/learntmodels/miter1000;--data;/mnt/beegfs/rcabanas/dev/credici/papers/causal_flavour/data/simple_learner_10Q_data.csv;-rw;-s;12;/mnt/beegfs/rcabanas/dev/credici/papers/causal_flavour/models/simple_learner_10Q.uai
[2024-04-15T09:33:02.609306][INFO][seed12] Starting logger with seed 12
[2024-04-15T09:33:02.610070][INFO][seed7] Starting logger with seed 7
[2024-04-15T09:33:02.593410][INFO][seed26] Set up logging
[2024-04-15T09:33:02.625510][INFO][seed26] args: -m;1000;-o;/mnt/beegfs/rcabanas/dev/credici/papers/causal_flavour/learntmodels/miter1000;--data;/mnt/beegfs/rcabanas/dev/credici/papers/causal_flavour/data/simple_learner_10Q_data.csv;-rw;-s;26;/mnt/beegfs/rcabanas/dev/credici/papers/causal_flavour/models/simple_learner_10Q.uai
[2024-04-15T09:33:02.633538][INFO][seed26] Starting logger with seed 26
[2024-04-15T09:33:02.626024][INFO][seed46] Set up logging
[2024-04-15T09:33:02.620490][INFO][seed10] Set up logging
[2024-04-15T09:33:02.652174][INFO][seed46] args: -m;1000;-o;/mnt/beegfs/rcabanas/dev/credici/papers/causal_flavour/learntmodels/miter1000;--data;/mnt/beegfs/rcabanas/dev/credici/papers/causal_flavour/data/simple_learner_10Q_data.csv;-rw;-s;46;/mnt/beegfs/rcabanas/dev/credici/papers/causal_flavour/models/simple_learner_10Q.uai
[2024-04-15T09:33:02.654901][INFO][seed46] Starting logger with seed 46
[2024-04-15T09:33:02.653966][INFO][seed10] args: -m;1000;-o;/mnt/beegfs/rcabanas/dev/credici/papers/causal_flavour/learntmodels/miter1000;--data;/mnt/beegfs/rcabanas/dev/credici/papers/causal_flavour/data/simple_learner_10Q_data.csv;-rw;-s;10;/mnt/beegfs/rcabanas/dev/credici/papers/causal_flavour/models/simple_learner_10Q.uai
[2024-04-15T09:33:02.657792][INFO][seed10] Starting logger with seed 10
[2024-04-15T09:33:02.647856][INFO][seed21] Set up logging
[2024-04-15T09:33:02.671291][INFO][seed21] args: -m;1000;-o;/mnt/beegfs/rcabanas/dev/credici/papers/causal_flavour/learntmodels/miter1000;--data;/mnt/beegfs/rcabanas/dev/credici/papers/causal_flavour/data/simple_learner_10Q_data.csv;-rw;-s;21;/mnt/beegfs/rcabanas/dev/credici/papers/causal_flavour/models/simple_learner_10Q.uai
[2024-04-15T09:33:02.678195][INFO][seed21] Starting logger with seed 21
[2024-04-15T09:33:02.675322][INFO][seed22] Set up logging
[2024-04-15T09:33:02.705145][INFO][seed22] args: -m;1000;-o;/mnt/beegfs/rcabanas/dev/credici/papers/causal_flavour/learntmodels/miter1000;--data;/mnt/beegfs/rcabanas/dev/credici/papers/causal_flavour/data/simple_learner_10Q_data.csv;-rw;-s;22;/mnt/beegfs/rcabanas/dev/credici/papers/causal_flavour/models/simple_learner_10Q.uai
[2024-04-15T09:33:02.708370][INFO][seed22] Starting logger with seed 22
[2024-04-15T09:33:02.723310][INFO][seed28] Set up logging
[2024-04-15T09:33:02.747972][INFO][seed28] args: -m;1000;-o;/mnt/beegfs/rcabanas/dev/credici/papers/causal_flavour/learntmodels/miter1000;--data;/mnt/beegfs/rcabanas/dev/credici/papers/causal_flavour/data/simple_learner_10Q_data.csv;-rw;-s;28;/mnt/beegfs/rcabanas/dev/credici/papers/causal_flavour/models/simple_learner_10Q.uai
[2024-04-15T09:33:02.724195][INFO][seed25] Set up logging
[2024-04-15T09:33:02.756218][INFO][seed25] args: -m;1000;-o;/mnt/beegfs/rcabanas/dev/credici/papers/causal_flavour/learntmodels/miter1000;--data;/mnt/beegfs/rcabanas/dev/credici/papers/causal_flavour/data/simple_learner_10Q_data.csv;-rw;-s;25;/mnt/beegfs/rcabanas/dev/credici/papers/causal_flavour/models/simple_learner_10Q.uai
[2024-04-15T09:33:02.756919][INFO][seed28] Starting logger with seed 28
[2024-04-15T09:33:02.726032][INFO][seed16] Set up logging
[2024-04-15T09:33:02.758719][INFO][seed16] args: -m;1000;-o;/mnt/beegfs/rcabanas/dev/credici/papers/causal_flavour/learntmodels/miter1000;--data;/mnt/beegfs/rcabanas/dev/credici/papers/causal_flavour/data/simple_learner_10Q_data.csv;-rw;-s;16;/mnt/beegfs/rcabanas/dev/credici/papers/causal_flavour/models/simple_learner_10Q.uai
[2024-04-15T09:33:02.759170][INFO][seed25] Starting logger with seed 25
[2024-04-15T09:33:02.761052][INFO][seed16] Starting logger with seed 16
[2024-04-15T09:33:02.740825][INFO][seed32] Set up logging
[2024-04-15T09:33:02.765323][INFO][seed32] args: -m;1000;-o;/mnt/beegfs/rcabanas/dev/credici/papers/causal_flavour/learntmodels/miter1000;--data;/mnt/beegfs/rcabanas/dev/credici/papers/causal_flavour/data/simple_learner_10Q_data.csv;-rw;-s;32;/mnt/beegfs/rcabanas/dev/credici/papers/causal_flavour/models/simple_learner_10Q.uai
[2024-04-15T09:33:02.768317][INFO][seed32] Starting logger with seed 32
[2024-04-15T09:33:02.756450][INFO][seed43] Set up logging
[2024-04-15T09:33:02.781755][INFO][seed43] args: -m;1000;-o;/mnt/beegfs/rcabanas/dev/credici/papers/causal_flavour/learntmodels/miter1000;--data;/mnt/beegfs/rcabanas/dev/credici/papers/causal_flavour/data/simple_learner_10Q_data.csv;-rw;-s;43;/mnt/beegfs/rcabanas/dev/credici/papers/causal_flavour/models/simple_learner_10Q.uai
[2024-04-15T09:33:02.770472][INFO][seed8] Set up logging
[2024-04-15T09:33:02.795314][INFO][seed8] args: -m;1000;-o;/mnt/beegfs/rcabanas/dev/credici/papers/causal_flavour/learntmodels/miter1000;--data;/mnt/beegfs/rcabanas/dev/credici/papers/causal_flavour/data/simple_learner_10Q_data.csv;-rw;-s;8;/mnt/beegfs/rcabanas/dev/credici/papers/causal_flavour/models/simple_learner_10Q.uai
[2024-04-15T09:33:02.796748][INFO][seed43] Starting logger with seed 43
[2024-04-15T09:33:02.777211][INFO][seed34] Set up logging
[2024-04-15T09:33:02.802045][INFO][seed34] args: -m;1000;-o;/mnt/beegfs/rcabanas/dev/credici/papers/causal_flavour/learntmodels/miter1000;--data;/mnt/beegfs/rcabanas/dev/credici/papers/causal_flavour/data/simple_learner_10Q_data.csv;-rw;-s;34;/mnt/beegfs/rcabanas/dev/credici/papers/causal_flavour/models/simple_learner_10Q.uai
[2024-04-15T09:33:02.773756][INFO][seed0] Set up logging
[2024-04-15T09:33:02.805299][INFO][seed0] args: -m;1000;-o;/mnt/beegfs/rcabanas/dev/credici/papers/causal_flavour/learntmodels/miter1000;--data;/mnt/beegfs/rcabanas/dev/credici/papers/causal_flavour/data/simple_learner_10Q_data.csv;-rw;-s;0;/mnt/beegfs/rcabanas/dev/credici/papers/causal_flavour/models/simple_learner_10Q.uai
[2024-04-15T09:33:02.804629][INFO][seed34] Starting logger with seed 34
[2024-04-15T09:33:02.808688][INFO][seed0] Starting logger with seed 0
[2024-04-15T09:33:02.785195][INFO][seed31] Set up logging
[2024-04-15T09:33:02.809934][INFO][seed8] Starting logger with seed 8
[2024-04-15T09:33:02.810592][INFO][seed31] args: -m;1000;-o;/mnt/beegfs/rcabanas/dev/credici/papers/causal_flavour/learntmodels/miter1000;--data;/mnt/beegfs/rcabanas/dev/credici/papers/causal_flavour/data/simple_learner_10Q_data.csv;-rw;-s;31;/mnt/beegfs/rcabanas/dev/credici/papers/causal_flavour/models/simple_learner_10Q.uai
[2024-04-15T09:33:02.815423][INFO][seed31] Starting logger with seed 31
[2024-04-15T09:33:02.799145][INFO][seed20] Set up logging
[2024-04-15T09:33:02.826484][INFO][seed20] args: -m;1000;-o;/mnt/beegfs/rcabanas/dev/credici/papers/causal_flavour/learntmodels/miter1000;--data;/mnt/beegfs/rcabanas/dev/credici/papers/causal_flavour/data/simple_learner_10Q_data.csv;-rw;-s;20;/mnt/beegfs/rcabanas/dev/credici/papers/causal_flavour/models/simple_learner_10Q.uai
[2024-04-15T09:33:02.832129][INFO][seed20] Starting logger with seed 20
[2024-04-15T09:33:02.805738][INFO][seed3] Set up logging
[2024-04-15T09:33:02.807908][INFO][seed14] Set up logging
[2024-04-15T09:33:02.835652][INFO][seed3] args: -m;1000;-o;/mnt/beegfs/rcabanas/dev/credici/papers/causal_flavour/learntmodels/miter1000;--data;/mnt/beegfs/rcabanas/dev/credici/papers/causal_flavour/data/simple_learner_10Q_data.csv;-rw;-s;3;/mnt/beegfs/rcabanas/dev/credici/papers/causal_flavour/models/simple_learner_10Q.uai
[2024-04-15T09:33:02.835656][INFO][seed14] args: -m;1000;-o;/mnt/beegfs/rcabanas/dev/credici/papers/causal_flavour/learntmodels/miter1000;--data;/mnt/beegfs/rcabanas/dev/credici/papers/causal_flavour/data/simple_learner_10Q_data.csv;-rw;-s;14;/mnt/beegfs/rcabanas/dev/credici/papers/causal_flavour/models/simple_learner_10Q.uai
[2024-04-15T09:33:02.839609][INFO][seed14] Starting logger with seed 14
[2024-04-15T09:33:02.810443][INFO][seed2] Set up logging
[2024-04-15T09:33:02.841607][INFO][seed3] Starting logger with seed 3
[2024-04-15T09:33:02.819270][INFO][seed49] Set up logging
[2024-04-15T09:33:02.844994][INFO][seed49] args: -m;1000;-o;/mnt/beegfs/rcabanas/dev/credici/papers/causal_flavour/learntmodels/miter1000;--data;/mnt/beegfs/rcabanas/dev/credici/papers/causal_flavour/data/simple_learner_10Q_data.csv;-rw;-s;49;/mnt/beegfs/rcabanas/dev/credici/papers/causal_flavour/models/simple_learner_10Q.uai
[2024-04-15T09:33:02.845763][INFO][seed2] args: -m;1000;-o;/mnt/beegfs/rcabanas/dev/credici/papers/causal_flavour/learntmodels/miter1000;--data;/mnt/beegfs/rcabanas/dev/credici/papers/causal_flavour/data/simple_learner_10Q_data.csv;-rw;-s;2;/mnt/beegfs/rcabanas/dev/credici/papers/causal_flavour/models/simple_learner_10Q.uai
[2024-04-15T09:33:02.823009][INFO][seed11] Set up logging
[2024-04-15T09:33:02.849929][INFO][seed11] args: -m;1000;-o;/mnt/beegfs/rcabanas/dev/credici/papers/causal_flavour/learntmodels/miter1000;--data;/mnt/beegfs/rcabanas/dev/credici/papers/causal_flavour/data/simple_learner_10Q_data.csv;-rw;-s;11;/mnt/beegfs/rcabanas/dev/credici/papers/causal_flavour/models/simple_learner_10Q.uai
[2024-04-15T09:33:02.850044][INFO][seed49] Starting logger with seed 49
[2024-04-15T09:33:02.852662][INFO][seed2] Starting logger with seed 2
[2024-04-15T09:33:02.858731][INFO][seed11] Starting logger with seed 11
[2024-04-15T09:33:02.828][INFO][seed44] Set up logging
[2024-04-15T09:33:02.861349][INFO][seed44] args: -m;1000;-o;/mnt/beegfs/rcabanas/dev/credici/papers/causal_flavour/learntmodels/miter1000;--data;/mnt/beegfs/rcabanas/dev/credici/papers/causal_flavour/data/simple_learner_10Q_data.csv;-rw;-s;44;/mnt/beegfs/rcabanas/dev/credici/papers/causal_flavour/models/simple_learner_10Q.uai
[2024-04-15T09:33:02.864223][INFO][seed44] Starting logger with seed 44
[2024-04-15T09:33:02.849853][INFO][seed23] Set up logging
[2024-04-15T09:33:02.871757][INFO][seed23] args: -m;1000;-o;/mnt/beegfs/rcabanas/dev/credici/papers/causal_flavour/learntmodels/miter1000;--data;/mnt/beegfs/rcabanas/dev/credici/papers/causal_flavour/data/simple_learner_10Q_data.csv;-rw;-s;23;/mnt/beegfs/rcabanas/dev/credici/papers/causal_flavour/models/simple_learner_10Q.uai
[2024-04-15T09:33:02.874998][INFO][seed23] Starting logger with seed 23
[2024-04-15T09:33:02.867574][INFO][seed38] Set up logging
[2024-04-15T09:33:02.895616][INFO][seed38] args: -m;1000;-o;/mnt/beegfs/rcabanas/dev/credici/papers/causal_flavour/learntmodels/miter1000;--data;/mnt/beegfs/rcabanas/dev/credici/papers/causal_flavour/data/simple_learner_10Q_data.csv;-rw;-s;38;/mnt/beegfs/rcabanas/dev/credici/papers/causal_flavour/models/simple_learner_10Q.uai
[2024-04-15T09:33:02.899310][INFO][seed38] Starting logger with seed 38
[2024-04-15T09:33:02.888121][INFO][seed40] Set up logging
[2024-04-15T09:33:02.918624][INFO][seed40] args: -m;1000;-o;/mnt/beegfs/rcabanas/dev/credici/papers/causal_flavour/learntmodels/miter1000;--data;/mnt/beegfs/rcabanas/dev/credici/papers/causal_flavour/data/simple_learner_10Q_data.csv;-rw;-s;40;/mnt/beegfs/rcabanas/dev/credici/papers/causal_flavour/models/simple_learner_10Q.uai
[2024-04-15T09:33:02.920859][INFO][seed40] Starting logger with seed 40
[2024-04-15T09:33:02.911997][INFO][seed18] Set up logging
[2024-04-15T09:33:02.942228][INFO][seed18] args: -m;1000;-o;/mnt/beegfs/rcabanas/dev/credici/papers/causal_flavour/learntmodels/miter1000;--data;/mnt/beegfs/rcabanas/dev/credici/papers/causal_flavour/data/simple_learner_10Q_data.csv;-rw;-s;18;/mnt/beegfs/rcabanas/dev/credici/papers/causal_flavour/models/simple_learner_10Q.uai
[2024-04-15T09:33:02.945176][INFO][seed18] Starting logger with seed 18
[2024-04-15T09:33:02.921572][INFO][seed13] Set up logging
[2024-04-15T09:33:02.956300][INFO][seed13] args: -m;1000;-o;/mnt/beegfs/rcabanas/dev/credici/papers/causal_flavour/learntmodels/miter1000;--data;/mnt/beegfs/rcabanas/dev/credici/papers/causal_flavour/data/simple_learner_10Q_data.csv;-rw;-s;13;/mnt/beegfs/rcabanas/dev/credici/papers/causal_flavour/models/simple_learner_10Q.uai
[2024-04-15T09:33:02.935251][INFO][seed33] Set up logging
[2024-04-15T09:33:02.960694][INFO][seed33] args: -m;1000;-o;/mnt/beegfs/rcabanas/dev/credici/papers/causal_flavour/learntmodels/miter1000;--data;/mnt/beegfs/rcabanas/dev/credici/papers/causal_flavour/data/simple_learner_10Q_data.csv;-rw;-s;33;/mnt/beegfs/rcabanas/dev/credici/papers/causal_flavour/models/simple_learner_10Q.uai
[2024-04-15T09:33:02.968586][INFO][seed13] Starting logger with seed 13
[2024-04-15T09:33:02.969642][INFO][seed33] Starting logger with seed 33
[2024-04-15T09:33:02.959121][INFO][seed27] Set up logging
[2024-04-15T09:33:02.989603][INFO][seed27] args: -m;1000;-o;/mnt/beegfs/rcabanas/dev/credici/papers/causal_flavour/learntmodels/miter1000;--data;/mnt/beegfs/rcabanas/dev/credici/papers/causal_flavour/data/simple_learner_10Q_data.csv;-rw;-s;27;/mnt/beegfs/rcabanas/dev/credici/papers/causal_flavour/models/simple_learner_10Q.uai
[2024-04-15T09:33:02.992334][INFO][seed27] Starting logger with seed 27
[2024-04-15T09:33:02.996602][INFO][seed1] Loaded model and info: /mnt/beegfs/rcabanas/dev/credici/papers/causal_flavour/models/simple_learner_10Q.uai
[2024-04-15T09:33:02.998557][INFO][seed4] Loaded model and info: /mnt/beegfs/rcabanas/dev/credici/papers/causal_flavour/models/simple_learner_10Q.uai
[2024-04-15T09:33:02.973362][INFO][seed30] Set up logging
[2024-04-15T09:33:03.001631][INFO][seed30] args: -m;1000;-o;/mnt/beegfs/rcabanas/dev/credici/papers/causal_flavour/learntmodels/miter1000;--data;/mnt/beegfs/rcabanas/dev/credici/papers/causal_flavour/data/simple_learner_10Q_data.csv;-rw;-s;30;/mnt/beegfs/rcabanas/dev/credici/papers/causal_flavour/models/simple_learner_10Q.uai
[2024-04-15T09:33:02.986397][INFO][seed39] Set up logging
[2024-04-15T09:33:03.005168][INFO][seed30] Starting logger with seed 30
[2024-04-15T09:33:03.011988][INFO][seed15] Loaded model and info: /mnt/beegfs/rcabanas/dev/credici/papers/causal_flavour/models/simple_learner_10Q.uai
[2024-04-15T09:33:03.015137][INFO][seed39] args: -m;1000;-o;/mnt/beegfs/rcabanas/dev/credici/papers/causal_flavour/learntmodels/miter1000;--data;/mnt/beegfs/rcabanas/dev/credici/papers/causal_flavour/data/simple_learner_10Q_data.csv;-rw;-s;39;/mnt/beegfs/rcabanas/dev/credici/papers/causal_flavour/models/simple_learner_10Q.uai
[2024-04-15T09:33:03.002484][INFO][seed35] Set up logging
[2024-04-15T09:33:03.006380][INFO][seed37] Set up logging
[2024-04-15T09:33:03.017932][INFO][seed39] Starting logger with seed 39
[2024-04-15T09:33:02.997553][INFO][seed47] Set up logging
[2024-04-15T09:33:03.022359][INFO][seed5] Loaded model and info: /mnt/beegfs/rcabanas/dev/credici/papers/causal_flavour/models/simple_learner_10Q.uai
[2024-04-15T09:33:03.022842][INFO][seed47] args: -m;1000;-o;/mnt/beegfs/rcabanas/dev/credici/papers/causal_flavour/learntmodels/miter1000;--data;/mnt/beegfs/rcabanas/dev/credici/papers/causal_flavour/data/simple_learner_10Q_data.csv;-rw;-s;47;/mnt/beegfs/rcabanas/dev/credici/papers/causal_flavour/models/simple_learner_10Q.uai
[2024-04-15T09:33:03.023455][INFO][seed9] Loaded model and info: /mnt/beegfs/rcabanas/dev/credici/papers/causal_flavour/models/simple_learner_10Q.uai
[2024-04-15T09:33:03.025210][INFO][seed12] Loaded model and info: /mnt/beegfs/rcabanas/dev/credici/papers/causal_flavour/models/simple_learner_10Q.uai
[2024-04-15T09:33:03.025912][INFO][seed17] Loaded model and info: /mnt/beegfs/rcabanas/dev/credici/papers/causal_flavour/models/simple_learner_10Q.uai
[2024-04-15T09:33:03.004925][INFO][seed41] Set up logging
[2024-04-15T09:33:03.017104][INFO][seed19] Set up logging
[2024-04-15T09:33:03.028544][INFO][seed41] args: -m;1000;-o;/mnt/beegfs/rcabanas/dev/credici/papers/causal_flavour/learntmodels/miter1000;--data;/mnt/beegfs/rcabanas/dev/credici/papers/causal_flavour/data/simple_learner_10Q_data.csv;-rw;-s;41;/mnt/beegfs/rcabanas/dev/credici/papers/causal_flavour/models/simple_learner_10Q.uai
[2024-04-15T09:33:03.030883][INFO][seed41] Starting logger with seed 41
[2024-04-15T09:33:03.001668][INFO][seed50] Set up logging
[2024-04-15T09:33:03.007838][INFO][seed45] Set up logging
[2024-04-15T09:33:03.032325][INFO][seed50] args: -m;1000;-o;/mnt/beegfs/rcabanas/dev/credici/papers/causal_flavour/learntmodels/miter1000;--data;/mnt/beegfs/rcabanas/dev/credici/papers/causal_flavour/data/simple_learner_10Q_data.csv;-rw;-s;50;/mnt/beegfs/rcabanas/dev/credici/papers/causal_flavour/models/simple_learner_10Q.uai
[2024-04-15T09:33:03.033115][INFO][seed35] args: -m;1000;-o;/mnt/beegfs/rcabanas/dev/credici/papers/causal_flavour/learntmodels/miter1000;--data;/mnt/beegfs/rcabanas/dev/credici/papers/causal_flavour/data/simple_learner_10Q_data.csv;-rw;-s;35;/mnt/beegfs/rcabanas/dev/credici/papers/causal_flavour/models/simple_learner_10Q.uai
[2024-04-15T09:33:03.034850][INFO][seed50] Starting logger with seed 50
[2024-04-15T09:33:03.031258][INFO][seed19] args: -m;1000;-o;/mnt/beegfs/rcabanas/dev/credici/papers/causal_flavour/learntmodels/miter1000;--data;/mnt/beegfs/rcabanas/dev/credici/papers/causal_flavour/data/simple_learner_10Q_data.csv;-rw;-s;19;/mnt/beegfs/rcabanas/dev/credici/papers/causal_flavour/models/simple_learner_10Q.uai
[2024-04-15T09:33:03.033214][INFO][seed45] args: -m;1000;-o;/mnt/beegfs/rcabanas/dev/credici/papers/causal_flavour/learntmodels/miter1000;--data;/mnt/beegfs/rcabanas/dev/credici/papers/causal_flavour/data/simple_learner_10Q_data.csv;-rw;-s;45;/mnt/beegfs/rcabanas/dev/credici/papers/causal_flavour/models/simple_learner_10Q.uai
[2024-04-15T09:33:03.035875][INFO][seed45] Starting logger with seed 45
[2024-04-15T09:33:03.035146][INFO][seed37] args: -m;1000;-o;/mnt/beegfs/rcabanas/dev/credici/papers/causal_flavour/learntmodels/miter1000;--data;/mnt/beegfs/rcabanas/dev/credici/papers/causal_flavour/data/simple_learner_10Q_data.csv;-rw;-s;37;/mnt/beegfs/rcabanas/dev/credici/papers/causal_flavour/models/simple_learner_10Q.uai
[2024-04-15T09:33:03.035706][INFO][seed35] Starting logger with seed 35
[2024-04-15T09:33:03.038479][INFO][seed7] Loaded model and info: /mnt/beegfs/rcabanas/dev/credici/papers/causal_flavour/models/simple_learner_10Q.uai
[2024-04-15T09:33:03.011340][INFO][seed29] Set up logging
[2024-04-15T09:33:03.038971][INFO][seed6] Loaded model and info: /mnt/beegfs/rcabanas/dev/credici/papers/causal_flavour/models/simple_learner_10Q.uai
[2024-04-15T09:33:03.038009][INFO][seed47] Starting logger with seed 47
[2024-04-15T09:33:03.038037][INFO][seed37] Starting logger with seed 37
[2024-04-15T09:33:03.046040][INFO][seed46] Loaded model and info: /mnt/beegfs/rcabanas/dev/credici/papers/causal_flavour/models/simple_learner_10Q.uai
[2024-04-15T09:33:03.023477][INFO][seed36] Set up logging
[2024-04-15T09:33:03.042714][INFO][seed29] args: -m;1000;-o;/mnt/beegfs/rcabanas/dev/credici/papers/causal_flavour/learntmodels/miter1000;--data;/mnt/beegfs/rcabanas/dev/credici/papers/causal_flavour/data/simple_learner_10Q_data.csv;-rw;-s;29;/mnt/beegfs/rcabanas/dev/credici/papers/causal_flavour/models/simple_learner_10Q.uai
[2024-04-15T09:33:03.045942][INFO][seed29] Starting logger with seed 29
[2024-04-15T09:33:03.049151][INFO][seed26] Loaded model and info: /mnt/beegfs/rcabanas/dev/credici/papers/causal_flavour/models/simple_learner_10Q.uai
[2024-04-15T09:33:03.046124][INFO][seed19] Starting logger with seed 19
[2024-04-15T09:33:03.048953][INFO][seed36] args: -m;1000;-o;/mnt/beegfs/rcabanas/dev/credici/papers/causal_flavour/learntmodels/miter1000;--data;/mnt/beegfs/rcabanas/dev/credici/papers/causal_flavour/data/simple_learner_10Q_data.csv;-rw;-s;36;/mnt/beegfs/rcabanas/dev/credici/papers/causal_flavour/models/simple_learner_10Q.uai
[2024-04-15T09:33:03.026380][INFO][seed42] Set up logging
[2024-04-15T09:33:03.053092][INFO][seed36] Starting logger with seed 36
[2024-04-15T09:33:03.059697][INFO][seed42] args: -m;1000;-o;/mnt/beegfs/rcabanas/dev/credici/papers/causal_flavour/learntmodels/miter1000;--data;/mnt/beegfs/rcabanas/dev/credici/papers/causal_flavour/data/simple_learner_10Q_data.csv;-rw;-s;42;/mnt/beegfs/rcabanas/dev/credici/papers/causal_flavour/models/simple_learner_10Q.uai
[2024-04-15T09:33:03.064017][INFO][seed4] Loaded 100 data instances
[2024-04-15T09:33:03.064507][INFO][seed4] Starting learning up to 1000 iterations
[2024-04-15T09:33:03.062722][INFO][seed42] Starting logger with seed 42
[2024-04-15T09:33:03.066809][INFO][seed15] Loaded 100 data instances
[2024-04-15T09:33:03.037775][INFO][seed24] Set up logging
[2024-04-15T09:33:03.067758][INFO][seed1] Loaded 100 data instances
[2024-04-15T09:33:03.068268][INFO][seed1] Starting learning up to 1000 iterations
[2024-04-15T09:33:03.068151][INFO][seed24] args: -m;1000;-o;/mnt/beegfs/rcabanas/dev/credici/papers/causal_flavour/learntmodels/miter1000;--data;/mnt/beegfs/rcabanas/dev/credici/papers/causal_flavour/data/simple_learner_10Q_data.csv;-rw;-s;24;/mnt/beegfs/rcabanas/dev/credici/papers/causal_flavour/models/simple_learner_10Q.uai
[2024-04-15T09:33:03.070884][INFO][seed9] Loaded 100 data instances
[2024-04-15T09:33:03.071267][INFO][seed9] Starting learning up to 1000 iterations
[2024-04-15T09:33:03.071581][INFO][seed15] Starting learning up to 1000 iterations
[2024-04-15T09:33:03.071674][INFO][seed5] Loaded 100 data instances
[2024-04-15T09:33:03.074481][INFO][seed5] Starting learning up to 1000 iterations
[2024-04-15T09:33:03.075644][INFO][seed24] Starting logger with seed 24
[2024-04-15T09:33:03.081613][INFO][seed17] Loaded 100 data instances
[2024-04-15T09:33:03.082031][INFO][seed17] Starting learning up to 1000 iterations
[2024-04-15T09:33:03.083014][INFO][seed12] Loaded 100 data instances
[2024-04-15T09:33:03.084608][INFO][seed7] Loaded 100 data instances
[2024-04-15T09:33:03.087401][INFO][seed12] Starting learning up to 1000 iterations
[2024-04-15T09:33:03.088011][INFO][seed7] Starting learning up to 1000 iterations
[2024-04-15T09:33:03.093890][INFO][seed46] Loaded 100 data instances
[2024-04-15T09:33:03.093190][INFO][seed10] Loaded model and info: /mnt/beegfs/rcabanas/dev/credici/papers/causal_flavour/models/simple_learner_10Q.uai
[2024-04-15T09:33:03.097595][INFO][seed26] Loaded 100 data instances
[2024-04-15T09:33:03.098037][INFO][seed26] Starting learning up to 1000 iterations
[2024-04-15T09:33:03.099285][INFO][seed46] Starting learning up to 1000 iterations
[2024-04-15T09:33:03.107187][INFO][seed6] Loaded 100 data instances
[2024-04-15T09:33:03.107726][INFO][seed22] Loaded model and info: /mnt/beegfs/rcabanas/dev/credici/papers/causal_flavour/models/simple_learner_10Q.uai
[2024-04-15T09:33:03.107648][INFO][seed6] Starting learning up to 1000 iterations
[2024-04-15T09:33:03.116023][INFO][seed21] Loaded model and info: /mnt/beegfs/rcabanas/dev/credici/papers/causal_flavour/models/simple_learner_10Q.uai
[2024-04-15T09:33:03.117011][INFO][seed25] Loaded model and info: /mnt/beegfs/rcabanas/dev/credici/papers/causal_flavour/models/simple_learner_10Q.uai
[2024-04-15T09:33:03.129153][INFO][seed16] Loaded model and info: /mnt/beegfs/rcabanas/dev/credici/papers/causal_flavour/models/simple_learner_10Q.uai
[2024-04-15T09:33:03.149114][INFO][seed28] Loaded model and info: /mnt/beegfs/rcabanas/dev/credici/papers/causal_flavour/models/simple_learner_10Q.uai
[2024-04-15T09:33:03.152665][INFO][seed10] Loaded 100 data instances
[2024-04-15T09:33:03.154685][INFO][seed10] Starting learning up to 1000 iterations
[2024-04-15T09:33:03.161064][INFO][seed22] Loaded 100 data instances
[2024-04-15T09:33:03.161546][INFO][seed22] Starting learning up to 1000 iterations
[2024-04-15T09:33:03.163418][INFO][seed21] Loaded 100 data instances
[2024-04-15T09:33:03.163989][INFO][seed21] Starting learning up to 1000 iterations
[2024-04-15T09:33:03.168096][INFO][seed25] Loaded 100 data instances
[2024-04-15T09:33:03.172592][INFO][seed25] Starting learning up to 1000 iterations
[2024-04-15T09:33:03.177323][INFO][seed43] Loaded model and info: /mnt/beegfs/rcabanas/dev/credici/papers/causal_flavour/models/simple_learner_10Q.uai
[2024-04-15T09:33:03.179113][INFO][seed32] Loaded model and info: /mnt/beegfs/rcabanas/dev/credici/papers/causal_flavour/models/simple_learner_10Q.uai
[2024-04-15T09:33:03.182863][INFO][seed16] Loaded 100 data instances
[2024-04-15T09:33:03.185920][INFO][seed16] Starting learning up to 1000 iterations
[2024-04-15T09:33:03.194883][INFO][seed34] Loaded model and info: /mnt/beegfs/rcabanas/dev/credici/papers/causal_flavour/models/simple_learner_10Q.uai
[2024-04-15T09:33:03.202632][INFO][seed28] Loaded 100 data instances
[2024-04-15T09:33:03.203228][INFO][seed28] Starting learning up to 1000 iterations
[2024-04-15T09:33:03.223471][INFO][seed44] Loaded model and info: /mnt/beegfs/rcabanas/dev/credici/papers/causal_flavour/models/simple_learner_10Q.uai
[2024-04-15T09:33:03.223752][INFO][seed31] Loaded model and info: /mnt/beegfs/rcabanas/dev/credici/papers/causal_flavour/models/simple_learner_10Q.uai
[2024-04-15T09:33:03.228514][INFO][seed32] Loaded 100 data instances
[2024-04-15T09:33:03.233639][INFO][seed32] Starting learning up to 1000 iterations
[2024-04-15T09:33:03.237803][INFO][seed43] Loaded 100 data instances
[2024-04-15T09:33:03.238273][INFO][seed43] Starting learning up to 1000 iterations
[2024-04-15T09:33:03.241587][INFO][seed49] Loaded model and info: /mnt/beegfs/rcabanas/dev/credici/papers/causal_flavour/models/simple_learner_10Q.uai
[2024-04-15T09:33:03.242162][INFO][seed11] Loaded model and info: /mnt/beegfs/rcabanas/dev/credici/papers/causal_flavour/models/simple_learner_10Q.uai
[2024-04-15T09:33:03.243005][INFO][seed34] Loaded 100 data instances
[2024-04-15T09:33:03.243360][INFO][seed34] Starting learning up to 1000 iterations
[2024-04-15T09:33:03.256481][INFO][seed20] Loaded model and info: /mnt/beegfs/rcabanas/dev/credici/papers/causal_flavour/models/simple_learner_10Q.uai
[2024-04-15T09:33:03.260343][INFO][seed2] Loaded model and info: /mnt/beegfs/rcabanas/dev/credici/papers/causal_flavour/models/simple_learner_10Q.uai
[2024-04-15T09:33:03.260653][INFO][seed14] Loaded model and info: /mnt/beegfs/rcabanas/dev/credici/papers/causal_flavour/models/simple_learner_10Q.uai
[2024-04-15T09:33:03.263041][INFO][seed23] Loaded model and info: /mnt/beegfs/rcabanas/dev/credici/papers/causal_flavour/models/simple_learner_10Q.uai
[2024-04-15T09:33:03.263893][INFO][seed3] Loaded model and info: /mnt/beegfs/rcabanas/dev/credici/papers/causal_flavour/models/simple_learner_10Q.uai
[2024-04-15T09:33:03.265894][INFO][seed8] Loaded model and info: /mnt/beegfs/rcabanas/dev/credici/papers/causal_flavour/models/simple_learner_10Q.uai
[2024-04-15T09:33:03.265944][INFO][seed0] Loaded model and info: /mnt/beegfs/rcabanas/dev/credici/papers/causal_flavour/models/simple_learner_10Q.uai
[2024-04-15T09:33:03.271762][INFO][seed44] Loaded 100 data instances
[2024-04-15T09:33:03.274437][INFO][seed44] Starting learning up to 1000 iterations
[2024-04-15T09:33:03.275137][INFO][seed31] Loaded 100 data instances
[2024-04-15T09:33:03.275529][INFO][seed31] Starting learning up to 1000 iterations
[2024-04-15T09:33:03.278389][INFO][seed38] Loaded model and info: /mnt/beegfs/rcabanas/dev/credici/papers/causal_flavour/models/simple_learner_10Q.uai
[2024-04-15T09:33:03.292433][INFO][seed49] Loaded 100 data instances
[2024-04-15T09:33:03.292895][INFO][seed49] Starting learning up to 1000 iterations
[2024-04-15T09:33:03.298848][INFO][seed20] Loaded 100 data instances
[2024-04-15T09:33:03.299291][INFO][seed20] Starting learning up to 1000 iterations
[2024-04-15T09:33:03.301630][INFO][seed2] Loaded 100 data instances
[2024-04-15T09:33:03.303056][INFO][seed40] Loaded model and info: /mnt/beegfs/rcabanas/dev/credici/papers/causal_flavour/models/simple_learner_10Q.uai
[2024-04-15T09:33:03.303287][INFO][seed11] Loaded 100 data instances
[2024-04-15T09:33:03.303855][INFO][seed11] Starting learning up to 1000 iterations
[2024-04-15T09:33:03.303998][INFO][seed2] Starting learning up to 1000 iterations
[2024-04-15T09:33:03.306991][INFO][seed3] Loaded 100 data instances
[2024-04-15T09:33:03.308238][INFO][seed3] Starting learning up to 1000 iterations
[2024-04-15T09:33:03.308919][INFO][seed14] Loaded 100 data instances
[2024-04-15T09:33:03.309379][INFO][seed14] Starting learning up to 1000 iterations
[2024-04-15T09:33:03.319530][INFO][seed23] Loaded 100 data instances
[2024-04-15T09:33:03.320059][INFO][seed23] Starting learning up to 1000 iterations
[2024-04-15T09:33:03.320988][INFO][seed38] Loaded 100 data instances
[2024-04-15T09:33:03.321522][INFO][seed38] Starting learning up to 1000 iterations
[2024-04-15T09:33:03.324403][INFO][seed0] Loaded 100 data instances
[2024-04-15T09:33:03.333477][INFO][seed0] Starting learning up to 1000 iterations
[2024-04-15T09:33:03.336797][INFO][seed18] Loaded model and info: /mnt/beegfs/rcabanas/dev/credici/papers/causal_flavour/models/simple_learner_10Q.uai
[2024-04-15T09:33:03.337768][INFO][seed8] Loaded 100 data instances
[2024-04-15T09:33:03.338411][INFO][seed8] Starting learning up to 1000 iterations
[2024-04-15T09:33:03.339217][INFO][seed13] Loaded model and info: /mnt/beegfs/rcabanas/dev/credici/papers/causal_flavour/models/simple_learner_10Q.uai
[2024-04-15T09:33:03.370937][INFO][seed40] Loaded 100 data instances
[2024-04-15T09:33:03.372032][INFO][seed40] Starting learning up to 1000 iterations
[2024-04-15T09:33:03.384112][INFO][seed27] Loaded model and info: /mnt/beegfs/rcabanas/dev/credici/papers/causal_flavour/models/simple_learner_10Q.uai
[2024-04-15T09:33:03.387961][INFO][seed30] Loaded model and info: /mnt/beegfs/rcabanas/dev/credici/papers/causal_flavour/models/simple_learner_10Q.uai
[2024-04-15T09:33:03.388743][INFO][seed33] Loaded model and info: /mnt/beegfs/rcabanas/dev/credici/papers/causal_flavour/models/simple_learner_10Q.uai
[2024-04-15T09:33:03.391384][INFO][seed18] Loaded 100 data instances
[2024-04-15T09:33:03.395591][INFO][seed18] Starting learning up to 1000 iterations
[2024-04-15T09:33:03.397428][INFO][seed39] Loaded model and info: /mnt/beegfs/rcabanas/dev/credici/papers/causal_flavour/models/simple_learner_10Q.uai
[2024-04-15T09:33:03.398153][INFO][seed19] Loaded model and info: /mnt/beegfs/rcabanas/dev/credici/papers/causal_flavour/models/simple_learner_10Q.uai
[2024-04-15T09:33:03.402133][INFO][seed13] Loaded 100 data instances
[2024-04-15T09:33:03.403746][INFO][seed13] Starting learning up to 1000 iterations
[2024-04-15T09:33:03.420820][INFO][seed36] Loaded model and info: /mnt/beegfs/rcabanas/dev/credici/papers/causal_flavour/models/simple_learner_10Q.uai
[2024-04-15T09:33:03.421004][INFO][seed41] Loaded model and info: /mnt/beegfs/rcabanas/dev/credici/papers/causal_flavour/models/simple_learner_10Q.uai
[2024-04-15T09:33:03.422684][INFO][seed45] Loaded model and info: /mnt/beegfs/rcabanas/dev/credici/papers/causal_flavour/models/simple_learner_10Q.uai
[2024-04-15T09:33:03.422689][INFO][seed24] Loaded model and info: /mnt/beegfs/rcabanas/dev/credici/papers/causal_flavour/models/simple_learner_10Q.uai
[2024-04-15T09:33:03.422724][INFO][seed50] Loaded model and info: /mnt/beegfs/rcabanas/dev/credici/papers/causal_flavour/models/simple_learner_10Q.uai
[2024-04-15T09:33:03.422968][INFO][seed35] Loaded model and info: /mnt/beegfs/rcabanas/dev/credici/papers/causal_flavour/models/simple_learner_10Q.uai
[2024-04-15T09:33:03.423698][INFO][seed47] Loaded model and info: /mnt/beegfs/rcabanas/dev/credici/papers/causal_flavour/models/simple_learner_10Q.uai
[2024-04-15T09:33:03.423959][INFO][seed37] Loaded model and info: /mnt/beegfs/rcabanas/dev/credici/papers/causal_flavour/models/simple_learner_10Q.uai
[2024-04-15T09:33:03.424775][INFO][seed42] Loaded model and info: /mnt/beegfs/rcabanas/dev/credici/papers/causal_flavour/models/simple_learner_10Q.uai
[2024-04-15T09:33:03.435575][INFO][seed33] Loaded 100 data instances
[2024-04-15T09:33:03.436030][INFO][seed33] Starting learning up to 1000 iterations
[2024-04-15T09:33:03.436140][INFO][seed30] Loaded 100 data instances
[2024-04-15T09:33:03.436653][INFO][seed30] Starting learning up to 1000 iterations
[2024-04-15T09:33:03.437223][INFO][seed27] Loaded 100 data instances
[2024-04-15T09:33:03.437703][INFO][seed27] Starting learning up to 1000 iterations
[2024-04-15T09:33:03.439823][INFO][seed29] Loaded model and info: /mnt/beegfs/rcabanas/dev/credici/papers/causal_flavour/models/simple_learner_10Q.uai
[2024-04-15T09:33:03.449677][INFO][seed19] Loaded 100 data instances
[2024-04-15T09:33:03.450378][INFO][seed39] Loaded 100 data instances
[2024-04-15T09:33:03.453736][INFO][seed19] Starting learning up to 1000 iterations
[2024-04-15T09:33:03.454862][INFO][seed39] Starting learning up to 1000 iterations
[2024-04-15T09:33:03.458960][INFO][seed41] Loaded 100 data instances
[2024-04-15T09:33:03.460081][INFO][seed41] Starting learning up to 1000 iterations
[2024-04-15T09:33:03.460473][INFO][seed36] Loaded 100 data instances
[2024-04-15T09:33:03.461631][INFO][seed24] Loaded 100 data instances
[2024-04-15T09:33:03.462574][INFO][seed36] Starting learning up to 1000 iterations
[2024-04-15T09:33:03.463962][INFO][seed24] Starting learning up to 1000 iterations
[2024-04-15T09:33:03.464747][INFO][seed45] Loaded 100 data instances
[2024-04-15T09:33:03.465103][INFO][seed45] Starting learning up to 1000 iterations
[2024-04-15T09:33:03.471321][INFO][seed37] Loaded 100 data instances
[2024-04-15T09:33:03.471424][INFO][seed35] Loaded 100 data instances
[2024-04-15T09:33:03.472412][INFO][seed42] Loaded 100 data instances
[2024-04-15T09:33:03.472810][INFO][seed42] Starting learning up to 1000 iterations
[2024-04-15T09:33:03.474225][INFO][seed47] Loaded 100 data instances
[2024-04-15T09:33:03.476629][INFO][seed37] Starting learning up to 1000 iterations
[2024-04-15T09:33:03.477061][INFO][seed35] Starting learning up to 1000 iterations
[2024-04-15T09:33:03.478911][INFO][seed50] Loaded 100 data instances
[2024-04-15T09:33:03.479372][INFO][seed50] Starting learning up to 1000 iterations
[2024-04-15T09:33:03.480003][INFO][seed47] Starting learning up to 1000 iterations
[2024-04-15T09:33:03.499902][INFO][seed29] Loaded 100 data instances
[2024-04-15T09:33:03.500422][INFO][seed29] Starting learning up to 1000 iterations
[2024-04-15T11:42:11.830243][INFO][seed34] Ellapsed time: 7748541.ms
[2024-04-15T11:42:11.877270][INFO][seed34] Saved model at /mnt/beegfs/rcabanas/dev/credici/papers/causal_flavour/learntmodels/miter1000/simple_learner_10Q/model_34.uai
[2024-04-15T11:42:11.877565][INFO][seed34] Closing log file
[2024-04-15T11:42:11.877688][INFO][seed34] Closed log file
['learn.py', '1000', '48']
seed=48
/mnt/beegfs/rcabanas/dev/credici
/mnt/beegfs/rcabanas/dev/credici/papers/causal_flavour
/mnt/beegfs/rcabanas/dev/credici/papers/causal_flavour/learntmodels
/mnt/beegfs/rcabanas/dev/credici/papers/causal_flavour/models
/mnt/beegfs/rcabanas/dev/credici/target/credici-0.1.5-dev-SNAPSHOT-jar-with-dependencies.jar
/mnt/beegfs/rcabanas/dev/credici/papers/causal_flavour/code/LearnCF.java
[2024-04-15T11:42:14.479413][INFO][seed48] Set up logging
[2024-04-15T11:42:14.501513][INFO][seed48] args: -m;1000;-o;/mnt/beegfs/rcabanas/dev/credici/papers/causal_flavour/learntmodels/miter1000;--data;/mnt/beegfs/rcabanas/dev/credici/papers/causal_flavour/data/simple_learner_10Q_data.csv;-rw;-s;48;/mnt/beegfs/rcabanas/dev/credici/papers/causal_flavour/models/simple_learner_10Q.uai
[2024-04-15T11:42:14.503032][INFO][seed48] Starting logger with seed 48
[2024-04-15T11:42:14.705487][INFO][seed48] Loaded model and info: /mnt/beegfs/rcabanas/dev/credici/papers/causal_flavour/models/simple_learner_10Q.uai
[2024-04-15T11:42:14.741708][INFO][seed48] Loaded 100 data instances
[2024-04-15T11:42:14.743148][INFO][seed48] Starting learning up to 1000 iterations
[2024-04-15T11:56:32.247156][INFO][seed40] Ellapsed time: 8608841.ms
[2024-04-15T11:56:32.294841][INFO][seed40] Saved model at /mnt/beegfs/rcabanas/dev/credici/papers/causal_flavour/learntmodels/miter1000/simple_learner_10Q/model_40.uai
[2024-04-15T11:56:32.295369][INFO][seed40] Closing log file
[2024-04-15T11:56:32.295518][INFO][seed40] Closed log file
[2024-04-15T11:57:39.017761][INFO][seed33] Ellapsed time: 8675564.ms
[2024-04-15T11:57:39.076365][INFO][seed33] Saved model at /mnt/beegfs/rcabanas/dev/credici/papers/causal_flavour/learntmodels/miter1000/simple_learner_10Q/model_33.uai
[2024-04-15T11:57:39.076814][INFO][seed33] Closing log file
[2024-04-15T11:57:39.076950][INFO][seed33] Closed log file
[2024-04-15T11:58:09.175166][INFO][seed42] Ellapsed time: 8705682.ms
[2024-04-15T11:58:09.255468][INFO][seed42] Saved model at /mnt/beegfs/rcabanas/dev/credici/papers/causal_flavour/learntmodels/miter1000/simple_learner_10Q/model_42.uai
[2024-04-15T11:58:09.255889][INFO][seed42] Closing log file
[2024-04-15T11:58:09.256018][INFO][seed42] Closed log file
[2024-04-15T11:59:41.488935][INFO][seed50] Ellapsed time: 8797993.ms
[2024-04-15T11:59:41.546053][INFO][seed50] Saved model at /mnt/beegfs/rcabanas/dev/credici/papers/causal_flavour/learntmodels/miter1000/simple_learner_10Q/model_50.uai
[2024-04-15T11:59:41.546300][INFO][seed50] Closing log file
[2024-04-15T11:59:41.546426][INFO][seed50] Closed log file
[2024-04-15T12:00:35.567948][INFO][seed37] Ellapsed time: 8852074.ms
[2024-04-15T12:00:35.630738][INFO][seed37] Saved model at /mnt/beegfs/rcabanas/dev/credici/papers/causal_flavour/learntmodels/miter1000/simple_learner_10Q/model_37.uai
[2024-04-15T12:00:35.631094][INFO][seed37] Closing log file
[2024-04-15T12:00:35.631225][INFO][seed37] Closed log file
[2024-04-15T12:00:36.774126][INFO][seed20] Ellapsed time: 8853432.ms
[2024-04-15T12:00:36.818162][INFO][seed20] Saved model at /mnt/beegfs/rcabanas/dev/credici/papers/causal_flavour/learntmodels/miter1000/simple_learner_10Q/model_20.uai
[2024-04-15T12:00:36.818520][INFO][seed20] Closing log file
[2024-04-15T12:00:36.818642][INFO][seed20] Closed log file
[2024-04-15T12:01:10.525691][INFO][seed49] Ellapsed time: 8887198.ms
[2024-04-15T12:01:10.571771][INFO][seed49] Saved model at /mnt/beegfs/rcabanas/dev/credici/papers/causal_flavour/learntmodels/miter1000/simple_learner_10Q/model_49.uai
[2024-04-15T12:01:10.572094][INFO][seed49] Closing log file
[2024-04-15T12:01:10.572219][INFO][seed49] Closed log file
[2024-04-15T12:03:28.922997][INFO][seed44] Ellapsed time: 9025627.ms
[2024-04-15T12:03:28.988680][INFO][seed44] Saved model at /mnt/beegfs/rcabanas/dev/credici/papers/causal_flavour/learntmodels/miter1000/simple_learner_10Q/model_44.uai
[2024-04-15T12:03:28.988913][INFO][seed44] Closing log file
[2024-04-15T12:03:28.989046][INFO][seed44] Closed log file
[2024-04-15T12:12:56.526762][INFO][seed0] Ellapsed time: 9593148.ms
[2024-04-15T12:12:56.622325][INFO][seed0] Saved model at /mnt/beegfs/rcabanas/dev/credici/papers/causal_flavour/learntmodels/miter1000/simple_learner_10Q/model_0.uai
[2024-04-15T12:12:56.622955][INFO][seed0] Closing log file
[2024-04-15T12:12:56.623098][INFO][seed0] Closed log file
[2024-04-15T12:14:32.341986][INFO][seed25] Ellapsed time: 9689138.ms
[2024-04-15T12:14:32.394729][INFO][seed25] Saved model at /mnt/beegfs/rcabanas/dev/credici/papers/causal_flavour/learntmodels/miter1000/simple_learner_10Q/model_25.uai
[2024-04-15T12:14:32.395142][INFO][seed25] Closing log file
[2024-04-15T12:14:32.395264][INFO][seed25] Closed log file
[2024-04-15T12:14:57.368150][INFO][seed16] Ellapsed time: 9714155.ms
[2024-04-15T12:14:57.432154][INFO][seed16] Saved model at /mnt/beegfs/rcabanas/dev/credici/papers/causal_flavour/learntmodels/miter1000/simple_learner_10Q/model_16.uai
[2024-04-15T12:14:57.432452][INFO][seed16] Closing log file
[2024-04-15T12:14:57.432592][INFO][seed16] Closed log file
[2024-04-15T12:15:43.453738][INFO][seed18] Ellapsed time: 9760024.ms
[2024-04-15T12:15:43.520530][INFO][seed18] Saved model at /mnt/beegfs/rcabanas/dev/credici/papers/causal_flavour/learntmodels/miter1000/simple_learner_10Q/model_18.uai
[2024-04-15T12:15:43.520804][INFO][seed18] Closing log file
[2024-04-15T12:15:43.520927][INFO][seed18] Closed log file
[2024-04-15T12:16:20.518966][INFO][seed27] Ellapsed time: 9797047.ms
[2024-04-15T12:16:20.566024][INFO][seed27] Saved model at /mnt/beegfs/rcabanas/dev/credici/papers/causal_flavour/learntmodels/miter1000/simple_learner_10Q/model_27.uai
[2024-04-15T12:16:20.566438][INFO][seed27] Closing log file
[2024-04-15T12:16:20.566581][INFO][seed27] Closed log file
[2024-04-15T12:16:29.112697][INFO][seed36] Ellapsed time: 9805613.ms
[2024-04-15T12:16:29.169917][INFO][seed36] Saved model at /mnt/beegfs/rcabanas/dev/credici/papers/causal_flavour/learntmodels/miter1000/simple_learner_10Q/model_36.uai
[2024-04-15T12:16:29.170210][INFO][seed36] Closing log file
[2024-04-15T12:16:29.170325][INFO][seed36] Closed log file
[2024-04-15T12:16:30.014389][INFO][seed41] Ellapsed time: 9806519.ms
[2024-04-15T12:16:30.059112][INFO][seed41] Saved model at /mnt/beegfs/rcabanas/dev/credici/papers/causal_flavour/learntmodels/miter1000/simple_learner_10Q/model_41.uai
[2024-04-15T12:16:30.059401][INFO][seed41] Closing log file
[2024-04-15T12:16:30.059551][INFO][seed41] Closed log file
[2024-04-15T12:17:39.948767][INFO][seed47] Ellapsed time: 9876450.ms
[2024-04-15T12:17:39.984059][INFO][seed47] Saved model at /mnt/beegfs/rcabanas/dev/credici/papers/causal_flavour/learntmodels/miter1000/simple_learner_10Q/model_47.uai
[2024-04-15T12:17:39.984327][INFO][seed47] Closing log file
[2024-04-15T12:17:39.984458][INFO][seed47] Closed log file
[2024-04-15T12:17:51.736387][INFO][seed43] Ellapsed time: 9888475.ms
[2024-04-15T12:17:51.802078][INFO][seed43] Saved model at /mnt/beegfs/rcabanas/dev/credici/papers/causal_flavour/learntmodels/miter1000/simple_learner_10Q/model_43.uai
[2024-04-15T12:17:51.802399][INFO][seed43] Closing log file
[2024-04-15T12:17:51.802523][INFO][seed43] Closed log file
[2024-04-15T12:18:08.496811][INFO][seed19] Ellapsed time: 9905032.ms
[2024-04-15T12:18:08.541610][INFO][seed19] Saved model at /mnt/beegfs/rcabanas/dev/credici/papers/causal_flavour/learntmodels/miter1000/simple_learner_10Q/model_19.uai
[2024-04-15T12:18:08.541836][INFO][seed19] Closing log file
[2024-04-15T12:18:08.541957][INFO][seed19] Closed log file
[2024-04-15T12:18:15.937286][INFO][seed31] Ellapsed time: 9912626.ms
[2024-04-15T12:18:15.976949][INFO][seed31] Saved model at /mnt/beegfs/rcabanas/dev/credici/papers/causal_flavour/learntmodels/miter1000/simple_learner_10Q/model_31.uai
[2024-04-15T12:18:15.977199][INFO][seed31] Closing log file
[2024-04-15T12:18:15.977313][INFO][seed31] Closed log file
[2024-04-15T12:18:30.866596][INFO][seed35] Ellapsed time: 9927374.ms
[2024-04-15T12:18:30.926603][INFO][seed35] Saved model at /mnt/beegfs/rcabanas/dev/credici/papers/causal_flavour/learntmodels/miter1000/simple_learner_10Q/model_35.uai
[2024-04-15T12:18:30.926841][INFO][seed35] Closing log file
[2024-04-15T12:18:30.926956][INFO][seed35] Closed log file
[2024-04-15T12:18:52.308230][INFO][seed38] Ellapsed time: 9948951.ms
[2024-04-15T12:18:52.356204][INFO][seed38] Saved model at /mnt/beegfs/rcabanas/dev/credici/papers/causal_flavour/learntmodels/miter1000/simple_learner_10Q/model_38.uai
[2024-04-15T12:18:52.356438][INFO][seed38] Closing log file
[2024-04-15T12:18:52.356571][INFO][seed38] Closed log file
[2024-04-15T12:19:11.485517][INFO][seed28] Ellapsed time: 9968252.ms
[2024-04-15T12:19:11.536664][INFO][seed28] Saved model at /mnt/beegfs/rcabanas/dev/credici/papers/causal_flavour/learntmodels/miter1000/simple_learner_10Q/model_28.uai
[2024-04-15T12:19:11.536891][INFO][seed28] Closing log file
[2024-04-15T12:19:11.537004][INFO][seed28] Closed log file
[2024-04-15T12:20:01.339443][INFO][seed39] Ellapsed time: 10017871.ms
[2024-04-15T12:20:01.384012][INFO][seed39] Saved model at /mnt/beegfs/rcabanas/dev/credici/papers/causal_flavour/learntmodels/miter1000/simple_learner_10Q/model_39.uai
[2024-04-15T12:20:01.384244][INFO][seed39] Closing log file
[2024-04-15T12:20:01.384359][INFO][seed39] Closed log file
[2024-04-15T12:24:02.971917][INFO][seed24] Ellapsed time: 10259468.ms
[2024-04-15T12:24:03.015654][INFO][seed24] Saved model at /mnt/beegfs/rcabanas/dev/credici/papers/causal_flavour/learntmodels/miter1000/simple_learner_10Q/model_24.uai
[2024-04-15T12:24:03.015879][INFO][seed24] Closing log file
[2024-04-15T12:24:03.015994][INFO][seed24] Closed log file
[2024-04-15T12:24:19.244331][INFO][seed45] Ellapsed time: 10275749.ms
[2024-04-15T12:24:19.286851][INFO][seed45] Saved model at /mnt/beegfs/rcabanas/dev/credici/papers/causal_flavour/learntmodels/miter1000/simple_learner_10Q/model_45.uai
[2024-04-15T12:24:19.287074][INFO][seed45] Closing log file
[2024-04-15T12:24:19.287194][INFO][seed45] Closed log file
[2024-04-15T12:37:42.513644][INFO][seed7] Ellapsed time: 11079371.ms
[2024-04-15T12:37:42.574805][INFO][seed7] Saved model at /mnt/beegfs/rcabanas/dev/credici/papers/causal_flavour/learntmodels/miter1000/simple_learner_10Q/model_7.uai
[2024-04-15T12:37:42.575355][INFO][seed7] Closing log file
[2024-04-15T12:37:42.575522][INFO][seed7] Closed log file
[2024-04-15T12:38:35.424016][INFO][seed9] Ellapsed time: 11132304.ms
[2024-04-15T12:38:35.476206][INFO][seed9] Saved model at /mnt/beegfs/rcabanas/dev/credici/papers/causal_flavour/learntmodels/miter1000/simple_learner_10Q/model_9.uai
[2024-04-15T12:38:35.476731][INFO][seed9] Closing log file
[2024-04-15T12:38:35.476884][INFO][seed9] Closed log file
[2024-04-15T12:38:48.314689][INFO][seed4] Ellapsed time: 11145185.ms
[2024-04-15T12:38:48.386918][INFO][seed4] Saved model at /mnt/beegfs/rcabanas/dev/credici/papers/causal_flavour/learntmodels/miter1000/simple_learner_10Q/model_4.uai
[2024-04-15T12:38:48.387487][INFO][seed4] Closing log file
[2024-04-15T12:38:48.387668][INFO][seed4] Closed log file
[2024-04-15T12:41:21.748140][INFO][seed17] Ellapsed time: 11298639.ms
[2024-04-15T12:41:21.818067][INFO][seed17] Saved model at /mnt/beegfs/rcabanas/dev/credici/papers/causal_flavour/learntmodels/miter1000/simple_learner_10Q/model_17.uai
[2024-04-15T12:41:21.818437][INFO][seed17] Closing log file
[2024-04-15T12:41:21.818572][INFO][seed17] Closed log file
[2024-04-15T12:41:48.756991][INFO][seed10] Ellapsed time: 11325548.ms
[2024-04-15T12:41:48.804312][INFO][seed10] Saved model at /mnt/beegfs/rcabanas/dev/credici/papers/causal_flavour/learntmodels/miter1000/simple_learner_10Q/model_10.uai
[2024-04-15T12:41:48.804711][INFO][seed10] Closing log file
[2024-04-15T12:41:48.804840][INFO][seed10] Closed log file
[2024-04-15T12:43:45.405739][INFO][seed15] Ellapsed time: 11442298.ms
[2024-04-15T12:43:45.473024][INFO][seed15] Saved model at /mnt/beegfs/rcabanas/dev/credici/papers/causal_flavour/learntmodels/miter1000/simple_learner_10Q/model_15.uai
[2024-04-15T12:43:45.473547][INFO][seed15] Closing log file
[2024-04-15T12:43:45.473678][INFO][seed15] Closed log file
[2024-04-15T12:45:01.687322][INFO][seed6] Ellapsed time: 11518552.ms
[2024-04-15T12:45:01.726867][INFO][seed6] Saved model at /mnt/beegfs/rcabanas/dev/credici/papers/causal_flavour/learntmodels/miter1000/simple_learner_10Q/model_6.uai
[2024-04-15T12:45:01.727071][INFO][seed6] Closing log file
[2024-04-15T12:45:01.727192][INFO][seed6] Closed log file
[2024-04-15T12:45:21.474403][INFO][seed46] Ellapsed time: 11538328.ms
[2024-04-15T12:45:21.539336][INFO][seed46] Saved model at /mnt/beegfs/rcabanas/dev/credici/papers/causal_flavour/learntmodels/miter1000/simple_learner_10Q/model_46.uai
[2024-04-15T12:45:21.539836][INFO][seed46] Closing log file
[2024-04-15T12:45:21.539973][INFO][seed46] Closed log file
[2024-04-15T12:46:25.767547][INFO][seed14] Ellapsed time: 11602442.ms
[2024-04-15T12:46:25.818890][INFO][seed14] Saved model at /mnt/beegfs/rcabanas/dev/credici/papers/causal_flavour/learntmodels/miter1000/simple_learner_10Q/model_14.uai
[2024-04-15T12:46:25.819243][INFO][seed14] Closing log file
[2024-04-15T12:46:25.819373][INFO][seed14] Closed log file
[2024-04-15T12:46:26.104647][INFO][seed29] Ellapsed time: 11602583.ms
[2024-04-15T12:46:26.173269][INFO][seed29] Saved model at /mnt/beegfs/rcabanas/dev/credici/papers/causal_flavour/learntmodels/miter1000/simple_learner_10Q/model_29.uai
[2024-04-15T12:46:26.173655][INFO][seed29] Closing log file
[2024-04-15T12:46:26.173777][INFO][seed29] Closed log file
[2024-04-15T12:46:31.749959][INFO][seed1] Ellapsed time: 11608651.ms
[2024-04-15T12:46:31.812783][INFO][seed1] Saved model at /mnt/beegfs/rcabanas/dev/credici/papers/causal_flavour/learntmodels/miter1000/simple_learner_10Q/model_1.uai
[2024-04-15T12:46:31.813064][INFO][seed1] Closing log file
[2024-04-15T12:46:31.813182][INFO][seed1] Closed log file
[2024-04-15T12:47:02.939148][INFO][seed8] Ellapsed time: 11639553.ms
[2024-04-15T12:47:03.012111][INFO][seed8] Saved model at /mnt/beegfs/rcabanas/dev/credici/papers/causal_flavour/learntmodels/miter1000/simple_learner_10Q/model_8.uai
[2024-04-15T12:47:03.012455][INFO][seed8] Closing log file
[2024-04-15T12:47:03.012612][INFO][seed8] Closed log file
[2024-04-15T12:47:06.840282][INFO][seed32] Ellapsed time: 11643587.ms
[2024-04-15T12:47:06.895995][INFO][seed32] Saved model at /mnt/beegfs/rcabanas/dev/credici/papers/causal_flavour/learntmodels/miter1000/simple_learner_10Q/model_32.uai
[2024-04-15T12:47:06.896306][INFO][seed32] Closing log file
[2024-04-15T12:47:06.896422][INFO][seed32] Closed log file
[2024-04-15T12:47:20.675259][INFO][seed12] Ellapsed time: 11657537.ms
[2024-04-15T12:47:20.723372][INFO][seed12] Saved model at /mnt/beegfs/rcabanas/dev/credici/papers/causal_flavour/learntmodels/miter1000/simple_learner_10Q/model_12.uai
[2024-04-15T12:47:20.723711][INFO][seed12] Closing log file
[2024-04-15T12:47:20.723834][INFO][seed12] Closed log file
[2024-04-15T12:47:27.802010][INFO][seed13] Ellapsed time: 11664371.ms
[2024-04-15T12:47:27.857804][INFO][seed13] Saved model at /mnt/beegfs/rcabanas/dev/credici/papers/causal_flavour/learntmodels/miter1000/simple_learner_10Q/model_13.uai
[2024-04-15T12:47:27.858139][INFO][seed13] Closing log file
[2024-04-15T12:47:27.858262][INFO][seed13] Closed log file
[2024-04-15T12:47:30.609878][INFO][seed5] Ellapsed time: 11667506.ms
[2024-04-15T12:47:30.666037][INFO][seed5] Saved model at /mnt/beegfs/rcabanas/dev/credici/papers/causal_flavour/learntmodels/miter1000/simple_learner_10Q/model_5.uai
[2024-04-15T12:47:30.666262][INFO][seed5] Closing log file
[2024-04-15T12:47:30.666381][INFO][seed5] Closed log file
[2024-04-15T12:48:50.146041][INFO][seed11] Ellapsed time: 11746821.ms
[2024-04-15T12:48:50.228478][INFO][seed11] Saved model at /mnt/beegfs/rcabanas/dev/credici/papers/causal_flavour/learntmodels/miter1000/simple_learner_10Q/model_11.uai
[2024-04-15T12:48:50.228596][INFO][seed11] Closing log file
[2024-04-15T12:48:50.228637][INFO][seed11] Closed log file
[2024-04-15T12:49:48.578875][INFO][seed26] Ellapsed time: 11805443.ms
[2024-04-15T12:49:48.628149][INFO][seed26] Saved model at /mnt/beegfs/rcabanas/dev/credici/papers/causal_flavour/learntmodels/miter1000/simple_learner_10Q/model_26.uai
[2024-04-15T12:49:48.628398][INFO][seed26] Closing log file
[2024-04-15T12:49:48.628534][INFO][seed26] Closed log file
[2024-04-15T12:50:31.719383][INFO][seed30] Ellapsed time: 11848253.ms
[2024-04-15T12:50:31.756681][INFO][seed30] Saved model at /mnt/beegfs/rcabanas/dev/credici/papers/causal_flavour/learntmodels/miter1000/simple_learner_10Q/model_30.uai
[2024-04-15T12:50:31.756958][INFO][seed30] Closing log file
[2024-04-15T12:50:31.757075][INFO][seed30] Closed log file
[2024-04-15T12:50:46.291662][INFO][seed21] Ellapsed time: 11863076.ms
[2024-04-15T12:50:46.346377][INFO][seed21] Saved model at /mnt/beegfs/rcabanas/dev/credici/papers/causal_flavour/learntmodels/miter1000/simple_learner_10Q/model_21.uai
[2024-04-15T12:50:46.346659][INFO][seed21] Closing log file
[2024-04-15T12:50:46.346776][INFO][seed21] Closed log file
[2024-04-15T12:51:24.071831][INFO][seed23] Ellapsed time: 11900725.ms
[2024-04-15T12:51:24.119708][INFO][seed23] Saved model at /mnt/beegfs/rcabanas/dev/credici/papers/causal_flavour/learntmodels/miter1000/simple_learner_10Q/model_23.uai
[2024-04-15T12:51:24.119960][INFO][seed23] Closing log file
[2024-04-15T12:51:24.120076][INFO][seed23] Closed log file
[2024-04-15T12:51:40.110413][INFO][seed2] Ellapsed time: 11916767.ms
[2024-04-15T12:51:40.147216][INFO][seed2] Saved model at /mnt/beegfs/rcabanas/dev/credici/papers/causal_flavour/learntmodels/miter1000/simple_learner_10Q/model_2.uai
[2024-04-15T12:51:40.147434][INFO][seed2] Closing log file
[2024-04-15T12:51:40.147566][INFO][seed2] Closed log file
[2024-04-15T12:51:56.382644][INFO][seed3] Ellapsed time: 11933042.ms
[2024-04-15T12:51:56.415897][INFO][seed3] Saved model at /mnt/beegfs/rcabanas/dev/credici/papers/causal_flavour/learntmodels/miter1000/simple_learner_10Q/model_3.uai
[2024-04-15T12:51:56.416077][INFO][seed3] Closing log file
[2024-04-15T12:51:56.416192][INFO][seed3] Closed log file
[2024-04-15T12:53:32.974800][INFO][seed22] Ellapsed time: 12029772.ms
[2024-04-15T12:53:33.007938][INFO][seed22] Saved model at /mnt/beegfs/rcabanas/dev/credici/papers/causal_flavour/learntmodels/miter1000/simple_learner_10Q/model_22.uai
[2024-04-15T12:53:33.008166][INFO][seed22] Closing log file
[2024-04-15T12:53:33.008279][INFO][seed22] Closed log file
[2024-04-15T13:43:18.129407][INFO][seed48] Ellapsed time: 7263375.ms
[2024-04-15T13:43:18.168475][INFO][seed48] Saved model at /mnt/beegfs/rcabanas/dev/credici/papers/causal_flavour/learntmodels/miter1000/simple_learner_10Q/model_48.uai
[2024-04-15T13:43:18.168670][INFO][seed48] Closing log file
[2024-04-15T13:43:18.168783][INFO][seed48] Closed log file
