0
500
['learn.py', '500', '34']
['learn.py', '500', '31']
seed=31
/mnt/beegfs/rcabanas/dev/credici
/mnt/beegfs/rcabanas/dev/credici/papers/causal_flavour
/mnt/beegfs/rcabanas/dev/credici/papers/causal_flavour/learntmodels
/mnt/beegfs/rcabanas/dev/credici/papers/causal_flavour/models
/mnt/beegfs/rcabanas/dev/credici/target/credici-0.1.5-dev-SNAPSHOT-jar-with-dependencies.jar
/mnt/beegfs/rcabanas/dev/credici/papers/causal_flavour/code/LearnCF.java
['learn.py', '500', '2']
['learn.py', '500', '11']
['learn.py', '500', '0']
['learn.py', '500', '18']
['learn.py', '500', '9']
['learn.py', '500', '1']
seed=34
seed=11
/mnt/beegfs/rcabanas/dev/credici
seed=2
/mnt/beegfs/rcabanas/dev/credici
/mnt/beegfs/rcabanas/dev/credici/papers/causal_flavour
/mnt/beegfs/rcabanas/dev/credici/papers/causal_flavour/learntmodels
/mnt/beegfs/rcabanas/dev/credici
/mnt/beegfs/rcabanas/dev/credici/papers/causal_flavour
/mnt/beegfs/rcabanas/dev/credici/papers/causal_flavour/models
/mnt/beegfs/rcabanas/dev/credici/papers/causal_flavour
/mnt/beegfs/rcabanas/dev/credici/papers/causal_flavour/learntmodels
/mnt/beegfs/rcabanas/dev/credici/target/credici-0.1.5-dev-SNAPSHOT-jar-with-dependencies.jar
/mnt/beegfs/rcabanas/dev/credici/papers/causal_flavour/learntmodels
/mnt/beegfs/rcabanas/dev/credici/papers/causal_flavour/models
/mnt/beegfs/rcabanas/dev/credici/papers/causal_flavour/code/LearnCF.java
/mnt/beegfs/rcabanas/dev/credici/papers/causal_flavour/models
/mnt/beegfs/rcabanas/dev/credici/target/credici-0.1.5-dev-SNAPSHOT-jar-with-dependencies.jar
seed=0
/mnt/beegfs/rcabanas/dev/credici/target/credici-0.1.5-dev-SNAPSHOT-jar-with-dependencies.jar
/mnt/beegfs/rcabanas/dev/credici/papers/causal_flavour/code/LearnCF.java
seed=18
/mnt/beegfs/rcabanas/dev/credici
seed=9
/mnt/beegfs/rcabanas/dev/credici
/mnt/beegfs/rcabanas/dev/credici/papers/causal_flavour
/mnt/beegfs/rcabanas/dev/credici/papers/causal_flavour/learntmodels
/mnt/beegfs/rcabanas/dev/credici/papers/causal_flavour/models
/mnt/beegfs/rcabanas/dev/credici/target/credici-0.1.5-dev-SNAPSHOT-jar-with-dependencies.jar
/mnt/beegfs/rcabanas/dev/credici/papers/causal_flavour/code/LearnCF.java
/mnt/beegfs/rcabanas/dev/credici
/mnt/beegfs/rcabanas/dev/credici/papers/causal_flavour
seed=1
/mnt/beegfs/rcabanas/dev/credici/papers/causal_flavour/code/LearnCF.java
/mnt/beegfs/rcabanas/dev/credici/papers/causal_flavour
/mnt/beegfs/rcabanas/dev/credici/papers/causal_flavour/learntmodels
/mnt/beegfs/rcabanas/dev/credici/papers/causal_flavour/models
/mnt/beegfs/rcabanas/dev/credici/target/credici-0.1.5-dev-SNAPSHOT-jar-with-dependencies.jar
/mnt/beegfs/rcabanas/dev/credici/papers/causal_flavour/code/LearnCF.java
/mnt/beegfs/rcabanas/dev/credici
/mnt/beegfs/rcabanas/dev/credici/papers/causal_flavour/learntmodels
/mnt/beegfs/rcabanas/dev/credici/papers/causal_flavour
/mnt/beegfs/rcabanas/dev/credici/papers/causal_flavour/models
/mnt/beegfs/rcabanas/dev/credici/target/credici-0.1.5-dev-SNAPSHOT-jar-with-dependencies.jar
/mnt/beegfs/rcabanas/dev/credici/papers/causal_flavour/learntmodels
/mnt/beegfs/rcabanas/dev/credici/papers/causal_flavour/models
/mnt/beegfs/rcabanas/dev/credici/papers/causal_flavour/code/LearnCF.java
/mnt/beegfs/rcabanas/dev/credici/target/credici-0.1.5-dev-SNAPSHOT-jar-with-dependencies.jar
/mnt/beegfs/rcabanas/dev/credici/papers/causal_flavour/code/LearnCF.java
['learn.py', '500', '43']
['learn.py', '500', '24']
seed=24
seed=43
/mnt/beegfs/rcabanas/dev/credici
/mnt/beegfs/rcabanas/dev/credici
/mnt/beegfs/rcabanas/dev/credici/papers/causal_flavour
/mnt/beegfs/rcabanas/dev/credici/papers/causal_flavour
/mnt/beegfs/rcabanas/dev/credici/papers/causal_flavour/learntmodels
/mnt/beegfs/rcabanas/dev/credici/papers/causal_flavour/learntmodels
/mnt/beegfs/rcabanas/dev/credici/papers/causal_flavour/models
/mnt/beegfs/rcabanas/dev/credici/papers/causal_flavour/models
/mnt/beegfs/rcabanas/dev/credici/target/credici-0.1.5-dev-SNAPSHOT-jar-with-dependencies.jar
/mnt/beegfs/rcabanas/dev/credici/target/credici-0.1.5-dev-SNAPSHOT-jar-with-dependencies.jar
/mnt/beegfs/rcabanas/dev/credici/papers/causal_flavour/code/LearnCF.java
/mnt/beegfs/rcabanas/dev/credici/papers/causal_flavour/code/LearnCF.java
['learn.py', '500', '36']
seed=36
/mnt/beegfs/rcabanas/dev/credici
/mnt/beegfs/rcabanas/dev/credici/papers/causal_flavour
/mnt/beegfs/rcabanas/dev/credici/papers/causal_flavour/learntmodels
/mnt/beegfs/rcabanas/dev/credici/papers/causal_flavour/models
/mnt/beegfs/rcabanas/dev/credici/target/credici-0.1.5-dev-SNAPSHOT-jar-with-dependencies.jar
/mnt/beegfs/rcabanas/dev/credici/papers/causal_flavour/code/LearnCF.java
['learn.py', '500', '32']
seed=32
/mnt/beegfs/rcabanas/dev/credici
['learn.py', '500', '30']
/mnt/beegfs/rcabanas/dev/credici/papers/causal_flavour
/mnt/beegfs/rcabanas/dev/credici/papers/causal_flavour/learntmodels
/mnt/beegfs/rcabanas/dev/credici/papers/causal_flavour/models
/mnt/beegfs/rcabanas/dev/credici/target/credici-0.1.5-dev-SNAPSHOT-jar-with-dependencies.jar
/mnt/beegfs/rcabanas/dev/credici/papers/causal_flavour/code/LearnCF.java
seed=30
/mnt/beegfs/rcabanas/dev/credici
/mnt/beegfs/rcabanas/dev/credici/papers/causal_flavour
/mnt/beegfs/rcabanas/dev/credici/papers/causal_flavour/learntmodels
/mnt/beegfs/rcabanas/dev/credici/papers/causal_flavour/models
/mnt/beegfs/rcabanas/dev/credici/target/credici-0.1.5-dev-SNAPSHOT-jar-with-dependencies.jar
/mnt/beegfs/rcabanas/dev/credici/papers/causal_flavour/code/LearnCF.java
['learn.py', '500', '37']
seed=37
/mnt/beegfs/rcabanas/dev/credici
/mnt/beegfs/rcabanas/dev/credici/papers/causal_flavour
/mnt/beegfs/rcabanas/dev/credici/papers/causal_flavour/learntmodels
/mnt/beegfs/rcabanas/dev/credici/papers/causal_flavour/models
/mnt/beegfs/rcabanas/dev/credici/target/credici-0.1.5-dev-SNAPSHOT-jar-with-dependencies.jar
/mnt/beegfs/rcabanas/dev/credici/papers/causal_flavour/code/LearnCF.java
['learn.py', '500', '49']
['learn.py', '500', '44']
seed=49
/mnt/beegfs/rcabanas/dev/credici
/mnt/beegfs/rcabanas/dev/credici/papers/causal_flavour
/mnt/beegfs/rcabanas/dev/credici/papers/causal_flavour/learntmodels
/mnt/beegfs/rcabanas/dev/credici/papers/causal_flavour/models
/mnt/beegfs/rcabanas/dev/credici/target/credici-0.1.5-dev-SNAPSHOT-jar-with-dependencies.jar
/mnt/beegfs/rcabanas/dev/credici/papers/causal_flavour/code/LearnCF.java
['learn.py', '500', '46']
seed=44
/mnt/beegfs/rcabanas/dev/credici
/mnt/beegfs/rcabanas/dev/credici/papers/causal_flavour
/mnt/beegfs/rcabanas/dev/credici/papers/causal_flavour/learntmodels
/mnt/beegfs/rcabanas/dev/credici/papers/causal_flavour/models
/mnt/beegfs/rcabanas/dev/credici/target/credici-0.1.5-dev-SNAPSHOT-jar-with-dependencies.jar
/mnt/beegfs/rcabanas/dev/credici/papers/causal_flavour/code/LearnCF.java
seed=46
/mnt/beegfs/rcabanas/dev/credici
/mnt/beegfs/rcabanas/dev/credici/papers/causal_flavour
/mnt/beegfs/rcabanas/dev/credici/papers/causal_flavour/learntmodels
/mnt/beegfs/rcabanas/dev/credici/papers/causal_flavour/models
/mnt/beegfs/rcabanas/dev/credici/target/credici-0.1.5-dev-SNAPSHOT-jar-with-dependencies.jar
/mnt/beegfs/rcabanas/dev/credici/papers/causal_flavour/code/LearnCF.java
[2024-05-17T09:29:52.575431][INFO][seed2] Set up logging
[2024-05-17T09:29:52.608684][INFO][seed2] args: -m;500;-o;/mnt/beegfs/rcabanas/dev/credici/papers/causal_flavour/learntmodels/miter500;--data;/mnt/beegfs/rcabanas/dev/credici/papers/causal_flavour/data/simple_learner_4Q_data.csv;-rw;-s;2;/mnt/beegfs/rcabanas/dev/credici/papers/causal_flavour/models/simple_learner_4Q.uai
[2024-05-17T09:29:52.610199][INFO][seed2] Starting logger with seed 2
[2024-05-17T09:29:52.753237][INFO][seed11] Set up logging
[2024-05-17T09:29:52.773843][INFO][seed11] args: -m;500;-o;/mnt/beegfs/rcabanas/dev/credici/papers/causal_flavour/learntmodels/miter500;--data;/mnt/beegfs/rcabanas/dev/credici/papers/causal_flavour/data/simple_learner_4Q_data.csv;-rw;-s;11;/mnt/beegfs/rcabanas/dev/credici/papers/causal_flavour/models/simple_learner_4Q.uai
[2024-05-17T09:29:52.778839][INFO][seed11] Starting logger with seed 11
[2024-05-17T09:29:52.833975][INFO][seed2] Loaded model and info: /mnt/beegfs/rcabanas/dev/credici/papers/causal_flavour/models/simple_learner_4Q.uai
[2024-05-17T09:29:52.881740][INFO][seed2] Loaded 100 data instances
[2024-05-17T09:29:52.882277][INFO][seed2] Starting learning up to 500 iterations
[2024-05-17T09:29:52.887878][INFO][seed31] Set up logging
[2024-05-17T09:29:52.902459][INFO][seed31] args: -m;500;-o;/mnt/beegfs/rcabanas/dev/credici/papers/causal_flavour/learntmodels/miter500;--data;/mnt/beegfs/rcabanas/dev/credici/papers/causal_flavour/data/simple_learner_4Q_data.csv;-rw;-s;31;/mnt/beegfs/rcabanas/dev/credici/papers/causal_flavour/models/simple_learner_4Q.uai
[2024-05-17T09:29:52.920445][INFO][seed31] Starting logger with seed 31
[2024-05-17T09:29:52.939096][INFO][seed34] Set up logging
[2024-05-17T09:29:52.950427][INFO][seed34] args: -m;500;-o;/mnt/beegfs/rcabanas/dev/credici/papers/causal_flavour/learntmodels/miter500;--data;/mnt/beegfs/rcabanas/dev/credici/papers/causal_flavour/data/simple_learner_4Q_data.csv;-rw;-s;34;/mnt/beegfs/rcabanas/dev/credici/papers/causal_flavour/models/simple_learner_4Q.uai
[2024-05-17T09:29:52.961210][INFO][seed34] Starting logger with seed 34
[2024-05-17T09:29:52.985365][INFO][seed0] Set up logging
[2024-05-17T09:29:53.018587][INFO][seed0] args: -m;500;-o;/mnt/beegfs/rcabanas/dev/credici/papers/causal_flavour/learntmodels/miter500;--data;/mnt/beegfs/rcabanas/dev/credici/papers/causal_flavour/data/simple_learner_4Q_data.csv;-rw;-s;0;/mnt/beegfs/rcabanas/dev/credici/papers/causal_flavour/models/simple_learner_4Q.uai
[2024-05-17T09:29:53.022271][INFO][seed0] Starting logger with seed 0
[2024-05-17T09:29:53.079533][INFO][seed11] Loaded model and info: /mnt/beegfs/rcabanas/dev/credici/papers/causal_flavour/models/simple_learner_4Q.uai
[2024-05-17T09:29:53.131049][INFO][seed11] Loaded 100 data instances
[2024-05-17T09:29:53.134729][INFO][seed11] Starting learning up to 500 iterations
[2024-05-17T09:29:53.135054][INFO][seed9] Set up logging
[2024-05-17T09:29:53.159505][INFO][seed9] args: -m;500;-o;/mnt/beegfs/rcabanas/dev/credici/papers/causal_flavour/learntmodels/miter500;--data;/mnt/beegfs/rcabanas/dev/credici/papers/causal_flavour/data/simple_learner_4Q_data.csv;-rw;-s;9;/mnt/beegfs/rcabanas/dev/credici/papers/causal_flavour/models/simple_learner_4Q.uai
[2024-05-17T09:29:53.166236][INFO][seed9] Starting logger with seed 9
[2024-05-17T09:29:53.167924][INFO][seed18] Set up logging
[2024-05-17T09:29:53.184278][INFO][seed18] args: -m;500;-o;/mnt/beegfs/rcabanas/dev/credici/papers/causal_flavour/learntmodels/miter500;--data;/mnt/beegfs/rcabanas/dev/credici/papers/causal_flavour/data/simple_learner_4Q_data.csv;-rw;-s;18;/mnt/beegfs/rcabanas/dev/credici/papers/causal_flavour/models/simple_learner_4Q.uai
[2024-05-17T09:29:53.178666][INFO][seed30] Set up logging
[2024-05-17T09:29:53.202272][INFO][seed18] Starting logger with seed 18
[2024-05-17T09:29:53.205218][INFO][seed30] args: -m;500;-o;/mnt/beegfs/rcabanas/dev/credici/papers/causal_flavour/learntmodels/miter500;--data;/mnt/beegfs/rcabanas/dev/credici/papers/causal_flavour/data/simple_learner_4Q_data.csv;-rw;-s;30;/mnt/beegfs/rcabanas/dev/credici/papers/causal_flavour/models/simple_learner_4Q.uai
[2024-05-17T09:29:53.211369][INFO][seed30] Starting logger with seed 30
[2024-05-17T09:29:53.198935][INFO][seed1] Set up logging
[2024-05-17T09:29:53.230137][INFO][seed1] args: -m;500;-o;/mnt/beegfs/rcabanas/dev/credici/papers/causal_flavour/learntmodels/miter500;--data;/mnt/beegfs/rcabanas/dev/credici/papers/causal_flavour/data/simple_learner_4Q_data.csv;-rw;-s;1;/mnt/beegfs/rcabanas/dev/credici/papers/causal_flavour/models/simple_learner_4Q.uai
[2024-05-17T09:29:53.234902][INFO][seed1] Starting logger with seed 1
[2024-05-17T09:29:53.448858][INFO][seed24] Set up logging
[2024-05-17T09:29:53.467462][INFO][seed24] args: -m;500;-o;/mnt/beegfs/rcabanas/dev/credici/papers/causal_flavour/learntmodels/miter500;--data;/mnt/beegfs/rcabanas/dev/credici/papers/causal_flavour/data/simple_learner_4Q_data.csv;-rw;-s;24;/mnt/beegfs/rcabanas/dev/credici/papers/causal_flavour/models/simple_learner_4Q.uai
[2024-05-17T09:29:53.475707][INFO][seed24] Starting logger with seed 24
[2024-05-17T09:29:53.566840][INFO][seed32] Set up logging
[2024-05-17T09:29:53.588554][INFO][seed32] args: -m;500;-o;/mnt/beegfs/rcabanas/dev/credici/papers/causal_flavour/learntmodels/miter500;--data;/mnt/beegfs/rcabanas/dev/credici/papers/causal_flavour/data/simple_learner_4Q_data.csv;-rw;-s;32;/mnt/beegfs/rcabanas/dev/credici/papers/causal_flavour/models/simple_learner_4Q.uai
[2024-05-17T09:29:53.600717][INFO][seed32] Starting logger with seed 32
[2024-05-17T09:29:53.592388][INFO][seed43] Set up logging
[2024-05-17T09:29:53.616824][INFO][seed43] args: -m;500;-o;/mnt/beegfs/rcabanas/dev/credici/papers/causal_flavour/learntmodels/miter500;--data;/mnt/beegfs/rcabanas/dev/credici/papers/causal_flavour/data/simple_learner_4Q_data.csv;-rw;-s;43;/mnt/beegfs/rcabanas/dev/credici/papers/causal_flavour/models/simple_learner_4Q.uai
[2024-05-17T09:29:53.621706][INFO][seed43] Starting logger with seed 43
[2024-05-17T09:29:53.636190][INFO][seed31] Loaded model and info: /mnt/beegfs/rcabanas/dev/credici/papers/causal_flavour/models/simple_learner_4Q.uai
[2024-05-17T09:29:53.702517][INFO][seed31] Loaded 100 data instances
[2024-05-17T09:29:53.705692][INFO][seed31] Starting learning up to 500 iterations
[2024-05-17T09:29:53.775142][INFO][seed36] Set up logging
[2024-05-17T09:29:53.801545][INFO][seed34] Loaded model and info: /mnt/beegfs/rcabanas/dev/credici/papers/causal_flavour/models/simple_learner_4Q.uai
[2024-05-17T09:29:53.799450][INFO][seed36] args: -m;500;-o;/mnt/beegfs/rcabanas/dev/credici/papers/causal_flavour/learntmodels/miter500;--data;/mnt/beegfs/rcabanas/dev/credici/papers/causal_flavour/data/simple_learner_4Q_data.csv;-rw;-s;36;/mnt/beegfs/rcabanas/dev/credici/papers/causal_flavour/models/simple_learner_4Q.uai
[2024-05-17T09:29:53.802529][INFO][seed36] Starting logger with seed 36
[2024-05-17T09:29:53.783233][INFO][seed37] Set up logging
[2024-05-17T09:29:53.815765][INFO][seed37] args: -m;500;-o;/mnt/beegfs/rcabanas/dev/credici/papers/causal_flavour/learntmodels/miter500;--data;/mnt/beegfs/rcabanas/dev/credici/papers/causal_flavour/data/simple_learner_4Q_data.csv;-rw;-s;37;/mnt/beegfs/rcabanas/dev/credici/papers/causal_flavour/models/simple_learner_4Q.uai
[2024-05-17T09:29:53.824329][INFO][seed37] Starting logger with seed 37
[2024-05-17T09:29:53.800740][INFO][seed49] Set up logging
[2024-05-17T09:29:53.826904][INFO][seed49] args: -m;500;-o;/mnt/beegfs/rcabanas/dev/credici/papers/causal_flavour/learntmodels/miter500;--data;/mnt/beegfs/rcabanas/dev/credici/papers/causal_flavour/data/simple_learner_4Q_data.csv;-rw;-s;49;/mnt/beegfs/rcabanas/dev/credici/papers/causal_flavour/models/simple_learner_4Q.uai
[2024-05-17T09:29:53.836227][INFO][seed49] Starting logger with seed 49
[2024-05-17T09:29:53.864441][INFO][seed34] Loaded 100 data instances
[2024-05-17T09:29:53.865888][INFO][seed34] Starting learning up to 500 iterations
[2024-05-17T09:29:53.928605][INFO][seed0] Loaded model and info: /mnt/beegfs/rcabanas/dev/credici/papers/causal_flavour/models/simple_learner_4Q.uai
[2024-05-17T09:29:53.983922][INFO][seed0] Loaded 100 data instances
[2024-05-17T09:29:53.984414][INFO][seed0] Starting learning up to 500 iterations
[2024-05-17T09:29:54.035351][INFO][seed30] Loaded model and info: /mnt/beegfs/rcabanas/dev/credici/papers/causal_flavour/models/simple_learner_4Q.uai
[2024-05-17T09:29:54.113356][INFO][seed30] Loaded 100 data instances
[2024-05-17T09:29:54.113879][INFO][seed30] Starting learning up to 500 iterations
[2024-05-17T09:29:54.116500][INFO][seed9] Loaded model and info: /mnt/beegfs/rcabanas/dev/credici/papers/causal_flavour/models/simple_learner_4Q.uai
[2024-05-17T09:29:54.169371][INFO][seed9] Loaded 100 data instances
[2024-05-17T09:29:54.169871][INFO][seed9] Starting learning up to 500 iterations
[2024-05-17T09:29:54.220312][INFO][seed18] Loaded model and info: /mnt/beegfs/rcabanas/dev/credici/papers/causal_flavour/models/simple_learner_4Q.uai
[2024-05-17T09:29:54.267767][INFO][seed18] Loaded 100 data instances
[2024-05-17T09:29:54.268249][INFO][seed18] Starting learning up to 500 iterations
[2024-05-17T09:29:54.251820][INFO][seed46] Set up logging
[2024-05-17T09:29:54.272187][INFO][seed46] args: -m;500;-o;/mnt/beegfs/rcabanas/dev/credici/papers/causal_flavour/learntmodels/miter500;--data;/mnt/beegfs/rcabanas/dev/credici/papers/causal_flavour/data/simple_learner_4Q_data.csv;-rw;-s;46;/mnt/beegfs/rcabanas/dev/credici/papers/causal_flavour/models/simple_learner_4Q.uai
[2024-05-17T09:29:54.276073][INFO][seed46] Starting logger with seed 46
[2024-05-17T09:29:54.300363][INFO][seed1] Loaded model and info: /mnt/beegfs/rcabanas/dev/credici/papers/causal_flavour/models/simple_learner_4Q.uai
[2024-05-17T09:29:54.306179][INFO][seed44] Set up logging
[2024-05-17T09:29:54.330217][INFO][seed44] args: -m;500;-o;/mnt/beegfs/rcabanas/dev/credici/papers/causal_flavour/learntmodels/miter500;--data;/mnt/beegfs/rcabanas/dev/credici/papers/causal_flavour/data/simple_learner_4Q_data.csv;-rw;-s;44;/mnt/beegfs/rcabanas/dev/credici/papers/causal_flavour/models/simple_learner_4Q.uai
[2024-05-17T09:29:54.341101][INFO][seed44] Starting logger with seed 44
[2024-05-17T09:29:54.346697][INFO][seed1] Loaded 100 data instances
[2024-05-17T09:29:54.347185][INFO][seed1] Starting learning up to 500 iterations
[2024-05-17T09:29:54.532271][INFO][seed24] Loaded model and info: /mnt/beegfs/rcabanas/dev/credici/papers/causal_flavour/models/simple_learner_4Q.uai
[2024-05-17T09:29:54.579172][INFO][seed24] Loaded 100 data instances
[2024-05-17T09:29:54.579669][INFO][seed24] Starting learning up to 500 iterations
[2024-05-17T09:29:54.591055][INFO][seed32] Loaded model and info: /mnt/beegfs/rcabanas/dev/credici/papers/causal_flavour/models/simple_learner_4Q.uai
[2024-05-17T09:29:54.645740][INFO][seed32] Loaded 100 data instances
[2024-05-17T09:29:54.646219][INFO][seed32] Starting learning up to 500 iterations
[2024-05-17T09:29:54.667438][INFO][seed43] Loaded model and info: /mnt/beegfs/rcabanas/dev/credici/papers/causal_flavour/models/simple_learner_4Q.uai
[2024-05-17T09:29:54.734408][INFO][seed43] Loaded 100 data instances
[2024-05-17T09:29:54.734902][INFO][seed43] Starting learning up to 500 iterations
[2024-05-17T09:29:54.785219][INFO][seed36] Loaded model and info: /mnt/beegfs/rcabanas/dev/credici/papers/causal_flavour/models/simple_learner_4Q.uai
[2024-05-17T09:29:54.790170][INFO][seed49] Loaded model and info: /mnt/beegfs/rcabanas/dev/credici/papers/causal_flavour/models/simple_learner_4Q.uai
[2024-05-17T09:29:54.806441][INFO][seed37] Loaded model and info: /mnt/beegfs/rcabanas/dev/credici/papers/causal_flavour/models/simple_learner_4Q.uai
[2024-05-17T09:29:54.833406][INFO][seed36] Loaded 100 data instances
[2024-05-17T09:29:54.833903][INFO][seed36] Starting learning up to 500 iterations
[2024-05-17T09:29:54.853169][INFO][seed49] Loaded 100 data instances
[2024-05-17T09:29:54.853707][INFO][seed49] Starting learning up to 500 iterations
[2024-05-17T09:29:54.867145][INFO][seed37] Loaded 100 data instances
[2024-05-17T09:29:54.867625][INFO][seed37] Starting learning up to 500 iterations
[2024-05-17T09:29:55.099457][INFO][seed46] Loaded model and info: /mnt/beegfs/rcabanas/dev/credici/papers/causal_flavour/models/simple_learner_4Q.uai
[2024-05-17T09:29:55.109360][INFO][seed44] Loaded model and info: /mnt/beegfs/rcabanas/dev/credici/papers/causal_flavour/models/simple_learner_4Q.uai
[2024-05-17T09:29:55.141523][INFO][seed46] Loaded 100 data instances
[2024-05-17T09:29:55.144139][INFO][seed46] Starting learning up to 500 iterations
[2024-05-17T09:29:55.149713][INFO][seed44] Loaded 100 data instances
[2024-05-17T09:29:55.152095][INFO][seed44] Starting learning up to 500 iterations
slurmstepd: error: *** JOB 89985 ON nodo08 CANCELLED AT 2024-05-17T11:30:59 ***
