150
1000
['learn.py', '1000', '193']
['learn.py', '1000', '154']
['learn.py', '1000', '195']
['learn.py', '1000', '171']
seed=171
/mnt/beegfs/rcabanas/dev/credici
/mnt/beegfs/rcabanas/dev/credici/papers/causal_flavour
/mnt/beegfs/rcabanas/dev/credici/papers/causal_flavour/learntmodels
/mnt/beegfs/rcabanas/dev/credici/papers/causal_flavour/models
/mnt/beegfs/rcabanas/dev/credici/target/credici-0.1.5-dev-SNAPSHOT-jar-with-dependencies.jar
/mnt/beegfs/rcabanas/dev/credici/papers/causal_flavour/code/LearnCF.java
['learn.py', '1000', '172']
['learn.py', '1000', '162']
['learn.py', '1000', '194']
seed=193
seed=154
seed=195
/mnt/beegfs/rcabanas/dev/credici
/mnt/beegfs/rcabanas/dev/credici
/mnt/beegfs/rcabanas/dev/credici
/mnt/beegfs/rcabanas/dev/credici/papers/causal_flavour
/mnt/beegfs/rcabanas/dev/credici/papers/causal_flavour
/mnt/beegfs/rcabanas/dev/credici/papers/causal_flavour
/mnt/beegfs/rcabanas/dev/credici/papers/causal_flavour/learntmodels
/mnt/beegfs/rcabanas/dev/credici/papers/causal_flavour/learntmodels
/mnt/beegfs/rcabanas/dev/credici/papers/causal_flavour/learntmodels
/mnt/beegfs/rcabanas/dev/credici/papers/causal_flavour/models
/mnt/beegfs/rcabanas/dev/credici/papers/causal_flavour/models
/mnt/beegfs/rcabanas/dev/credici/papers/causal_flavour/models
/mnt/beegfs/rcabanas/dev/credici/target/credici-0.1.5-dev-SNAPSHOT-jar-with-dependencies.jar
/mnt/beegfs/rcabanas/dev/credici/target/credici-0.1.5-dev-SNAPSHOT-jar-with-dependencies.jar
/mnt/beegfs/rcabanas/dev/credici/target/credici-0.1.5-dev-SNAPSHOT-jar-with-dependencies.jar
/mnt/beegfs/rcabanas/dev/credici/papers/causal_flavour/code/LearnCF.java
/mnt/beegfs/rcabanas/dev/credici/papers/causal_flavour/code/LearnCF.java
/mnt/beegfs/rcabanas/dev/credici/papers/causal_flavour/code/LearnCF.java
seed=172
/mnt/beegfs/rcabanas/dev/credici
/mnt/beegfs/rcabanas/dev/credici/papers/causal_flavour
/mnt/beegfs/rcabanas/dev/credici/papers/causal_flavour/learntmodels
/mnt/beegfs/rcabanas/dev/credici/papers/causal_flavour/models
seed=194
seed=162
/mnt/beegfs/rcabanas/dev/credici/target/credici-0.1.5-dev-SNAPSHOT-jar-with-dependencies.jar
/mnt/beegfs/rcabanas/dev/credici
/mnt/beegfs/rcabanas/dev/credici
/mnt/beegfs/rcabanas/dev/credici/papers/causal_flavour/code/LearnCF.java
['learn.py', '1000', '174']
/mnt/beegfs/rcabanas/dev/credici/papers/causal_flavour
/mnt/beegfs/rcabanas/dev/credici/papers/causal_flavour/learntmodels
/mnt/beegfs/rcabanas/dev/credici/papers/causal_flavour/models
/mnt/beegfs/rcabanas/dev/credici/papers/causal_flavour
/mnt/beegfs/rcabanas/dev/credici/target/credici-0.1.5-dev-SNAPSHOT-jar-with-dependencies.jar
/mnt/beegfs/rcabanas/dev/credici/papers/causal_flavour/learntmodels
/mnt/beegfs/rcabanas/dev/credici/papers/causal_flavour/models
/mnt/beegfs/rcabanas/dev/credici/papers/causal_flavour/code/LearnCF.java
/mnt/beegfs/rcabanas/dev/credici/target/credici-0.1.5-dev-SNAPSHOT-jar-with-dependencies.jar
/mnt/beegfs/rcabanas/dev/credici/papers/causal_flavour/code/LearnCF.java
['learn.py', '1000', '178']
seed=174
/mnt/beegfs/rcabanas/dev/credici
/mnt/beegfs/rcabanas/dev/credici/papers/causal_flavour
/mnt/beegfs/rcabanas/dev/credici/papers/causal_flavour/learntmodels
/mnt/beegfs/rcabanas/dev/credici/papers/causal_flavour/models
/mnt/beegfs/rcabanas/dev/credici/target/credici-0.1.5-dev-SNAPSHOT-jar-with-dependencies.jar
/mnt/beegfs/rcabanas/dev/credici/papers/causal_flavour/code/LearnCF.java
seed=178
/mnt/beegfs/rcabanas/dev/credici
/mnt/beegfs/rcabanas/dev/credici/papers/causal_flavour
/mnt/beegfs/rcabanas/dev/credici/papers/causal_flavour/learntmodels
/mnt/beegfs/rcabanas/dev/credici/papers/causal_flavour/models
/mnt/beegfs/rcabanas/dev/credici/target/credici-0.1.5-dev-SNAPSHOT-jar-with-dependencies.jar
/mnt/beegfs/rcabanas/dev/credici/papers/causal_flavour/code/LearnCF.java
['learn.py', '1000', '169']
['learn.py', '1000', '189']
seed=169
seed=189
/mnt/beegfs/rcabanas/dev/credici
/mnt/beegfs/rcabanas/dev/credici
/mnt/beegfs/rcabanas/dev/credici/papers/causal_flavour
/mnt/beegfs/rcabanas/dev/credici/papers/causal_flavour
/mnt/beegfs/rcabanas/dev/credici/papers/causal_flavour/learntmodels
/mnt/beegfs/rcabanas/dev/credici/papers/causal_flavour/models
/mnt/beegfs/rcabanas/dev/credici/papers/causal_flavour/learntmodels
/mnt/beegfs/rcabanas/dev/credici/target/credici-0.1.5-dev-SNAPSHOT-jar-with-dependencies.jar
/mnt/beegfs/rcabanas/dev/credici/papers/causal_flavour/models
/mnt/beegfs/rcabanas/dev/credici/papers/causal_flavour/code/LearnCF.java
/mnt/beegfs/rcabanas/dev/credici/target/credici-0.1.5-dev-SNAPSHOT-jar-with-dependencies.jar
/mnt/beegfs/rcabanas/dev/credici/papers/causal_flavour/code/LearnCF.java
['learn.py', '1000', '160']
['learn.py', '1000', '176']
seed=160
/mnt/beegfs/rcabanas/dev/credici
/mnt/beegfs/rcabanas/dev/credici/papers/causal_flavour
/mnt/beegfs/rcabanas/dev/credici/papers/causal_flavour/learntmodels
/mnt/beegfs/rcabanas/dev/credici/papers/causal_flavour/models
/mnt/beegfs/rcabanas/dev/credici/target/credici-0.1.5-dev-SNAPSHOT-jar-with-dependencies.jar
/mnt/beegfs/rcabanas/dev/credici/papers/causal_flavour/code/LearnCF.java
seed=176
/mnt/beegfs/rcabanas/dev/credici
/mnt/beegfs/rcabanas/dev/credici/papers/causal_flavour
/mnt/beegfs/rcabanas/dev/credici/papers/causal_flavour/learntmodels
/mnt/beegfs/rcabanas/dev/credici/papers/causal_flavour/models
/mnt/beegfs/rcabanas/dev/credici/target/credici-0.1.5-dev-SNAPSHOT-jar-with-dependencies.jar
/mnt/beegfs/rcabanas/dev/credici/papers/causal_flavour/code/LearnCF.java
['learn.py', '1000', '186']
seed=186
/mnt/beegfs/rcabanas/dev/credici
/mnt/beegfs/rcabanas/dev/credici/papers/causal_flavour
/mnt/beegfs/rcabanas/dev/credici/papers/causal_flavour/learntmodels
/mnt/beegfs/rcabanas/dev/credici/papers/causal_flavour/models
/mnt/beegfs/rcabanas/dev/credici/target/credici-0.1.5-dev-SNAPSHOT-jar-with-dependencies.jar
/mnt/beegfs/rcabanas/dev/credici/papers/causal_flavour/code/LearnCF.java
['learn.py', '1000', '158']
['learn.py', '1000', '192']
['learn.py', '1000', '177']
seed=158
/mnt/beegfs/rcabanas/dev/credici
/mnt/beegfs/rcabanas/dev/credici/papers/causal_flavour
/mnt/beegfs/rcabanas/dev/credici/papers/causal_flavour/learntmodels
/mnt/beegfs/rcabanas/dev/credici/papers/causal_flavour/models
['learn.py', '1000', '185']
/mnt/beegfs/rcabanas/dev/credici/target/credici-0.1.5-dev-SNAPSHOT-jar-with-dependencies.jar
/mnt/beegfs/rcabanas/dev/credici/papers/causal_flavour/code/LearnCF.java
seed=192
seed=177
/mnt/beegfs/rcabanas/dev/credici
/mnt/beegfs/rcabanas/dev/credici
/mnt/beegfs/rcabanas/dev/credici/papers/causal_flavour
/mnt/beegfs/rcabanas/dev/credici/papers/causal_flavour
/mnt/beegfs/rcabanas/dev/credici/papers/causal_flavour/learntmodels
/mnt/beegfs/rcabanas/dev/credici/papers/causal_flavour/learntmodels
/mnt/beegfs/rcabanas/dev/credici/papers/causal_flavour/models
/mnt/beegfs/rcabanas/dev/credici/papers/causal_flavour/models
/mnt/beegfs/rcabanas/dev/credici/target/credici-0.1.5-dev-SNAPSHOT-jar-with-dependencies.jar
/mnt/beegfs/rcabanas/dev/credici/target/credici-0.1.5-dev-SNAPSHOT-jar-with-dependencies.jar
/mnt/beegfs/rcabanas/dev/credici/papers/causal_flavour/code/LearnCF.java
/mnt/beegfs/rcabanas/dev/credici/papers/causal_flavour/code/LearnCF.java
seed=185
/mnt/beegfs/rcabanas/dev/credici
/mnt/beegfs/rcabanas/dev/credici/papers/causal_flavour
/mnt/beegfs/rcabanas/dev/credici/papers/causal_flavour/learntmodels
/mnt/beegfs/rcabanas/dev/credici/papers/causal_flavour/models
/mnt/beegfs/rcabanas/dev/credici/target/credici-0.1.5-dev-SNAPSHOT-jar-with-dependencies.jar
/mnt/beegfs/rcabanas/dev/credici/papers/causal_flavour/code/LearnCF.java
['learn.py', '1000', '155']
['learn.py', '1000', '151']
seed=155
seed=151
/mnt/beegfs/rcabanas/dev/credici
/mnt/beegfs/rcabanas/dev/credici
/mnt/beegfs/rcabanas/dev/credici/papers/causal_flavour
/mnt/beegfs/rcabanas/dev/credici/papers/causal_flavour
/mnt/beegfs/rcabanas/dev/credici/papers/causal_flavour/learntmodels
/mnt/beegfs/rcabanas/dev/credici/papers/causal_flavour/learntmodels
/mnt/beegfs/rcabanas/dev/credici/papers/causal_flavour/models
/mnt/beegfs/rcabanas/dev/credici/target/credici-0.1.5-dev-SNAPSHOT-jar-with-dependencies.jar
/mnt/beegfs/rcabanas/dev/credici/papers/causal_flavour/code/LearnCF.java
/mnt/beegfs/rcabanas/dev/credici/papers/causal_flavour/models
/mnt/beegfs/rcabanas/dev/credici/target/credici-0.1.5-dev-SNAPSHOT-jar-with-dependencies.jar
/mnt/beegfs/rcabanas/dev/credici/papers/causal_flavour/code/LearnCF.java
['learn.py', '1000', '152']
['learn.py', '1000', '175']
['learn.py', '1000', '183']
seed=152
seed=175
/mnt/beegfs/rcabanas/dev/credici
/mnt/beegfs/rcabanas/dev/credici/papers/causal_flavour
/mnt/beegfs/rcabanas/dev/credici
/mnt/beegfs/rcabanas/dev/credici/papers/causal_flavour
/mnt/beegfs/rcabanas/dev/credici/papers/causal_flavour/learntmodels
/mnt/beegfs/rcabanas/dev/credici/papers/causal_flavour/models
/mnt/beegfs/rcabanas/dev/credici/target/credici-0.1.5-dev-SNAPSHOT-jar-with-dependencies.jar
/mnt/beegfs/rcabanas/dev/credici/papers/causal_flavour/learntmodels
/mnt/beegfs/rcabanas/dev/credici/papers/causal_flavour/models
/mnt/beegfs/rcabanas/dev/credici/target/credici-0.1.5-dev-SNAPSHOT-jar-with-dependencies.jar
/mnt/beegfs/rcabanas/dev/credici/papers/causal_flavour/code/LearnCF.java
/mnt/beegfs/rcabanas/dev/credici/papers/causal_flavour/code/LearnCF.java
['learn.py', '1000', '167']
['learn.py', '1000', '179']
['learn.py', '1000', '168']
['learn.py', '1000', '199']
['learn.py', '1000', '196']
seed=183
/mnt/beegfs/rcabanas/dev/credici
/mnt/beegfs/rcabanas/dev/credici/papers/causal_flavour
/mnt/beegfs/rcabanas/dev/credici/papers/causal_flavour/learntmodels
/mnt/beegfs/rcabanas/dev/credici/papers/causal_flavour/models
/mnt/beegfs/rcabanas/dev/credici/target/credici-0.1.5-dev-SNAPSHOT-jar-with-dependencies.jar
/mnt/beegfs/rcabanas/dev/credici/papers/causal_flavour/code/LearnCF.java
['learn.py', '1000', '157']
seed=167
/mnt/beegfs/rcabanas/dev/credici
/mnt/beegfs/rcabanas/dev/credici/papers/causal_flavour
/mnt/beegfs/rcabanas/dev/credici/papers/causal_flavour/learntmodels
/mnt/beegfs/rcabanas/dev/credici/papers/causal_flavour/models
/mnt/beegfs/rcabanas/dev/credici/target/credici-0.1.5-dev-SNAPSHOT-jar-with-dependencies.jar
['learn.py', '1000', '164']
/mnt/beegfs/rcabanas/dev/credici/papers/causal_flavour/code/LearnCF.java
seed=179
/mnt/beegfs/rcabanas/dev/credici
/mnt/beegfs/rcabanas/dev/credici/papers/causal_flavour
/mnt/beegfs/rcabanas/dev/credici/papers/causal_flavour/learntmodels
/mnt/beegfs/rcabanas/dev/credici/papers/causal_flavour/models
/mnt/beegfs/rcabanas/dev/credici/target/credici-0.1.5-dev-SNAPSHOT-jar-with-dependencies.jar
seed=168
/mnt/beegfs/rcabanas/dev/credici
/mnt/beegfs/rcabanas/dev/credici/papers/causal_flavour
/mnt/beegfs/rcabanas/dev/credici/papers/causal_flavour/learntmodels
/mnt/beegfs/rcabanas/dev/credici/papers/causal_flavour/models
/mnt/beegfs/rcabanas/dev/credici/target/credici-0.1.5-dev-SNAPSHOT-jar-with-dependencies.jar
/mnt/beegfs/rcabanas/dev/credici/papers/causal_flavour/code/LearnCF.java
/mnt/beegfs/rcabanas/dev/credici/papers/causal_flavour/code/LearnCF.java
['learn.py', '1000', '200']
seed=199
/mnt/beegfs/rcabanas/dev/credici
/mnt/beegfs/rcabanas/dev/credici/papers/causal_flavour
/mnt/beegfs/rcabanas/dev/credici/papers/causal_flavour/learntmodels
/mnt/beegfs/rcabanas/dev/credici/papers/causal_flavour/models
/mnt/beegfs/rcabanas/dev/credici/target/credici-0.1.5-dev-SNAPSHOT-jar-with-dependencies.jar
/mnt/beegfs/rcabanas/dev/credici/papers/causal_flavour/code/LearnCF.java
['learn.py', '1000', '190']
['learn.py', '1000', '161']
['learn.py', '1000', '170']
['learn.py', '1000', '188']
seed=196
/mnt/beegfs/rcabanas/dev/credici
/mnt/beegfs/rcabanas/dev/credici/papers/causal_flavour
/mnt/beegfs/rcabanas/dev/credici/papers/causal_flavour/learntmodels
/mnt/beegfs/rcabanas/dev/credici/papers/causal_flavour/models
/mnt/beegfs/rcabanas/dev/credici/target/credici-0.1.5-dev-SNAPSHOT-jar-with-dependencies.jar
/mnt/beegfs/rcabanas/dev/credici/papers/causal_flavour/code/LearnCF.java
['learn.py', '1000', '156']
['learn.py', '1000', '153']
['learn.py', '1000', '191']
['learn.py', '1000', '180']
seed=157
/mnt/beegfs/rcabanas/dev/credici
/mnt/beegfs/rcabanas/dev/credici/papers/causal_flavour
/mnt/beegfs/rcabanas/dev/credici/papers/causal_flavour/learntmodels
/mnt/beegfs/rcabanas/dev/credici/papers/causal_flavour/models
/mnt/beegfs/rcabanas/dev/credici/target/credici-0.1.5-dev-SNAPSHOT-jar-with-dependencies.jar
/mnt/beegfs/rcabanas/dev/credici/papers/causal_flavour/code/LearnCF.java
seed=164
/mnt/beegfs/rcabanas/dev/credici
/mnt/beegfs/rcabanas/dev/credici/papers/causal_flavour
/mnt/beegfs/rcabanas/dev/credici/papers/causal_flavour/learntmodels
/mnt/beegfs/rcabanas/dev/credici/papers/causal_flavour/models
/mnt/beegfs/rcabanas/dev/credici/target/credici-0.1.5-dev-SNAPSHOT-jar-with-dependencies.jar
/mnt/beegfs/rcabanas/dev/credici/papers/causal_flavour/code/LearnCF.java
seed=200
/mnt/beegfs/rcabanas/dev/credici
/mnt/beegfs/rcabanas/dev/credici/papers/causal_flavour
/mnt/beegfs/rcabanas/dev/credici/papers/causal_flavour/learntmodels
/mnt/beegfs/rcabanas/dev/credici/papers/causal_flavour/models
/mnt/beegfs/rcabanas/dev/credici/target/credici-0.1.5-dev-SNAPSHOT-jar-with-dependencies.jar
/mnt/beegfs/rcabanas/dev/credici/papers/causal_flavour/code/LearnCF.java
seed=190
seed=161
/mnt/beegfs/rcabanas/dev/credici
/mnt/beegfs/rcabanas/dev/credici/papers/causal_flavour
/mnt/beegfs/rcabanas/dev/credici/papers/causal_flavour/learntmodels
/mnt/beegfs/rcabanas/dev/credici/papers/causal_flavour/models
/mnt/beegfs/rcabanas/dev/credici/target/credici-0.1.5-dev-SNAPSHOT-jar-with-dependencies.jar
/mnt/beegfs/rcabanas/dev/credici/papers/causal_flavour/code/LearnCF.java
['learn.py', '1000', '182']
/mnt/beegfs/rcabanas/dev/credici
/mnt/beegfs/rcabanas/dev/credici/papers/causal_flavour
/mnt/beegfs/rcabanas/dev/credici/papers/causal_flavour/learntmodels
/mnt/beegfs/rcabanas/dev/credici/papers/causal_flavour/models
/mnt/beegfs/rcabanas/dev/credici/target/credici-0.1.5-dev-SNAPSHOT-jar-with-dependencies.jar
/mnt/beegfs/rcabanas/dev/credici/papers/causal_flavour/code/LearnCF.java
seed=170
/mnt/beegfs/rcabanas/dev/credici
seed=188
seed=156
/mnt/beegfs/rcabanas/dev/credici
['learn.py', '1000', '198']
seed=153
seed=191
/mnt/beegfs/rcabanas/dev/credici
/mnt/beegfs/rcabanas/dev/credici/papers/causal_flavour
/mnt/beegfs/rcabanas/dev/credici/papers/causal_flavour/learntmodels
/mnt/beegfs/rcabanas/dev/credici/papers/causal_flavour/models
/mnt/beegfs/rcabanas/dev/credici/target/credici-0.1.5-dev-SNAPSHOT-jar-with-dependencies.jar
/mnt/beegfs/rcabanas/dev/credici/papers/causal_flavour/code/LearnCF.java
/mnt/beegfs/rcabanas/dev/credici/papers/causal_flavour
/mnt/beegfs/rcabanas/dev/credici/papers/causal_flavour/learntmodels
seed=180
/mnt/beegfs/rcabanas/dev/credici
/mnt/beegfs/rcabanas/dev/credici/papers/causal_flavour
/mnt/beegfs/rcabanas/dev/credici/papers/causal_flavour/learntmodels
/mnt/beegfs/rcabanas/dev/credici/papers/causal_flavour/models
/mnt/beegfs/rcabanas/dev/credici/target/credici-0.1.5-dev-SNAPSHOT-jar-with-dependencies.jar
/mnt/beegfs/rcabanas/dev/credici/papers/causal_flavour/code/LearnCF.java
/mnt/beegfs/rcabanas/dev/credici
/mnt/beegfs/rcabanas/dev/credici/papers/causal_flavour
/mnt/beegfs/rcabanas/dev/credici
/mnt/beegfs/rcabanas/dev/credici/papers/causal_flavour/models
/mnt/beegfs/rcabanas/dev/credici/papers/causal_flavour
/mnt/beegfs/rcabanas/dev/credici/papers/causal_flavour/learntmodels
/mnt/beegfs/rcabanas/dev/credici/papers/causal_flavour
/mnt/beegfs/rcabanas/dev/credici/target/credici-0.1.5-dev-SNAPSHOT-jar-with-dependencies.jar
/mnt/beegfs/rcabanas/dev/credici/papers/causal_flavour/learntmodels
/mnt/beegfs/rcabanas/dev/credici/papers/causal_flavour/models
/mnt/beegfs/rcabanas/dev/credici/papers/causal_flavour/learntmodels
/mnt/beegfs/rcabanas/dev/credici/papers/causal_flavour/models
/mnt/beegfs/rcabanas/dev/credici/target/credici-0.1.5-dev-SNAPSHOT-jar-with-dependencies.jar
/mnt/beegfs/rcabanas/dev/credici/papers/causal_flavour/code/LearnCF.java
/mnt/beegfs/rcabanas/dev/credici/papers/causal_flavour/code/LearnCF.java
/mnt/beegfs/rcabanas/dev/credici/papers/causal_flavour/models
/mnt/beegfs/rcabanas/dev/credici/target/credici-0.1.5-dev-SNAPSHOT-jar-with-dependencies.jar
/mnt/beegfs/rcabanas/dev/credici/target/credici-0.1.5-dev-SNAPSHOT-jar-with-dependencies.jar
/mnt/beegfs/rcabanas/dev/credici/papers/causal_flavour/code/LearnCF.java
/mnt/beegfs/rcabanas/dev/credici/papers/causal_flavour/code/LearnCF.java
seed=182
/mnt/beegfs/rcabanas/dev/credici
/mnt/beegfs/rcabanas/dev/credici/papers/causal_flavour
/mnt/beegfs/rcabanas/dev/credici/papers/causal_flavour/learntmodels
/mnt/beegfs/rcabanas/dev/credici/papers/causal_flavour/models
/mnt/beegfs/rcabanas/dev/credici/target/credici-0.1.5-dev-SNAPSHOT-jar-with-dependencies.jar
/mnt/beegfs/rcabanas/dev/credici/papers/causal_flavour/code/LearnCF.java
seed=198
/mnt/beegfs/rcabanas/dev/credici
/mnt/beegfs/rcabanas/dev/credici/papers/causal_flavour
/mnt/beegfs/rcabanas/dev/credici/papers/causal_flavour/learntmodels
/mnt/beegfs/rcabanas/dev/credici/papers/causal_flavour/models
/mnt/beegfs/rcabanas/dev/credici/target/credici-0.1.5-dev-SNAPSHOT-jar-with-dependencies.jar
/mnt/beegfs/rcabanas/dev/credici/papers/causal_flavour/code/LearnCF.java
['learn.py', '1000', '184']
['learn.py', '1000', '163']
['learn.py', '1000', '181']
['learn.py', '1000', '173']
['learn.py', '1000', '166']
seed=184
/mnt/beegfs/rcabanas/dev/credici
/mnt/beegfs/rcabanas/dev/credici/papers/causal_flavour
/mnt/beegfs/rcabanas/dev/credici/papers/causal_flavour/learntmodels
/mnt/beegfs/rcabanas/dev/credici/papers/causal_flavour/models
/mnt/beegfs/rcabanas/dev/credici/target/credici-0.1.5-dev-SNAPSHOT-jar-with-dependencies.jar
/mnt/beegfs/rcabanas/dev/credici/papers/causal_flavour/code/LearnCF.java
seed=163
/mnt/beegfs/rcabanas/dev/credici
/mnt/beegfs/rcabanas/dev/credici/papers/causal_flavour
['learn.py', '1000', '197']
['learn.py', '1000', '187']
/mnt/beegfs/rcabanas/dev/credici/papers/causal_flavour/learntmodels
/mnt/beegfs/rcabanas/dev/credici/papers/causal_flavour/models
/mnt/beegfs/rcabanas/dev/credici/target/credici-0.1.5-dev-SNAPSHOT-jar-with-dependencies.jar
/mnt/beegfs/rcabanas/dev/credici/papers/causal_flavour/code/LearnCF.java
['learn.py', '1000', '159']
['learn.py', '1000', '165']
seed=181
/mnt/beegfs/rcabanas/dev/credici
/mnt/beegfs/rcabanas/dev/credici/papers/causal_flavour
/mnt/beegfs/rcabanas/dev/credici/papers/causal_flavour/learntmodels
/mnt/beegfs/rcabanas/dev/credici/papers/causal_flavour/models
/mnt/beegfs/rcabanas/dev/credici/target/credici-0.1.5-dev-SNAPSHOT-jar-with-dependencies.jar
/mnt/beegfs/rcabanas/dev/credici/papers/causal_flavour/code/LearnCF.java
seed=173
/mnt/beegfs/rcabanas/dev/credici
/mnt/beegfs/rcabanas/dev/credici/papers/causal_flavour
/mnt/beegfs/rcabanas/dev/credici/papers/causal_flavour/learntmodels
/mnt/beegfs/rcabanas/dev/credici/papers/causal_flavour/models
/mnt/beegfs/rcabanas/dev/credici/target/credici-0.1.5-dev-SNAPSHOT-jar-with-dependencies.jar
/mnt/beegfs/rcabanas/dev/credici/papers/causal_flavour/code/LearnCF.java
seed=166
/mnt/beegfs/rcabanas/dev/credici
/mnt/beegfs/rcabanas/dev/credici/papers/causal_flavour
/mnt/beegfs/rcabanas/dev/credici/papers/causal_flavour/learntmodels
/mnt/beegfs/rcabanas/dev/credici/papers/causal_flavour/models
/mnt/beegfs/rcabanas/dev/credici/target/credici-0.1.5-dev-SNAPSHOT-jar-with-dependencies.jar
/mnt/beegfs/rcabanas/dev/credici/papers/causal_flavour/code/LearnCF.java
seed=197
/mnt/beegfs/rcabanas/dev/credici
/mnt/beegfs/rcabanas/dev/credici/papers/causal_flavour
/mnt/beegfs/rcabanas/dev/credici/papers/causal_flavour/learntmodels
/mnt/beegfs/rcabanas/dev/credici/papers/causal_flavour/models
/mnt/beegfs/rcabanas/dev/credici/target/credici-0.1.5-dev-SNAPSHOT-jar-with-dependencies.jar
/mnt/beegfs/rcabanas/dev/credici/papers/causal_flavour/code/LearnCF.java
seed=187
/mnt/beegfs/rcabanas/dev/credici
/mnt/beegfs/rcabanas/dev/credici/papers/causal_flavour
/mnt/beegfs/rcabanas/dev/credici/papers/causal_flavour/learntmodels
/mnt/beegfs/rcabanas/dev/credici/papers/causal_flavour/models
/mnt/beegfs/rcabanas/dev/credici/target/credici-0.1.5-dev-SNAPSHOT-jar-with-dependencies.jar
/mnt/beegfs/rcabanas/dev/credici/papers/causal_flavour/code/LearnCF.java
seed=159
/mnt/beegfs/rcabanas/dev/credici
/mnt/beegfs/rcabanas/dev/credici/papers/causal_flavour
/mnt/beegfs/rcabanas/dev/credici/papers/causal_flavour/learntmodels
/mnt/beegfs/rcabanas/dev/credici/papers/causal_flavour/models
/mnt/beegfs/rcabanas/dev/credici/target/credici-0.1.5-dev-SNAPSHOT-jar-with-dependencies.jar
/mnt/beegfs/rcabanas/dev/credici/papers/causal_flavour/code/LearnCF.java
seed=165
/mnt/beegfs/rcabanas/dev/credici
/mnt/beegfs/rcabanas/dev/credici/papers/causal_flavour
/mnt/beegfs/rcabanas/dev/credici/papers/causal_flavour/learntmodels
/mnt/beegfs/rcabanas/dev/credici/papers/causal_flavour/models
/mnt/beegfs/rcabanas/dev/credici/target/credici-0.1.5-dev-SNAPSHOT-jar-with-dependencies.jar
/mnt/beegfs/rcabanas/dev/credici/papers/causal_flavour/code/LearnCF.java
[2024-04-15T09:30:21.798502][INFO][seed154] Set up logging
[2024-04-15T09:30:21.813660][INFO][seed154] args: -m;1000;-o;/mnt/beegfs/rcabanas/dev/credici/papers/causal_flavour/learntmodels/miter1000;--data;/mnt/beegfs/rcabanas/dev/credici/papers/causal_flavour/data/simple_learner_10Q_data.csv;-s;154;/mnt/beegfs/rcabanas/dev/credici/papers/causal_flavour/models/simple_learner_10Q.uai
[2024-04-15T09:30:21.828873][INFO][seed154] Starting logger with seed 154
[2024-04-15T09:30:21.834337][SEVERE][seed154] Not rewriting. File exits: /mnt/beegfs/rcabanas/dev/credici/papers/causal_flavour/learntmodels/miter1000/simple_learner_10Q/model_154.uai
[2024-04-15T09:30:21.834463][SEVERE][seed154] java.lang.IllegalStateException: Not rewriting. File exits: /mnt/beegfs/rcabanas/dev/credici/papers/causal_flavour/learntmodels/miter1000/simple_learner_10Q/model_154.uai
[2024-04-15T09:30:21.834504][INFO][seed154] Closing log file
[2024-04-15T09:30:21.834537][INFO][seed154] Closed log file
[2024-04-15T09:30:21.825410][INFO][seed171] Set up logging
[2024-04-15T09:30:21.839904][INFO][seed171] args: -m;1000;-o;/mnt/beegfs/rcabanas/dev/credici/papers/causal_flavour/learntmodels/miter1000;--data;/mnt/beegfs/rcabanas/dev/credici/papers/causal_flavour/data/simple_learner_10Q_data.csv;-s;171;/mnt/beegfs/rcabanas/dev/credici/papers/causal_flavour/models/simple_learner_10Q.uai
[2024-04-15T09:30:21.851483][INFO][seed171] Starting logger with seed 171
[2024-04-15T09:30:21.855732][SEVERE][seed171] Not rewriting. File exits: /mnt/beegfs/rcabanas/dev/credici/papers/causal_flavour/learntmodels/miter1000/simple_learner_10Q/model_171.uai
[2024-04-15T09:30:21.855982][SEVERE][seed171] java.lang.IllegalStateException: Not rewriting. File exits: /mnt/beegfs/rcabanas/dev/credici/papers/causal_flavour/learntmodels/miter1000/simple_learner_10Q/model_171.uai
[2024-04-15T09:30:21.856090][INFO][seed171] Closing log file
[2024-04-15T09:30:21.856193][INFO][seed171] Closed log file
[2024-04-15T09:30:21.836457][INFO][seed193] Set up logging
[2024-04-15T09:30:21.870890][INFO][seed193] args: -m;1000;-o;/mnt/beegfs/rcabanas/dev/credici/papers/causal_flavour/learntmodels/miter1000;--data;/mnt/beegfs/rcabanas/dev/credici/papers/causal_flavour/data/simple_learner_10Q_data.csv;-s;193;/mnt/beegfs/rcabanas/dev/credici/papers/causal_flavour/models/simple_learner_10Q.uai
[2024-04-15T09:30:21.863626][INFO][seed178] Set up logging
[2024-04-15T09:30:21.876917][INFO][seed178] args: -m;1000;-o;/mnt/beegfs/rcabanas/dev/credici/papers/causal_flavour/learntmodels/miter1000;--data;/mnt/beegfs/rcabanas/dev/credici/papers/causal_flavour/data/simple_learner_10Q_data.csv;-s;178;/mnt/beegfs/rcabanas/dev/credici/papers/causal_flavour/models/simple_learner_10Q.uai
[2024-04-15T09:30:21.881615][INFO][seed193] Starting logger with seed 193
[2024-04-15T09:30:21.884137][SEVERE][seed193] Not rewriting. File exits: /mnt/beegfs/rcabanas/dev/credici/papers/causal_flavour/learntmodels/miter1000/simple_learner_10Q/model_193.uai
[2024-04-15T09:30:21.884302][SEVERE][seed193] java.lang.IllegalStateException: Not rewriting. File exits: /mnt/beegfs/rcabanas/dev/credici/papers/causal_flavour/learntmodels/miter1000/simple_learner_10Q/model_193.uai
[2024-04-15T09:30:21.884411][INFO][seed193] Closing log file
[2024-04-15T09:30:21.884513][INFO][seed193] Closed log file
[2024-04-15T09:30:21.890170][INFO][seed178] Starting logger with seed 178
[2024-04-15T09:30:21.892435][SEVERE][seed178] Not rewriting. File exits: /mnt/beegfs/rcabanas/dev/credici/papers/causal_flavour/learntmodels/miter1000/simple_learner_10Q/model_178.uai
[2024-04-15T09:30:21.892544][SEVERE][seed178] java.lang.IllegalStateException: Not rewriting. File exits: /mnt/beegfs/rcabanas/dev/credici/papers/causal_flavour/learntmodels/miter1000/simple_learner_10Q/model_178.uai
[2024-04-15T09:30:21.892584][INFO][seed178] Closing log file
[2024-04-15T09:30:21.892630][INFO][seed178] Closed log file
[2024-04-15T09:30:21.869570][INFO][seed172] Set up logging
[2024-04-15T09:30:21.902739][INFO][seed172] args: -m;1000;-o;/mnt/beegfs/rcabanas/dev/credici/papers/causal_flavour/learntmodels/miter1000;--data;/mnt/beegfs/rcabanas/dev/credici/papers/causal_flavour/data/simple_learner_10Q_data.csv;-s;172;/mnt/beegfs/rcabanas/dev/credici/papers/causal_flavour/models/simple_learner_10Q.uai
[2024-04-15T09:30:21.908294][INFO][seed172] Starting logger with seed 172
[2024-04-15T09:30:21.912072][SEVERE][seed172] Not rewriting. File exits: /mnt/beegfs/rcabanas/dev/credici/papers/causal_flavour/learntmodels/miter1000/simple_learner_10Q/model_172.uai
[2024-04-15T09:30:21.912333][SEVERE][seed172] java.lang.IllegalStateException: Not rewriting. File exits: /mnt/beegfs/rcabanas/dev/credici/papers/causal_flavour/learntmodels/miter1000/simple_learner_10Q/model_172.uai
[2024-04-15T09:30:21.912441][INFO][seed172] Closing log file
[2024-04-15T09:30:21.912550][INFO][seed172] Closed log file
[2024-04-15T09:30:21.925753][INFO][seed195] Set up logging
[2024-04-15T09:30:21.959802][INFO][seed195] args: -m;1000;-o;/mnt/beegfs/rcabanas/dev/credici/papers/causal_flavour/learntmodels/miter1000;--data;/mnt/beegfs/rcabanas/dev/credici/papers/causal_flavour/data/simple_learner_10Q_data.csv;-s;195;/mnt/beegfs/rcabanas/dev/credici/papers/causal_flavour/models/simple_learner_10Q.uai
[2024-04-15T09:30:21.937953][INFO][seed189] Set up logging
[2024-04-15T09:30:21.965080][INFO][seed195] Starting logger with seed 195
[2024-04-15T09:30:21.943489][INFO][seed162] Set up logging
[2024-04-15T09:30:21.965454][INFO][seed189] args: -m;1000;-o;/mnt/beegfs/rcabanas/dev/credici/papers/causal_flavour/learntmodels/miter1000;--data;/mnt/beegfs/rcabanas/dev/credici/papers/causal_flavour/data/simple_learner_10Q_data.csv;-s;189;/mnt/beegfs/rcabanas/dev/credici/papers/causal_flavour/models/simple_learner_10Q.uai
[2024-04-15T09:30:21.968802][SEVERE][seed195] Not rewriting. File exits: /mnt/beegfs/rcabanas/dev/credici/papers/causal_flavour/learntmodels/miter1000/simple_learner_10Q/model_195.uai
[2024-04-15T09:30:21.969896][INFO][seed162] args: -m;1000;-o;/mnt/beegfs/rcabanas/dev/credici/papers/causal_flavour/learntmodels/miter1000;--data;/mnt/beegfs/rcabanas/dev/credici/papers/causal_flavour/data/simple_learner_10Q_data.csv;-s;162;/mnt/beegfs/rcabanas/dev/credici/papers/causal_flavour/models/simple_learner_10Q.uai
[2024-04-15T09:30:21.969035][SEVERE][seed195] java.lang.IllegalStateException: Not rewriting. File exits: /mnt/beegfs/rcabanas/dev/credici/papers/causal_flavour/learntmodels/miter1000/simple_learner_10Q/model_195.uai
[2024-04-15T09:30:21.969141][INFO][seed195] Closing log file
[2024-04-15T09:30:21.969240][INFO][seed195] Closed log file
[2024-04-15T09:30:21.973260][INFO][seed162] Starting logger with seed 162
[2024-04-15T09:30:21.946466][INFO][seed169] Set up logging
[2024-04-15T09:30:21.974568][INFO][seed169] args: -m;1000;-o;/mnt/beegfs/rcabanas/dev/credici/papers/causal_flavour/learntmodels/miter1000;--data;/mnt/beegfs/rcabanas/dev/credici/papers/causal_flavour/data/simple_learner_10Q_data.csv;-s;169;/mnt/beegfs/rcabanas/dev/credici/papers/causal_flavour/models/simple_learner_10Q.uai
[2024-04-15T09:30:21.975948][INFO][seed189] Starting logger with seed 189
[2024-04-15T09:30:21.977467][SEVERE][seed162] Not rewriting. File exits: /mnt/beegfs/rcabanas/dev/credici/papers/causal_flavour/learntmodels/miter1000/simple_learner_10Q/model_162.uai
[2024-04-15T09:30:21.979539][SEVERE][seed189] Not rewriting. File exits: /mnt/beegfs/rcabanas/dev/credici/papers/causal_flavour/learntmodels/miter1000/simple_learner_10Q/model_189.uai
[2024-04-15T09:30:21.979759][SEVERE][seed189] java.lang.IllegalStateException: Not rewriting. File exits: /mnt/beegfs/rcabanas/dev/credici/papers/causal_flavour/learntmodels/miter1000/simple_learner_10Q/model_189.uai
[2024-04-15T09:30:21.977759][SEVERE][seed162] java.lang.IllegalStateException: Not rewriting. File exits: /mnt/beegfs/rcabanas/dev/credici/papers/causal_flavour/learntmodels/miter1000/simple_learner_10Q/model_162.uai
[2024-04-15T09:30:21.977867][INFO][seed162] Closing log file
[2024-04-15T09:30:21.977983][INFO][seed162] Closed log file
[2024-04-15T09:30:21.979862][INFO][seed189] Closing log file
[2024-04-15T09:30:21.984666][INFO][seed169] Starting logger with seed 169
[2024-04-15T09:30:21.979967][INFO][seed189] Closed log file
[2024-04-15T09:30:21.988541][SEVERE][seed169] Not rewriting. File exits: /mnt/beegfs/rcabanas/dev/credici/papers/causal_flavour/learntmodels/miter1000/simple_learner_10Q/model_169.uai
[2024-04-15T09:30:21.988839][SEVERE][seed169] java.lang.IllegalStateException: Not rewriting. File exits: /mnt/beegfs/rcabanas/dev/credici/papers/causal_flavour/learntmodels/miter1000/simple_learner_10Q/model_169.uai
[2024-04-15T09:30:21.988957][INFO][seed169] Closing log file
[2024-04-15T09:30:21.989053][INFO][seed169] Closed log file
[2024-04-15T09:30:22.046934][INFO][seed194] Set up logging
[2024-04-15T09:30:22.080225][INFO][seed194] args: -m;1000;-o;/mnt/beegfs/rcabanas/dev/credici/papers/causal_flavour/learntmodels/miter1000;--data;/mnt/beegfs/rcabanas/dev/credici/papers/causal_flavour/data/simple_learner_10Q_data.csv;-s;194;/mnt/beegfs/rcabanas/dev/credici/papers/causal_flavour/models/simple_learner_10Q.uai
[2024-04-15T09:30:22.084791][INFO][seed194] Starting logger with seed 194
[2024-04-15T09:30:22.088022][SEVERE][seed194] Not rewriting. File exits: /mnt/beegfs/rcabanas/dev/credici/papers/causal_flavour/learntmodels/miter1000/simple_learner_10Q/model_194.uai
[2024-04-15T09:30:22.088174][SEVERE][seed194] java.lang.IllegalStateException: Not rewriting. File exits: /mnt/beegfs/rcabanas/dev/credici/papers/causal_flavour/learntmodels/miter1000/simple_learner_10Q/model_194.uai
[2024-04-15T09:30:22.088277][INFO][seed194] Closing log file
[2024-04-15T09:30:22.077663][INFO][seed160] Set up logging
[2024-04-15T09:30:22.088372][INFO][seed194] Closed log file
[2024-04-15T09:30:22.092907][INFO][seed160] args: -m;1000;-o;/mnt/beegfs/rcabanas/dev/credici/papers/causal_flavour/learntmodels/miter1000;--data;/mnt/beegfs/rcabanas/dev/credici/papers/causal_flavour/data/simple_learner_10Q_data.csv;-s;160;/mnt/beegfs/rcabanas/dev/credici/papers/causal_flavour/models/simple_learner_10Q.uai
[2024-04-15T09:30:22.079542][INFO][seed186] Set up logging
[2024-04-15T09:30:22.113695][INFO][seed186] args: -m;1000;-o;/mnt/beegfs/rcabanas/dev/credici/papers/causal_flavour/learntmodels/miter1000;--data;/mnt/beegfs/rcabanas/dev/credici/papers/causal_flavour/data/simple_learner_10Q_data.csv;-s;186;/mnt/beegfs/rcabanas/dev/credici/papers/causal_flavour/models/simple_learner_10Q.uai
[2024-04-15T09:30:22.111065][INFO][seed160] Starting logger with seed 160
[2024-04-15T09:30:22.112968][SEVERE][seed160] Not rewriting. File exits: /mnt/beegfs/rcabanas/dev/credici/papers/causal_flavour/learntmodels/miter1000/simple_learner_10Q/model_160.uai
[2024-04-15T09:30:22.113051][SEVERE][seed160] java.lang.IllegalStateException: Not rewriting. File exits: /mnt/beegfs/rcabanas/dev/credici/papers/causal_flavour/learntmodels/miter1000/simple_learner_10Q/model_160.uai
[2024-04-15T09:30:22.113089][INFO][seed160] Closing log file
[2024-04-15T09:30:22.113119][INFO][seed160] Closed log file
[2024-04-15T09:30:22.090748][INFO][seed174] Set up logging
[2024-04-15T09:30:22.122174][INFO][seed186] Starting logger with seed 186
[2024-04-15T09:30:22.125664][SEVERE][seed186] Not rewriting. File exits: /mnt/beegfs/rcabanas/dev/credici/papers/causal_flavour/learntmodels/miter1000/simple_learner_10Q/model_186.uai
[2024-04-15T09:30:22.125857][SEVERE][seed186] java.lang.IllegalStateException: Not rewriting. File exits: /mnt/beegfs/rcabanas/dev/credici/papers/causal_flavour/learntmodels/miter1000/simple_learner_10Q/model_186.uai
[2024-04-15T09:30:22.120554][INFO][seed174] args: -m;1000;-o;/mnt/beegfs/rcabanas/dev/credici/papers/causal_flavour/learntmodels/miter1000;--data;/mnt/beegfs/rcabanas/dev/credici/papers/causal_flavour/data/simple_learner_10Q_data.csv;-s;174;/mnt/beegfs/rcabanas/dev/credici/papers/causal_flavour/models/simple_learner_10Q.uai
[2024-04-15T09:30:22.125971][INFO][seed186] Closing log file
[2024-04-15T09:30:22.126066][INFO][seed186] Closed log file
[2024-04-15T09:30:22.127106][INFO][seed174] Starting logger with seed 174
[2024-04-15T09:30:22.130163][SEVERE][seed174] Not rewriting. File exits: /mnt/beegfs/rcabanas/dev/credici/papers/causal_flavour/learntmodels/miter1000/simple_learner_10Q/model_174.uai
[2024-04-15T09:30:22.130302][SEVERE][seed174] java.lang.IllegalStateException: Not rewriting. File exits: /mnt/beegfs/rcabanas/dev/credici/papers/causal_flavour/learntmodels/miter1000/simple_learner_10Q/model_174.uai
[2024-04-15T09:30:22.130694][INFO][seed177] Set up logging
[2024-04-15T09:30:22.130402][INFO][seed174] Closing log file
[2024-04-15T09:30:22.142210][INFO][seed177] args: -m;1000;-o;/mnt/beegfs/rcabanas/dev/credici/papers/causal_flavour/learntmodels/miter1000;--data;/mnt/beegfs/rcabanas/dev/credici/papers/causal_flavour/data/simple_learner_10Q_data.csv;-s;177;/mnt/beegfs/rcabanas/dev/credici/papers/causal_flavour/models/simple_learner_10Q.uai
[2024-04-15T09:30:22.130496][INFO][seed174] Closed log file
[2024-04-15T09:30:22.150686][INFO][seed177] Starting logger with seed 177
[2024-04-15T09:30:22.154833][SEVERE][seed177] Not rewriting. File exits: /mnt/beegfs/rcabanas/dev/credici/papers/causal_flavour/learntmodels/miter1000/simple_learner_10Q/model_177.uai
[2024-04-15T09:30:22.155053][SEVERE][seed177] java.lang.IllegalStateException: Not rewriting. File exits: /mnt/beegfs/rcabanas/dev/credici/papers/causal_flavour/learntmodels/miter1000/simple_learner_10Q/model_177.uai
[2024-04-15T09:30:22.155157][INFO][seed177] Closing log file
[2024-04-15T09:30:22.155256][INFO][seed177] Closed log file
[2024-04-15T09:30:22.147708][INFO][seed155] Set up logging
[2024-04-15T09:30:22.175507][INFO][seed155] args: -m;1000;-o;/mnt/beegfs/rcabanas/dev/credici/papers/causal_flavour/learntmodels/miter1000;--data;/mnt/beegfs/rcabanas/dev/credici/papers/causal_flavour/data/simple_learner_10Q_data.csv;-s;155;/mnt/beegfs/rcabanas/dev/credici/papers/causal_flavour/models/simple_learner_10Q.uai
[2024-04-15T09:30:22.180491][INFO][seed155] Starting logger with seed 155
[2024-04-15T09:30:22.165697][INFO][seed176] Set up logging
[2024-04-15T09:30:22.182624][SEVERE][seed155] Not rewriting. File exits: /mnt/beegfs/rcabanas/dev/credici/papers/causal_flavour/learntmodels/miter1000/simple_learner_10Q/model_155.uai
[2024-04-15T09:30:22.182001][INFO][seed176] args: -m;1000;-o;/mnt/beegfs/rcabanas/dev/credici/papers/causal_flavour/learntmodels/miter1000;--data;/mnt/beegfs/rcabanas/dev/credici/papers/causal_flavour/data/simple_learner_10Q_data.csv;-s;176;/mnt/beegfs/rcabanas/dev/credici/papers/causal_flavour/models/simple_learner_10Q.uai
[2024-04-15T09:30:22.183614][SEVERE][seed155] java.lang.IllegalStateException: Not rewriting. File exits: /mnt/beegfs/rcabanas/dev/credici/papers/causal_flavour/learntmodels/miter1000/simple_learner_10Q/model_155.uai
[2024-04-15T09:30:22.189461][INFO][seed176] Starting logger with seed 176
[2024-04-15T09:30:22.183731][INFO][seed155] Closing log file
[2024-04-15T09:30:22.191325][SEVERE][seed176] Not rewriting. File exits: /mnt/beegfs/rcabanas/dev/credici/papers/causal_flavour/learntmodels/miter1000/simple_learner_10Q/model_176.uai
[2024-04-15T09:30:22.183829][INFO][seed155] Closed log file
[2024-04-15T09:30:22.191656][SEVERE][seed176] java.lang.IllegalStateException: Not rewriting. File exits: /mnt/beegfs/rcabanas/dev/credici/papers/causal_flavour/learntmodels/miter1000/simple_learner_10Q/model_176.uai
[2024-04-15T09:30:22.191757][INFO][seed176] Closing log file
[2024-04-15T09:30:22.191855][INFO][seed176] Closed log file
[2024-04-15T09:30:22.199875][INFO][seed158] Set up logging
[2024-04-15T09:30:22.219096][INFO][seed158] args: -m;1000;-o;/mnt/beegfs/rcabanas/dev/credici/papers/causal_flavour/learntmodels/miter1000;--data;/mnt/beegfs/rcabanas/dev/credici/papers/causal_flavour/data/simple_learner_10Q_data.csv;-s;158;/mnt/beegfs/rcabanas/dev/credici/papers/causal_flavour/models/simple_learner_10Q.uai
[2024-04-15T09:30:22.224851][INFO][seed158] Starting logger with seed 158
[2024-04-15T09:30:22.226965][SEVERE][seed158] Not rewriting. File exits: /mnt/beegfs/rcabanas/dev/credici/papers/causal_flavour/learntmodels/miter1000/simple_learner_10Q/model_158.uai
[2024-04-15T09:30:22.228084][SEVERE][seed158] java.lang.IllegalStateException: Not rewriting. File exits: /mnt/beegfs/rcabanas/dev/credici/papers/causal_flavour/learntmodels/miter1000/simple_learner_10Q/model_158.uai
[2024-04-15T09:30:22.228188][INFO][seed158] Closing log file
[2024-04-15T09:30:22.228285][INFO][seed158] Closed log file
[2024-04-15T09:30:22.275052][INFO][seed196] Set up logging
[2024-04-15T09:30:22.301421][INFO][seed196] args: -m;1000;-o;/mnt/beegfs/rcabanas/dev/credici/papers/causal_flavour/learntmodels/miter1000;--data;/mnt/beegfs/rcabanas/dev/credici/papers/causal_flavour/data/simple_learner_10Q_data.csv;-s;196;/mnt/beegfs/rcabanas/dev/credici/papers/causal_flavour/models/simple_learner_10Q.uai
[2024-04-15T09:30:22.279960][INFO][seed151] Set up logging
[2024-04-15T09:30:22.304983][INFO][seed151] args: -m;1000;-o;/mnt/beegfs/rcabanas/dev/credici/papers/causal_flavour/learntmodels/miter1000;--data;/mnt/beegfs/rcabanas/dev/credici/papers/causal_flavour/data/simple_learner_10Q_data.csv;-s;151;/mnt/beegfs/rcabanas/dev/credici/papers/causal_flavour/models/simple_learner_10Q.uai
[2024-04-15T09:30:22.309118][INFO][seed196] Starting logger with seed 196
[2024-04-15T09:30:22.312460][SEVERE][seed196] Not rewriting. File exits: /mnt/beegfs/rcabanas/dev/credici/papers/causal_flavour/learntmodels/miter1000/simple_learner_10Q/model_196.uai
[2024-04-15T09:30:22.312704][SEVERE][seed196] java.lang.IllegalStateException: Not rewriting. File exits: /mnt/beegfs/rcabanas/dev/credici/papers/causal_flavour/learntmodels/miter1000/simple_learner_10Q/model_196.uai
[2024-04-15T09:30:22.312804][INFO][seed196] Closing log file
[2024-04-15T09:30:22.312907][INFO][seed196] Closed log file
[2024-04-15T09:30:22.315202][INFO][seed151] Starting logger with seed 151
[2024-04-15T09:30:22.318490][SEVERE][seed151] Not rewriting. File exits: /mnt/beegfs/rcabanas/dev/credici/papers/causal_flavour/learntmodels/miter1000/simple_learner_10Q/model_151.uai
[2024-04-15T09:30:22.318689][SEVERE][seed151] java.lang.IllegalStateException: Not rewriting. File exits: /mnt/beegfs/rcabanas/dev/credici/papers/causal_flavour/learntmodels/miter1000/simple_learner_10Q/model_151.uai
[2024-04-15T09:30:22.318793][INFO][seed151] Closing log file
[2024-04-15T09:30:22.291728][INFO][seed192] Set up logging
[2024-04-15T09:30:22.318895][INFO][seed151] Closed log file
[2024-04-15T09:30:22.321017][INFO][seed192] args: -m;1000;-o;/mnt/beegfs/rcabanas/dev/credici/papers/causal_flavour/learntmodels/miter1000;--data;/mnt/beegfs/rcabanas/dev/credici/papers/causal_flavour/data/simple_learner_10Q_data.csv;-s;192;/mnt/beegfs/rcabanas/dev/credici/papers/causal_flavour/models/simple_learner_10Q.uai
[2024-04-15T09:30:22.305763][INFO][seed175] Set up logging
[2024-04-15T09:30:22.325061][INFO][seed192] Starting logger with seed 192
[2024-04-15T09:30:22.328127][SEVERE][seed192] Not rewriting. File exits: /mnt/beegfs/rcabanas/dev/credici/papers/causal_flavour/learntmodels/miter1000/simple_learner_10Q/model_192.uai
[2024-04-15T09:30:22.328293][SEVERE][seed192] java.lang.IllegalStateException: Not rewriting. File exits: /mnt/beegfs/rcabanas/dev/credici/papers/causal_flavour/learntmodels/miter1000/simple_learner_10Q/model_192.uai
[2024-04-15T09:30:22.328399][INFO][seed192] Closing log file
[2024-04-15T09:30:22.328492][INFO][seed192] Closed log file
[2024-04-15T09:30:22.329227][INFO][seed175] args: -m;1000;-o;/mnt/beegfs/rcabanas/dev/credici/papers/causal_flavour/learntmodels/miter1000;--data;/mnt/beegfs/rcabanas/dev/credici/papers/causal_flavour/data/simple_learner_10Q_data.csv;-s;175;/mnt/beegfs/rcabanas/dev/credici/papers/causal_flavour/models/simple_learner_10Q.uai
[2024-04-15T09:30:22.334515][INFO][seed175] Starting logger with seed 175
[2024-04-15T09:30:22.336225][SEVERE][seed175] Not rewriting. File exits: /mnt/beegfs/rcabanas/dev/credici/papers/causal_flavour/learntmodels/miter1000/simple_learner_10Q/model_175.uai
[2024-04-15T09:30:22.336297][SEVERE][seed175] java.lang.IllegalStateException: Not rewriting. File exits: /mnt/beegfs/rcabanas/dev/credici/papers/causal_flavour/learntmodels/miter1000/simple_learner_10Q/model_175.uai
[2024-04-15T09:30:22.336339][INFO][seed175] Closing log file
[2024-04-15T09:30:22.336373][INFO][seed175] Closed log file
[2024-04-15T09:30:22.317641][INFO][seed199] Set up logging
[2024-04-15T09:30:22.321548][INFO][seed152] Set up logging
[2024-04-15T09:30:22.347188][INFO][seed152] args: -m;1000;-o;/mnt/beegfs/rcabanas/dev/credici/papers/causal_flavour/learntmodels/miter1000;--data;/mnt/beegfs/rcabanas/dev/credici/papers/causal_flavour/data/simple_learner_10Q_data.csv;-s;152;/mnt/beegfs/rcabanas/dev/credici/papers/causal_flavour/models/simple_learner_10Q.uai
[2024-04-15T09:30:22.335286][INFO][seed199] args: -m;1000;-o;/mnt/beegfs/rcabanas/dev/credici/papers/causal_flavour/learntmodels/miter1000;--data;/mnt/beegfs/rcabanas/dev/credici/papers/causal_flavour/data/simple_learner_10Q_data.csv;-s;199;/mnt/beegfs/rcabanas/dev/credici/papers/causal_flavour/models/simple_learner_10Q.uai
[2024-04-15T09:30:22.349635][INFO][seed152] Starting logger with seed 152
[2024-04-15T09:30:22.341226][INFO][seed199] Starting logger with seed 199
[2024-04-15T09:30:22.343043][SEVERE][seed199] Not rewriting. File exits: /mnt/beegfs/rcabanas/dev/credici/papers/causal_flavour/learntmodels/miter1000/simple_learner_10Q/model_199.uai
[2024-04-15T09:30:22.353431][SEVERE][seed152] Not rewriting. File exits: /mnt/beegfs/rcabanas/dev/credici/papers/causal_flavour/learntmodels/miter1000/simple_learner_10Q/model_152.uai
[2024-04-15T09:30:22.353614][SEVERE][seed152] java.lang.IllegalStateException: Not rewriting. File exits: /mnt/beegfs/rcabanas/dev/credici/papers/causal_flavour/learntmodels/miter1000/simple_learner_10Q/model_152.uai
[2024-04-15T09:30:22.353716][INFO][seed152] Closing log file
[2024-04-15T09:30:22.353812][INFO][seed152] Closed log file
[2024-04-15T09:30:22.343177][SEVERE][seed199] java.lang.IllegalStateException: Not rewriting. File exits: /mnt/beegfs/rcabanas/dev/credici/papers/causal_flavour/learntmodels/miter1000/simple_learner_10Q/model_199.uai
[2024-04-15T09:30:22.343277][INFO][seed199] Closing log file
[2024-04-15T09:30:22.343381][INFO][seed199] Closed log file
[2024-04-15T09:30:22.333640][INFO][seed153] Set up logging
[2024-04-15T09:30:22.355931][INFO][seed153] args: -m;1000;-o;/mnt/beegfs/rcabanas/dev/credici/papers/causal_flavour/learntmodels/miter1000;--data;/mnt/beegfs/rcabanas/dev/credici/papers/causal_flavour/data/simple_learner_10Q_data.csv;-s;153;/mnt/beegfs/rcabanas/dev/credici/papers/causal_flavour/models/simple_learner_10Q.uai
[2024-04-15T09:30:22.360223][INFO][seed153] Starting logger with seed 153
[2024-04-15T09:30:22.363478][SEVERE][seed153] Not rewriting. File exits: /mnt/beegfs/rcabanas/dev/credici/papers/causal_flavour/learntmodels/miter1000/simple_learner_10Q/model_153.uai
[2024-04-15T09:30:22.363678][SEVERE][seed153] java.lang.IllegalStateException: Not rewriting. File exits: /mnt/beegfs/rcabanas/dev/credici/papers/causal_flavour/learntmodels/miter1000/simple_learner_10Q/model_153.uai
[2024-04-15T09:30:22.363781][INFO][seed153] Closing log file
[2024-04-15T09:30:22.363876][INFO][seed153] Closed log file
[2024-04-15T09:30:22.348385][INFO][seed185] Set up logging
[2024-04-15T09:30:22.373061][INFO][seed185] args: -m;1000;-o;/mnt/beegfs/rcabanas/dev/credici/papers/causal_flavour/learntmodels/miter1000;--data;/mnt/beegfs/rcabanas/dev/credici/papers/causal_flavour/data/simple_learner_10Q_data.csv;-s;185;/mnt/beegfs/rcabanas/dev/credici/papers/causal_flavour/models/simple_learner_10Q.uai
[2024-04-15T09:30:22.375900][INFO][seed185] Starting logger with seed 185
[2024-04-15T09:30:22.379186][SEVERE][seed185] Not rewriting. File exits: /mnt/beegfs/rcabanas/dev/credici/papers/causal_flavour/learntmodels/miter1000/simple_learner_10Q/model_185.uai
[2024-04-15T09:30:22.379349][SEVERE][seed185] java.lang.IllegalStateException: Not rewriting. File exits: /mnt/beegfs/rcabanas/dev/credici/papers/causal_flavour/learntmodels/miter1000/simple_learner_10Q/model_185.uai
[2024-04-15T09:30:22.379461][INFO][seed185] Closing log file
[2024-04-15T09:30:22.379561][INFO][seed185] Closed log file
[2024-04-15T09:30:22.353905][INFO][seed180] Set up logging
[2024-04-15T09:30:22.350148][INFO][seed170] Set up logging
[2024-04-15T09:30:22.350292][INFO][seed183] Set up logging
[2024-04-15T09:30:22.381822][INFO][seed180] args: -m;1000;-o;/mnt/beegfs/rcabanas/dev/credici/papers/causal_flavour/learntmodels/miter1000;--data;/mnt/beegfs/rcabanas/dev/credici/papers/causal_flavour/data/simple_learner_10Q_data.csv;-s;180;/mnt/beegfs/rcabanas/dev/credici/papers/causal_flavour/models/simple_learner_10Q.uai
[2024-04-15T09:30:22.382986][INFO][seed170] args: -m;1000;-o;/mnt/beegfs/rcabanas/dev/credici/papers/causal_flavour/learntmodels/miter1000;--data;/mnt/beegfs/rcabanas/dev/credici/papers/causal_flavour/data/simple_learner_10Q_data.csv;-s;170;/mnt/beegfs/rcabanas/dev/credici/papers/causal_flavour/models/simple_learner_10Q.uai
[2024-04-15T09:30:22.382062][INFO][seed183] args: -m;1000;-o;/mnt/beegfs/rcabanas/dev/credici/papers/causal_flavour/learntmodels/miter1000;--data;/mnt/beegfs/rcabanas/dev/credici/papers/causal_flavour/data/simple_learner_10Q_data.csv;-s;183;/mnt/beegfs/rcabanas/dev/credici/papers/causal_flavour/models/simple_learner_10Q.uai
[2024-04-15T09:30:22.362762][INFO][seed167] Set up logging
[2024-04-15T09:30:22.384979][INFO][seed170] Starting logger with seed 170
[2024-04-15T09:30:22.363169][INFO][seed190] Set up logging
[2024-04-15T09:30:22.384300][INFO][seed183] Starting logger with seed 183
[2024-04-15T09:30:22.387515][SEVERE][seed183] Not rewriting. File exits: /mnt/beegfs/rcabanas/dev/credici/papers/causal_flavour/learntmodels/miter1000/simple_learner_10Q/model_183.uai
[2024-04-15T09:30:22.387751][SEVERE][seed183] java.lang.IllegalStateException: Not rewriting. File exits: /mnt/beegfs/rcabanas/dev/credici/papers/causal_flavour/learntmodels/miter1000/simple_learner_10Q/model_183.uai
[2024-04-15T09:30:22.387855][INFO][seed183] Closing log file
[2024-04-15T09:30:22.387988][INFO][seed183] Closed log file
[2024-04-15T09:30:22.365045][INFO][seed156] Set up logging
[2024-04-15T09:30:22.387640][INFO][seed180] Starting logger with seed 180
[2024-04-15T09:30:22.387309][INFO][seed167] args: -m;1000;-o;/mnt/beegfs/rcabanas/dev/credici/papers/causal_flavour/learntmodels/miter1000;--data;/mnt/beegfs/rcabanas/dev/credici/papers/causal_flavour/data/simple_learner_10Q_data.csv;-s;167;/mnt/beegfs/rcabanas/dev/credici/papers/causal_flavour/models/simple_learner_10Q.uai
[2024-04-15T09:30:22.389680][SEVERE][seed170] Not rewriting. File exits: /mnt/beegfs/rcabanas/dev/credici/papers/causal_flavour/learntmodels/miter1000/simple_learner_10Q/model_170.uai
[2024-04-15T09:30:22.364407][INFO][seed188] Set up logging
[2024-04-15T09:30:22.390023][INFO][seed190] args: -m;1000;-o;/mnt/beegfs/rcabanas/dev/credici/papers/causal_flavour/learntmodels/miter1000;--data;/mnt/beegfs/rcabanas/dev/credici/papers/causal_flavour/data/simple_learner_10Q_data.csv;-s;190;/mnt/beegfs/rcabanas/dev/credici/papers/causal_flavour/models/simple_learner_10Q.uai
[2024-04-15T09:30:22.393035][INFO][seed190] Starting logger with seed 190
[2024-04-15T09:30:22.396973][SEVERE][seed190] Not rewriting. File exits: /mnt/beegfs/rcabanas/dev/credici/papers/causal_flavour/learntmodels/miter1000/simple_learner_10Q/model_190.uai
[2024-04-15T09:30:22.397216][SEVERE][seed190] java.lang.IllegalStateException: Not rewriting. File exits: /mnt/beegfs/rcabanas/dev/credici/papers/causal_flavour/learntmodels/miter1000/simple_learner_10Q/model_190.uai
[2024-04-15T09:30:22.397316][INFO][seed190] Closing log file
[2024-04-15T09:30:22.397411][INFO][seed190] Closed log file
[2024-04-15T09:30:22.387958][INFO][seed156] args: -m;1000;-o;/mnt/beegfs/rcabanas/dev/credici/papers/causal_flavour/learntmodels/miter1000;--data;/mnt/beegfs/rcabanas/dev/credici/papers/causal_flavour/data/simple_learner_10Q_data.csv;-s;156;/mnt/beegfs/rcabanas/dev/credici/papers/causal_flavour/models/simple_learner_10Q.uai
[2024-04-15T09:30:22.391086][SEVERE][seed180] Not rewriting. File exits: /mnt/beegfs/rcabanas/dev/credici/papers/causal_flavour/learntmodels/miter1000/simple_learner_10Q/model_180.uai
[2024-04-15T09:30:22.389735][INFO][seed167] Starting logger with seed 167
[2024-04-15T09:30:22.389944][SEVERE][seed170] java.lang.IllegalStateException: Not rewriting. File exits: /mnt/beegfs/rcabanas/dev/credici/papers/causal_flavour/learntmodels/miter1000/simple_learner_10Q/model_170.uai
[2024-04-15T09:30:22.390280][INFO][seed188] args: -m;1000;-o;/mnt/beegfs/rcabanas/dev/credici/papers/causal_flavour/learntmodels/miter1000;--data;/mnt/beegfs/rcabanas/dev/credici/papers/causal_flavour/data/simple_learner_10Q_data.csv;-s;188;/mnt/beegfs/rcabanas/dev/credici/papers/causal_flavour/models/simple_learner_10Q.uai
[2024-04-15T09:30:22.376301][INFO][seed179] Set up logging
[2024-04-15T09:30:22.377514][INFO][seed157] Set up logging
[2024-04-15T09:30:22.392190][INFO][seed156] Starting logger with seed 156
[2024-04-15T09:30:22.395706][SEVERE][seed156] Not rewriting. File exits: /mnt/beegfs/rcabanas/dev/credici/papers/causal_flavour/learntmodels/miter1000/simple_learner_10Q/model_156.uai
[2024-04-15T09:30:22.391346][SEVERE][seed180] java.lang.IllegalStateException: Not rewriting. File exits: /mnt/beegfs/rcabanas/dev/credici/papers/causal_flavour/learntmodels/miter1000/simple_learner_10Q/model_180.uai
[2024-04-15T09:30:22.393727][SEVERE][seed167] Not rewriting. File exits: /mnt/beegfs/rcabanas/dev/credici/papers/causal_flavour/learntmodels/miter1000/simple_learner_10Q/model_167.uai
[2024-04-15T09:30:22.390057][INFO][seed170] Closing log file
[2024-04-15T09:30:22.392399][INFO][seed188] Starting logger with seed 188
[2024-04-15T09:30:22.401514][INFO][seed179] args: -m;1000;-o;/mnt/beegfs/rcabanas/dev/credici/papers/causal_flavour/learntmodels/miter1000;--data;/mnt/beegfs/rcabanas/dev/credici/papers/causal_flavour/data/simple_learner_10Q_data.csv;-s;179;/mnt/beegfs/rcabanas/dev/credici/papers/causal_flavour/models/simple_learner_10Q.uai
[2024-04-15T09:30:22.404574][INFO][seed157] args: -m;1000;-o;/mnt/beegfs/rcabanas/dev/credici/papers/causal_flavour/learntmodels/miter1000;--data;/mnt/beegfs/rcabanas/dev/credici/papers/causal_flavour/data/simple_learner_10Q_data.csv;-s;157;/mnt/beegfs/rcabanas/dev/credici/papers/causal_flavour/models/simple_learner_10Q.uai
[2024-04-15T09:30:22.395920][SEVERE][seed156] java.lang.IllegalStateException: Not rewriting. File exits: /mnt/beegfs/rcabanas/dev/credici/papers/causal_flavour/learntmodels/miter1000/simple_learner_10Q/model_156.uai
[2024-04-15T09:30:22.391450][INFO][seed180] Closing log file
[2024-04-15T09:30:22.388739][INFO][seed159] Set up logging
[2024-04-15T09:30:22.393950][SEVERE][seed167] java.lang.IllegalStateException: Not rewriting. File exits: /mnt/beegfs/rcabanas/dev/credici/papers/causal_flavour/learntmodels/miter1000/simple_learner_10Q/model_167.uai
[2024-04-15T09:30:22.390157][INFO][seed170] Closed log file
[2024-04-15T09:30:22.383205][INFO][seed198] Set up logging
[2024-04-15T09:30:22.395739][SEVERE][seed188] Not rewriting. File exits: /mnt/beegfs/rcabanas/dev/credici/papers/causal_flavour/learntmodels/miter1000/simple_learner_10Q/model_188.uai
[2024-04-15T09:30:22.396576][SEVERE][seed188] java.lang.IllegalStateException: Not rewriting. File exits: /mnt/beegfs/rcabanas/dev/credici/papers/causal_flavour/learntmodels/miter1000/simple_learner_10Q/model_188.uai
[2024-04-15T09:30:22.396685][INFO][seed188] Closing log file
[2024-04-15T09:30:22.396777][INFO][seed188] Closed log file
[2024-04-15T09:30:22.397675][INFO][seed161] Set up logging
[2024-04-15T09:30:22.410941][INFO][seed179] Starting logger with seed 179
[2024-04-15T09:30:22.410721][INFO][seed157] Starting logger with seed 157
[2024-04-15T09:30:22.385869][INFO][seed166] Set up logging
[2024-04-15T09:30:22.396020][INFO][seed156] Closing log file
[2024-04-15T09:30:22.391545][INFO][seed180] Closed log file
[2024-04-15T09:30:22.413600][INFO][seed159] args: -m;1000;-o;/mnt/beegfs/rcabanas/dev/credici/papers/causal_flavour/learntmodels/miter1000;--data;/mnt/beegfs/rcabanas/dev/credici/papers/causal_flavour/data/simple_learner_10Q_data.csv;-s;159;/mnt/beegfs/rcabanas/dev/credici/papers/causal_flavour/models/simple_learner_10Q.uai
[2024-04-15T09:30:22.394055][INFO][seed167] Closing log file
[2024-04-15T09:30:22.415498][INFO][seed198] args: -m;1000;-o;/mnt/beegfs/rcabanas/dev/credici/papers/causal_flavour/learntmodels/miter1000;--data;/mnt/beegfs/rcabanas/dev/credici/papers/causal_flavour/data/simple_learner_10Q_data.csv;-s;198;/mnt/beegfs/rcabanas/dev/credici/papers/causal_flavour/models/simple_learner_10Q.uai
[2024-04-15T09:30:22.419043][INFO][seed161] args: -m;1000;-o;/mnt/beegfs/rcabanas/dev/credici/papers/causal_flavour/learntmodels/miter1000;--data;/mnt/beegfs/rcabanas/dev/credici/papers/causal_flavour/data/simple_learner_10Q_data.csv;-s;161;/mnt/beegfs/rcabanas/dev/credici/papers/causal_flavour/models/simple_learner_10Q.uai
[2024-04-15T09:30:22.414489][SEVERE][seed179] Not rewriting. File exits: /mnt/beegfs/rcabanas/dev/credici/papers/causal_flavour/learntmodels/miter1000/simple_learner_10Q/model_179.uai
[2024-04-15T09:30:22.414055][SEVERE][seed157] Not rewriting. File exits: /mnt/beegfs/rcabanas/dev/credici/papers/causal_flavour/learntmodels/miter1000/simple_learner_10Q/model_157.uai
[2024-04-15T09:30:22.419574][INFO][seed166] args: -m;1000;-o;/mnt/beegfs/rcabanas/dev/credici/papers/causal_flavour/learntmodels/miter1000;--data;/mnt/beegfs/rcabanas/dev/credici/papers/causal_flavour/data/simple_learner_10Q_data.csv;-s;166;/mnt/beegfs/rcabanas/dev/credici/papers/causal_flavour/models/simple_learner_10Q.uai
[2024-04-15T09:30:22.396113][INFO][seed156] Closed log file
[2024-04-15T09:30:22.420556][INFO][seed159] Starting logger with seed 159
[2024-04-15T09:30:22.394153][INFO][seed167] Closed log file
[2024-04-15T09:30:22.422802][INFO][seed198] Starting logger with seed 198
[2024-04-15T09:30:22.421860][INFO][seed161] Starting logger with seed 161
[2024-04-15T09:30:22.397682][INFO][seed168] Set up logging
[2024-04-15T09:30:22.414663][SEVERE][seed179] java.lang.IllegalStateException: Not rewriting. File exits: /mnt/beegfs/rcabanas/dev/credici/papers/causal_flavour/learntmodels/miter1000/simple_learner_10Q/model_179.uai
[2024-04-15T09:30:22.414232][SEVERE][seed157] java.lang.IllegalStateException: Not rewriting. File exits: /mnt/beegfs/rcabanas/dev/credici/papers/causal_flavour/learntmodels/miter1000/simple_learner_10Q/model_157.uai
[2024-04-15T09:30:22.422129][INFO][seed166] Starting logger with seed 166
[2024-04-15T09:30:22.423739][SEVERE][seed159] Not rewriting. File exits: /mnt/beegfs/rcabanas/dev/credici/papers/causal_flavour/learntmodels/miter1000/simple_learner_10Q/model_159.uai
[2024-04-15T09:30:22.426121][SEVERE][seed198] Not rewriting. File exits: /mnt/beegfs/rcabanas/dev/credici/papers/causal_flavour/learntmodels/miter1000/simple_learner_10Q/model_198.uai
[2024-04-15T09:30:22.424824][SEVERE][seed161] Not rewriting. File exits: /mnt/beegfs/rcabanas/dev/credici/papers/causal_flavour/learntmodels/miter1000/simple_learner_10Q/model_161.uai
[2024-04-15T09:30:22.437578][INFO][seed168] args: -m;1000;-o;/mnt/beegfs/rcabanas/dev/credici/papers/causal_flavour/learntmodels/miter1000;--data;/mnt/beegfs/rcabanas/dev/credici/papers/causal_flavour/data/simple_learner_10Q_data.csv;-s;168;/mnt/beegfs/rcabanas/dev/credici/papers/causal_flavour/models/simple_learner_10Q.uai
[2024-04-15T09:30:22.416779][INFO][seed200] Set up logging
[2024-04-15T09:30:22.414765][INFO][seed179] Closing log file
[2024-04-15T09:30:22.419691][INFO][seed164] Set up logging
[2024-04-15T09:30:22.414338][INFO][seed157] Closing log file
[2024-04-15T09:30:22.420136][INFO][seed191] Set up logging
[2024-04-15T09:30:22.425547][SEVERE][seed166] Not rewriting. File exits: /mnt/beegfs/rcabanas/dev/credici/papers/causal_flavour/learntmodels/miter1000/simple_learner_10Q/model_166.uai
[2024-04-15T09:30:22.423931][SEVERE][seed159] java.lang.IllegalStateException: Not rewriting. File exits: /mnt/beegfs/rcabanas/dev/credici/papers/causal_flavour/learntmodels/miter1000/simple_learner_10Q/model_159.uai
[2024-04-15T09:30:22.426318][SEVERE][seed198] java.lang.IllegalStateException: Not rewriting. File exits: /mnt/beegfs/rcabanas/dev/credici/papers/causal_flavour/learntmodels/miter1000/simple_learner_10Q/model_198.uai
[2024-04-15T09:30:22.424979][SEVERE][seed161] java.lang.IllegalStateException: Not rewriting. File exits: /mnt/beegfs/rcabanas/dev/credici/papers/causal_flavour/learntmodels/miter1000/simple_learner_10Q/model_161.uai
[2024-04-15T09:30:22.439766][INFO][seed168] Starting logger with seed 168
[2024-04-15T09:30:22.414860][INFO][seed179] Closed log file
[2024-04-15T09:30:22.447379][INFO][seed164] args: -m;1000;-o;/mnt/beegfs/rcabanas/dev/credici/papers/causal_flavour/learntmodels/miter1000;--data;/mnt/beegfs/rcabanas/dev/credici/papers/causal_flavour/data/simple_learner_10Q_data.csv;-s;164;/mnt/beegfs/rcabanas/dev/credici/papers/causal_flavour/models/simple_learner_10Q.uai
[2024-04-15T09:30:22.414431][INFO][seed157] Closed log file
[2024-04-15T09:30:22.442890][INFO][seed191] args: -m;1000;-o;/mnt/beegfs/rcabanas/dev/credici/papers/causal_flavour/learntmodels/miter1000;--data;/mnt/beegfs/rcabanas/dev/credici/papers/causal_flavour/data/simple_learner_10Q_data.csv;-s;191;/mnt/beegfs/rcabanas/dev/credici/papers/causal_flavour/models/simple_learner_10Q.uai
[2024-04-15T09:30:22.412395][INFO][seed163] Set up logging
[2024-04-15T09:30:22.448328][INFO][seed200] args: -m;1000;-o;/mnt/beegfs/rcabanas/dev/credici/papers/causal_flavour/learntmodels/miter1000;--data;/mnt/beegfs/rcabanas/dev/credici/papers/causal_flavour/data/simple_learner_10Q_data.csv;-s;200;/mnt/beegfs/rcabanas/dev/credici/papers/causal_flavour/models/simple_learner_10Q.uai
[2024-04-15T09:30:22.425716][SEVERE][seed166] java.lang.IllegalStateException: Not rewriting. File exits: /mnt/beegfs/rcabanas/dev/credici/papers/causal_flavour/learntmodels/miter1000/simple_learner_10Q/model_166.uai
[2024-04-15T09:30:22.424031][INFO][seed159] Closing log file
[2024-04-15T09:30:22.426421][INFO][seed198] Closing log file
[2024-04-15T09:30:22.425590][INFO][seed161] Closing log file
[2024-04-15T09:30:22.444247][SEVERE][seed168] Not rewriting. File exits: /mnt/beegfs/rcabanas/dev/credici/papers/causal_flavour/learntmodels/miter1000/simple_learner_10Q/model_168.uai
[2024-04-15T09:30:22.450044][INFO][seed164] Starting logger with seed 164
[2024-04-15T09:30:22.444973][INFO][seed191] Starting logger with seed 191
[2024-04-15T09:30:22.448749][INFO][seed163] args: -m;1000;-o;/mnt/beegfs/rcabanas/dev/credici/papers/causal_flavour/learntmodels/miter1000;--data;/mnt/beegfs/rcabanas/dev/credici/papers/causal_flavour/data/simple_learner_10Q_data.csv;-s;163;/mnt/beegfs/rcabanas/dev/credici/papers/causal_flavour/models/simple_learner_10Q.uai
[2024-04-15T09:30:22.450656][INFO][seed200] Starting logger with seed 200
[2024-04-15T09:30:22.425814][INFO][seed166] Closing log file
[2024-04-15T09:30:22.424125][INFO][seed159] Closed log file
[2024-04-15T09:30:22.426516][INFO][seed198] Closed log file
[2024-04-15T09:30:22.425691][INFO][seed161] Closed log file
[2024-04-15T09:30:22.444474][SEVERE][seed168] java.lang.IllegalStateException: Not rewriting. File exits: /mnt/beegfs/rcabanas/dev/credici/papers/causal_flavour/learntmodels/miter1000/simple_learner_10Q/model_168.uai
[2024-04-15T09:30:22.453915][SEVERE][seed164] Not rewriting. File exits: /mnt/beegfs/rcabanas/dev/credici/papers/causal_flavour/learntmodels/miter1000/simple_learner_10Q/model_164.uai
[2024-04-15T09:30:22.448016][SEVERE][seed191] Not rewriting. File exits: /mnt/beegfs/rcabanas/dev/credici/papers/causal_flavour/learntmodels/miter1000/simple_learner_10Q/model_191.uai
[2024-04-15T09:30:22.451275][INFO][seed163] Starting logger with seed 163
[2024-04-15T09:30:22.453987][SEVERE][seed200] Not rewriting. File exits: /mnt/beegfs/rcabanas/dev/credici/papers/causal_flavour/learntmodels/miter1000/simple_learner_10Q/model_200.uai
[2024-04-15T09:30:22.425918][INFO][seed166] Closed log file
[2024-04-15T09:30:22.444574][INFO][seed168] Closing log file
[2024-04-15T09:30:22.454161][SEVERE][seed164] java.lang.IllegalStateException: Not rewriting. File exits: /mnt/beegfs/rcabanas/dev/credici/papers/causal_flavour/learntmodels/miter1000/simple_learner_10Q/model_164.uai
[2024-04-15T09:30:22.448184][SEVERE][seed191] java.lang.IllegalStateException: Not rewriting. File exits: /mnt/beegfs/rcabanas/dev/credici/papers/causal_flavour/learntmodels/miter1000/simple_learner_10Q/model_191.uai
[2024-04-15T09:30:22.448286][INFO][seed191] Closing log file
[2024-04-15T09:30:22.445943][INFO][seed181] Set up logging
[2024-04-15T09:30:22.455275][SEVERE][seed163] Not rewriting. File exits: /mnt/beegfs/rcabanas/dev/credici/papers/causal_flavour/learntmodels/miter1000/simple_learner_10Q/model_163.uai
[2024-04-15T09:30:22.454198][SEVERE][seed200] java.lang.IllegalStateException: Not rewriting. File exits: /mnt/beegfs/rcabanas/dev/credici/papers/causal_flavour/learntmodels/miter1000/simple_learner_10Q/model_200.uai
[2024-04-15T09:30:22.444666][INFO][seed168] Closed log file
[2024-04-15T09:30:22.454263][INFO][seed164] Closing log file
[2024-04-15T09:30:22.448992][INFO][seed191] Closed log file
[2024-04-15T09:30:22.455464][SEVERE][seed163] java.lang.IllegalStateException: Not rewriting. File exits: /mnt/beegfs/rcabanas/dev/credici/papers/causal_flavour/learntmodels/miter1000/simple_learner_10Q/model_163.uai
[2024-04-15T09:30:22.454297][INFO][seed200] Closing log file
[2024-04-15T09:30:22.467414][INFO][seed181] args: -m;1000;-o;/mnt/beegfs/rcabanas/dev/credici/papers/causal_flavour/learntmodels/miter1000;--data;/mnt/beegfs/rcabanas/dev/credici/papers/causal_flavour/data/simple_learner_10Q_data.csv;-s;181;/mnt/beegfs/rcabanas/dev/credici/papers/causal_flavour/models/simple_learner_10Q.uai
[2024-04-15T09:30:22.454361][INFO][seed164] Closed log file
[2024-04-15T09:30:22.455565][INFO][seed163] Closing log file
[2024-04-15T09:30:22.454392][INFO][seed200] Closed log file
[2024-04-15T09:30:22.470732][INFO][seed181] Starting logger with seed 181
[2024-04-15T09:30:22.455657][INFO][seed163] Closed log file
[2024-04-15T09:30:22.475708][SEVERE][seed181] Not rewriting. File exits: /mnt/beegfs/rcabanas/dev/credici/papers/causal_flavour/learntmodels/miter1000/simple_learner_10Q/model_181.uai
[2024-04-15T09:30:22.476013][SEVERE][seed181] java.lang.IllegalStateException: Not rewriting. File exits: /mnt/beegfs/rcabanas/dev/credici/papers/causal_flavour/learntmodels/miter1000/simple_learner_10Q/model_181.uai
[2024-04-15T09:30:22.476118][INFO][seed181] Closing log file
[2024-04-15T09:30:22.476214][INFO][seed181] Closed log file
[2024-04-15T09:30:22.448496][INFO][seed184] Set up logging
[2024-04-15T09:30:22.481170][INFO][seed184] args: -m;1000;-o;/mnt/beegfs/rcabanas/dev/credici/papers/causal_flavour/learntmodels/miter1000;--data;/mnt/beegfs/rcabanas/dev/credici/papers/causal_flavour/data/simple_learner_10Q_data.csv;-s;184;/mnt/beegfs/rcabanas/dev/credici/papers/causal_flavour/models/simple_learner_10Q.uai
[2024-04-15T09:30:22.458176][INFO][seed197] Set up logging
[2024-04-15T09:30:22.482687][INFO][seed197] args: -m;1000;-o;/mnt/beegfs/rcabanas/dev/credici/papers/causal_flavour/learntmodels/miter1000;--data;/mnt/beegfs/rcabanas/dev/credici/papers/causal_flavour/data/simple_learner_10Q_data.csv;-s;197;/mnt/beegfs/rcabanas/dev/credici/papers/causal_flavour/models/simple_learner_10Q.uai
[2024-04-15T09:30:22.483873][INFO][seed184] Starting logger with seed 184
[2024-04-15T09:30:22.459032][INFO][seed182] Set up logging
[2024-04-15T09:30:22.484907][INFO][seed197] Starting logger with seed 197
[2024-04-15T09:30:22.485188][INFO][seed182] args: -m;1000;-o;/mnt/beegfs/rcabanas/dev/credici/papers/causal_flavour/learntmodels/miter1000;--data;/mnt/beegfs/rcabanas/dev/credici/papers/causal_flavour/data/simple_learner_10Q_data.csv;-s;182;/mnt/beegfs/rcabanas/dev/credici/papers/causal_flavour/models/simple_learner_10Q.uai
[2024-04-15T09:30:22.460261][INFO][seed187] Set up logging
[2024-04-15T09:30:22.456578][INFO][seed173] Set up logging
[2024-04-15T09:30:22.487652][INFO][seed182] Starting logger with seed 182
[2024-04-15T09:30:22.486528][INFO][seed187] args: -m;1000;-o;/mnt/beegfs/rcabanas/dev/credici/papers/causal_flavour/learntmodels/miter1000;--data;/mnt/beegfs/rcabanas/dev/credici/papers/causal_flavour/data/simple_learner_10Q_data.csv;-s;187;/mnt/beegfs/rcabanas/dev/credici/papers/causal_flavour/models/simple_learner_10Q.uai
[2024-04-15T09:30:22.488968][INFO][seed187] Starting logger with seed 187
[2024-04-15T09:30:22.488041][SEVERE][seed184] Not rewriting. File exits: /mnt/beegfs/rcabanas/dev/credici/papers/causal_flavour/learntmodels/miter1000/simple_learner_10Q/model_184.uai
[2024-04-15T09:30:22.488618][SEVERE][seed197] Not rewriting. File exits: /mnt/beegfs/rcabanas/dev/credici/papers/causal_flavour/learntmodels/miter1000/simple_learner_10Q/model_197.uai
[2024-04-15T09:30:22.487505][INFO][seed173] args: -m;1000;-o;/mnt/beegfs/rcabanas/dev/credici/papers/causal_flavour/learntmodels/miter1000;--data;/mnt/beegfs/rcabanas/dev/credici/papers/causal_flavour/data/simple_learner_10Q_data.csv;-s;173;/mnt/beegfs/rcabanas/dev/credici/papers/causal_flavour/models/simple_learner_10Q.uai
[2024-04-15T09:30:22.488229][SEVERE][seed184] java.lang.IllegalStateException: Not rewriting. File exits: /mnt/beegfs/rcabanas/dev/credici/papers/causal_flavour/learntmodels/miter1000/simple_learner_10Q/model_184.uai
[2024-04-15T09:30:22.491297][SEVERE][seed182] Not rewriting. File exits: /mnt/beegfs/rcabanas/dev/credici/papers/causal_flavour/learntmodels/miter1000/simple_learner_10Q/model_182.uai
[2024-04-15T09:30:22.488892][SEVERE][seed197] java.lang.IllegalStateException: Not rewriting. File exits: /mnt/beegfs/rcabanas/dev/credici/papers/causal_flavour/learntmodels/miter1000/simple_learner_10Q/model_197.uai
[2024-04-15T09:30:22.490327][INFO][seed173] Starting logger with seed 173
[2024-04-15T09:30:22.492472][SEVERE][seed187] Not rewriting. File exits: /mnt/beegfs/rcabanas/dev/credici/papers/causal_flavour/learntmodels/miter1000/simple_learner_10Q/model_187.uai
[2024-04-15T09:30:22.492616][SEVERE][seed187] java.lang.IllegalStateException: Not rewriting. File exits: /mnt/beegfs/rcabanas/dev/credici/papers/causal_flavour/learntmodels/miter1000/simple_learner_10Q/model_187.uai
[2024-04-15T09:30:22.492715][INFO][seed187] Closing log file
[2024-04-15T09:30:22.492809][INFO][seed187] Closed log file
[2024-04-15T09:30:22.488333][INFO][seed184] Closing log file
[2024-04-15T09:30:22.491465][SEVERE][seed182] java.lang.IllegalStateException: Not rewriting. File exits: /mnt/beegfs/rcabanas/dev/credici/papers/causal_flavour/learntmodels/miter1000/simple_learner_10Q/model_182.uai
[2024-04-15T09:30:22.488995][INFO][seed197] Closing log file
[2024-04-15T09:30:22.493658][SEVERE][seed173] Not rewriting. File exits: /mnt/beegfs/rcabanas/dev/credici/papers/causal_flavour/learntmodels/miter1000/simple_learner_10Q/model_173.uai
[2024-04-15T09:30:22.488425][INFO][seed184] Closed log file
[2024-04-15T09:30:22.491567][INFO][seed182] Closing log file
[2024-04-15T09:30:22.489094][INFO][seed197] Closed log file
[2024-04-15T09:30:22.493898][SEVERE][seed173] java.lang.IllegalStateException: Not rewriting. File exits: /mnt/beegfs/rcabanas/dev/credici/papers/causal_flavour/learntmodels/miter1000/simple_learner_10Q/model_173.uai
[2024-04-15T09:30:22.491660][INFO][seed182] Closed log file
[2024-04-15T09:30:22.493999][INFO][seed173] Closing log file
[2024-04-15T09:30:22.494095][INFO][seed173] Closed log file
[2024-04-15T09:30:22.475770][INFO][seed165] Set up logging
[2024-04-15T09:30:22.501315][INFO][seed165] args: -m;1000;-o;/mnt/beegfs/rcabanas/dev/credici/papers/causal_flavour/learntmodels/miter1000;--data;/mnt/beegfs/rcabanas/dev/credici/papers/causal_flavour/data/simple_learner_10Q_data.csv;-s;165;/mnt/beegfs/rcabanas/dev/credici/papers/causal_flavour/models/simple_learner_10Q.uai
[2024-04-15T09:30:22.503419][INFO][seed165] Starting logger with seed 165
[2024-04-15T09:30:22.506555][SEVERE][seed165] Not rewriting. File exits: /mnt/beegfs/rcabanas/dev/credici/papers/causal_flavour/learntmodels/miter1000/simple_learner_10Q/model_165.uai
[2024-04-15T09:30:22.506736][SEVERE][seed165] java.lang.IllegalStateException: Not rewriting. File exits: /mnt/beegfs/rcabanas/dev/credici/papers/causal_flavour/learntmodels/miter1000/simple_learner_10Q/model_165.uai
[2024-04-15T09:30:22.506840][INFO][seed165] Closing log file
[2024-04-15T09:30:22.506962][INFO][seed165] Closed log file
['learn.py', '1000', '150']
seed=150
/mnt/beegfs/rcabanas/dev/credici
/mnt/beegfs/rcabanas/dev/credici/papers/causal_flavour
/mnt/beegfs/rcabanas/dev/credici/papers/causal_flavour/learntmodels
/mnt/beegfs/rcabanas/dev/credici/papers/causal_flavour/models
/mnt/beegfs/rcabanas/dev/credici/target/credici-0.1.5-dev-SNAPSHOT-jar-with-dependencies.jar
/mnt/beegfs/rcabanas/dev/credici/papers/causal_flavour/code/LearnCF.java
[2024-04-15T09:30:24.294838][INFO][seed150] Set up logging
[2024-04-15T09:30:24.315211][INFO][seed150] args: -m;1000;-o;/mnt/beegfs/rcabanas/dev/credici/papers/causal_flavour/learntmodels/miter1000;--data;/mnt/beegfs/rcabanas/dev/credici/papers/causal_flavour/data/simple_learner_10Q_data.csv;-s;150;/mnt/beegfs/rcabanas/dev/credici/papers/causal_flavour/models/simple_learner_10Q.uai
[2024-04-15T09:30:24.326056][INFO][seed150] Starting logger with seed 150
[2024-04-15T09:30:24.328967][SEVERE][seed150] Not rewriting. File exits: /mnt/beegfs/rcabanas/dev/credici/papers/causal_flavour/learntmodels/miter1000/simple_learner_10Q/model_150.uai
[2024-04-15T09:30:24.329046][SEVERE][seed150] java.lang.IllegalStateException: Not rewriting. File exits: /mnt/beegfs/rcabanas/dev/credici/papers/causal_flavour/learntmodels/miter1000/simple_learner_10Q/model_150.uai
[2024-04-15T09:30:24.329085][INFO][seed150] Closing log file
[2024-04-15T09:30:24.329117][INFO][seed150] Closed log file
