0
1500
['learn.py', '1500', '6']
['learn.py', '1500', '7']
['learn.py', '1500', '18']
['learn.py', '1500', '11']
['learn.py', '1500', '3']
seed=6
/mnt/beegfs/rcabanas/dev/credici
/mnt/beegfs/rcabanas/dev/credici/papers/causal_flavour
/mnt/beegfs/rcabanas/dev/credici/papers/causal_flavour/learntmodels
/mnt/beegfs/rcabanas/dev/credici/papers/causal_flavour/models
/mnt/beegfs/rcabanas/dev/credici/target/credici-0.1.5-dev-SNAPSHOT-jar-with-dependencies.jar
/mnt/beegfs/rcabanas/dev/credici/papers/causal_flavour/code/LearnCF.java
['learn.py', '1500', '21']
seed=7
/mnt/beegfs/rcabanas/dev/credici
/mnt/beegfs/rcabanas/dev/credici/papers/causal_flavour
/mnt/beegfs/rcabanas/dev/credici/papers/causal_flavour/learntmodels
/mnt/beegfs/rcabanas/dev/credici/papers/causal_flavour/models
/mnt/beegfs/rcabanas/dev/credici/target/credici-0.1.5-dev-SNAPSHOT-jar-with-dependencies.jar
/mnt/beegfs/rcabanas/dev/credici/papers/causal_flavour/code/LearnCF.java
seed=18
/mnt/beegfs/rcabanas/dev/credici
/mnt/beegfs/rcabanas/dev/credici/papers/causal_flavour
/mnt/beegfs/rcabanas/dev/credici/papers/causal_flavour/learntmodels
/mnt/beegfs/rcabanas/dev/credici/papers/causal_flavour/models
/mnt/beegfs/rcabanas/dev/credici/target/credici-0.1.5-dev-SNAPSHOT-jar-with-dependencies.jar
/mnt/beegfs/rcabanas/dev/credici/papers/causal_flavour/code/LearnCF.java
seed=11
/mnt/beegfs/rcabanas/dev/credici
['learn.py', '1500', '4']
/mnt/beegfs/rcabanas/dev/credici/papers/causal_flavour
/mnt/beegfs/rcabanas/dev/credici/papers/causal_flavour/learntmodels
/mnt/beegfs/rcabanas/dev/credici/papers/causal_flavour/models
/mnt/beegfs/rcabanas/dev/credici/target/credici-0.1.5-dev-SNAPSHOT-jar-with-dependencies.jar
/mnt/beegfs/rcabanas/dev/credici/papers/causal_flavour/code/LearnCF.java
seed=3
/mnt/beegfs/rcabanas/dev/credici
/mnt/beegfs/rcabanas/dev/credici/papers/causal_flavour
/mnt/beegfs/rcabanas/dev/credici/papers/causal_flavour/learntmodels
/mnt/beegfs/rcabanas/dev/credici/papers/causal_flavour/models
/mnt/beegfs/rcabanas/dev/credici/target/credici-0.1.5-dev-SNAPSHOT-jar-with-dependencies.jar
/mnt/beegfs/rcabanas/dev/credici/papers/causal_flavour/code/LearnCF.java
['learn.py', '1500', '2']
seed=21
/mnt/beegfs/rcabanas/dev/credici
/mnt/beegfs/rcabanas/dev/credici/papers/causal_flavour
/mnt/beegfs/rcabanas/dev/credici/papers/causal_flavour/learntmodels
/mnt/beegfs/rcabanas/dev/credici/papers/causal_flavour/models
/mnt/beegfs/rcabanas/dev/credici/target/credici-0.1.5-dev-SNAPSHOT-jar-with-dependencies.jar
/mnt/beegfs/rcabanas/dev/credici/papers/causal_flavour/code/LearnCF.java
seed=4
/mnt/beegfs/rcabanas/dev/credici
/mnt/beegfs/rcabanas/dev/credici/papers/causal_flavour
['learn.py', '1500', '13']
/mnt/beegfs/rcabanas/dev/credici/papers/causal_flavour/learntmodels
/mnt/beegfs/rcabanas/dev/credici/papers/causal_flavour/models
/mnt/beegfs/rcabanas/dev/credici/target/credici-0.1.5-dev-SNAPSHOT-jar-with-dependencies.jar
/mnt/beegfs/rcabanas/dev/credici/papers/causal_flavour/code/LearnCF.java
['learn.py', '1500', '14']
seed=2
/mnt/beegfs/rcabanas/dev/credici
/mnt/beegfs/rcabanas/dev/credici/papers/causal_flavour
/mnt/beegfs/rcabanas/dev/credici/papers/causal_flavour/learntmodels
/mnt/beegfs/rcabanas/dev/credici/papers/causal_flavour/models
/mnt/beegfs/rcabanas/dev/credici/target/credici-0.1.5-dev-SNAPSHOT-jar-with-dependencies.jar
/mnt/beegfs/rcabanas/dev/credici/papers/causal_flavour/code/LearnCF.java
seed=13
/mnt/beegfs/rcabanas/dev/credici
/mnt/beegfs/rcabanas/dev/credici/papers/causal_flavour
/mnt/beegfs/rcabanas/dev/credici/papers/causal_flavour/learntmodels
/mnt/beegfs/rcabanas/dev/credici/papers/causal_flavour/models
/mnt/beegfs/rcabanas/dev/credici/target/credici-0.1.5-dev-SNAPSHOT-jar-with-dependencies.jar
/mnt/beegfs/rcabanas/dev/credici/papers/causal_flavour/code/LearnCF.java
seed=14
/mnt/beegfs/rcabanas/dev/credici
/mnt/beegfs/rcabanas/dev/credici/papers/causal_flavour
/mnt/beegfs/rcabanas/dev/credici/papers/causal_flavour/learntmodels
/mnt/beegfs/rcabanas/dev/credici/papers/causal_flavour/models
/mnt/beegfs/rcabanas/dev/credici/target/credici-0.1.5-dev-SNAPSHOT-jar-with-dependencies.jar
/mnt/beegfs/rcabanas/dev/credici/papers/causal_flavour/code/LearnCF.java
['learn.py', '1500', '32']
['learn.py', '1500', '10']
seed=32
/mnt/beegfs/rcabanas/dev/credici
/mnt/beegfs/rcabanas/dev/credici/papers/causal_flavour
/mnt/beegfs/rcabanas/dev/credici/papers/causal_flavour/learntmodels
/mnt/beegfs/rcabanas/dev/credici/papers/causal_flavour/models
/mnt/beegfs/rcabanas/dev/credici/target/credici-0.1.5-dev-SNAPSHOT-jar-with-dependencies.jar
/mnt/beegfs/rcabanas/dev/credici/papers/causal_flavour/code/LearnCF.java
seed=10
/mnt/beegfs/rcabanas/dev/credici
/mnt/beegfs/rcabanas/dev/credici/papers/causal_flavour
/mnt/beegfs/rcabanas/dev/credici/papers/causal_flavour/learntmodels
/mnt/beegfs/rcabanas/dev/credici/papers/causal_flavour/models
/mnt/beegfs/rcabanas/dev/credici/target/credici-0.1.5-dev-SNAPSHOT-jar-with-dependencies.jar
/mnt/beegfs/rcabanas/dev/credici/papers/causal_flavour/code/LearnCF.java
['learn.py', '1500', '49']
['learn.py', '1500', '12']
['learn.py', '1500', '17']
seed=49
/mnt/beegfs/rcabanas/dev/credici
/mnt/beegfs/rcabanas/dev/credici/papers/causal_flavour
/mnt/beegfs/rcabanas/dev/credici/papers/causal_flavour/learntmodels
/mnt/beegfs/rcabanas/dev/credici/papers/causal_flavour/models
/mnt/beegfs/rcabanas/dev/credici/target/credici-0.1.5-dev-SNAPSHOT-jar-with-dependencies.jar
seed=12
/mnt/beegfs/rcabanas/dev/credici/papers/causal_flavour/code/LearnCF.java
/mnt/beegfs/rcabanas/dev/credici
seed=17
/mnt/beegfs/rcabanas/dev/credici/papers/causal_flavour
/mnt/beegfs/rcabanas/dev/credici
/mnt/beegfs/rcabanas/dev/credici/papers/causal_flavour/learntmodels
/mnt/beegfs/rcabanas/dev/credici/papers/causal_flavour/models
/mnt/beegfs/rcabanas/dev/credici/target/credici-0.1.5-dev-SNAPSHOT-jar-with-dependencies.jar
/mnt/beegfs/rcabanas/dev/credici/papers/causal_flavour/code/LearnCF.java
/mnt/beegfs/rcabanas/dev/credici/papers/causal_flavour
/mnt/beegfs/rcabanas/dev/credici/papers/causal_flavour/learntmodels
/mnt/beegfs/rcabanas/dev/credici/papers/causal_flavour/models
/mnt/beegfs/rcabanas/dev/credici/target/credici-0.1.5-dev-SNAPSHOT-jar-with-dependencies.jar
/mnt/beegfs/rcabanas/dev/credici/papers/causal_flavour/code/LearnCF.java
['learn.py', '1500', '35']
['learn.py', '1500', '31']
['learn.py', '1500', '37']
seed=35
/mnt/beegfs/rcabanas/dev/credici
/mnt/beegfs/rcabanas/dev/credici/papers/causal_flavour
/mnt/beegfs/rcabanas/dev/credici/papers/causal_flavour/learntmodels
/mnt/beegfs/rcabanas/dev/credici/papers/causal_flavour/models
/mnt/beegfs/rcabanas/dev/credici/target/credici-0.1.5-dev-SNAPSHOT-jar-with-dependencies.jar
/mnt/beegfs/rcabanas/dev/credici/papers/causal_flavour/code/LearnCF.java
seed=31
/mnt/beegfs/rcabanas/dev/credici
/mnt/beegfs/rcabanas/dev/credici/papers/causal_flavour
/mnt/beegfs/rcabanas/dev/credici/papers/causal_flavour/learntmodels
/mnt/beegfs/rcabanas/dev/credici/papers/causal_flavour/models
/mnt/beegfs/rcabanas/dev/credici/target/credici-0.1.5-dev-SNAPSHOT-jar-with-dependencies.jar
/mnt/beegfs/rcabanas/dev/credici/papers/causal_flavour/code/LearnCF.java
seed=37
/mnt/beegfs/rcabanas/dev/credici
/mnt/beegfs/rcabanas/dev/credici/papers/causal_flavour
/mnt/beegfs/rcabanas/dev/credici/papers/causal_flavour/learntmodels
/mnt/beegfs/rcabanas/dev/credici/papers/causal_flavour/models
/mnt/beegfs/rcabanas/dev/credici/target/credici-0.1.5-dev-SNAPSHOT-jar-with-dependencies.jar
/mnt/beegfs/rcabanas/dev/credici/papers/causal_flavour/code/LearnCF.java
['learn.py', '1500', '24']
seed=24
/mnt/beegfs/rcabanas/dev/credici
/mnt/beegfs/rcabanas/dev/credici/papers/causal_flavour
/mnt/beegfs/rcabanas/dev/credici/papers/causal_flavour/learntmodels
/mnt/beegfs/rcabanas/dev/credici/papers/causal_flavour/models
/mnt/beegfs/rcabanas/dev/credici/target/credici-0.1.5-dev-SNAPSHOT-jar-with-dependencies.jar
['learn.py', '1500', '0']
['learn.py', '1500', '28']
/mnt/beegfs/rcabanas/dev/credici/papers/causal_flavour/code/LearnCF.java
seed=28
seed=0
/mnt/beegfs/rcabanas/dev/credici
/mnt/beegfs/rcabanas/dev/credici/papers/causal_flavour
/mnt/beegfs/rcabanas/dev/credici/papers/causal_flavour/learntmodels
/mnt/beegfs/rcabanas/dev/credici/papers/causal_flavour/models
/mnt/beegfs/rcabanas/dev/credici/target/credici-0.1.5-dev-SNAPSHOT-jar-with-dependencies.jar
/mnt/beegfs/rcabanas/dev/credici/papers/causal_flavour/code/LearnCF.java
/mnt/beegfs/rcabanas/dev/credici
/mnt/beegfs/rcabanas/dev/credici/papers/causal_flavour
/mnt/beegfs/rcabanas/dev/credici/papers/causal_flavour/learntmodels
/mnt/beegfs/rcabanas/dev/credici/papers/causal_flavour/models
/mnt/beegfs/rcabanas/dev/credici/target/credici-0.1.5-dev-SNAPSHOT-jar-with-dependencies.jar
/mnt/beegfs/rcabanas/dev/credici/papers/causal_flavour/code/LearnCF.java
['learn.py', '1500', '19']
seed=19
/mnt/beegfs/rcabanas/dev/credici
/mnt/beegfs/rcabanas/dev/credici/papers/causal_flavour
/mnt/beegfs/rcabanas/dev/credici/papers/causal_flavour/learntmodels
/mnt/beegfs/rcabanas/dev/credici/papers/causal_flavour/models
/mnt/beegfs/rcabanas/dev/credici/target/credici-0.1.5-dev-SNAPSHOT-jar-with-dependencies.jar
/mnt/beegfs/rcabanas/dev/credici/papers/causal_flavour/code/LearnCF.java
['learn.py', '1500', '5']
['learn.py', '1500', '25']
seed=5
/mnt/beegfs/rcabanas/dev/credici
/mnt/beegfs/rcabanas/dev/credici/papers/causal_flavour
/mnt/beegfs/rcabanas/dev/credici/papers/causal_flavour/learntmodels
/mnt/beegfs/rcabanas/dev/credici/papers/causal_flavour/models
/mnt/beegfs/rcabanas/dev/credici/target/credici-0.1.5-dev-SNAPSHOT-jar-with-dependencies.jar
/mnt/beegfs/rcabanas/dev/credici/papers/causal_flavour/code/LearnCF.java
seed=25
/mnt/beegfs/rcabanas/dev/credici
/mnt/beegfs/rcabanas/dev/credici/papers/causal_flavour
/mnt/beegfs/rcabanas/dev/credici/papers/causal_flavour/learntmodels
/mnt/beegfs/rcabanas/dev/credici/papers/causal_flavour/models
/mnt/beegfs/rcabanas/dev/credici/target/credici-0.1.5-dev-SNAPSHOT-jar-with-dependencies.jar
/mnt/beegfs/rcabanas/dev/credici/papers/causal_flavour/code/LearnCF.java
['learn.py', '1500', '27']
seed=27
/mnt/beegfs/rcabanas/dev/credici
/mnt/beegfs/rcabanas/dev/credici/papers/causal_flavour
/mnt/beegfs/rcabanas/dev/credici/papers/causal_flavour/learntmodels
/mnt/beegfs/rcabanas/dev/credici/papers/causal_flavour/models
/mnt/beegfs/rcabanas/dev/credici/target/credici-0.1.5-dev-SNAPSHOT-jar-with-dependencies.jar
/mnt/beegfs/rcabanas/dev/credici/papers/causal_flavour/code/LearnCF.java
['learn.py', '1500', '8']
['learn.py', '1500', '26']
seed=26
/mnt/beegfs/rcabanas/dev/credici
seed=8
/mnt/beegfs/rcabanas/dev/credici/papers/causal_flavour
/mnt/beegfs/rcabanas/dev/credici/papers/causal_flavour/learntmodels
/mnt/beegfs/rcabanas/dev/credici/papers/causal_flavour/models
/mnt/beegfs/rcabanas/dev/credici
/mnt/beegfs/rcabanas/dev/credici/target/credici-0.1.5-dev-SNAPSHOT-jar-with-dependencies.jar
/mnt/beegfs/rcabanas/dev/credici/papers/causal_flavour/code/LearnCF.java
/mnt/beegfs/rcabanas/dev/credici/papers/causal_flavour
/mnt/beegfs/rcabanas/dev/credici/papers/causal_flavour/learntmodels
/mnt/beegfs/rcabanas/dev/credici/papers/causal_flavour/models
/mnt/beegfs/rcabanas/dev/credici/target/credici-0.1.5-dev-SNAPSHOT-jar-with-dependencies.jar
/mnt/beegfs/rcabanas/dev/credici/papers/causal_flavour/code/LearnCF.java
['learn.py', '1500', '16']
seed=16
/mnt/beegfs/rcabanas/dev/credici
/mnt/beegfs/rcabanas/dev/credici/papers/causal_flavour
/mnt/beegfs/rcabanas/dev/credici/papers/causal_flavour/learntmodels
/mnt/beegfs/rcabanas/dev/credici/papers/causal_flavour/models
/mnt/beegfs/rcabanas/dev/credici/target/credici-0.1.5-dev-SNAPSHOT-jar-with-dependencies.jar
/mnt/beegfs/rcabanas/dev/credici/papers/causal_flavour/code/LearnCF.java
['learn.py', '1500', '20']
['learn.py', '1500', '9']
['learn.py', '1500', '29']
['learn.py', '1500', '15']
seed=20
/mnt/beegfs/rcabanas/dev/credici
/mnt/beegfs/rcabanas/dev/credici/papers/causal_flavour
/mnt/beegfs/rcabanas/dev/credici/papers/causal_flavour/learntmodels
/mnt/beegfs/rcabanas/dev/credici/papers/causal_flavour/models
/mnt/beegfs/rcabanas/dev/credici/target/credici-0.1.5-dev-SNAPSHOT-jar-with-dependencies.jar
/mnt/beegfs/rcabanas/dev/credici/papers/causal_flavour/code/LearnCF.java
['learn.py', '1500', '40']
seed=9
/mnt/beegfs/rcabanas/dev/credici
/mnt/beegfs/rcabanas/dev/credici/papers/causal_flavour
/mnt/beegfs/rcabanas/dev/credici/papers/causal_flavour/learntmodels
/mnt/beegfs/rcabanas/dev/credici/papers/causal_flavour/models
/mnt/beegfs/rcabanas/dev/credici/target/credici-0.1.5-dev-SNAPSHOT-jar-with-dependencies.jar
/mnt/beegfs/rcabanas/dev/credici/papers/causal_flavour/code/LearnCF.java
seed=29
/mnt/beegfs/rcabanas/dev/credici
/mnt/beegfs/rcabanas/dev/credici/papers/causal_flavour
/mnt/beegfs/rcabanas/dev/credici/papers/causal_flavour/learntmodels
/mnt/beegfs/rcabanas/dev/credici/papers/causal_flavour/models
/mnt/beegfs/rcabanas/dev/credici/target/credici-0.1.5-dev-SNAPSHOT-jar-with-dependencies.jar
/mnt/beegfs/rcabanas/dev/credici/papers/causal_flavour/code/LearnCF.java
['learn.py', '1500', '36']
seed=15
/mnt/beegfs/rcabanas/dev/credici
/mnt/beegfs/rcabanas/dev/credici/papers/causal_flavour
/mnt/beegfs/rcabanas/dev/credici/papers/causal_flavour/learntmodels
/mnt/beegfs/rcabanas/dev/credici/papers/causal_flavour/models
/mnt/beegfs/rcabanas/dev/credici/target/credici-0.1.5-dev-SNAPSHOT-jar-with-dependencies.jar
/mnt/beegfs/rcabanas/dev/credici/papers/causal_flavour/code/LearnCF.java
seed=40
/mnt/beegfs/rcabanas/dev/credici
/mnt/beegfs/rcabanas/dev/credici/papers/causal_flavour
/mnt/beegfs/rcabanas/dev/credici/papers/causal_flavour/learntmodels
/mnt/beegfs/rcabanas/dev/credici/papers/causal_flavour/models
/mnt/beegfs/rcabanas/dev/credici/target/credici-0.1.5-dev-SNAPSHOT-jar-with-dependencies.jar
/mnt/beegfs/rcabanas/dev/credici/papers/causal_flavour/code/LearnCF.java
['learn.py', '1500', '44']
['learn.py', '1500', '23']
seed=36
/mnt/beegfs/rcabanas/dev/credici
/mnt/beegfs/rcabanas/dev/credici/papers/causal_flavour
/mnt/beegfs/rcabanas/dev/credici/papers/causal_flavour/learntmodels
/mnt/beegfs/rcabanas/dev/credici/papers/causal_flavour/models
/mnt/beegfs/rcabanas/dev/credici/target/credici-0.1.5-dev-SNAPSHOT-jar-with-dependencies.jar
/mnt/beegfs/rcabanas/dev/credici/papers/causal_flavour/code/LearnCF.java
['learn.py', '1500', '22']
seed=44
/mnt/beegfs/rcabanas/dev/credici
/mnt/beegfs/rcabanas/dev/credici/papers/causal_flavour
/mnt/beegfs/rcabanas/dev/credici/papers/causal_flavour/learntmodels
/mnt/beegfs/rcabanas/dev/credici/papers/causal_flavour/models
/mnt/beegfs/rcabanas/dev/credici/target/credici-0.1.5-dev-SNAPSHOT-jar-with-dependencies.jar
/mnt/beegfs/rcabanas/dev/credici/papers/causal_flavour/code/LearnCF.java
seed=23
/mnt/beegfs/rcabanas/dev/credici
/mnt/beegfs/rcabanas/dev/credici/papers/causal_flavour
/mnt/beegfs/rcabanas/dev/credici/papers/causal_flavour/learntmodels
/mnt/beegfs/rcabanas/dev/credici/papers/causal_flavour/models
/mnt/beegfs/rcabanas/dev/credici/target/credici-0.1.5-dev-SNAPSHOT-jar-with-dependencies.jar
/mnt/beegfs/rcabanas/dev/credici/papers/causal_flavour/code/LearnCF.java
['learn.py', '1500', '42']
['learn.py', '1500', '50']
seed=22
/mnt/beegfs/rcabanas/dev/credici
/mnt/beegfs/rcabanas/dev/credici/papers/causal_flavour
/mnt/beegfs/rcabanas/dev/credici/papers/causal_flavour/learntmodels
/mnt/beegfs/rcabanas/dev/credici/papers/causal_flavour/models
/mnt/beegfs/rcabanas/dev/credici/target/credici-0.1.5-dev-SNAPSHOT-jar-with-dependencies.jar
/mnt/beegfs/rcabanas/dev/credici/papers/causal_flavour/code/LearnCF.java
['learn.py', '1500', '33']
['learn.py', '1500', '38']
['learn.py', '1500', '34']
['learn.py', '1500', '1']
['learn.py', '1500', '45']
['learn.py', '1500', '30']
['learn.py', '1500', '46']
['learn.py', '1500', '48']
['learn.py', '1500', '43']
seed=42
/mnt/beegfs/rcabanas/dev/credici
/mnt/beegfs/rcabanas/dev/credici/papers/causal_flavour
/mnt/beegfs/rcabanas/dev/credici/papers/causal_flavour/learntmodels
/mnt/beegfs/rcabanas/dev/credici/papers/causal_flavour/models
/mnt/beegfs/rcabanas/dev/credici/target/credici-0.1.5-dev-SNAPSHOT-jar-with-dependencies.jar
/mnt/beegfs/rcabanas/dev/credici/papers/causal_flavour/code/LearnCF.java
seed=50
/mnt/beegfs/rcabanas/dev/credici
/mnt/beegfs/rcabanas/dev/credici/papers/causal_flavour
/mnt/beegfs/rcabanas/dev/credici/papers/causal_flavour/learntmodels
/mnt/beegfs/rcabanas/dev/credici/papers/causal_flavour/models
/mnt/beegfs/rcabanas/dev/credici/target/credici-0.1.5-dev-SNAPSHOT-jar-with-dependencies.jar
/mnt/beegfs/rcabanas/dev/credici/papers/causal_flavour/code/LearnCF.java
seed=33
/mnt/beegfs/rcabanas/dev/credici
/mnt/beegfs/rcabanas/dev/credici/papers/causal_flavour
/mnt/beegfs/rcabanas/dev/credici/papers/causal_flavour/learntmodels
/mnt/beegfs/rcabanas/dev/credici/papers/causal_flavour/models
/mnt/beegfs/rcabanas/dev/credici/target/credici-0.1.5-dev-SNAPSHOT-jar-with-dependencies.jar
/mnt/beegfs/rcabanas/dev/credici/papers/causal_flavour/code/LearnCF.java
seed=38
/mnt/beegfs/rcabanas/dev/credici
/mnt/beegfs/rcabanas/dev/credici/papers/causal_flavour
/mnt/beegfs/rcabanas/dev/credici/papers/causal_flavour/learntmodels
/mnt/beegfs/rcabanas/dev/credici/papers/causal_flavour/models
/mnt/beegfs/rcabanas/dev/credici/target/credici-0.1.5-dev-SNAPSHOT-jar-with-dependencies.jar
/mnt/beegfs/rcabanas/dev/credici/papers/causal_flavour/code/LearnCF.java
seed=34
/mnt/beegfs/rcabanas/dev/credici
/mnt/beegfs/rcabanas/dev/credici/papers/causal_flavour
/mnt/beegfs/rcabanas/dev/credici/papers/causal_flavour/learntmodels
seed=1
/mnt/beegfs/rcabanas/dev/credici
/mnt/beegfs/rcabanas/dev/credici/papers/causal_flavour
/mnt/beegfs/rcabanas/dev/credici/papers/causal_flavour/learntmodels
/mnt/beegfs/rcabanas/dev/credici/papers/causal_flavour/models
/mnt/beegfs/rcabanas/dev/credici/target/credici-0.1.5-dev-SNAPSHOT-jar-with-dependencies.jar
/mnt/beegfs/rcabanas/dev/credici/papers/causal_flavour/code/LearnCF.java
/mnt/beegfs/rcabanas/dev/credici/papers/causal_flavour/models
/mnt/beegfs/rcabanas/dev/credici/target/credici-0.1.5-dev-SNAPSHOT-jar-with-dependencies.jar
/mnt/beegfs/rcabanas/dev/credici/papers/causal_flavour/code/LearnCF.java
seed=45
/mnt/beegfs/rcabanas/dev/credici
/mnt/beegfs/rcabanas/dev/credici/papers/causal_flavour
/mnt/beegfs/rcabanas/dev/credici/papers/causal_flavour/learntmodels
/mnt/beegfs/rcabanas/dev/credici/papers/causal_flavour/models
/mnt/beegfs/rcabanas/dev/credici/target/credici-0.1.5-dev-SNAPSHOT-jar-with-dependencies.jar
/mnt/beegfs/rcabanas/dev/credici/papers/causal_flavour/code/LearnCF.java
seed=30
/mnt/beegfs/rcabanas/dev/credici
/mnt/beegfs/rcabanas/dev/credici/papers/causal_flavour
/mnt/beegfs/rcabanas/dev/credici/papers/causal_flavour/learntmodels
/mnt/beegfs/rcabanas/dev/credici/papers/causal_flavour/models
/mnt/beegfs/rcabanas/dev/credici/target/credici-0.1.5-dev-SNAPSHOT-jar-with-dependencies.jar
/mnt/beegfs/rcabanas/dev/credici/papers/causal_flavour/code/LearnCF.java
seed=46
/mnt/beegfs/rcabanas/dev/credici
/mnt/beegfs/rcabanas/dev/credici/papers/causal_flavour
/mnt/beegfs/rcabanas/dev/credici/papers/causal_flavour/learntmodels
seed=48
/mnt/beegfs/rcabanas/dev/credici
/mnt/beegfs/rcabanas/dev/credici/papers/causal_flavour
seed=43
/mnt/beegfs/rcabanas/dev/credici/papers/causal_flavour/models
/mnt/beegfs/rcabanas/dev/credici/target/credici-0.1.5-dev-SNAPSHOT-jar-with-dependencies.jar
/mnt/beegfs/rcabanas/dev/credici/papers/causal_flavour/code/LearnCF.java
/mnt/beegfs/rcabanas/dev/credici/papers/causal_flavour/learntmodels
/mnt/beegfs/rcabanas/dev/credici
/mnt/beegfs/rcabanas/dev/credici/papers/causal_flavour/models
/mnt/beegfs/rcabanas/dev/credici/papers/causal_flavour
/mnt/beegfs/rcabanas/dev/credici/papers/causal_flavour/learntmodels
/mnt/beegfs/rcabanas/dev/credici/target/credici-0.1.5-dev-SNAPSHOT-jar-with-dependencies.jar
/mnt/beegfs/rcabanas/dev/credici/papers/causal_flavour/code/LearnCF.java
/mnt/beegfs/rcabanas/dev/credici/papers/causal_flavour/models
/mnt/beegfs/rcabanas/dev/credici/target/credici-0.1.5-dev-SNAPSHOT-jar-with-dependencies.jar
/mnt/beegfs/rcabanas/dev/credici/papers/causal_flavour/code/LearnCF.java
['learn.py', '1500', '47']
seed=47
/mnt/beegfs/rcabanas/dev/credici
/mnt/beegfs/rcabanas/dev/credici/papers/causal_flavour
/mnt/beegfs/rcabanas/dev/credici/papers/causal_flavour/learntmodels
/mnt/beegfs/rcabanas/dev/credici/papers/causal_flavour/models
/mnt/beegfs/rcabanas/dev/credici/target/credici-0.1.5-dev-SNAPSHOT-jar-with-dependencies.jar
/mnt/beegfs/rcabanas/dev/credici/papers/causal_flavour/code/LearnCF.java
[2024-05-17T10:40:01.144309][INFO][seed18] Set up logging
[2024-05-17T10:40:01.171447][INFO][seed18] args: -m;1500;-o;/mnt/beegfs/rcabanas/dev/credici/papers/causal_flavour/learntmodels/miter1500;--data;/mnt/beegfs/rcabanas/dev/credici/papers/causal_flavour/data/simple_learner_4Q10k_data.csv;-rw;-s;18;/mnt/beegfs/rcabanas/dev/credici/papers/causal_flavour/models/simple_learner_4Q10k.uai
[2024-05-17T10:40:01.176020][INFO][seed18] Starting logger with seed 18
[2024-05-17T10:40:01.192282][INFO][seed3] Set up logging
[2024-05-17T10:40:01.226455][INFO][seed3] args: -m;1500;-o;/mnt/beegfs/rcabanas/dev/credici/papers/causal_flavour/learntmodels/miter1500;--data;/mnt/beegfs/rcabanas/dev/credici/papers/causal_flavour/data/simple_learner_4Q10k_data.csv;-rw;-s;3;/mnt/beegfs/rcabanas/dev/credici/papers/causal_flavour/models/simple_learner_4Q10k.uai
[2024-05-17T10:40:01.229477][INFO][seed3] Starting logger with seed 3
[2024-05-17T10:40:01.209753][INFO][seed7] Set up logging
[2024-05-17T10:40:01.253475][INFO][seed7] args: -m;1500;-o;/mnt/beegfs/rcabanas/dev/credici/papers/causal_flavour/learntmodels/miter1500;--data;/mnt/beegfs/rcabanas/dev/credici/papers/causal_flavour/data/simple_learner_4Q10k_data.csv;-rw;-s;7;/mnt/beegfs/rcabanas/dev/credici/papers/causal_flavour/models/simple_learner_4Q10k.uai
[2024-05-17T10:40:01.255730][INFO][seed7] Starting logger with seed 7
[2024-05-17T10:40:01.243675][INFO][seed21] Set up logging
[2024-05-17T10:40:01.269640][INFO][seed21] args: -m;1500;-o;/mnt/beegfs/rcabanas/dev/credici/papers/causal_flavour/learntmodels/miter1500;--data;/mnt/beegfs/rcabanas/dev/credici/papers/causal_flavour/data/simple_learner_4Q10k_data.csv;-rw;-s;21;/mnt/beegfs/rcabanas/dev/credici/papers/causal_flavour/models/simple_learner_4Q10k.uai
[2024-05-17T10:40:01.239682][INFO][seed6] Set up logging
[2024-05-17T10:40:01.243180][INFO][seed11] Set up logging
[2024-05-17T10:40:01.278529][INFO][seed6] args: -m;1500;-o;/mnt/beegfs/rcabanas/dev/credici/papers/causal_flavour/learntmodels/miter1500;--data;/mnt/beegfs/rcabanas/dev/credici/papers/causal_flavour/data/simple_learner_4Q10k_data.csv;-rw;-s;6;/mnt/beegfs/rcabanas/dev/credici/papers/causal_flavour/models/simple_learner_4Q10k.uai
[2024-05-17T10:40:01.278995][INFO][seed11] args: -m;1500;-o;/mnt/beegfs/rcabanas/dev/credici/papers/causal_flavour/learntmodels/miter1500;--data;/mnt/beegfs/rcabanas/dev/credici/papers/causal_flavour/data/simple_learner_4Q10k_data.csv;-rw;-s;11;/mnt/beegfs/rcabanas/dev/credici/papers/causal_flavour/models/simple_learner_4Q10k.uai
[2024-05-17T10:40:01.280453][INFO][seed6] Starting logger with seed 6
[2024-05-17T10:40:01.280856][INFO][seed11] Starting logger with seed 11
[2024-05-17T10:40:01.260306][INFO][seed13] Set up logging
[2024-05-17T10:40:01.288029][INFO][seed13] args: -m;1500;-o;/mnt/beegfs/rcabanas/dev/credici/papers/causal_flavour/learntmodels/miter1500;--data;/mnt/beegfs/rcabanas/dev/credici/papers/causal_flavour/data/simple_learner_4Q10k_data.csv;-rw;-s;13;/mnt/beegfs/rcabanas/dev/credici/papers/causal_flavour/models/simple_learner_4Q10k.uai
[2024-05-17T10:40:01.284859][INFO][seed21] Starting logger with seed 21
[2024-05-17T10:40:01.294099][INFO][seed13] Starting logger with seed 13
[2024-05-17T10:40:01.273669][INFO][seed4] Set up logging
[2024-05-17T10:40:01.309337][INFO][seed4] args: -m;1500;-o;/mnt/beegfs/rcabanas/dev/credici/papers/causal_flavour/learntmodels/miter1500;--data;/mnt/beegfs/rcabanas/dev/credici/papers/causal_flavour/data/simple_learner_4Q10k_data.csv;-rw;-s;4;/mnt/beegfs/rcabanas/dev/credici/papers/causal_flavour/models/simple_learner_4Q10k.uai
[2024-05-17T10:40:01.280438][INFO][seed2] Set up logging
[2024-05-17T10:40:01.311917][INFO][seed4] Starting logger with seed 4
[2024-05-17T10:40:01.312674][INFO][seed2] args: -m;1500;-o;/mnt/beegfs/rcabanas/dev/credici/papers/causal_flavour/learntmodels/miter1500;--data;/mnt/beegfs/rcabanas/dev/credici/papers/causal_flavour/data/simple_learner_4Q10k_data.csv;-rw;-s;2;/mnt/beegfs/rcabanas/dev/credici/papers/causal_flavour/models/simple_learner_4Q10k.uai
[2024-05-17T10:40:01.318501][INFO][seed2] Starting logger with seed 2
[2024-05-17T10:40:01.285253][INFO][seed14] Set up logging
[2024-05-17T10:40:01.322660][INFO][seed14] args: -m;1500;-o;/mnt/beegfs/rcabanas/dev/credici/papers/causal_flavour/learntmodels/miter1500;--data;/mnt/beegfs/rcabanas/dev/credici/papers/causal_flavour/data/simple_learner_4Q10k_data.csv;-rw;-s;14;/mnt/beegfs/rcabanas/dev/credici/papers/causal_flavour/models/simple_learner_4Q10k.uai
[2024-05-17T10:40:01.324545][INFO][seed14] Starting logger with seed 14
[2024-05-17T10:40:01.346935][INFO][seed10] Set up logging
[2024-05-17T10:40:01.369964][INFO][seed10] args: -m;1500;-o;/mnt/beegfs/rcabanas/dev/credici/papers/causal_flavour/learntmodels/miter1500;--data;/mnt/beegfs/rcabanas/dev/credici/papers/causal_flavour/data/simple_learner_4Q10k_data.csv;-rw;-s;10;/mnt/beegfs/rcabanas/dev/credici/papers/causal_flavour/models/simple_learner_4Q10k.uai
[2024-05-17T10:40:01.386905][INFO][seed10] Starting logger with seed 10
[2024-05-17T10:40:01.370581][INFO][seed49] Set up logging
[2024-05-17T10:40:01.402103][INFO][seed49] args: -m;1500;-o;/mnt/beegfs/rcabanas/dev/credici/papers/causal_flavour/learntmodels/miter1500;--data;/mnt/beegfs/rcabanas/dev/credici/papers/causal_flavour/data/simple_learner_4Q10k_data.csv;-rw;-s;49;/mnt/beegfs/rcabanas/dev/credici/papers/causal_flavour/models/simple_learner_4Q10k.uai
[2024-05-17T10:40:01.409025][INFO][seed49] Starting logger with seed 49
[2024-05-17T10:40:01.380575][INFO][seed32] Set up logging
[2024-05-17T10:40:01.412864][INFO][seed32] args: -m;1500;-o;/mnt/beegfs/rcabanas/dev/credici/papers/causal_flavour/learntmodels/miter1500;--data;/mnt/beegfs/rcabanas/dev/credici/papers/causal_flavour/data/simple_learner_4Q10k_data.csv;-rw;-s;32;/mnt/beegfs/rcabanas/dev/credici/papers/causal_flavour/models/simple_learner_4Q10k.uai
[2024-05-17T10:40:01.418109][INFO][seed32] Starting logger with seed 32
[2024-05-17T10:40:01.436677][INFO][seed18] Loaded model and info: /mnt/beegfs/rcabanas/dev/credici/papers/causal_flavour/models/simple_learner_4Q10k.uai
[2024-05-17T10:40:01.437993][INFO][seed3] Loaded model and info: /mnt/beegfs/rcabanas/dev/credici/papers/causal_flavour/models/simple_learner_4Q10k.uai
[2024-05-17T10:40:01.418465][INFO][seed12] Set up logging
[2024-05-17T10:40:01.450579][INFO][seed7] Loaded model and info: /mnt/beegfs/rcabanas/dev/credici/papers/causal_flavour/models/simple_learner_4Q10k.uai
[2024-05-17T10:40:01.451065][INFO][seed12] args: -m;1500;-o;/mnt/beegfs/rcabanas/dev/credici/papers/causal_flavour/learntmodels/miter1500;--data;/mnt/beegfs/rcabanas/dev/credici/papers/causal_flavour/data/simple_learner_4Q10k_data.csv;-rw;-s;12;/mnt/beegfs/rcabanas/dev/credici/papers/causal_flavour/models/simple_learner_4Q10k.uai
[2024-05-17T10:40:01.453119][INFO][seed12] Starting logger with seed 12
[2024-05-17T10:40:01.431468][INFO][seed17] Set up logging
[2024-05-17T10:40:01.460954][INFO][seed17] args: -m;1500;-o;/mnt/beegfs/rcabanas/dev/credici/papers/causal_flavour/learntmodels/miter1500;--data;/mnt/beegfs/rcabanas/dev/credici/papers/causal_flavour/data/simple_learner_4Q10k_data.csv;-rw;-s;17;/mnt/beegfs/rcabanas/dev/credici/papers/causal_flavour/models/simple_learner_4Q10k.uai
[2024-05-17T10:40:01.464052][INFO][seed17] Starting logger with seed 17
[2024-05-17T10:40:01.460149][INFO][seed31] Set up logging
[2024-05-17T10:40:01.459267][INFO][seed35] Set up logging
[2024-05-17T10:40:01.497899][INFO][seed31] args: -m;1500;-o;/mnt/beegfs/rcabanas/dev/credici/papers/causal_flavour/learntmodels/miter1500;--data;/mnt/beegfs/rcabanas/dev/credici/papers/causal_flavour/data/simple_learner_4Q10k_data.csv;-rw;-s;31;/mnt/beegfs/rcabanas/dev/credici/papers/causal_flavour/models/simple_learner_4Q10k.uai
[2024-05-17T10:40:01.498767][INFO][seed35] args: -m;1500;-o;/mnt/beegfs/rcabanas/dev/credici/papers/causal_flavour/learntmodels/miter1500;--data;/mnt/beegfs/rcabanas/dev/credici/papers/causal_flavour/data/simple_learner_4Q10k_data.csv;-rw;-s;35;/mnt/beegfs/rcabanas/dev/credici/papers/causal_flavour/models/simple_learner_4Q10k.uai
[2024-05-17T10:40:01.502404][INFO][seed35] Starting logger with seed 35
[2024-05-17T10:40:01.502430][INFO][seed31] Starting logger with seed 31
[2024-05-17T10:40:01.497155][INFO][seed37] Set up logging
[2024-05-17T10:40:01.521706][INFO][seed37] args: -m;1500;-o;/mnt/beegfs/rcabanas/dev/credici/papers/causal_flavour/learntmodels/miter1500;--data;/mnt/beegfs/rcabanas/dev/credici/papers/causal_flavour/data/simple_learner_4Q10k_data.csv;-rw;-s;37;/mnt/beegfs/rcabanas/dev/credici/papers/causal_flavour/models/simple_learner_4Q10k.uai
[2024-05-17T10:40:01.527412][INFO][seed37] Starting logger with seed 37
[2024-05-17T10:40:01.533711][INFO][seed21] Loaded model and info: /mnt/beegfs/rcabanas/dev/credici/papers/causal_flavour/models/simple_learner_4Q10k.uai
[2024-05-17T10:40:01.536218][INFO][seed11] Loaded model and info: /mnt/beegfs/rcabanas/dev/credici/papers/causal_flavour/models/simple_learner_4Q10k.uai
[2024-05-17T10:40:01.574940][INFO][seed6] Loaded model and info: /mnt/beegfs/rcabanas/dev/credici/papers/causal_flavour/models/simple_learner_4Q10k.uai
[2024-05-17T10:40:01.577621][INFO][seed13] Loaded model and info: /mnt/beegfs/rcabanas/dev/credici/papers/causal_flavour/models/simple_learner_4Q10k.uai
[2024-05-17T10:40:01.579355][INFO][seed2] Loaded model and info: /mnt/beegfs/rcabanas/dev/credici/papers/causal_flavour/models/simple_learner_4Q10k.uai
[2024-05-17T10:40:01.589465][INFO][seed4] Loaded model and info: /mnt/beegfs/rcabanas/dev/credici/papers/causal_flavour/models/simple_learner_4Q10k.uai
[2024-05-17T10:40:01.623016][INFO][seed14] Loaded model and info: /mnt/beegfs/rcabanas/dev/credici/papers/causal_flavour/models/simple_learner_4Q10k.uai
[2024-05-17T10:40:01.621566][INFO][seed28] Set up logging
[2024-05-17T10:40:01.619535][INFO][seed0] Set up logging
[2024-05-17T10:40:01.651341][INFO][seed0] args: -m;1500;-o;/mnt/beegfs/rcabanas/dev/credici/papers/causal_flavour/learntmodels/miter1500;--data;/mnt/beegfs/rcabanas/dev/credici/papers/causal_flavour/data/simple_learner_4Q10k_data.csv;-rw;-s;0;/mnt/beegfs/rcabanas/dev/credici/papers/causal_flavour/models/simple_learner_4Q10k.uai
[2024-05-17T10:40:01.655644][INFO][seed0] Starting logger with seed 0
[2024-05-17T10:40:01.655405][INFO][seed28] args: -m;1500;-o;/mnt/beegfs/rcabanas/dev/credici/papers/causal_flavour/learntmodels/miter1500;--data;/mnt/beegfs/rcabanas/dev/credici/papers/causal_flavour/data/simple_learner_4Q10k_data.csv;-rw;-s;28;/mnt/beegfs/rcabanas/dev/credici/papers/causal_flavour/models/simple_learner_4Q10k.uai
[2024-05-17T10:40:01.667781][INFO][seed28] Starting logger with seed 28
[2024-05-17T10:40:01.710897][INFO][seed10] Loaded model and info: /mnt/beegfs/rcabanas/dev/credici/papers/causal_flavour/models/simple_learner_4Q10k.uai
[2024-05-17T10:40:01.705433][INFO][seed24] Set up logging
[2024-05-17T10:40:01.737415][INFO][seed49] Loaded model and info: /mnt/beegfs/rcabanas/dev/credici/papers/causal_flavour/models/simple_learner_4Q10k.uai
[2024-05-17T10:40:01.736897][INFO][seed12] Loaded model and info: /mnt/beegfs/rcabanas/dev/credici/papers/causal_flavour/models/simple_learner_4Q10k.uai
[2024-05-17T10:40:01.739025][INFO][seed24] args: -m;1500;-o;/mnt/beegfs/rcabanas/dev/credici/papers/causal_flavour/learntmodels/miter1500;--data;/mnt/beegfs/rcabanas/dev/credici/papers/causal_flavour/data/simple_learner_4Q10k_data.csv;-rw;-s;24;/mnt/beegfs/rcabanas/dev/credici/papers/causal_flavour/models/simple_learner_4Q10k.uai
[2024-05-17T10:40:01.711722][INFO][seed19] Set up logging
[2024-05-17T10:40:01.741506][INFO][seed19] args: -m;1500;-o;/mnt/beegfs/rcabanas/dev/credici/papers/causal_flavour/learntmodels/miter1500;--data;/mnt/beegfs/rcabanas/dev/credici/papers/causal_flavour/data/simple_learner_4Q10k_data.csv;-rw;-s;19;/mnt/beegfs/rcabanas/dev/credici/papers/causal_flavour/models/simple_learner_4Q10k.uai
[2024-05-17T10:40:01.749512][INFO][seed19] Starting logger with seed 19
[2024-05-17T10:40:01.749501][INFO][seed24] Starting logger with seed 24
[2024-05-17T10:40:01.759013][INFO][seed35] Loaded model and info: /mnt/beegfs/rcabanas/dev/credici/papers/causal_flavour/models/simple_learner_4Q10k.uai
[2024-05-17T10:40:01.780189][INFO][seed17] Loaded model and info: /mnt/beegfs/rcabanas/dev/credici/papers/causal_flavour/models/simple_learner_4Q10k.uai
[2024-05-17T10:40:01.791924][INFO][seed31] Loaded model and info: /mnt/beegfs/rcabanas/dev/credici/papers/causal_flavour/models/simple_learner_4Q10k.uai
[2024-05-17T10:40:01.834298][INFO][seed3] Loaded 10000 data instances
[2024-05-17T10:40:01.835255][INFO][seed3] Starting learning up to 1500 iterations
[2024-05-17T10:40:01.837403][INFO][seed18] Loaded 10000 data instances
[2024-05-17T10:40:01.838122][INFO][seed18] Starting learning up to 1500 iterations
[2024-05-17T10:40:01.838909][INFO][seed37] Loaded model and info: /mnt/beegfs/rcabanas/dev/credici/papers/causal_flavour/models/simple_learner_4Q10k.uai
[2024-05-17T10:40:01.843267][INFO][seed7] Loaded 10000 data instances
[2024-05-17T10:40:01.855165][INFO][seed7] Starting learning up to 1500 iterations
[2024-05-17T10:40:01.869177][INFO][seed40] Set up logging
[2024-05-17T10:40:01.884572][INFO][seed40] args: -m;1500;-o;/mnt/beegfs/rcabanas/dev/credici/papers/causal_flavour/learntmodels/miter1500;--data;/mnt/beegfs/rcabanas/dev/credici/papers/causal_flavour/data/simple_learner_4Q10k_data.csv;-rw;-s;40;/mnt/beegfs/rcabanas/dev/credici/papers/causal_flavour/models/simple_learner_4Q10k.uai
[2024-05-17T10:40:01.855336][INFO][seed5] Set up logging
[2024-05-17T10:40:01.887548][INFO][seed5] args: -m;1500;-o;/mnt/beegfs/rcabanas/dev/credici/papers/causal_flavour/learntmodels/miter1500;--data;/mnt/beegfs/rcabanas/dev/credici/papers/causal_flavour/data/simple_learner_4Q10k_data.csv;-rw;-s;5;/mnt/beegfs/rcabanas/dev/credici/papers/causal_flavour/models/simple_learner_4Q10k.uai
[2024-05-17T10:40:01.887792][INFO][seed11] Loaded 10000 data instances
[2024-05-17T10:40:01.877824][INFO][seed27] Set up logging
[2024-05-17T10:40:01.897089][INFO][seed5] Starting logger with seed 5
[2024-05-17T10:40:01.897218][INFO][seed11] Starting learning up to 1500 iterations
[2024-05-17T10:40:01.896834][INFO][seed40] Starting logger with seed 40
[2024-05-17T10:40:01.886919][INFO][seed26] Set up logging
[2024-05-17T10:40:01.907998][INFO][seed32] Loaded model and info: /mnt/beegfs/rcabanas/dev/credici/papers/causal_flavour/models/simple_learner_4Q10k.uai
[2024-05-17T10:40:01.907610][INFO][seed26] args: -m;1500;-o;/mnt/beegfs/rcabanas/dev/credici/papers/causal_flavour/learntmodels/miter1500;--data;/mnt/beegfs/rcabanas/dev/credici/papers/causal_flavour/data/simple_learner_4Q10k_data.csv;-rw;-s;26;/mnt/beegfs/rcabanas/dev/credici/papers/causal_flavour/models/simple_learner_4Q10k.uai
[2024-05-17T10:40:01.907991][INFO][seed27] args: -m;1500;-o;/mnt/beegfs/rcabanas/dev/credici/papers/causal_flavour/learntmodels/miter1500;--data;/mnt/beegfs/rcabanas/dev/credici/papers/causal_flavour/data/simple_learner_4Q10k_data.csv;-rw;-s;27;/mnt/beegfs/rcabanas/dev/credici/papers/causal_flavour/models/simple_learner_4Q10k.uai
[2024-05-17T10:40:01.910955][INFO][seed27] Starting logger with seed 27
[2024-05-17T10:40:01.916901][INFO][seed26] Starting logger with seed 26
[2024-05-17T10:40:01.908394][INFO][seed50] Set up logging
[2024-05-17T10:40:01.928650][INFO][seed50] args: -m;1500;-o;/mnt/beegfs/rcabanas/dev/credici/papers/causal_flavour/learntmodels/miter1500;--data;/mnt/beegfs/rcabanas/dev/credici/papers/causal_flavour/data/simple_learner_4Q10k_data.csv;-rw;-s;50;/mnt/beegfs/rcabanas/dev/credici/papers/causal_flavour/models/simple_learner_4Q10k.uai
[2024-05-17T10:40:01.933906][INFO][seed0] Loaded model and info: /mnt/beegfs/rcabanas/dev/credici/papers/causal_flavour/models/simple_learner_4Q10k.uai
[2024-05-17T10:40:01.935909][INFO][seed50] Starting logger with seed 50
[2024-05-17T10:40:01.936303][INFO][seed28] Loaded model and info: /mnt/beegfs/rcabanas/dev/credici/papers/causal_flavour/models/simple_learner_4Q10k.uai
[2024-05-17T10:40:01.879154][INFO][seed8] Set up logging
[2024-05-17T10:40:01.942018][INFO][seed8] args: -m;1500;-o;/mnt/beegfs/rcabanas/dev/credici/papers/causal_flavour/learntmodels/miter1500;--data;/mnt/beegfs/rcabanas/dev/credici/papers/causal_flavour/data/simple_learner_4Q10k_data.csv;-rw;-s;8;/mnt/beegfs/rcabanas/dev/credici/papers/causal_flavour/models/simple_learner_4Q10k.uai
[2024-05-17T10:40:01.943690][INFO][seed8] Starting logger with seed 8
[2024-05-17T10:40:01.925284][INFO][seed15] Set up logging
[2024-05-17T10:40:01.953339][INFO][seed15] args: -m;1500;-o;/mnt/beegfs/rcabanas/dev/credici/papers/causal_flavour/learntmodels/miter1500;--data;/mnt/beegfs/rcabanas/dev/credici/papers/causal_flavour/data/simple_learner_4Q10k_data.csv;-rw;-s;15;/mnt/beegfs/rcabanas/dev/credici/papers/causal_flavour/models/simple_learner_4Q10k.uai
[2024-05-17T10:40:01.922920][INFO][seed29] Set up logging
[2024-05-17T10:40:01.926425][INFO][seed33] Set up logging
[2024-05-17T10:40:01.955959][INFO][seed29] args: -m;1500;-o;/mnt/beegfs/rcabanas/dev/credici/papers/causal_flavour/learntmodels/miter1500;--data;/mnt/beegfs/rcabanas/dev/credici/papers/causal_flavour/data/simple_learner_4Q10k_data.csv;-rw;-s;29;/mnt/beegfs/rcabanas/dev/credici/papers/causal_flavour/models/simple_learner_4Q10k.uai
[2024-05-17T10:40:01.956154][INFO][seed15] Starting logger with seed 15
[2024-05-17T10:40:01.956826][INFO][seed33] args: -m;1500;-o;/mnt/beegfs/rcabanas/dev/credici/papers/causal_flavour/learntmodels/miter1500;--data;/mnt/beegfs/rcabanas/dev/credici/papers/causal_flavour/data/simple_learner_4Q10k_data.csv;-rw;-s;33;/mnt/beegfs/rcabanas/dev/credici/papers/causal_flavour/models/simple_learner_4Q10k.uai
[2024-05-17T10:40:01.956804][INFO][seed2] Loaded 10000 data instances
[2024-05-17T10:40:01.957570][INFO][seed29] Starting logger with seed 29
[2024-05-17T10:40:01.957657][INFO][seed2] Starting learning up to 1500 iterations
[2024-05-17T10:40:01.958269][INFO][seed33] Starting logger with seed 33
[2024-05-17T10:40:01.964732][INFO][seed13] Loaded 10000 data instances
[2024-05-17T10:40:01.943164][INFO][seed36] Set up logging
[2024-05-17T10:40:01.967135][INFO][seed36] args: -m;1500;-o;/mnt/beegfs/rcabanas/dev/credici/papers/causal_flavour/learntmodels/miter1500;--data;/mnt/beegfs/rcabanas/dev/credici/papers/causal_flavour/data/simple_learner_4Q10k_data.csv;-rw;-s;36;/mnt/beegfs/rcabanas/dev/credici/papers/causal_flavour/models/simple_learner_4Q10k.uai
[2024-05-17T10:40:01.969098][INFO][seed13] Starting learning up to 1500 iterations
[2024-05-17T10:40:01.972375][INFO][seed4] Loaded 10000 data instances
[2024-05-17T10:40:01.972747][INFO][seed6] Loaded 10000 data instances
[2024-05-17T10:40:01.934045][INFO][seed16] Set up logging
[2024-05-17T10:40:01.973190][INFO][seed4] Starting learning up to 1500 iterations
[2024-05-17T10:40:01.973621][INFO][seed6] Starting learning up to 1500 iterations
[2024-05-17T10:40:01.973716][INFO][seed16] args: -m;1500;-o;/mnt/beegfs/rcabanas/dev/credici/papers/causal_flavour/learntmodels/miter1500;--data;/mnt/beegfs/rcabanas/dev/credici/papers/causal_flavour/data/simple_learner_4Q10k_data.csv;-rw;-s;16;/mnt/beegfs/rcabanas/dev/credici/papers/causal_flavour/models/simple_learner_4Q10k.uai
[2024-05-17T10:40:01.976340][INFO][seed36] Starting logger with seed 36
[2024-05-17T10:40:01.977237][INFO][seed16] Starting logger with seed 16
[2024-05-17T10:40:01.960806][INFO][seed22] Set up logging
[2024-05-17T10:40:01.994645][INFO][seed22] args: -m;1500;-o;/mnt/beegfs/rcabanas/dev/credici/papers/causal_flavour/learntmodels/miter1500;--data;/mnt/beegfs/rcabanas/dev/credici/papers/causal_flavour/data/simple_learner_4Q10k_data.csv;-rw;-s;22;/mnt/beegfs/rcabanas/dev/credici/papers/causal_flavour/models/simple_learner_4Q10k.uai
[2024-05-17T10:40:01.996419][INFO][seed22] Starting logger with seed 22
[2024-05-17T10:40:02.008862][INFO][seed14] Loaded 10000 data instances
[2024-05-17T10:40:02.009639][INFO][seed14] Starting learning up to 1500 iterations
[2024-05-17T10:40:01.986740][INFO][seed44] Set up logging
[2024-05-17T10:40:02.014900][INFO][seed44] args: -m;1500;-o;/mnt/beegfs/rcabanas/dev/credici/papers/causal_flavour/learntmodels/miter1500;--data;/mnt/beegfs/rcabanas/dev/credici/papers/causal_flavour/data/simple_learner_4Q10k_data.csv;-rw;-s;44;/mnt/beegfs/rcabanas/dev/credici/papers/causal_flavour/models/simple_learner_4Q10k.uai
[2024-05-17T10:40:02.014809][INFO][seed21] Loaded 10000 data instances
[2024-05-17T10:40:02.015731][INFO][seed21] Starting learning up to 1500 iterations
[2024-05-17T10:40:02.017716][INFO][seed44] Starting logger with seed 44
[2024-05-17T10:40:02.023391][INFO][seed20] Set up logging
[2024-05-17T10:40:02.048417][INFO][seed20] args: -m;1500;-o;/mnt/beegfs/rcabanas/dev/credici/papers/causal_flavour/learntmodels/miter1500;--data;/mnt/beegfs/rcabanas/dev/credici/papers/causal_flavour/data/simple_learner_4Q10k_data.csv;-rw;-s;20;/mnt/beegfs/rcabanas/dev/credici/papers/causal_flavour/models/simple_learner_4Q10k.uai
[2024-05-17T10:40:02.051043][INFO][seed24] Loaded model and info: /mnt/beegfs/rcabanas/dev/credici/papers/causal_flavour/models/simple_learner_4Q10k.uai
[2024-05-17T10:40:02.018329][INFO][seed9] Set up logging
[2024-05-17T10:40:02.055183][INFO][seed9] args: -m;1500;-o;/mnt/beegfs/rcabanas/dev/credici/papers/causal_flavour/learntmodels/miter1500;--data;/mnt/beegfs/rcabanas/dev/credici/papers/causal_flavour/data/simple_learner_4Q10k_data.csv;-rw;-s;9;/mnt/beegfs/rcabanas/dev/credici/papers/causal_flavour/models/simple_learner_4Q10k.uai
[2024-05-17T10:40:02.055180][INFO][seed20] Starting logger with seed 20
[2024-05-17T10:40:02.055263][INFO][seed19] Loaded model and info: /mnt/beegfs/rcabanas/dev/credici/papers/causal_flavour/models/simple_learner_4Q10k.uai
[2024-05-17T10:40:02.057264][INFO][seed9] Starting logger with seed 9
[2024-05-17T10:40:02.098976][INFO][seed25] Set up logging
[2024-05-17T10:40:02.122041][INFO][seed25] args: -m;1500;-o;/mnt/beegfs/rcabanas/dev/credici/papers/causal_flavour/learntmodels/miter1500;--data;/mnt/beegfs/rcabanas/dev/credici/papers/causal_flavour/data/simple_learner_4Q10k_data.csv;-rw;-s;25;/mnt/beegfs/rcabanas/dev/credici/papers/causal_flavour/models/simple_learner_4Q10k.uai
[2024-05-17T10:40:02.097662][INFO][seed42] Set up logging
[2024-05-17T10:40:02.123878][INFO][seed42] args: -m;1500;-o;/mnt/beegfs/rcabanas/dev/credici/papers/causal_flavour/learntmodels/miter1500;--data;/mnt/beegfs/rcabanas/dev/credici/papers/causal_flavour/data/simple_learner_4Q10k_data.csv;-rw;-s;42;/mnt/beegfs/rcabanas/dev/credici/papers/causal_flavour/models/simple_learner_4Q10k.uai
[2024-05-17T10:40:02.101990][INFO][seed1] Set up logging
[2024-05-17T10:40:02.130041][INFO][seed1] args: -m;1500;-o;/mnt/beegfs/rcabanas/dev/credici/papers/causal_flavour/learntmodels/miter1500;--data;/mnt/beegfs/rcabanas/dev/credici/papers/causal_flavour/data/simple_learner_4Q10k_data.csv;-rw;-s;1;/mnt/beegfs/rcabanas/dev/credici/papers/causal_flavour/models/simple_learner_4Q10k.uai
[2024-05-17T10:40:02.130671][INFO][seed42] Starting logger with seed 42
[2024-05-17T10:40:02.130902][INFO][seed25] Starting logger with seed 25
[2024-05-17T10:40:02.119429][INFO][seed38] Set up logging
[2024-05-17T10:40:02.119532][INFO][seed34] Set up logging
[2024-05-17T10:40:02.119499][INFO][seed48] Set up logging
[2024-05-17T10:40:02.135466][INFO][seed34] args: -m;1500;-o;/mnt/beegfs/rcabanas/dev/credici/papers/causal_flavour/learntmodels/miter1500;--data;/mnt/beegfs/rcabanas/dev/credici/papers/causal_flavour/data/simple_learner_4Q10k_data.csv;-rw;-s;34;/mnt/beegfs/rcabanas/dev/credici/papers/causal_flavour/models/simple_learner_4Q10k.uai
[2024-05-17T10:40:02.136774][INFO][seed1] Starting logger with seed 1
[2024-05-17T10:40:02.140702][INFO][seed48] args: -m;1500;-o;/mnt/beegfs/rcabanas/dev/credici/papers/causal_flavour/learntmodels/miter1500;--data;/mnt/beegfs/rcabanas/dev/credici/papers/causal_flavour/data/simple_learner_4Q10k_data.csv;-rw;-s;48;/mnt/beegfs/rcabanas/dev/credici/papers/causal_flavour/models/simple_learner_4Q10k.uai
[2024-05-17T10:40:02.112272][INFO][seed30] Set up logging
[2024-05-17T10:40:02.142378][INFO][seed30] args: -m;1500;-o;/mnt/beegfs/rcabanas/dev/credici/papers/causal_flavour/learntmodels/miter1500;--data;/mnt/beegfs/rcabanas/dev/credici/papers/causal_flavour/data/simple_learner_4Q10k_data.csv;-rw;-s;30;/mnt/beegfs/rcabanas/dev/credici/papers/causal_flavour/models/simple_learner_4Q10k.uai
[2024-05-17T10:40:02.122363][INFO][seed23] Set up logging
[2024-05-17T10:40:02.146752][INFO][seed23] args: -m;1500;-o;/mnt/beegfs/rcabanas/dev/credici/papers/causal_flavour/learntmodels/miter1500;--data;/mnt/beegfs/rcabanas/dev/credici/papers/causal_flavour/data/simple_learner_4Q10k_data.csv;-rw;-s;23;/mnt/beegfs/rcabanas/dev/credici/papers/causal_flavour/models/simple_learner_4Q10k.uai
[2024-05-17T10:40:02.135037][INFO][seed38] args: -m;1500;-o;/mnt/beegfs/rcabanas/dev/credici/papers/causal_flavour/learntmodels/miter1500;--data;/mnt/beegfs/rcabanas/dev/credici/papers/causal_flavour/data/simple_learner_4Q10k_data.csv;-rw;-s;38;/mnt/beegfs/rcabanas/dev/credici/papers/causal_flavour/models/simple_learner_4Q10k.uai
[2024-05-17T10:40:02.149229][INFO][seed48] Starting logger with seed 48
[2024-05-17T10:40:02.149297][INFO][seed34] Starting logger with seed 34
[2024-05-17T10:40:02.149469][INFO][seed23] Starting logger with seed 23
[2024-05-17T10:40:02.150978][INFO][seed40] Loaded model and info: /mnt/beegfs/rcabanas/dev/credici/papers/causal_flavour/models/simple_learner_4Q10k.uai
[2024-05-17T10:40:02.151841][INFO][seed10] Loaded 10000 data instances
[2024-05-17T10:40:02.152690][INFO][seed10] Starting learning up to 1500 iterations
[2024-05-17T10:40:02.149119][INFO][seed30] Starting logger with seed 30
[2024-05-17T10:40:02.150460][INFO][seed38] Starting logger with seed 38
[2024-05-17T10:40:02.125970][INFO][seed43] Set up logging
[2024-05-17T10:40:02.156471][INFO][seed43] args: -m;1500;-o;/mnt/beegfs/rcabanas/dev/credici/papers/causal_flavour/learntmodels/miter1500;--data;/mnt/beegfs/rcabanas/dev/credici/papers/causal_flavour/data/simple_learner_4Q10k_data.csv;-rw;-s;43;/mnt/beegfs/rcabanas/dev/credici/papers/causal_flavour/models/simple_learner_4Q10k.uai
[2024-05-17T10:40:02.136116][INFO][seed46] Set up logging
[2024-05-17T10:40:02.157209][INFO][seed46] args: -m;1500;-o;/mnt/beegfs/rcabanas/dev/credici/papers/causal_flavour/learntmodels/miter1500;--data;/mnt/beegfs/rcabanas/dev/credici/papers/causal_flavour/data/simple_learner_4Q10k_data.csv;-rw;-s;46;/mnt/beegfs/rcabanas/dev/credici/papers/causal_flavour/models/simple_learner_4Q10k.uai
[2024-05-17T10:40:02.158914][INFO][seed5] Loaded model and info: /mnt/beegfs/rcabanas/dev/credici/papers/causal_flavour/models/simple_learner_4Q10k.uai
[2024-05-17T10:40:02.159351][INFO][seed50] Loaded model and info: /mnt/beegfs/rcabanas/dev/credici/papers/causal_flavour/models/simple_learner_4Q10k.uai
[2024-05-17T10:40:02.127999][INFO][seed45] Set up logging
[2024-05-17T10:40:02.161367][INFO][seed45] args: -m;1500;-o;/mnt/beegfs/rcabanas/dev/credici/papers/causal_flavour/learntmodels/miter1500;--data;/mnt/beegfs/rcabanas/dev/credici/papers/causal_flavour/data/simple_learner_4Q10k_data.csv;-rw;-s;45;/mnt/beegfs/rcabanas/dev/credici/papers/causal_flavour/models/simple_learner_4Q10k.uai
[2024-05-17T10:40:02.161530][INFO][seed43] Starting logger with seed 43
[2024-05-17T10:40:02.163233][INFO][seed45] Starting logger with seed 45
[2024-05-17T10:40:02.164184][INFO][seed46] Starting logger with seed 46
[2024-05-17T10:40:02.167909][INFO][seed27] Loaded model and info: /mnt/beegfs/rcabanas/dev/credici/papers/causal_flavour/models/simple_learner_4Q10k.uai
[2024-05-17T10:40:02.168697][INFO][seed33] Loaded model and info: /mnt/beegfs/rcabanas/dev/credici/papers/causal_flavour/models/simple_learner_4Q10k.uai
[2024-05-17T10:40:02.176890][INFO][seed15] Loaded model and info: /mnt/beegfs/rcabanas/dev/credici/papers/causal_flavour/models/simple_learner_4Q10k.uai
[2024-05-17T10:40:02.178936][INFO][seed26] Loaded model and info: /mnt/beegfs/rcabanas/dev/credici/papers/causal_flavour/models/simple_learner_4Q10k.uai
[2024-05-17T10:40:02.189809][INFO][seed29] Loaded model and info: /mnt/beegfs/rcabanas/dev/credici/papers/causal_flavour/models/simple_learner_4Q10k.uai
[2024-05-17T10:40:02.196739][INFO][seed22] Loaded model and info: /mnt/beegfs/rcabanas/dev/credici/papers/causal_flavour/models/simple_learner_4Q10k.uai
[2024-05-17T10:40:02.212672][INFO][seed17] Loaded 10000 data instances
[2024-05-17T10:40:02.216019][INFO][seed8] Loaded model and info: /mnt/beegfs/rcabanas/dev/credici/papers/causal_flavour/models/simple_learner_4Q10k.uai
[2024-05-17T10:40:02.224552][INFO][seed12] Loaded 10000 data instances
[2024-05-17T10:40:02.226010][INFO][seed17] Starting learning up to 1500 iterations
[2024-05-17T10:40:02.228213][INFO][seed49] Loaded 10000 data instances
[2024-05-17T10:40:02.231347][INFO][seed36] Loaded model and info: /mnt/beegfs/rcabanas/dev/credici/papers/causal_flavour/models/simple_learner_4Q10k.uai
[2024-05-17T10:40:02.232363][INFO][seed12] Starting learning up to 1500 iterations
[2024-05-17T10:40:02.235014][INFO][seed49] Starting learning up to 1500 iterations
[2024-05-17T10:40:02.245128][INFO][seed31] Loaded 10000 data instances
[2024-05-17T10:40:02.251470][INFO][seed44] Loaded model and info: /mnt/beegfs/rcabanas/dev/credici/papers/causal_flavour/models/simple_learner_4Q10k.uai
[2024-05-17T10:40:02.253142][INFO][seed31] Starting learning up to 1500 iterations
[2024-05-17T10:40:02.253937][INFO][seed16] Loaded model and info: /mnt/beegfs/rcabanas/dev/credici/papers/causal_flavour/models/simple_learner_4Q10k.uai
[2024-05-17T10:40:02.269958][INFO][seed37] Loaded 10000 data instances
[2024-05-17T10:40:02.270774][INFO][seed37] Starting learning up to 1500 iterations
[2024-05-17T10:40:02.285205][INFO][seed32] Loaded 10000 data instances
[2024-05-17T10:40:02.285880][INFO][seed32] Starting learning up to 1500 iterations
[2024-05-17T10:40:02.287804][INFO][seed35] Loaded 10000 data instances
[2024-05-17T10:40:02.305755][INFO][seed28] Loaded 10000 data instances
[2024-05-17T10:40:02.308312][INFO][seed35] Starting learning up to 1500 iterations
[2024-05-17T10:40:02.309703][INFO][seed0] Loaded 10000 data instances
[2024-05-17T10:40:02.317344][INFO][seed0] Starting learning up to 1500 iterations
[2024-05-17T10:40:02.328065][INFO][seed28] Starting learning up to 1500 iterations
[2024-05-17T10:40:02.351839][INFO][seed9] Loaded model and info: /mnt/beegfs/rcabanas/dev/credici/papers/causal_flavour/models/simple_learner_4Q10k.uai
[2024-05-17T10:40:02.375263][INFO][seed20] Loaded model and info: /mnt/beegfs/rcabanas/dev/credici/papers/causal_flavour/models/simple_learner_4Q10k.uai
[2024-05-17T10:40:02.375185][INFO][seed42] Loaded model and info: /mnt/beegfs/rcabanas/dev/credici/papers/causal_flavour/models/simple_learner_4Q10k.uai
[2024-05-17T10:40:02.380181][INFO][seed48] Loaded model and info: /mnt/beegfs/rcabanas/dev/credici/papers/causal_flavour/models/simple_learner_4Q10k.uai
[2024-05-17T10:40:02.380769][INFO][seed1] Loaded model and info: /mnt/beegfs/rcabanas/dev/credici/papers/causal_flavour/models/simple_learner_4Q10k.uai
[2024-05-17T10:40:02.381372][INFO][seed46] Loaded model and info: /mnt/beegfs/rcabanas/dev/credici/papers/causal_flavour/models/simple_learner_4Q10k.uai
[2024-05-17T10:40:02.381774][INFO][seed34] Loaded model and info: /mnt/beegfs/rcabanas/dev/credici/papers/causal_flavour/models/simple_learner_4Q10k.uai
[2024-05-17T10:40:02.382401][INFO][seed30] Loaded model and info: /mnt/beegfs/rcabanas/dev/credici/papers/causal_flavour/models/simple_learner_4Q10k.uai
[2024-05-17T10:40:02.384412][INFO][seed43] Loaded model and info: /mnt/beegfs/rcabanas/dev/credici/papers/causal_flavour/models/simple_learner_4Q10k.uai
[2024-05-17T10:40:02.388474][INFO][seed38] Loaded model and info: /mnt/beegfs/rcabanas/dev/credici/papers/causal_flavour/models/simple_learner_4Q10k.uai
[2024-05-17T10:40:02.389506][INFO][seed45] Loaded model and info: /mnt/beegfs/rcabanas/dev/credici/papers/causal_flavour/models/simple_learner_4Q10k.uai
[2024-05-17T10:40:02.401713][INFO][seed23] Loaded model and info: /mnt/beegfs/rcabanas/dev/credici/papers/causal_flavour/models/simple_learner_4Q10k.uai
[2024-05-17T10:40:02.409345][INFO][seed47] Set up logging
[2024-05-17T10:40:02.443648][INFO][seed47] args: -m;1500;-o;/mnt/beegfs/rcabanas/dev/credici/papers/causal_flavour/learntmodels/miter1500;--data;/mnt/beegfs/rcabanas/dev/credici/papers/causal_flavour/data/simple_learner_4Q10k_data.csv;-rw;-s;47;/mnt/beegfs/rcabanas/dev/credici/papers/causal_flavour/models/simple_learner_4Q10k.uai
[2024-05-17T10:40:02.445646][INFO][seed47] Starting logger with seed 47
[2024-05-17T10:40:02.452425][INFO][seed25] Loaded model and info: /mnt/beegfs/rcabanas/dev/credici/papers/causal_flavour/models/simple_learner_4Q10k.uai
[2024-05-17T10:40:02.462463][INFO][seed24] Loaded 10000 data instances
[2024-05-17T10:40:02.466330][INFO][seed24] Starting learning up to 1500 iterations
[2024-05-17T10:40:02.484546][INFO][seed19] Loaded 10000 data instances
[2024-05-17T10:40:02.493062][INFO][seed19] Starting learning up to 1500 iterations
[2024-05-17T10:40:02.537610][INFO][seed33] Loaded 10000 data instances
[2024-05-17T10:40:02.538367][INFO][seed33] Starting learning up to 1500 iterations
[2024-05-17T10:40:02.543574][INFO][seed40] Loaded 10000 data instances
[2024-05-17T10:40:02.550196][INFO][seed40] Starting learning up to 1500 iterations
[2024-05-17T10:40:02.564724][INFO][seed29] Loaded 10000 data instances
[2024-05-17T10:40:02.572743][INFO][seed50] Loaded 10000 data instances
[2024-05-17T10:40:02.575889][INFO][seed29] Starting learning up to 1500 iterations
[2024-05-17T10:40:02.576562][INFO][seed22] Loaded 10000 data instances
[2024-05-17T10:40:02.577241][INFO][seed22] Starting learning up to 1500 iterations
[2024-05-17T10:40:02.579976][INFO][seed50] Starting learning up to 1500 iterations
[2024-05-17T10:40:02.579920][INFO][seed15] Loaded 10000 data instances
[2024-05-17T10:40:02.584280][INFO][seed15] Starting learning up to 1500 iterations
[2024-05-17T10:40:02.594613][INFO][seed44] Loaded 10000 data instances
[2024-05-17T10:40:02.599672][INFO][seed26] Loaded 10000 data instances
[2024-05-17T10:40:02.595420][INFO][seed44] Starting learning up to 1500 iterations
[2024-05-17T10:40:02.606349][INFO][seed26] Starting learning up to 1500 iterations
[2024-05-17T10:40:02.615872][INFO][seed27] Loaded 10000 data instances
[2024-05-17T10:40:02.622488][INFO][seed36] Loaded 10000 data instances
[2024-05-17T10:40:02.623848][INFO][seed27] Starting learning up to 1500 iterations
[2024-05-17T10:40:02.630862][INFO][seed36] Starting learning up to 1500 iterations
[2024-05-17T10:40:02.658638][INFO][seed8] Loaded 10000 data instances
[2024-05-17T10:40:02.672421][INFO][seed8] Starting learning up to 1500 iterations
[2024-05-17T10:40:02.721814][INFO][seed16] Loaded 10000 data instances
[2024-05-17T10:40:02.722850][INFO][seed16] Starting learning up to 1500 iterations
[2024-05-17T10:40:02.738476][INFO][seed47] Loaded model and info: /mnt/beegfs/rcabanas/dev/credici/papers/causal_flavour/models/simple_learner_4Q10k.uai
[2024-05-17T10:40:02.747672][INFO][seed48] Loaded 10000 data instances
[2024-05-17T10:40:02.748612][INFO][seed48] Starting learning up to 1500 iterations
[2024-05-17T10:40:02.750567][INFO][seed42] Loaded 10000 data instances
[2024-05-17T10:40:02.751145][INFO][seed42] Starting learning up to 1500 iterations
[2024-05-17T10:40:02.760784][INFO][seed30] Loaded 10000 data instances
[2024-05-17T10:40:02.762776][INFO][seed5] Loaded 10000 data instances
[2024-05-17T10:40:02.763912][INFO][seed5] Starting learning up to 1500 iterations
[2024-05-17T10:40:02.766802][INFO][seed38] Loaded 10000 data instances
[2024-05-17T10:40:02.767526][INFO][seed38] Starting learning up to 1500 iterations
[2024-05-17T10:40:02.767547][INFO][seed30] Starting learning up to 1500 iterations
[2024-05-17T10:40:02.772788][INFO][seed1] Loaded 10000 data instances
[2024-05-17T10:40:02.785259][INFO][seed1] Starting learning up to 1500 iterations
[2024-05-17T10:40:02.789237][INFO][seed34] Loaded 10000 data instances
[2024-05-17T10:40:02.789895][INFO][seed20] Loaded 10000 data instances
[2024-05-17T10:40:02.790901][INFO][seed20] Starting learning up to 1500 iterations
[2024-05-17T10:40:02.792396][INFO][seed34] Starting learning up to 1500 iterations
[2024-05-17T10:40:02.793306][INFO][seed46] Loaded 10000 data instances
[2024-05-17T10:40:02.794226][INFO][seed46] Starting learning up to 1500 iterations
[2024-05-17T10:40:02.806997][INFO][seed45] Loaded 10000 data instances
[2024-05-17T10:40:02.814188][INFO][seed45] Starting learning up to 1500 iterations
[2024-05-17T10:40:02.830512][INFO][seed9] Loaded 10000 data instances
[2024-05-17T10:40:02.831686][INFO][seed9] Starting learning up to 1500 iterations
[2024-05-17T10:40:02.834284][INFO][seed43] Loaded 10000 data instances
[2024-05-17T10:40:02.839426][INFO][seed43] Starting learning up to 1500 iterations
[2024-05-17T10:40:02.893008][INFO][seed23] Loaded 10000 data instances
[2024-05-17T10:40:02.905583][INFO][seed25] Loaded 10000 data instances
[2024-05-17T10:40:02.906800][INFO][seed25] Starting learning up to 1500 iterations
[2024-05-17T10:40:02.907390][INFO][seed23] Starting learning up to 1500 iterations
[2024-05-17T10:40:03.200506][INFO][seed47] Loaded 10000 data instances
[2024-05-17T10:40:03.214187][INFO][seed47] Starting learning up to 1500 iterations
[2024-05-17T11:19:13.649425][INFO][seed50] Ellapsed time: 2351046.ms
[2024-05-17T11:19:13.709590][INFO][seed50] Saved model at /mnt/beegfs/rcabanas/dev/credici/papers/causal_flavour/learntmodels/miter1500/simple_learner_4Q10k/model_50.uai
[2024-05-17T11:19:13.710002][INFO][seed50] Closing log file
[2024-05-17T11:19:13.710132][INFO][seed50] Closed log file
[2024-05-17T11:19:43.805666][INFO][seed33] Ellapsed time: 2381253.ms
[2024-05-17T11:19:43.835185][INFO][seed33] Saved model at /mnt/beegfs/rcabanas/dev/credici/papers/causal_flavour/learntmodels/miter1500/simple_learner_4Q10k/model_33.uai
[2024-05-17T11:19:43.835412][INFO][seed33] Closing log file
[2024-05-17T11:19:43.835542][INFO][seed33] Closed log file
[2024-05-17T11:20:30.420447][INFO][seed34] Ellapsed time: 2427608.ms
[2024-05-17T11:20:30.473472][INFO][seed34] Saved model at /mnt/beegfs/rcabanas/dev/credici/papers/causal_flavour/learntmodels/miter1500/simple_learner_4Q10k/model_34.uai
[2024-05-17T11:20:30.473877][INFO][seed34] Closing log file
[2024-05-17T11:20:30.473995][INFO][seed34] Closed log file
[2024-05-17T11:21:26.367657][INFO][seed38] Ellapsed time: 2483583.ms
[2024-05-17T11:21:26.419678][INFO][seed38] Saved model at /mnt/beegfs/rcabanas/dev/credici/papers/causal_flavour/learntmodels/miter1500/simple_learner_4Q10k/model_38.uai
[2024-05-17T11:21:26.420047][INFO][seed38] Closing log file
[2024-05-17T11:21:26.420170][INFO][seed38] Closed log file
[2024-05-17T11:21:26.740066][INFO][seed22] Ellapsed time: 2484142.ms
[2024-05-17T11:21:26.795009][INFO][seed22] Saved model at /mnt/beegfs/rcabanas/dev/credici/papers/causal_flavour/learntmodels/miter1500/simple_learner_4Q10k/model_22.uai
[2024-05-17T11:21:26.795361][INFO][seed22] Closing log file
[2024-05-17T11:21:26.795486][INFO][seed22] Closed log file
[2024-05-17T11:21:31.912418][INFO][seed43] Ellapsed time: 2489027.ms
[2024-05-17T11:21:31.953964][INFO][seed43] Saved model at /mnt/beegfs/rcabanas/dev/credici/papers/causal_flavour/learntmodels/miter1500/simple_learner_4Q10k/model_43.uai
[2024-05-17T11:21:31.954357][INFO][seed43] Closing log file
[2024-05-17T11:21:31.954477][INFO][seed43] Closed log file
[2024-05-17T11:21:37.472241][INFO][seed15] Ellapsed time: 2494857.ms
[2024-05-17T11:21:37.505186][INFO][seed15] Saved model at /mnt/beegfs/rcabanas/dev/credici/papers/causal_flavour/learntmodels/miter1500/simple_learner_4Q10k/model_15.uai
[2024-05-17T11:21:37.505479][INFO][seed15] Closing log file
[2024-05-17T11:21:37.505601][INFO][seed15] Closed log file
[2024-05-17T11:21:38.953258][INFO][seed46] Ellapsed time: 2496124.ms
[2024-05-17T11:21:38.986058][INFO][seed46] Saved model at /mnt/beegfs/rcabanas/dev/credici/papers/causal_flavour/learntmodels/miter1500/simple_learner_4Q10k/model_46.uai
[2024-05-17T11:21:38.986324][INFO][seed46] Closing log file
[2024-05-17T11:21:38.986450][INFO][seed46] Closed log file
[2024-05-17T11:21:44.482847][INFO][seed48] Ellapsed time: 2501719.ms
[2024-05-17T11:21:44.531844][INFO][seed48] Saved model at /mnt/beegfs/rcabanas/dev/credici/papers/causal_flavour/learntmodels/miter1500/simple_learner_4Q10k/model_48.uai
[2024-05-17T11:21:44.532214][INFO][seed48] Closing log file
[2024-05-17T11:21:44.532344][INFO][seed48] Closed log file
[2024-05-17T11:21:45.702234][INFO][seed30] Ellapsed time: 2502900.ms
[2024-05-17T11:21:45.745545][INFO][seed30] Saved model at /mnt/beegfs/rcabanas/dev/credici/papers/causal_flavour/learntmodels/miter1500/simple_learner_4Q10k/model_30.uai
[2024-05-17T11:21:45.745802][INFO][seed30] Closing log file
[2024-05-17T11:21:45.745919][INFO][seed30] Closed log file
[2024-05-17T11:21:53.884255][INFO][seed40] Ellapsed time: 2511320.ms
[2024-05-17T11:21:53.912873][INFO][seed40] Saved model at /mnt/beegfs/rcabanas/dev/credici/papers/causal_flavour/learntmodels/miter1500/simple_learner_4Q10k/model_40.uai
[2024-05-17T11:21:53.913081][INFO][seed40] Closing log file
[2024-05-17T11:21:53.913197][INFO][seed40] Closed log file
[2024-05-17T11:21:55.611154][INFO][seed36] Ellapsed time: 2512962.ms
[2024-05-17T11:21:55.664753][INFO][seed36] Saved model at /mnt/beegfs/rcabanas/dev/credici/papers/causal_flavour/learntmodels/miter1500/simple_learner_4Q10k/model_36.uai
[2024-05-17T11:21:55.665053][INFO][seed36] Closing log file
[2024-05-17T11:21:55.665176][INFO][seed36] Closed log file
[2024-05-17T11:22:06.026886][INFO][seed1] Ellapsed time: 2523230.ms
[2024-05-17T11:22:06.059477][INFO][seed1] Saved model at /mnt/beegfs/rcabanas/dev/credici/papers/causal_flavour/learntmodels/miter1500/simple_learner_4Q10k/model_1.uai
[2024-05-17T11:22:06.059730][INFO][seed1] Closing log file
[2024-05-17T11:22:06.059853][INFO][seed1] Closed log file
[2024-05-17T11:22:14.939260][INFO][seed45] Ellapsed time: 2532112.ms
[2024-05-17T11:22:14.996947][INFO][seed45] Saved model at /mnt/beegfs/rcabanas/dev/credici/papers/causal_flavour/learntmodels/miter1500/simple_learner_4Q10k/model_45.uai
[2024-05-17T11:22:14.997213][INFO][seed45] Closing log file
[2024-05-17T11:22:14.997352][INFO][seed45] Closed log file
[2024-05-17T11:22:49.177161][INFO][seed29] Ellapsed time: 2566582.ms
[2024-05-17T11:22:49.231262][INFO][seed29] Saved model at /mnt/beegfs/rcabanas/dev/credici/papers/causal_flavour/learntmodels/miter1500/simple_learner_4Q10k/model_29.uai
[2024-05-17T11:22:49.231584][INFO][seed29] Closing log file
[2024-05-17T11:22:49.231701][INFO][seed29] Closed log file
[2024-05-17T11:23:34.791333][INFO][seed42] Ellapsed time: 2612006.ms
[2024-05-17T11:23:34.826945][INFO][seed42] Saved model at /mnt/beegfs/rcabanas/dev/credici/papers/causal_flavour/learntmodels/miter1500/simple_learner_4Q10k/model_42.uai
[2024-05-17T11:23:34.827230][INFO][seed42] Closing log file
[2024-05-17T11:23:34.827364][INFO][seed42] Closed log file
[2024-05-17T11:23:36.198654][INFO][seed44] Ellapsed time: 2613576.ms
[2024-05-17T11:23:36.245934][INFO][seed44] Saved model at /mnt/beegfs/rcabanas/dev/credici/papers/causal_flavour/learntmodels/miter1500/simple_learner_4Q10k/model_44.uai
[2024-05-17T11:23:36.246217][INFO][seed44] Closing log file
[2024-05-17T11:23:36.246345][INFO][seed44] Closed log file
[2024-05-17T11:35:56.037063][INFO][seed27] Ellapsed time: 3353396.ms
[2024-05-17T11:35:56.112147][INFO][seed27] Saved model at /mnt/beegfs/rcabanas/dev/credici/papers/causal_flavour/learntmodels/miter1500/simple_learner_4Q10k/model_27.uai
[2024-05-17T11:35:56.112667][INFO][seed27] Closing log file
[2024-05-17T11:35:56.112808][INFO][seed27] Closed log file
[2024-05-17T11:36:00.953500][INFO][seed31] Ellapsed time: 3358674.ms
[2024-05-17T11:36:01.023975][INFO][seed31] Saved model at /mnt/beegfs/rcabanas/dev/credici/papers/causal_flavour/learntmodels/miter1500/simple_learner_4Q10k/model_31.uai
[2024-05-17T11:36:01.024361][INFO][seed31] Closing log file
[2024-05-17T11:36:01.024487][INFO][seed31] Closed log file
[2024-05-17T11:36:16.893452][INFO][seed35] Ellapsed time: 3374569.ms
[2024-05-17T11:36:16.954969][INFO][seed35] Saved model at /mnt/beegfs/rcabanas/dev/credici/papers/causal_flavour/learntmodels/miter1500/simple_learner_4Q10k/model_35.uai
[2024-05-17T11:36:16.955242][INFO][seed35] Closing log file
[2024-05-17T11:36:16.955378][INFO][seed35] Closed log file
[2024-05-17T11:36:21.449196][INFO][seed28] Ellapsed time: 3379107.ms
[2024-05-17T11:36:21.507141][INFO][seed28] Saved model at /mnt/beegfs/rcabanas/dev/credici/papers/causal_flavour/learntmodels/miter1500/simple_learner_4Q10k/model_28.uai
[2024-05-17T11:36:21.507515][INFO][seed28] Closing log file
[2024-05-17T11:36:21.507640][INFO][seed28] Closed log file
[2024-05-17T11:36:47.165868][INFO][seed0] Ellapsed time: 3404816.ms
[2024-05-17T11:36:47.200856][INFO][seed0] Saved model at /mnt/beegfs/rcabanas/dev/credici/papers/causal_flavour/learntmodels/miter1500/simple_learner_4Q10k/model_0.uai
[2024-05-17T11:36:47.201129][INFO][seed0] Closing log file
[2024-05-17T11:36:47.201253][INFO][seed0] Closed log file
[2024-05-17T11:36:51.777507][INFO][seed49] Ellapsed time: 3409527.ms
[2024-05-17T11:36:51.828664][INFO][seed49] Saved model at /mnt/beegfs/rcabanas/dev/credici/papers/causal_flavour/learntmodels/miter1500/simple_learner_4Q10k/model_49.uai
[2024-05-17T11:36:51.828927][INFO][seed49] Closing log file
[2024-05-17T11:36:51.829055][INFO][seed49] Closed log file
[2024-05-17T11:37:31.668992][INFO][seed25] Ellapsed time: 3448739.ms
[2024-05-17T11:37:31.717158][INFO][seed25] Saved model at /mnt/beegfs/rcabanas/dev/credici/papers/causal_flavour/learntmodels/miter1500/simple_learner_4Q10k/model_25.uai
[2024-05-17T11:37:31.717440][INFO][seed25] Closing log file
[2024-05-17T11:37:31.717577][INFO][seed25] Closed log file
[2024-05-17T11:37:45.452710][INFO][seed5] Ellapsed time: 3462645.ms
[2024-05-17T11:37:45.489117][INFO][seed5] Saved model at /mnt/beegfs/rcabanas/dev/credici/papers/causal_flavour/learntmodels/miter1500/simple_learner_4Q10k/model_5.uai
[2024-05-17T11:37:45.489643][INFO][seed5] Closing log file
[2024-05-17T11:37:45.489765][INFO][seed5] Closed log file
[2024-05-17T11:47:08.885045][INFO][seed9] Ellapsed time: 4026030.ms
[2024-05-17T11:47:08.922269][INFO][seed9] Saved model at /mnt/beegfs/rcabanas/dev/credici/papers/causal_flavour/learntmodels/miter1500/simple_learner_4Q10k/model_9.uai
[2024-05-17T11:47:08.922700][INFO][seed9] Closing log file
[2024-05-17T11:47:08.922847][INFO][seed9] Closed log file
[2024-05-17T11:47:49.674940][INFO][seed11] Ellapsed time: 4067752.ms
[2024-05-17T11:47:49.729423][INFO][seed11] Saved model at /mnt/beegfs/rcabanas/dev/credici/papers/causal_flavour/learntmodels/miter1500/simple_learner_4Q10k/model_11.uai
[2024-05-17T11:47:49.729830][INFO][seed11] Closing log file
[2024-05-17T11:47:49.729986][INFO][seed11] Closed log file
[2024-05-17T11:47:59.411980][INFO][seed23] Ellapsed time: 4076484.ms
[2024-05-17T11:47:59.486696][INFO][seed23] Saved model at /mnt/beegfs/rcabanas/dev/credici/papers/causal_flavour/learntmodels/miter1500/simple_learner_4Q10k/model_23.uai
[2024-05-17T11:47:59.487114][INFO][seed23] Closing log file
[2024-05-17T11:47:59.487248][INFO][seed23] Closed log file
[2024-05-17T11:48:00.289224][INFO][seed3] Ellapsed time: 4078433.ms
[2024-05-17T11:48:00.323147][INFO][seed3] Saved model at /mnt/beegfs/rcabanas/dev/credici/papers/causal_flavour/learntmodels/miter1500/simple_learner_4Q10k/model_3.uai
[2024-05-17T11:48:00.323487][INFO][seed3] Closing log file
[2024-05-17T11:48:00.323613][INFO][seed3] Closed log file
[2024-05-17T11:48:03.473128][INFO][seed32] Ellapsed time: 4081158.ms
[2024-05-17T11:48:03.513628][INFO][seed32] Saved model at /mnt/beegfs/rcabanas/dev/credici/papers/causal_flavour/learntmodels/miter1500/simple_learner_4Q10k/model_32.uai
[2024-05-17T11:48:03.513987][INFO][seed32] Closing log file
[2024-05-17T11:48:03.514127][INFO][seed32] Closed log file
[2024-05-17T11:48:15.936093][INFO][seed21] Ellapsed time: 4093888.ms
[2024-05-17T11:48:15.993192][INFO][seed21] Saved model at /mnt/beegfs/rcabanas/dev/credici/papers/causal_flavour/learntmodels/miter1500/simple_learner_4Q10k/model_21.uai
[2024-05-17T11:48:15.993524][INFO][seed21] Closing log file
[2024-05-17T11:48:15.993652][INFO][seed21] Closed log file
[2024-05-17T11:48:22.953641][INFO][seed4] Ellapsed time: 4100946.ms
[2024-05-17T11:48:22.989264][INFO][seed4] Saved model at /mnt/beegfs/rcabanas/dev/credici/papers/causal_flavour/learntmodels/miter1500/simple_learner_4Q10k/model_4.uai
[2024-05-17T11:48:22.989537][INFO][seed4] Closing log file
[2024-05-17T11:48:22.989657][INFO][seed4] Closed log file
[2024-05-17T11:48:31.047143][INFO][seed14] Ellapsed time: 4109002.ms
[2024-05-17T11:48:31.076157][INFO][seed14] Saved model at /mnt/beegfs/rcabanas/dev/credici/papers/causal_flavour/learntmodels/miter1500/simple_learner_4Q10k/model_14.uai
[2024-05-17T11:48:31.076340][INFO][seed14] Closing log file
[2024-05-17T11:48:31.076465][INFO][seed14] Closed log file
[2024-05-17T11:48:39.964832][INFO][seed8] Ellapsed time: 4117278.ms
[2024-05-17T11:48:39.993648][INFO][seed8] Saved model at /mnt/beegfs/rcabanas/dev/credici/papers/causal_flavour/learntmodels/miter1500/simple_learner_4Q10k/model_8.uai
[2024-05-17T11:48:39.993910][INFO][seed8] Closing log file
[2024-05-17T11:48:39.994053][INFO][seed8] Closed log file
[2024-05-17T11:48:40.737807][INFO][seed7] Ellapsed time: 4118840.ms
[2024-05-17T11:48:40.777043][INFO][seed7] Saved model at /mnt/beegfs/rcabanas/dev/credici/papers/causal_flavour/learntmodels/miter1500/simple_learner_4Q10k/model_7.uai
[2024-05-17T11:48:40.777333][INFO][seed7] Closing log file
[2024-05-17T11:48:40.777454][INFO][seed7] Closed log file
[2024-05-17T11:48:49.528517][INFO][seed6] Ellapsed time: 4127536.ms
[2024-05-17T11:48:49.592662][INFO][seed6] Saved model at /mnt/beegfs/rcabanas/dev/credici/papers/causal_flavour/learntmodels/miter1500/simple_learner_4Q10k/model_6.uai
[2024-05-17T11:48:49.592916][INFO][seed6] Closing log file
[2024-05-17T11:48:49.593033][INFO][seed6] Closed log file
[2024-05-17T11:48:56.384314][INFO][seed19] Ellapsed time: 4133847.ms
[2024-05-17T11:48:56.416365][INFO][seed19] Saved model at /mnt/beegfs/rcabanas/dev/credici/papers/causal_flavour/learntmodels/miter1500/simple_learner_4Q10k/model_19.uai
[2024-05-17T11:48:56.416600][INFO][seed19] Closing log file
[2024-05-17T11:48:56.416720][INFO][seed19] Closed log file
[2024-05-17T11:49:00.283825][INFO][seed16] Ellapsed time: 4137522.ms
[2024-05-17T11:49:00.323432][INFO][seed16] Saved model at /mnt/beegfs/rcabanas/dev/credici/papers/causal_flavour/learntmodels/miter1500/simple_learner_4Q10k/model_16.uai
[2024-05-17T11:49:00.323667][INFO][seed16] Closing log file
[2024-05-17T11:49:00.323786][INFO][seed16] Closed log file
[2024-05-17T11:49:09.345444][INFO][seed47] Ellapsed time: 4146118.ms
[2024-05-17T11:49:09.407761][INFO][seed47] Saved model at /mnt/beegfs/rcabanas/dev/credici/papers/causal_flavour/learntmodels/miter1500/simple_learner_4Q10k/model_47.uai
[2024-05-17T11:49:09.408011][INFO][seed47] Closing log file
[2024-05-17T11:49:09.408134][INFO][seed47] Closed log file
[2024-05-17T11:49:22.204093][INFO][seed20] Ellapsed time: 4159398.ms
[2024-05-17T11:49:22.257786][INFO][seed20] Saved model at /mnt/beegfs/rcabanas/dev/credici/papers/causal_flavour/learntmodels/miter1500/simple_learner_4Q10k/model_20.uai
[2024-05-17T11:49:22.258011][INFO][seed20] Closing log file
[2024-05-17T11:49:22.258129][INFO][seed20] Closed log file
[2024-05-17T11:49:26.519654][INFO][seed26] Ellapsed time: 4163871.ms
[2024-05-17T11:49:26.556285][INFO][seed26] Saved model at /mnt/beegfs/rcabanas/dev/credici/papers/causal_flavour/learntmodels/miter1500/simple_learner_4Q10k/model_26.uai
[2024-05-17T11:49:26.556509][INFO][seed26] Closing log file
[2024-05-17T11:49:26.556626][INFO][seed26] Closed log file
[2024-05-17T11:56:09.557158][INFO][seed37] Ellapsed time: 4567275.ms
[2024-05-17T11:56:09.609762][INFO][seed37] Saved model at /mnt/beegfs/rcabanas/dev/credici/papers/causal_flavour/learntmodels/miter1500/simple_learner_4Q10k/model_37.uai
[2024-05-17T11:56:09.610015][INFO][seed37] Closing log file
[2024-05-17T11:56:09.610134][INFO][seed37] Closed log file
[2024-05-17T11:56:37.473817][INFO][seed2] Ellapsed time: 4595501.ms
[2024-05-17T11:56:37.520822][INFO][seed2] Saved model at /mnt/beegfs/rcabanas/dev/credici/papers/causal_flavour/learntmodels/miter1500/simple_learner_4Q10k/model_2.uai
[2024-05-17T11:56:37.521094][INFO][seed2] Closing log file
[2024-05-17T11:56:37.521214][INFO][seed2] Closed log file
[2024-05-17T11:56:37.861990][INFO][seed10] Ellapsed time: 4595691.ms
[2024-05-17T11:56:37.915266][INFO][seed10] Saved model at /mnt/beegfs/rcabanas/dev/credici/papers/causal_flavour/learntmodels/miter1500/simple_learner_4Q10k/model_10.uai
[2024-05-17T11:56:37.915531][INFO][seed10] Closing log file
[2024-05-17T11:56:37.915650][INFO][seed10] Closed log file
[2024-05-17T11:56:50.286476][INFO][seed12] Ellapsed time: 4608028.ms
[2024-05-17T11:56:50.340451][INFO][seed12] Saved model at /mnt/beegfs/rcabanas/dev/credici/papers/causal_flavour/learntmodels/miter1500/simple_learner_4Q10k/model_12.uai
[2024-05-17T11:56:50.340674][INFO][seed12] Closing log file
[2024-05-17T11:56:50.340790][INFO][seed12] Closed log file
[2024-05-17T11:57:13.801717][INFO][seed24] Ellapsed time: 4631314.ms
[2024-05-17T11:57:13.857555][INFO][seed24] Saved model at /mnt/beegfs/rcabanas/dev/credici/papers/causal_flavour/learntmodels/miter1500/simple_learner_4Q10k/model_24.uai
[2024-05-17T11:57:13.857806][INFO][seed24] Closing log file
[2024-05-17T11:57:13.857923][INFO][seed24] Closed log file
[2024-05-17T11:57:24.926855][INFO][seed17] Ellapsed time: 4642687.ms
[2024-05-17T11:57:24.985149][INFO][seed17] Saved model at /mnt/beegfs/rcabanas/dev/credici/papers/causal_flavour/learntmodels/miter1500/simple_learner_4Q10k/model_17.uai
[2024-05-17T11:57:24.985387][INFO][seed17] Closing log file
[2024-05-17T11:57:24.985508][INFO][seed17] Closed log file
[2024-05-17T11:57:27.270503][INFO][seed18] Ellapsed time: 4645391.ms
[2024-05-17T11:57:27.301086][INFO][seed18] Saved model at /mnt/beegfs/rcabanas/dev/credici/papers/causal_flavour/learntmodels/miter1500/simple_learner_4Q10k/model_18.uai
[2024-05-17T11:57:27.301278][INFO][seed18] Closing log file
[2024-05-17T11:57:27.301407][INFO][seed18] Closed log file
[2024-05-17T11:57:34.544014][INFO][seed13] Ellapsed time: 4652554.ms
[2024-05-17T11:57:34.575843][INFO][seed13] Saved model at /mnt/beegfs/rcabanas/dev/credici/papers/causal_flavour/learntmodels/miter1500/simple_learner_4Q10k/model_13.uai
[2024-05-17T11:57:34.576033][INFO][seed13] Closing log file
[2024-05-17T11:57:34.576151][INFO][seed13] Closed log file
