100
1000
['learn.py', '1000', '132']
['learn.py', '1000', '138']
seed=138
/mnt/beegfs/rcabanas/dev/credici
/mnt/beegfs/rcabanas/dev/credici/papers/causal_flavour
/mnt/beegfs/rcabanas/dev/credici/papers/causal_flavour/learntmodels
/mnt/beegfs/rcabanas/dev/credici/papers/causal_flavour/models
/mnt/beegfs/rcabanas/dev/credici/target/credici-0.1.5-dev-SNAPSHOT-jar-with-dependencies.jar
/mnt/beegfs/rcabanas/dev/credici/papers/causal_flavour/code/LearnCF.java
['learn.py', '1000', '149']
['learn.py', '1000', '101']
['learn.py', '1000', '144']
seed=144
/mnt/beegfs/rcabanas/dev/credici
/mnt/beegfs/rcabanas/dev/credici/papers/causal_flavour
/mnt/beegfs/rcabanas/dev/credici/papers/causal_flavour/learntmodels
/mnt/beegfs/rcabanas/dev/credici/papers/causal_flavour/models
/mnt/beegfs/rcabanas/dev/credici/target/credici-0.1.5-dev-SNAPSHOT-jar-with-dependencies.jar
/mnt/beegfs/rcabanas/dev/credici/papers/causal_flavour/code/LearnCF.java
seed=132
/mnt/beegfs/rcabanas/dev/credici
/mnt/beegfs/rcabanas/dev/credici/papers/causal_flavour
/mnt/beegfs/rcabanas/dev/credici/papers/causal_flavour/learntmodels
/mnt/beegfs/rcabanas/dev/credici/papers/causal_flavour/models
/mnt/beegfs/rcabanas/dev/credici/target/credici-0.1.5-dev-SNAPSHOT-jar-with-dependencies.jar
/mnt/beegfs/rcabanas/dev/credici/papers/causal_flavour/code/LearnCF.java
seed=101
/mnt/beegfs/rcabanas/dev/credici
seed=149
/mnt/beegfs/rcabanas/dev/credici
/mnt/beegfs/rcabanas/dev/credici/papers/causal_flavour
/mnt/beegfs/rcabanas/dev/credici/papers/causal_flavour
/mnt/beegfs/rcabanas/dev/credici/papers/causal_flavour/learntmodels
/mnt/beegfs/rcabanas/dev/credici/papers/causal_flavour/models
/mnt/beegfs/rcabanas/dev/credici/papers/causal_flavour/learntmodels
/mnt/beegfs/rcabanas/dev/credici/target/credici-0.1.5-dev-SNAPSHOT-jar-with-dependencies.jar
/mnt/beegfs/rcabanas/dev/credici/papers/causal_flavour/code/LearnCF.java
/mnt/beegfs/rcabanas/dev/credici/papers/causal_flavour/models
/mnt/beegfs/rcabanas/dev/credici/target/credici-0.1.5-dev-SNAPSHOT-jar-with-dependencies.jar
/mnt/beegfs/rcabanas/dev/credici/papers/causal_flavour/code/LearnCF.java
['learn.py', '1000', '123']
['learn.py', '1000', '116']
['learn.py', '1000', '137']
seed=123
/mnt/beegfs/rcabanas/dev/credici
/mnt/beegfs/rcabanas/dev/credici/papers/causal_flavour
/mnt/beegfs/rcabanas/dev/credici/papers/causal_flavour/learntmodels
/mnt/beegfs/rcabanas/dev/credici/papers/causal_flavour/models
/mnt/beegfs/rcabanas/dev/credici/target/credici-0.1.5-dev-SNAPSHOT-jar-with-dependencies.jar
/mnt/beegfs/rcabanas/dev/credici/papers/causal_flavour/code/LearnCF.java
seed=137
seed=116
/mnt/beegfs/rcabanas/dev/credici
/mnt/beegfs/rcabanas/dev/credici/papers/causal_flavour
/mnt/beegfs/rcabanas/dev/credici/papers/causal_flavour/learntmodels
/mnt/beegfs/rcabanas/dev/credici
/mnt/beegfs/rcabanas/dev/credici/papers/causal_flavour
/mnt/beegfs/rcabanas/dev/credici/papers/causal_flavour/learntmodels
/mnt/beegfs/rcabanas/dev/credici/papers/causal_flavour/models
/mnt/beegfs/rcabanas/dev/credici/target/credici-0.1.5-dev-SNAPSHOT-jar-with-dependencies.jar
/mnt/beegfs/rcabanas/dev/credici/papers/causal_flavour/models
/mnt/beegfs/rcabanas/dev/credici/papers/causal_flavour/code/LearnCF.java
/mnt/beegfs/rcabanas/dev/credici/target/credici-0.1.5-dev-SNAPSHOT-jar-with-dependencies.jar
/mnt/beegfs/rcabanas/dev/credici/papers/causal_flavour/code/LearnCF.java
['learn.py', '1000', '131']
['learn.py', '1000', '103']
['learn.py', '1000', '115']
seed=131
/mnt/beegfs/rcabanas/dev/credici
/mnt/beegfs/rcabanas/dev/credici/papers/causal_flavour
/mnt/beegfs/rcabanas/dev/credici/papers/causal_flavour/learntmodels
/mnt/beegfs/rcabanas/dev/credici/papers/causal_flavour/models
/mnt/beegfs/rcabanas/dev/credici/target/credici-0.1.5-dev-SNAPSHOT-jar-with-dependencies.jar
/mnt/beegfs/rcabanas/dev/credici/papers/causal_flavour/code/LearnCF.java
seed=103
seed=115
/mnt/beegfs/rcabanas/dev/credici
/mnt/beegfs/rcabanas/dev/credici
/mnt/beegfs/rcabanas/dev/credici/papers/causal_flavour
/mnt/beegfs/rcabanas/dev/credici/papers/causal_flavour/learntmodels
/mnt/beegfs/rcabanas/dev/credici/papers/causal_flavour/models
/mnt/beegfs/rcabanas/dev/credici/papers/causal_flavour
/mnt/beegfs/rcabanas/dev/credici/target/credici-0.1.5-dev-SNAPSHOT-jar-with-dependencies.jar
/mnt/beegfs/rcabanas/dev/credici/papers/causal_flavour/learntmodels
/mnt/beegfs/rcabanas/dev/credici/papers/causal_flavour/code/LearnCF.java
/mnt/beegfs/rcabanas/dev/credici/papers/causal_flavour/models
['learn.py', '1000', '141']
['learn.py', '1000', '109']
['learn.py', '1000', '145']
['learn.py', '1000', '124']
/mnt/beegfs/rcabanas/dev/credici/target/credici-0.1.5-dev-SNAPSHOT-jar-with-dependencies.jar
/mnt/beegfs/rcabanas/dev/credici/papers/causal_flavour/code/LearnCF.java
seed=141
seed=145
seed=109
seed=124
/mnt/beegfs/rcabanas/dev/credici
/mnt/beegfs/rcabanas/dev/credici
/mnt/beegfs/rcabanas/dev/credici
/mnt/beegfs/rcabanas/dev/credici
/mnt/beegfs/rcabanas/dev/credici/papers/causal_flavour
/mnt/beegfs/rcabanas/dev/credici/papers/causal_flavour
/mnt/beegfs/rcabanas/dev/credici/papers/causal_flavour
/mnt/beegfs/rcabanas/dev/credici/papers/causal_flavour
/mnt/beegfs/rcabanas/dev/credici/papers/causal_flavour/learntmodels
/mnt/beegfs/rcabanas/dev/credici/papers/causal_flavour/learntmodels
/mnt/beegfs/rcabanas/dev/credici/papers/causal_flavour/learntmodels
/mnt/beegfs/rcabanas/dev/credici/papers/causal_flavour/learntmodels
/mnt/beegfs/rcabanas/dev/credici/papers/causal_flavour/models
/mnt/beegfs/rcabanas/dev/credici/target/credici-0.1.5-dev-SNAPSHOT-jar-with-dependencies.jar
/mnt/beegfs/rcabanas/dev/credici/papers/causal_flavour/code/LearnCF.java
/mnt/beegfs/rcabanas/dev/credici/papers/causal_flavour/models
/mnt/beegfs/rcabanas/dev/credici/target/credici-0.1.5-dev-SNAPSHOT-jar-with-dependencies.jar
/mnt/beegfs/rcabanas/dev/credici/papers/causal_flavour/code/LearnCF.java
/mnt/beegfs/rcabanas/dev/credici/papers/causal_flavour/models
/mnt/beegfs/rcabanas/dev/credici/papers/causal_flavour/models
/mnt/beegfs/rcabanas/dev/credici/target/credici-0.1.5-dev-SNAPSHOT-jar-with-dependencies.jar
/mnt/beegfs/rcabanas/dev/credici/target/credici-0.1.5-dev-SNAPSHOT-jar-with-dependencies.jar
/mnt/beegfs/rcabanas/dev/credici/papers/causal_flavour/code/LearnCF.java
/mnt/beegfs/rcabanas/dev/credici/papers/causal_flavour/code/LearnCF.java
['learn.py', '1000', '140']
['learn.py', '1000', '142']
['learn.py', '1000', '111']
['learn.py', '1000', '108']
['learn.py', '1000', '110']
['learn.py', '1000', '135']
['learn.py', '1000', '129']
seed=140
seed=108
seed=111
seed=142
seed=110
/mnt/beegfs/rcabanas/dev/credici
/mnt/beegfs/rcabanas/dev/credici/papers/causal_flavour
/mnt/beegfs/rcabanas/dev/credici
/mnt/beegfs/rcabanas/dev/credici/papers/causal_flavour
/mnt/beegfs/rcabanas/dev/credici
/mnt/beegfs/rcabanas/dev/credici
/mnt/beegfs/rcabanas/dev/credici
/mnt/beegfs/rcabanas/dev/credici/papers/causal_flavour/learntmodels
/mnt/beegfs/rcabanas/dev/credici/papers/causal_flavour/learntmodels
/mnt/beegfs/rcabanas/dev/credici/papers/causal_flavour
seed=129
seed=135
/mnt/beegfs/rcabanas/dev/credici/papers/causal_flavour
/mnt/beegfs/rcabanas/dev/credici/papers/causal_flavour
/mnt/beegfs/rcabanas/dev/credici/papers/causal_flavour/models
/mnt/beegfs/rcabanas/dev/credici/papers/causal_flavour/models
/mnt/beegfs/rcabanas/dev/credici/papers/causal_flavour/learntmodels
/mnt/beegfs/rcabanas/dev/credici
/mnt/beegfs/rcabanas/dev/credici/papers/causal_flavour
/mnt/beegfs/rcabanas/dev/credici/papers/causal_flavour/learntmodels
/mnt/beegfs/rcabanas/dev/credici
/mnt/beegfs/rcabanas/dev/credici/papers/causal_flavour/learntmodels
/mnt/beegfs/rcabanas/dev/credici/papers/causal_flavour/models
/mnt/beegfs/rcabanas/dev/credici/papers/causal_flavour/learntmodels
/mnt/beegfs/rcabanas/dev/credici/target/credici-0.1.5-dev-SNAPSHOT-jar-with-dependencies.jar
/mnt/beegfs/rcabanas/dev/credici/target/credici-0.1.5-dev-SNAPSHOT-jar-with-dependencies.jar
/mnt/beegfs/rcabanas/dev/credici/papers/causal_flavour/models
/mnt/beegfs/rcabanas/dev/credici/target/credici-0.1.5-dev-SNAPSHOT-jar-with-dependencies.jar
/mnt/beegfs/rcabanas/dev/credici/papers/causal_flavour/code/LearnCF.java
/mnt/beegfs/rcabanas/dev/credici/papers/causal_flavour/models
/mnt/beegfs/rcabanas/dev/credici/papers/causal_flavour
/mnt/beegfs/rcabanas/dev/credici/target/credici-0.1.5-dev-SNAPSHOT-jar-with-dependencies.jar
/mnt/beegfs/rcabanas/dev/credici/papers/causal_flavour/models
/mnt/beegfs/rcabanas/dev/credici/papers/causal_flavour/code/LearnCF.java
/mnt/beegfs/rcabanas/dev/credici/papers/causal_flavour/code/LearnCF.java
/mnt/beegfs/rcabanas/dev/credici/target/credici-0.1.5-dev-SNAPSHOT-jar-with-dependencies.jar
/mnt/beegfs/rcabanas/dev/credici/papers/causal_flavour/learntmodels
/mnt/beegfs/rcabanas/dev/credici/papers/causal_flavour/code/LearnCF.java
/mnt/beegfs/rcabanas/dev/credici/target/credici-0.1.5-dev-SNAPSHOT-jar-with-dependencies.jar
/mnt/beegfs/rcabanas/dev/credici/papers/causal_flavour/code/LearnCF.java
/mnt/beegfs/rcabanas/dev/credici/papers/causal_flavour/models
/mnt/beegfs/rcabanas/dev/credici/papers/causal_flavour/code/LearnCF.java
/mnt/beegfs/rcabanas/dev/credici/target/credici-0.1.5-dev-SNAPSHOT-jar-with-dependencies.jar
/mnt/beegfs/rcabanas/dev/credici/papers/causal_flavour/code/LearnCF.java
['learn.py', '1000', '112']
seed=112
/mnt/beegfs/rcabanas/dev/credici
/mnt/beegfs/rcabanas/dev/credici/papers/causal_flavour
/mnt/beegfs/rcabanas/dev/credici/papers/causal_flavour/learntmodels
/mnt/beegfs/rcabanas/dev/credici/papers/causal_flavour/models
/mnt/beegfs/rcabanas/dev/credici/target/credici-0.1.5-dev-SNAPSHOT-jar-with-dependencies.jar
/mnt/beegfs/rcabanas/dev/credici/papers/causal_flavour/code/LearnCF.java
['learn.py', '1000', '125']
['learn.py', '1000', '146']
['learn.py', '1000', '147']
['learn.py', '1000', '117']
['learn.py', '1000', '113']
seed=125
/mnt/beegfs/rcabanas/dev/credici
seed=146
seed=147
seed=117
seed=113
/mnt/beegfs/rcabanas/dev/credici/papers/causal_flavour
/mnt/beegfs/rcabanas/dev/credici
/mnt/beegfs/rcabanas/dev/credici
/mnt/beegfs/rcabanas/dev/credici
/mnt/beegfs/rcabanas/dev/credici
/mnt/beegfs/rcabanas/dev/credici/papers/causal_flavour/learntmodels
/mnt/beegfs/rcabanas/dev/credici/papers/causal_flavour
/mnt/beegfs/rcabanas/dev/credici/papers/causal_flavour
/mnt/beegfs/rcabanas/dev/credici/papers/causal_flavour
/mnt/beegfs/rcabanas/dev/credici/papers/causal_flavour
/mnt/beegfs/rcabanas/dev/credici/papers/causal_flavour/models
/mnt/beegfs/rcabanas/dev/credici/target/credici-0.1.5-dev-SNAPSHOT-jar-with-dependencies.jar
/mnt/beegfs/rcabanas/dev/credici/papers/causal_flavour/learntmodels
/mnt/beegfs/rcabanas/dev/credici/papers/causal_flavour/learntmodels
/mnt/beegfs/rcabanas/dev/credici/papers/causal_flavour/learntmodels
/mnt/beegfs/rcabanas/dev/credici/papers/causal_flavour/learntmodels
/mnt/beegfs/rcabanas/dev/credici/papers/causal_flavour/code/LearnCF.java
/mnt/beegfs/rcabanas/dev/credici/papers/causal_flavour/models
/mnt/beegfs/rcabanas/dev/credici/papers/causal_flavour/models
/mnt/beegfs/rcabanas/dev/credici/target/credici-0.1.5-dev-SNAPSHOT-jar-with-dependencies.jar
/mnt/beegfs/rcabanas/dev/credici/papers/causal_flavour/models
/mnt/beegfs/rcabanas/dev/credici/papers/causal_flavour/models
/mnt/beegfs/rcabanas/dev/credici/target/credici-0.1.5-dev-SNAPSHOT-jar-with-dependencies.jar
/mnt/beegfs/rcabanas/dev/credici/papers/causal_flavour/code/LearnCF.java
/mnt/beegfs/rcabanas/dev/credici/target/credici-0.1.5-dev-SNAPSHOT-jar-with-dependencies.jar
/mnt/beegfs/rcabanas/dev/credici/target/credici-0.1.5-dev-SNAPSHOT-jar-with-dependencies.jar
/mnt/beegfs/rcabanas/dev/credici/papers/causal_flavour/code/LearnCF.java
/mnt/beegfs/rcabanas/dev/credici/papers/causal_flavour/code/LearnCF.java
/mnt/beegfs/rcabanas/dev/credici/papers/causal_flavour/code/LearnCF.java
['learn.py', '1000', '136']
seed=136
/mnt/beegfs/rcabanas/dev/credici
/mnt/beegfs/rcabanas/dev/credici/papers/causal_flavour
/mnt/beegfs/rcabanas/dev/credici/papers/causal_flavour/learntmodels
/mnt/beegfs/rcabanas/dev/credici/papers/causal_flavour/models
/mnt/beegfs/rcabanas/dev/credici/target/credici-0.1.5-dev-SNAPSHOT-jar-with-dependencies.jar
/mnt/beegfs/rcabanas/dev/credici/papers/causal_flavour/code/LearnCF.java
['learn.py', '1000', '143']
['learn.py', '1000', '107']
seed=143
seed=107
/mnt/beegfs/rcabanas/dev/credici
/mnt/beegfs/rcabanas/dev/credici
/mnt/beegfs/rcabanas/dev/credici/papers/causal_flavour
/mnt/beegfs/rcabanas/dev/credici/papers/causal_flavour
/mnt/beegfs/rcabanas/dev/credici/papers/causal_flavour/learntmodels
/mnt/beegfs/rcabanas/dev/credici/papers/causal_flavour/models
/mnt/beegfs/rcabanas/dev/credici/papers/causal_flavour/learntmodels
/mnt/beegfs/rcabanas/dev/credici/target/credici-0.1.5-dev-SNAPSHOT-jar-with-dependencies.jar
/mnt/beegfs/rcabanas/dev/credici/papers/causal_flavour/models
/mnt/beegfs/rcabanas/dev/credici/papers/causal_flavour/code/LearnCF.java
/mnt/beegfs/rcabanas/dev/credici/target/credici-0.1.5-dev-SNAPSHOT-jar-with-dependencies.jar
/mnt/beegfs/rcabanas/dev/credici/papers/causal_flavour/code/LearnCF.java
['learn.py', '1000', '104']
['learn.py', '1000', '134']
seed=104
/mnt/beegfs/rcabanas/dev/credici
seed=134
/mnt/beegfs/rcabanas/dev/credici/papers/causal_flavour
/mnt/beegfs/rcabanas/dev/credici/papers/causal_flavour/learntmodels
/mnt/beegfs/rcabanas/dev/credici/papers/causal_flavour/models
/mnt/beegfs/rcabanas/dev/credici/target/credici-0.1.5-dev-SNAPSHOT-jar-with-dependencies.jar
/mnt/beegfs/rcabanas/dev/credici
/mnt/beegfs/rcabanas/dev/credici/papers/causal_flavour
/mnt/beegfs/rcabanas/dev/credici/papers/causal_flavour/code/LearnCF.java
/mnt/beegfs/rcabanas/dev/credici/papers/causal_flavour/learntmodels
/mnt/beegfs/rcabanas/dev/credici/papers/causal_flavour/models
/mnt/beegfs/rcabanas/dev/credici/target/credici-0.1.5-dev-SNAPSHOT-jar-with-dependencies.jar
/mnt/beegfs/rcabanas/dev/credici/papers/causal_flavour/code/LearnCF.java
['learn.py', '1000', '133']
['learn.py', '1000', '126']
['learn.py', '1000', '127']
['learn.py', '1000', '100']
['learn.py', '1000', '114']
['learn.py', '1000', '128']
['learn.py', '1000', '130']
seed=133
['learn.py', '1000', '148']
/mnt/beegfs/rcabanas/dev/credici
/mnt/beegfs/rcabanas/dev/credici/papers/causal_flavour
/mnt/beegfs/rcabanas/dev/credici/papers/causal_flavour/learntmodels
/mnt/beegfs/rcabanas/dev/credici/papers/causal_flavour/models
/mnt/beegfs/rcabanas/dev/credici/target/credici-0.1.5-dev-SNAPSHOT-jar-with-dependencies.jar
/mnt/beegfs/rcabanas/dev/credici/papers/causal_flavour/code/LearnCF.java
seed=126
/mnt/beegfs/rcabanas/dev/credici
/mnt/beegfs/rcabanas/dev/credici/papers/causal_flavour
/mnt/beegfs/rcabanas/dev/credici/papers/causal_flavour/learntmodels
/mnt/beegfs/rcabanas/dev/credici/papers/causal_flavour/models
['learn.py', '1000', '122']
/mnt/beegfs/rcabanas/dev/credici/target/credici-0.1.5-dev-SNAPSHOT-jar-with-dependencies.jar
/mnt/beegfs/rcabanas/dev/credici/papers/causal_flavour/code/LearnCF.java
['learn.py', '1000', '150']
seed=127
/mnt/beegfs/rcabanas/dev/credici
/mnt/beegfs/rcabanas/dev/credici/papers/causal_flavour
/mnt/beegfs/rcabanas/dev/credici/papers/causal_flavour/learntmodels
/mnt/beegfs/rcabanas/dev/credici/papers/causal_flavour/models
/mnt/beegfs/rcabanas/dev/credici/target/credici-0.1.5-dev-SNAPSHOT-jar-with-dependencies.jar
/mnt/beegfs/rcabanas/dev/credici/papers/causal_flavour/code/LearnCF.java
seed=100
/mnt/beegfs/rcabanas/dev/credici
/mnt/beegfs/rcabanas/dev/credici/papers/causal_flavour
/mnt/beegfs/rcabanas/dev/credici/papers/causal_flavour/learntmodels
/mnt/beegfs/rcabanas/dev/credici/papers/causal_flavour/models
/mnt/beegfs/rcabanas/dev/credici/target/credici-0.1.5-dev-SNAPSHOT-jar-with-dependencies.jar
/mnt/beegfs/rcabanas/dev/credici/papers/causal_flavour/code/LearnCF.java
seed=114
seed=128
seed=130
/mnt/beegfs/rcabanas/dev/credici
/mnt/beegfs/rcabanas/dev/credici
/mnt/beegfs/rcabanas/dev/credici/papers/causal_flavour
/mnt/beegfs/rcabanas/dev/credici/papers/causal_flavour/learntmodels
/mnt/beegfs/rcabanas/dev/credici/papers/causal_flavour/models
/mnt/beegfs/rcabanas/dev/credici/target/credici-0.1.5-dev-SNAPSHOT-jar-with-dependencies.jar
/mnt/beegfs/rcabanas/dev/credici/papers/causal_flavour/code/LearnCF.java
/mnt/beegfs/rcabanas/dev/credici
/mnt/beegfs/rcabanas/dev/credici/papers/causal_flavour
seed=148
/mnt/beegfs/rcabanas/dev/credici
/mnt/beegfs/rcabanas/dev/credici/papers/causal_flavour
/mnt/beegfs/rcabanas/dev/credici/papers/causal_flavour/learntmodels
/mnt/beegfs/rcabanas/dev/credici/papers/causal_flavour/models
/mnt/beegfs/rcabanas/dev/credici/target/credici-0.1.5-dev-SNAPSHOT-jar-with-dependencies.jar
/mnt/beegfs/rcabanas/dev/credici/papers/causal_flavour/code/LearnCF.java
['learn.py', '1000', '106']
/mnt/beegfs/rcabanas/dev/credici/papers/causal_flavour
/mnt/beegfs/rcabanas/dev/credici/papers/causal_flavour/learntmodels
/mnt/beegfs/rcabanas/dev/credici/papers/causal_flavour/models
/mnt/beegfs/rcabanas/dev/credici/target/credici-0.1.5-dev-SNAPSHOT-jar-with-dependencies.jar
/mnt/beegfs/rcabanas/dev/credici/papers/causal_flavour/learntmodels
seed=122
/mnt/beegfs/rcabanas/dev/credici
seed=150
/mnt/beegfs/rcabanas/dev/credici/papers/causal_flavour/code/LearnCF.java
['learn.py', '1000', '102']
/mnt/beegfs/rcabanas/dev/credici/papers/causal_flavour/models
/mnt/beegfs/rcabanas/dev/credici/target/credici-0.1.5-dev-SNAPSHOT-jar-with-dependencies.jar
/mnt/beegfs/rcabanas/dev/credici/papers/causal_flavour/code/LearnCF.java
['learn.py', '1000', '118']
/mnt/beegfs/rcabanas/dev/credici/papers/causal_flavour
/mnt/beegfs/rcabanas/dev/credici/papers/causal_flavour/learntmodels
/mnt/beegfs/rcabanas/dev/credici/papers/causal_flavour/models
/mnt/beegfs/rcabanas/dev/credici/target/credici-0.1.5-dev-SNAPSHOT-jar-with-dependencies.jar
/mnt/beegfs/rcabanas/dev/credici/papers/causal_flavour/code/LearnCF.java
/mnt/beegfs/rcabanas/dev/credici
/mnt/beegfs/rcabanas/dev/credici/papers/causal_flavour
/mnt/beegfs/rcabanas/dev/credici/papers/causal_flavour/learntmodels
/mnt/beegfs/rcabanas/dev/credici/papers/causal_flavour/models
/mnt/beegfs/rcabanas/dev/credici/target/credici-0.1.5-dev-SNAPSHOT-jar-with-dependencies.jar
['learn.py', '1000', '105']
['learn.py', '1000', '119']
['learn.py', '1000', '139']
['learn.py', '1000', '120']
/mnt/beegfs/rcabanas/dev/credici/papers/causal_flavour/code/LearnCF.java
['learn.py', '1000', '121']
seed=106
/mnt/beegfs/rcabanas/dev/credici
/mnt/beegfs/rcabanas/dev/credici/papers/causal_flavour
/mnt/beegfs/rcabanas/dev/credici/papers/causal_flavour/learntmodels
/mnt/beegfs/rcabanas/dev/credici/papers/causal_flavour/models
/mnt/beegfs/rcabanas/dev/credici/target/credici-0.1.5-dev-SNAPSHOT-jar-with-dependencies.jar
/mnt/beegfs/rcabanas/dev/credici/papers/causal_flavour/code/LearnCF.java
seed=102
/mnt/beegfs/rcabanas/dev/credici
/mnt/beegfs/rcabanas/dev/credici/papers/causal_flavour
/mnt/beegfs/rcabanas/dev/credici/papers/causal_flavour/learntmodels
seed=118
/mnt/beegfs/rcabanas/dev/credici/papers/causal_flavour/models
/mnt/beegfs/rcabanas/dev/credici/target/credici-0.1.5-dev-SNAPSHOT-jar-with-dependencies.jar
/mnt/beegfs/rcabanas/dev/credici
/mnt/beegfs/rcabanas/dev/credici/papers/causal_flavour/code/LearnCF.java
/mnt/beegfs/rcabanas/dev/credici/papers/causal_flavour
seed=105
seed=119
/mnt/beegfs/rcabanas/dev/credici/papers/causal_flavour/learntmodels
/mnt/beegfs/rcabanas/dev/credici/papers/causal_flavour/models
/mnt/beegfs/rcabanas/dev/credici/target/credici-0.1.5-dev-SNAPSHOT-jar-with-dependencies.jar
/mnt/beegfs/rcabanas/dev/credici/papers/causal_flavour/code/LearnCF.java
/mnt/beegfs/rcabanas/dev/credici
/mnt/beegfs/rcabanas/dev/credici
seed=139
/mnt/beegfs/rcabanas/dev/credici
/mnt/beegfs/rcabanas/dev/credici/papers/causal_flavour
/mnt/beegfs/rcabanas/dev/credici/papers/causal_flavour/learntmodels
/mnt/beegfs/rcabanas/dev/credici/papers/causal_flavour/models
/mnt/beegfs/rcabanas/dev/credici/target/credici-0.1.5-dev-SNAPSHOT-jar-with-dependencies.jar
/mnt/beegfs/rcabanas/dev/credici/papers/causal_flavour/code/LearnCF.java
seed=120
/mnt/beegfs/rcabanas/dev/credici/papers/causal_flavour
seed=121
/mnt/beegfs/rcabanas/dev/credici/papers/causal_flavour
/mnt/beegfs/rcabanas/dev/credici/papers/causal_flavour/learntmodels
/mnt/beegfs/rcabanas/dev/credici/papers/causal_flavour/models
/mnt/beegfs/rcabanas/dev/credici/target/credici-0.1.5-dev-SNAPSHOT-jar-with-dependencies.jar
/mnt/beegfs/rcabanas/dev/credici/papers/causal_flavour/code/LearnCF.java
/mnt/beegfs/rcabanas/dev/credici
/mnt/beegfs/rcabanas/dev/credici/papers/causal_flavour/learntmodels
/mnt/beegfs/rcabanas/dev/credici
/mnt/beegfs/rcabanas/dev/credici/papers/causal_flavour
/mnt/beegfs/rcabanas/dev/credici/papers/causal_flavour/learntmodels
/mnt/beegfs/rcabanas/dev/credici/papers/causal_flavour/models
/mnt/beegfs/rcabanas/dev/credici/target/credici-0.1.5-dev-SNAPSHOT-jar-with-dependencies.jar
/mnt/beegfs/rcabanas/dev/credici/papers/causal_flavour/models
/mnt/beegfs/rcabanas/dev/credici/target/credici-0.1.5-dev-SNAPSHOT-jar-with-dependencies.jar
/mnt/beegfs/rcabanas/dev/credici/papers/causal_flavour/code/LearnCF.java
/mnt/beegfs/rcabanas/dev/credici/papers/causal_flavour
/mnt/beegfs/rcabanas/dev/credici/papers/causal_flavour/code/LearnCF.java
/mnt/beegfs/rcabanas/dev/credici/papers/causal_flavour/learntmodels
/mnt/beegfs/rcabanas/dev/credici/papers/causal_flavour/models
/mnt/beegfs/rcabanas/dev/credici/target/credici-0.1.5-dev-SNAPSHOT-jar-with-dependencies.jar
/mnt/beegfs/rcabanas/dev/credici/papers/causal_flavour/code/LearnCF.java
[2024-05-17T09:47:56.063797][INFO][seed123] Set up logging
[2024-05-17T09:47:56.094009][INFO][seed123] args: -m;1000;-o;/mnt/beegfs/rcabanas/dev/credici/papers/causal_flavour/learntmodels/miter1000;--data;/mnt/beegfs/rcabanas/dev/credici/papers/causal_flavour/data/simple_learner_4Q10k_data.csv;-rw;-s;123;/mnt/beegfs/rcabanas/dev/credici/papers/causal_flavour/models/simple_learner_4Q10k.uai
[2024-05-17T09:47:56.097854][INFO][seed123] Starting logger with seed 123
[2024-05-17T09:47:56.104583][INFO][seed132] Set up logging
[2024-05-17T09:47:56.139183][INFO][seed132] args: -m;1000;-o;/mnt/beegfs/rcabanas/dev/credici/papers/causal_flavour/learntmodels/miter1000;--data;/mnt/beegfs/rcabanas/dev/credici/papers/causal_flavour/data/simple_learner_4Q10k_data.csv;-rw;-s;132;/mnt/beegfs/rcabanas/dev/credici/papers/causal_flavour/models/simple_learner_4Q10k.uai
[2024-05-17T09:47:56.142248][INFO][seed132] Starting logger with seed 132
[2024-05-17T09:47:56.135931][INFO][seed138] Set up logging
[2024-05-17T09:47:56.160574][INFO][seed138] args: -m;1000;-o;/mnt/beegfs/rcabanas/dev/credici/papers/causal_flavour/learntmodels/miter1000;--data;/mnt/beegfs/rcabanas/dev/credici/papers/causal_flavour/data/simple_learner_4Q10k_data.csv;-rw;-s;138;/mnt/beegfs/rcabanas/dev/credici/papers/causal_flavour/models/simple_learner_4Q10k.uai
[2024-05-17T09:47:56.166104][INFO][seed138] Starting logger with seed 138
[2024-05-17T09:47:56.149572][INFO][seed131] Set up logging
[2024-05-17T09:47:56.169579][INFO][seed131] args: -m;1000;-o;/mnt/beegfs/rcabanas/dev/credici/papers/causal_flavour/learntmodels/miter1000;--data;/mnt/beegfs/rcabanas/dev/credici/papers/causal_flavour/data/simple_learner_4Q10k_data.csv;-rw;-s;131;/mnt/beegfs/rcabanas/dev/credici/papers/causal_flavour/models/simple_learner_4Q10k.uai
[2024-05-17T09:47:56.182560][INFO][seed131] Starting logger with seed 131
[2024-05-17T09:47:56.182058][INFO][seed137] Set up logging
[2024-05-17T09:47:56.189758][INFO][seed103] Set up logging
[2024-05-17T09:47:56.208197][INFO][seed137] args: -m;1000;-o;/mnt/beegfs/rcabanas/dev/credici/papers/causal_flavour/learntmodels/miter1000;--data;/mnt/beegfs/rcabanas/dev/credici/papers/causal_flavour/data/simple_learner_4Q10k_data.csv;-rw;-s;137;/mnt/beegfs/rcabanas/dev/credici/papers/causal_flavour/models/simple_learner_4Q10k.uai
[2024-05-17T09:47:56.208101][INFO][seed103] args: -m;1000;-o;/mnt/beegfs/rcabanas/dev/credici/papers/causal_flavour/learntmodels/miter1000;--data;/mnt/beegfs/rcabanas/dev/credici/papers/causal_flavour/data/simple_learner_4Q10k_data.csv;-rw;-s;103;/mnt/beegfs/rcabanas/dev/credici/papers/causal_flavour/models/simple_learner_4Q10k.uai
[2024-05-17T09:47:56.212782][INFO][seed137] Starting logger with seed 137
[2024-05-17T09:47:56.224097][INFO][seed103] Starting logger with seed 103
[2024-05-17T09:47:56.223287][INFO][seed149] Set up logging
[2024-05-17T09:47:56.259579][INFO][seed149] args: -m;1000;-o;/mnt/beegfs/rcabanas/dev/credici/papers/causal_flavour/learntmodels/miter1000;--data;/mnt/beegfs/rcabanas/dev/credici/papers/causal_flavour/data/simple_learner_4Q10k_data.csv;-rw;-s;149;/mnt/beegfs/rcabanas/dev/credici/papers/causal_flavour/models/simple_learner_4Q10k.uai
[2024-05-17T09:47:56.267617][INFO][seed149] Starting logger with seed 149
[2024-05-17T09:47:56.253041][INFO][seed144] Set up logging
[2024-05-17T09:47:56.261673][INFO][seed116] Set up logging
[2024-05-17T09:47:56.286149][INFO][seed144] args: -m;1000;-o;/mnt/beegfs/rcabanas/dev/credici/papers/causal_flavour/learntmodels/miter1000;--data;/mnt/beegfs/rcabanas/dev/credici/papers/causal_flavour/data/simple_learner_4Q10k_data.csv;-rw;-s;144;/mnt/beegfs/rcabanas/dev/credici/papers/causal_flavour/models/simple_learner_4Q10k.uai
[2024-05-17T09:47:56.289217][INFO][seed116] args: -m;1000;-o;/mnt/beegfs/rcabanas/dev/credici/papers/causal_flavour/learntmodels/miter1000;--data;/mnt/beegfs/rcabanas/dev/credici/papers/causal_flavour/data/simple_learner_4Q10k_data.csv;-rw;-s;116;/mnt/beegfs/rcabanas/dev/credici/papers/causal_flavour/models/simple_learner_4Q10k.uai
[2024-05-17T09:47:56.293590][INFO][seed116] Starting logger with seed 116
[2024-05-17T09:47:56.291397][INFO][seed144] Starting logger with seed 144
[2024-05-17T09:47:56.290927][INFO][seed101] Set up logging
[2024-05-17T09:47:56.309978][INFO][seed101] args: -m;1000;-o;/mnt/beegfs/rcabanas/dev/credici/papers/causal_flavour/learntmodels/miter1000;--data;/mnt/beegfs/rcabanas/dev/credici/papers/causal_flavour/data/simple_learner_4Q10k_data.csv;-rw;-s;101;/mnt/beegfs/rcabanas/dev/credici/papers/causal_flavour/models/simple_learner_4Q10k.uai
[2024-05-17T09:47:56.325493][INFO][seed101] Starting logger with seed 101
[2024-05-17T09:47:56.295811][INFO][seed109] Set up logging
[2024-05-17T09:47:56.315042][INFO][seed124] Set up logging
[2024-05-17T09:47:56.330412][INFO][seed109] args: -m;1000;-o;/mnt/beegfs/rcabanas/dev/credici/papers/causal_flavour/learntmodels/miter1000;--data;/mnt/beegfs/rcabanas/dev/credici/papers/causal_flavour/data/simple_learner_4Q10k_data.csv;-rw;-s;109;/mnt/beegfs/rcabanas/dev/credici/papers/causal_flavour/models/simple_learner_4Q10k.uai
[2024-05-17T09:47:56.333967][INFO][seed109] Starting logger with seed 109
[2024-05-17T09:47:56.343280][INFO][seed124] args: -m;1000;-o;/mnt/beegfs/rcabanas/dev/credici/papers/causal_flavour/learntmodels/miter1000;--data;/mnt/beegfs/rcabanas/dev/credici/papers/causal_flavour/data/simple_learner_4Q10k_data.csv;-rw;-s;124;/mnt/beegfs/rcabanas/dev/credici/papers/causal_flavour/models/simple_learner_4Q10k.uai
[2024-05-17T09:47:56.326946][INFO][seed115] Set up logging
[2024-05-17T09:47:56.351436][INFO][seed115] args: -m;1000;-o;/mnt/beegfs/rcabanas/dev/credici/papers/causal_flavour/learntmodels/miter1000;--data;/mnt/beegfs/rcabanas/dev/credici/papers/causal_flavour/data/simple_learner_4Q10k_data.csv;-rw;-s;115;/mnt/beegfs/rcabanas/dev/credici/papers/causal_flavour/models/simple_learner_4Q10k.uai
[2024-05-17T09:47:56.347992][INFO][seed124] Starting logger with seed 124
[2024-05-17T09:47:56.355895][INFO][seed115] Starting logger with seed 115
[2024-05-17T09:47:56.328238][INFO][seed141] Set up logging
[2024-05-17T09:47:56.357261][INFO][seed141] args: -m;1000;-o;/mnt/beegfs/rcabanas/dev/credici/papers/causal_flavour/learntmodels/miter1000;--data;/mnt/beegfs/rcabanas/dev/credici/papers/causal_flavour/data/simple_learner_4Q10k_data.csv;-rw;-s;141;/mnt/beegfs/rcabanas/dev/credici/papers/causal_flavour/models/simple_learner_4Q10k.uai
[2024-05-17T09:47:56.362234][INFO][seed141] Starting logger with seed 141
[2024-05-17T09:47:56.328164][INFO][seed145] Set up logging
[2024-05-17T09:47:56.336862][INFO][seed111] Set up logging
[2024-05-17T09:47:56.359864][INFO][seed145] args: -m;1000;-o;/mnt/beegfs/rcabanas/dev/credici/papers/causal_flavour/learntmodels/miter1000;--data;/mnt/beegfs/rcabanas/dev/credici/papers/causal_flavour/data/simple_learner_4Q10k_data.csv;-rw;-s;145;/mnt/beegfs/rcabanas/dev/credici/papers/causal_flavour/models/simple_learner_4Q10k.uai
[2024-05-17T09:47:56.341683][INFO][seed140] Set up logging
[2024-05-17T09:47:56.371895][INFO][seed140] args: -m;1000;-o;/mnt/beegfs/rcabanas/dev/credici/papers/causal_flavour/learntmodels/miter1000;--data;/mnt/beegfs/rcabanas/dev/credici/papers/causal_flavour/data/simple_learner_4Q10k_data.csv;-rw;-s;140;/mnt/beegfs/rcabanas/dev/credici/papers/causal_flavour/models/simple_learner_4Q10k.uai
[2024-05-17T09:47:56.375141][INFO][seed140] Starting logger with seed 140
[2024-05-17T09:47:56.343656][INFO][seed142] Set up logging
[2024-05-17T09:47:56.371722][INFO][seed142] args: -m;1000;-o;/mnt/beegfs/rcabanas/dev/credici/papers/causal_flavour/learntmodels/miter1000;--data;/mnt/beegfs/rcabanas/dev/credici/papers/causal_flavour/data/simple_learner_4Q10k_data.csv;-rw;-s;142;/mnt/beegfs/rcabanas/dev/credici/papers/causal_flavour/models/simple_learner_4Q10k.uai
[2024-05-17T09:47:56.382877][INFO][seed142] Starting logger with seed 142
[2024-05-17T09:47:56.366574][INFO][seed145] Starting logger with seed 145
[2024-05-17T09:47:56.374112][INFO][seed111] args: -m;1000;-o;/mnt/beegfs/rcabanas/dev/credici/papers/causal_flavour/learntmodels/miter1000;--data;/mnt/beegfs/rcabanas/dev/credici/papers/causal_flavour/data/simple_learner_4Q10k_data.csv;-rw;-s;111;/mnt/beegfs/rcabanas/dev/credici/papers/causal_flavour/models/simple_learner_4Q10k.uai
[2024-05-17T09:47:56.352204][INFO][seed135] Set up logging
[2024-05-17T09:47:56.378095][INFO][seed111] Starting logger with seed 111
[2024-05-17T09:47:56.382564][INFO][seed135] args: -m;1000;-o;/mnt/beegfs/rcabanas/dev/credici/papers/causal_flavour/learntmodels/miter1000;--data;/mnt/beegfs/rcabanas/dev/credici/papers/causal_flavour/data/simple_learner_4Q10k_data.csv;-rw;-s;135;/mnt/beegfs/rcabanas/dev/credici/papers/causal_flavour/models/simple_learner_4Q10k.uai
[2024-05-17T09:47:56.392017][INFO][seed135] Starting logger with seed 135
[2024-05-17T09:47:56.549725][INFO][seed123] Loaded model and info: /mnt/beegfs/rcabanas/dev/credici/papers/causal_flavour/models/simple_learner_4Q10k.uai
[2024-05-17T09:47:56.562928][INFO][seed112] Set up logging
[2024-05-17T09:47:56.586181][INFO][seed112] args: -m;1000;-o;/mnt/beegfs/rcabanas/dev/credici/papers/causal_flavour/learntmodels/miter1000;--data;/mnt/beegfs/rcabanas/dev/credici/papers/causal_flavour/data/simple_learner_4Q10k_data.csv;-rw;-s;112;/mnt/beegfs/rcabanas/dev/credici/papers/causal_flavour/models/simple_learner_4Q10k.uai
[2024-05-17T09:47:56.593929][INFO][seed112] Starting logger with seed 112
[2024-05-17T09:47:56.589670][INFO][seed129] Set up logging
[2024-05-17T09:47:56.629752][INFO][seed129] args: -m;1000;-o;/mnt/beegfs/rcabanas/dev/credici/papers/causal_flavour/learntmodels/miter1000;--data;/mnt/beegfs/rcabanas/dev/credici/papers/causal_flavour/data/simple_learner_4Q10k_data.csv;-rw;-s;129;/mnt/beegfs/rcabanas/dev/credici/papers/causal_flavour/models/simple_learner_4Q10k.uai
[2024-05-17T09:47:56.615388][INFO][seed113] Set up logging
[2024-05-17T09:47:56.635730][INFO][seed129] Starting logger with seed 129
[2024-05-17T09:47:56.629681][INFO][seed117] Set up logging
[2024-05-17T09:47:56.632080][INFO][seed113] args: -m;1000;-o;/mnt/beegfs/rcabanas/dev/credici/papers/causal_flavour/learntmodels/miter1000;--data;/mnt/beegfs/rcabanas/dev/credici/papers/causal_flavour/data/simple_learner_4Q10k_data.csv;-rw;-s;113;/mnt/beegfs/rcabanas/dev/credici/papers/causal_flavour/models/simple_learner_4Q10k.uai
[2024-05-17T09:47:56.648205][INFO][seed117] args: -m;1000;-o;/mnt/beegfs/rcabanas/dev/credici/papers/causal_flavour/learntmodels/miter1000;--data;/mnt/beegfs/rcabanas/dev/credici/papers/causal_flavour/data/simple_learner_4Q10k_data.csv;-rw;-s;117;/mnt/beegfs/rcabanas/dev/credici/papers/causal_flavour/models/simple_learner_4Q10k.uai
[2024-05-17T09:47:56.654735][INFO][seed132] Loaded model and info: /mnt/beegfs/rcabanas/dev/credici/papers/causal_flavour/models/simple_learner_4Q10k.uai
[2024-05-17T09:47:56.654378][INFO][seed113] Starting logger with seed 113
[2024-05-17T09:47:56.662081][INFO][seed131] Loaded model and info: /mnt/beegfs/rcabanas/dev/credici/papers/causal_flavour/models/simple_learner_4Q10k.uai
[2024-05-17T09:47:56.663016][INFO][seed117] Starting logger with seed 117
[2024-05-17T09:47:56.654357][INFO][seed134] Set up logging
[2024-05-17T09:47:56.678864][INFO][seed134] args: -m;1000;-o;/mnt/beegfs/rcabanas/dev/credici/papers/causal_flavour/learntmodels/miter1000;--data;/mnt/beegfs/rcabanas/dev/credici/papers/causal_flavour/data/simple_learner_4Q10k_data.csv;-rw;-s;134;/mnt/beegfs/rcabanas/dev/credici/papers/causal_flavour/models/simple_learner_4Q10k.uai
[2024-05-17T09:47:56.656112][INFO][seed146] Set up logging
[2024-05-17T09:47:56.687069][INFO][seed146] args: -m;1000;-o;/mnt/beegfs/rcabanas/dev/credici/papers/causal_flavour/learntmodels/miter1000;--data;/mnt/beegfs/rcabanas/dev/credici/papers/causal_flavour/data/simple_learner_4Q10k_data.csv;-rw;-s;146;/mnt/beegfs/rcabanas/dev/credici/papers/causal_flavour/models/simple_learner_4Q10k.uai
[2024-05-17T09:47:56.690071][INFO][seed134] Starting logger with seed 134
[2024-05-17T09:47:56.677114][INFO][seed147] Set up logging
[2024-05-17T09:47:56.705259][INFO][seed138] Loaded model and info: /mnt/beegfs/rcabanas/dev/credici/papers/causal_flavour/models/simple_learner_4Q10k.uai
[2024-05-17T09:47:56.705306][INFO][seed147] args: -m;1000;-o;/mnt/beegfs/rcabanas/dev/credici/papers/causal_flavour/learntmodels/miter1000;--data;/mnt/beegfs/rcabanas/dev/credici/papers/causal_flavour/data/simple_learner_4Q10k_data.csv;-rw;-s;147;/mnt/beegfs/rcabanas/dev/credici/papers/causal_flavour/models/simple_learner_4Q10k.uai
[2024-05-17T09:47:56.703028][INFO][seed146] Starting logger with seed 146
[2024-05-17T09:47:56.712906][INFO][seed147] Starting logger with seed 147
[2024-05-17T09:47:56.730663][INFO][seed107] Set up logging
[2024-05-17T09:47:56.746240][INFO][seed107] args: -m;1000;-o;/mnt/beegfs/rcabanas/dev/credici/papers/causal_flavour/learntmodels/miter1000;--data;/mnt/beegfs/rcabanas/dev/credici/papers/causal_flavour/data/simple_learner_4Q10k_data.csv;-rw;-s;107;/mnt/beegfs/rcabanas/dev/credici/papers/causal_flavour/models/simple_learner_4Q10k.uai
[2024-05-17T09:47:56.754972][INFO][seed103] Loaded model and info: /mnt/beegfs/rcabanas/dev/credici/papers/causal_flavour/models/simple_learner_4Q10k.uai
[2024-05-17T09:47:56.763027][INFO][seed107] Starting logger with seed 107
[2024-05-17T09:47:56.772626][INFO][seed137] Loaded model and info: /mnt/beegfs/rcabanas/dev/credici/papers/causal_flavour/models/simple_learner_4Q10k.uai
[2024-05-17T09:47:56.768166][INFO][seed104] Set up logging
[2024-05-17T09:47:56.795048][INFO][seed104] args: -m;1000;-o;/mnt/beegfs/rcabanas/dev/credici/papers/causal_flavour/learntmodels/miter1000;--data;/mnt/beegfs/rcabanas/dev/credici/papers/causal_flavour/data/simple_learner_4Q10k_data.csv;-rw;-s;104;/mnt/beegfs/rcabanas/dev/credici/papers/causal_flavour/models/simple_learner_4Q10k.uai
[2024-05-17T09:47:56.804191][INFO][seed104] Starting logger with seed 104
[2024-05-17T09:47:56.815988][INFO][seed136] Set up logging
[2024-05-17T09:47:56.843848][INFO][seed136] args: -m;1000;-o;/mnt/beegfs/rcabanas/dev/credici/papers/causal_flavour/learntmodels/miter1000;--data;/mnt/beegfs/rcabanas/dev/credici/papers/causal_flavour/data/simple_learner_4Q10k_data.csv;-rw;-s;136;/mnt/beegfs/rcabanas/dev/credici/papers/causal_flavour/models/simple_learner_4Q10k.uai
[2024-05-17T09:47:56.822082][INFO][seed143] Set up logging
[2024-05-17T09:47:56.852706][INFO][seed136] Starting logger with seed 136
[2024-05-17T09:47:56.846238][INFO][seed143] args: -m;1000;-o;/mnt/beegfs/rcabanas/dev/credici/papers/causal_flavour/learntmodels/miter1000;--data;/mnt/beegfs/rcabanas/dev/credici/papers/causal_flavour/data/simple_learner_4Q10k_data.csv;-rw;-s;143;/mnt/beegfs/rcabanas/dev/credici/papers/causal_flavour/models/simple_learner_4Q10k.uai
[2024-05-17T09:47:56.857014][INFO][seed143] Starting logger with seed 143
[2024-05-17T09:47:56.873261][INFO][seed149] Loaded model and info: /mnt/beegfs/rcabanas/dev/credici/papers/causal_flavour/models/simple_learner_4Q10k.uai
[2024-05-17T09:47:56.919152][INFO][seed116] Loaded model and info: /mnt/beegfs/rcabanas/dev/credici/papers/causal_flavour/models/simple_learner_4Q10k.uai
[2024-05-17T09:47:56.935605][INFO][seed144] Loaded model and info: /mnt/beegfs/rcabanas/dev/credici/papers/causal_flavour/models/simple_learner_4Q10k.uai
[2024-05-17T09:47:56.980328][INFO][seed125] Set up logging
[2024-05-17T09:47:57.008377][INFO][seed125] args: -m;1000;-o;/mnt/beegfs/rcabanas/dev/credici/papers/causal_flavour/learntmodels/miter1000;--data;/mnt/beegfs/rcabanas/dev/credici/papers/causal_flavour/data/simple_learner_4Q10k_data.csv;-rw;-s;125;/mnt/beegfs/rcabanas/dev/credici/papers/causal_flavour/models/simple_learner_4Q10k.uai
[2024-05-17T09:47:57.007913][INFO][seed101] Loaded model and info: /mnt/beegfs/rcabanas/dev/credici/papers/causal_flavour/models/simple_learner_4Q10k.uai
[2024-05-17T09:47:57.015428][INFO][seed125] Starting logger with seed 125
[2024-05-17T09:47:57.016366][INFO][seed123] Loaded 10000 data instances
[2024-05-17T09:47:57.020049][INFO][seed123] Starting learning up to 1000 iterations
[2024-05-17T09:47:57.028250][INFO][seed109] Loaded model and info: /mnt/beegfs/rcabanas/dev/credici/papers/causal_flavour/models/simple_learner_4Q10k.uai
[2024-05-17T09:47:57.037416][INFO][seed115] Loaded model and info: /mnt/beegfs/rcabanas/dev/credici/papers/causal_flavour/models/simple_learner_4Q10k.uai
[2024-05-17T09:47:57.026149][INFO][seed100] Set up logging
[2024-05-17T09:47:57.052009][INFO][seed100] args: -m;1000;-o;/mnt/beegfs/rcabanas/dev/credici/papers/causal_flavour/learntmodels/miter1000;--data;/mnt/beegfs/rcabanas/dev/credici/papers/causal_flavour/data/simple_learner_4Q10k_data.csv;-rw;-s;100;/mnt/beegfs/rcabanas/dev/credici/papers/causal_flavour/models/simple_learner_4Q10k.uai
[2024-05-17T09:47:57.057050][INFO][seed100] Starting logger with seed 100
[2024-05-17T09:47:57.062347][INFO][seed145] Loaded model and info: /mnt/beegfs/rcabanas/dev/credici/papers/causal_flavour/models/simple_learner_4Q10k.uai
[2024-05-17T09:47:57.062866][INFO][seed142] Loaded model and info: /mnt/beegfs/rcabanas/dev/credici/papers/causal_flavour/models/simple_learner_4Q10k.uai
[2024-05-17T09:47:57.070878][INFO][seed124] Loaded model and info: /mnt/beegfs/rcabanas/dev/credici/papers/causal_flavour/models/simple_learner_4Q10k.uai
[2024-05-17T09:47:57.077729][INFO][seed140] Loaded model and info: /mnt/beegfs/rcabanas/dev/credici/papers/causal_flavour/models/simple_learner_4Q10k.uai
[2024-05-17T09:47:57.110804][INFO][seed141] Loaded model and info: /mnt/beegfs/rcabanas/dev/credici/papers/causal_flavour/models/simple_learner_4Q10k.uai
[2024-05-17T09:47:57.088067][INFO][seed114] Set up logging
[2024-05-17T09:47:57.111479][INFO][seed114] args: -m;1000;-o;/mnt/beegfs/rcabanas/dev/credici/papers/causal_flavour/learntmodels/miter1000;--data;/mnt/beegfs/rcabanas/dev/credici/papers/causal_flavour/data/simple_learner_4Q10k_data.csv;-rw;-s;114;/mnt/beegfs/rcabanas/dev/credici/papers/causal_flavour/models/simple_learner_4Q10k.uai
[2024-05-17T09:47:57.116239][INFO][seed114] Starting logger with seed 114
[2024-05-17T09:47:57.111545][INFO][seed111] Loaded model and info: /mnt/beegfs/rcabanas/dev/credici/papers/causal_flavour/models/simple_learner_4Q10k.uai
[2024-05-17T09:47:57.114800][INFO][seed135] Loaded model and info: /mnt/beegfs/rcabanas/dev/credici/papers/causal_flavour/models/simple_learner_4Q10k.uai
[2024-05-17T09:47:57.122659][INFO][seed131] Loaded 10000 data instances
[2024-05-17T09:47:57.123236][INFO][seed131] Starting learning up to 1000 iterations
[2024-05-17T09:47:57.134151][INFO][seed133] Set up logging
[2024-05-17T09:47:57.160781][INFO][seed133] args: -m;1000;-o;/mnt/beegfs/rcabanas/dev/credici/papers/causal_flavour/learntmodels/miter1000;--data;/mnt/beegfs/rcabanas/dev/credici/papers/causal_flavour/data/simple_learner_4Q10k_data.csv;-rw;-s;133;/mnt/beegfs/rcabanas/dev/credici/papers/causal_flavour/models/simple_learner_4Q10k.uai
[2024-05-17T09:47:57.138240][INFO][seed127] Set up logging
[2024-05-17T09:47:57.164239][INFO][seed127] args: -m;1000;-o;/mnt/beegfs/rcabanas/dev/credici/papers/causal_flavour/learntmodels/miter1000;--data;/mnt/beegfs/rcabanas/dev/credici/papers/causal_flavour/data/simple_learner_4Q10k_data.csv;-rw;-s;127;/mnt/beegfs/rcabanas/dev/credici/papers/causal_flavour/models/simple_learner_4Q10k.uai
[2024-05-17T09:47:57.166427][INFO][seed133] Starting logger with seed 133
[2024-05-17T09:47:57.169260][INFO][seed127] Starting logger with seed 127
[2024-05-17T09:47:57.174501][INFO][seed132] Loaded 10000 data instances
[2024-05-17T09:47:57.183588][INFO][seed132] Starting learning up to 1000 iterations
[2024-05-17T09:47:57.189582][INFO][seed138] Loaded 10000 data instances
[2024-05-17T09:47:57.171742][INFO][seed126] Set up logging
[2024-05-17T09:47:57.190242][INFO][seed138] Starting learning up to 1000 iterations
[2024-05-17T09:47:57.193][INFO][seed126] args: -m;1000;-o;/mnt/beegfs/rcabanas/dev/credici/papers/causal_flavour/learntmodels/miter1000;--data;/mnt/beegfs/rcabanas/dev/credici/papers/causal_flavour/data/simple_learner_4Q10k_data.csv;-rw;-s;126;/mnt/beegfs/rcabanas/dev/credici/papers/causal_flavour/models/simple_learner_4Q10k.uai
[2024-05-17T09:47:57.202350][INFO][seed126] Starting logger with seed 126
[2024-05-17T09:47:57.190358][INFO][seed128] Set up logging
[2024-05-17T09:47:57.218969][INFO][seed128] args: -m;1000;-o;/mnt/beegfs/rcabanas/dev/credici/papers/causal_flavour/learntmodels/miter1000;--data;/mnt/beegfs/rcabanas/dev/credici/papers/causal_flavour/data/simple_learner_4Q10k_data.csv;-rw;-s;128;/mnt/beegfs/rcabanas/dev/credici/papers/causal_flavour/models/simple_learner_4Q10k.uai
[2024-05-17T09:47:57.231395][INFO][seed128] Starting logger with seed 128
[2024-05-17T09:47:57.235084][INFO][seed130] Set up logging
[2024-05-17T09:47:57.257388][INFO][seed130] args: -m;1000;-o;/mnt/beegfs/rcabanas/dev/credici/papers/causal_flavour/learntmodels/miter1000;--data;/mnt/beegfs/rcabanas/dev/credici/papers/causal_flavour/data/simple_learner_4Q10k_data.csv;-rw;-s;130;/mnt/beegfs/rcabanas/dev/credici/papers/causal_flavour/models/simple_learner_4Q10k.uai
[2024-05-17T09:47:57.263077][INFO][seed137] Loaded 10000 data instances
[2024-05-17T09:47:57.263942][INFO][seed130] Starting logger with seed 130
[2024-05-17T09:47:57.268082][INFO][seed137] Starting learning up to 1000 iterations
[2024-05-17T09:47:57.274552][INFO][seed103] Loaded 10000 data instances
[2024-05-17T09:47:57.275194][INFO][seed103] Starting learning up to 1000 iterations
[2024-05-17T09:47:57.259666][INFO][seed122] Set up logging
[2024-05-17T09:47:57.281762][INFO][seed122] args: -m;1000;-o;/mnt/beegfs/rcabanas/dev/credici/papers/causal_flavour/learntmodels/miter1000;--data;/mnt/beegfs/rcabanas/dev/credici/papers/causal_flavour/data/simple_learner_4Q10k_data.csv;-rw;-s;122;/mnt/beegfs/rcabanas/dev/credici/papers/causal_flavour/models/simple_learner_4Q10k.uai
[2024-05-17T09:47:57.286906][INFO][seed112] Loaded model and info: /mnt/beegfs/rcabanas/dev/credici/papers/causal_flavour/models/simple_learner_4Q10k.uai
[2024-05-17T09:47:57.287181][INFO][seed122] Starting logger with seed 122
[2024-05-17T09:47:57.268193][INFO][seed150] Set up logging
[2024-05-17T09:47:57.293623][INFO][seed150] args: -m;1000;-o;/mnt/beegfs/rcabanas/dev/credici/papers/causal_flavour/learntmodels/miter1000;--data;/mnt/beegfs/rcabanas/dev/credici/papers/causal_flavour/data/simple_learner_4Q10k_data.csv;-rw;-s;150;/mnt/beegfs/rcabanas/dev/credici/papers/causal_flavour/models/simple_learner_4Q10k.uai
[2024-05-17T09:47:57.295195][INFO][seed129] Loaded model and info: /mnt/beegfs/rcabanas/dev/credici/papers/causal_flavour/models/simple_learner_4Q10k.uai
[2024-05-17T09:47:57.296464][INFO][seed117] Loaded model and info: /mnt/beegfs/rcabanas/dev/credici/papers/causal_flavour/models/simple_learner_4Q10k.uai
[2024-05-17T09:47:57.298968][INFO][seed150] Starting logger with seed 150
[2024-05-17T09:47:57.285219][INFO][seed139] Set up logging
[2024-05-17T09:47:57.311679][INFO][seed139] args: -m;1000;-o;/mnt/beegfs/rcabanas/dev/credici/papers/causal_flavour/learntmodels/miter1000;--data;/mnt/beegfs/rcabanas/dev/credici/papers/causal_flavour/data/simple_learner_4Q10k_data.csv;-rw;-s;139;/mnt/beegfs/rcabanas/dev/credici/papers/causal_flavour/models/simple_learner_4Q10k.uai
[2024-05-17T09:47:57.288119][INFO][seed121] Set up logging
[2024-05-17T09:47:57.286618][INFO][seed102] Set up logging
[2024-05-17T09:47:57.316806][INFO][seed102] args: -m;1000;-o;/mnt/beegfs/rcabanas/dev/credici/papers/causal_flavour/learntmodels/miter1000;--data;/mnt/beegfs/rcabanas/dev/credici/papers/causal_flavour/data/simple_learner_4Q10k_data.csv;-rw;-s;102;/mnt/beegfs/rcabanas/dev/credici/papers/causal_flavour/models/simple_learner_4Q10k.uai
[2024-05-17T09:47:57.315835][INFO][seed139] Starting logger with seed 139
[2024-05-17T09:47:57.322580][INFO][seed102] Starting logger with seed 102
[2024-05-17T09:47:57.314947][INFO][seed121] args: -m;1000;-o;/mnt/beegfs/rcabanas/dev/credici/papers/causal_flavour/learntmodels/miter1000;--data;/mnt/beegfs/rcabanas/dev/credici/papers/causal_flavour/data/simple_learner_4Q10k_data.csv;-rw;-s;121;/mnt/beegfs/rcabanas/dev/credici/papers/causal_flavour/models/simple_learner_4Q10k.uai
[2024-05-17T09:47:57.295512][INFO][seed106] Set up logging
[2024-05-17T09:47:57.294657][INFO][seed148] Set up logging
[2024-05-17T09:47:57.324804][INFO][seed148] args: -m;1000;-o;/mnt/beegfs/rcabanas/dev/credici/papers/causal_flavour/learntmodels/miter1000;--data;/mnt/beegfs/rcabanas/dev/credici/papers/causal_flavour/data/simple_learner_4Q10k_data.csv;-rw;-s;148;/mnt/beegfs/rcabanas/dev/credici/papers/causal_flavour/models/simple_learner_4Q10k.uai
[2024-05-17T09:47:57.330038][INFO][seed148] Starting logger with seed 148
[2024-05-17T09:47:57.318495][INFO][seed121] Starting logger with seed 121
[2024-05-17T09:47:57.322854][INFO][seed106] args: -m;1000;-o;/mnt/beegfs/rcabanas/dev/credici/papers/causal_flavour/learntmodels/miter1000;--data;/mnt/beegfs/rcabanas/dev/credici/papers/causal_flavour/data/simple_learner_4Q10k_data.csv;-rw;-s;106;/mnt/beegfs/rcabanas/dev/credici/papers/causal_flavour/models/simple_learner_4Q10k.uai
[2024-05-17T09:47:57.329804][INFO][seed113] Loaded model and info: /mnt/beegfs/rcabanas/dev/credici/papers/causal_flavour/models/simple_learner_4Q10k.uai
[2024-05-17T09:47:57.327587][INFO][seed106] Starting logger with seed 106
[2024-05-17T09:47:57.351103][INFO][seed147] Loaded model and info: /mnt/beegfs/rcabanas/dev/credici/papers/causal_flavour/models/simple_learner_4Q10k.uai
[2024-05-17T09:47:57.328150][INFO][seed105] Set up logging
[2024-05-17T09:47:57.356304][INFO][seed134] Loaded model and info: /mnt/beegfs/rcabanas/dev/credici/papers/causal_flavour/models/simple_learner_4Q10k.uai
[2024-05-17T09:47:57.355709][INFO][seed105] args: -m;1000;-o;/mnt/beegfs/rcabanas/dev/credici/papers/causal_flavour/learntmodels/miter1000;--data;/mnt/beegfs/rcabanas/dev/credici/papers/causal_flavour/data/simple_learner_4Q10k_data.csv;-rw;-s;105;/mnt/beegfs/rcabanas/dev/credici/papers/causal_flavour/models/simple_learner_4Q10k.uai
[2024-05-17T09:47:57.359683][INFO][seed105] Starting logger with seed 105
[2024-05-17T09:47:57.340796][INFO][seed119] Set up logging
[2024-05-17T09:47:57.369651][INFO][seed119] args: -m;1000;-o;/mnt/beegfs/rcabanas/dev/credici/papers/causal_flavour/learntmodels/miter1000;--data;/mnt/beegfs/rcabanas/dev/credici/papers/causal_flavour/data/simple_learner_4Q10k_data.csv;-rw;-s;119;/mnt/beegfs/rcabanas/dev/credici/papers/causal_flavour/models/simple_learner_4Q10k.uai
[2024-05-17T09:47:57.374582][INFO][seed119] Starting logger with seed 119
[2024-05-17T09:47:57.363862][INFO][seed120] Set up logging
[2024-05-17T09:47:57.383869][INFO][seed120] args: -m;1000;-o;/mnt/beegfs/rcabanas/dev/credici/papers/causal_flavour/learntmodels/miter1000;--data;/mnt/beegfs/rcabanas/dev/credici/papers/causal_flavour/data/simple_learner_4Q10k_data.csv;-rw;-s;120;/mnt/beegfs/rcabanas/dev/credici/papers/causal_flavour/models/simple_learner_4Q10k.uai
[2024-05-17T09:47:57.386215][INFO][seed149] Loaded 10000 data instances
[2024-05-17T09:47:57.387024][INFO][seed120] Starting logger with seed 120
[2024-05-17T09:47:57.386984][INFO][seed149] Starting learning up to 1000 iterations
[2024-05-17T09:47:57.391771][INFO][seed146] Loaded model and info: /mnt/beegfs/rcabanas/dev/credici/papers/causal_flavour/models/simple_learner_4Q10k.uai
[2024-05-17T09:47:57.368260][INFO][seed118] Set up logging
[2024-05-17T09:47:57.396996][INFO][seed118] args: -m;1000;-o;/mnt/beegfs/rcabanas/dev/credici/papers/causal_flavour/learntmodels/miter1000;--data;/mnt/beegfs/rcabanas/dev/credici/papers/causal_flavour/data/simple_learner_4Q10k_data.csv;-rw;-s;118;/mnt/beegfs/rcabanas/dev/credici/papers/causal_flavour/models/simple_learner_4Q10k.uai
[2024-05-17T09:47:57.398762][INFO][seed107] Loaded model and info: /mnt/beegfs/rcabanas/dev/credici/papers/causal_flavour/models/simple_learner_4Q10k.uai
[2024-05-17T09:47:57.401049][INFO][seed118] Starting logger with seed 118
[2024-05-17T09:47:57.436538][INFO][seed143] Loaded model and info: /mnt/beegfs/rcabanas/dev/credici/papers/causal_flavour/models/simple_learner_4Q10k.uai
[2024-05-17T09:47:57.446192][INFO][seed104] Loaded model and info: /mnt/beegfs/rcabanas/dev/credici/papers/causal_flavour/models/simple_learner_4Q10k.uai
[2024-05-17T09:47:57.451596][INFO][seed116] Loaded 10000 data instances
[2024-05-17T09:47:57.463703][INFO][seed116] Starting learning up to 1000 iterations
[2024-05-17T09:47:57.472349][INFO][seed136] Loaded model and info: /mnt/beegfs/rcabanas/dev/credici/papers/causal_flavour/models/simple_learner_4Q10k.uai
[2024-05-17T09:47:57.524956][INFO][seed144] Loaded 10000 data instances
[2024-05-17T09:47:57.525799][INFO][seed144] Starting learning up to 1000 iterations
[2024-05-17T09:47:57.546080][INFO][seed101] Loaded 10000 data instances
[2024-05-17T09:47:57.546772][INFO][seed101] Starting learning up to 1000 iterations
[2024-05-17T09:47:57.552848][INFO][seed100] Loaded model and info: /mnt/beegfs/rcabanas/dev/credici/papers/causal_flavour/models/simple_learner_4Q10k.uai
[2024-05-17T09:47:57.562097][INFO][seed109] Loaded 10000 data instances
[2024-05-17T09:47:57.566426][INFO][seed145] Loaded 10000 data instances
[2024-05-17T09:47:57.567906][INFO][seed145] Starting learning up to 1000 iterations
[2024-05-17T09:47:57.568039][INFO][seed109] Starting learning up to 1000 iterations
[2024-05-17T09:47:57.576009][INFO][seed115] Loaded 10000 data instances
[2024-05-17T09:47:57.576640][INFO][seed115] Starting learning up to 1000 iterations
[2024-05-17T09:47:57.580064][INFO][seed140] Loaded 10000 data instances
[2024-05-17T09:47:57.582766][INFO][seed125] Loaded model and info: /mnt/beegfs/rcabanas/dev/credici/papers/causal_flavour/models/simple_learner_4Q10k.uai
[2024-05-17T09:47:57.589893][INFO][seed140] Starting learning up to 1000 iterations
[2024-05-17T09:47:57.597612][INFO][seed142] Loaded 10000 data instances
[2024-05-17T09:47:57.598330][INFO][seed142] Starting learning up to 1000 iterations
[2024-05-17T09:47:57.609623][INFO][seed114] Loaded model and info: /mnt/beegfs/rcabanas/dev/credici/papers/causal_flavour/models/simple_learner_4Q10k.uai
[2024-05-17T09:47:57.626762][INFO][seed133] Loaded model and info: /mnt/beegfs/rcabanas/dev/credici/papers/causal_flavour/models/simple_learner_4Q10k.uai
[2024-05-17T09:47:57.630240][INFO][seed111] Loaded 10000 data instances
[2024-05-17T09:47:57.630528][INFO][seed127] Loaded model and info: /mnt/beegfs/rcabanas/dev/credici/papers/causal_flavour/models/simple_learner_4Q10k.uai
[2024-05-17T09:47:57.642773][INFO][seed111] Starting learning up to 1000 iterations
[2024-05-17T09:47:57.642871][INFO][seed126] Loaded model and info: /mnt/beegfs/rcabanas/dev/credici/papers/causal_flavour/models/simple_learner_4Q10k.uai
[2024-05-17T09:47:57.653007][INFO][seed128] Loaded model and info: /mnt/beegfs/rcabanas/dev/credici/papers/causal_flavour/models/simple_learner_4Q10k.uai
[2024-05-17T09:47:57.669609][INFO][seed130] Loaded model and info: /mnt/beegfs/rcabanas/dev/credici/papers/causal_flavour/models/simple_learner_4Q10k.uai
[2024-05-17T09:47:57.675055][INFO][seed124] Loaded 10000 data instances
[2024-05-17T09:47:57.677135][INFO][seed135] Loaded 10000 data instances
[2024-05-17T09:47:57.682503][INFO][seed124] Starting learning up to 1000 iterations
[2024-05-17T09:47:57.685388][INFO][seed135] Starting learning up to 1000 iterations
[2024-05-17T09:47:57.702320][INFO][seed150] Loaded model and info: /mnt/beegfs/rcabanas/dev/credici/papers/causal_flavour/models/simple_learner_4Q10k.uai
[2024-05-17T09:47:57.708458][INFO][seed141] Loaded 10000 data instances
[2024-05-17T09:47:57.709285][INFO][seed141] Starting learning up to 1000 iterations
[2024-05-17T09:47:57.708612][INFO][seed122] Loaded model and info: /mnt/beegfs/rcabanas/dev/credici/papers/causal_flavour/models/simple_learner_4Q10k.uai
[2024-05-17T09:47:57.730192][INFO][seed139] Loaded model and info: /mnt/beegfs/rcabanas/dev/credici/papers/causal_flavour/models/simple_learner_4Q10k.uai
[2024-05-17T09:47:57.734043][INFO][seed121] Loaded model and info: /mnt/beegfs/rcabanas/dev/credici/papers/causal_flavour/models/simple_learner_4Q10k.uai
[2024-05-17T09:47:57.742630][INFO][seed148] Loaded model and info: /mnt/beegfs/rcabanas/dev/credici/papers/causal_flavour/models/simple_learner_4Q10k.uai
[2024-05-17T09:47:57.749330][INFO][seed106] Loaded model and info: /mnt/beegfs/rcabanas/dev/credici/papers/causal_flavour/models/simple_learner_4Q10k.uai
[2024-05-17T09:47:57.751665][INFO][seed119] Loaded model and info: /mnt/beegfs/rcabanas/dev/credici/papers/causal_flavour/models/simple_learner_4Q10k.uai
[2024-05-17T09:47:57.749884][INFO][seed105] Loaded model and info: /mnt/beegfs/rcabanas/dev/credici/papers/causal_flavour/models/simple_learner_4Q10k.uai
[2024-05-17T09:47:57.755701][INFO][seed102] Loaded model and info: /mnt/beegfs/rcabanas/dev/credici/papers/causal_flavour/models/simple_learner_4Q10k.uai
[2024-05-17T09:47:57.765659][INFO][seed120] Loaded model and info: /mnt/beegfs/rcabanas/dev/credici/papers/causal_flavour/models/simple_learner_4Q10k.uai
[2024-05-17T09:47:57.793998][INFO][seed118] Loaded model and info: /mnt/beegfs/rcabanas/dev/credici/papers/causal_flavour/models/simple_learner_4Q10k.uai
[2024-05-17T09:47:57.845004][INFO][seed117] Loaded 10000 data instances
[2024-05-17T09:47:57.845986][INFO][seed117] Starting learning up to 1000 iterations
[2024-05-17T09:47:57.848904][INFO][seed134] Loaded 10000 data instances
[2024-05-17T09:47:57.849616][INFO][seed134] Starting learning up to 1000 iterations
[2024-05-17T09:47:57.861425][INFO][seed112] Loaded 10000 data instances
[2024-05-17T09:47:57.862380][INFO][seed112] Starting learning up to 1000 iterations
[2024-05-17T09:47:57.865152][INFO][seed113] Loaded 10000 data instances
[2024-05-17T09:47:57.867908][INFO][seed113] Starting learning up to 1000 iterations
[2024-05-17T09:47:57.878657][INFO][seed129] Loaded 10000 data instances
[2024-05-17T09:47:57.879797][INFO][seed129] Starting learning up to 1000 iterations
[2024-05-17T09:47:57.917934][INFO][seed104] Loaded 10000 data instances
[2024-05-17T09:47:57.918622][INFO][seed104] Starting learning up to 1000 iterations
[2024-05-17T09:47:57.922837][INFO][seed147] Loaded 10000 data instances
[2024-05-17T09:47:57.928089][INFO][seed147] Starting learning up to 1000 iterations
[2024-05-17T09:47:57.928742][INFO][seed107] Loaded 10000 data instances
[2024-05-17T09:47:57.943112][INFO][seed107] Starting learning up to 1000 iterations
[2024-05-17T09:47:57.959966][INFO][seed146] Loaded 10000 data instances
[2024-05-17T09:47:57.976815][INFO][seed146] Starting learning up to 1000 iterations
[2024-05-17T09:47:57.982218][INFO][seed143] Loaded 10000 data instances
[2024-05-17T09:47:57.983009][INFO][seed143] Starting learning up to 1000 iterations
[2024-05-17T09:47:58.020407][INFO][seed136] Loaded 10000 data instances
[2024-05-17T09:47:58.021534][INFO][seed136] Starting learning up to 1000 iterations
[2024-05-17T09:47:58.041825][INFO][seed100] Loaded 10000 data instances
[2024-05-17T09:47:58.042582][INFO][seed100] Starting learning up to 1000 iterations
[2024-05-17T09:47:58.072788][INFO][seed127] Loaded 10000 data instances
[2024-05-17T09:47:58.082076][INFO][seed127] Starting learning up to 1000 iterations
[2024-05-17T09:47:58.091652][INFO][seed114] Loaded 10000 data instances
[2024-05-17T09:47:58.099230][INFO][seed114] Starting learning up to 1000 iterations
[2024-05-17T09:47:58.114033][INFO][seed133] Loaded 10000 data instances
[2024-05-17T09:47:58.114803][INFO][seed133] Starting learning up to 1000 iterations
[2024-05-17T09:47:58.129081][INFO][seed126] Loaded 10000 data instances
[2024-05-17T09:47:58.130846][INFO][seed126] Starting learning up to 1000 iterations
[2024-05-17T09:47:58.134057][INFO][seed128] Loaded 10000 data instances
[2024-05-17T09:47:58.136161][INFO][seed130] Loaded 10000 data instances
[2024-05-17T09:47:58.137065][INFO][seed130] Starting learning up to 1000 iterations
[2024-05-17T09:47:58.141510][INFO][seed128] Starting learning up to 1000 iterations
[2024-05-17T09:47:58.157535][INFO][seed139] Loaded 10000 data instances
[2024-05-17T09:47:58.159929][INFO][seed150] Loaded 10000 data instances
[2024-05-17T09:47:58.161058][INFO][seed148] Loaded 10000 data instances
[2024-05-17T09:47:58.167249][INFO][seed122] Loaded 10000 data instances
[2024-05-17T09:47:58.168074][INFO][seed139] Starting learning up to 1000 iterations
[2024-05-17T09:47:58.169121][INFO][seed148] Starting learning up to 1000 iterations
[2024-05-17T09:47:58.169916][INFO][seed122] Starting learning up to 1000 iterations
[2024-05-17T09:47:58.173290][INFO][seed150] Starting learning up to 1000 iterations
[2024-05-17T09:47:58.177333][INFO][seed121] Loaded 10000 data instances
[2024-05-17T09:47:58.180461][INFO][seed121] Starting learning up to 1000 iterations
[2024-05-17T09:47:58.180789][INFO][seed120] Loaded 10000 data instances
[2024-05-17T09:47:58.184697][INFO][seed120] Starting learning up to 1000 iterations
[2024-05-17T09:47:58.185265][INFO][seed106] Loaded 10000 data instances
[2024-05-17T09:47:58.188003][INFO][seed106] Starting learning up to 1000 iterations
[2024-05-17T09:47:58.208386][INFO][seed119] Loaded 10000 data instances
[2024-05-17T09:47:58.209082][INFO][seed119] Starting learning up to 1000 iterations
[2024-05-17T09:47:58.218824][INFO][seed125] Loaded 10000 data instances
[2024-05-17T09:47:58.228052][INFO][seed125] Starting learning up to 1000 iterations
[2024-05-17T09:47:58.228960][INFO][seed105] Loaded 10000 data instances
[2024-05-17T09:47:58.229760][INFO][seed105] Starting learning up to 1000 iterations
[2024-05-17T09:47:58.309687][INFO][seed102] Loaded 10000 data instances
[2024-05-17T09:47:58.314869][INFO][seed102] Starting learning up to 1000 iterations
[2024-05-17T09:47:58.344282][INFO][seed118] Loaded 10000 data instances
[2024-05-17T09:47:58.360866][INFO][seed118] Starting learning up to 1000 iterations
[2024-05-17T10:14:55.646765][INFO][seed114] Ellapsed time: 1617505.ms
[2024-05-17T10:14:55.702121][INFO][seed114] Saved model at /mnt/beegfs/rcabanas/dev/credici/papers/causal_flavour/learntmodels/miter1000/simple_learner_4Q10k/model_114.uai
[2024-05-17T10:14:55.702233][INFO][seed114] Closing log file
[2024-05-17T10:14:55.702277][INFO][seed114] Closed log file
[2024-05-17T10:15:32.305848][INFO][seed100] Ellapsed time: 1654232.ms
[2024-05-17T10:15:32.361069][INFO][seed100] Saved model at /mnt/beegfs/rcabanas/dev/credici/papers/causal_flavour/learntmodels/miter1000/simple_learner_4Q10k/model_100.uai
[2024-05-17T10:15:32.361428][INFO][seed100] Closing log file
[2024-05-17T10:15:32.361566][INFO][seed100] Closed log file
[2024-05-17T10:21:02.139486][INFO][seed119] Ellapsed time: 1983894.ms
[2024-05-17T10:21:02.176117][INFO][seed119] Saved model at /mnt/beegfs/rcabanas/dev/credici/papers/causal_flavour/learntmodels/miter1000/simple_learner_4Q10k/model_119.uai
[2024-05-17T10:21:02.176529][INFO][seed119] Closing log file
[2024-05-17T10:21:02.176662][INFO][seed119] Closed log file
[2024-05-17T10:21:24.154626][INFO][seed121] Ellapsed time: 2005938.ms
[2024-05-17T10:21:24.188648][INFO][seed121] Saved model at /mnt/beegfs/rcabanas/dev/credici/papers/causal_flavour/learntmodels/miter1000/simple_learner_4Q10k/model_121.uai
[2024-05-17T10:21:24.189052][INFO][seed121] Closing log file
[2024-05-17T10:21:24.189186][INFO][seed121] Closed log file
[2024-05-17T10:21:35.406014][INFO][seed128] Ellapsed time: 2017224.ms
[2024-05-17T10:21:35.443963][INFO][seed128] Saved model at /mnt/beegfs/rcabanas/dev/credici/papers/causal_flavour/learntmodels/miter1000/simple_learner_4Q10k/model_128.uai
[2024-05-17T10:21:35.444296][INFO][seed128] Closing log file
[2024-05-17T10:21:35.444426][INFO][seed128] Closed log file
[2024-05-17T10:21:38.759173][INFO][seed130] Ellapsed time: 2020596.ms
[2024-05-17T10:21:38.785346][INFO][seed130] Saved model at /mnt/beegfs/rcabanas/dev/credici/papers/causal_flavour/learntmodels/miter1000/simple_learner_4Q10k/model_130.uai
[2024-05-17T10:21:38.785625][INFO][seed130] Closing log file
[2024-05-17T10:21:38.785749][INFO][seed130] Closed log file
[2024-05-17T10:21:40.664508][INFO][seed122] Ellapsed time: 2022455.ms
[2024-05-17T10:21:40.695811][INFO][seed122] Saved model at /mnt/beegfs/rcabanas/dev/credici/papers/causal_flavour/learntmodels/miter1000/simple_learner_4Q10k/model_122.uai
[2024-05-17T10:21:40.696114][INFO][seed122] Closing log file
[2024-05-17T10:21:40.696241][INFO][seed122] Closed log file
[2024-05-17T10:21:49.748031][INFO][seed120] Ellapsed time: 2031524.ms
[2024-05-17T10:21:49.784154][INFO][seed120] Saved model at /mnt/beegfs/rcabanas/dev/credici/papers/causal_flavour/learntmodels/miter1000/simple_learner_4Q10k/model_120.uai
[2024-05-17T10:21:49.784495][INFO][seed120] Closing log file
[2024-05-17T10:21:49.784621][INFO][seed120] Closed log file
[2024-05-17T10:21:50.812339][INFO][seed139] Ellapsed time: 2032610.ms
[2024-05-17T10:21:50.847052][INFO][seed139] Saved model at /mnt/beegfs/rcabanas/dev/credici/papers/causal_flavour/learntmodels/miter1000/simple_learner_4Q10k/model_139.uai
[2024-05-17T10:21:50.847327][INFO][seed139] Closing log file
[2024-05-17T10:21:50.847475][INFO][seed139] Closed log file
[2024-05-17T10:22:44.994881][INFO][seed106] Ellapsed time: 2086765.ms
[2024-05-17T10:22:45.034621][INFO][seed106] Saved model at /mnt/beegfs/rcabanas/dev/credici/papers/causal_flavour/learntmodels/miter1000/simple_learner_4Q10k/model_106.uai
[2024-05-17T10:22:45.034874][INFO][seed106] Closing log file
[2024-05-17T10:22:45.034991][INFO][seed106] Closed log file
[2024-05-17T10:23:08.653244][INFO][seed123] Ellapsed time: 2111584.ms
[2024-05-17T10:23:08.729797][INFO][seed123] Saved model at /mnt/beegfs/rcabanas/dev/credici/papers/causal_flavour/learntmodels/miter1000/simple_learner_4Q10k/model_123.uai
[2024-05-17T10:23:08.730314][INFO][seed123] Closing log file
[2024-05-17T10:23:08.730459][INFO][seed123] Closed log file
[2024-05-17T10:23:24.686562][INFO][seed111] Ellapsed time: 2126995.ms
[2024-05-17T10:23:24.722692][INFO][seed111] Saved model at /mnt/beegfs/rcabanas/dev/credici/papers/causal_flavour/learntmodels/miter1000/simple_learner_4Q10k/model_111.uai
[2024-05-17T10:23:24.723033][INFO][seed111] Closing log file
[2024-05-17T10:23:24.723164][INFO][seed111] Closed log file
[2024-05-17T10:23:30.765181][INFO][seed131] Ellapsed time: 2133577.ms
[2024-05-17T10:23:30.811004][INFO][seed131] Saved model at /mnt/beegfs/rcabanas/dev/credici/papers/causal_flavour/learntmodels/miter1000/simple_learner_4Q10k/model_131.uai
[2024-05-17T10:23:30.811307][INFO][seed131] Closing log file
[2024-05-17T10:23:30.811628][INFO][seed131] Closed log file
[2024-05-17T10:23:49.449155][INFO][seed141] Ellapsed time: 2151716.ms
[2024-05-17T10:23:49.480286][INFO][seed141] Saved model at /mnt/beegfs/rcabanas/dev/credici/papers/causal_flavour/learntmodels/miter1000/simple_learner_4Q10k/model_141.uai
[2024-05-17T10:23:49.480614][INFO][seed141] Closing log file
[2024-05-17T10:23:49.480738][INFO][seed141] Closed log file
[2024-05-17T10:23:55.786312][INFO][seed142] Ellapsed time: 2158129.ms
[2024-05-17T10:23:55.832081][INFO][seed142] Saved model at /mnt/beegfs/rcabanas/dev/credici/papers/causal_flavour/learntmodels/miter1000/simple_learner_4Q10k/model_142.uai
[2024-05-17T10:23:55.832437][INFO][seed142] Closing log file
[2024-05-17T10:23:55.832582][INFO][seed142] Closed log file
[2024-05-17T10:24:04.799654][INFO][seed145] Ellapsed time: 2167177.ms
[2024-05-17T10:24:04.852283][INFO][seed145] Saved model at /mnt/beegfs/rcabanas/dev/credici/papers/causal_flavour/learntmodels/miter1000/simple_learner_4Q10k/model_145.uai
[2024-05-17T10:24:04.852663][INFO][seed145] Closing log file
[2024-05-17T10:24:04.852783][INFO][seed145] Closed log file
[2024-05-17T10:24:08.165976][INFO][seed115] Ellapsed time: 2170533.ms
[2024-05-17T10:24:08.217247][INFO][seed115] Saved model at /mnt/beegfs/rcabanas/dev/credici/papers/causal_flavour/learntmodels/miter1000/simple_learner_4Q10k/model_115.uai
[2024-05-17T10:24:08.217560][INFO][seed115] Closing log file
[2024-05-17T10:24:08.217681][INFO][seed115] Closed log file
[2024-05-17T10:25:59.908135][INFO][seed104] Ellapsed time: 2281958.ms
[2024-05-17T10:25:59.946114][INFO][seed104] Saved model at /mnt/beegfs/rcabanas/dev/credici/papers/causal_flavour/learntmodels/miter1000/simple_learner_4Q10k/model_104.uai
[2024-05-17T10:25:59.946468][INFO][seed104] Closing log file
[2024-05-17T10:25:59.946588][INFO][seed104] Closed log file
[2024-05-17T10:26:12.285135][INFO][seed134] Ellapsed time: 2294396.ms
[2024-05-17T10:26:12.333117][INFO][seed134] Saved model at /mnt/beegfs/rcabanas/dev/credici/papers/causal_flavour/learntmodels/miter1000/simple_learner_4Q10k/model_134.uai
[2024-05-17T10:26:12.333497][INFO][seed134] Closing log file
[2024-05-17T10:26:12.333614][INFO][seed134] Closed log file
[2024-05-17T10:26:28.105548][INFO][seed133] Ellapsed time: 2309953.ms
[2024-05-17T10:26:28.150515][INFO][seed133] Saved model at /mnt/beegfs/rcabanas/dev/credici/papers/causal_flavour/learntmodels/miter1000/simple_learner_4Q10k/model_133.uai
[2024-05-17T10:26:28.150837][INFO][seed133] Closing log file
[2024-05-17T10:26:28.150954][INFO][seed133] Closed log file
[2024-05-17T10:26:37.484951][INFO][seed150] Ellapsed time: 2319269.ms
[2024-05-17T10:26:37.528282][INFO][seed150] Saved model at /mnt/beegfs/rcabanas/dev/credici/papers/causal_flavour/learntmodels/miter1000/simple_learner_4Q10k/model_150.uai
[2024-05-17T10:26:37.528596][INFO][seed150] Closing log file
[2024-05-17T10:26:37.528721][INFO][seed150] Closed log file
[2024-05-17T10:26:48.804817][INFO][seed105] Ellapsed time: 2330545.ms
[2024-05-17T10:26:48.831143][INFO][seed105] Saved model at /mnt/beegfs/rcabanas/dev/credici/papers/causal_flavour/learntmodels/miter1000/simple_learner_4Q10k/model_105.uai
[2024-05-17T10:26:48.831411][INFO][seed105] Closing log file
[2024-05-17T10:26:48.831548][INFO][seed105] Closed log file
[2024-05-17T10:26:49.110380][INFO][seed148] Ellapsed time: 2330908.ms
[2024-05-17T10:26:49.140758][INFO][seed148] Saved model at /mnt/beegfs/rcabanas/dev/credici/papers/causal_flavour/learntmodels/miter1000/simple_learner_4Q10k/model_148.uai
[2024-05-17T10:26:49.141018][INFO][seed148] Closing log file
[2024-05-17T10:26:49.141140][INFO][seed148] Closed log file
[2024-05-17T10:26:51.074841][INFO][seed126] Ellapsed time: 2332910.ms
[2024-05-17T10:26:51.102964][INFO][seed126] Saved model at /mnt/beegfs/rcabanas/dev/credici/papers/causal_flavour/learntmodels/miter1000/simple_learner_4Q10k/model_126.uai
[2024-05-17T10:26:51.103223][INFO][seed126] Closing log file
[2024-05-17T10:26:51.103344][INFO][seed126] Closed log file
[2024-05-17T10:27:27.367795][INFO][seed127] Ellapsed time: 2369250.ms
[2024-05-17T10:27:27.393930][INFO][seed127] Saved model at /mnt/beegfs/rcabanas/dev/credici/papers/causal_flavour/learntmodels/miter1000/simple_learner_4Q10k/model_127.uai
[2024-05-17T10:27:27.394192][INFO][seed127] Closing log file
[2024-05-17T10:27:27.394314][INFO][seed127] Closed log file
[2024-05-17T10:30:26.811222][INFO][seed117] Ellapsed time: 2548945.ms
[2024-05-17T10:30:26.879246][INFO][seed117] Saved model at /mnt/beegfs/rcabanas/dev/credici/papers/causal_flavour/learntmodels/miter1000/simple_learner_4Q10k/model_117.uai
[2024-05-17T10:30:26.879692][INFO][seed117] Closing log file
[2024-05-17T10:30:26.879848][INFO][seed117] Closed log file
[2024-05-17T10:30:41.488436][INFO][seed143] Ellapsed time: 2563463.ms
[2024-05-17T10:30:41.528022][INFO][seed143] Saved model at /mnt/beegfs/rcabanas/dev/credici/papers/causal_flavour/learntmodels/miter1000/simple_learner_4Q10k/model_143.uai
[2024-05-17T10:30:41.528396][INFO][seed143] Closing log file
[2024-05-17T10:30:41.528548][INFO][seed143] Closed log file
[2024-05-17T10:30:50.087561][INFO][seed102] Ellapsed time: 2571734.ms
[2024-05-17T10:30:50.124794][INFO][seed102] Saved model at /mnt/beegfs/rcabanas/dev/credici/papers/causal_flavour/learntmodels/miter1000/simple_learner_4Q10k/model_102.uai
[2024-05-17T10:30:50.125113][INFO][seed102] Closing log file
[2024-05-17T10:30:50.125238][INFO][seed102] Closed log file
[2024-05-17T10:30:57.027521][INFO][seed113] Ellapsed time: 2579135.ms
[2024-05-17T10:30:57.103635][INFO][seed113] Saved model at /mnt/beegfs/rcabanas/dev/credici/papers/causal_flavour/learntmodels/miter1000/simple_learner_4Q10k/model_113.uai
[2024-05-17T10:30:57.104020][INFO][seed113] Closing log file
[2024-05-17T10:30:57.104145][INFO][seed113] Closed log file
[2024-05-17T10:30:58.790578][INFO][seed147] Ellapsed time: 2580843.ms
[2024-05-17T10:30:58.815562][INFO][seed147] Saved model at /mnt/beegfs/rcabanas/dev/credici/papers/causal_flavour/learntmodels/miter1000/simple_learner_4Q10k/model_147.uai
[2024-05-17T10:30:58.815771][INFO][seed147] Closing log file
[2024-05-17T10:30:58.815896][INFO][seed147] Closed log file
[2024-05-17T10:30:59.214836][INFO][seed116] Ellapsed time: 2581705.ms
[2024-05-17T10:30:59.257712][INFO][seed116] Saved model at /mnt/beegfs/rcabanas/dev/credici/papers/causal_flavour/learntmodels/miter1000/simple_learner_4Q10k/model_116.uai
[2024-05-17T10:30:59.258084][INFO][seed116] Closing log file
[2024-05-17T10:30:59.258233][INFO][seed116] Closed log file
[2024-05-17T10:31:04.028112][INFO][seed107] Ellapsed time: 2586074.ms
[2024-05-17T10:31:04.096612][INFO][seed107] Saved model at /mnt/beegfs/rcabanas/dev/credici/papers/causal_flavour/learntmodels/miter1000/simple_learner_4Q10k/model_107.uai
[2024-05-17T10:31:04.097062][INFO][seed107] Closing log file
[2024-05-17T10:31:04.097182][INFO][seed107] Closed log file
[2024-05-17T10:31:05.717993][INFO][seed101] Ellapsed time: 2588145.ms
[2024-05-17T10:31:05.775644][INFO][seed101] Saved model at /mnt/beegfs/rcabanas/dev/credici/papers/causal_flavour/learntmodels/miter1000/simple_learner_4Q10k/model_101.uai
[2024-05-17T10:31:05.776019][INFO][seed101] Closing log file
[2024-05-17T10:31:05.776143][INFO][seed101] Closed log file
[2024-05-17T10:31:06.088389][INFO][seed138] Ellapsed time: 2588822.ms
[2024-05-17T10:31:06.117717][INFO][seed138] Saved model at /mnt/beegfs/rcabanas/dev/credici/papers/causal_flavour/learntmodels/miter1000/simple_learner_4Q10k/model_138.uai
[2024-05-17T10:31:06.118002][INFO][seed138] Closing log file
[2024-05-17T10:31:06.118321][INFO][seed138] Closed log file
[2024-05-17T10:31:07.099973][INFO][seed124] Ellapsed time: 2589388.ms
[2024-05-17T10:31:07.145805][INFO][seed124] Saved model at /mnt/beegfs/rcabanas/dev/credici/papers/causal_flavour/learntmodels/miter1000/simple_learner_4Q10k/model_124.uai
[2024-05-17T10:31:07.146125][INFO][seed124] Closing log file
[2024-05-17T10:31:07.146243][INFO][seed124] Closed log file
[2024-05-17T10:31:13.531587][INFO][seed112] Ellapsed time: 2595637.ms
[2024-05-17T10:31:13.558021][INFO][seed112] Saved model at /mnt/beegfs/rcabanas/dev/credici/papers/causal_flavour/learntmodels/miter1000/simple_learner_4Q10k/model_112.uai
[2024-05-17T10:31:13.558192][INFO][seed112] Closing log file
[2024-05-17T10:31:13.558308][INFO][seed112] Closed log file
[2024-05-17T10:31:16.195043][INFO][seed132] Ellapsed time: 2598959.ms
[2024-05-17T10:31:16.245105][INFO][seed132] Saved model at /mnt/beegfs/rcabanas/dev/credici/papers/causal_flavour/learntmodels/miter1000/simple_learner_4Q10k/model_132.uai
[2024-05-17T10:31:16.245360][INFO][seed132] Closing log file
[2024-05-17T10:31:16.245494][INFO][seed132] Closed log file
[2024-05-17T10:31:18.213121][INFO][seed136] Ellapsed time: 2600174.ms
[2024-05-17T10:31:18.261950][INFO][seed136] Saved model at /mnt/beegfs/rcabanas/dev/credici/papers/causal_flavour/learntmodels/miter1000/simple_learner_4Q10k/model_136.uai
[2024-05-17T10:31:18.262153][INFO][seed136] Closing log file
[2024-05-17T10:31:18.262268][INFO][seed136] Closed log file
[2024-05-17T10:31:20.192062][INFO][seed144] Ellapsed time: 2602641.ms
[2024-05-17T10:31:20.245632][INFO][seed144] Saved model at /mnt/beegfs/rcabanas/dev/credici/papers/causal_flavour/learntmodels/miter1000/simple_learner_4Q10k/model_144.uai
[2024-05-17T10:31:20.245921][INFO][seed144] Closing log file
[2024-05-17T10:31:20.246041][INFO][seed144] Closed log file
[2024-05-17T10:31:21.192995][INFO][seed149] Ellapsed time: 2603750.ms
[2024-05-17T10:31:21.238974][INFO][seed149] Saved model at /mnt/beegfs/rcabanas/dev/credici/papers/causal_flavour/learntmodels/miter1000/simple_learner_4Q10k/model_149.uai
[2024-05-17T10:31:21.239201][INFO][seed149] Closing log file
[2024-05-17T10:31:21.239564][INFO][seed149] Closed log file
[2024-05-17T10:31:23.037171][INFO][seed137] Ellapsed time: 2605723.ms
[2024-05-17T10:31:23.105074][INFO][seed137] Saved model at /mnt/beegfs/rcabanas/dev/credici/papers/causal_flavour/learntmodels/miter1000/simple_learner_4Q10k/model_137.uai
[2024-05-17T10:31:23.105294][INFO][seed137] Closing log file
[2024-05-17T10:31:23.105407][INFO][seed137] Closed log file
[2024-05-17T10:33:44.384932][INFO][seed125] Ellapsed time: 2746120.ms
[2024-05-17T10:33:44.426078][INFO][seed125] Saved model at /mnt/beegfs/rcabanas/dev/credici/papers/causal_flavour/learntmodels/miter1000/simple_learner_4Q10k/model_125.uai
[2024-05-17T10:33:44.426372][INFO][seed125] Closing log file
[2024-05-17T10:33:44.426528][INFO][seed125] Closed log file
[2024-05-17T10:33:54.141355][INFO][seed135] Ellapsed time: 2756427.ms
[2024-05-17T10:33:54.189360][INFO][seed135] Saved model at /mnt/beegfs/rcabanas/dev/credici/papers/causal_flavour/learntmodels/miter1000/simple_learner_4Q10k/model_135.uai
[2024-05-17T10:33:54.189609][INFO][seed135] Closing log file
[2024-05-17T10:33:54.189731][INFO][seed135] Closed log file
[2024-05-17T10:33:58.291538][INFO][seed146] Ellapsed time: 2760296.ms
[2024-05-17T10:33:58.337204][INFO][seed146] Saved model at /mnt/beegfs/rcabanas/dev/credici/papers/causal_flavour/learntmodels/miter1000/simple_learner_4Q10k/model_146.uai
[2024-05-17T10:33:58.337434][INFO][seed146] Closing log file
[2024-05-17T10:33:58.337565][INFO][seed146] Closed log file
[2024-05-17T10:33:58.661963][INFO][seed140] Ellapsed time: 2761037.ms
[2024-05-17T10:33:58.710092][INFO][seed140] Saved model at /mnt/beegfs/rcabanas/dev/credici/papers/causal_flavour/learntmodels/miter1000/simple_learner_4Q10k/model_140.uai
[2024-05-17T10:33:58.710328][INFO][seed140] Closing log file
[2024-05-17T10:33:58.710459][INFO][seed140] Closed log file
[2024-05-17T10:34:01.829429][INFO][seed118] Ellapsed time: 2763432.ms
[2024-05-17T10:34:01.857353][INFO][seed118] Saved model at /mnt/beegfs/rcabanas/dev/credici/papers/causal_flavour/learntmodels/miter1000/simple_learner_4Q10k/model_118.uai
[2024-05-17T10:34:01.857608][INFO][seed118] Closing log file
[2024-05-17T10:34:01.857722][INFO][seed118] Closed log file
[2024-05-17T10:34:05.145587][INFO][seed103] Ellapsed time: 2767817.ms
[2024-05-17T10:34:05.173948][INFO][seed103] Saved model at /mnt/beegfs/rcabanas/dev/credici/papers/causal_flavour/learntmodels/miter1000/simple_learner_4Q10k/model_103.uai
[2024-05-17T10:34:05.174166][INFO][seed103] Closing log file
[2024-05-17T10:34:05.174278][INFO][seed103] Closed log file
[2024-05-17T10:34:06.119255][INFO][seed109] Ellapsed time: 2768513.ms
[2024-05-17T10:34:06.176734][INFO][seed109] Saved model at /mnt/beegfs/rcabanas/dev/credici/papers/causal_flavour/learntmodels/miter1000/simple_learner_4Q10k/model_109.uai
[2024-05-17T10:34:06.176950][INFO][seed109] Closing log file
[2024-05-17T10:34:06.177066][INFO][seed109] Closed log file
[2024-05-17T10:34:19.344769][INFO][seed129] Ellapsed time: 2781429.ms
[2024-05-17T10:34:19.371635][INFO][seed129] Saved model at /mnt/beegfs/rcabanas/dev/credici/papers/causal_flavour/learntmodels/miter1000/simple_learner_4Q10k/model_129.uai
[2024-05-17T10:34:19.371831][INFO][seed129] Closing log file
[2024-05-17T10:34:19.371942][INFO][seed129] Closed log file
