100
500
['learn.py', '500', '126']
['learn.py', '500', '104']
['learn.py', '500', '109']
seed=104
seed=126
/mnt/beegfs/rcabanas/dev/credici
/mnt/beegfs/rcabanas/dev/credici/papers/causal_flavour
/mnt/beegfs/rcabanas/dev/credici/papers/causal_flavour/learntmodels
/mnt/beegfs/rcabanas/dev/credici/papers/causal_flavour/models
/mnt/beegfs/rcabanas/dev/credici/target/credici-0.1.5-dev-SNAPSHOT-jar-with-dependencies.jar
/mnt/beegfs/rcabanas/dev/credici/papers/causal_flavour/code/LearnCF.java
/mnt/beegfs/rcabanas/dev/credici
/mnt/beegfs/rcabanas/dev/credici/papers/causal_flavour
/mnt/beegfs/rcabanas/dev/credici/papers/causal_flavour/learntmodels
/mnt/beegfs/rcabanas/dev/credici/papers/causal_flavour/models
/mnt/beegfs/rcabanas/dev/credici/target/credici-0.1.5-dev-SNAPSHOT-jar-with-dependencies.jar
/mnt/beegfs/rcabanas/dev/credici/papers/causal_flavour/code/LearnCF.java
seed=109
/mnt/beegfs/rcabanas/dev/credici
/mnt/beegfs/rcabanas/dev/credici/papers/causal_flavour
/mnt/beegfs/rcabanas/dev/credici/papers/causal_flavour/learntmodels
/mnt/beegfs/rcabanas/dev/credici/papers/causal_flavour/models
/mnt/beegfs/rcabanas/dev/credici/target/credici-0.1.5-dev-SNAPSHOT-jar-with-dependencies.jar
/mnt/beegfs/rcabanas/dev/credici/papers/causal_flavour/code/LearnCF.java
['learn.py', '500', '100']
['learn.py', '500', '108']
['learn.py', '500', '112']
['learn.py', '500', '111']
seed=100
/mnt/beegfs/rcabanas/dev/credici
seed=108
/mnt/beegfs/rcabanas/dev/credici
/mnt/beegfs/rcabanas/dev/credici/papers/causal_flavour
/mnt/beegfs/rcabanas/dev/credici/papers/causal_flavour
/mnt/beegfs/rcabanas/dev/credici/papers/causal_flavour/learntmodels
/mnt/beegfs/rcabanas/dev/credici/papers/causal_flavour/learntmodels
/mnt/beegfs/rcabanas/dev/credici/papers/causal_flavour/models
/mnt/beegfs/rcabanas/dev/credici/papers/causal_flavour/models
/mnt/beegfs/rcabanas/dev/credici/target/credici-0.1.5-dev-SNAPSHOT-jar-with-dependencies.jar
/mnt/beegfs/rcabanas/dev/credici/target/credici-0.1.5-dev-SNAPSHOT-jar-with-dependencies.jar
/mnt/beegfs/rcabanas/dev/credici/papers/causal_flavour/code/LearnCF.java
/mnt/beegfs/rcabanas/dev/credici/papers/causal_flavour/code/LearnCF.java
seed=112
/mnt/beegfs/rcabanas/dev/credici
/mnt/beegfs/rcabanas/dev/credici/papers/causal_flavour
/mnt/beegfs/rcabanas/dev/credici/papers/causal_flavour/learntmodels
/mnt/beegfs/rcabanas/dev/credici/papers/causal_flavour/models
/mnt/beegfs/rcabanas/dev/credici/target/credici-0.1.5-dev-SNAPSHOT-jar-with-dependencies.jar
/mnt/beegfs/rcabanas/dev/credici/papers/causal_flavour/code/LearnCF.java
seed=111
/mnt/beegfs/rcabanas/dev/credici
/mnt/beegfs/rcabanas/dev/credici/papers/causal_flavour
/mnt/beegfs/rcabanas/dev/credici/papers/causal_flavour/learntmodels
/mnt/beegfs/rcabanas/dev/credici/papers/causal_flavour/models
/mnt/beegfs/rcabanas/dev/credici/target/credici-0.1.5-dev-SNAPSHOT-jar-with-dependencies.jar
/mnt/beegfs/rcabanas/dev/credici/papers/causal_flavour/code/LearnCF.java
['learn.py', '500', '113']
['learn.py', '500', '103']
seed=113
/mnt/beegfs/rcabanas/dev/credici
/mnt/beegfs/rcabanas/dev/credici/papers/causal_flavour
/mnt/beegfs/rcabanas/dev/credici/papers/causal_flavour/learntmodels
/mnt/beegfs/rcabanas/dev/credici/papers/causal_flavour/models
/mnt/beegfs/rcabanas/dev/credici/target/credici-0.1.5-dev-SNAPSHOT-jar-with-dependencies.jar
/mnt/beegfs/rcabanas/dev/credici/papers/causal_flavour/code/LearnCF.java
seed=103
/mnt/beegfs/rcabanas/dev/credici
/mnt/beegfs/rcabanas/dev/credici/papers/causal_flavour
/mnt/beegfs/rcabanas/dev/credici/papers/causal_flavour/learntmodels
/mnt/beegfs/rcabanas/dev/credici/papers/causal_flavour/models
['learn.py', '500', '118']
/mnt/beegfs/rcabanas/dev/credici/target/credici-0.1.5-dev-SNAPSHOT-jar-with-dependencies.jar
/mnt/beegfs/rcabanas/dev/credici/papers/causal_flavour/code/LearnCF.java
['learn.py', '500', '117']
seed=118
/mnt/beegfs/rcabanas/dev/credici
/mnt/beegfs/rcabanas/dev/credici/papers/causal_flavour
/mnt/beegfs/rcabanas/dev/credici/papers/causal_flavour/learntmodels
/mnt/beegfs/rcabanas/dev/credici/papers/causal_flavour/models
/mnt/beegfs/rcabanas/dev/credici/target/credici-0.1.5-dev-SNAPSHOT-jar-with-dependencies.jar
/mnt/beegfs/rcabanas/dev/credici/papers/causal_flavour/code/LearnCF.java
['learn.py', '500', '132']
seed=117
/mnt/beegfs/rcabanas/dev/credici
/mnt/beegfs/rcabanas/dev/credici/papers/causal_flavour
/mnt/beegfs/rcabanas/dev/credici/papers/causal_flavour/learntmodels
/mnt/beegfs/rcabanas/dev/credici/papers/causal_flavour/models
/mnt/beegfs/rcabanas/dev/credici/target/credici-0.1.5-dev-SNAPSHOT-jar-with-dependencies.jar
/mnt/beegfs/rcabanas/dev/credici/papers/causal_flavour/code/LearnCF.java
seed=132
/mnt/beegfs/rcabanas/dev/credici
/mnt/beegfs/rcabanas/dev/credici/papers/causal_flavour
/mnt/beegfs/rcabanas/dev/credici/papers/causal_flavour/learntmodels
/mnt/beegfs/rcabanas/dev/credici/papers/causal_flavour/models
/mnt/beegfs/rcabanas/dev/credici/target/credici-0.1.5-dev-SNAPSHOT-jar-with-dependencies.jar
/mnt/beegfs/rcabanas/dev/credici/papers/causal_flavour/code/LearnCF.java
['learn.py', '500', '119']
seed=119
/mnt/beegfs/rcabanas/dev/credici
/mnt/beegfs/rcabanas/dev/credici/papers/causal_flavour
/mnt/beegfs/rcabanas/dev/credici/papers/causal_flavour/learntmodels
/mnt/beegfs/rcabanas/dev/credici/papers/causal_flavour/models
/mnt/beegfs/rcabanas/dev/credici/target/credici-0.1.5-dev-SNAPSHOT-jar-with-dependencies.jar
/mnt/beegfs/rcabanas/dev/credici/papers/causal_flavour/code/LearnCF.java
['learn.py', '500', '128']
['learn.py', '500', '105']
seed=128
/mnt/beegfs/rcabanas/dev/credici
/mnt/beegfs/rcabanas/dev/credici/papers/causal_flavour
/mnt/beegfs/rcabanas/dev/credici/papers/causal_flavour/learntmodels
/mnt/beegfs/rcabanas/dev/credici/papers/causal_flavour/models
/mnt/beegfs/rcabanas/dev/credici/target/credici-0.1.5-dev-SNAPSHOT-jar-with-dependencies.jar
/mnt/beegfs/rcabanas/dev/credici/papers/causal_flavour/code/LearnCF.java
['learn.py', '500', '124']
seed=105
/mnt/beegfs/rcabanas/dev/credici
/mnt/beegfs/rcabanas/dev/credici/papers/causal_flavour
/mnt/beegfs/rcabanas/dev/credici/papers/causal_flavour/learntmodels
/mnt/beegfs/rcabanas/dev/credici/papers/causal_flavour/models
/mnt/beegfs/rcabanas/dev/credici/target/credici-0.1.5-dev-SNAPSHOT-jar-with-dependencies.jar
/mnt/beegfs/rcabanas/dev/credici/papers/causal_flavour/code/LearnCF.java
['learn.py', '500', '131']
seed=124
/mnt/beegfs/rcabanas/dev/credici
/mnt/beegfs/rcabanas/dev/credici/papers/causal_flavour
/mnt/beegfs/rcabanas/dev/credici/papers/causal_flavour/learntmodels
/mnt/beegfs/rcabanas/dev/credici/papers/causal_flavour/models
/mnt/beegfs/rcabanas/dev/credici/target/credici-0.1.5-dev-SNAPSHOT-jar-with-dependencies.jar
/mnt/beegfs/rcabanas/dev/credici/papers/causal_flavour/code/LearnCF.java
seed=131
/mnt/beegfs/rcabanas/dev/credici
/mnt/beegfs/rcabanas/dev/credici/papers/causal_flavour
/mnt/beegfs/rcabanas/dev/credici/papers/causal_flavour/learntmodels
/mnt/beegfs/rcabanas/dev/credici/papers/causal_flavour/models
/mnt/beegfs/rcabanas/dev/credici/target/credici-0.1.5-dev-SNAPSHOT-jar-with-dependencies.jar
/mnt/beegfs/rcabanas/dev/credici/papers/causal_flavour/code/LearnCF.java
['learn.py', '500', '110']
['learn.py', '500', '142']
seed=110
/mnt/beegfs/rcabanas/dev/credici
/mnt/beegfs/rcabanas/dev/credici/papers/causal_flavour
/mnt/beegfs/rcabanas/dev/credici/papers/causal_flavour/learntmodels
/mnt/beegfs/rcabanas/dev/credici/papers/causal_flavour/models
/mnt/beegfs/rcabanas/dev/credici/target/credici-0.1.5-dev-SNAPSHOT-jar-with-dependencies.jar
/mnt/beegfs/rcabanas/dev/credici/papers/causal_flavour/code/LearnCF.java
seed=142
/mnt/beegfs/rcabanas/dev/credici
/mnt/beegfs/rcabanas/dev/credici/papers/causal_flavour
/mnt/beegfs/rcabanas/dev/credici/papers/causal_flavour/learntmodels
/mnt/beegfs/rcabanas/dev/credici/papers/causal_flavour/models
/mnt/beegfs/rcabanas/dev/credici/target/credici-0.1.5-dev-SNAPSHOT-jar-with-dependencies.jar
/mnt/beegfs/rcabanas/dev/credici/papers/causal_flavour/code/LearnCF.java
['learn.py', '500', '121']
seed=121
/mnt/beegfs/rcabanas/dev/credici
/mnt/beegfs/rcabanas/dev/credici/papers/causal_flavour
/mnt/beegfs/rcabanas/dev/credici/papers/causal_flavour/learntmodels
/mnt/beegfs/rcabanas/dev/credici/papers/causal_flavour/models
/mnt/beegfs/rcabanas/dev/credici/target/credici-0.1.5-dev-SNAPSHOT-jar-with-dependencies.jar
/mnt/beegfs/rcabanas/dev/credici/papers/causal_flavour/code/LearnCF.java
['learn.py', '500', '130']
['learn.py', '500', '114']
['learn.py', '500', '125']
['learn.py', '500', '107']
seed=130
/mnt/beegfs/rcabanas/dev/credici
/mnt/beegfs/rcabanas/dev/credici/papers/causal_flavour
/mnt/beegfs/rcabanas/dev/credici/papers/causal_flavour/learntmodels
/mnt/beegfs/rcabanas/dev/credici/papers/causal_flavour/models
/mnt/beegfs/rcabanas/dev/credici/target/credici-0.1.5-dev-SNAPSHOT-jar-with-dependencies.jar
/mnt/beegfs/rcabanas/dev/credici/papers/causal_flavour/code/LearnCF.java
seed=114
/mnt/beegfs/rcabanas/dev/credici
/mnt/beegfs/rcabanas/dev/credici/papers/causal_flavour
/mnt/beegfs/rcabanas/dev/credici/papers/causal_flavour/learntmodels
/mnt/beegfs/rcabanas/dev/credici/papers/causal_flavour/models
/mnt/beegfs/rcabanas/dev/credici/target/credici-0.1.5-dev-SNAPSHOT-jar-with-dependencies.jar
/mnt/beegfs/rcabanas/dev/credici/papers/causal_flavour/code/LearnCF.java
seed=107
/mnt/beegfs/rcabanas/dev/credici
/mnt/beegfs/rcabanas/dev/credici/papers/causal_flavour
/mnt/beegfs/rcabanas/dev/credici/papers/causal_flavour/learntmodels
/mnt/beegfs/rcabanas/dev/credici/papers/causal_flavour/models
/mnt/beegfs/rcabanas/dev/credici/target/credici-0.1.5-dev-SNAPSHOT-jar-with-dependencies.jar
/mnt/beegfs/rcabanas/dev/credici/papers/causal_flavour/code/LearnCF.java
seed=125
/mnt/beegfs/rcabanas/dev/credici
/mnt/beegfs/rcabanas/dev/credici/papers/causal_flavour
/mnt/beegfs/rcabanas/dev/credici/papers/causal_flavour/learntmodels
/mnt/beegfs/rcabanas/dev/credici/papers/causal_flavour/models
/mnt/beegfs/rcabanas/dev/credici/target/credici-0.1.5-dev-SNAPSHOT-jar-with-dependencies.jar
/mnt/beegfs/rcabanas/dev/credici/papers/causal_flavour/code/LearnCF.java
['learn.py', '500', '101']
['learn.py', '500', '135']
['learn.py', '500', '123']
seed=101
/mnt/beegfs/rcabanas/dev/credici
/mnt/beegfs/rcabanas/dev/credici/papers/causal_flavour
/mnt/beegfs/rcabanas/dev/credici/papers/causal_flavour/learntmodels
/mnt/beegfs/rcabanas/dev/credici/papers/causal_flavour/models
/mnt/beegfs/rcabanas/dev/credici/target/credici-0.1.5-dev-SNAPSHOT-jar-with-dependencies.jar
/mnt/beegfs/rcabanas/dev/credici/papers/causal_flavour/code/LearnCF.java
seed=135
/mnt/beegfs/rcabanas/dev/credici
/mnt/beegfs/rcabanas/dev/credici/papers/causal_flavour
/mnt/beegfs/rcabanas/dev/credici/papers/causal_flavour/learntmodels
/mnt/beegfs/rcabanas/dev/credici/papers/causal_flavour/models
/mnt/beegfs/rcabanas/dev/credici/target/credici-0.1.5-dev-SNAPSHOT-jar-with-dependencies.jar
/mnt/beegfs/rcabanas/dev/credici/papers/causal_flavour/code/LearnCF.java
['learn.py', '500', '141']
['learn.py', '500', '129']
seed=123
/mnt/beegfs/rcabanas/dev/credici
/mnt/beegfs/rcabanas/dev/credici/papers/causal_flavour
/mnt/beegfs/rcabanas/dev/credici/papers/causal_flavour/learntmodels
/mnt/beegfs/rcabanas/dev/credici/papers/causal_flavour/models
/mnt/beegfs/rcabanas/dev/credici/target/credici-0.1.5-dev-SNAPSHOT-jar-with-dependencies.jar
/mnt/beegfs/rcabanas/dev/credici/papers/causal_flavour/code/LearnCF.java
['learn.py', '500', '127']
['learn.py', '500', '143']
['learn.py', '500', '122']
seed=129
/mnt/beegfs/rcabanas/dev/credici
/mnt/beegfs/rcabanas/dev/credici/papers/causal_flavour
/mnt/beegfs/rcabanas/dev/credici/papers/causal_flavour/learntmodels
/mnt/beegfs/rcabanas/dev/credici/papers/causal_flavour/models
/mnt/beegfs/rcabanas/dev/credici/target/credici-0.1.5-dev-SNAPSHOT-jar-with-dependencies.jar
/mnt/beegfs/rcabanas/dev/credici/papers/causal_flavour/code/LearnCF.java
seed=141
/mnt/beegfs/rcabanas/dev/credici
seed=143
/mnt/beegfs/rcabanas/dev/credici
/mnt/beegfs/rcabanas/dev/credici/papers/causal_flavour
seed=127
/mnt/beegfs/rcabanas/dev/credici
/mnt/beegfs/rcabanas/dev/credici/papers/causal_flavour
/mnt/beegfs/rcabanas/dev/credici/papers/causal_flavour
/mnt/beegfs/rcabanas/dev/credici/papers/causal_flavour/learntmodels
/mnt/beegfs/rcabanas/dev/credici/papers/causal_flavour/models
/mnt/beegfs/rcabanas/dev/credici/target/credici-0.1.5-dev-SNAPSHOT-jar-with-dependencies.jar
/mnt/beegfs/rcabanas/dev/credici/papers/causal_flavour/code/LearnCF.java
/mnt/beegfs/rcabanas/dev/credici/papers/causal_flavour/learntmodels
/mnt/beegfs/rcabanas/dev/credici/papers/causal_flavour/learntmodels
/mnt/beegfs/rcabanas/dev/credici/papers/causal_flavour/models
/mnt/beegfs/rcabanas/dev/credici/target/credici-0.1.5-dev-SNAPSHOT-jar-with-dependencies.jar
/mnt/beegfs/rcabanas/dev/credici/papers/causal_flavour/code/LearnCF.java
/mnt/beegfs/rcabanas/dev/credici/papers/causal_flavour/models
/mnt/beegfs/rcabanas/dev/credici/target/credici-0.1.5-dev-SNAPSHOT-jar-with-dependencies.jar
/mnt/beegfs/rcabanas/dev/credici/papers/causal_flavour/code/LearnCF.java
['learn.py', '500', '147']
seed=122
/mnt/beegfs/rcabanas/dev/credici
/mnt/beegfs/rcabanas/dev/credici/papers/causal_flavour
/mnt/beegfs/rcabanas/dev/credici/papers/causal_flavour/learntmodels
/mnt/beegfs/rcabanas/dev/credici/papers/causal_flavour/models
/mnt/beegfs/rcabanas/dev/credici/target/credici-0.1.5-dev-SNAPSHOT-jar-with-dependencies.jar
['learn.py', '500', '150']
/mnt/beegfs/rcabanas/dev/credici/papers/causal_flavour/code/LearnCF.java
['learn.py', '500', '137']
['learn.py', '500', '120']
['learn.py', '500', '149']
['learn.py', '500', '146']
seed=147
/mnt/beegfs/rcabanas/dev/credici
/mnt/beegfs/rcabanas/dev/credici/papers/causal_flavour
/mnt/beegfs/rcabanas/dev/credici/papers/causal_flavour/learntmodels
/mnt/beegfs/rcabanas/dev/credici/papers/causal_flavour/models
/mnt/beegfs/rcabanas/dev/credici/target/credici-0.1.5-dev-SNAPSHOT-jar-with-dependencies.jar
/mnt/beegfs/rcabanas/dev/credici/papers/causal_flavour/code/LearnCF.java
seed=150
/mnt/beegfs/rcabanas/dev/credici
/mnt/beegfs/rcabanas/dev/credici/papers/causal_flavour
/mnt/beegfs/rcabanas/dev/credici/papers/causal_flavour/learntmodels
/mnt/beegfs/rcabanas/dev/credici/papers/causal_flavour/models
seed=137
seed=120
/mnt/beegfs/rcabanas/dev/credici
/mnt/beegfs/rcabanas/dev/credici/papers/causal_flavour
/mnt/beegfs/rcabanas/dev/credici/papers/causal_flavour/learntmodels
/mnt/beegfs/rcabanas/dev/credici/papers/causal_flavour/models
/mnt/beegfs/rcabanas/dev/credici/target/credici-0.1.5-dev-SNAPSHOT-jar-with-dependencies.jar
/mnt/beegfs/rcabanas/dev/credici/papers/causal_flavour/code/LearnCF.java
/mnt/beegfs/rcabanas/dev/credici/target/credici-0.1.5-dev-SNAPSHOT-jar-with-dependencies.jar
/mnt/beegfs/rcabanas/dev/credici
/mnt/beegfs/rcabanas/dev/credici/papers/causal_flavour/code/LearnCF.java
/mnt/beegfs/rcabanas/dev/credici/papers/causal_flavour
/mnt/beegfs/rcabanas/dev/credici/papers/causal_flavour/learntmodels
/mnt/beegfs/rcabanas/dev/credici/papers/causal_flavour/models
/mnt/beegfs/rcabanas/dev/credici/target/credici-0.1.5-dev-SNAPSHOT-jar-with-dependencies.jar
/mnt/beegfs/rcabanas/dev/credici/papers/causal_flavour/code/LearnCF.java
['learn.py', '500', '139']
seed=146
/mnt/beegfs/rcabanas/dev/credici
/mnt/beegfs/rcabanas/dev/credici/papers/causal_flavour
/mnt/beegfs/rcabanas/dev/credici/papers/causal_flavour/learntmodels
/mnt/beegfs/rcabanas/dev/credici/papers/causal_flavour/models
/mnt/beegfs/rcabanas/dev/credici/target/credici-0.1.5-dev-SNAPSHOT-jar-with-dependencies.jar
/mnt/beegfs/rcabanas/dev/credici/papers/causal_flavour/code/LearnCF.java
seed=149
/mnt/beegfs/rcabanas/dev/credici
/mnt/beegfs/rcabanas/dev/credici/papers/causal_flavour
/mnt/beegfs/rcabanas/dev/credici/papers/causal_flavour/learntmodels
/mnt/beegfs/rcabanas/dev/credici/papers/causal_flavour/models
/mnt/beegfs/rcabanas/dev/credici/target/credici-0.1.5-dev-SNAPSHOT-jar-with-dependencies.jar
/mnt/beegfs/rcabanas/dev/credici/papers/causal_flavour/code/LearnCF.java
['learn.py', '500', '134']
['learn.py', '500', '140']
['learn.py', '500', '116']
['learn.py', '500', '144']
['learn.py', '500', '138']
['learn.py', '500', '133']
['learn.py', '500', '115']
['learn.py', '500', '106']
seed=139
/mnt/beegfs/rcabanas/dev/credici
/mnt/beegfs/rcabanas/dev/credici/papers/causal_flavour
/mnt/beegfs/rcabanas/dev/credici/papers/causal_flavour/learntmodels
/mnt/beegfs/rcabanas/dev/credici/papers/causal_flavour/models
['learn.py', '500', '148']
/mnt/beegfs/rcabanas/dev/credici/target/credici-0.1.5-dev-SNAPSHOT-jar-with-dependencies.jar
/mnt/beegfs/rcabanas/dev/credici/papers/causal_flavour/code/LearnCF.java
['learn.py', '500', '136']
seed=134
['learn.py', '500', '102']
/mnt/beegfs/rcabanas/dev/credici
/mnt/beegfs/rcabanas/dev/credici/papers/causal_flavour
/mnt/beegfs/rcabanas/dev/credici/papers/causal_flavour/learntmodels
/mnt/beegfs/rcabanas/dev/credici/papers/causal_flavour/models
/mnt/beegfs/rcabanas/dev/credici/target/credici-0.1.5-dev-SNAPSHOT-jar-with-dependencies.jar
/mnt/beegfs/rcabanas/dev/credici/papers/causal_flavour/code/LearnCF.java
seed=140
seed=116
/mnt/beegfs/rcabanas/dev/credici
/mnt/beegfs/rcabanas/dev/credici/papers/causal_flavour
/mnt/beegfs/rcabanas/dev/credici/papers/causal_flavour/learntmodels
/mnt/beegfs/rcabanas/dev/credici/papers/causal_flavour/models
/mnt/beegfs/rcabanas/dev/credici/target/credici-0.1.5-dev-SNAPSHOT-jar-with-dependencies.jar
/mnt/beegfs/rcabanas/dev/credici/papers/causal_flavour/code/LearnCF.java
/mnt/beegfs/rcabanas/dev/credici
/mnt/beegfs/rcabanas/dev/credici/papers/causal_flavour
/mnt/beegfs/rcabanas/dev/credici/papers/causal_flavour/learntmodels
/mnt/beegfs/rcabanas/dev/credici/papers/causal_flavour/models
/mnt/beegfs/rcabanas/dev/credici/target/credici-0.1.5-dev-SNAPSHOT-jar-with-dependencies.jar
/mnt/beegfs/rcabanas/dev/credici/papers/causal_flavour/code/LearnCF.java
seed=144
/mnt/beegfs/rcabanas/dev/credici
/mnt/beegfs/rcabanas/dev/credici/papers/causal_flavour
/mnt/beegfs/rcabanas/dev/credici/papers/causal_flavour/learntmodels
/mnt/beegfs/rcabanas/dev/credici/papers/causal_flavour/models
/mnt/beegfs/rcabanas/dev/credici/target/credici-0.1.5-dev-SNAPSHOT-jar-with-dependencies.jar
/mnt/beegfs/rcabanas/dev/credici/papers/causal_flavour/code/LearnCF.java
seed=138
/mnt/beegfs/rcabanas/dev/credici
/mnt/beegfs/rcabanas/dev/credici/papers/causal_flavour
/mnt/beegfs/rcabanas/dev/credici/papers/causal_flavour/learntmodels
/mnt/beegfs/rcabanas/dev/credici/papers/causal_flavour/models
/mnt/beegfs/rcabanas/dev/credici/target/credici-0.1.5-dev-SNAPSHOT-jar-with-dependencies.jar
/mnt/beegfs/rcabanas/dev/credici/papers/causal_flavour/code/LearnCF.java
seed=133
/mnt/beegfs/rcabanas/dev/credici
/mnt/beegfs/rcabanas/dev/credici/papers/causal_flavour
/mnt/beegfs/rcabanas/dev/credici/papers/causal_flavour/learntmodels
/mnt/beegfs/rcabanas/dev/credici/papers/causal_flavour/models
/mnt/beegfs/rcabanas/dev/credici/target/credici-0.1.5-dev-SNAPSHOT-jar-with-dependencies.jar
/mnt/beegfs/rcabanas/dev/credici/papers/causal_flavour/code/LearnCF.java
seed=115
/mnt/beegfs/rcabanas/dev/credici
/mnt/beegfs/rcabanas/dev/credici/papers/causal_flavour
/mnt/beegfs/rcabanas/dev/credici/papers/causal_flavour/learntmodels
/mnt/beegfs/rcabanas/dev/credici/papers/causal_flavour/models
/mnt/beegfs/rcabanas/dev/credici/target/credici-0.1.5-dev-SNAPSHOT-jar-with-dependencies.jar
/mnt/beegfs/rcabanas/dev/credici/papers/causal_flavour/code/LearnCF.java
seed=106
/mnt/beegfs/rcabanas/dev/credici
/mnt/beegfs/rcabanas/dev/credici/papers/causal_flavour
/mnt/beegfs/rcabanas/dev/credici/papers/causal_flavour/learntmodels
/mnt/beegfs/rcabanas/dev/credici/papers/causal_flavour/models
/mnt/beegfs/rcabanas/dev/credici/target/credici-0.1.5-dev-SNAPSHOT-jar-with-dependencies.jar
/mnt/beegfs/rcabanas/dev/credici/papers/causal_flavour/code/LearnCF.java
seed=148
/mnt/beegfs/rcabanas/dev/credici
/mnt/beegfs/rcabanas/dev/credici/papers/causal_flavour
/mnt/beegfs/rcabanas/dev/credici/papers/causal_flavour/learntmodels
/mnt/beegfs/rcabanas/dev/credici/papers/causal_flavour/models
/mnt/beegfs/rcabanas/dev/credici/target/credici-0.1.5-dev-SNAPSHOT-jar-with-dependencies.jar
seed=136
/mnt/beegfs/rcabanas/dev/credici
/mnt/beegfs/rcabanas/dev/credici/papers/causal_flavour
/mnt/beegfs/rcabanas/dev/credici/papers/causal_flavour/learntmodels
/mnt/beegfs/rcabanas/dev/credici/papers/causal_flavour/models
/mnt/beegfs/rcabanas/dev/credici/target/credici-0.1.5-dev-SNAPSHOT-jar-with-dependencies.jar
/mnt/beegfs/rcabanas/dev/credici/papers/causal_flavour/code/LearnCF.java
/mnt/beegfs/rcabanas/dev/credici/papers/causal_flavour/code/LearnCF.java
seed=102
/mnt/beegfs/rcabanas/dev/credici
/mnt/beegfs/rcabanas/dev/credici/papers/causal_flavour
/mnt/beegfs/rcabanas/dev/credici/papers/causal_flavour/learntmodels
/mnt/beegfs/rcabanas/dev/credici/papers/causal_flavour/models
/mnt/beegfs/rcabanas/dev/credici/target/credici-0.1.5-dev-SNAPSHOT-jar-with-dependencies.jar
/mnt/beegfs/rcabanas/dev/credici/papers/causal_flavour/code/LearnCF.java
[2024-05-17T10:34:25.065649][INFO][seed126] Set up logging
[2024-05-17T10:34:25.082864][INFO][seed126] args: -m;500;-o;/mnt/beegfs/rcabanas/dev/credici/papers/causal_flavour/learntmodels/miter500;--data;/mnt/beegfs/rcabanas/dev/credici/papers/causal_flavour/data/simple_learner_4Q10k_data.csv;-rw;-s;126;/mnt/beegfs/rcabanas/dev/credici/papers/causal_flavour/models/simple_learner_4Q10k.uai
[2024-05-17T10:34:25.098637][INFO][seed126] Starting logger with seed 126
[2024-05-17T10:34:25.151083][INFO][seed109] Set up logging
[2024-05-17T10:34:25.143627][INFO][seed104] Set up logging
[2024-05-17T10:34:25.169062][INFO][seed104] args: -m;500;-o;/mnt/beegfs/rcabanas/dev/credici/papers/causal_flavour/learntmodels/miter500;--data;/mnt/beegfs/rcabanas/dev/credici/papers/causal_flavour/data/simple_learner_4Q10k_data.csv;-rw;-s;104;/mnt/beegfs/rcabanas/dev/credici/papers/causal_flavour/models/simple_learner_4Q10k.uai
[2024-05-17T10:34:25.170890][INFO][seed104] Starting logger with seed 104
[2024-05-17T10:34:25.182150][INFO][seed109] args: -m;500;-o;/mnt/beegfs/rcabanas/dev/credici/papers/causal_flavour/learntmodels/miter500;--data;/mnt/beegfs/rcabanas/dev/credici/papers/causal_flavour/data/simple_learner_4Q10k_data.csv;-rw;-s;109;/mnt/beegfs/rcabanas/dev/credici/papers/causal_flavour/models/simple_learner_4Q10k.uai
[2024-05-17T10:34:25.183972][INFO][seed109] Starting logger with seed 109
[2024-05-17T10:34:25.225777][INFO][seed108] Set up logging
[2024-05-17T10:34:25.251898][INFO][seed108] args: -m;500;-o;/mnt/beegfs/rcabanas/dev/credici/papers/causal_flavour/learntmodels/miter500;--data;/mnt/beegfs/rcabanas/dev/credici/papers/causal_flavour/data/simple_learner_4Q10k_data.csv;-rw;-s;108;/mnt/beegfs/rcabanas/dev/credici/papers/causal_flavour/models/simple_learner_4Q10k.uai
[2024-05-17T10:34:25.219806][INFO][seed100] Set up logging
[2024-05-17T10:34:25.255848][INFO][seed100] args: -m;500;-o;/mnt/beegfs/rcabanas/dev/credici/papers/causal_flavour/learntmodels/miter500;--data;/mnt/beegfs/rcabanas/dev/credici/papers/causal_flavour/data/simple_learner_4Q10k_data.csv;-rw;-s;100;/mnt/beegfs/rcabanas/dev/credici/papers/causal_flavour/models/simple_learner_4Q10k.uai
[2024-05-17T10:34:25.255805][INFO][seed108] Starting logger with seed 108
[2024-05-17T10:34:25.257491][INFO][seed100] Starting logger with seed 100
[2024-05-17T10:34:25.237103][INFO][seed112] Set up logging
[2024-05-17T10:34:25.265654][INFO][seed112] args: -m;500;-o;/mnt/beegfs/rcabanas/dev/credici/papers/causal_flavour/learntmodels/miter500;--data;/mnt/beegfs/rcabanas/dev/credici/papers/causal_flavour/data/simple_learner_4Q10k_data.csv;-rw;-s;112;/mnt/beegfs/rcabanas/dev/credici/papers/causal_flavour/models/simple_learner_4Q10k.uai
[2024-05-17T10:34:25.268506][INFO][seed112] Starting logger with seed 112
[2024-05-17T10:34:25.248126][INFO][seed111] Set up logging
[2024-05-17T10:34:25.280652][INFO][seed111] args: -m;500;-o;/mnt/beegfs/rcabanas/dev/credici/papers/causal_flavour/learntmodels/miter500;--data;/mnt/beegfs/rcabanas/dev/credici/papers/causal_flavour/data/simple_learner_4Q10k_data.csv;-rw;-s;111;/mnt/beegfs/rcabanas/dev/credici/papers/causal_flavour/models/simple_learner_4Q10k.uai
[2024-05-17T10:34:25.287175][INFO][seed111] Starting logger with seed 111
[2024-05-17T10:34:25.299997][INFO][seed126] Loaded model and info: /mnt/beegfs/rcabanas/dev/credici/papers/causal_flavour/models/simple_learner_4Q10k.uai
[2024-05-17T10:34:25.277746][INFO][seed113] Set up logging
[2024-05-17T10:34:25.303725][INFO][seed113] args: -m;500;-o;/mnt/beegfs/rcabanas/dev/credici/papers/causal_flavour/learntmodels/miter500;--data;/mnt/beegfs/rcabanas/dev/credici/papers/causal_flavour/data/simple_learner_4Q10k_data.csv;-rw;-s;113;/mnt/beegfs/rcabanas/dev/credici/papers/causal_flavour/models/simple_learner_4Q10k.uai
[2024-05-17T10:34:25.288398][INFO][seed118] Set up logging
[2024-05-17T10:34:25.313966][INFO][seed118] args: -m;500;-o;/mnt/beegfs/rcabanas/dev/credici/papers/causal_flavour/learntmodels/miter500;--data;/mnt/beegfs/rcabanas/dev/credici/papers/causal_flavour/data/simple_learner_4Q10k_data.csv;-rw;-s;118;/mnt/beegfs/rcabanas/dev/credici/papers/causal_flavour/models/simple_learner_4Q10k.uai
[2024-05-17T10:34:25.316563][INFO][seed113] Starting logger with seed 113
[2024-05-17T10:34:25.317840][INFO][seed118] Starting logger with seed 118
[2024-05-17T10:34:25.318088][INFO][seed103] Set up logging
[2024-05-17T10:34:25.348637][INFO][seed103] args: -m;500;-o;/mnt/beegfs/rcabanas/dev/credici/papers/causal_flavour/learntmodels/miter500;--data;/mnt/beegfs/rcabanas/dev/credici/papers/causal_flavour/data/simple_learner_4Q10k_data.csv;-rw;-s;103;/mnt/beegfs/rcabanas/dev/credici/papers/causal_flavour/models/simple_learner_4Q10k.uai
[2024-05-17T10:34:25.352513][INFO][seed103] Starting logger with seed 103
[2024-05-17T10:34:25.354512][INFO][seed104] Loaded model and info: /mnt/beegfs/rcabanas/dev/credici/papers/causal_flavour/models/simple_learner_4Q10k.uai
[2024-05-17T10:34:25.355711][INFO][seed117] Set up logging
[2024-05-17T10:34:25.381011][INFO][seed117] args: -m;500;-o;/mnt/beegfs/rcabanas/dev/credici/papers/causal_flavour/learntmodels/miter500;--data;/mnt/beegfs/rcabanas/dev/credici/papers/causal_flavour/data/simple_learner_4Q10k_data.csv;-rw;-s;117;/mnt/beegfs/rcabanas/dev/credici/papers/causal_flavour/models/simple_learner_4Q10k.uai
[2024-05-17T10:34:25.389049][INFO][seed117] Starting logger with seed 117
[2024-05-17T10:34:25.355390][INFO][seed132] Set up logging
[2024-05-17T10:34:25.392351][INFO][seed132] args: -m;500;-o;/mnt/beegfs/rcabanas/dev/credici/papers/causal_flavour/learntmodels/miter500;--data;/mnt/beegfs/rcabanas/dev/credici/papers/causal_flavour/data/simple_learner_4Q10k_data.csv;-rw;-s;132;/mnt/beegfs/rcabanas/dev/credici/papers/causal_flavour/models/simple_learner_4Q10k.uai
[2024-05-17T10:34:25.394089][INFO][seed132] Starting logger with seed 132
[2024-05-17T10:34:25.448092][INFO][seed109] Loaded model and info: /mnt/beegfs/rcabanas/dev/credici/papers/causal_flavour/models/simple_learner_4Q10k.uai
[2024-05-17T10:34:25.457431][INFO][seed108] Loaded model and info: /mnt/beegfs/rcabanas/dev/credici/papers/causal_flavour/models/simple_learner_4Q10k.uai
[2024-05-17T10:34:25.460541][INFO][seed112] Loaded model and info: /mnt/beegfs/rcabanas/dev/credici/papers/causal_flavour/models/simple_learner_4Q10k.uai
[2024-05-17T10:34:25.475956][INFO][seed119] Set up logging
[2024-05-17T10:34:25.504323][INFO][seed119] args: -m;500;-o;/mnt/beegfs/rcabanas/dev/credici/papers/causal_flavour/learntmodels/miter500;--data;/mnt/beegfs/rcabanas/dev/credici/papers/causal_flavour/data/simple_learner_4Q10k_data.csv;-rw;-s;119;/mnt/beegfs/rcabanas/dev/credici/papers/causal_flavour/models/simple_learner_4Q10k.uai
[2024-05-17T10:34:25.518920][INFO][seed119] Starting logger with seed 119
[2024-05-17T10:34:25.554056][INFO][seed100] Loaded model and info: /mnt/beegfs/rcabanas/dev/credici/papers/causal_flavour/models/simple_learner_4Q10k.uai
[2024-05-17T10:34:25.557943][INFO][seed118] Loaded model and info: /mnt/beegfs/rcabanas/dev/credici/papers/causal_flavour/models/simple_learner_4Q10k.uai
[2024-05-17T10:34:25.560762][INFO][seed113] Loaded model and info: /mnt/beegfs/rcabanas/dev/credici/papers/causal_flavour/models/simple_learner_4Q10k.uai
[2024-05-17T10:34:25.561472][INFO][seed111] Loaded model and info: /mnt/beegfs/rcabanas/dev/credici/papers/causal_flavour/models/simple_learner_4Q10k.uai
[2024-05-17T10:34:25.570206][INFO][seed103] Loaded model and info: /mnt/beegfs/rcabanas/dev/credici/papers/causal_flavour/models/simple_learner_4Q10k.uai
[2024-05-17T10:34:25.587143][INFO][seed105] Set up logging
[2024-05-17T10:34:25.611296][INFO][seed105] args: -m;500;-o;/mnt/beegfs/rcabanas/dev/credici/papers/causal_flavour/learntmodels/miter500;--data;/mnt/beegfs/rcabanas/dev/credici/papers/causal_flavour/data/simple_learner_4Q10k_data.csv;-rw;-s;105;/mnt/beegfs/rcabanas/dev/credici/papers/causal_flavour/models/simple_learner_4Q10k.uai
[2024-05-17T10:34:25.601282][INFO][seed128] Set up logging
[2024-05-17T10:34:25.625338][INFO][seed128] args: -m;500;-o;/mnt/beegfs/rcabanas/dev/credici/papers/causal_flavour/learntmodels/miter500;--data;/mnt/beegfs/rcabanas/dev/credici/papers/causal_flavour/data/simple_learner_4Q10k_data.csv;-rw;-s;128;/mnt/beegfs/rcabanas/dev/credici/papers/causal_flavour/models/simple_learner_4Q10k.uai
[2024-05-17T10:34:25.628614][INFO][seed128] Starting logger with seed 128
[2024-05-17T10:34:25.623779][INFO][seed105] Starting logger with seed 105
[2024-05-17T10:34:25.633170][INFO][seed126] Loaded 10000 data instances
[2024-05-17T10:34:25.639198][INFO][seed126] Starting learning up to 500 iterations
[2024-05-17T10:34:25.616217][INFO][seed131] Set up logging
[2024-05-17T10:34:25.643831][INFO][seed131] args: -m;500;-o;/mnt/beegfs/rcabanas/dev/credici/papers/causal_flavour/learntmodels/miter500;--data;/mnt/beegfs/rcabanas/dev/credici/papers/causal_flavour/data/simple_learner_4Q10k_data.csv;-rw;-s;131;/mnt/beegfs/rcabanas/dev/credici/papers/causal_flavour/models/simple_learner_4Q10k.uai
[2024-05-17T10:34:25.645553][INFO][seed131] Starting logger with seed 131
[2024-05-17T10:34:25.651244][INFO][seed132] Loaded model and info: /mnt/beegfs/rcabanas/dev/credici/papers/causal_flavour/models/simple_learner_4Q10k.uai
[2024-05-17T10:34:25.654606][INFO][seed117] Loaded model and info: /mnt/beegfs/rcabanas/dev/credici/papers/causal_flavour/models/simple_learner_4Q10k.uai
[2024-05-17T10:34:25.693321][INFO][seed104] Loaded 10000 data instances
[2024-05-17T10:34:25.670773][INFO][seed124] Set up logging
[2024-05-17T10:34:25.697141][INFO][seed124] args: -m;500;-o;/mnt/beegfs/rcabanas/dev/credici/papers/causal_flavour/learntmodels/miter500;--data;/mnt/beegfs/rcabanas/dev/credici/papers/causal_flavour/data/simple_learner_4Q10k_data.csv;-rw;-s;124;/mnt/beegfs/rcabanas/dev/credici/papers/causal_flavour/models/simple_learner_4Q10k.uai
[2024-05-17T10:34:25.698933][INFO][seed104] Starting learning up to 500 iterations
[2024-05-17T10:34:25.709068][INFO][seed124] Starting logger with seed 124
[2024-05-17T10:34:25.763308][INFO][seed119] Loaded model and info: /mnt/beegfs/rcabanas/dev/credici/papers/causal_flavour/models/simple_learner_4Q10k.uai
[2024-05-17T10:34:25.760720][INFO][seed142] Set up logging
[2024-05-17T10:34:25.794045][INFO][seed142] args: -m;500;-o;/mnt/beegfs/rcabanas/dev/credici/papers/causal_flavour/learntmodels/miter500;--data;/mnt/beegfs/rcabanas/dev/credici/papers/causal_flavour/data/simple_learner_4Q10k_data.csv;-rw;-s;142;/mnt/beegfs/rcabanas/dev/credici/papers/causal_flavour/models/simple_learner_4Q10k.uai
[2024-05-17T10:34:25.795807][INFO][seed142] Starting logger with seed 142
[2024-05-17T10:34:25.772523][INFO][seed110] Set up logging
[2024-05-17T10:34:25.809007][INFO][seed110] args: -m;500;-o;/mnt/beegfs/rcabanas/dev/credici/papers/causal_flavour/learntmodels/miter500;--data;/mnt/beegfs/rcabanas/dev/credici/papers/causal_flavour/data/simple_learner_4Q10k_data.csv;-rw;-s;110;/mnt/beegfs/rcabanas/dev/credici/papers/causal_flavour/models/simple_learner_4Q10k.uai
[2024-05-17T10:34:25.809111][INFO][seed109] Loaded 10000 data instances
[2024-05-17T10:34:25.814663][INFO][seed109] Starting learning up to 500 iterations
[2024-05-17T10:34:25.820554][INFO][seed110] Starting logger with seed 110
[2024-05-17T10:34:25.830200][INFO][seed128] Loaded model and info: /mnt/beegfs/rcabanas/dev/credici/papers/causal_flavour/models/simple_learner_4Q10k.uai
[2024-05-17T10:34:25.842711][INFO][seed105] Loaded model and info: /mnt/beegfs/rcabanas/dev/credici/papers/causal_flavour/models/simple_learner_4Q10k.uai
[2024-05-17T10:34:25.853734][INFO][seed131] Loaded model and info: /mnt/beegfs/rcabanas/dev/credici/papers/causal_flavour/models/simple_learner_4Q10k.uai
[2024-05-17T10:34:25.859261][INFO][seed108] Loaded 10000 data instances
[2024-05-17T10:34:25.859970][INFO][seed108] Starting learning up to 500 iterations
[2024-05-17T10:34:25.866621][INFO][seed112] Loaded 10000 data instances
[2024-05-17T10:34:25.878678][INFO][seed112] Starting learning up to 500 iterations
[2024-05-17T10:34:25.916812][INFO][seed113] Loaded 10000 data instances
[2024-05-17T10:34:25.918757][INFO][seed118] Loaded 10000 data instances
[2024-05-17T10:34:25.920931][INFO][seed113] Starting learning up to 500 iterations
[2024-05-17T10:34:25.903919][INFO][seed121] Set up logging
[2024-05-17T10:34:25.920426][INFO][seed121] args: -m;500;-o;/mnt/beegfs/rcabanas/dev/credici/papers/causal_flavour/learntmodels/miter500;--data;/mnt/beegfs/rcabanas/dev/credici/papers/causal_flavour/data/simple_learner_4Q10k_data.csv;-rw;-s;121;/mnt/beegfs/rcabanas/dev/credici/papers/causal_flavour/models/simple_learner_4Q10k.uai
[2024-05-17T10:34:25.928326][INFO][seed118] Starting learning up to 500 iterations
[2024-05-17T10:34:25.929108][INFO][seed121] Starting logger with seed 121
[2024-05-17T10:34:25.942717][INFO][seed103] Loaded 10000 data instances
[2024-05-17T10:34:25.948036][INFO][seed103] Starting learning up to 500 iterations
[2024-05-17T10:34:25.955890][INFO][seed100] Loaded 10000 data instances
[2024-05-17T10:34:25.956720][INFO][seed100] Starting learning up to 500 iterations
[2024-05-17T10:34:25.959506][INFO][seed111] Loaded 10000 data instances
[2024-05-17T10:34:25.961538][INFO][seed124] Loaded model and info: /mnt/beegfs/rcabanas/dev/credici/papers/causal_flavour/models/simple_learner_4Q10k.uai
[2024-05-17T10:34:25.962467][INFO][seed111] Starting learning up to 500 iterations
[2024-05-17T10:34:25.968988][INFO][seed130] Set up logging
[2024-05-17T10:34:26.000821][INFO][seed130] args: -m;500;-o;/mnt/beegfs/rcabanas/dev/credici/papers/causal_flavour/learntmodels/miter500;--data;/mnt/beegfs/rcabanas/dev/credici/papers/causal_flavour/data/simple_learner_4Q10k_data.csv;-rw;-s;130;/mnt/beegfs/rcabanas/dev/credici/papers/causal_flavour/models/simple_learner_4Q10k.uai
[2024-05-17T10:34:26.011691][INFO][seed117] Loaded 10000 data instances
[2024-05-17T10:34:25.980424][INFO][seed107] Set up logging
[2024-05-17T10:34:26.009105][INFO][seed130] Starting logger with seed 130
[2024-05-17T10:34:26.014641][INFO][seed107] args: -m;500;-o;/mnt/beegfs/rcabanas/dev/credici/papers/causal_flavour/learntmodels/miter500;--data;/mnt/beegfs/rcabanas/dev/credici/papers/causal_flavour/data/simple_learner_4Q10k_data.csv;-rw;-s;107;/mnt/beegfs/rcabanas/dev/credici/papers/causal_flavour/models/simple_learner_4Q10k.uai
[2024-05-17T10:34:26.016463][INFO][seed107] Starting logger with seed 107
[2024-05-17T10:34:26.020218][INFO][seed132] Loaded 10000 data instances
[2024-05-17T10:34:26.024939][INFO][seed117] Starting learning up to 500 iterations
[2024-05-17T10:34:26.010624][INFO][seed114] Set up logging
[2024-05-17T10:34:26.029890][INFO][seed114] args: -m;500;-o;/mnt/beegfs/rcabanas/dev/credici/papers/causal_flavour/learntmodels/miter500;--data;/mnt/beegfs/rcabanas/dev/credici/papers/causal_flavour/data/simple_learner_4Q10k_data.csv;-rw;-s;114;/mnt/beegfs/rcabanas/dev/credici/papers/causal_flavour/models/simple_learner_4Q10k.uai
[2024-05-17T10:34:26.031160][INFO][seed132] Starting learning up to 500 iterations
[2024-05-17T10:34:26.018509][INFO][seed125] Set up logging
[2024-05-17T10:34:26.044880][INFO][seed114] Starting logger with seed 114
[2024-05-17T10:34:26.044858][INFO][seed125] args: -m;500;-o;/mnt/beegfs/rcabanas/dev/credici/papers/causal_flavour/learntmodels/miter500;--data;/mnt/beegfs/rcabanas/dev/credici/papers/causal_flavour/data/simple_learner_4Q10k_data.csv;-rw;-s;125;/mnt/beegfs/rcabanas/dev/credici/papers/causal_flavour/models/simple_learner_4Q10k.uai
[2024-05-17T10:34:26.065773][INFO][seed125] Starting logger with seed 125
[2024-05-17T10:34:26.075424][INFO][seed110] Loaded model and info: /mnt/beegfs/rcabanas/dev/credici/papers/causal_flavour/models/simple_learner_4Q10k.uai
[2024-05-17T10:34:26.076005][INFO][seed142] Loaded model and info: /mnt/beegfs/rcabanas/dev/credici/papers/causal_flavour/models/simple_learner_4Q10k.uai
[2024-05-17T10:34:26.087141][INFO][seed101] Set up logging
[2024-05-17T10:34:26.123467][INFO][seed101] args: -m;500;-o;/mnt/beegfs/rcabanas/dev/credici/papers/causal_flavour/learntmodels/miter500;--data;/mnt/beegfs/rcabanas/dev/credici/papers/causal_flavour/data/simple_learner_4Q10k_data.csv;-rw;-s;101;/mnt/beegfs/rcabanas/dev/credici/papers/causal_flavour/models/simple_learner_4Q10k.uai
[2024-05-17T10:34:26.125356][INFO][seed101] Starting logger with seed 101
[2024-05-17T10:34:26.133026][INFO][seed136] Set up logging
[2024-05-17T10:34:26.131580][INFO][seed148] Set up logging
[2024-05-17T10:34:26.156794][INFO][seed136] args: -m;500;-o;/mnt/beegfs/rcabanas/dev/credici/papers/causal_flavour/learntmodels/miter500;--data;/mnt/beegfs/rcabanas/dev/credici/papers/causal_flavour/data/simple_learner_4Q10k_data.csv;-rw;-s;136;/mnt/beegfs/rcabanas/dev/credici/papers/causal_flavour/models/simple_learner_4Q10k.uai
[2024-05-17T10:34:26.156940][INFO][seed148] args: -m;500;-o;/mnt/beegfs/rcabanas/dev/credici/papers/causal_flavour/learntmodels/miter500;--data;/mnt/beegfs/rcabanas/dev/credici/papers/causal_flavour/data/simple_learner_4Q10k_data.csv;-rw;-s;148;/mnt/beegfs/rcabanas/dev/credici/papers/causal_flavour/models/simple_learner_4Q10k.uai
[2024-05-17T10:34:26.161323][INFO][seed136] Starting logger with seed 136
[2024-05-17T10:34:26.149471][INFO][seed147] Set up logging
[2024-05-17T10:34:26.168069][INFO][seed119] Loaded 10000 data instances
[2024-05-17T10:34:26.168715][INFO][seed147] args: -m;500;-o;/mnt/beegfs/rcabanas/dev/credici/papers/causal_flavour/learntmodels/miter500;--data;/mnt/beegfs/rcabanas/dev/credici/papers/causal_flavour/data/simple_learner_4Q10k_data.csv;-rw;-s;147;/mnt/beegfs/rcabanas/dev/credici/papers/causal_flavour/models/simple_learner_4Q10k.uai
[2024-05-17T10:34:26.168907][INFO][seed119] Starting learning up to 500 iterations
[2024-05-17T10:34:26.146115][INFO][seed143] Set up logging
[2024-05-17T10:34:26.171434][INFO][seed143] args: -m;500;-o;/mnt/beegfs/rcabanas/dev/credici/papers/causal_flavour/learntmodels/miter500;--data;/mnt/beegfs/rcabanas/dev/credici/papers/causal_flavour/data/simple_learner_4Q10k_data.csv;-rw;-s;143;/mnt/beegfs/rcabanas/dev/credici/papers/causal_flavour/models/simple_learner_4Q10k.uai
[2024-05-17T10:34:26.169166][INFO][seed148] Starting logger with seed 148
[2024-05-17T10:34:26.175002][INFO][seed121] Loaded model and info: /mnt/beegfs/rcabanas/dev/credici/papers/causal_flavour/models/simple_learner_4Q10k.uai
[2024-05-17T10:34:26.153135][INFO][seed120] Set up logging
[2024-05-17T10:34:26.181547][INFO][seed120] args: -m;500;-o;/mnt/beegfs/rcabanas/dev/credici/papers/causal_flavour/learntmodels/miter500;--data;/mnt/beegfs/rcabanas/dev/credici/papers/causal_flavour/data/simple_learner_4Q10k_data.csv;-rw;-s;120;/mnt/beegfs/rcabanas/dev/credici/papers/causal_flavour/models/simple_learner_4Q10k.uai
[2024-05-17T10:34:26.183325][INFO][seed120] Starting logger with seed 120
[2024-05-17T10:34:26.167239][INFO][seed150] Set up logging
[2024-05-17T10:34:26.182808][INFO][seed147] Starting logger with seed 147
[2024-05-17T10:34:26.187622][INFO][seed150] args: -m;500;-o;/mnt/beegfs/rcabanas/dev/credici/papers/causal_flavour/learntmodels/miter500;--data;/mnt/beegfs/rcabanas/dev/credici/papers/causal_flavour/data/simple_learner_4Q10k_data.csv;-rw;-s;150;/mnt/beegfs/rcabanas/dev/credici/papers/causal_flavour/models/simple_learner_4Q10k.uai
[2024-05-17T10:34:26.185993][INFO][seed143] Starting logger with seed 143
[2024-05-17T10:34:26.155920][INFO][seed123] Set up logging
[2024-05-17T10:34:26.191388][INFO][seed150] Starting logger with seed 150
[2024-05-17T10:34:26.192136][INFO][seed123] args: -m;500;-o;/mnt/beegfs/rcabanas/dev/credici/papers/causal_flavour/learntmodels/miter500;--data;/mnt/beegfs/rcabanas/dev/credici/papers/causal_flavour/data/simple_learner_4Q10k_data.csv;-rw;-s;123;/mnt/beegfs/rcabanas/dev/credici/papers/causal_flavour/models/simple_learner_4Q10k.uai
[2024-05-17T10:34:26.193930][INFO][seed123] Starting logger with seed 123
[2024-05-17T10:34:26.162183][INFO][seed141] Set up logging
[2024-05-17T10:34:26.196154][INFO][seed141] args: -m;500;-o;/mnt/beegfs/rcabanas/dev/credici/papers/causal_flavour/learntmodels/miter500;--data;/mnt/beegfs/rcabanas/dev/credici/papers/causal_flavour/data/simple_learner_4Q10k_data.csv;-rw;-s;141;/mnt/beegfs/rcabanas/dev/credici/papers/causal_flavour/models/simple_learner_4Q10k.uai
[2024-05-17T10:34:26.198865][INFO][seed105] Loaded 10000 data instances
[2024-05-17T10:34:26.199166][INFO][seed141] Starting logger with seed 141
[2024-05-17T10:34:26.190881][INFO][seed137] Set up logging
[2024-05-17T10:34:26.208279][INFO][seed105] Starting learning up to 500 iterations
[2024-05-17T10:34:26.208865][INFO][seed137] args: -m;500;-o;/mnt/beegfs/rcabanas/dev/credici/papers/causal_flavour/learntmodels/miter500;--data;/mnt/beegfs/rcabanas/dev/credici/papers/causal_flavour/data/simple_learner_4Q10k_data.csv;-rw;-s;137;/mnt/beegfs/rcabanas/dev/credici/papers/causal_flavour/models/simple_learner_4Q10k.uai
[2024-05-17T10:34:26.181668][INFO][seed149] Set up logging
[2024-05-17T10:34:26.216211][INFO][seed149] args: -m;500;-o;/mnt/beegfs/rcabanas/dev/credici/papers/causal_flavour/learntmodels/miter500;--data;/mnt/beegfs/rcabanas/dev/credici/papers/causal_flavour/data/simple_learner_4Q10k_data.csv;-rw;-s;149;/mnt/beegfs/rcabanas/dev/credici/papers/causal_flavour/models/simple_learner_4Q10k.uai
[2024-05-17T10:34:26.200729][INFO][seed139] Set up logging
[2024-05-17T10:34:26.218021][INFO][seed149] Starting logger with seed 149
[2024-05-17T10:34:26.220764][INFO][seed139] args: -m;500;-o;/mnt/beegfs/rcabanas/dev/credici/papers/causal_flavour/learntmodels/miter500;--data;/mnt/beegfs/rcabanas/dev/credici/papers/causal_flavour/data/simple_learner_4Q10k_data.csv;-rw;-s;139;/mnt/beegfs/rcabanas/dev/credici/papers/causal_flavour/models/simple_learner_4Q10k.uai
[2024-05-17T10:34:26.191327][INFO][seed129] Set up logging
[2024-05-17T10:34:26.224782][INFO][seed129] args: -m;500;-o;/mnt/beegfs/rcabanas/dev/credici/papers/causal_flavour/learntmodels/miter500;--data;/mnt/beegfs/rcabanas/dev/credici/papers/causal_flavour/data/simple_learner_4Q10k_data.csv;-rw;-s;129;/mnt/beegfs/rcabanas/dev/credici/papers/causal_flavour/models/simple_learner_4Q10k.uai
[2024-05-17T10:34:26.203228][INFO][seed146] Set up logging
[2024-05-17T10:34:26.223124][INFO][seed137] Starting logger with seed 137
[2024-05-17T10:34:26.192817][INFO][seed127] Set up logging
[2024-05-17T10:34:26.228883][INFO][seed139] Starting logger with seed 139
[2024-05-17T10:34:26.203265][INFO][seed122] Set up logging
[2024-05-17T10:34:26.228157][INFO][seed146] args: -m;500;-o;/mnt/beegfs/rcabanas/dev/credici/papers/causal_flavour/learntmodels/miter500;--data;/mnt/beegfs/rcabanas/dev/credici/papers/causal_flavour/data/simple_learner_4Q10k_data.csv;-rw;-s;146;/mnt/beegfs/rcabanas/dev/credici/papers/causal_flavour/models/simple_learner_4Q10k.uai
[2024-05-17T10:34:26.229547][INFO][seed129] Starting logger with seed 129
[2024-05-17T10:34:26.230729][INFO][seed127] args: -m;500;-o;/mnt/beegfs/rcabanas/dev/credici/papers/causal_flavour/learntmodels/miter500;--data;/mnt/beegfs/rcabanas/dev/credici/papers/causal_flavour/data/simple_learner_4Q10k_data.csv;-rw;-s;127;/mnt/beegfs/rcabanas/dev/credici/papers/causal_flavour/models/simple_learner_4Q10k.uai
[2024-05-17T10:34:26.230158][INFO][seed122] args: -m;500;-o;/mnt/beegfs/rcabanas/dev/credici/papers/causal_flavour/learntmodels/miter500;--data;/mnt/beegfs/rcabanas/dev/credici/papers/causal_flavour/data/simple_learner_4Q10k_data.csv;-rw;-s;122;/mnt/beegfs/rcabanas/dev/credici/papers/causal_flavour/models/simple_learner_4Q10k.uai
[2024-05-17T10:34:26.199353][INFO][seed134] Set up logging
[2024-05-17T10:34:26.234076][INFO][seed134] args: -m;500;-o;/mnt/beegfs/rcabanas/dev/credici/papers/causal_flavour/learntmodels/miter500;--data;/mnt/beegfs/rcabanas/dev/credici/papers/causal_flavour/data/simple_learner_4Q10k_data.csv;-rw;-s;134;/mnt/beegfs/rcabanas/dev/credici/papers/causal_flavour/models/simple_learner_4Q10k.uai
[2024-05-17T10:34:26.240204][INFO][seed146] Starting logger with seed 146
[2024-05-17T10:34:26.240934][INFO][seed131] Loaded 10000 data instances
[2024-05-17T10:34:26.241312][INFO][seed122] Starting logger with seed 122
[2024-05-17T10:34:26.242086][INFO][seed131] Starting learning up to 500 iterations
[2024-05-17T10:34:26.240581][INFO][seed134] Starting logger with seed 134
[2024-05-17T10:34:26.241329][INFO][seed127] Starting logger with seed 127
[2024-05-17T10:34:26.257797][INFO][seed130] Loaded model and info: /mnt/beegfs/rcabanas/dev/credici/papers/causal_flavour/models/simple_learner_4Q10k.uai
[2024-05-17T10:34:26.296511][INFO][seed128] Loaded 10000 data instances
[2024-05-17T10:34:26.297277][INFO][seed128] Starting learning up to 500 iterations
[2024-05-17T10:34:26.309515][INFO][seed107] Loaded model and info: /mnt/beegfs/rcabanas/dev/credici/papers/causal_flavour/models/simple_learner_4Q10k.uai
[2024-05-17T10:34:26.300612][INFO][seed138] Set up logging
[2024-05-17T10:34:26.328083][INFO][seed125] Loaded model and info: /mnt/beegfs/rcabanas/dev/credici/papers/causal_flavour/models/simple_learner_4Q10k.uai
[2024-05-17T10:34:26.299080][INFO][seed144] Set up logging
[2024-05-17T10:34:26.328180][INFO][seed138] args: -m;500;-o;/mnt/beegfs/rcabanas/dev/credici/papers/causal_flavour/learntmodels/miter500;--data;/mnt/beegfs/rcabanas/dev/credici/papers/causal_flavour/data/simple_learner_4Q10k_data.csv;-rw;-s;138;/mnt/beegfs/rcabanas/dev/credici/papers/causal_flavour/models/simple_learner_4Q10k.uai
[2024-05-17T10:34:26.329604][INFO][seed144] args: -m;500;-o;/mnt/beegfs/rcabanas/dev/credici/papers/causal_flavour/learntmodels/miter500;--data;/mnt/beegfs/rcabanas/dev/credici/papers/causal_flavour/data/simple_learner_4Q10k_data.csv;-rw;-s;144;/mnt/beegfs/rcabanas/dev/credici/papers/causal_flavour/models/simple_learner_4Q10k.uai
[2024-05-17T10:34:26.330474][INFO][seed138] Starting logger with seed 138
[2024-05-17T10:34:26.299821][INFO][seed115] Set up logging
[2024-05-17T10:34:26.309552][INFO][seed102] Set up logging
[2024-05-17T10:34:26.333412][INFO][seed115] args: -m;500;-o;/mnt/beegfs/rcabanas/dev/credici/papers/causal_flavour/learntmodels/miter500;--data;/mnt/beegfs/rcabanas/dev/credici/papers/causal_flavour/data/simple_learner_4Q10k_data.csv;-rw;-s;115;/mnt/beegfs/rcabanas/dev/credici/papers/causal_flavour/models/simple_learner_4Q10k.uai
[2024-05-17T10:34:26.331257][INFO][seed144] Starting logger with seed 144
[2024-05-17T10:34:26.334792][INFO][seed102] args: -m;500;-o;/mnt/beegfs/rcabanas/dev/credici/papers/causal_flavour/learntmodels/miter500;--data;/mnt/beegfs/rcabanas/dev/credici/papers/causal_flavour/data/simple_learner_4Q10k_data.csv;-rw;-s;102;/mnt/beegfs/rcabanas/dev/credici/papers/causal_flavour/models/simple_learner_4Q10k.uai
[2024-05-17T10:34:26.335226][INFO][seed115] Starting logger with seed 115
[2024-05-17T10:34:26.313660][INFO][seed116] Set up logging
[2024-05-17T10:34:26.337002][INFO][seed114] Loaded model and info: /mnt/beegfs/rcabanas/dev/credici/papers/causal_flavour/models/simple_learner_4Q10k.uai
[2024-05-17T10:34:26.338398][INFO][seed102] Starting logger with seed 102
[2024-05-17T10:34:26.338631][INFO][seed116] args: -m;500;-o;/mnt/beegfs/rcabanas/dev/credici/papers/causal_flavour/learntmodels/miter500;--data;/mnt/beegfs/rcabanas/dev/credici/papers/causal_flavour/data/simple_learner_4Q10k_data.csv;-rw;-s;116;/mnt/beegfs/rcabanas/dev/credici/papers/causal_flavour/models/simple_learner_4Q10k.uai
[2024-05-17T10:34:26.311122][INFO][seed140] Set up logging
[2024-05-17T10:34:26.341462][INFO][seed140] args: -m;500;-o;/mnt/beegfs/rcabanas/dev/credici/papers/causal_flavour/learntmodels/miter500;--data;/mnt/beegfs/rcabanas/dev/credici/papers/causal_flavour/data/simple_learner_4Q10k_data.csv;-rw;-s;140;/mnt/beegfs/rcabanas/dev/credici/papers/causal_flavour/models/simple_learner_4Q10k.uai
[2024-05-17T10:34:26.321197][INFO][seed133] Set up logging
[2024-05-17T10:34:26.342324][INFO][seed133] args: -m;500;-o;/mnt/beegfs/rcabanas/dev/credici/papers/causal_flavour/learntmodels/miter500;--data;/mnt/beegfs/rcabanas/dev/credici/papers/causal_flavour/data/simple_learner_4Q10k_data.csv;-rw;-s;133;/mnt/beegfs/rcabanas/dev/credici/papers/causal_flavour/models/simple_learner_4Q10k.uai
[2024-05-17T10:34:26.343359][INFO][seed140] Starting logger with seed 140
[2024-05-17T10:34:26.349205][INFO][seed133] Starting logger with seed 133
[2024-05-17T10:34:26.349227][INFO][seed116] Starting logger with seed 116
[2024-05-17T10:34:26.373344][INFO][seed124] Loaded 10000 data instances
[2024-05-17T10:34:26.379660][INFO][seed136] Loaded model and info: /mnt/beegfs/rcabanas/dev/credici/papers/causal_flavour/models/simple_learner_4Q10k.uai
[2024-05-17T10:34:26.384045][INFO][seed124] Starting learning up to 500 iterations
[2024-05-17T10:34:26.362434][INFO][seed106] Set up logging
[2024-05-17T10:34:26.389948][INFO][seed106] args: -m;500;-o;/mnt/beegfs/rcabanas/dev/credici/papers/causal_flavour/learntmodels/miter500;--data;/mnt/beegfs/rcabanas/dev/credici/papers/causal_flavour/data/simple_learner_4Q10k_data.csv;-rw;-s;106;/mnt/beegfs/rcabanas/dev/credici/papers/causal_flavour/models/simple_learner_4Q10k.uai
[2024-05-17T10:34:26.398195][INFO][seed120] Loaded model and info: /mnt/beegfs/rcabanas/dev/credici/papers/causal_flavour/models/simple_learner_4Q10k.uai
[2024-05-17T10:34:26.403685][INFO][seed148] Loaded model and info: /mnt/beegfs/rcabanas/dev/credici/papers/causal_flavour/models/simple_learner_4Q10k.uai
[2024-05-17T10:34:26.408385][INFO][seed106] Starting logger with seed 106
[2024-05-17T10:34:26.438493][INFO][seed101] Loaded model and info: /mnt/beegfs/rcabanas/dev/credici/papers/causal_flavour/models/simple_learner_4Q10k.uai
[2024-05-17T10:34:26.438922][INFO][seed147] Loaded model and info: /mnt/beegfs/rcabanas/dev/credici/papers/causal_flavour/models/simple_learner_4Q10k.uai
[2024-05-17T10:34:26.439065][INFO][seed110] Loaded 10000 data instances
[2024-05-17T10:34:26.440410][INFO][seed110] Starting learning up to 500 iterations
[2024-05-17T10:34:26.447991][INFO][seed150] Loaded model and info: /mnt/beegfs/rcabanas/dev/credici/papers/causal_flavour/models/simple_learner_4Q10k.uai
[2024-05-17T10:34:26.460407][INFO][seed142] Loaded 10000 data instances
[2024-05-17T10:34:26.465595][INFO][seed142] Starting learning up to 500 iterations
[2024-05-17T10:34:26.480071][INFO][seed149] Loaded model and info: /mnt/beegfs/rcabanas/dev/credici/papers/causal_flavour/models/simple_learner_4Q10k.uai
[2024-05-17T10:34:26.481169][INFO][seed146] Loaded model and info: /mnt/beegfs/rcabanas/dev/credici/papers/causal_flavour/models/simple_learner_4Q10k.uai
[2024-05-17T10:34:26.481662][INFO][seed137] Loaded model and info: /mnt/beegfs/rcabanas/dev/credici/papers/causal_flavour/models/simple_learner_4Q10k.uai
[2024-05-17T10:34:26.486225][INFO][seed139] Loaded model and info: /mnt/beegfs/rcabanas/dev/credici/papers/causal_flavour/models/simple_learner_4Q10k.uai
[2024-05-17T10:34:26.502122][INFO][seed134] Loaded model and info: /mnt/beegfs/rcabanas/dev/credici/papers/causal_flavour/models/simple_learner_4Q10k.uai
[2024-05-17T10:34:26.463200][INFO][seed135] Set up logging
[2024-05-17T10:34:26.507022][INFO][seed135] args: -m;500;-o;/mnt/beegfs/rcabanas/dev/credici/papers/causal_flavour/learntmodels/miter500;--data;/mnt/beegfs/rcabanas/dev/credici/papers/causal_flavour/data/simple_learner_4Q10k_data.csv;-rw;-s;135;/mnt/beegfs/rcabanas/dev/credici/papers/causal_flavour/models/simple_learner_4Q10k.uai
[2024-05-17T10:34:26.509711][INFO][seed143] Loaded model and info: /mnt/beegfs/rcabanas/dev/credici/papers/causal_flavour/models/simple_learner_4Q10k.uai
[2024-05-17T10:34:26.523056][INFO][seed135] Starting logger with seed 135
[2024-05-17T10:34:26.548398][INFO][seed141] Loaded model and info: /mnt/beegfs/rcabanas/dev/credici/papers/causal_flavour/models/simple_learner_4Q10k.uai
[2024-05-17T10:34:26.557017][INFO][seed123] Loaded model and info: /mnt/beegfs/rcabanas/dev/credici/papers/causal_flavour/models/simple_learner_4Q10k.uai
[2024-05-17T10:34:26.585332][INFO][seed121] Loaded 10000 data instances
[2024-05-17T10:34:26.589881][INFO][seed144] Loaded model and info: /mnt/beegfs/rcabanas/dev/credici/papers/causal_flavour/models/simple_learner_4Q10k.uai
[2024-05-17T10:34:26.592201][INFO][seed102] Loaded model and info: /mnt/beegfs/rcabanas/dev/credici/papers/causal_flavour/models/simple_learner_4Q10k.uai
[2024-05-17T10:34:26.593515][INFO][seed121] Starting learning up to 500 iterations
[2024-05-17T10:34:26.594160][INFO][seed140] Loaded model and info: /mnt/beegfs/rcabanas/dev/credici/papers/causal_flavour/models/simple_learner_4Q10k.uai
[2024-05-17T10:34:26.592258][INFO][seed138] Loaded model and info: /mnt/beegfs/rcabanas/dev/credici/papers/causal_flavour/models/simple_learner_4Q10k.uai
[2024-05-17T10:34:26.592133][INFO][seed133] Loaded model and info: /mnt/beegfs/rcabanas/dev/credici/papers/causal_flavour/models/simple_learner_4Q10k.uai
[2024-05-17T10:34:26.595739][INFO][seed122] Loaded model and info: /mnt/beegfs/rcabanas/dev/credici/papers/causal_flavour/models/simple_learner_4Q10k.uai
[2024-05-17T10:34:26.595680][INFO][seed127] Loaded model and info: /mnt/beegfs/rcabanas/dev/credici/papers/causal_flavour/models/simple_learner_4Q10k.uai
[2024-05-17T10:34:26.598144][INFO][seed116] Loaded model and info: /mnt/beegfs/rcabanas/dev/credici/papers/causal_flavour/models/simple_learner_4Q10k.uai
[2024-05-17T10:34:26.603436][INFO][seed115] Loaded model and info: /mnt/beegfs/rcabanas/dev/credici/papers/causal_flavour/models/simple_learner_4Q10k.uai
[2024-05-17T10:34:26.612526][INFO][seed129] Loaded model and info: /mnt/beegfs/rcabanas/dev/credici/papers/causal_flavour/models/simple_learner_4Q10k.uai
[2024-05-17T10:34:26.739800][INFO][seed130] Loaded 10000 data instances
[2024-05-17T10:34:26.748312][INFO][seed130] Starting learning up to 500 iterations
[2024-05-17T10:34:26.779409][INFO][seed107] Loaded 10000 data instances
[2024-05-17T10:34:26.788504][INFO][seed107] Starting learning up to 500 iterations
[2024-05-17T10:34:26.796060][INFO][seed136] Loaded 10000 data instances
[2024-05-17T10:34:26.797638][INFO][seed136] Starting learning up to 500 iterations
[2024-05-17T10:34:26.799034][INFO][seed125] Loaded 10000 data instances
[2024-05-17T10:34:26.821918][INFO][seed125] Starting learning up to 500 iterations
[2024-05-17T10:34:26.827522][INFO][seed135] Loaded model and info: /mnt/beegfs/rcabanas/dev/credici/papers/causal_flavour/models/simple_learner_4Q10k.uai
[2024-05-17T10:34:26.847132][INFO][seed148] Loaded 10000 data instances
[2024-05-17T10:34:26.847892][INFO][seed148] Starting learning up to 500 iterations
[2024-05-17T10:34:26.882395][INFO][seed120] Loaded 10000 data instances
[2024-05-17T10:34:26.883276][INFO][seed120] Starting learning up to 500 iterations
[2024-05-17T10:34:26.894291][INFO][seed137] Loaded 10000 data instances
[2024-05-17T10:34:26.901010][INFO][seed114] Loaded 10000 data instances
[2024-05-17T10:34:26.902522][INFO][seed114] Starting learning up to 500 iterations
[2024-05-17T10:34:26.902398][INFO][seed137] Starting learning up to 500 iterations
[2024-05-17T10:34:26.909217][INFO][seed147] Loaded 10000 data instances
[2024-05-17T10:34:26.910142][INFO][seed147] Starting learning up to 500 iterations
[2024-05-17T10:34:26.915547][INFO][seed139] Loaded 10000 data instances
[2024-05-17T10:34:26.916293][INFO][seed139] Starting learning up to 500 iterations
[2024-05-17T10:34:26.923835][INFO][seed150] Loaded 10000 data instances
[2024-05-17T10:34:26.924711][INFO][seed150] Starting learning up to 500 iterations
[2024-05-17T10:34:26.930552][INFO][seed149] Loaded 10000 data instances
[2024-05-17T10:34:26.931336][INFO][seed149] Starting learning up to 500 iterations
[2024-05-17T10:34:26.940400][INFO][seed134] Loaded 10000 data instances
[2024-05-17T10:34:26.941169][INFO][seed134] Starting learning up to 500 iterations
[2024-05-17T10:34:26.943491][INFO][seed102] Loaded 10000 data instances
[2024-05-17T10:34:26.944626][INFO][seed102] Starting learning up to 500 iterations
[2024-05-17T10:34:26.944556][INFO][seed138] Loaded 10000 data instances
[2024-05-17T10:34:26.945383][INFO][seed138] Starting learning up to 500 iterations
[2024-05-17T10:34:26.946856][INFO][seed106] Loaded model and info: /mnt/beegfs/rcabanas/dev/credici/papers/causal_flavour/models/simple_learner_4Q10k.uai
[2024-05-17T10:34:26.954110][INFO][seed144] Loaded 10000 data instances
[2024-05-17T10:34:26.955174][INFO][seed115] Loaded 10000 data instances
[2024-05-17T10:34:26.955909][INFO][seed115] Starting learning up to 500 iterations
[2024-05-17T10:34:26.956190][INFO][seed116] Loaded 10000 data instances
[2024-05-17T10:34:26.957112][INFO][seed133] Loaded 10000 data instances
[2024-05-17T10:34:26.959826][INFO][seed133] Starting learning up to 500 iterations
[2024-05-17T10:34:26.960220][INFO][seed116] Starting learning up to 500 iterations
[2024-05-17T10:34:26.964870][INFO][seed146] Loaded 10000 data instances
[2024-05-17T10:34:26.965998][INFO][seed140] Loaded 10000 data instances
[2024-05-17T10:34:26.966634][INFO][seed144] Starting learning up to 500 iterations
[2024-05-17T10:34:26.967685][INFO][seed140] Starting learning up to 500 iterations
[2024-05-17T10:34:26.967979][INFO][seed146] Starting learning up to 500 iterations
[2024-05-17T10:34:26.969621][INFO][seed101] Loaded 10000 data instances
[2024-05-17T10:34:26.971048][INFO][seed101] Starting learning up to 500 iterations
[2024-05-17T10:34:27.018968][INFO][seed143] Loaded 10000 data instances
[2024-05-17T10:34:27.020121][INFO][seed143] Starting learning up to 500 iterations
[2024-05-17T10:34:27.034710][INFO][seed122] Loaded 10000 data instances
[2024-05-17T10:34:27.042463][INFO][seed122] Starting learning up to 500 iterations
[2024-05-17T10:34:27.060422][INFO][seed141] Loaded 10000 data instances
[2024-05-17T10:34:27.061759][INFO][seed141] Starting learning up to 500 iterations
[2024-05-17T10:34:27.084616][INFO][seed127] Loaded 10000 data instances
[2024-05-17T10:34:27.085714][INFO][seed127] Starting learning up to 500 iterations
[2024-05-17T10:34:27.112211][INFO][seed129] Loaded 10000 data instances
[2024-05-17T10:34:27.114401][INFO][seed129] Starting learning up to 500 iterations
[2024-05-17T10:34:27.130207][INFO][seed123] Loaded 10000 data instances
[2024-05-17T10:34:27.140310][INFO][seed123] Starting learning up to 500 iterations
[2024-05-17T10:34:27.419508][INFO][seed135] Loaded 10000 data instances
[2024-05-17T10:34:27.421869][INFO][seed135] Starting learning up to 500 iterations
[2024-05-17T10:34:27.442146][INFO][seed106] Loaded 10000 data instances
[2024-05-17T10:34:27.447101][INFO][seed106] Starting learning up to 500 iterations
[2024-05-17T10:47:34.752118][INFO][seed148] Ellapsed time: 787891.ms
[2024-05-17T10:47:34.800487][INFO][seed148] Saved model at /mnt/beegfs/rcabanas/dev/credici/papers/causal_flavour/learntmodels/miter500/simple_learner_4Q10k/model_148.uai
[2024-05-17T10:47:34.800847][INFO][seed148] Closing log file
[2024-05-17T10:47:34.800966][INFO][seed148] Closed log file
['learn.py', '500', '145']
seed=145
/mnt/beegfs/rcabanas/dev/credici
/mnt/beegfs/rcabanas/dev/credici/papers/causal_flavour
/mnt/beegfs/rcabanas/dev/credici/papers/causal_flavour/learntmodels
/mnt/beegfs/rcabanas/dev/credici/papers/causal_flavour/models
/mnt/beegfs/rcabanas/dev/credici/target/credici-0.1.5-dev-SNAPSHOT-jar-with-dependencies.jar
/mnt/beegfs/rcabanas/dev/credici/papers/causal_flavour/code/LearnCF.java
[2024-05-17T10:47:37.390144][INFO][seed145] Set up logging
[2024-05-17T10:47:37.412173][INFO][seed145] args: -m;500;-o;/mnt/beegfs/rcabanas/dev/credici/papers/causal_flavour/learntmodels/miter500;--data;/mnt/beegfs/rcabanas/dev/credici/papers/causal_flavour/data/simple_learner_4Q10k_data.csv;-rw;-s;145;/mnt/beegfs/rcabanas/dev/credici/papers/causal_flavour/models/simple_learner_4Q10k.uai
[2024-05-17T10:47:37.424510][INFO][seed145] Starting logger with seed 145
[2024-05-17T10:47:37.666832][INFO][seed145] Loaded model and info: /mnt/beegfs/rcabanas/dev/credici/papers/causal_flavour/models/simple_learner_4Q10k.uai
[2024-05-17T10:47:38.039934][INFO][seed145] Loaded 10000 data instances
[2024-05-17T10:47:38.048377][INFO][seed145] Starting learning up to 500 iterations
[2024-05-17T10:47:48.732621][INFO][seed136] Ellapsed time: 801895.ms
[2024-05-17T10:47:48.777322][INFO][seed136] Saved model at /mnt/beegfs/rcabanas/dev/credici/papers/causal_flavour/learntmodels/miter500/simple_learner_4Q10k/model_136.uai
[2024-05-17T10:47:48.777696][INFO][seed136] Closing log file
[2024-05-17T10:47:48.777822][INFO][seed136] Closed log file
[2024-05-17T10:50:39.754171][INFO][seed115] Ellapsed time: 972775.ms
[2024-05-17T10:50:39.813927][INFO][seed115] Saved model at /mnt/beegfs/rcabanas/dev/credici/papers/causal_flavour/learntmodels/miter500/simple_learner_4Q10k/model_115.uai
[2024-05-17T10:50:39.814473][INFO][seed115] Closing log file
[2024-05-17T10:50:39.814602][INFO][seed115] Closed log file
[2024-05-17T10:50:43.382530][INFO][seed126] Ellapsed time: 977724.ms
[2024-05-17T10:50:43.418204][INFO][seed126] Saved model at /mnt/beegfs/rcabanas/dev/credici/papers/causal_flavour/learntmodels/miter500/simple_learner_4Q10k/model_126.uai
[2024-05-17T10:50:43.418616][INFO][seed126] Closing log file
[2024-05-17T10:50:43.419072][INFO][seed126] Closed log file
[2024-05-17T10:50:44.254906][INFO][seed144] Ellapsed time: 977278.ms
[2024-05-17T10:50:44.286827][INFO][seed144] Saved model at /mnt/beegfs/rcabanas/dev/credici/papers/causal_flavour/learntmodels/miter500/simple_learner_4Q10k/model_144.uai
[2024-05-17T10:50:44.287153][INFO][seed144] Closing log file
[2024-05-17T10:50:44.287278][INFO][seed144] Closed log file
[2024-05-17T10:50:50.112974][INFO][seed133] Ellapsed time: 983115.ms
[2024-05-17T10:50:50.154803][INFO][seed133] Saved model at /mnt/beegfs/rcabanas/dev/credici/papers/causal_flavour/learntmodels/miter500/simple_learner_4Q10k/model_133.uai
[2024-05-17T10:50:50.155136][INFO][seed133] Closing log file
[2024-05-17T10:50:50.155269][INFO][seed133] Closed log file
[2024-05-17T10:50:53.176959][INFO][seed116] Ellapsed time: 986196.ms
[2024-05-17T10:50:53.225975][INFO][seed116] Saved model at /mnt/beegfs/rcabanas/dev/credici/papers/causal_flavour/learntmodels/miter500/simple_learner_4Q10k/model_116.uai
[2024-05-17T10:50:53.226266][INFO][seed116] Closing log file
[2024-05-17T10:50:53.226391][INFO][seed116] Closed log file
[2024-05-17T10:50:58.856342][INFO][seed138] Ellapsed time: 991876.ms
[2024-05-17T10:50:58.887108][INFO][seed138] Saved model at /mnt/beegfs/rcabanas/dev/credici/papers/causal_flavour/learntmodels/miter500/simple_learner_4Q10k/model_138.uai
[2024-05-17T10:50:58.887303][INFO][seed138] Closing log file
[2024-05-17T10:50:58.887425][INFO][seed138] Closed log file
[2024-05-17T10:51:04.051166][INFO][seed102] Ellapsed time: 997090.ms
[2024-05-17T10:51:04.116278][INFO][seed102] Saved model at /mnt/beegfs/rcabanas/dev/credici/papers/causal_flavour/learntmodels/miter500/simple_learner_4Q10k/model_102.uai
[2024-05-17T10:51:04.116613][INFO][seed102] Closing log file
[2024-05-17T10:51:04.116741][INFO][seed102] Closed log file
[2024-05-17T10:51:13.918917][INFO][seed140] Ellapsed time: 1006931.ms
[2024-05-17T10:51:13.975630][INFO][seed140] Saved model at /mnt/beegfs/rcabanas/dev/credici/papers/causal_flavour/learntmodels/miter500/simple_learner_4Q10k/model_140.uai
[2024-05-17T10:51:13.975915][INFO][seed140] Closing log file
[2024-05-17T10:51:13.976040][INFO][seed140] Closed log file
[2024-05-17T10:52:48.425303][INFO][seed120] Ellapsed time: 1101506.ms
[2024-05-17T10:52:48.457939][INFO][seed120] Saved model at /mnt/beegfs/rcabanas/dev/credici/papers/causal_flavour/learntmodels/miter500/simple_learner_4Q10k/model_120.uai
[2024-05-17T10:52:48.458332][INFO][seed120] Closing log file
[2024-05-17T10:52:48.458471][INFO][seed120] Closed log file
[2024-05-17T10:52:54.010757][INFO][seed139] Ellapsed time: 1107078.ms
[2024-05-17T10:52:54.054260][INFO][seed139] Saved model at /mnt/beegfs/rcabanas/dev/credici/papers/causal_flavour/learntmodels/miter500/simple_learner_4Q10k/model_139.uai
[2024-05-17T10:52:54.054608][INFO][seed139] Closing log file
[2024-05-17T10:52:54.054730][INFO][seed139] Closed log file
[2024-05-17T10:52:56.925674][INFO][seed147] Ellapsed time: 1109994.ms
[2024-05-17T10:52:56.984049][INFO][seed147] Saved model at /mnt/beegfs/rcabanas/dev/credici/papers/causal_flavour/learntmodels/miter500/simple_learner_4Q10k/model_147.uai
[2024-05-17T10:52:56.984380][INFO][seed147] Closing log file
[2024-05-17T10:52:56.984514][INFO][seed147] Closed log file
[2024-05-17T10:53:00.058183][INFO][seed149] Ellapsed time: 1113104.ms
[2024-05-17T10:53:00.112539][INFO][seed149] Saved model at /mnt/beegfs/rcabanas/dev/credici/papers/causal_flavour/learntmodels/miter500/simple_learner_4Q10k/model_149.uai
[2024-05-17T10:53:00.112913][INFO][seed149] Closing log file
[2024-05-17T10:53:00.113039][INFO][seed149] Closed log file
[2024-05-17T10:53:07.704984][INFO][seed150] Ellapsed time: 1120737.ms
[2024-05-17T10:53:07.741037][INFO][seed150] Saved model at /mnt/beegfs/rcabanas/dev/credici/papers/causal_flavour/learntmodels/miter500/simple_learner_4Q10k/model_150.uai
[2024-05-17T10:53:07.741463][INFO][seed150] Closing log file
[2024-05-17T10:53:07.741578][INFO][seed150] Closed log file
[2024-05-17T10:53:10.384794][INFO][seed146] Ellapsed time: 1123381.ms
[2024-05-17T10:53:10.432571][INFO][seed146] Saved model at /mnt/beegfs/rcabanas/dev/credici/papers/causal_flavour/learntmodels/miter500/simple_learner_4Q10k/model_146.uai
[2024-05-17T10:53:10.432925][INFO][seed146] Closing log file
[2024-05-17T10:53:10.433049][INFO][seed146] Closed log file
[2024-05-17T10:53:12.632908][INFO][seed134] Ellapsed time: 1125679.ms
[2024-05-17T10:53:12.697147][INFO][seed134] Saved model at /mnt/beegfs/rcabanas/dev/credici/papers/causal_flavour/learntmodels/miter500/simple_learner_4Q10k/model_134.uai
[2024-05-17T10:53:12.697516][INFO][seed134] Closing log file
[2024-05-17T10:53:12.697638][INFO][seed134] Closed log file
[2024-05-17T10:53:19.959308][INFO][seed137] Ellapsed time: 1133033.ms
[2024-05-17T10:53:20.002069][INFO][seed137] Saved model at /mnt/beegfs/rcabanas/dev/credici/papers/causal_flavour/learntmodels/miter500/simple_learner_4Q10k/model_137.uai
[2024-05-17T10:53:20.002361][INFO][seed137] Closing log file
[2024-05-17T10:53:20.002496][INFO][seed137] Closed log file
[2024-05-17T10:53:52.918401][INFO][seed112] Ellapsed time: 1167026.ms
[2024-05-17T10:53:52.971193][INFO][seed112] Saved model at /mnt/beegfs/rcabanas/dev/credici/papers/causal_flavour/learntmodels/miter500/simple_learner_4Q10k/model_112.uai
[2024-05-17T10:53:52.971707][INFO][seed112] Closing log file
[2024-05-17T10:53:52.971851][INFO][seed112] Closed log file
[2024-05-17T10:54:00.513101][INFO][seed119] Ellapsed time: 1174326.ms
[2024-05-17T10:54:00.585226][INFO][seed119] Saved model at /mnt/beegfs/rcabanas/dev/credici/papers/causal_flavour/learntmodels/miter500/simple_learner_4Q10k/model_119.uai
[2024-05-17T10:54:00.585764][INFO][seed119] Closing log file
[2024-05-17T10:54:00.585892][INFO][seed119] Closed log file
[2024-05-17T10:54:02.466351][INFO][seed121] Ellapsed time: 1175854.ms
[2024-05-17T10:54:02.503698][INFO][seed121] Saved model at /mnt/beegfs/rcabanas/dev/credici/papers/causal_flavour/learntmodels/miter500/simple_learner_4Q10k/model_121.uai
[2024-05-17T10:54:02.504048][INFO][seed121] Closing log file
[2024-05-17T10:54:02.504189][INFO][seed121] Closed log file
[2024-05-17T10:54:04.672346][INFO][seed118] Ellapsed time: 1178694.ms
[2024-05-17T10:54:04.705711][INFO][seed118] Saved model at /mnt/beegfs/rcabanas/dev/credici/papers/causal_flavour/learntmodels/miter500/simple_learner_4Q10k/model_118.uai
[2024-05-17T10:54:04.706005][INFO][seed118] Closing log file
[2024-05-17T10:54:04.706135][INFO][seed118] Closed log file
[2024-05-17T10:54:16.039613][INFO][seed117] Ellapsed time: 1190000.ms
[2024-05-17T10:54:16.093839][INFO][seed117] Saved model at /mnt/beegfs/rcabanas/dev/credici/papers/causal_flavour/learntmodels/miter500/simple_learner_4Q10k/model_117.uai
[2024-05-17T10:54:16.094171][INFO][seed117] Closing log file
[2024-05-17T10:54:16.094296][INFO][seed117] Closed log file
[2024-05-17T10:54:16.626084][INFO][seed128] Ellapsed time: 1190283.ms
[2024-05-17T10:54:16.664850][INFO][seed128] Saved model at /mnt/beegfs/rcabanas/dev/credici/papers/causal_flavour/learntmodels/miter500/simple_learner_4Q10k/model_128.uai
[2024-05-17T10:54:16.665117][INFO][seed128] Closing log file
[2024-05-17T10:54:16.665240][INFO][seed128] Closed log file
[2024-05-17T10:54:24.735455][INFO][seed105] Ellapsed time: 1198506.ms
[2024-05-17T10:54:24.786742][INFO][seed105] Saved model at /mnt/beegfs/rcabanas/dev/credici/papers/causal_flavour/learntmodels/miter500/simple_learner_4Q10k/model_105.uai
[2024-05-17T10:54:24.787025][INFO][seed105] Closing log file
[2024-05-17T10:54:24.787146][INFO][seed105] Closed log file
[2024-05-17T10:54:27.556565][INFO][seed110] Ellapsed time: 1201068.ms
[2024-05-17T10:54:27.596357][INFO][seed110] Saved model at /mnt/beegfs/rcabanas/dev/credici/papers/causal_flavour/learntmodels/miter500/simple_learner_4Q10k/model_110.uai
[2024-05-17T10:54:27.596602][INFO][seed110] Closing log file
[2024-05-17T10:54:27.596724][INFO][seed110] Closed log file
[2024-05-17T10:56:28.013270][INFO][seed127] Ellapsed time: 1320904.ms
[2024-05-17T10:56:28.058684][INFO][seed127] Saved model at /mnt/beegfs/rcabanas/dev/credici/papers/causal_flavour/learntmodels/miter500/simple_learner_4Q10k/model_127.uai
[2024-05-17T10:56:28.059152][INFO][seed127] Closing log file
[2024-05-17T10:56:28.059312][INFO][seed127] Closed log file
[2024-05-17T10:56:28.438972][INFO][seed111] Ellapsed time: 1322453.ms
[2024-05-17T10:56:28.483212][INFO][seed111] Saved model at /mnt/beegfs/rcabanas/dev/credici/papers/causal_flavour/learntmodels/miter500/simple_learner_4Q10k/model_111.uai
[2024-05-17T10:56:28.483661][INFO][seed111] Closing log file
[2024-05-17T10:56:28.483855][INFO][seed111] Closed log file
[2024-05-17T10:56:32.542862][INFO][seed143] Ellapsed time: 1325501.ms
[2024-05-17T10:56:32.607735][INFO][seed143] Saved model at /mnt/beegfs/rcabanas/dev/credici/papers/causal_flavour/learntmodels/miter500/simple_learner_4Q10k/model_143.uai
[2024-05-17T10:56:32.608131][INFO][seed143] Closing log file
[2024-05-17T10:56:32.608278][INFO][seed143] Closed log file
[2024-05-17T10:56:34.966544][INFO][seed103] Ellapsed time: 1328976.ms
[2024-05-17T10:56:35.014959][INFO][seed103] Saved model at /mnt/beegfs/rcabanas/dev/credici/papers/causal_flavour/learntmodels/miter500/simple_learner_4Q10k/model_103.uai
[2024-05-17T10:56:35.015382][INFO][seed103] Closing log file
[2024-05-17T10:56:35.015536][INFO][seed103] Closed log file
[2024-05-17T10:56:35.110563][INFO][seed130] Ellapsed time: 1328342.ms
[2024-05-17T10:56:35.168250][INFO][seed130] Saved model at /mnt/beegfs/rcabanas/dev/credici/papers/causal_flavour/learntmodels/miter500/simple_learner_4Q10k/model_130.uai
[2024-05-17T10:56:35.168595][INFO][seed130] Closing log file
[2024-05-17T10:56:35.168719][INFO][seed130] Closed log file
[2024-05-17T10:56:36.265944][INFO][seed108] Ellapsed time: 1330369.ms
[2024-05-17T10:56:36.298461][INFO][seed108] Saved model at /mnt/beegfs/rcabanas/dev/credici/papers/causal_flavour/learntmodels/miter500/simple_learner_4Q10k/model_108.uai
[2024-05-17T10:56:36.298765][INFO][seed108] Closing log file
[2024-05-17T10:56:36.298890][INFO][seed108] Closed log file
[2024-05-17T10:56:36.594400][INFO][seed113] Ellapsed time: 1330641.ms
[2024-05-17T10:56:36.624021][INFO][seed113] Saved model at /mnt/beegfs/rcabanas/dev/credici/papers/causal_flavour/learntmodels/miter500/simple_learner_4Q10k/model_113.uai
[2024-05-17T10:56:36.624207][INFO][seed113] Closing log file
[2024-05-17T10:56:36.624333][INFO][seed113] Closed log file
[2024-05-17T10:56:38.224148][INFO][seed141] Ellapsed time: 1331138.ms
[2024-05-17T10:56:38.295822][INFO][seed141] Saved model at /mnt/beegfs/rcabanas/dev/credici/papers/causal_flavour/learntmodels/miter500/simple_learner_4Q10k/model_141.uai
[2024-05-17T10:56:38.296158][INFO][seed141] Closing log file
[2024-05-17T10:56:38.296286][INFO][seed141] Closed log file
[2024-05-17T10:56:39.916794][INFO][seed101] Ellapsed time: 1332906.ms
[2024-05-17T10:56:39.944537][INFO][seed101] Saved model at /mnt/beegfs/rcabanas/dev/credici/papers/causal_flavour/learntmodels/miter500/simple_learner_4Q10k/model_101.uai
[2024-05-17T10:56:39.944772][INFO][seed101] Closing log file
[2024-05-17T10:56:39.944893][INFO][seed101] Closed log file
[2024-05-17T10:56:44.160908][INFO][seed107] Ellapsed time: 1337353.ms
[2024-05-17T10:56:44.211603][INFO][seed107] Saved model at /mnt/beegfs/rcabanas/dev/credici/papers/causal_flavour/learntmodels/miter500/simple_learner_4Q10k/model_107.uai
[2024-05-17T10:56:44.211852][INFO][seed107] Closing log file
[2024-05-17T10:56:44.211980][INFO][seed107] Closed log file
[2024-05-17T10:56:44.374254][INFO][seed142] Ellapsed time: 1337888.ms
[2024-05-17T10:56:44.412321][INFO][seed142] Saved model at /mnt/beegfs/rcabanas/dev/credici/papers/causal_flavour/learntmodels/miter500/simple_learner_4Q10k/model_142.uai
[2024-05-17T10:56:44.412527][INFO][seed142] Closing log file
[2024-05-17T10:56:44.412644][INFO][seed142] Closed log file
[2024-05-17T10:56:49.751793][INFO][seed100] Ellapsed time: 1343772.ms
[2024-05-17T10:56:49.801277][INFO][seed100] Saved model at /mnt/beegfs/rcabanas/dev/credici/papers/causal_flavour/learntmodels/miter500/simple_learner_4Q10k/model_100.uai
[2024-05-17T10:56:49.801574][INFO][seed100] Closing log file
[2024-05-17T10:56:49.801692][INFO][seed100] Closed log file
[2024-05-17T10:56:50.332646][INFO][seed109] Ellapsed time: 1344493.ms
[2024-05-17T10:56:50.367252][INFO][seed109] Saved model at /mnt/beegfs/rcabanas/dev/credici/papers/causal_flavour/learntmodels/miter500/simple_learner_4Q10k/model_109.uai
[2024-05-17T10:56:50.367526][INFO][seed109] Closing log file
[2024-05-17T10:56:50.367646][INFO][seed109] Closed log file
[2024-05-17T10:56:54.726419][INFO][seed106] Ellapsed time: 1347247.ms
[2024-05-17T10:56:54.761034][INFO][seed106] Saved model at /mnt/beegfs/rcabanas/dev/credici/papers/causal_flavour/learntmodels/miter500/simple_learner_4Q10k/model_106.uai
[2024-05-17T10:56:54.761277][INFO][seed106] Closing log file
[2024-05-17T10:56:54.761399][INFO][seed106] Closed log file
[2024-05-17T10:56:57.124949][INFO][seed104] Ellapsed time: 1351386.ms
[2024-05-17T10:56:57.158017][INFO][seed104] Saved model at /mnt/beegfs/rcabanas/dev/credici/papers/causal_flavour/learntmodels/miter500/simple_learner_4Q10k/model_104.uai
[2024-05-17T10:56:57.158221][INFO][seed104] Closing log file
[2024-05-17T10:56:57.158342][INFO][seed104] Closed log file
[2024-05-17T10:57:05.915507][INFO][seed122] Ellapsed time: 1358848.ms
[2024-05-17T10:57:05.945991][INFO][seed122] Saved model at /mnt/beegfs/rcabanas/dev/credici/papers/causal_flavour/learntmodels/miter500/simple_learner_4Q10k/model_122.uai
[2024-05-17T10:57:05.946169][INFO][seed122] Closing log file
[2024-05-17T10:57:05.946286][INFO][seed122] Closed log file
[2024-05-17T10:58:10.154636][INFO][seed114] Ellapsed time: 1423224.ms
[2024-05-17T10:58:10.206820][INFO][seed114] Saved model at /mnt/beegfs/rcabanas/dev/credici/papers/causal_flavour/learntmodels/miter500/simple_learner_4Q10k/model_114.uai
[2024-05-17T10:58:10.207098][INFO][seed114] Closing log file
[2024-05-17T10:58:10.207231][INFO][seed114] Closed log file
[2024-05-17T10:58:11.067015][INFO][seed135] Ellapsed time: 1423622.ms
[2024-05-17T10:58:11.115159][INFO][seed135] Saved model at /mnt/beegfs/rcabanas/dev/credici/papers/causal_flavour/learntmodels/miter500/simple_learner_4Q10k/model_135.uai
[2024-05-17T10:58:11.115398][INFO][seed135] Closing log file
[2024-05-17T10:58:11.115539][INFO][seed135] Closed log file
[2024-05-17T10:58:19.641027][INFO][seed124] Ellapsed time: 1433237.ms
[2024-05-17T10:58:19.692265][INFO][seed124] Saved model at /mnt/beegfs/rcabanas/dev/credici/papers/causal_flavour/learntmodels/miter500/simple_learner_4Q10k/model_124.uai
[2024-05-17T10:58:19.692521][INFO][seed124] Closing log file
[2024-05-17T10:58:19.692639][INFO][seed124] Closed log file
[2024-05-17T10:58:21.698448][INFO][seed132] Ellapsed time: 1435643.ms
[2024-05-17T10:58:21.730621][INFO][seed132] Saved model at /mnt/beegfs/rcabanas/dev/credici/papers/causal_flavour/learntmodels/miter500/simple_learner_4Q10k/model_132.uai
[2024-05-17T10:58:21.730823][INFO][seed132] Closing log file
[2024-05-17T10:58:21.730936][INFO][seed132] Closed log file
[2024-05-17T10:58:25.170507][INFO][seed123] Ellapsed time: 1438010.ms
[2024-05-17T10:58:25.219070][INFO][seed123] Saved model at /mnt/beegfs/rcabanas/dev/credici/papers/causal_flavour/learntmodels/miter500/simple_learner_4Q10k/model_123.uai
[2024-05-17T10:58:25.219567][INFO][seed123] Closing log file
[2024-05-17T10:58:25.219682][INFO][seed123] Closed log file
[2024-05-17T10:58:27.357858][INFO][seed125] Ellapsed time: 1440521.ms
[2024-05-17T10:58:27.394240][INFO][seed125] Saved model at /mnt/beegfs/rcabanas/dev/credici/papers/causal_flavour/learntmodels/miter500/simple_learner_4Q10k/model_125.uai
[2024-05-17T10:58:27.394462][INFO][seed125] Closing log file
[2024-05-17T10:58:27.394578][INFO][seed125] Closed log file
[2024-05-17T10:58:30.945754][INFO][seed131] Ellapsed time: 1444667.ms
[2024-05-17T10:58:30.981088][INFO][seed131] Saved model at /mnt/beegfs/rcabanas/dev/credici/papers/causal_flavour/learntmodels/miter500/simple_learner_4Q10k/model_131.uai
[2024-05-17T10:58:30.981299][INFO][seed131] Closing log file
[2024-05-17T10:58:30.981422][INFO][seed131] Closed log file
[2024-05-17T10:58:44.641837][INFO][seed129] Ellapsed time: 1457502.ms
[2024-05-17T10:58:44.689651][INFO][seed129] Saved model at /mnt/beegfs/rcabanas/dev/credici/papers/causal_flavour/learntmodels/miter500/simple_learner_4Q10k/model_129.uai
[2024-05-17T10:58:44.689852][INFO][seed129] Closing log file
[2024-05-17T10:58:44.689975][INFO][seed129] Closed log file
[2024-05-17T11:00:19.894688][INFO][seed145] Ellapsed time: 761816.ms
[2024-05-17T11:00:19.931203][INFO][seed145] Saved model at /mnt/beegfs/rcabanas/dev/credici/papers/causal_flavour/learntmodels/miter500/simple_learner_4Q10k/model_145.uai
[2024-05-17T11:00:19.931465][INFO][seed145] Closing log file
[2024-05-17T11:00:19.931585][INFO][seed145] Closed log file
