100
1500
['learn.py', '1500', '101']
['learn.py', '1500', '128']
['learn.py', '1500', '115']
seed=128
seed=101
/mnt/beegfs/rcabanas/dev/credici
/mnt/beegfs/rcabanas/dev/credici/papers/causal_flavour
/mnt/beegfs/rcabanas/dev/credici/papers/causal_flavour/learntmodels
/mnt/beegfs/rcabanas/dev/credici/papers/causal_flavour/models
/mnt/beegfs/rcabanas/dev/credici/target/credici-0.1.5-dev-SNAPSHOT-jar-with-dependencies.jar
/mnt/beegfs/rcabanas/dev/credici
seed=115
/mnt/beegfs/rcabanas/dev/credici/papers/causal_flavour/code/LearnCF.java
/mnt/beegfs/rcabanas/dev/credici/papers/causal_flavour
/mnt/beegfs/rcabanas/dev/credici
/mnt/beegfs/rcabanas/dev/credici/papers/causal_flavour
/mnt/beegfs/rcabanas/dev/credici/papers/causal_flavour/learntmodels
/mnt/beegfs/rcabanas/dev/credici/papers/causal_flavour/models
/mnt/beegfs/rcabanas/dev/credici/target/credici-0.1.5-dev-SNAPSHOT-jar-with-dependencies.jar
/mnt/beegfs/rcabanas/dev/credici/papers/causal_flavour/code/LearnCF.java
/mnt/beegfs/rcabanas/dev/credici/papers/causal_flavour/learntmodels
/mnt/beegfs/rcabanas/dev/credici/papers/causal_flavour/models
/mnt/beegfs/rcabanas/dev/credici/target/credici-0.1.5-dev-SNAPSHOT-jar-with-dependencies.jar
/mnt/beegfs/rcabanas/dev/credici/papers/causal_flavour/code/LearnCF.java
['learn.py', '1500', '111']
['learn.py', '1500', '106']
['learn.py', '1500', '131']
['learn.py', '1500', '105']
seed=111
/mnt/beegfs/rcabanas/dev/credici
/mnt/beegfs/rcabanas/dev/credici/papers/causal_flavour
/mnt/beegfs/rcabanas/dev/credici/papers/causal_flavour/learntmodels
/mnt/beegfs/rcabanas/dev/credici/papers/causal_flavour/models
/mnt/beegfs/rcabanas/dev/credici/target/credici-0.1.5-dev-SNAPSHOT-jar-with-dependencies.jar
/mnt/beegfs/rcabanas/dev/credici/papers/causal_flavour/code/LearnCF.java
seed=106
/mnt/beegfs/rcabanas/dev/credici
/mnt/beegfs/rcabanas/dev/credici/papers/causal_flavour
/mnt/beegfs/rcabanas/dev/credici/papers/causal_flavour/learntmodels
/mnt/beegfs/rcabanas/dev/credici/papers/causal_flavour/models
/mnt/beegfs/rcabanas/dev/credici/target/credici-0.1.5-dev-SNAPSHOT-jar-with-dependencies.jar
/mnt/beegfs/rcabanas/dev/credici/papers/causal_flavour/code/LearnCF.java
['learn.py', '1500', '116']
seed=131
/mnt/beegfs/rcabanas/dev/credici
/mnt/beegfs/rcabanas/dev/credici/papers/causal_flavour
/mnt/beegfs/rcabanas/dev/credici/papers/causal_flavour/learntmodels
/mnt/beegfs/rcabanas/dev/credici/papers/causal_flavour/models
/mnt/beegfs/rcabanas/dev/credici/target/credici-0.1.5-dev-SNAPSHOT-jar-with-dependencies.jar
seed=105
/mnt/beegfs/rcabanas/dev/credici
/mnt/beegfs/rcabanas/dev/credici/papers/causal_flavour
/mnt/beegfs/rcabanas/dev/credici/papers/causal_flavour/learntmodels
/mnt/beegfs/rcabanas/dev/credici/papers/causal_flavour/models
/mnt/beegfs/rcabanas/dev/credici/target/credici-0.1.5-dev-SNAPSHOT-jar-with-dependencies.jar
/mnt/beegfs/rcabanas/dev/credici/papers/causal_flavour/code/LearnCF.java
/mnt/beegfs/rcabanas/dev/credici/papers/causal_flavour/code/LearnCF.java
['learn.py', '1500', '102']
seed=116
/mnt/beegfs/rcabanas/dev/credici
/mnt/beegfs/rcabanas/dev/credici/papers/causal_flavour
/mnt/beegfs/rcabanas/dev/credici/papers/causal_flavour/learntmodels
/mnt/beegfs/rcabanas/dev/credici/papers/causal_flavour/models
/mnt/beegfs/rcabanas/dev/credici/target/credici-0.1.5-dev-SNAPSHOT-jar-with-dependencies.jar
/mnt/beegfs/rcabanas/dev/credici/papers/causal_flavour/code/LearnCF.java
['learn.py', '1500', '104']
['learn.py', '1500', '108']
seed=102
/mnt/beegfs/rcabanas/dev/credici
/mnt/beegfs/rcabanas/dev/credici/papers/causal_flavour
/mnt/beegfs/rcabanas/dev/credici/papers/causal_flavour/learntmodels
/mnt/beegfs/rcabanas/dev/credici/papers/causal_flavour/models
/mnt/beegfs/rcabanas/dev/credici/target/credici-0.1.5-dev-SNAPSHOT-jar-with-dependencies.jar
/mnt/beegfs/rcabanas/dev/credici/papers/causal_flavour/code/LearnCF.java
['learn.py', '1500', '103']
seed=104
/mnt/beegfs/rcabanas/dev/credici
/mnt/beegfs/rcabanas/dev/credici/papers/causal_flavour
/mnt/beegfs/rcabanas/dev/credici/papers/causal_flavour/learntmodels
/mnt/beegfs/rcabanas/dev/credici/papers/causal_flavour/models
/mnt/beegfs/rcabanas/dev/credici/target/credici-0.1.5-dev-SNAPSHOT-jar-with-dependencies.jar
/mnt/beegfs/rcabanas/dev/credici/papers/causal_flavour/code/LearnCF.java
seed=108
/mnt/beegfs/rcabanas/dev/credici
/mnt/beegfs/rcabanas/dev/credici/papers/causal_flavour
/mnt/beegfs/rcabanas/dev/credici/papers/causal_flavour/learntmodels
/mnt/beegfs/rcabanas/dev/credici/papers/causal_flavour/models
/mnt/beegfs/rcabanas/dev/credici/target/credici-0.1.5-dev-SNAPSHOT-jar-with-dependencies.jar
/mnt/beegfs/rcabanas/dev/credici/papers/causal_flavour/code/LearnCF.java
['learn.py', '1500', '130']
seed=103
/mnt/beegfs/rcabanas/dev/credici
/mnt/beegfs/rcabanas/dev/credici/papers/causal_flavour
/mnt/beegfs/rcabanas/dev/credici/papers/causal_flavour/learntmodels
/mnt/beegfs/rcabanas/dev/credici/papers/causal_flavour/models
/mnt/beegfs/rcabanas/dev/credici/target/credici-0.1.5-dev-SNAPSHOT-jar-with-dependencies.jar
/mnt/beegfs/rcabanas/dev/credici/papers/causal_flavour/code/LearnCF.java
['learn.py', '1500', '112']
['learn.py', '1500', '107']
seed=130
/mnt/beegfs/rcabanas/dev/credici
/mnt/beegfs/rcabanas/dev/credici/papers/causal_flavour
/mnt/beegfs/rcabanas/dev/credici/papers/causal_flavour/learntmodels
/mnt/beegfs/rcabanas/dev/credici/papers/causal_flavour/models
/mnt/beegfs/rcabanas/dev/credici/target/credici-0.1.5-dev-SNAPSHOT-jar-with-dependencies.jar
/mnt/beegfs/rcabanas/dev/credici/papers/causal_flavour/code/LearnCF.java
['learn.py', '1500', '121']
['learn.py', '1500', '113']
seed=112
/mnt/beegfs/rcabanas/dev/credici
/mnt/beegfs/rcabanas/dev/credici/papers/causal_flavour
/mnt/beegfs/rcabanas/dev/credici/papers/causal_flavour/learntmodels
/mnt/beegfs/rcabanas/dev/credici/papers/causal_flavour/models
/mnt/beegfs/rcabanas/dev/credici/target/credici-0.1.5-dev-SNAPSHOT-jar-with-dependencies.jar
/mnt/beegfs/rcabanas/dev/credici/papers/causal_flavour/code/LearnCF.java
seed=107
/mnt/beegfs/rcabanas/dev/credici
/mnt/beegfs/rcabanas/dev/credici/papers/causal_flavour
/mnt/beegfs/rcabanas/dev/credici/papers/causal_flavour/learntmodels
/mnt/beegfs/rcabanas/dev/credici/papers/causal_flavour/models
/mnt/beegfs/rcabanas/dev/credici/target/credici-0.1.5-dev-SNAPSHOT-jar-with-dependencies.jar
/mnt/beegfs/rcabanas/dev/credici/papers/causal_flavour/code/LearnCF.java
seed=121
/mnt/beegfs/rcabanas/dev/credici
/mnt/beegfs/rcabanas/dev/credici/papers/causal_flavour
/mnt/beegfs/rcabanas/dev/credici/papers/causal_flavour/learntmodels
/mnt/beegfs/rcabanas/dev/credici/papers/causal_flavour/models
/mnt/beegfs/rcabanas/dev/credici/target/credici-0.1.5-dev-SNAPSHOT-jar-with-dependencies.jar
/mnt/beegfs/rcabanas/dev/credici/papers/causal_flavour/code/LearnCF.java
['learn.py', '1500', '109']
seed=113
/mnt/beegfs/rcabanas/dev/credici
/mnt/beegfs/rcabanas/dev/credici/papers/causal_flavour
/mnt/beegfs/rcabanas/dev/credici/papers/causal_flavour/learntmodels
/mnt/beegfs/rcabanas/dev/credici/papers/causal_flavour/models
/mnt/beegfs/rcabanas/dev/credici/target/credici-0.1.5-dev-SNAPSHOT-jar-with-dependencies.jar
/mnt/beegfs/rcabanas/dev/credici/papers/causal_flavour/code/LearnCF.java
['learn.py', '1500', '100']
seed=109
/mnt/beegfs/rcabanas/dev/credici
/mnt/beegfs/rcabanas/dev/credici/papers/causal_flavour
/mnt/beegfs/rcabanas/dev/credici/papers/causal_flavour/learntmodels
/mnt/beegfs/rcabanas/dev/credici/papers/causal_flavour/models
/mnt/beegfs/rcabanas/dev/credici/target/credici-0.1.5-dev-SNAPSHOT-jar-with-dependencies.jar
/mnt/beegfs/rcabanas/dev/credici/papers/causal_flavour/code/LearnCF.java
['learn.py', '1500', '123']
seed=100
/mnt/beegfs/rcabanas/dev/credici
/mnt/beegfs/rcabanas/dev/credici/papers/causal_flavour
/mnt/beegfs/rcabanas/dev/credici/papers/causal_flavour/learntmodels
/mnt/beegfs/rcabanas/dev/credici/papers/causal_flavour/models
/mnt/beegfs/rcabanas/dev/credici/target/credici-0.1.5-dev-SNAPSHOT-jar-with-dependencies.jar
/mnt/beegfs/rcabanas/dev/credici/papers/causal_flavour/code/LearnCF.java
['learn.py', '1500', '136']
['learn.py', '1500', '146']
seed=123
/mnt/beegfs/rcabanas/dev/credici
/mnt/beegfs/rcabanas/dev/credici/papers/causal_flavour
/mnt/beegfs/rcabanas/dev/credici/papers/causal_flavour/learntmodels
/mnt/beegfs/rcabanas/dev/credici/papers/causal_flavour/models
/mnt/beegfs/rcabanas/dev/credici/target/credici-0.1.5-dev-SNAPSHOT-jar-with-dependencies.jar
['learn.py', '1500', '134']
/mnt/beegfs/rcabanas/dev/credici/papers/causal_flavour/code/LearnCF.java
seed=136
/mnt/beegfs/rcabanas/dev/credici
/mnt/beegfs/rcabanas/dev/credici/papers/causal_flavour
/mnt/beegfs/rcabanas/dev/credici/papers/causal_flavour/learntmodels
/mnt/beegfs/rcabanas/dev/credici/papers/causal_flavour/models
/mnt/beegfs/rcabanas/dev/credici/target/credici-0.1.5-dev-SNAPSHOT-jar-with-dependencies.jar
/mnt/beegfs/rcabanas/dev/credici/papers/causal_flavour/code/LearnCF.java
seed=146
/mnt/beegfs/rcabanas/dev/credici
/mnt/beegfs/rcabanas/dev/credici/papers/causal_flavour
/mnt/beegfs/rcabanas/dev/credici/papers/causal_flavour/learntmodels
/mnt/beegfs/rcabanas/dev/credici/papers/causal_flavour/models
/mnt/beegfs/rcabanas/dev/credici/target/credici-0.1.5-dev-SNAPSHOT-jar-with-dependencies.jar
/mnt/beegfs/rcabanas/dev/credici/papers/causal_flavour/code/LearnCF.java
seed=134
/mnt/beegfs/rcabanas/dev/credici
/mnt/beegfs/rcabanas/dev/credici/papers/causal_flavour
['learn.py', '1500', '114']
/mnt/beegfs/rcabanas/dev/credici/papers/causal_flavour/learntmodels
/mnt/beegfs/rcabanas/dev/credici/papers/causal_flavour/models
/mnt/beegfs/rcabanas/dev/credici/target/credici-0.1.5-dev-SNAPSHOT-jar-with-dependencies.jar
/mnt/beegfs/rcabanas/dev/credici/papers/causal_flavour/code/LearnCF.java
seed=114
/mnt/beegfs/rcabanas/dev/credici
['learn.py', '1500', '140']
['learn.py', '1500', '118']
/mnt/beegfs/rcabanas/dev/credici/papers/causal_flavour
/mnt/beegfs/rcabanas/dev/credici/papers/causal_flavour/learntmodels
/mnt/beegfs/rcabanas/dev/credici/papers/causal_flavour/models
/mnt/beegfs/rcabanas/dev/credici/target/credici-0.1.5-dev-SNAPSHOT-jar-with-dependencies.jar
/mnt/beegfs/rcabanas/dev/credici/papers/causal_flavour/code/LearnCF.java
seed=140
/mnt/beegfs/rcabanas/dev/credici
/mnt/beegfs/rcabanas/dev/credici/papers/causal_flavour
/mnt/beegfs/rcabanas/dev/credici/papers/causal_flavour/learntmodels
/mnt/beegfs/rcabanas/dev/credici/papers/causal_flavour/models
/mnt/beegfs/rcabanas/dev/credici/target/credici-0.1.5-dev-SNAPSHOT-jar-with-dependencies.jar
/mnt/beegfs/rcabanas/dev/credici/papers/causal_flavour/code/LearnCF.java
seed=118
/mnt/beegfs/rcabanas/dev/credici
/mnt/beegfs/rcabanas/dev/credici/papers/causal_flavour
/mnt/beegfs/rcabanas/dev/credici/papers/causal_flavour/learntmodels
/mnt/beegfs/rcabanas/dev/credici/papers/causal_flavour/models
/mnt/beegfs/rcabanas/dev/credici/target/credici-0.1.5-dev-SNAPSHOT-jar-with-dependencies.jar
/mnt/beegfs/rcabanas/dev/credici/papers/causal_flavour/code/LearnCF.java
['learn.py', '1500', '124']
['learn.py', '1500', '117']
['learn.py', '1500', '110']
['learn.py', '1500', '119']
seed=124
/mnt/beegfs/rcabanas/dev/credici
/mnt/beegfs/rcabanas/dev/credici/papers/causal_flavour
/mnt/beegfs/rcabanas/dev/credici/papers/causal_flavour/learntmodels
/mnt/beegfs/rcabanas/dev/credici/papers/causal_flavour/models
seed=117
/mnt/beegfs/rcabanas/dev/credici
/mnt/beegfs/rcabanas/dev/credici/papers/causal_flavour
/mnt/beegfs/rcabanas/dev/credici/papers/causal_flavour/learntmodels
/mnt/beegfs/rcabanas/dev/credici/papers/causal_flavour/models
/mnt/beegfs/rcabanas/dev/credici/target/credici-0.1.5-dev-SNAPSHOT-jar-with-dependencies.jar
/mnt/beegfs/rcabanas/dev/credici/papers/causal_flavour/code/LearnCF.java
/mnt/beegfs/rcabanas/dev/credici/target/credici-0.1.5-dev-SNAPSHOT-jar-with-dependencies.jar
/mnt/beegfs/rcabanas/dev/credici/papers/causal_flavour/code/LearnCF.java
seed=110
/mnt/beegfs/rcabanas/dev/credici
/mnt/beegfs/rcabanas/dev/credici/papers/causal_flavour
seed=119
/mnt/beegfs/rcabanas/dev/credici
/mnt/beegfs/rcabanas/dev/credici/papers/causal_flavour
/mnt/beegfs/rcabanas/dev/credici/papers/causal_flavour/learntmodels
/mnt/beegfs/rcabanas/dev/credici/papers/causal_flavour/models
/mnt/beegfs/rcabanas/dev/credici/target/credici-0.1.5-dev-SNAPSHOT-jar-with-dependencies.jar
/mnt/beegfs/rcabanas/dev/credici/papers/causal_flavour/learntmodels
/mnt/beegfs/rcabanas/dev/credici/papers/causal_flavour/models
/mnt/beegfs/rcabanas/dev/credici/target/credici-0.1.5-dev-SNAPSHOT-jar-with-dependencies.jar
/mnt/beegfs/rcabanas/dev/credici/papers/causal_flavour/code/LearnCF.java
/mnt/beegfs/rcabanas/dev/credici/papers/causal_flavour/code/LearnCF.java
['learn.py', '1500', '133']
['learn.py', '1500', '122']
seed=133
/mnt/beegfs/rcabanas/dev/credici
/mnt/beegfs/rcabanas/dev/credici/papers/causal_flavour
/mnt/beegfs/rcabanas/dev/credici/papers/causal_flavour/learntmodels
/mnt/beegfs/rcabanas/dev/credici/papers/causal_flavour/models
/mnt/beegfs/rcabanas/dev/credici/target/credici-0.1.5-dev-SNAPSHOT-jar-with-dependencies.jar
/mnt/beegfs/rcabanas/dev/credici/papers/causal_flavour/code/LearnCF.java
seed=122
/mnt/beegfs/rcabanas/dev/credici
/mnt/beegfs/rcabanas/dev/credici/papers/causal_flavour
/mnt/beegfs/rcabanas/dev/credici/papers/causal_flavour/learntmodels
/mnt/beegfs/rcabanas/dev/credici/papers/causal_flavour/models
/mnt/beegfs/rcabanas/dev/credici/target/credici-0.1.5-dev-SNAPSHOT-jar-with-dependencies.jar
/mnt/beegfs/rcabanas/dev/credici/papers/causal_flavour/code/LearnCF.java
['learn.py', '1500', '138']
['learn.py', '1500', '127']
seed=138
/mnt/beegfs/rcabanas/dev/credici
/mnt/beegfs/rcabanas/dev/credici/papers/causal_flavour
/mnt/beegfs/rcabanas/dev/credici/papers/causal_flavour/learntmodels
/mnt/beegfs/rcabanas/dev/credici/papers/causal_flavour/models
/mnt/beegfs/rcabanas/dev/credici/target/credici-0.1.5-dev-SNAPSHOT-jar-with-dependencies.jar
/mnt/beegfs/rcabanas/dev/credici/papers/causal_flavour/code/LearnCF.java
['learn.py', '1500', '150']
['learn.py', '1500', '148']
['learn.py', '1500', '145']
seed=127
/mnt/beegfs/rcabanas/dev/credici
/mnt/beegfs/rcabanas/dev/credici/papers/causal_flavour
/mnt/beegfs/rcabanas/dev/credici/papers/causal_flavour/learntmodels
/mnt/beegfs/rcabanas/dev/credici/papers/causal_flavour/models
/mnt/beegfs/rcabanas/dev/credici/target/credici-0.1.5-dev-SNAPSHOT-jar-with-dependencies.jar
/mnt/beegfs/rcabanas/dev/credici/papers/causal_flavour/code/LearnCF.java
seed=145
/mnt/beegfs/rcabanas/dev/credici
seed=150
/mnt/beegfs/rcabanas/dev/credici
/mnt/beegfs/rcabanas/dev/credici/papers/causal_flavour
seed=148
/mnt/beegfs/rcabanas/dev/credici
['learn.py', '1500', '141']
/mnt/beegfs/rcabanas/dev/credici/papers/causal_flavour
/mnt/beegfs/rcabanas/dev/credici/papers/causal_flavour/learntmodels
/mnt/beegfs/rcabanas/dev/credici/papers/causal_flavour/models
/mnt/beegfs/rcabanas/dev/credici/papers/causal_flavour
/mnt/beegfs/rcabanas/dev/credici/papers/causal_flavour/learntmodels
/mnt/beegfs/rcabanas/dev/credici/papers/causal_flavour/learntmodels
/mnt/beegfs/rcabanas/dev/credici/target/credici-0.1.5-dev-SNAPSHOT-jar-with-dependencies.jar
/mnt/beegfs/rcabanas/dev/credici/papers/causal_flavour/models
/mnt/beegfs/rcabanas/dev/credici/papers/causal_flavour/models
/mnt/beegfs/rcabanas/dev/credici/target/credici-0.1.5-dev-SNAPSHOT-jar-with-dependencies.jar
/mnt/beegfs/rcabanas/dev/credici/papers/causal_flavour/code/LearnCF.java
/mnt/beegfs/rcabanas/dev/credici/papers/causal_flavour/code/LearnCF.java
/mnt/beegfs/rcabanas/dev/credici/target/credici-0.1.5-dev-SNAPSHOT-jar-with-dependencies.jar
/mnt/beegfs/rcabanas/dev/credici/papers/causal_flavour/code/LearnCF.java
['learn.py', '1500', '137']
['learn.py', '1500', '143']
['learn.py', '1500', '126']
['learn.py', '1500', '135']
seed=141
/mnt/beegfs/rcabanas/dev/credici
/mnt/beegfs/rcabanas/dev/credici/papers/causal_flavour
/mnt/beegfs/rcabanas/dev/credici/papers/causal_flavour/learntmodels
/mnt/beegfs/rcabanas/dev/credici/papers/causal_flavour/models
/mnt/beegfs/rcabanas/dev/credici/target/credici-0.1.5-dev-SNAPSHOT-jar-with-dependencies.jar
/mnt/beegfs/rcabanas/dev/credici/papers/causal_flavour/code/LearnCF.java
seed=137
/mnt/beegfs/rcabanas/dev/credici
/mnt/beegfs/rcabanas/dev/credici/papers/causal_flavour
/mnt/beegfs/rcabanas/dev/credici/papers/causal_flavour/learntmodels
/mnt/beegfs/rcabanas/dev/credici/papers/causal_flavour/models
['learn.py', '1500', '129']
/mnt/beegfs/rcabanas/dev/credici/target/credici-0.1.5-dev-SNAPSHOT-jar-with-dependencies.jar
/mnt/beegfs/rcabanas/dev/credici/papers/causal_flavour/code/LearnCF.java
seed=126
seed=143
/mnt/beegfs/rcabanas/dev/credici
/mnt/beegfs/rcabanas/dev/credici/papers/causal_flavour
/mnt/beegfs/rcabanas/dev/credici/papers/causal_flavour/learntmodels
/mnt/beegfs/rcabanas/dev/credici/papers/causal_flavour/models
/mnt/beegfs/rcabanas/dev/credici/target/credici-0.1.5-dev-SNAPSHOT-jar-with-dependencies.jar
/mnt/beegfs/rcabanas/dev/credici/papers/causal_flavour/code/LearnCF.java
/mnt/beegfs/rcabanas/dev/credici
['learn.py', '1500', '147']
seed=135
/mnt/beegfs/rcabanas/dev/credici/papers/causal_flavour
/mnt/beegfs/rcabanas/dev/credici
/mnt/beegfs/rcabanas/dev/credici/papers/causal_flavour
/mnt/beegfs/rcabanas/dev/credici/papers/causal_flavour/learntmodels
/mnt/beegfs/rcabanas/dev/credici/papers/causal_flavour/models
/mnt/beegfs/rcabanas/dev/credici/target/credici-0.1.5-dev-SNAPSHOT-jar-with-dependencies.jar
/mnt/beegfs/rcabanas/dev/credici/papers/causal_flavour/learntmodels
/mnt/beegfs/rcabanas/dev/credici/papers/causal_flavour/code/LearnCF.java
/mnt/beegfs/rcabanas/dev/credici/papers/causal_flavour/models
/mnt/beegfs/rcabanas/dev/credici/target/credici-0.1.5-dev-SNAPSHOT-jar-with-dependencies.jar
/mnt/beegfs/rcabanas/dev/credici/papers/causal_flavour/code/LearnCF.java
seed=129
/mnt/beegfs/rcabanas/dev/credici
/mnt/beegfs/rcabanas/dev/credici/papers/causal_flavour
/mnt/beegfs/rcabanas/dev/credici/papers/causal_flavour/learntmodels
/mnt/beegfs/rcabanas/dev/credici/papers/causal_flavour/models
/mnt/beegfs/rcabanas/dev/credici/target/credici-0.1.5-dev-SNAPSHOT-jar-with-dependencies.jar
/mnt/beegfs/rcabanas/dev/credici/papers/causal_flavour/code/LearnCF.java
seed=147
/mnt/beegfs/rcabanas/dev/credici
/mnt/beegfs/rcabanas/dev/credici/papers/causal_flavour
/mnt/beegfs/rcabanas/dev/credici/papers/causal_flavour/learntmodels
/mnt/beegfs/rcabanas/dev/credici/papers/causal_flavour/models
/mnt/beegfs/rcabanas/dev/credici/target/credici-0.1.5-dev-SNAPSHOT-jar-with-dependencies.jar
/mnt/beegfs/rcabanas/dev/credici/papers/causal_flavour/code/LearnCF.java
['learn.py', '1500', '139']
['learn.py', '1500', '125']
['learn.py', '1500', '132']
seed=139
/mnt/beegfs/rcabanas/dev/credici
/mnt/beegfs/rcabanas/dev/credici/papers/causal_flavour
/mnt/beegfs/rcabanas/dev/credici/papers/causal_flavour/learntmodels
/mnt/beegfs/rcabanas/dev/credici/papers/causal_flavour/models
/mnt/beegfs/rcabanas/dev/credici/target/credici-0.1.5-dev-SNAPSHOT-jar-with-dependencies.jar
/mnt/beegfs/rcabanas/dev/credici/papers/causal_flavour/code/LearnCF.java
seed=125
/mnt/beegfs/rcabanas/dev/credici
/mnt/beegfs/rcabanas/dev/credici/papers/causal_flavour
/mnt/beegfs/rcabanas/dev/credici/papers/causal_flavour/learntmodels
/mnt/beegfs/rcabanas/dev/credici/papers/causal_flavour/models
/mnt/beegfs/rcabanas/dev/credici/target/credici-0.1.5-dev-SNAPSHOT-jar-with-dependencies.jar
seed=132
/mnt/beegfs/rcabanas/dev/credici
/mnt/beegfs/rcabanas/dev/credici/papers/causal_flavour
/mnt/beegfs/rcabanas/dev/credici/papers/causal_flavour/learntmodels
/mnt/beegfs/rcabanas/dev/credici/papers/causal_flavour/models
/mnt/beegfs/rcabanas/dev/credici/target/credici-0.1.5-dev-SNAPSHOT-jar-with-dependencies.jar
/mnt/beegfs/rcabanas/dev/credici/papers/causal_flavour/code/LearnCF.java
/mnt/beegfs/rcabanas/dev/credici/papers/causal_flavour/code/LearnCF.java
['learn.py', '1500', '149']
['learn.py', '1500', '142']
['learn.py', '1500', '120']
seed=149
/mnt/beegfs/rcabanas/dev/credici
/mnt/beegfs/rcabanas/dev/credici/papers/causal_flavour
/mnt/beegfs/rcabanas/dev/credici/papers/causal_flavour/learntmodels
/mnt/beegfs/rcabanas/dev/credici/papers/causal_flavour/models
/mnt/beegfs/rcabanas/dev/credici/target/credici-0.1.5-dev-SNAPSHOT-jar-with-dependencies.jar
/mnt/beegfs/rcabanas/dev/credici/papers/causal_flavour/code/LearnCF.java
seed=142
/mnt/beegfs/rcabanas/dev/credici
/mnt/beegfs/rcabanas/dev/credici/papers/causal_flavour
/mnt/beegfs/rcabanas/dev/credici/papers/causal_flavour/learntmodels
/mnt/beegfs/rcabanas/dev/credici/papers/causal_flavour/models
/mnt/beegfs/rcabanas/dev/credici/target/credici-0.1.5-dev-SNAPSHOT-jar-with-dependencies.jar
/mnt/beegfs/rcabanas/dev/credici/papers/causal_flavour/code/LearnCF.java
seed=120
/mnt/beegfs/rcabanas/dev/credici
/mnt/beegfs/rcabanas/dev/credici/papers/causal_flavour
/mnt/beegfs/rcabanas/dev/credici/papers/causal_flavour/learntmodels
/mnt/beegfs/rcabanas/dev/credici/papers/causal_flavour/models
/mnt/beegfs/rcabanas/dev/credici/target/credici-0.1.5-dev-SNAPSHOT-jar-with-dependencies.jar
/mnt/beegfs/rcabanas/dev/credici/papers/causal_flavour/code/LearnCF.java
[2024-05-17T10:56:19.016059][INFO][seed101] Set up logging
[2024-05-17T10:56:19.044897][INFO][seed101] args: -m;1500;-o;/mnt/beegfs/rcabanas/dev/credici/papers/causal_flavour/learntmodels/miter1500;--data;/mnt/beegfs/rcabanas/dev/credici/papers/causal_flavour/data/simple_learner_4Q10k_data.csv;-rw;-s;101;/mnt/beegfs/rcabanas/dev/credici/papers/causal_flavour/models/simple_learner_4Q10k.uai
[2024-05-17T10:56:19.046499][INFO][seed101] Starting logger with seed 101
[2024-05-17T10:56:19.084055][INFO][seed128] Set up logging
[2024-05-17T10:56:19.114054][INFO][seed128] args: -m;1500;-o;/mnt/beegfs/rcabanas/dev/credici/papers/causal_flavour/learntmodels/miter1500;--data;/mnt/beegfs/rcabanas/dev/credici/papers/causal_flavour/data/simple_learner_4Q10k_data.csv;-rw;-s;128;/mnt/beegfs/rcabanas/dev/credici/papers/causal_flavour/models/simple_learner_4Q10k.uai
[2024-05-17T10:56:19.115937][INFO][seed128] Starting logger with seed 128
[2024-05-17T10:56:19.089077][INFO][seed106] Set up logging
[2024-05-17T10:56:19.120659][INFO][seed106] args: -m;1500;-o;/mnt/beegfs/rcabanas/dev/credici/papers/causal_flavour/learntmodels/miter1500;--data;/mnt/beegfs/rcabanas/dev/credici/papers/causal_flavour/data/simple_learner_4Q10k_data.csv;-rw;-s;106;/mnt/beegfs/rcabanas/dev/credici/papers/causal_flavour/models/simple_learner_4Q10k.uai
[2024-05-17T10:56:19.100301][INFO][seed111] Set up logging
[2024-05-17T10:56:19.122581][INFO][seed106] Starting logger with seed 106
[2024-05-17T10:56:19.123788][INFO][seed111] args: -m;1500;-o;/mnt/beegfs/rcabanas/dev/credici/papers/causal_flavour/learntmodels/miter1500;--data;/mnt/beegfs/rcabanas/dev/credici/papers/causal_flavour/data/simple_learner_4Q10k_data.csv;-rw;-s;111;/mnt/beegfs/rcabanas/dev/credici/papers/causal_flavour/models/simple_learner_4Q10k.uai
[2024-05-17T10:56:19.104558][INFO][seed105] Set up logging
[2024-05-17T10:56:19.095569][INFO][seed131] Set up logging
[2024-05-17T10:56:19.126277][INFO][seed105] args: -m;1500;-o;/mnt/beegfs/rcabanas/dev/credici/papers/causal_flavour/learntmodels/miter1500;--data;/mnt/beegfs/rcabanas/dev/credici/papers/causal_flavour/data/simple_learner_4Q10k_data.csv;-rw;-s;105;/mnt/beegfs/rcabanas/dev/credici/papers/causal_flavour/models/simple_learner_4Q10k.uai
[2024-05-17T10:56:19.126945][INFO][seed131] args: -m;1500;-o;/mnt/beegfs/rcabanas/dev/credici/papers/causal_flavour/learntmodels/miter1500;--data;/mnt/beegfs/rcabanas/dev/credici/papers/causal_flavour/data/simple_learner_4Q10k_data.csv;-rw;-s;131;/mnt/beegfs/rcabanas/dev/credici/papers/causal_flavour/models/simple_learner_4Q10k.uai
[2024-05-17T10:56:19.134255][INFO][seed131] Starting logger with seed 131
[2024-05-17T10:56:19.134864][INFO][seed111] Starting logger with seed 111
[2024-05-17T10:56:19.138923][INFO][seed105] Starting logger with seed 105
[2024-05-17T10:56:19.169153][INFO][seed116] Set up logging
[2024-05-17T10:56:19.203052][INFO][seed116] args: -m;1500;-o;/mnt/beegfs/rcabanas/dev/credici/papers/causal_flavour/learntmodels/miter1500;--data;/mnt/beegfs/rcabanas/dev/credici/papers/causal_flavour/data/simple_learner_4Q10k_data.csv;-rw;-s;116;/mnt/beegfs/rcabanas/dev/credici/papers/causal_flavour/models/simple_learner_4Q10k.uai
[2024-05-17T10:56:19.204851][INFO][seed116] Starting logger with seed 116
[2024-05-17T10:56:19.204622][INFO][seed108] Set up logging
[2024-05-17T10:56:19.230436][INFO][seed108] args: -m;1500;-o;/mnt/beegfs/rcabanas/dev/credici/papers/causal_flavour/learntmodels/miter1500;--data;/mnt/beegfs/rcabanas/dev/credici/papers/causal_flavour/data/simple_learner_4Q10k_data.csv;-rw;-s;108;/mnt/beegfs/rcabanas/dev/credici/papers/causal_flavour/models/simple_learner_4Q10k.uai
[2024-05-17T10:56:19.220512][INFO][seed104] Set up logging
[2024-05-17T10:56:19.233735][INFO][seed104] args: -m;1500;-o;/mnt/beegfs/rcabanas/dev/credici/papers/causal_flavour/learntmodels/miter1500;--data;/mnt/beegfs/rcabanas/dev/credici/papers/causal_flavour/data/simple_learner_4Q10k_data.csv;-rw;-s;104;/mnt/beegfs/rcabanas/dev/credici/papers/causal_flavour/models/simple_learner_4Q10k.uai
[2024-05-17T10:56:19.235540][INFO][seed108] Starting logger with seed 108
[2024-05-17T10:56:19.215839][INFO][seed102] Set up logging
[2024-05-17T10:56:19.241177][INFO][seed102] args: -m;1500;-o;/mnt/beegfs/rcabanas/dev/credici/papers/causal_flavour/learntmodels/miter1500;--data;/mnt/beegfs/rcabanas/dev/credici/papers/causal_flavour/data/simple_learner_4Q10k_data.csv;-rw;-s;102;/mnt/beegfs/rcabanas/dev/credici/papers/causal_flavour/models/simple_learner_4Q10k.uai
[2024-05-17T10:56:19.243004][INFO][seed102] Starting logger with seed 102
[2024-05-17T10:56:19.248663][INFO][seed104] Starting logger with seed 104
[2024-05-17T10:56:19.281513][INFO][seed101] Loaded model and info: /mnt/beegfs/rcabanas/dev/credici/papers/causal_flavour/models/simple_learner_4Q10k.uai
[2024-05-17T10:56:19.279256][INFO][seed103] Set up logging
[2024-05-17T10:56:19.307651][INFO][seed103] args: -m;1500;-o;/mnt/beegfs/rcabanas/dev/credici/papers/causal_flavour/learntmodels/miter1500;--data;/mnt/beegfs/rcabanas/dev/credici/papers/causal_flavour/data/simple_learner_4Q10k_data.csv;-rw;-s;103;/mnt/beegfs/rcabanas/dev/credici/papers/causal_flavour/models/simple_learner_4Q10k.uai
[2024-05-17T10:56:19.312005][INFO][seed103] Starting logger with seed 103
[2024-05-17T10:56:19.299044][INFO][seed112] Set up logging
[2024-05-17T10:56:19.290841][INFO][seed113] Set up logging
[2024-05-17T10:56:19.322998][INFO][seed112] args: -m;1500;-o;/mnt/beegfs/rcabanas/dev/credici/papers/causal_flavour/learntmodels/miter1500;--data;/mnt/beegfs/rcabanas/dev/credici/papers/causal_flavour/data/simple_learner_4Q10k_data.csv;-rw;-s;112;/mnt/beegfs/rcabanas/dev/credici/papers/causal_flavour/models/simple_learner_4Q10k.uai
[2024-05-17T10:56:19.294458][INFO][seed130] Set up logging
[2024-05-17T10:56:19.323576][INFO][seed113] args: -m;1500;-o;/mnt/beegfs/rcabanas/dev/credici/papers/causal_flavour/learntmodels/miter1500;--data;/mnt/beegfs/rcabanas/dev/credici/papers/causal_flavour/data/simple_learner_4Q10k_data.csv;-rw;-s;113;/mnt/beegfs/rcabanas/dev/credici/papers/causal_flavour/models/simple_learner_4Q10k.uai
[2024-05-17T10:56:19.324073][INFO][seed130] args: -m;1500;-o;/mnt/beegfs/rcabanas/dev/credici/papers/causal_flavour/learntmodels/miter1500;--data;/mnt/beegfs/rcabanas/dev/credici/papers/causal_flavour/data/simple_learner_4Q10k_data.csv;-rw;-s;130;/mnt/beegfs/rcabanas/dev/credici/papers/causal_flavour/models/simple_learner_4Q10k.uai
[2024-05-17T10:56:19.329866][INFO][seed130] Starting logger with seed 130
[2024-05-17T10:56:19.329973][INFO][seed112] Starting logger with seed 112
[2024-05-17T10:56:19.330184][INFO][seed113] Starting logger with seed 113
[2024-05-17T10:56:19.336292][INFO][seed131] Loaded model and info: /mnt/beegfs/rcabanas/dev/credici/papers/causal_flavour/models/simple_learner_4Q10k.uai
[2024-05-17T10:56:19.332015][INFO][seed109] Set up logging
[2024-05-17T10:56:19.326731][INFO][seed121] Set up logging
[2024-05-17T10:56:19.351155][INFO][seed121] args: -m;1500;-o;/mnt/beegfs/rcabanas/dev/credici/papers/causal_flavour/learntmodels/miter1500;--data;/mnt/beegfs/rcabanas/dev/credici/papers/causal_flavour/data/simple_learner_4Q10k_data.csv;-rw;-s;121;/mnt/beegfs/rcabanas/dev/credici/papers/causal_flavour/models/simple_learner_4Q10k.uai
[2024-05-17T10:56:19.353790][INFO][seed128] Loaded model and info: /mnt/beegfs/rcabanas/dev/credici/papers/causal_flavour/models/simple_learner_4Q10k.uai
[2024-05-17T10:56:19.355221][INFO][seed106] Loaded model and info: /mnt/beegfs/rcabanas/dev/credici/papers/causal_flavour/models/simple_learner_4Q10k.uai
[2024-05-17T10:56:19.357763][INFO][seed109] args: -m;1500;-o;/mnt/beegfs/rcabanas/dev/credici/papers/causal_flavour/learntmodels/miter1500;--data;/mnt/beegfs/rcabanas/dev/credici/papers/causal_flavour/data/simple_learner_4Q10k_data.csv;-rw;-s;109;/mnt/beegfs/rcabanas/dev/credici/papers/causal_flavour/models/simple_learner_4Q10k.uai
[2024-05-17T10:56:19.358554][INFO][seed121] Starting logger with seed 121
[2024-05-17T10:56:19.360384][INFO][seed109] Starting logger with seed 109
[2024-05-17T10:56:19.339136][INFO][seed107] Set up logging
[2024-05-17T10:56:19.363149][INFO][seed107] args: -m;1500;-o;/mnt/beegfs/rcabanas/dev/credici/papers/causal_flavour/learntmodels/miter1500;--data;/mnt/beegfs/rcabanas/dev/credici/papers/causal_flavour/data/simple_learner_4Q10k_data.csv;-rw;-s;107;/mnt/beegfs/rcabanas/dev/credici/papers/causal_flavour/models/simple_learner_4Q10k.uai
[2024-05-17T10:56:19.366019][INFO][seed105] Loaded model and info: /mnt/beegfs/rcabanas/dev/credici/papers/causal_flavour/models/simple_learner_4Q10k.uai
[2024-05-17T10:56:19.370610][INFO][seed107] Starting logger with seed 107
[2024-05-17T10:56:19.376969][INFO][seed111] Loaded model and info: /mnt/beegfs/rcabanas/dev/credici/papers/causal_flavour/models/simple_learner_4Q10k.uai
[2024-05-17T10:56:19.366053][INFO][seed146] Set up logging
[2024-05-17T10:56:19.388416][INFO][seed146] args: -m;1500;-o;/mnt/beegfs/rcabanas/dev/credici/papers/causal_flavour/learntmodels/miter1500;--data;/mnt/beegfs/rcabanas/dev/credici/papers/causal_flavour/data/simple_learner_4Q10k_data.csv;-rw;-s;146;/mnt/beegfs/rcabanas/dev/credici/papers/causal_flavour/models/simple_learner_4Q10k.uai
[2024-05-17T10:56:19.370098][INFO][seed100] Set up logging
[2024-05-17T10:56:19.398158][INFO][seed100] args: -m;1500;-o;/mnt/beegfs/rcabanas/dev/credici/papers/causal_flavour/learntmodels/miter1500;--data;/mnt/beegfs/rcabanas/dev/credici/papers/causal_flavour/data/simple_learner_4Q10k_data.csv;-rw;-s;100;/mnt/beegfs/rcabanas/dev/credici/papers/causal_flavour/models/simple_learner_4Q10k.uai
[2024-05-17T10:56:19.398765][INFO][seed146] Starting logger with seed 146
[2024-05-17T10:56:19.399746][INFO][seed100] Starting logger with seed 100
[2024-05-17T10:56:19.407278][INFO][seed136] Set up logging
[2024-05-17T10:56:19.419554][INFO][seed115] Set up logging
[2024-05-17T10:56:19.437209][INFO][seed136] args: -m;1500;-o;/mnt/beegfs/rcabanas/dev/credici/papers/causal_flavour/learntmodels/miter1500;--data;/mnt/beegfs/rcabanas/dev/credici/papers/causal_flavour/data/simple_learner_4Q10k_data.csv;-rw;-s;136;/mnt/beegfs/rcabanas/dev/credici/papers/causal_flavour/models/simple_learner_4Q10k.uai
[2024-05-17T10:56:19.445846][INFO][seed136] Starting logger with seed 136
[2024-05-17T10:56:19.439278][INFO][seed115] args: -m;1500;-o;/mnt/beegfs/rcabanas/dev/credici/papers/causal_flavour/learntmodels/miter1500;--data;/mnt/beegfs/rcabanas/dev/credici/papers/causal_flavour/data/simple_learner_4Q10k_data.csv;-rw;-s;115;/mnt/beegfs/rcabanas/dev/credici/papers/causal_flavour/models/simple_learner_4Q10k.uai
[2024-05-17T10:56:19.453783][INFO][seed115] Starting logger with seed 115
[2024-05-17T10:56:19.473428][INFO][seed116] Loaded model and info: /mnt/beegfs/rcabanas/dev/credici/papers/causal_flavour/models/simple_learner_4Q10k.uai
[2024-05-17T10:56:19.450838][INFO][seed123] Set up logging
[2024-05-17T10:56:19.480864][INFO][seed123] args: -m;1500;-o;/mnt/beegfs/rcabanas/dev/credici/papers/causal_flavour/learntmodels/miter1500;--data;/mnt/beegfs/rcabanas/dev/credici/papers/causal_flavour/data/simple_learner_4Q10k_data.csv;-rw;-s;123;/mnt/beegfs/rcabanas/dev/credici/papers/causal_flavour/models/simple_learner_4Q10k.uai
[2024-05-17T10:56:19.481746][INFO][seed102] Loaded model and info: /mnt/beegfs/rcabanas/dev/credici/papers/causal_flavour/models/simple_learner_4Q10k.uai
[2024-05-17T10:56:19.483109][INFO][seed123] Starting logger with seed 123
[2024-05-17T10:56:19.457280][INFO][seed134] Set up logging
[2024-05-17T10:56:19.483347][INFO][seed134] args: -m;1500;-o;/mnt/beegfs/rcabanas/dev/credici/papers/causal_flavour/learntmodels/miter1500;--data;/mnt/beegfs/rcabanas/dev/credici/papers/causal_flavour/data/simple_learner_4Q10k_data.csv;-rw;-s;134;/mnt/beegfs/rcabanas/dev/credici/papers/causal_flavour/models/simple_learner_4Q10k.uai
[2024-05-17T10:56:19.486860][INFO][seed108] Loaded model and info: /mnt/beegfs/rcabanas/dev/credici/papers/causal_flavour/models/simple_learner_4Q10k.uai
[2024-05-17T10:56:19.494089][INFO][seed104] Loaded model and info: /mnt/beegfs/rcabanas/dev/credici/papers/causal_flavour/models/simple_learner_4Q10k.uai
[2024-05-17T10:56:19.494368][INFO][seed134] Starting logger with seed 134
[2024-05-17T10:56:19.496738][INFO][seed114] Set up logging
[2024-05-17T10:56:19.535790][INFO][seed114] args: -m;1500;-o;/mnt/beegfs/rcabanas/dev/credici/papers/causal_flavour/learntmodels/miter1500;--data;/mnt/beegfs/rcabanas/dev/credici/papers/causal_flavour/data/simple_learner_4Q10k_data.csv;-rw;-s;114;/mnt/beegfs/rcabanas/dev/credici/papers/causal_flavour/models/simple_learner_4Q10k.uai
[2024-05-17T10:56:19.539352][INFO][seed114] Starting logger with seed 114
[2024-05-17T10:56:19.512570][INFO][seed140] Set up logging
[2024-05-17T10:56:19.541255][INFO][seed140] args: -m;1500;-o;/mnt/beegfs/rcabanas/dev/credici/papers/causal_flavour/learntmodels/miter1500;--data;/mnt/beegfs/rcabanas/dev/credici/papers/causal_flavour/data/simple_learner_4Q10k_data.csv;-rw;-s;140;/mnt/beegfs/rcabanas/dev/credici/papers/causal_flavour/models/simple_learner_4Q10k.uai
[2024-05-17T10:56:19.544268][INFO][seed140] Starting logger with seed 140
[2024-05-17T10:56:19.536598][INFO][seed118] Set up logging
[2024-05-17T10:56:19.550939][INFO][seed118] args: -m;1500;-o;/mnt/beegfs/rcabanas/dev/credici/papers/causal_flavour/learntmodels/miter1500;--data;/mnt/beegfs/rcabanas/dev/credici/papers/causal_flavour/data/simple_learner_4Q10k_data.csv;-rw;-s;118;/mnt/beegfs/rcabanas/dev/credici/papers/causal_flavour/models/simple_learner_4Q10k.uai
[2024-05-17T10:56:19.559134][INFO][seed103] Loaded model and info: /mnt/beegfs/rcabanas/dev/credici/papers/causal_flavour/models/simple_learner_4Q10k.uai
[2024-05-17T10:56:19.560403][INFO][seed118] Starting logger with seed 118
[2024-05-17T10:56:19.569019][INFO][seed113] Loaded model and info: /mnt/beegfs/rcabanas/dev/credici/papers/causal_flavour/models/simple_learner_4Q10k.uai
[2024-05-17T10:56:19.569524][INFO][seed130] Loaded model and info: /mnt/beegfs/rcabanas/dev/credici/papers/causal_flavour/models/simple_learner_4Q10k.uai
[2024-05-17T10:56:19.576913][INFO][seed112] Loaded model and info: /mnt/beegfs/rcabanas/dev/credici/papers/causal_flavour/models/simple_learner_4Q10k.uai
[2024-05-17T10:56:19.584607][INFO][seed117] Set up logging
[2024-05-17T10:56:19.613260][INFO][seed117] args: -m;1500;-o;/mnt/beegfs/rcabanas/dev/credici/papers/causal_flavour/learntmodels/miter1500;--data;/mnt/beegfs/rcabanas/dev/credici/papers/causal_flavour/data/simple_learner_4Q10k_data.csv;-rw;-s;117;/mnt/beegfs/rcabanas/dev/credici/papers/causal_flavour/models/simple_learner_4Q10k.uai
[2024-05-17T10:56:19.588203][INFO][seed124] Set up logging
[2024-05-17T10:56:19.615447][INFO][seed124] args: -m;1500;-o;/mnt/beegfs/rcabanas/dev/credici/papers/causal_flavour/learntmodels/miter1500;--data;/mnt/beegfs/rcabanas/dev/credici/papers/causal_flavour/data/simple_learner_4Q10k_data.csv;-rw;-s;124;/mnt/beegfs/rcabanas/dev/credici/papers/causal_flavour/models/simple_learner_4Q10k.uai
[2024-05-17T10:56:19.618629][INFO][seed124] Starting logger with seed 124
[2024-05-17T10:56:19.618920][INFO][seed117] Starting logger with seed 117
[2024-05-17T10:56:19.630737][INFO][seed121] Loaded model and info: /mnt/beegfs/rcabanas/dev/credici/papers/causal_flavour/models/simple_learner_4Q10k.uai
[2024-05-17T10:56:19.640964][INFO][seed109] Loaded model and info: /mnt/beegfs/rcabanas/dev/credici/papers/causal_flavour/models/simple_learner_4Q10k.uai
[2024-05-17T10:56:19.642622][INFO][seed101] Loaded 10000 data instances
[2024-05-17T10:56:19.644482][INFO][seed101] Starting learning up to 1500 iterations
[2024-05-17T10:56:19.645835][INFO][seed107] Loaded model and info: /mnt/beegfs/rcabanas/dev/credici/papers/causal_flavour/models/simple_learner_4Q10k.uai
[2024-05-17T10:56:19.645906][INFO][seed146] Loaded model and info: /mnt/beegfs/rcabanas/dev/credici/papers/causal_flavour/models/simple_learner_4Q10k.uai
[2024-05-17T10:56:19.650552][INFO][seed100] Loaded model and info: /mnt/beegfs/rcabanas/dev/credici/papers/causal_flavour/models/simple_learner_4Q10k.uai
[2024-05-17T10:56:19.660417][INFO][seed133] Set up logging
[2024-05-17T10:56:19.678967][INFO][seed133] args: -m;1500;-o;/mnt/beegfs/rcabanas/dev/credici/papers/causal_flavour/learntmodels/miter1500;--data;/mnt/beegfs/rcabanas/dev/credici/papers/causal_flavour/data/simple_learner_4Q10k_data.csv;-rw;-s;133;/mnt/beegfs/rcabanas/dev/credici/papers/causal_flavour/models/simple_learner_4Q10k.uai
[2024-05-17T10:56:19.662534][INFO][seed110] Set up logging
[2024-05-17T10:56:19.692951][INFO][seed110] args: -m;1500;-o;/mnt/beegfs/rcabanas/dev/credici/papers/causal_flavour/learntmodels/miter1500;--data;/mnt/beegfs/rcabanas/dev/credici/papers/causal_flavour/data/simple_learner_4Q10k_data.csv;-rw;-s;110;/mnt/beegfs/rcabanas/dev/credici/papers/causal_flavour/models/simple_learner_4Q10k.uai
[2024-05-17T10:56:19.694326][INFO][seed111] Loaded 10000 data instances
[2024-05-17T10:56:19.692544][INFO][seed133] Starting logger with seed 133
[2024-05-17T10:56:19.697860][INFO][seed105] Loaded 10000 data instances
[2024-05-17T10:56:19.698628][INFO][seed105] Starting learning up to 1500 iterations
[2024-05-17T10:56:19.698653][INFO][seed110] Starting logger with seed 110
[2024-05-17T10:56:19.701693][INFO][seed106] Loaded 10000 data instances
[2024-05-17T10:56:19.703150][INFO][seed111] Starting learning up to 1500 iterations
[2024-05-17T10:56:19.703395][INFO][seed136] Loaded model and info: /mnt/beegfs/rcabanas/dev/credici/papers/causal_flavour/models/simple_learner_4Q10k.uai
[2024-05-17T10:56:19.708467][INFO][seed131] Loaded 10000 data instances
[2024-05-17T10:56:19.709825][INFO][seed131] Starting learning up to 1500 iterations
[2024-05-17T10:56:19.714253][INFO][seed106] Starting learning up to 1500 iterations
[2024-05-17T10:56:19.715890][INFO][seed123] Loaded model and info: /mnt/beegfs/rcabanas/dev/credici/papers/causal_flavour/models/simple_learner_4Q10k.uai
[2024-05-17T10:56:19.734509][INFO][seed128] Loaded 10000 data instances
[2024-05-17T10:56:19.735299][INFO][seed128] Starting learning up to 1500 iterations
[2024-05-17T10:56:19.758494][INFO][seed134] Loaded model and info: /mnt/beegfs/rcabanas/dev/credici/papers/causal_flavour/models/simple_learner_4Q10k.uai
[2024-05-17T10:56:19.749393][INFO][seed138] Set up logging
[2024-05-17T10:56:19.766911][INFO][seed138] args: -m;1500;-o;/mnt/beegfs/rcabanas/dev/credici/papers/causal_flavour/learntmodels/miter1500;--data;/mnt/beegfs/rcabanas/dev/credici/papers/causal_flavour/data/simple_learner_4Q10k_data.csv;-rw;-s;138;/mnt/beegfs/rcabanas/dev/credici/papers/causal_flavour/models/simple_learner_4Q10k.uai
[2024-05-17T10:56:19.772560][INFO][seed114] Loaded model and info: /mnt/beegfs/rcabanas/dev/credici/papers/causal_flavour/models/simple_learner_4Q10k.uai
[2024-05-17T10:56:19.775307][INFO][seed115] Loaded model and info: /mnt/beegfs/rcabanas/dev/credici/papers/causal_flavour/models/simple_learner_4Q10k.uai
[2024-05-17T10:56:19.778514][INFO][seed138] Starting logger with seed 138
[2024-05-17T10:56:19.805953][INFO][seed140] Loaded model and info: /mnt/beegfs/rcabanas/dev/credici/papers/causal_flavour/models/simple_learner_4Q10k.uai
[2024-05-17T10:56:19.812510][INFO][seed118] Loaded model and info: /mnt/beegfs/rcabanas/dev/credici/papers/causal_flavour/models/simple_learner_4Q10k.uai
[2024-05-17T10:56:19.815409][INFO][seed108] Loaded 10000 data instances
[2024-05-17T10:56:19.816404][INFO][seed108] Starting learning up to 1500 iterations
[2024-05-17T10:56:19.823773][INFO][seed124] Loaded model and info: /mnt/beegfs/rcabanas/dev/credici/papers/causal_flavour/models/simple_learner_4Q10k.uai
[2024-05-17T10:56:19.829445][INFO][seed117] Loaded model and info: /mnt/beegfs/rcabanas/dev/credici/papers/causal_flavour/models/simple_learner_4Q10k.uai
[2024-05-17T10:56:19.839591][INFO][seed104] Loaded 10000 data instances
[2024-05-17T10:56:19.840356][INFO][seed104] Starting learning up to 1500 iterations
[2024-05-17T10:56:19.856069][INFO][seed116] Loaded 10000 data instances
[2024-05-17T10:56:19.856782][INFO][seed116] Starting learning up to 1500 iterations
[2024-05-17T10:56:19.860627][INFO][seed137] Set up logging
[2024-05-17T10:56:19.887996][INFO][seed137] args: -m;1500;-o;/mnt/beegfs/rcabanas/dev/credici/papers/causal_flavour/learntmodels/miter1500;--data;/mnt/beegfs/rcabanas/dev/credici/papers/causal_flavour/data/simple_learner_4Q10k_data.csv;-rw;-s;137;/mnt/beegfs/rcabanas/dev/credici/papers/causal_flavour/models/simple_learner_4Q10k.uai
[2024-05-17T10:56:19.889651][INFO][seed137] Starting logger with seed 137
[2024-05-17T10:56:19.907717][INFO][seed133] Loaded model and info: /mnt/beegfs/rcabanas/dev/credici/papers/causal_flavour/models/simple_learner_4Q10k.uai
[2024-05-17T10:56:19.908344][INFO][seed102] Loaded 10000 data instances
[2024-05-17T10:56:19.909057][INFO][seed102] Starting learning up to 1500 iterations
[2024-05-17T10:56:19.914370][INFO][seed110] Loaded model and info: /mnt/beegfs/rcabanas/dev/credici/papers/causal_flavour/models/simple_learner_4Q10k.uai
[2024-05-17T10:56:19.920946][INFO][seed119] Set up logging
[2024-05-17T10:56:19.955404][INFO][seed119] args: -m;1500;-o;/mnt/beegfs/rcabanas/dev/credici/papers/causal_flavour/learntmodels/miter1500;--data;/mnt/beegfs/rcabanas/dev/credici/papers/causal_flavour/data/simple_learner_4Q10k_data.csv;-rw;-s;119;/mnt/beegfs/rcabanas/dev/credici/papers/causal_flavour/models/simple_learner_4Q10k.uai
[2024-05-17T10:56:19.955316][INFO][seed103] Loaded 10000 data instances
[2024-05-17T10:56:19.957416][INFO][seed119] Starting logger with seed 119
[2024-05-17T10:56:19.962316][INFO][seed103] Starting learning up to 1500 iterations
[2024-05-17T10:56:19.968662][INFO][seed113] Loaded 10000 data instances
[2024-05-17T10:56:19.969442][INFO][seed113] Starting learning up to 1500 iterations
[2024-05-17T10:56:19.970570][INFO][seed146] Loaded 10000 data instances
[2024-05-17T10:56:19.971376][INFO][seed146] Starting learning up to 1500 iterations
[2024-05-17T10:56:19.962450][INFO][seed122] Set up logging
[2024-05-17T10:56:19.988298][INFO][seed107] Loaded 10000 data instances
[2024-05-17T10:56:19.988477][INFO][seed122] args: -m;1500;-o;/mnt/beegfs/rcabanas/dev/credici/papers/causal_flavour/learntmodels/miter1500;--data;/mnt/beegfs/rcabanas/dev/credici/papers/causal_flavour/data/simple_learner_4Q10k_data.csv;-rw;-s;122;/mnt/beegfs/rcabanas/dev/credici/papers/causal_flavour/models/simple_learner_4Q10k.uai
[2024-05-17T10:56:19.990436][INFO][seed122] Starting logger with seed 122
[2024-05-17T10:56:19.993121][INFO][seed100] Loaded 10000 data instances
[2024-05-17T10:56:19.994065][INFO][seed100] Starting learning up to 1500 iterations
[2024-05-17T10:56:19.996357][INFO][seed121] Loaded 10000 data instances
[2024-05-17T10:56:19.997740][INFO][seed107] Starting learning up to 1500 iterations
[2024-05-17T10:56:19.998542][INFO][seed121] Starting learning up to 1500 iterations
[2024-05-17T10:56:20.002643][INFO][seed138] Loaded model and info: /mnt/beegfs/rcabanas/dev/credici/papers/causal_flavour/models/simple_learner_4Q10k.uai
[2024-05-17T10:56:20.009093][INFO][seed130] Loaded 10000 data instances
[2024-05-17T10:56:20.010977][INFO][seed130] Starting learning up to 1500 iterations
[2024-05-17T10:56:20.014516][INFO][seed112] Loaded 10000 data instances
[2024-05-17T10:56:20.026995][INFO][seed109] Loaded 10000 data instances
[2024-05-17T10:56:20.031754][INFO][seed112] Starting learning up to 1500 iterations
[2024-05-17T10:56:20.035678][INFO][seed109] Starting learning up to 1500 iterations
[2024-05-17T10:56:20.050545][INFO][seed123] Loaded 10000 data instances
[2024-05-17T10:56:20.051326][INFO][seed123] Starting learning up to 1500 iterations
[2024-05-17T10:56:20.078809][INFO][seed137] Loaded model and info: /mnt/beegfs/rcabanas/dev/credici/papers/causal_flavour/models/simple_learner_4Q10k.uai
[2024-05-17T10:56:20.053589][INFO][seed127] Set up logging
[2024-05-17T10:56:20.086441][INFO][seed127] args: -m;1500;-o;/mnt/beegfs/rcabanas/dev/credici/papers/causal_flavour/learntmodels/miter1500;--data;/mnt/beegfs/rcabanas/dev/credici/papers/causal_flavour/data/simple_learner_4Q10k_data.csv;-rw;-s;127;/mnt/beegfs/rcabanas/dev/credici/papers/causal_flavour/models/simple_learner_4Q10k.uai
[2024-05-17T10:56:20.088362][INFO][seed127] Starting logger with seed 127
[2024-05-17T10:56:20.119139][INFO][seed136] Loaded 10000 data instances
[2024-05-17T10:56:20.127327][INFO][seed136] Starting learning up to 1500 iterations
[2024-05-17T10:56:20.146903][INFO][seed134] Loaded 10000 data instances
[2024-05-17T10:56:20.121475][INFO][seed150] Set up logging
[2024-05-17T10:56:20.153750][INFO][seed150] args: -m;1500;-o;/mnt/beegfs/rcabanas/dev/credici/papers/causal_flavour/learntmodels/miter1500;--data;/mnt/beegfs/rcabanas/dev/credici/papers/causal_flavour/data/simple_learner_4Q10k_data.csv;-rw;-s;150;/mnt/beegfs/rcabanas/dev/credici/papers/causal_flavour/models/simple_learner_4Q10k.uai
[2024-05-17T10:56:20.155915][INFO][seed150] Starting logger with seed 150
[2024-05-17T10:56:20.158862][INFO][seed134] Starting learning up to 1500 iterations
[2024-05-17T10:56:20.129082][INFO][seed143] Set up logging
[2024-05-17T10:56:20.162203][INFO][seed143] args: -m;1500;-o;/mnt/beegfs/rcabanas/dev/credici/papers/causal_flavour/learntmodels/miter1500;--data;/mnt/beegfs/rcabanas/dev/credici/papers/causal_flavour/data/simple_learner_4Q10k_data.csv;-rw;-s;143;/mnt/beegfs/rcabanas/dev/credici/papers/causal_flavour/models/simple_learner_4Q10k.uai
[2024-05-17T10:56:20.164237][INFO][seed143] Starting logger with seed 143
[2024-05-17T10:56:20.168261][INFO][seed117] Loaded 10000 data instances
[2024-05-17T10:56:20.174490][INFO][seed118] Loaded 10000 data instances
[2024-05-17T10:56:20.177888][INFO][seed117] Starting learning up to 1500 iterations
[2024-05-17T10:56:20.151143][INFO][seed145] Set up logging
[2024-05-17T10:56:20.178755][INFO][seed145] args: -m;1500;-o;/mnt/beegfs/rcabanas/dev/credici/papers/causal_flavour/learntmodels/miter1500;--data;/mnt/beegfs/rcabanas/dev/credici/papers/causal_flavour/data/simple_learner_4Q10k_data.csv;-rw;-s;145;/mnt/beegfs/rcabanas/dev/credici/papers/causal_flavour/models/simple_learner_4Q10k.uai
[2024-05-17T10:56:20.156957][INFO][seed147] Set up logging
[2024-05-17T10:56:20.181692][INFO][seed118] Starting learning up to 1500 iterations
[2024-05-17T10:56:20.183615][INFO][seed147] args: -m;1500;-o;/mnt/beegfs/rcabanas/dev/credici/papers/causal_flavour/learntmodels/miter1500;--data;/mnt/beegfs/rcabanas/dev/credici/papers/causal_flavour/data/simple_learner_4Q10k_data.csv;-rw;-s;147;/mnt/beegfs/rcabanas/dev/credici/papers/causal_flavour/models/simple_learner_4Q10k.uai
[2024-05-17T10:56:20.185924][INFO][seed145] Starting logger with seed 145
[2024-05-17T10:56:20.159159][INFO][seed125] Set up logging
[2024-05-17T10:56:20.189792][INFO][seed125] args: -m;1500;-o;/mnt/beegfs/rcabanas/dev/credici/papers/causal_flavour/learntmodels/miter1500;--data;/mnt/beegfs/rcabanas/dev/credici/papers/causal_flavour/data/simple_learner_4Q10k_data.csv;-rw;-s;125;/mnt/beegfs/rcabanas/dev/credici/papers/causal_flavour/models/simple_learner_4Q10k.uai
[2024-05-17T10:56:20.160092][INFO][seed148] Set up logging
[2024-05-17T10:56:20.191658][INFO][seed148] args: -m;1500;-o;/mnt/beegfs/rcabanas/dev/credici/papers/causal_flavour/learntmodels/miter1500;--data;/mnt/beegfs/rcabanas/dev/credici/papers/causal_flavour/data/simple_learner_4Q10k_data.csv;-rw;-s;148;/mnt/beegfs/rcabanas/dev/credici/papers/causal_flavour/models/simple_learner_4Q10k.uai
[2024-05-17T10:56:20.194036][INFO][seed148] Starting logger with seed 148
[2024-05-17T10:56:20.182525][INFO][seed135] Set up logging
[2024-05-17T10:56:20.198764][INFO][seed125] Starting logger with seed 125
[2024-05-17T10:56:20.169163][INFO][seed126] Set up logging
[2024-05-17T10:56:20.200063][INFO][seed140] Loaded 10000 data instances
[2024-05-17T10:56:20.199783][INFO][seed126] args: -m;1500;-o;/mnt/beegfs/rcabanas/dev/credici/papers/causal_flavour/learntmodels/miter1500;--data;/mnt/beegfs/rcabanas/dev/credici/papers/causal_flavour/data/simple_learner_4Q10k_data.csv;-rw;-s;126;/mnt/beegfs/rcabanas/dev/credici/papers/causal_flavour/models/simple_learner_4Q10k.uai
[2024-05-17T10:56:20.196863][INFO][seed147] Starting logger with seed 147
[2024-05-17T10:56:20.166932][INFO][seed141] Set up logging
[2024-05-17T10:56:20.204353][INFO][seed140] Starting learning up to 1500 iterations
[2024-05-17T10:56:20.204731][INFO][seed141] args: -m;1500;-o;/mnt/beegfs/rcabanas/dev/credici/papers/causal_flavour/learntmodels/miter1500;--data;/mnt/beegfs/rcabanas/dev/credici/papers/causal_flavour/data/simple_learner_4Q10k_data.csv;-rw;-s;141;/mnt/beegfs/rcabanas/dev/credici/papers/causal_flavour/models/simple_learner_4Q10k.uai
[2024-05-17T10:56:20.204474][INFO][seed126] Starting logger with seed 126
[2024-05-17T10:56:20.206864][INFO][seed141] Starting logger with seed 141
[2024-05-17T10:56:20.207908][INFO][seed135] args: -m;1500;-o;/mnt/beegfs/rcabanas/dev/credici/papers/causal_flavour/learntmodels/miter1500;--data;/mnt/beegfs/rcabanas/dev/credici/papers/causal_flavour/data/simple_learner_4Q10k_data.csv;-rw;-s;135;/mnt/beegfs/rcabanas/dev/credici/papers/causal_flavour/models/simple_learner_4Q10k.uai
[2024-05-17T10:56:20.208232][INFO][seed122] Loaded model and info: /mnt/beegfs/rcabanas/dev/credici/papers/causal_flavour/models/simple_learner_4Q10k.uai
[2024-05-17T10:56:20.210706][INFO][seed135] Starting logger with seed 135
[2024-05-17T10:56:20.224146][INFO][seed114] Loaded 10000 data instances
[2024-05-17T10:56:20.213833][INFO][seed139] Set up logging
[2024-05-17T10:56:20.232974][INFO][seed114] Starting learning up to 1500 iterations
[2024-05-17T10:56:20.230454][INFO][seed139] args: -m;1500;-o;/mnt/beegfs/rcabanas/dev/credici/papers/causal_flavour/learntmodels/miter1500;--data;/mnt/beegfs/rcabanas/dev/credici/papers/causal_flavour/data/simple_learner_4Q10k_data.csv;-rw;-s;139;/mnt/beegfs/rcabanas/dev/credici/papers/causal_flavour/models/simple_learner_4Q10k.uai
[2024-05-17T10:56:20.241877][INFO][seed139] Starting logger with seed 139
[2024-05-17T10:56:20.254187][INFO][seed110] Loaded 10000 data instances
[2024-05-17T10:56:20.258320][INFO][seed119] Loaded model and info: /mnt/beegfs/rcabanas/dev/credici/papers/causal_flavour/models/simple_learner_4Q10k.uai
[2024-05-17T10:56:20.233329][INFO][seed129] Set up logging
[2024-05-17T10:56:20.261047][INFO][seed129] args: -m;1500;-o;/mnt/beegfs/rcabanas/dev/credici/papers/causal_flavour/learntmodels/miter1500;--data;/mnt/beegfs/rcabanas/dev/credici/papers/causal_flavour/data/simple_learner_4Q10k_data.csv;-rw;-s;129;/mnt/beegfs/rcabanas/dev/credici/papers/causal_flavour/models/simple_learner_4Q10k.uai
[2024-05-17T10:56:20.270949][INFO][seed110] Starting learning up to 1500 iterations
[2024-05-17T10:56:20.275168][INFO][seed129] Starting logger with seed 129
[2024-05-17T10:56:20.279300][INFO][seed133] Loaded 10000 data instances
[2024-05-17T10:56:20.283869][INFO][seed115] Loaded 10000 data instances
[2024-05-17T10:56:20.290860][INFO][seed133] Starting learning up to 1500 iterations
[2024-05-17T10:56:20.260215][INFO][seed132] Set up logging
[2024-05-17T10:56:20.292190][INFO][seed132] args: -m;1500;-o;/mnt/beegfs/rcabanas/dev/credici/papers/causal_flavour/learntmodels/miter1500;--data;/mnt/beegfs/rcabanas/dev/credici/papers/causal_flavour/data/simple_learner_4Q10k_data.csv;-rw;-s;132;/mnt/beegfs/rcabanas/dev/credici/papers/causal_flavour/models/simple_learner_4Q10k.uai
[2024-05-17T10:56:20.292865][INFO][seed115] Starting learning up to 1500 iterations
[2024-05-17T10:56:20.295895][INFO][seed124] Loaded 10000 data instances
[2024-05-17T10:56:20.298919][INFO][seed132] Starting logger with seed 132
[2024-05-17T10:56:20.301464][INFO][seed124] Starting learning up to 1500 iterations
[2024-05-17T10:56:20.283622][INFO][seed142] Set up logging
[2024-05-17T10:56:20.315292][INFO][seed142] args: -m;1500;-o;/mnt/beegfs/rcabanas/dev/credici/papers/causal_flavour/learntmodels/miter1500;--data;/mnt/beegfs/rcabanas/dev/credici/papers/causal_flavour/data/simple_learner_4Q10k_data.csv;-rw;-s;142;/mnt/beegfs/rcabanas/dev/credici/papers/causal_flavour/models/simple_learner_4Q10k.uai
[2024-05-17T10:56:20.317832][INFO][seed142] Starting logger with seed 142
[2024-05-17T10:56:20.364075][INFO][seed138] Loaded 10000 data instances
[2024-05-17T10:56:20.331134][INFO][seed149] Set up logging
[2024-05-17T10:56:20.369459][INFO][seed149] args: -m;1500;-o;/mnt/beegfs/rcabanas/dev/credici/papers/causal_flavour/learntmodels/miter1500;--data;/mnt/beegfs/rcabanas/dev/credici/papers/causal_flavour/data/simple_learner_4Q10k_data.csv;-rw;-s;149;/mnt/beegfs/rcabanas/dev/credici/papers/causal_flavour/models/simple_learner_4Q10k.uai
[2024-05-17T10:56:20.371946][INFO][seed138] Starting learning up to 1500 iterations
[2024-05-17T10:56:20.371683][INFO][seed149] Starting logger with seed 149
[2024-05-17T10:56:20.380288][INFO][seed150] Loaded model and info: /mnt/beegfs/rcabanas/dev/credici/papers/causal_flavour/models/simple_learner_4Q10k.uai
[2024-05-17T10:56:20.395287][INFO][seed127] Loaded model and info: /mnt/beegfs/rcabanas/dev/credici/papers/causal_flavour/models/simple_learner_4Q10k.uai
[2024-05-17T10:56:20.411715][INFO][seed143] Loaded model and info: /mnt/beegfs/rcabanas/dev/credici/papers/causal_flavour/models/simple_learner_4Q10k.uai
[2024-05-17T10:56:20.426866][INFO][seed145] Loaded model and info: /mnt/beegfs/rcabanas/dev/credici/papers/causal_flavour/models/simple_learner_4Q10k.uai
[2024-05-17T10:56:20.446458][INFO][seed141] Loaded model and info: /mnt/beegfs/rcabanas/dev/credici/papers/causal_flavour/models/simple_learner_4Q10k.uai
[2024-05-17T10:56:20.465162][INFO][seed137] Loaded 10000 data instances
[2024-05-17T10:56:20.467601][INFO][seed137] Starting learning up to 1500 iterations
[2024-05-17T10:56:20.468885][INFO][seed135] Loaded model and info: /mnt/beegfs/rcabanas/dev/credici/papers/causal_flavour/models/simple_learner_4Q10k.uai
[2024-05-17T10:56:20.498986][INFO][seed126] Loaded model and info: /mnt/beegfs/rcabanas/dev/credici/papers/causal_flavour/models/simple_learner_4Q10k.uai
[2024-05-17T10:56:20.501094][INFO][seed148] Loaded model and info: /mnt/beegfs/rcabanas/dev/credici/papers/causal_flavour/models/simple_learner_4Q10k.uai
[2024-05-17T10:56:20.461002][INFO][seed120] Set up logging
[2024-05-17T10:56:20.504879][INFO][seed120] args: -m;1500;-o;/mnt/beegfs/rcabanas/dev/credici/papers/causal_flavour/learntmodels/miter1500;--data;/mnt/beegfs/rcabanas/dev/credici/papers/causal_flavour/data/simple_learner_4Q10k_data.csv;-rw;-s;120;/mnt/beegfs/rcabanas/dev/credici/papers/causal_flavour/models/simple_learner_4Q10k.uai
[2024-05-17T10:56:20.506724][INFO][seed120] Starting logger with seed 120
[2024-05-17T10:56:20.511927][INFO][seed147] Loaded model and info: /mnt/beegfs/rcabanas/dev/credici/papers/causal_flavour/models/simple_learner_4Q10k.uai
[2024-05-17T10:56:20.538721][INFO][seed139] Loaded model and info: /mnt/beegfs/rcabanas/dev/credici/papers/causal_flavour/models/simple_learner_4Q10k.uai
[2024-05-17T10:56:20.540672][INFO][seed125] Loaded model and info: /mnt/beegfs/rcabanas/dev/credici/papers/causal_flavour/models/simple_learner_4Q10k.uai
[2024-05-17T10:56:20.578887][INFO][seed129] Loaded model and info: /mnt/beegfs/rcabanas/dev/credici/papers/causal_flavour/models/simple_learner_4Q10k.uai
[2024-05-17T10:56:20.606682][INFO][seed132] Loaded model and info: /mnt/beegfs/rcabanas/dev/credici/papers/causal_flavour/models/simple_learner_4Q10k.uai
[2024-05-17T10:56:20.607551][INFO][seed122] Loaded 10000 data instances
[2024-05-17T10:56:20.611670][INFO][seed122] Starting learning up to 1500 iterations
[2024-05-17T10:56:20.633286][INFO][seed119] Loaded 10000 data instances
[2024-05-17T10:56:20.634468][INFO][seed119] Starting learning up to 1500 iterations
[2024-05-17T10:56:20.653714][INFO][seed149] Loaded model and info: /mnt/beegfs/rcabanas/dev/credici/papers/causal_flavour/models/simple_learner_4Q10k.uai
[2024-05-17T10:56:20.673141][INFO][seed142] Loaded model and info: /mnt/beegfs/rcabanas/dev/credici/papers/causal_flavour/models/simple_learner_4Q10k.uai
[2024-05-17T10:56:20.792507][INFO][seed120] Loaded model and info: /mnt/beegfs/rcabanas/dev/credici/papers/causal_flavour/models/simple_learner_4Q10k.uai
[2024-05-17T10:56:20.799331][INFO][seed127] Loaded 10000 data instances
[2024-05-17T10:56:20.800313][INFO][seed127] Starting learning up to 1500 iterations
[2024-05-17T10:56:20.814005][INFO][seed150] Loaded 10000 data instances
[2024-05-17T10:56:20.815041][INFO][seed150] Starting learning up to 1500 iterations
[2024-05-17T10:56:20.893370][INFO][seed148] Loaded 10000 data instances
[2024-05-17T10:56:20.894437][INFO][seed148] Starting learning up to 1500 iterations
[2024-05-17T10:56:20.897869][INFO][seed147] Loaded 10000 data instances
[2024-05-17T10:56:20.898884][INFO][seed147] Starting learning up to 1500 iterations
[2024-05-17T10:56:20.920843][INFO][seed139] Loaded 10000 data instances
[2024-05-17T10:56:20.924659][INFO][seed143] Loaded 10000 data instances
[2024-05-17T10:56:20.921827][INFO][seed139] Starting learning up to 1500 iterations
[2024-05-17T10:56:20.928413][INFO][seed143] Starting learning up to 1500 iterations
[2024-05-17T10:56:20.938242][INFO][seed126] Loaded 10000 data instances
[2024-05-17T10:56:20.939235][INFO][seed126] Starting learning up to 1500 iterations
[2024-05-17T10:56:20.955882][INFO][seed125] Loaded 10000 data instances
[2024-05-17T10:56:20.965668][INFO][seed125] Starting learning up to 1500 iterations
[2024-05-17T10:56:20.967382][INFO][seed132] Loaded 10000 data instances
[2024-05-17T10:56:20.969140][INFO][seed141] Loaded 10000 data instances
[2024-05-17T10:56:20.970304][INFO][seed141] Starting learning up to 1500 iterations
[2024-05-17T10:56:20.969947][INFO][seed145] Loaded 10000 data instances
[2024-05-17T10:56:20.971][INFO][seed145] Starting learning up to 1500 iterations
[2024-05-17T10:56:20.973604][INFO][seed129] Loaded 10000 data instances
[2024-05-17T10:56:20.974582][INFO][seed129] Starting learning up to 1500 iterations
[2024-05-17T10:56:20.978038][INFO][seed132] Starting learning up to 1500 iterations
[2024-05-17T10:56:20.991215][INFO][seed135] Loaded 10000 data instances
[2024-05-17T10:56:20.992303][INFO][seed135] Starting learning up to 1500 iterations
[2024-05-17T10:56:21.043294][INFO][seed149] Loaded 10000 data instances
[2024-05-17T10:56:21.057330][INFO][seed149] Starting learning up to 1500 iterations
[2024-05-17T10:56:21.059548][INFO][seed142] Loaded 10000 data instances
[2024-05-17T10:56:21.069282][INFO][seed142] Starting learning up to 1500 iterations
[2024-05-17T10:56:21.186452][INFO][seed120] Loaded 10000 data instances
[2024-05-17T10:56:21.190946][INFO][seed120] Starting learning up to 1500 iterations
[2024-05-17T11:57:13.866630][INFO][seed111] Ellapsed time: 3654141.ms
[2024-05-17T11:57:13.929489][INFO][seed111] Saved model at /mnt/beegfs/rcabanas/dev/credici/papers/causal_flavour/learntmodels/miter1500/simple_learner_4Q10k/model_111.uai
[2024-05-17T11:57:13.930016][INFO][seed111] Closing log file
[2024-05-17T11:57:13.930167][INFO][seed111] Closed log file
['learn.py', '1500', '144']
seed=144
/mnt/beegfs/rcabanas/dev/credici
/mnt/beegfs/rcabanas/dev/credici/papers/causal_flavour
/mnt/beegfs/rcabanas/dev/credici/papers/causal_flavour/learntmodels
/mnt/beegfs/rcabanas/dev/credici/papers/causal_flavour/models
/mnt/beegfs/rcabanas/dev/credici/target/credici-0.1.5-dev-SNAPSHOT-jar-with-dependencies.jar
/mnt/beegfs/rcabanas/dev/credici/papers/causal_flavour/code/LearnCF.java
[2024-05-17T11:57:15.554974][INFO][seed104] Ellapsed time: 3655699.ms
[2024-05-17T11:57:15.590297][INFO][seed104] Saved model at /mnt/beegfs/rcabanas/dev/credici/papers/causal_flavour/learntmodels/miter1500/simple_learner_4Q10k/model_104.uai
[2024-05-17T11:57:15.590813][INFO][seed104] Closing log file
[2024-05-17T11:57:15.590939][INFO][seed104] Closed log file
[2024-05-17T11:57:16.830613][INFO][seed144] Set up logging
[2024-05-17T11:57:16.856461][INFO][seed144] args: -m;1500;-o;/mnt/beegfs/rcabanas/dev/credici/papers/causal_flavour/learntmodels/miter1500;--data;/mnt/beegfs/rcabanas/dev/credici/papers/causal_flavour/data/simple_learner_4Q10k_data.csv;-rw;-s;144;/mnt/beegfs/rcabanas/dev/credici/papers/causal_flavour/models/simple_learner_4Q10k.uai
[2024-05-17T11:57:16.864396][INFO][seed144] Starting logger with seed 144
[2024-05-17T11:57:17.103336][INFO][seed144] Loaded model and info: /mnt/beegfs/rcabanas/dev/credici/papers/causal_flavour/models/simple_learner_4Q10k.uai
[2024-05-17T11:57:17.520462][INFO][seed144] Loaded 10000 data instances
[2024-05-17T11:57:17.521737][INFO][seed144] Starting learning up to 1500 iterations
[2024-05-17T11:57:21.288175][INFO][seed135] Ellapsed time: 3660272.ms
[2024-05-17T11:57:21.331183][INFO][seed135] Saved model at /mnt/beegfs/rcabanas/dev/credici/papers/causal_flavour/learntmodels/miter1500/simple_learner_4Q10k/model_135.uai
[2024-05-17T11:57:21.331574][INFO][seed135] Closing log file
[2024-05-17T11:57:21.331753][INFO][seed135] Closed log file
[2024-05-17T11:57:39.095965][INFO][seed112] Ellapsed time: 3679049.ms
[2024-05-17T11:57:39.146843][INFO][seed112] Saved model at /mnt/beegfs/rcabanas/dev/credici/papers/causal_flavour/learntmodels/miter1500/simple_learner_4Q10k/model_112.uai
[2024-05-17T11:57:39.147376][INFO][seed112] Closing log file
[2024-05-17T11:57:39.147516][INFO][seed112] Closed log file
[2024-05-17T11:57:43.026677][INFO][seed100] Ellapsed time: 3683017.ms
[2024-05-17T11:57:43.055133][INFO][seed100] Saved model at /mnt/beegfs/rcabanas/dev/credici/papers/causal_flavour/learntmodels/miter1500/simple_learner_4Q10k/model_100.uai
[2024-05-17T11:57:43.055539][INFO][seed100] Closing log file
[2024-05-17T11:57:43.055662][INFO][seed100] Closed log file
[2024-05-17T11:57:48.371871][INFO][seed107] Ellapsed time: 3688356.ms
[2024-05-17T11:57:48.427464][INFO][seed107] Saved model at /mnt/beegfs/rcabanas/dev/credici/papers/causal_flavour/learntmodels/miter1500/simple_learner_4Q10k/model_107.uai
[2024-05-17T11:57:48.427983][INFO][seed107] Closing log file
[2024-05-17T11:57:48.428131][INFO][seed107] Closed log file
[2024-05-17T11:57:49.255997][INFO][seed131] Ellapsed time: 3689504.ms
[2024-05-17T11:57:49.288314][INFO][seed131] Saved model at /mnt/beegfs/rcabanas/dev/credici/papers/causal_flavour/learntmodels/miter1500/simple_learner_4Q10k/model_131.uai
[2024-05-17T11:57:49.288692][INFO][seed131] Closing log file
[2024-05-17T11:57:49.288805][INFO][seed131] Closed log file
[2024-05-17T11:57:53.089295][INFO][seed148] Ellapsed time: 3692181.ms
[2024-05-17T11:57:53.142409][INFO][seed148] Saved model at /mnt/beegfs/rcabanas/dev/credici/papers/causal_flavour/learntmodels/miter1500/simple_learner_4Q10k/model_148.uai
[2024-05-17T11:57:53.142771][INFO][seed148] Closing log file
[2024-05-17T11:57:53.142891][INFO][seed148] Closed log file
[2024-05-17T11:58:17.751641][INFO][seed141] Ellapsed time: 3716761.ms
[2024-05-17T11:58:17.799444][INFO][seed141] Saved model at /mnt/beegfs/rcabanas/dev/credici/papers/causal_flavour/learntmodels/miter1500/simple_learner_4Q10k/model_141.uai
[2024-05-17T11:58:17.799741][INFO][seed141] Closing log file
[2024-05-17T11:58:17.799859][INFO][seed141] Closed log file
[2024-05-17T11:58:19.540866][INFO][seed147] Ellapsed time: 3718624.ms
[2024-05-17T11:58:19.569051][INFO][seed147] Saved model at /mnt/beegfs/rcabanas/dev/credici/papers/causal_flavour/learntmodels/miter1500/simple_learner_4Q10k/model_147.uai
[2024-05-17T11:58:19.569240][INFO][seed147] Closing log file
[2024-05-17T11:58:19.569348][INFO][seed147] Closed log file
[2024-05-17T11:58:28.701441][INFO][seed130] Ellapsed time: 3728675.ms
[2024-05-17T11:58:28.738847][INFO][seed130] Saved model at /mnt/beegfs/rcabanas/dev/credici/papers/causal_flavour/learntmodels/miter1500/simple_learner_4Q10k/model_130.uai
[2024-05-17T11:58:28.739206][INFO][seed130] Closing log file
[2024-05-17T11:58:28.739317][INFO][seed130] Closed log file
[2024-05-17T11:59:35.123016][INFO][seed126] Ellapsed time: 3794163.ms
[2024-05-17T11:59:35.196001][INFO][seed126] Saved model at /mnt/beegfs/rcabanas/dev/credici/papers/causal_flavour/learntmodels/miter1500/simple_learner_4Q10k/model_126.uai
[2024-05-17T11:59:35.196473][INFO][seed126] Closing log file
[2024-05-17T11:59:35.196593][INFO][seed126] Closed log file
[2024-05-17T11:59:38.346491][INFO][seed132] Ellapsed time: 3797348.ms
[2024-05-17T11:59:38.382826][INFO][seed132] Saved model at /mnt/beegfs/rcabanas/dev/credici/papers/causal_flavour/learntmodels/miter1500/simple_learner_4Q10k/model_132.uai
[2024-05-17T11:59:38.383094][INFO][seed132] Closing log file
[2024-05-17T11:59:38.383205][INFO][seed132] Closed log file
[2024-05-17T11:59:38.451641][INFO][seed120] Ellapsed time: 3797235.ms
[2024-05-17T11:59:38.511084][INFO][seed120] Saved model at /mnt/beegfs/rcabanas/dev/credici/papers/causal_flavour/learntmodels/miter1500/simple_learner_4Q10k/model_120.uai
[2024-05-17T11:59:38.511407][INFO][seed120] Closing log file
[2024-05-17T11:59:38.511516][INFO][seed120] Closed log file
[2024-05-17T11:59:50.348869][INFO][seed108] Ellapsed time: 3810512.ms
[2024-05-17T11:59:50.376041][INFO][seed108] Saved model at /mnt/beegfs/rcabanas/dev/credici/papers/causal_flavour/learntmodels/miter1500/simple_learner_4Q10k/model_108.uai
[2024-05-17T11:59:50.376231][INFO][seed108] Closing log file
[2024-05-17T11:59:50.376347][INFO][seed108] Closed log file
[2024-05-17T12:00:10.286883][INFO][seed129] Ellapsed time: 3829299.ms
[2024-05-17T12:00:10.315672][INFO][seed129] Saved model at /mnt/beegfs/rcabanas/dev/credici/papers/causal_flavour/learntmodels/miter1500/simple_learner_4Q10k/model_129.uai
[2024-05-17T12:00:10.315863][INFO][seed129] Closing log file
[2024-05-17T12:00:10.315972][INFO][seed129] Closed log file
[2024-05-17T12:00:49.505767][INFO][seed140] Ellapsed time: 3869283.ms
[2024-05-17T12:00:49.548124][INFO][seed140] Saved model at /mnt/beegfs/rcabanas/dev/credici/papers/causal_flavour/learntmodels/miter1500/simple_learner_4Q10k/model_140.uai
[2024-05-17T12:00:49.548586][INFO][seed140] Closing log file
[2024-05-17T12:00:49.548711][INFO][seed140] Closed log file
[2024-05-17T12:01:34.231961][INFO][seed118] Ellapsed time: 3914029.ms
[2024-05-17T12:01:34.263436][INFO][seed118] Saved model at /mnt/beegfs/rcabanas/dev/credici/papers/causal_flavour/learntmodels/miter1500/simple_learner_4Q10k/model_118.uai
[2024-05-17T12:01:34.263829][INFO][seed118] Closing log file
[2024-05-17T12:01:34.263957][INFO][seed118] Closed log file
[2024-05-17T12:01:50.036193][INFO][seed114] Ellapsed time: 3929763.ms
[2024-05-17T12:01:50.067806][INFO][seed114] Saved model at /mnt/beegfs/rcabanas/dev/credici/papers/causal_flavour/learntmodels/miter1500/simple_learner_4Q10k/model_114.uai
[2024-05-17T12:01:50.068141][INFO][seed114] Closing log file
[2024-05-17T12:01:50.068258][INFO][seed114] Closed log file
[2024-05-17T12:02:06.403420][INFO][seed122] Ellapsed time: 3945750.ms
[2024-05-17T12:02:06.450405][INFO][seed122] Saved model at /mnt/beegfs/rcabanas/dev/credici/papers/causal_flavour/learntmodels/miter1500/simple_learner_4Q10k/model_122.uai
[2024-05-17T12:02:06.450799][INFO][seed122] Closing log file
[2024-05-17T12:02:06.450943][INFO][seed122] Closed log file
[2024-05-17T12:02:10.267980][INFO][seed143] Ellapsed time: 3949321.ms
[2024-05-17T12:02:10.340786][INFO][seed143] Saved model at /mnt/beegfs/rcabanas/dev/credici/papers/causal_flavour/learntmodels/miter1500/simple_learner_4Q10k/model_143.uai
[2024-05-17T12:02:10.341305][INFO][seed143] Closing log file
[2024-05-17T12:02:10.342166][INFO][seed143] Closed log file
[2024-05-17T12:02:15.630006][INFO][seed102] Ellapsed time: 3955677.ms
[2024-05-17T12:02:15.675602][INFO][seed102] Saved model at /mnt/beegfs/rcabanas/dev/credici/papers/causal_flavour/learntmodels/miter1500/simple_learner_4Q10k/model_102.uai
[2024-05-17T12:02:15.676130][INFO][seed102] Closing log file
[2024-05-17T12:02:15.676276][INFO][seed102] Closed log file
[2024-05-17T12:02:16.713065][INFO][seed136] Ellapsed time: 3956570.ms
[2024-05-17T12:02:16.767155][INFO][seed136] Saved model at /mnt/beegfs/rcabanas/dev/credici/papers/causal_flavour/learntmodels/miter1500/simple_learner_4Q10k/model_136.uai
[2024-05-17T12:02:16.767432][INFO][seed136] Closing log file
[2024-05-17T12:02:16.767538][INFO][seed136] Closed log file
[2024-05-17T12:02:17.426286][INFO][seed101] Ellapsed time: 3957760.ms
[2024-05-17T12:02:17.460129][INFO][seed101] Saved model at /mnt/beegfs/rcabanas/dev/credici/papers/causal_flavour/learntmodels/miter1500/simple_learner_4Q10k/model_101.uai
[2024-05-17T12:02:17.460497][INFO][seed101] Closing log file
[2024-05-17T12:02:17.460615][INFO][seed101] Closed log file
[2024-05-17T12:02:17.926959][INFO][seed116] Ellapsed time: 3958054.ms
[2024-05-17T12:02:17.959876][INFO][seed116] Saved model at /mnt/beegfs/rcabanas/dev/credici/papers/causal_flavour/learntmodels/miter1500/simple_learner_4Q10k/model_116.uai
[2024-05-17T12:02:17.960246][INFO][seed116] Closing log file
[2024-05-17T12:02:17.960356][INFO][seed116] Closed log file
[2024-05-17T12:02:18.926774][INFO][seed105] Ellapsed time: 3959204.ms
[2024-05-17T12:02:18.952715][INFO][seed105] Saved model at /mnt/beegfs/rcabanas/dev/credici/papers/causal_flavour/learntmodels/miter1500/simple_learner_4Q10k/model_105.uai
[2024-05-17T12:02:18.952942][INFO][seed105] Closing log file
[2024-05-17T12:02:18.953069][INFO][seed105] Closed log file
[2024-05-17T12:02:19.910079][INFO][seed115] Ellapsed time: 3959593.ms
[2024-05-17T12:02:19.967043][INFO][seed115] Saved model at /mnt/beegfs/rcabanas/dev/credici/papers/causal_flavour/learntmodels/miter1500/simple_learner_4Q10k/model_115.uai
[2024-05-17T12:02:19.967392][INFO][seed115] Closing log file
[2024-05-17T12:02:19.967513][INFO][seed115] Closed log file
[2024-05-17T12:02:29.393061][INFO][seed119] Ellapsed time: 3968743.ms
[2024-05-17T12:02:29.454823][INFO][seed119] Saved model at /mnt/beegfs/rcabanas/dev/credici/papers/causal_flavour/learntmodels/miter1500/simple_learner_4Q10k/model_119.uai
[2024-05-17T12:02:29.455192][INFO][seed119] Closing log file
[2024-05-17T12:02:29.455305][INFO][seed119] Closed log file
[2024-05-17T12:02:34.264412][INFO][seed103] Ellapsed time: 3974284.ms
[2024-05-17T12:02:34.307897][INFO][seed103] Saved model at /mnt/beegfs/rcabanas/dev/credici/papers/causal_flavour/learntmodels/miter1500/simple_learner_4Q10k/model_103.uai
[2024-05-17T12:02:34.308176][INFO][seed103] Closing log file
[2024-05-17T12:02:34.308281][INFO][seed103] Closed log file
[2024-05-17T12:02:35.143190][INFO][seed134] Ellapsed time: 3974971.ms
[2024-05-17T12:02:35.211243][INFO][seed134] Saved model at /mnt/beegfs/rcabanas/dev/credici/papers/causal_flavour/learntmodels/miter1500/simple_learner_4Q10k/model_134.uai
[2024-05-17T12:02:35.211584][INFO][seed134] Closing log file
[2024-05-17T12:02:35.211694][INFO][seed134] Closed log file
[2024-05-17T12:02:35.864306][INFO][seed145] Ellapsed time: 3974879.ms
[2024-05-17T12:02:35.925124][INFO][seed145] Saved model at /mnt/beegfs/rcabanas/dev/credici/papers/causal_flavour/learntmodels/miter1500/simple_learner_4Q10k/model_145.uai
[2024-05-17T12:02:35.925514][INFO][seed145] Closing log file
[2024-05-17T12:02:35.925932][INFO][seed145] Closed log file
[2024-05-17T12:02:38.644685][INFO][seed139] Ellapsed time: 3977700.ms
[2024-05-17T12:02:38.672793][INFO][seed139] Saved model at /mnt/beegfs/rcabanas/dev/credici/papers/causal_flavour/learntmodels/miter1500/simple_learner_4Q10k/model_139.uai
[2024-05-17T12:02:38.673039][INFO][seed139] Closing log file
[2024-05-17T12:02:38.673149][INFO][seed139] Closed log file
[2024-05-17T12:02:44.175142][INFO][seed150] Ellapsed time: 3983327.ms
[2024-05-17T12:02:44.223372][INFO][seed150] Saved model at /mnt/beegfs/rcabanas/dev/credici/papers/causal_flavour/learntmodels/miter1500/simple_learner_4Q10k/model_150.uai
[2024-05-17T12:02:44.223652][INFO][seed150] Closing log file
[2024-05-17T12:02:44.223761][INFO][seed150] Closed log file
[2024-05-17T12:02:46.314691][INFO][seed106] Ellapsed time: 3986588.ms
[2024-05-17T12:02:46.363070][INFO][seed106] Saved model at /mnt/beegfs/rcabanas/dev/credici/papers/causal_flavour/learntmodels/miter1500/simple_learner_4Q10k/model_106.uai
[2024-05-17T12:02:46.363310][INFO][seed106] Closing log file
[2024-05-17T12:02:46.363420][INFO][seed106] Closed log file
[2024-05-17T12:02:46.933469][INFO][seed125] Ellapsed time: 3985952.ms
[2024-05-17T12:02:46.970635][INFO][seed125] Saved model at /mnt/beegfs/rcabanas/dev/credici/papers/causal_flavour/learntmodels/miter1500/simple_learner_4Q10k/model_125.uai
[2024-05-17T12:02:46.971058][INFO][seed125] Closing log file
[2024-05-17T12:02:46.971180][INFO][seed125] Closed log file
[2024-05-17T12:02:49.203961][INFO][seed127] Ellapsed time: 3988383.ms
[2024-05-17T12:02:49.234699][INFO][seed127] Saved model at /mnt/beegfs/rcabanas/dev/credici/papers/causal_flavour/learntmodels/miter1500/simple_learner_4Q10k/model_127.uai
[2024-05-17T12:02:49.234906][INFO][seed127] Closing log file
[2024-05-17T12:02:49.235038][INFO][seed127] Closed log file
[2024-05-17T12:02:50.588116][INFO][seed128] Ellapsed time: 3990831.ms
[2024-05-17T12:02:50.640625][INFO][seed128] Saved model at /mnt/beegfs/rcabanas/dev/credici/papers/causal_flavour/learntmodels/miter1500/simple_learner_4Q10k/model_128.uai
[2024-05-17T12:02:50.640855][INFO][seed128] Closing log file
[2024-05-17T12:02:50.640958][INFO][seed128] Closed log file
[2024-05-17T12:02:54.678448][INFO][seed137] Ellapsed time: 3994177.ms
[2024-05-17T12:02:54.707699][INFO][seed137] Saved model at /mnt/beegfs/rcabanas/dev/credici/papers/causal_flavour/learntmodels/miter1500/simple_learner_4Q10k/model_137.uai
[2024-05-17T12:02:54.707940][INFO][seed137] Closing log file
[2024-05-17T12:02:54.708058][INFO][seed137] Closed log file
[2024-05-17T12:03:00.935709][INFO][seed146] Ellapsed time: 4000927.ms
[2024-05-17T12:03:00.972711][INFO][seed146] Saved model at /mnt/beegfs/rcabanas/dev/credici/papers/causal_flavour/learntmodels/miter1500/simple_learner_4Q10k/model_146.uai
[2024-05-17T12:03:00.972985][INFO][seed146] Closing log file
[2024-05-17T12:03:00.973102][INFO][seed146] Closed log file
[2024-05-17T12:03:09.127214][INFO][seed123] Ellapsed time: 4009057.ms
[2024-05-17T12:03:09.154781][INFO][seed123] Saved model at /mnt/beegfs/rcabanas/dev/credici/papers/causal_flavour/learntmodels/miter1500/simple_learner_4Q10k/model_123.uai
[2024-05-17T12:03:09.155093][INFO][seed123] Closing log file
[2024-05-17T12:03:09.155199][INFO][seed123] Closed log file
[2024-05-17T12:03:13.891254][INFO][seed124] Ellapsed time: 4013569.ms
[2024-05-17T12:03:13.947497][INFO][seed124] Saved model at /mnt/beegfs/rcabanas/dev/credici/papers/causal_flavour/learntmodels/miter1500/simple_learner_4Q10k/model_124.uai
[2024-05-17T12:03:13.947755][INFO][seed124] Closing log file
[2024-05-17T12:03:13.947858][INFO][seed124] Closed log file
[2024-05-17T12:03:17.276645][INFO][seed138] Ellapsed time: 4016886.ms
[2024-05-17T12:03:17.310585][INFO][seed138] Saved model at /mnt/beegfs/rcabanas/dev/credici/papers/causal_flavour/learntmodels/miter1500/simple_learner_4Q10k/model_138.uai
[2024-05-17T12:03:17.310761][INFO][seed138] Closing log file
[2024-05-17T12:03:17.310863][INFO][seed138] Closed log file
[2024-05-17T12:03:31.876171][INFO][seed149] Ellapsed time: 4030807.ms
[2024-05-17T12:03:31.929742][INFO][seed149] Saved model at /mnt/beegfs/rcabanas/dev/credici/papers/causal_flavour/learntmodels/miter1500/simple_learner_4Q10k/model_149.uai
[2024-05-17T12:03:31.929944][INFO][seed149] Closing log file
[2024-05-17T12:03:31.930065][INFO][seed149] Closed log file
[2024-05-17T12:03:41.684430][INFO][seed113] Ellapsed time: 4041688.ms
[2024-05-17T12:03:41.709623][INFO][seed113] Saved model at /mnt/beegfs/rcabanas/dev/credici/papers/causal_flavour/learntmodels/miter1500/simple_learner_4Q10k/model_113.uai
[2024-05-17T12:03:41.709838][INFO][seed113] Closing log file
[2024-05-17T12:03:41.709938][INFO][seed113] Closed log file
[2024-05-17T12:03:54.786688][INFO][seed142] Ellapsed time: 4053701.ms
[2024-05-17T12:03:54.814494][INFO][seed142] Saved model at /mnt/beegfs/rcabanas/dev/credici/papers/causal_flavour/learntmodels/miter1500/simple_learner_4Q10k/model_142.uai
[2024-05-17T12:03:54.814789][INFO][seed142] Closing log file
[2024-05-17T12:03:54.814914][INFO][seed142] Closed log file
[2024-05-17T12:04:01.203439][INFO][seed117] Ellapsed time: 4061010.ms
[2024-05-17T12:04:01.253496][INFO][seed117] Saved model at /mnt/beegfs/rcabanas/dev/credici/papers/causal_flavour/learntmodels/miter1500/simple_learner_4Q10k/model_117.uai
[2024-05-17T12:04:01.253750][INFO][seed117] Closing log file
[2024-05-17T12:04:01.253850][INFO][seed117] Closed log file
[2024-05-17T12:04:13.803460][INFO][seed109] Ellapsed time: 4073748.ms
[2024-05-17T12:04:13.858608][INFO][seed109] Saved model at /mnt/beegfs/rcabanas/dev/credici/papers/causal_flavour/learntmodels/miter1500/simple_learner_4Q10k/model_109.uai
[2024-05-17T12:04:13.858855][INFO][seed109] Closing log file
[2024-05-17T12:04:13.858957][INFO][seed109] Closed log file
[2024-05-17T12:04:17.742035][INFO][seed121] Ellapsed time: 4077723.ms
[2024-05-17T12:04:17.788436][INFO][seed121] Saved model at /mnt/beegfs/rcabanas/dev/credici/papers/causal_flavour/learntmodels/miter1500/simple_learner_4Q10k/model_121.uai
[2024-05-17T12:04:17.788662][INFO][seed121] Closing log file
[2024-05-17T12:04:17.788761][INFO][seed121] Closed log file
[2024-05-17T12:05:20.855042][INFO][seed110] Ellapsed time: 4140543.ms
[2024-05-17T12:05:20.884988][INFO][seed110] Saved model at /mnt/beegfs/rcabanas/dev/credici/papers/causal_flavour/learntmodels/miter1500/simple_learner_4Q10k/model_110.uai
[2024-05-17T12:05:20.885250][INFO][seed110] Closing log file
[2024-05-17T12:05:20.885350][INFO][seed110] Closed log file
[2024-05-17T12:05:21.516568][INFO][seed133] Ellapsed time: 4141219.ms
[2024-05-17T12:05:21.542636][INFO][seed133] Saved model at /mnt/beegfs/rcabanas/dev/credici/papers/causal_flavour/learntmodels/miter1500/simple_learner_4Q10k/model_133.uai
[2024-05-17T12:05:21.542844][INFO][seed133] Closing log file
[2024-05-17T12:05:21.542944][INFO][seed133] Closed log file
[2024-05-17T12:29:35.337040][INFO][seed144] Ellapsed time: 1937785.ms
[2024-05-17T12:29:35.377342][INFO][seed144] Saved model at /mnt/beegfs/rcabanas/dev/credici/papers/causal_flavour/learntmodels/miter1500/simple_learner_4Q10k/model_144.uai
[2024-05-17T12:29:35.377584][INFO][seed144] Closing log file
[2024-05-17T12:29:35.377683][INFO][seed144] Closed log file
