100
1000
['learn.py', '1000', '146']
['learn.py', '1000', '133']
seed=146
seed=133
/mnt/beegfs/rcabanas/dev/credici
/mnt/beegfs/rcabanas/dev/credici
/mnt/beegfs/rcabanas/dev/credici/papers/causal_flavour
/mnt/beegfs/rcabanas/dev/credici/papers/causal_flavour
['learn.py', '1000', '129']
['learn.py', '1000', '106']
/mnt/beegfs/rcabanas/dev/credici/papers/causal_flavour/learntmodels
['learn.py', '1000', '108']
/mnt/beegfs/rcabanas/dev/credici/papers/causal_flavour/learntmodels
/mnt/beegfs/rcabanas/dev/credici/papers/causal_flavour/models
/mnt/beegfs/rcabanas/dev/credici/target/credici-0.1.5-dev-SNAPSHOT-jar-with-dependencies.jar
/mnt/beegfs/rcabanas/dev/credici/papers/causal_flavour/code/LearnCF.java
/mnt/beegfs/rcabanas/dev/credici/papers/causal_flavour/models
/mnt/beegfs/rcabanas/dev/credici/target/credici-0.1.5-dev-SNAPSHOT-jar-with-dependencies.jar
/mnt/beegfs/rcabanas/dev/credici/papers/causal_flavour/code/LearnCF.java
['learn.py', '1000', '148']
seed=129
seed=106
seed=108
/mnt/beegfs/rcabanas/dev/credici
/mnt/beegfs/rcabanas/dev/credici
/mnt/beegfs/rcabanas/dev/credici
/mnt/beegfs/rcabanas/dev/credici/papers/causal_flavour
/mnt/beegfs/rcabanas/dev/credici/papers/causal_flavour
/mnt/beegfs/rcabanas/dev/credici/papers/causal_flavour
/mnt/beegfs/rcabanas/dev/credici/papers/causal_flavour/learntmodels
/mnt/beegfs/rcabanas/dev/credici/papers/causal_flavour/learntmodels
/mnt/beegfs/rcabanas/dev/credici/papers/causal_flavour/models
/mnt/beegfs/rcabanas/dev/credici/papers/causal_flavour/learntmodels
/mnt/beegfs/rcabanas/dev/credici/papers/causal_flavour/models
/mnt/beegfs/rcabanas/dev/credici/target/credici-0.1.5-dev-SNAPSHOT-jar-with-dependencies.jar
/mnt/beegfs/rcabanas/dev/credici/papers/causal_flavour/models
/mnt/beegfs/rcabanas/dev/credici/target/credici-0.1.5-dev-SNAPSHOT-jar-with-dependencies.jar
/mnt/beegfs/rcabanas/dev/credici/papers/causal_flavour/code/LearnCF.java
/mnt/beegfs/rcabanas/dev/credici/target/credici-0.1.5-dev-SNAPSHOT-jar-with-dependencies.jar
/mnt/beegfs/rcabanas/dev/credici/papers/causal_flavour/code/LearnCF.java
/mnt/beegfs/rcabanas/dev/credici/papers/causal_flavour/code/LearnCF.java
seed=148
/mnt/beegfs/rcabanas/dev/credici
/mnt/beegfs/rcabanas/dev/credici/papers/causal_flavour
/mnt/beegfs/rcabanas/dev/credici/papers/causal_flavour/learntmodels
/mnt/beegfs/rcabanas/dev/credici/papers/causal_flavour/models
/mnt/beegfs/rcabanas/dev/credici/target/credici-0.1.5-dev-SNAPSHOT-jar-with-dependencies.jar
/mnt/beegfs/rcabanas/dev/credici/papers/causal_flavour/code/LearnCF.java
['learn.py', '1000', '138']
seed=138
/mnt/beegfs/rcabanas/dev/credici
/mnt/beegfs/rcabanas/dev/credici/papers/causal_flavour
/mnt/beegfs/rcabanas/dev/credici/papers/causal_flavour/learntmodels
/mnt/beegfs/rcabanas/dev/credici/papers/causal_flavour/models
/mnt/beegfs/rcabanas/dev/credici/target/credici-0.1.5-dev-SNAPSHOT-jar-with-dependencies.jar
/mnt/beegfs/rcabanas/dev/credici/papers/causal_flavour/code/LearnCF.java
['learn.py', '1000', '121']
['learn.py', '1000', '113']
['learn.py', '1000', '137']
['learn.py', '1000', '135']
seed=135
seed=121
/mnt/beegfs/rcabanas/dev/credici
/mnt/beegfs/rcabanas/dev/credici/papers/causal_flavour
/mnt/beegfs/rcabanas/dev/credici/papers/causal_flavour/learntmodels
/mnt/beegfs/rcabanas/dev/credici/papers/causal_flavour/models
/mnt/beegfs/rcabanas/dev/credici/target/credici-0.1.5-dev-SNAPSHOT-jar-with-dependencies.jar
/mnt/beegfs/rcabanas/dev/credici/papers/causal_flavour/code/LearnCF.java
seed=113
/mnt/beegfs/rcabanas/dev/credici
/mnt/beegfs/rcabanas/dev/credici/papers/causal_flavour
seed=137
/mnt/beegfs/rcabanas/dev/credici
/mnt/beegfs/rcabanas/dev/credici/papers/causal_flavour
/mnt/beegfs/rcabanas/dev/credici
/mnt/beegfs/rcabanas/dev/credici/papers/causal_flavour
/mnt/beegfs/rcabanas/dev/credici/papers/causal_flavour/learntmodels
['learn.py', '1000', '141']
/mnt/beegfs/rcabanas/dev/credici/papers/causal_flavour/learntmodels
/mnt/beegfs/rcabanas/dev/credici/papers/causal_flavour/learntmodels
['learn.py', '1000', '144']
/mnt/beegfs/rcabanas/dev/credici/papers/causal_flavour/models
/mnt/beegfs/rcabanas/dev/credici/target/credici-0.1.5-dev-SNAPSHOT-jar-with-dependencies.jar
/mnt/beegfs/rcabanas/dev/credici/papers/causal_flavour/models
/mnt/beegfs/rcabanas/dev/credici/papers/causal_flavour/models
/mnt/beegfs/rcabanas/dev/credici/target/credici-0.1.5-dev-SNAPSHOT-jar-with-dependencies.jar
['learn.py', '1000', '111']
['learn.py', '1000', '102']
/mnt/beegfs/rcabanas/dev/credici/papers/causal_flavour/code/LearnCF.java
/mnt/beegfs/rcabanas/dev/credici/target/credici-0.1.5-dev-SNAPSHOT-jar-with-dependencies.jar
/mnt/beegfs/rcabanas/dev/credici/papers/causal_flavour/code/LearnCF.java
/mnt/beegfs/rcabanas/dev/credici/papers/causal_flavour/code/LearnCF.java
seed=144
/mnt/beegfs/rcabanas/dev/credici
seed=141
/mnt/beegfs/rcabanas/dev/credici/papers/causal_flavour
/mnt/beegfs/rcabanas/dev/credici/papers/causal_flavour/learntmodels
/mnt/beegfs/rcabanas/dev/credici/papers/causal_flavour/models
/mnt/beegfs/rcabanas/dev/credici
/mnt/beegfs/rcabanas/dev/credici/papers/causal_flavour
seed=111
seed=102
/mnt/beegfs/rcabanas/dev/credici/target/credici-0.1.5-dev-SNAPSHOT-jar-with-dependencies.jar
/mnt/beegfs/rcabanas/dev/credici/papers/causal_flavour/learntmodels
/mnt/beegfs/rcabanas/dev/credici
/mnt/beegfs/rcabanas/dev/credici/papers/causal_flavour
/mnt/beegfs/rcabanas/dev/credici/papers/causal_flavour/learntmodels
/mnt/beegfs/rcabanas/dev/credici/papers/causal_flavour/models
/mnt/beegfs/rcabanas/dev/credici/target/credici-0.1.5-dev-SNAPSHOT-jar-with-dependencies.jar
/mnt/beegfs/rcabanas/dev/credici/papers/causal_flavour/code/LearnCF.java
/mnt/beegfs/rcabanas/dev/credici
/mnt/beegfs/rcabanas/dev/credici/papers/causal_flavour/code/LearnCF.java
/mnt/beegfs/rcabanas/dev/credici/papers/causal_flavour/models
/mnt/beegfs/rcabanas/dev/credici/papers/causal_flavour
/mnt/beegfs/rcabanas/dev/credici/target/credici-0.1.5-dev-SNAPSHOT-jar-with-dependencies.jar
/mnt/beegfs/rcabanas/dev/credici/papers/causal_flavour/code/LearnCF.java
/mnt/beegfs/rcabanas/dev/credici/papers/causal_flavour/learntmodels
/mnt/beegfs/rcabanas/dev/credici/papers/causal_flavour/models
/mnt/beegfs/rcabanas/dev/credici/target/credici-0.1.5-dev-SNAPSHOT-jar-with-dependencies.jar
/mnt/beegfs/rcabanas/dev/credici/papers/causal_flavour/code/LearnCF.java
['learn.py', '1000', '116']
['learn.py', '1000', '132']
['learn.py', '1000', '104']
seed=132
seed=116
/mnt/beegfs/rcabanas/dev/credici
/mnt/beegfs/rcabanas/dev/credici
/mnt/beegfs/rcabanas/dev/credici/papers/causal_flavour
seed=104
/mnt/beegfs/rcabanas/dev/credici/papers/causal_flavour
/mnt/beegfs/rcabanas/dev/credici/papers/causal_flavour/learntmodels
/mnt/beegfs/rcabanas/dev/credici/papers/causal_flavour/learntmodels
/mnt/beegfs/rcabanas/dev/credici
/mnt/beegfs/rcabanas/dev/credici/papers/causal_flavour
/mnt/beegfs/rcabanas/dev/credici/papers/causal_flavour/learntmodels
/mnt/beegfs/rcabanas/dev/credici/papers/causal_flavour/models
/mnt/beegfs/rcabanas/dev/credici/papers/causal_flavour/models
/mnt/beegfs/rcabanas/dev/credici/target/credici-0.1.5-dev-SNAPSHOT-jar-with-dependencies.jar
/mnt/beegfs/rcabanas/dev/credici/papers/causal_flavour/models
/mnt/beegfs/rcabanas/dev/credici/target/credici-0.1.5-dev-SNAPSHOT-jar-with-dependencies.jar
/mnt/beegfs/rcabanas/dev/credici/papers/causal_flavour/code/LearnCF.java
/mnt/beegfs/rcabanas/dev/credici/target/credici-0.1.5-dev-SNAPSHOT-jar-with-dependencies.jar
/mnt/beegfs/rcabanas/dev/credici/papers/causal_flavour/code/LearnCF.java
/mnt/beegfs/rcabanas/dev/credici/papers/causal_flavour/code/LearnCF.java
['learn.py', '1000', '131']
['learn.py', '1000', '142']
seed=142
seed=131
/mnt/beegfs/rcabanas/dev/credici
/mnt/beegfs/rcabanas/dev/credici
/mnt/beegfs/rcabanas/dev/credici/papers/causal_flavour
/mnt/beegfs/rcabanas/dev/credici/papers/causal_flavour/learntmodels
/mnt/beegfs/rcabanas/dev/credici/papers/causal_flavour
/mnt/beegfs/rcabanas/dev/credici/papers/causal_flavour/models
/mnt/beegfs/rcabanas/dev/credici/papers/causal_flavour/learntmodels
/mnt/beegfs/rcabanas/dev/credici/target/credici-0.1.5-dev-SNAPSHOT-jar-with-dependencies.jar
/mnt/beegfs/rcabanas/dev/credici/papers/causal_flavour/models
/mnt/beegfs/rcabanas/dev/credici/papers/causal_flavour/code/LearnCF.java
/mnt/beegfs/rcabanas/dev/credici/target/credici-0.1.5-dev-SNAPSHOT-jar-with-dependencies.jar
/mnt/beegfs/rcabanas/dev/credici/papers/causal_flavour/code/LearnCF.java
['learn.py', '1000', '130']
['learn.py', '1000', '114']
seed=130
/mnt/beegfs/rcabanas/dev/credici
/mnt/beegfs/rcabanas/dev/credici/papers/causal_flavour
seed=114
/mnt/beegfs/rcabanas/dev/credici/papers/causal_flavour/learntmodels
/mnt/beegfs/rcabanas/dev/credici
/mnt/beegfs/rcabanas/dev/credici/papers/causal_flavour/models
/mnt/beegfs/rcabanas/dev/credici/papers/causal_flavour
/mnt/beegfs/rcabanas/dev/credici/target/credici-0.1.5-dev-SNAPSHOT-jar-with-dependencies.jar
/mnt/beegfs/rcabanas/dev/credici/papers/causal_flavour/learntmodels
/mnt/beegfs/rcabanas/dev/credici/papers/causal_flavour/code/LearnCF.java
/mnt/beegfs/rcabanas/dev/credici/papers/causal_flavour/models
/mnt/beegfs/rcabanas/dev/credici/target/credici-0.1.5-dev-SNAPSHOT-jar-with-dependencies.jar
/mnt/beegfs/rcabanas/dev/credici/papers/causal_flavour/code/LearnCF.java
['learn.py', '1000', '124']
['learn.py', '1000', '125']
['learn.py', '1000', '118']
['learn.py', '1000', '139']
['learn.py', '1000', '145']
seed=124
/mnt/beegfs/rcabanas/dev/credici
/mnt/beegfs/rcabanas/dev/credici/papers/causal_flavour
/mnt/beegfs/rcabanas/dev/credici/papers/causal_flavour/learntmodels
/mnt/beegfs/rcabanas/dev/credici/papers/causal_flavour/models
/mnt/beegfs/rcabanas/dev/credici/target/credici-0.1.5-dev-SNAPSHOT-jar-with-dependencies.jar
/mnt/beegfs/rcabanas/dev/credici/papers/causal_flavour/code/LearnCF.java
seed=118
/mnt/beegfs/rcabanas/dev/credici
/mnt/beegfs/rcabanas/dev/credici/papers/causal_flavour
/mnt/beegfs/rcabanas/dev/credici/papers/causal_flavour/learntmodels
/mnt/beegfs/rcabanas/dev/credici/papers/causal_flavour/models
/mnt/beegfs/rcabanas/dev/credici/target/credici-0.1.5-dev-SNAPSHOT-jar-with-dependencies.jar
/mnt/beegfs/rcabanas/dev/credici/papers/causal_flavour/code/LearnCF.java
seed=125
/mnt/beegfs/rcabanas/dev/credici
/mnt/beegfs/rcabanas/dev/credici/papers/causal_flavour
/mnt/beegfs/rcabanas/dev/credici/papers/causal_flavour/learntmodels
/mnt/beegfs/rcabanas/dev/credici/papers/causal_flavour/models
/mnt/beegfs/rcabanas/dev/credici/target/credici-0.1.5-dev-SNAPSHOT-jar-with-dependencies.jar
/mnt/beegfs/rcabanas/dev/credici/papers/causal_flavour/code/LearnCF.java
seed=139
/mnt/beegfs/rcabanas/dev/credici
/mnt/beegfs/rcabanas/dev/credici/papers/causal_flavour
/mnt/beegfs/rcabanas/dev/credici/papers/causal_flavour/learntmodels
/mnt/beegfs/rcabanas/dev/credici/papers/causal_flavour/models
/mnt/beegfs/rcabanas/dev/credici/target/credici-0.1.5-dev-SNAPSHOT-jar-with-dependencies.jar
/mnt/beegfs/rcabanas/dev/credici/papers/causal_flavour/code/LearnCF.java
['learn.py', '1000', '149']
['learn.py', '1000', '134']
['learn.py', '1000', '101']
seed=145
/mnt/beegfs/rcabanas/dev/credici
/mnt/beegfs/rcabanas/dev/credici/papers/causal_flavour
/mnt/beegfs/rcabanas/dev/credici/papers/causal_flavour/learntmodels
/mnt/beegfs/rcabanas/dev/credici/papers/causal_flavour/models
/mnt/beegfs/rcabanas/dev/credici/target/credici-0.1.5-dev-SNAPSHOT-jar-with-dependencies.jar
/mnt/beegfs/rcabanas/dev/credici/papers/causal_flavour/code/LearnCF.java
['learn.py', '1000', '123']
['learn.py', '1000', '110']
['learn.py', '1000', '122']
seed=149
/mnt/beegfs/rcabanas/dev/credici
/mnt/beegfs/rcabanas/dev/credici/papers/causal_flavour
/mnt/beegfs/rcabanas/dev/credici/papers/causal_flavour/learntmodels
/mnt/beegfs/rcabanas/dev/credici/papers/causal_flavour/models
/mnt/beegfs/rcabanas/dev/credici/target/credici-0.1.5-dev-SNAPSHOT-jar-with-dependencies.jar
/mnt/beegfs/rcabanas/dev/credici/papers/causal_flavour/code/LearnCF.java
seed=101
/mnt/beegfs/rcabanas/dev/credici
/mnt/beegfs/rcabanas/dev/credici/papers/causal_flavour
/mnt/beegfs/rcabanas/dev/credici/papers/causal_flavour/learntmodels
/mnt/beegfs/rcabanas/dev/credici/papers/causal_flavour/models
/mnt/beegfs/rcabanas/dev/credici/target/credici-0.1.5-dev-SNAPSHOT-jar-with-dependencies.jar
/mnt/beegfs/rcabanas/dev/credici/papers/causal_flavour/code/LearnCF.java
seed=134
/mnt/beegfs/rcabanas/dev/credici
/mnt/beegfs/rcabanas/dev/credici/papers/causal_flavour
/mnt/beegfs/rcabanas/dev/credici/papers/causal_flavour/learntmodels
/mnt/beegfs/rcabanas/dev/credici/papers/causal_flavour/models
/mnt/beegfs/rcabanas/dev/credici/target/credici-0.1.5-dev-SNAPSHOT-jar-with-dependencies.jar
/mnt/beegfs/rcabanas/dev/credici/papers/causal_flavour/code/LearnCF.java
['learn.py', '1000', '107']
['learn.py', '1000', '119']
seed=110
/mnt/beegfs/rcabanas/dev/credici
seed=123
/mnt/beegfs/rcabanas/dev/credici
/mnt/beegfs/rcabanas/dev/credici/papers/causal_flavour
/mnt/beegfs/rcabanas/dev/credici/papers/causal_flavour/learntmodels
/mnt/beegfs/rcabanas/dev/credici/papers/causal_flavour/models
/mnt/beegfs/rcabanas/dev/credici/target/credici-0.1.5-dev-SNAPSHOT-jar-with-dependencies.jar
/mnt/beegfs/rcabanas/dev/credici/papers/causal_flavour
['learn.py', '1000', '143']
seed=122
/mnt/beegfs/rcabanas/dev/credici
/mnt/beegfs/rcabanas/dev/credici/papers/causal_flavour
/mnt/beegfs/rcabanas/dev/credici/papers/causal_flavour/learntmodels
/mnt/beegfs/rcabanas/dev/credici/papers/causal_flavour/models
/mnt/beegfs/rcabanas/dev/credici/target/credici-0.1.5-dev-SNAPSHOT-jar-with-dependencies.jar
/mnt/beegfs/rcabanas/dev/credici/papers/causal_flavour/code/LearnCF.java
/mnt/beegfs/rcabanas/dev/credici/papers/causal_flavour/code/LearnCF.java
/mnt/beegfs/rcabanas/dev/credici/papers/causal_flavour/learntmodels
/mnt/beegfs/rcabanas/dev/credici/papers/causal_flavour/models
/mnt/beegfs/rcabanas/dev/credici/target/credici-0.1.5-dev-SNAPSHOT-jar-with-dependencies.jar
/mnt/beegfs/rcabanas/dev/credici/papers/causal_flavour/code/LearnCF.java
['learn.py', '1000', '105']
seed=119
seed=107
/mnt/beegfs/rcabanas/dev/credici
/mnt/beegfs/rcabanas/dev/credici
/mnt/beegfs/rcabanas/dev/credici/papers/causal_flavour
/mnt/beegfs/rcabanas/dev/credici/papers/causal_flavour
/mnt/beegfs/rcabanas/dev/credici/papers/causal_flavour/learntmodels
/mnt/beegfs/rcabanas/dev/credici/papers/causal_flavour/learntmodels
/mnt/beegfs/rcabanas/dev/credici/papers/causal_flavour/models
/mnt/beegfs/rcabanas/dev/credici/target/credici-0.1.5-dev-SNAPSHOT-jar-with-dependencies.jar
/mnt/beegfs/rcabanas/dev/credici/papers/causal_flavour/code/LearnCF.java
seed=143
/mnt/beegfs/rcabanas/dev/credici/papers/causal_flavour/models
['learn.py', '1000', '120']
/mnt/beegfs/rcabanas/dev/credici
/mnt/beegfs/rcabanas/dev/credici/target/credici-0.1.5-dev-SNAPSHOT-jar-with-dependencies.jar
/mnt/beegfs/rcabanas/dev/credici/papers/causal_flavour
/mnt/beegfs/rcabanas/dev/credici/papers/causal_flavour/code/LearnCF.java
/mnt/beegfs/rcabanas/dev/credici/papers/causal_flavour/learntmodels
/mnt/beegfs/rcabanas/dev/credici/papers/causal_flavour/models
/mnt/beegfs/rcabanas/dev/credici/target/credici-0.1.5-dev-SNAPSHOT-jar-with-dependencies.jar
/mnt/beegfs/rcabanas/dev/credici/papers/causal_flavour/code/LearnCF.java
['learn.py', '1000', '103']
['learn.py', '1000', '128']
['learn.py', '1000', '136']
seed=105
/mnt/beegfs/rcabanas/dev/credici
/mnt/beegfs/rcabanas/dev/credici/papers/causal_flavour
/mnt/beegfs/rcabanas/dev/credici/papers/causal_flavour/learntmodels
/mnt/beegfs/rcabanas/dev/credici/papers/causal_flavour/models
/mnt/beegfs/rcabanas/dev/credici/target/credici-0.1.5-dev-SNAPSHOT-jar-with-dependencies.jar
['learn.py', '1000', '147']
/mnt/beegfs/rcabanas/dev/credici/papers/causal_flavour/code/LearnCF.java
['learn.py', '1000', '140']
['learn.py', '1000', '115']
['learn.py', '1000', '100']
['learn.py', '1000', '126']
seed=120
['learn.py', '1000', '109']
/mnt/beegfs/rcabanas/dev/credici
['learn.py', '1000', '117']
['learn.py', '1000', '112']
['learn.py', '1000', '127']
/mnt/beegfs/rcabanas/dev/credici/papers/causal_flavour
/mnt/beegfs/rcabanas/dev/credici/papers/causal_flavour/learntmodels
/mnt/beegfs/rcabanas/dev/credici/papers/causal_flavour/models
/mnt/beegfs/rcabanas/dev/credici/target/credici-0.1.5-dev-SNAPSHOT-jar-with-dependencies.jar
/mnt/beegfs/rcabanas/dev/credici/papers/causal_flavour/code/LearnCF.java
seed=128
/mnt/beegfs/rcabanas/dev/credici
/mnt/beegfs/rcabanas/dev/credici/papers/causal_flavour
/mnt/beegfs/rcabanas/dev/credici/papers/causal_flavour/learntmodels
/mnt/beegfs/rcabanas/dev/credici/papers/causal_flavour/models
/mnt/beegfs/rcabanas/dev/credici/target/credici-0.1.5-dev-SNAPSHOT-jar-with-dependencies.jar
seed=103
/mnt/beegfs/rcabanas/dev/credici
/mnt/beegfs/rcabanas/dev/credici/papers/causal_flavour
/mnt/beegfs/rcabanas/dev/credici/papers/causal_flavour/learntmodels
seed=136
/mnt/beegfs/rcabanas/dev/credici/papers/causal_flavour/code/LearnCF.java
/mnt/beegfs/rcabanas/dev/credici/papers/causal_flavour/models
/mnt/beegfs/rcabanas/dev/credici/target/credici-0.1.5-dev-SNAPSHOT-jar-with-dependencies.jar
/mnt/beegfs/rcabanas/dev/credici/papers/causal_flavour/code/LearnCF.java
/mnt/beegfs/rcabanas/dev/credici
/mnt/beegfs/rcabanas/dev/credici/papers/causal_flavour
/mnt/beegfs/rcabanas/dev/credici/papers/causal_flavour/learntmodels
/mnt/beegfs/rcabanas/dev/credici/papers/causal_flavour/models
/mnt/beegfs/rcabanas/dev/credici/target/credici-0.1.5-dev-SNAPSHOT-jar-with-dependencies.jar
/mnt/beegfs/rcabanas/dev/credici/papers/causal_flavour/code/LearnCF.java
seed=147
/mnt/beegfs/rcabanas/dev/credici
/mnt/beegfs/rcabanas/dev/credici/papers/causal_flavour
/mnt/beegfs/rcabanas/dev/credici/papers/causal_flavour/learntmodels
/mnt/beegfs/rcabanas/dev/credici/papers/causal_flavour/models
/mnt/beegfs/rcabanas/dev/credici/target/credici-0.1.5-dev-SNAPSHOT-jar-with-dependencies.jar
seed=140
/mnt/beegfs/rcabanas/dev/credici
/mnt/beegfs/rcabanas/dev/credici/papers/causal_flavour/code/LearnCF.java
/mnt/beegfs/rcabanas/dev/credici/papers/causal_flavour
seed=115
/mnt/beegfs/rcabanas/dev/credici/papers/causal_flavour/learntmodels
/mnt/beegfs/rcabanas/dev/credici/papers/causal_flavour/models
/mnt/beegfs/rcabanas/dev/credici/target/credici-0.1.5-dev-SNAPSHOT-jar-with-dependencies.jar
/mnt/beegfs/rcabanas/dev/credici/papers/causal_flavour/code/LearnCF.java
/mnt/beegfs/rcabanas/dev/credici
seed=109
seed=100
seed=126
/mnt/beegfs/rcabanas/dev/credici/papers/causal_flavour
/mnt/beegfs/rcabanas/dev/credici/papers/causal_flavour/learntmodels
/mnt/beegfs/rcabanas/dev/credici/papers/causal_flavour/models
/mnt/beegfs/rcabanas/dev/credici/target/credici-0.1.5-dev-SNAPSHOT-jar-with-dependencies.jar
/mnt/beegfs/rcabanas/dev/credici/papers/causal_flavour/code/LearnCF.java
/mnt/beegfs/rcabanas/dev/credici
/mnt/beegfs/rcabanas/dev/credici/papers/causal_flavour
/mnt/beegfs/rcabanas/dev/credici/papers/causal_flavour/learntmodels
/mnt/beegfs/rcabanas/dev/credici/papers/causal_flavour/models
/mnt/beegfs/rcabanas/dev/credici/target/credici-0.1.5-dev-SNAPSHOT-jar-with-dependencies.jar
/mnt/beegfs/rcabanas/dev/credici/papers/causal_flavour/code/LearnCF.java
seed=117
seed=112
seed=127
/mnt/beegfs/rcabanas/dev/credici
/mnt/beegfs/rcabanas/dev/credici
/mnt/beegfs/rcabanas/dev/credici
/mnt/beegfs/rcabanas/dev/credici/papers/causal_flavour
/mnt/beegfs/rcabanas/dev/credici/papers/causal_flavour/learntmodels
/mnt/beegfs/rcabanas/dev/credici/papers/causal_flavour/models
/mnt/beegfs/rcabanas/dev/credici/target/credici-0.1.5-dev-SNAPSHOT-jar-with-dependencies.jar
/mnt/beegfs/rcabanas/dev/credici/papers/causal_flavour/code/LearnCF.java
/mnt/beegfs/rcabanas/dev/credici
/mnt/beegfs/rcabanas/dev/credici
/mnt/beegfs/rcabanas/dev/credici/papers/causal_flavour
/mnt/beegfs/rcabanas/dev/credici/papers/causal_flavour
/mnt/beegfs/rcabanas/dev/credici/papers/causal_flavour
/mnt/beegfs/rcabanas/dev/credici/papers/causal_flavour/learntmodels
/mnt/beegfs/rcabanas/dev/credici/papers/causal_flavour/models
/mnt/beegfs/rcabanas/dev/credici/papers/causal_flavour
/mnt/beegfs/rcabanas/dev/credici/papers/causal_flavour/learntmodels
/mnt/beegfs/rcabanas/dev/credici/papers/causal_flavour/models
/mnt/beegfs/rcabanas/dev/credici/target/credici-0.1.5-dev-SNAPSHOT-jar-with-dependencies.jar
/mnt/beegfs/rcabanas/dev/credici/papers/causal_flavour/code/LearnCF.java
/mnt/beegfs/rcabanas/dev/credici/papers/causal_flavour/learntmodels
/mnt/beegfs/rcabanas/dev/credici/target/credici-0.1.5-dev-SNAPSHOT-jar-with-dependencies.jar
/mnt/beegfs/rcabanas/dev/credici/papers/causal_flavour/learntmodels
/mnt/beegfs/rcabanas/dev/credici/papers/causal_flavour/models
/mnt/beegfs/rcabanas/dev/credici/papers/causal_flavour/code/LearnCF.java
/mnt/beegfs/rcabanas/dev/credici/papers/causal_flavour/models
/mnt/beegfs/rcabanas/dev/credici/target/credici-0.1.5-dev-SNAPSHOT-jar-with-dependencies.jar
/mnt/beegfs/rcabanas/dev/credici/target/credici-0.1.5-dev-SNAPSHOT-jar-with-dependencies.jar
/mnt/beegfs/rcabanas/dev/credici/papers/causal_flavour/code/LearnCF.java
/mnt/beegfs/rcabanas/dev/credici/papers/causal_flavour/code/LearnCF.java
[2024-05-17T09:29:52.914597][INFO][seed138] Set up logging
[2024-05-17T09:29:52.899455][INFO][seed133] Set up logging
[2024-05-17T09:29:52.931745][INFO][seed133] args: -m;1000;-o;/mnt/beegfs/rcabanas/dev/credici/papers/causal_flavour/learntmodels/miter1000;--data;/mnt/beegfs/rcabanas/dev/credici/papers/causal_flavour/data/simple_learner_4Q_data.csv;-rw;-s;133;/mnt/beegfs/rcabanas/dev/credici/papers/causal_flavour/models/simple_learner_4Q.uai
[2024-05-17T09:29:52.936932][INFO][seed138] args: -m;1000;-o;/mnt/beegfs/rcabanas/dev/credici/papers/causal_flavour/learntmodels/miter1000;--data;/mnt/beegfs/rcabanas/dev/credici/papers/causal_flavour/data/simple_learner_4Q_data.csv;-rw;-s;138;/mnt/beegfs/rcabanas/dev/credici/papers/causal_flavour/models/simple_learner_4Q.uai
[2024-05-17T09:29:52.935106][INFO][seed133] Starting logger with seed 133
[2024-05-17T09:29:52.914136][INFO][seed108] Set up logging
[2024-05-17T09:29:52.939554][INFO][seed108] args: -m;1000;-o;/mnt/beegfs/rcabanas/dev/credici/papers/causal_flavour/learntmodels/miter1000;--data;/mnt/beegfs/rcabanas/dev/credici/papers/causal_flavour/data/simple_learner_4Q_data.csv;-rw;-s;108;/mnt/beegfs/rcabanas/dev/credici/papers/causal_flavour/models/simple_learner_4Q.uai
[2024-05-17T09:29:52.942338][INFO][seed138] Starting logger with seed 138
[2024-05-17T09:29:52.949755][INFO][seed108] Starting logger with seed 108
[2024-05-17T09:29:52.956645][INFO][seed106] Set up logging
[2024-05-17T09:29:52.941803][INFO][seed146] Set up logging
[2024-05-17T09:29:52.975637][INFO][seed146] args: -m;1000;-o;/mnt/beegfs/rcabanas/dev/credici/papers/causal_flavour/learntmodels/miter1000;--data;/mnt/beegfs/rcabanas/dev/credici/papers/causal_flavour/data/simple_learner_4Q_data.csv;-rw;-s;146;/mnt/beegfs/rcabanas/dev/credici/papers/causal_flavour/models/simple_learner_4Q.uai
[2024-05-17T09:29:52.979171][INFO][seed146] Starting logger with seed 146
[2024-05-17T09:29:52.986739][INFO][seed106] args: -m;1000;-o;/mnt/beegfs/rcabanas/dev/credici/papers/causal_flavour/learntmodels/miter1000;--data;/mnt/beegfs/rcabanas/dev/credici/papers/causal_flavour/data/simple_learner_4Q_data.csv;-rw;-s;106;/mnt/beegfs/rcabanas/dev/credici/papers/causal_flavour/models/simple_learner_4Q.uai
[2024-05-17T09:29:52.957613][INFO][seed129] Set up logging
[2024-05-17T09:29:52.989231][INFO][seed129] args: -m;1000;-o;/mnt/beegfs/rcabanas/dev/credici/papers/causal_flavour/learntmodels/miter1000;--data;/mnt/beegfs/rcabanas/dev/credici/papers/causal_flavour/data/simple_learner_4Q_data.csv;-rw;-s;129;/mnt/beegfs/rcabanas/dev/credici/papers/causal_flavour/models/simple_learner_4Q.uai
[2024-05-17T09:29:52.992650][INFO][seed129] Starting logger with seed 129
[2024-05-17T09:29:52.991986][INFO][seed106] Starting logger with seed 106
[2024-05-17T09:29:53.006907][INFO][seed148] Set up logging
[2024-05-17T09:29:53.036493][INFO][seed148] args: -m;1000;-o;/mnt/beegfs/rcabanas/dev/credici/papers/causal_flavour/learntmodels/miter1000;--data;/mnt/beegfs/rcabanas/dev/credici/papers/causal_flavour/data/simple_learner_4Q_data.csv;-rw;-s;148;/mnt/beegfs/rcabanas/dev/credici/papers/causal_flavour/models/simple_learner_4Q.uai
[2024-05-17T09:29:53.043318][INFO][seed148] Starting logger with seed 148
[2024-05-17T09:29:53.152410][INFO][seed137] Set up logging
[2024-05-17T09:29:53.168485][INFO][seed137] args: -m;1000;-o;/mnt/beegfs/rcabanas/dev/credici/papers/causal_flavour/learntmodels/miter1000;--data;/mnt/beegfs/rcabanas/dev/credici/papers/causal_flavour/data/simple_learner_4Q_data.csv;-rw;-s;137;/mnt/beegfs/rcabanas/dev/credici/papers/causal_flavour/models/simple_learner_4Q.uai
[2024-05-17T09:29:53.172183][INFO][seed135] Set up logging
[2024-05-17T09:29:53.185540][INFO][seed137] Starting logger with seed 137
[2024-05-17T09:29:53.182181][INFO][seed121] Set up logging
[2024-05-17T09:29:53.188623][INFO][seed135] args: -m;1000;-o;/mnt/beegfs/rcabanas/dev/credici/papers/causal_flavour/learntmodels/miter1000;--data;/mnt/beegfs/rcabanas/dev/credici/papers/causal_flavour/data/simple_learner_4Q_data.csv;-rw;-s;135;/mnt/beegfs/rcabanas/dev/credici/papers/causal_flavour/models/simple_learner_4Q.uai
[2024-05-17T09:29:53.201632][INFO][seed121] args: -m;1000;-o;/mnt/beegfs/rcabanas/dev/credici/papers/causal_flavour/learntmodels/miter1000;--data;/mnt/beegfs/rcabanas/dev/credici/papers/causal_flavour/data/simple_learner_4Q_data.csv;-rw;-s;121;/mnt/beegfs/rcabanas/dev/credici/papers/causal_flavour/models/simple_learner_4Q.uai
[2024-05-17T09:29:53.205340][INFO][seed121] Starting logger with seed 121
[2024-05-17T09:29:53.206130][INFO][seed135] Starting logger with seed 135
[2024-05-17T09:29:53.202301][INFO][seed113] Set up logging
[2024-05-17T09:29:53.232331][INFO][seed113] args: -m;1000;-o;/mnt/beegfs/rcabanas/dev/credici/papers/causal_flavour/learntmodels/miter1000;--data;/mnt/beegfs/rcabanas/dev/credici/papers/causal_flavour/data/simple_learner_4Q_data.csv;-rw;-s;113;/mnt/beegfs/rcabanas/dev/credici/papers/causal_flavour/models/simple_learner_4Q.uai
[2024-05-17T09:29:53.238325][INFO][seed113] Starting logger with seed 113
[2024-05-17T09:29:53.325028][INFO][seed102] Set up logging
[2024-05-17T09:29:53.330093][INFO][seed144] Set up logging
[2024-05-17T09:29:53.348129][INFO][seed102] args: -m;1000;-o;/mnt/beegfs/rcabanas/dev/credici/papers/causal_flavour/learntmodels/miter1000;--data;/mnt/beegfs/rcabanas/dev/credici/papers/causal_flavour/data/simple_learner_4Q_data.csv;-rw;-s;102;/mnt/beegfs/rcabanas/dev/credici/papers/causal_flavour/models/simple_learner_4Q.uai
[2024-05-17T09:29:53.359684][INFO][seed144] args: -m;1000;-o;/mnt/beegfs/rcabanas/dev/credici/papers/causal_flavour/learntmodels/miter1000;--data;/mnt/beegfs/rcabanas/dev/credici/papers/causal_flavour/data/simple_learner_4Q_data.csv;-rw;-s;144;/mnt/beegfs/rcabanas/dev/credici/papers/causal_flavour/models/simple_learner_4Q.uai
[2024-05-17T09:29:53.365864][INFO][seed144] Starting logger with seed 144
[2024-05-17T09:29:53.374651][INFO][seed102] Starting logger with seed 102
[2024-05-17T09:29:53.395985][INFO][seed133] Loaded model and info: /mnt/beegfs/rcabanas/dev/credici/papers/causal_flavour/models/simple_learner_4Q.uai
[2024-05-17T09:29:53.438484][INFO][seed108] Loaded model and info: /mnt/beegfs/rcabanas/dev/credici/papers/causal_flavour/models/simple_learner_4Q.uai
[2024-05-17T09:29:53.452189][INFO][seed133] Loaded 100 data instances
[2024-05-17T09:29:53.453499][INFO][seed133] Starting learning up to 1000 iterations
[2024-05-17T09:29:53.461389][INFO][seed106] Loaded model and info: /mnt/beegfs/rcabanas/dev/credici/papers/causal_flavour/models/simple_learner_4Q.uai
[2024-05-17T09:29:53.453136][INFO][seed111] Set up logging
[2024-05-17T09:29:53.475599][INFO][seed138] Loaded model and info: /mnt/beegfs/rcabanas/dev/credici/papers/causal_flavour/models/simple_learner_4Q.uai
[2024-05-17T09:29:53.483080][INFO][seed111] args: -m;1000;-o;/mnt/beegfs/rcabanas/dev/credici/papers/causal_flavour/learntmodels/miter1000;--data;/mnt/beegfs/rcabanas/dev/credici/papers/causal_flavour/data/simple_learner_4Q_data.csv;-rw;-s;111;/mnt/beegfs/rcabanas/dev/credici/papers/causal_flavour/models/simple_learner_4Q.uai
[2024-05-17T09:29:53.487985][INFO][seed111] Starting logger with seed 111
[2024-05-17T09:29:53.494862][INFO][seed108] Loaded 100 data instances
[2024-05-17T09:29:53.497364][INFO][seed146] Loaded model and info: /mnt/beegfs/rcabanas/dev/credici/papers/causal_flavour/models/simple_learner_4Q.uai
[2024-05-17T09:29:53.498234][INFO][seed108] Starting learning up to 1000 iterations
[2024-05-17T09:29:53.498007][INFO][seed132] Set up logging
[2024-05-17T09:29:53.512881][INFO][seed106] Loaded 100 data instances
[2024-05-17T09:29:53.514348][INFO][seed132] args: -m;1000;-o;/mnt/beegfs/rcabanas/dev/credici/papers/causal_flavour/learntmodels/miter1000;--data;/mnt/beegfs/rcabanas/dev/credici/papers/causal_flavour/data/simple_learner_4Q_data.csv;-rw;-s;132;/mnt/beegfs/rcabanas/dev/credici/papers/causal_flavour/models/simple_learner_4Q.uai
[2024-05-17T09:29:53.514434][INFO][seed106] Starting learning up to 1000 iterations
[2024-05-17T09:29:53.521915][INFO][seed129] Loaded model and info: /mnt/beegfs/rcabanas/dev/credici/papers/causal_flavour/models/simple_learner_4Q.uai
[2024-05-17T09:29:53.514678][INFO][seed116] Set up logging
[2024-05-17T09:29:53.527351][INFO][seed132] Starting logger with seed 132
[2024-05-17T09:29:53.528887][INFO][seed116] args: -m;1000;-o;/mnt/beegfs/rcabanas/dev/credici/papers/causal_flavour/learntmodels/miter1000;--data;/mnt/beegfs/rcabanas/dev/credici/papers/causal_flavour/data/simple_learner_4Q_data.csv;-rw;-s;116;/mnt/beegfs/rcabanas/dev/credici/papers/causal_flavour/models/simple_learner_4Q.uai
[2024-05-17T09:29:53.533206][INFO][seed138] Loaded 100 data instances
[2024-05-17T09:29:53.522212][INFO][seed142] Set up logging
[2024-05-17T09:29:53.549077][INFO][seed116] Starting logger with seed 116
[2024-05-17T09:29:53.533741][INFO][seed138] Starting learning up to 1000 iterations
[2024-05-17T09:29:53.538775][INFO][seed142] args: -m;1000;-o;/mnt/beegfs/rcabanas/dev/credici/papers/causal_flavour/learntmodels/miter1000;--data;/mnt/beegfs/rcabanas/dev/credici/papers/causal_flavour/data/simple_learner_4Q_data.csv;-rw;-s;142;/mnt/beegfs/rcabanas/dev/credici/papers/causal_flavour/models/simple_learner_4Q.uai
[2024-05-17T09:29:53.524079][INFO][seed141] Set up logging
[2024-05-17T09:29:53.551169][INFO][seed142] Starting logger with seed 142
[2024-05-17T09:29:53.552317][INFO][seed141] args: -m;1000;-o;/mnt/beegfs/rcabanas/dev/credici/papers/causal_flavour/learntmodels/miter1000;--data;/mnt/beegfs/rcabanas/dev/credici/papers/causal_flavour/data/simple_learner_4Q_data.csv;-rw;-s;141;/mnt/beegfs/rcabanas/dev/credici/papers/causal_flavour/models/simple_learner_4Q.uai
[2024-05-17T09:29:53.544580][INFO][seed104] Set up logging
[2024-05-17T09:29:53.559668][INFO][seed141] Starting logger with seed 141
[2024-05-17T09:29:53.574171][INFO][seed104] args: -m;1000;-o;/mnt/beegfs/rcabanas/dev/credici/papers/causal_flavour/learntmodels/miter1000;--data;/mnt/beegfs/rcabanas/dev/credici/papers/causal_flavour/data/simple_learner_4Q_data.csv;-rw;-s;104;/mnt/beegfs/rcabanas/dev/credici/papers/causal_flavour/models/simple_learner_4Q.uai
[2024-05-17T09:29:53.578][INFO][seed146] Loaded 100 data instances
[2024-05-17T09:29:53.577471][INFO][seed104] Starting logger with seed 104
[2024-05-17T09:29:53.584638][INFO][seed129] Loaded 100 data instances
[2024-05-17T09:29:53.579025][INFO][seed146] Starting learning up to 1000 iterations
[2024-05-17T09:29:53.585156][INFO][seed129] Starting learning up to 1000 iterations
[2024-05-17T09:29:53.628137][INFO][seed130] Set up logging
[2024-05-17T09:29:53.651225][INFO][seed130] args: -m;1000;-o;/mnt/beegfs/rcabanas/dev/credici/papers/causal_flavour/learntmodels/miter1000;--data;/mnt/beegfs/rcabanas/dev/credici/papers/causal_flavour/data/simple_learner_4Q_data.csv;-rw;-s;130;/mnt/beegfs/rcabanas/dev/credici/papers/causal_flavour/models/simple_learner_4Q.uai
[2024-05-17T09:29:53.628051][INFO][seed114] Set up logging
[2024-05-17T09:29:53.654906][INFO][seed114] args: -m;1000;-o;/mnt/beegfs/rcabanas/dev/credici/papers/causal_flavour/learntmodels/miter1000;--data;/mnt/beegfs/rcabanas/dev/credici/papers/causal_flavour/data/simple_learner_4Q_data.csv;-rw;-s;114;/mnt/beegfs/rcabanas/dev/credici/papers/causal_flavour/models/simple_learner_4Q.uai
[2024-05-17T09:29:53.636036][INFO][seed131] Set up logging
[2024-05-17T09:29:53.662802][INFO][seed131] args: -m;1000;-o;/mnt/beegfs/rcabanas/dev/credici/papers/causal_flavour/learntmodels/miter1000;--data;/mnt/beegfs/rcabanas/dev/credici/papers/causal_flavour/data/simple_learner_4Q_data.csv;-rw;-s;131;/mnt/beegfs/rcabanas/dev/credici/papers/causal_flavour/models/simple_learner_4Q.uai
[2024-05-17T09:29:53.662321][INFO][seed114] Starting logger with seed 114
[2024-05-17T09:29:53.667613][INFO][seed130] Starting logger with seed 130
[2024-05-17T09:29:53.667753][INFO][seed131] Starting logger with seed 131
[2024-05-17T09:29:53.675036][INFO][seed148] Loaded model and info: /mnt/beegfs/rcabanas/dev/credici/papers/causal_flavour/models/simple_learner_4Q.uai
[2024-05-17T09:29:53.751094][INFO][seed148] Loaded 100 data instances
[2024-05-17T09:29:53.751672][INFO][seed148] Starting learning up to 1000 iterations
[2024-05-17T09:29:53.813141][INFO][seed124] Set up logging
[2024-05-17T09:29:53.838342][INFO][seed124] args: -m;1000;-o;/mnt/beegfs/rcabanas/dev/credici/papers/causal_flavour/learntmodels/miter1000;--data;/mnt/beegfs/rcabanas/dev/credici/papers/causal_flavour/data/simple_learner_4Q_data.csv;-rw;-s;124;/mnt/beegfs/rcabanas/dev/credici/papers/causal_flavour/models/simple_learner_4Q.uai
[2024-05-17T09:29:53.845549][INFO][seed124] Starting logger with seed 124
[2024-05-17T09:29:53.877969][INFO][seed137] Loaded model and info: /mnt/beegfs/rcabanas/dev/credici/papers/causal_flavour/models/simple_learner_4Q.uai
[2024-05-17T09:29:53.868100][INFO][seed125] Set up logging
[2024-05-17T09:29:53.897133][INFO][seed125] args: -m;1000;-o;/mnt/beegfs/rcabanas/dev/credici/papers/causal_flavour/learntmodels/miter1000;--data;/mnt/beegfs/rcabanas/dev/credici/papers/causal_flavour/data/simple_learner_4Q_data.csv;-rw;-s;125;/mnt/beegfs/rcabanas/dev/credici/papers/causal_flavour/models/simple_learner_4Q.uai
[2024-05-17T09:29:53.904390][INFO][seed125] Starting logger with seed 125
[2024-05-17T09:29:53.888057][INFO][seed118] Set up logging
[2024-05-17T09:29:53.916807][INFO][seed118] args: -m;1000;-o;/mnt/beegfs/rcabanas/dev/credici/papers/causal_flavour/learntmodels/miter1000;--data;/mnt/beegfs/rcabanas/dev/credici/papers/causal_flavour/data/simple_learner_4Q_data.csv;-rw;-s;118;/mnt/beegfs/rcabanas/dev/credici/papers/causal_flavour/models/simple_learner_4Q.uai
[2024-05-17T09:29:53.923097][INFO][seed118] Starting logger with seed 118
[2024-05-17T09:29:53.940920][INFO][seed137] Loaded 100 data instances
[2024-05-17T09:29:53.943241][INFO][seed137] Starting learning up to 1000 iterations
[2024-05-17T09:29:53.944143][INFO][seed121] Loaded model and info: /mnt/beegfs/rcabanas/dev/credici/papers/causal_flavour/models/simple_learner_4Q.uai
[2024-05-17T09:29:53.950157][INFO][seed145] Set up logging
[2024-05-17T09:29:53.972067][INFO][seed145] args: -m;1000;-o;/mnt/beegfs/rcabanas/dev/credici/papers/causal_flavour/learntmodels/miter1000;--data;/mnt/beegfs/rcabanas/dev/credici/papers/causal_flavour/data/simple_learner_4Q_data.csv;-rw;-s;145;/mnt/beegfs/rcabanas/dev/credici/papers/causal_flavour/models/simple_learner_4Q.uai
[2024-05-17T09:29:53.977318][INFO][seed135] Loaded model and info: /mnt/beegfs/rcabanas/dev/credici/papers/causal_flavour/models/simple_learner_4Q.uai
[2024-05-17T09:29:53.977588][INFO][seed145] Starting logger with seed 145
[2024-05-17T09:29:53.990427][INFO][seed113] Loaded model and info: /mnt/beegfs/rcabanas/dev/credici/papers/causal_flavour/models/simple_learner_4Q.uai
[2024-05-17T09:29:53.974390][INFO][seed149] Set up logging
[2024-05-17T09:29:53.999806][INFO][seed149] args: -m;1000;-o;/mnt/beegfs/rcabanas/dev/credici/papers/causal_flavour/learntmodels/miter1000;--data;/mnt/beegfs/rcabanas/dev/credici/papers/causal_flavour/data/simple_learner_4Q_data.csv;-rw;-s;149;/mnt/beegfs/rcabanas/dev/credici/papers/causal_flavour/models/simple_learner_4Q.uai
[2024-05-17T09:29:54.004304][INFO][seed121] Loaded 100 data instances
[2024-05-17T09:29:54.004910][INFO][seed121] Starting learning up to 1000 iterations
[2024-05-17T09:29:54.005305][INFO][seed149] Starting logger with seed 149
[2024-05-17T09:29:54.039502][INFO][seed135] Loaded 100 data instances
[2024-05-17T09:29:54.042056][INFO][seed135] Starting learning up to 1000 iterations
[2024-05-17T09:29:54.044842][INFO][seed113] Loaded 100 data instances
[2024-05-17T09:29:54.048278][INFO][seed113] Starting learning up to 1000 iterations
[2024-05-17T09:29:54.033835][INFO][seed101] Set up logging
[2024-05-17T09:29:54.037343][INFO][seed122] Set up logging
[2024-05-17T09:29:54.061242][INFO][seed101] args: -m;1000;-o;/mnt/beegfs/rcabanas/dev/credici/papers/causal_flavour/learntmodels/miter1000;--data;/mnt/beegfs/rcabanas/dev/credici/papers/causal_flavour/data/simple_learner_4Q_data.csv;-rw;-s;101;/mnt/beegfs/rcabanas/dev/credici/papers/causal_flavour/models/simple_learner_4Q.uai
[2024-05-17T09:29:54.059837][INFO][seed122] args: -m;1000;-o;/mnt/beegfs/rcabanas/dev/credici/papers/causal_flavour/learntmodels/miter1000;--data;/mnt/beegfs/rcabanas/dev/credici/papers/causal_flavour/data/simple_learner_4Q_data.csv;-rw;-s;122;/mnt/beegfs/rcabanas/dev/credici/papers/causal_flavour/models/simple_learner_4Q.uai
[2024-05-17T09:29:54.065562][INFO][seed101] Starting logger with seed 101
[2024-05-17T09:29:54.067895][INFO][seed122] Starting logger with seed 122
[2024-05-17T09:29:54.065515][INFO][seed134] Set up logging
[2024-05-17T09:29:54.091235][INFO][seed134] args: -m;1000;-o;/mnt/beegfs/rcabanas/dev/credici/papers/causal_flavour/learntmodels/miter1000;--data;/mnt/beegfs/rcabanas/dev/credici/papers/causal_flavour/data/simple_learner_4Q_data.csv;-rw;-s;134;/mnt/beegfs/rcabanas/dev/credici/papers/causal_flavour/models/simple_learner_4Q.uai
[2024-05-17T09:29:54.099363][INFO][seed134] Starting logger with seed 134
[2024-05-17T09:29:54.082058][INFO][seed143] Set up logging
[2024-05-17T09:29:54.103596][INFO][seed143] args: -m;1000;-o;/mnt/beegfs/rcabanas/dev/credici/papers/causal_flavour/learntmodels/miter1000;--data;/mnt/beegfs/rcabanas/dev/credici/papers/causal_flavour/data/simple_learner_4Q_data.csv;-rw;-s;143;/mnt/beegfs/rcabanas/dev/credici/papers/causal_flavour/models/simple_learner_4Q.uai
[2024-05-17T09:29:54.107628][INFO][seed143] Starting logger with seed 143
[2024-05-17T09:29:54.126819][INFO][seed119] Set up logging
[2024-05-17T09:29:54.149180][INFO][seed119] args: -m;1000;-o;/mnt/beegfs/rcabanas/dev/credici/papers/causal_flavour/learntmodels/miter1000;--data;/mnt/beegfs/rcabanas/dev/credici/papers/causal_flavour/data/simple_learner_4Q_data.csv;-rw;-s;119;/mnt/beegfs/rcabanas/dev/credici/papers/causal_flavour/models/simple_learner_4Q.uai
[2024-05-17T09:29:54.155681][INFO][seed119] Starting logger with seed 119
[2024-05-17T09:29:54.134803][INFO][seed103] Set up logging
[2024-05-17T09:29:54.156521][INFO][seed103] args: -m;1000;-o;/mnt/beegfs/rcabanas/dev/credici/papers/causal_flavour/learntmodels/miter1000;--data;/mnt/beegfs/rcabanas/dev/credici/papers/causal_flavour/data/simple_learner_4Q_data.csv;-rw;-s;103;/mnt/beegfs/rcabanas/dev/credici/papers/causal_flavour/models/simple_learner_4Q.uai
[2024-05-17T09:29:54.163344][INFO][seed103] Starting logger with seed 103
[2024-05-17T09:29:54.166974][INFO][seed107] Set up logging
[2024-05-17T09:29:54.189913][INFO][seed107] args: -m;1000;-o;/mnt/beegfs/rcabanas/dev/credici/papers/causal_flavour/learntmodels/miter1000;--data;/mnt/beegfs/rcabanas/dev/credici/papers/causal_flavour/data/simple_learner_4Q_data.csv;-rw;-s;107;/mnt/beegfs/rcabanas/dev/credici/papers/causal_flavour/models/simple_learner_4Q.uai
[2024-05-17T09:29:54.194420][INFO][seed102] Loaded model and info: /mnt/beegfs/rcabanas/dev/credici/papers/causal_flavour/models/simple_learner_4Q.uai
[2024-05-17T09:29:54.196317][INFO][seed107] Starting logger with seed 107
[2024-05-17T09:29:54.175962][INFO][seed110] Set up logging
[2024-05-17T09:29:54.199852][INFO][seed110] args: -m;1000;-o;/mnt/beegfs/rcabanas/dev/credici/papers/causal_flavour/learntmodels/miter1000;--data;/mnt/beegfs/rcabanas/dev/credici/papers/causal_flavour/data/simple_learner_4Q_data.csv;-rw;-s;110;/mnt/beegfs/rcabanas/dev/credici/papers/causal_flavour/models/simple_learner_4Q.uai
[2024-05-17T09:29:54.206082][INFO][seed110] Starting logger with seed 110
[2024-05-17T09:29:54.186634][INFO][seed120] Set up logging
[2024-05-17T09:29:54.211971][INFO][seed120] args: -m;1000;-o;/mnt/beegfs/rcabanas/dev/credici/papers/causal_flavour/learntmodels/miter1000;--data;/mnt/beegfs/rcabanas/dev/credici/papers/causal_flavour/data/simple_learner_4Q_data.csv;-rw;-s;120;/mnt/beegfs/rcabanas/dev/credici/papers/causal_flavour/models/simple_learner_4Q.uai
[2024-05-17T09:29:54.216730][INFO][seed120] Starting logger with seed 120
[2024-05-17T09:29:54.217562][INFO][seed144] Loaded model and info: /mnt/beegfs/rcabanas/dev/credici/papers/causal_flavour/models/simple_learner_4Q.uai
[2024-05-17T09:29:54.183518][INFO][seed105] Set up logging
[2024-05-17T09:29:54.188082][INFO][seed139] Set up logging
[2024-05-17T09:29:54.195102][INFO][seed112] Set up logging
[2024-05-17T09:29:54.225677][INFO][seed112] args: -m;1000;-o;/mnt/beegfs/rcabanas/dev/credici/papers/causal_flavour/learntmodels/miter1000;--data;/mnt/beegfs/rcabanas/dev/credici/papers/causal_flavour/data/simple_learner_4Q_data.csv;-rw;-s;112;/mnt/beegfs/rcabanas/dev/credici/papers/causal_flavour/models/simple_learner_4Q.uai
[2024-05-17T09:29:54.228924][INFO][seed112] Starting logger with seed 112
[2024-05-17T09:29:54.197820][INFO][seed127] Set up logging
[2024-05-17T09:29:54.220353][INFO][seed105] args: -m;1000;-o;/mnt/beegfs/rcabanas/dev/credici/papers/causal_flavour/learntmodels/miter1000;--data;/mnt/beegfs/rcabanas/dev/credici/papers/causal_flavour/data/simple_learner_4Q_data.csv;-rw;-s;105;/mnt/beegfs/rcabanas/dev/credici/papers/causal_flavour/models/simple_learner_4Q.uai
[2024-05-17T09:29:54.221117][INFO][seed139] args: -m;1000;-o;/mnt/beegfs/rcabanas/dev/credici/papers/causal_flavour/learntmodels/miter1000;--data;/mnt/beegfs/rcabanas/dev/credici/papers/causal_flavour/data/simple_learner_4Q_data.csv;-rw;-s;139;/mnt/beegfs/rcabanas/dev/credici/papers/causal_flavour/models/simple_learner_4Q.uai
[2024-05-17T09:29:54.204147][INFO][seed123] Set up logging
[2024-05-17T09:29:54.224900][INFO][seed127] args: -m;1000;-o;/mnt/beegfs/rcabanas/dev/credici/papers/causal_flavour/learntmodels/miter1000;--data;/mnt/beegfs/rcabanas/dev/credici/papers/causal_flavour/data/simple_learner_4Q_data.csv;-rw;-s;127;/mnt/beegfs/rcabanas/dev/credici/papers/causal_flavour/models/simple_learner_4Q.uai
[2024-05-17T09:29:54.224714][INFO][seed105] Starting logger with seed 105
[2024-05-17T09:29:54.228818][INFO][seed139] Starting logger with seed 139
[2024-05-17T09:29:54.227291][INFO][seed123] args: -m;1000;-o;/mnt/beegfs/rcabanas/dev/credici/papers/causal_flavour/learntmodels/miter1000;--data;/mnt/beegfs/rcabanas/dev/credici/papers/causal_flavour/data/simple_learner_4Q_data.csv;-rw;-s;123;/mnt/beegfs/rcabanas/dev/credici/papers/causal_flavour/models/simple_learner_4Q.uai
[2024-05-17T09:29:54.232047][INFO][seed127] Starting logger with seed 127
[2024-05-17T09:29:54.225333][INFO][seed109] Set up logging
[2024-05-17T09:29:54.231997][INFO][seed123] Starting logger with seed 123
[2024-05-17T09:29:54.246869][INFO][seed109] args: -m;1000;-o;/mnt/beegfs/rcabanas/dev/credici/papers/causal_flavour/learntmodels/miter1000;--data;/mnt/beegfs/rcabanas/dev/credici/papers/causal_flavour/data/simple_learner_4Q_data.csv;-rw;-s;109;/mnt/beegfs/rcabanas/dev/credici/papers/causal_flavour/models/simple_learner_4Q.uai
[2024-05-17T09:29:54.252550][INFO][seed109] Starting logger with seed 109
[2024-05-17T09:29:54.260513][INFO][seed144] Loaded 100 data instances
[2024-05-17T09:29:54.238465][INFO][seed136] Set up logging
[2024-05-17T09:29:54.261198][INFO][seed102] Loaded 100 data instances
[2024-05-17T09:29:54.261829][INFO][seed102] Starting learning up to 1000 iterations
[2024-05-17T09:29:54.261719][INFO][seed136] args: -m;1000;-o;/mnt/beegfs/rcabanas/dev/credici/papers/causal_flavour/learntmodels/miter1000;--data;/mnt/beegfs/rcabanas/dev/credici/papers/causal_flavour/data/simple_learner_4Q_data.csv;-rw;-s;136;/mnt/beegfs/rcabanas/dev/credici/papers/causal_flavour/models/simple_learner_4Q.uai
[2024-05-17T09:29:54.265012][INFO][seed111] Loaded model and info: /mnt/beegfs/rcabanas/dev/credici/papers/causal_flavour/models/simple_learner_4Q.uai
[2024-05-17T09:29:54.265045][INFO][seed144] Starting learning up to 1000 iterations
[2024-05-17T09:29:54.239540][INFO][seed126] Set up logging
[2024-05-17T09:29:54.266064][INFO][seed136] Starting logger with seed 136
[2024-05-17T09:29:54.250722][INFO][seed140] Set up logging
[2024-05-17T09:29:54.266148][INFO][seed126] args: -m;1000;-o;/mnt/beegfs/rcabanas/dev/credici/papers/causal_flavour/learntmodels/miter1000;--data;/mnt/beegfs/rcabanas/dev/credici/papers/causal_flavour/data/simple_learner_4Q_data.csv;-rw;-s;126;/mnt/beegfs/rcabanas/dev/credici/papers/causal_flavour/models/simple_learner_4Q.uai
[2024-05-17T09:29:54.273699][INFO][seed140] args: -m;1000;-o;/mnt/beegfs/rcabanas/dev/credici/papers/causal_flavour/learntmodels/miter1000;--data;/mnt/beegfs/rcabanas/dev/credici/papers/causal_flavour/data/simple_learner_4Q_data.csv;-rw;-s;140;/mnt/beegfs/rcabanas/dev/credici/papers/causal_flavour/models/simple_learner_4Q.uai
[2024-05-17T09:29:54.271933][INFO][seed126] Starting logger with seed 126
[2024-05-17T09:29:54.257473][INFO][seed147] Set up logging
[2024-05-17T09:29:54.283920][INFO][seed147] args: -m;1000;-o;/mnt/beegfs/rcabanas/dev/credici/papers/causal_flavour/learntmodels/miter1000;--data;/mnt/beegfs/rcabanas/dev/credici/papers/causal_flavour/data/simple_learner_4Q_data.csv;-rw;-s;147;/mnt/beegfs/rcabanas/dev/credici/papers/causal_flavour/models/simple_learner_4Q.uai
[2024-05-17T09:29:54.286819][INFO][seed140] Starting logger with seed 140
[2024-05-17T09:29:54.293306][INFO][seed147] Starting logger with seed 147
[2024-05-17T09:29:54.296631][INFO][seed141] Loaded model and info: /mnt/beegfs/rcabanas/dev/credici/papers/causal_flavour/models/simple_learner_4Q.uai
[2024-05-17T09:29:54.272373][INFO][seed100] Set up logging
[2024-05-17T09:29:54.281308][INFO][seed128] Set up logging
[2024-05-17T09:29:54.298315][INFO][seed100] args: -m;1000;-o;/mnt/beegfs/rcabanas/dev/credici/papers/causal_flavour/learntmodels/miter1000;--data;/mnt/beegfs/rcabanas/dev/credici/papers/causal_flavour/data/simple_learner_4Q_data.csv;-rw;-s;100;/mnt/beegfs/rcabanas/dev/credici/papers/causal_flavour/models/simple_learner_4Q.uai
[2024-05-17T09:29:54.274323][INFO][seed117] Set up logging
[2024-05-17T09:29:54.299890][INFO][seed128] args: -m;1000;-o;/mnt/beegfs/rcabanas/dev/credici/papers/causal_flavour/learntmodels/miter1000;--data;/mnt/beegfs/rcabanas/dev/credici/papers/causal_flavour/data/simple_learner_4Q_data.csv;-rw;-s;128;/mnt/beegfs/rcabanas/dev/credici/papers/causal_flavour/models/simple_learner_4Q.uai
[2024-05-17T09:29:54.306236][INFO][seed100] Starting logger with seed 100
[2024-05-17T09:29:54.302646][INFO][seed117] args: -m;1000;-o;/mnt/beegfs/rcabanas/dev/credici/papers/causal_flavour/learntmodels/miter1000;--data;/mnt/beegfs/rcabanas/dev/credici/papers/causal_flavour/data/simple_learner_4Q_data.csv;-rw;-s;117;/mnt/beegfs/rcabanas/dev/credici/papers/causal_flavour/models/simple_learner_4Q.uai
[2024-05-17T09:29:54.308245][INFO][seed128] Starting logger with seed 128
[2024-05-17T09:29:54.310114][INFO][seed117] Starting logger with seed 117
[2024-05-17T09:29:54.294468][INFO][seed115] Set up logging
[2024-05-17T09:29:54.317660][INFO][seed115] args: -m;1000;-o;/mnt/beegfs/rcabanas/dev/credici/papers/causal_flavour/learntmodels/miter1000;--data;/mnt/beegfs/rcabanas/dev/credici/papers/causal_flavour/data/simple_learner_4Q_data.csv;-rw;-s;115;/mnt/beegfs/rcabanas/dev/credici/papers/causal_flavour/models/simple_learner_4Q.uai
[2024-05-17T09:29:54.319438][INFO][seed111] Loaded 100 data instances
[2024-05-17T09:29:54.320922][INFO][seed115] Starting logger with seed 115
[2024-05-17T09:29:54.323545][INFO][seed111] Starting learning up to 1000 iterations
[2024-05-17T09:29:54.331869][INFO][seed104] Loaded model and info: /mnt/beegfs/rcabanas/dev/credici/papers/causal_flavour/models/simple_learner_4Q.uai
[2024-05-17T09:29:54.341702][INFO][seed141] Loaded 100 data instances
[2024-05-17T09:29:54.345016][INFO][seed142] Loaded model and info: /mnt/beegfs/rcabanas/dev/credici/papers/causal_flavour/models/simple_learner_4Q.uai
[2024-05-17T09:29:54.346061][INFO][seed141] Starting learning up to 1000 iterations
[2024-05-17T09:29:54.354329][INFO][seed116] Loaded model and info: /mnt/beegfs/rcabanas/dev/credici/papers/causal_flavour/models/simple_learner_4Q.uai
[2024-05-17T09:29:54.358843][INFO][seed132] Loaded model and info: /mnt/beegfs/rcabanas/dev/credici/papers/causal_flavour/models/simple_learner_4Q.uai
[2024-05-17T09:29:54.364062][INFO][seed131] Loaded model and info: /mnt/beegfs/rcabanas/dev/credici/papers/causal_flavour/models/simple_learner_4Q.uai
[2024-05-17T09:29:54.376314][INFO][seed104] Loaded 100 data instances
[2024-05-17T09:29:54.379315][INFO][seed104] Starting learning up to 1000 iterations
[2024-05-17T09:29:54.391993][INFO][seed130] Loaded model and info: /mnt/beegfs/rcabanas/dev/credici/papers/causal_flavour/models/simple_learner_4Q.uai
[2024-05-17T09:29:54.401195][INFO][seed142] Loaded 100 data instances
[2024-05-17T09:29:54.404951][INFO][seed142] Starting learning up to 1000 iterations
[2024-05-17T09:29:54.413473][INFO][seed131] Loaded 100 data instances
[2024-05-17T09:29:54.413971][INFO][seed131] Starting learning up to 1000 iterations
[2024-05-17T09:29:54.415168][INFO][seed116] Loaded 100 data instances
[2024-05-17T09:29:54.418431][INFO][seed116] Starting learning up to 1000 iterations
[2024-05-17T09:29:54.418872][INFO][seed114] Loaded model and info: /mnt/beegfs/rcabanas/dev/credici/papers/causal_flavour/models/simple_learner_4Q.uai
[2024-05-17T09:29:54.419069][INFO][seed132] Loaded 100 data instances
[2024-05-17T09:29:54.422183][INFO][seed132] Starting learning up to 1000 iterations
[2024-05-17T09:29:54.442470][INFO][seed130] Loaded 100 data instances
[2024-05-17T09:29:54.445616][INFO][seed130] Starting learning up to 1000 iterations
[2024-05-17T09:29:54.465152][INFO][seed114] Loaded 100 data instances
[2024-05-17T09:29:54.468648][INFO][seed114] Starting learning up to 1000 iterations
[2024-05-17T09:29:54.520391][INFO][seed124] Loaded model and info: /mnt/beegfs/rcabanas/dev/credici/papers/causal_flavour/models/simple_learner_4Q.uai
[2024-05-17T09:29:54.566671][INFO][seed124] Loaded 100 data instances
[2024-05-17T09:29:54.569165][INFO][seed124] Starting learning up to 1000 iterations
[2024-05-17T09:29:54.581386][INFO][seed118] Loaded model and info: /mnt/beegfs/rcabanas/dev/credici/papers/causal_flavour/models/simple_learner_4Q.uai
[2024-05-17T09:29:54.589212][INFO][seed125] Loaded model and info: /mnt/beegfs/rcabanas/dev/credici/papers/causal_flavour/models/simple_learner_4Q.uai
[2024-05-17T09:29:54.630464][INFO][seed118] Loaded 100 data instances
[2024-05-17T09:29:54.631017][INFO][seed118] Starting learning up to 1000 iterations
[2024-05-17T09:29:54.644267][INFO][seed125] Loaded 100 data instances
[2024-05-17T09:29:54.644861][INFO][seed125] Starting learning up to 1000 iterations
[2024-05-17T09:29:54.655766][INFO][seed145] Loaded model and info: /mnt/beegfs/rcabanas/dev/credici/papers/causal_flavour/models/simple_learner_4Q.uai
[2024-05-17T09:29:54.703129][INFO][seed145] Loaded 100 data instances
[2024-05-17T09:29:54.705495][INFO][seed145] Starting learning up to 1000 iterations
[2024-05-17T09:29:54.710729][INFO][seed149] Loaded model and info: /mnt/beegfs/rcabanas/dev/credici/papers/causal_flavour/models/simple_learner_4Q.uai
[2024-05-17T09:29:54.719275][INFO][seed122] Loaded model and info: /mnt/beegfs/rcabanas/dev/credici/papers/causal_flavour/models/simple_learner_4Q.uai
[2024-05-17T09:29:54.746698][INFO][seed134] Loaded model and info: /mnt/beegfs/rcabanas/dev/credici/papers/causal_flavour/models/simple_learner_4Q.uai
[2024-05-17T09:29:54.755048][INFO][seed149] Loaded 100 data instances
[2024-05-17T09:29:54.757294][INFO][seed149] Starting learning up to 1000 iterations
[2024-05-17T09:29:54.757674][INFO][seed101] Loaded model and info: /mnt/beegfs/rcabanas/dev/credici/papers/causal_flavour/models/simple_learner_4Q.uai
[2024-05-17T09:29:54.761175][INFO][seed143] Loaded model and info: /mnt/beegfs/rcabanas/dev/credici/papers/causal_flavour/models/simple_learner_4Q.uai
[2024-05-17T09:29:54.767016][INFO][seed122] Loaded 100 data instances
[2024-05-17T09:29:54.771149][INFO][seed122] Starting learning up to 1000 iterations
[2024-05-17T09:29:54.793435][INFO][seed134] Loaded 100 data instances
[2024-05-17T09:29:54.796121][INFO][seed134] Starting learning up to 1000 iterations
[2024-05-17T09:29:54.801730][INFO][seed101] Loaded 100 data instances
[2024-05-17T09:29:54.803917][INFO][seed143] Loaded 100 data instances
[2024-05-17T09:29:54.805184][INFO][seed101] Starting learning up to 1000 iterations
[2024-05-17T09:29:54.806712][INFO][seed143] Starting learning up to 1000 iterations
[2024-05-17T09:29:54.815755][INFO][seed119] Loaded model and info: /mnt/beegfs/rcabanas/dev/credici/papers/causal_flavour/models/simple_learner_4Q.uai
[2024-05-17T09:29:54.821544][INFO][seed103] Loaded model and info: /mnt/beegfs/rcabanas/dev/credici/papers/causal_flavour/models/simple_learner_4Q.uai
[2024-05-17T09:29:54.835539][INFO][seed110] Loaded model and info: /mnt/beegfs/rcabanas/dev/credici/papers/causal_flavour/models/simple_learner_4Q.uai
[2024-05-17T09:29:54.839198][INFO][seed127] Loaded model and info: /mnt/beegfs/rcabanas/dev/credici/papers/causal_flavour/models/simple_learner_4Q.uai
[2024-05-17T09:29:54.853234][INFO][seed105] Loaded model and info: /mnt/beegfs/rcabanas/dev/credici/papers/causal_flavour/models/simple_learner_4Q.uai
[2024-05-17T09:29:54.853322][INFO][seed120] Loaded model and info: /mnt/beegfs/rcabanas/dev/credici/papers/causal_flavour/models/simple_learner_4Q.uai
[2024-05-17T09:29:54.853874][INFO][seed112] Loaded model and info: /mnt/beegfs/rcabanas/dev/credici/papers/causal_flavour/models/simple_learner_4Q.uai
[2024-05-17T09:29:54.862286][INFO][seed103] Loaded 100 data instances
[2024-05-17T09:29:54.865663][INFO][seed103] Starting learning up to 1000 iterations
[2024-05-17T09:29:54.866201][INFO][seed119] Loaded 100 data instances
[2024-05-17T09:29:54.868904][INFO][seed119] Starting learning up to 1000 iterations
[2024-05-17T09:29:54.870961][INFO][seed107] Loaded model and info: /mnt/beegfs/rcabanas/dev/credici/papers/causal_flavour/models/simple_learner_4Q.uai
[2024-05-17T09:29:54.878857][INFO][seed110] Loaded 100 data instances
[2024-05-17T09:29:54.881288][INFO][seed110] Starting learning up to 1000 iterations
[2024-05-17T09:29:54.887279][INFO][seed127] Loaded 100 data instances
[2024-05-17T09:29:54.889661][INFO][seed127] Starting learning up to 1000 iterations
[2024-05-17T09:29:54.890800][INFO][seed109] Loaded model and info: /mnt/beegfs/rcabanas/dev/credici/papers/causal_flavour/models/simple_learner_4Q.uai
[2024-05-17T09:29:54.895803][INFO][seed139] Loaded model and info: /mnt/beegfs/rcabanas/dev/credici/papers/causal_flavour/models/simple_learner_4Q.uai
[2024-05-17T09:29:54.896899][INFO][seed128] Loaded model and info: /mnt/beegfs/rcabanas/dev/credici/papers/causal_flavour/models/simple_learner_4Q.uai
[2024-05-17T09:29:54.898505][INFO][seed112] Loaded 100 data instances
[2024-05-17T09:29:54.900599][INFO][seed105] Loaded 100 data instances
[2024-05-17T09:29:54.900778][INFO][seed136] Loaded model and info: /mnt/beegfs/rcabanas/dev/credici/papers/causal_flavour/models/simple_learner_4Q.uai
[2024-05-17T09:29:54.901606][INFO][seed112] Starting learning up to 1000 iterations
[2024-05-17T09:29:54.902805][INFO][seed100] Loaded model and info: /mnt/beegfs/rcabanas/dev/credici/papers/causal_flavour/models/simple_learner_4Q.uai
[2024-05-17T09:29:54.903306][INFO][seed105] Starting learning up to 1000 iterations
[2024-05-17T09:29:54.903392][INFO][seed120] Loaded 100 data instances
[2024-05-17T09:29:54.904783][INFO][seed123] Loaded model and info: /mnt/beegfs/rcabanas/dev/credici/papers/causal_flavour/models/simple_learner_4Q.uai
[2024-05-17T09:29:54.906326][INFO][seed120] Starting learning up to 1000 iterations
[2024-05-17T09:29:54.908105][INFO][seed126] Loaded model and info: /mnt/beegfs/rcabanas/dev/credici/papers/causal_flavour/models/simple_learner_4Q.uai
[2024-05-17T09:29:54.911004][INFO][seed140] Loaded model and info: /mnt/beegfs/rcabanas/dev/credici/papers/causal_flavour/models/simple_learner_4Q.uai
[2024-05-17T09:29:54.916833][INFO][seed117] Loaded model and info: /mnt/beegfs/rcabanas/dev/credici/papers/causal_flavour/models/simple_learner_4Q.uai
[2024-05-17T09:29:54.917587][INFO][seed115] Loaded model and info: /mnt/beegfs/rcabanas/dev/credici/papers/causal_flavour/models/simple_learner_4Q.uai
[2024-05-17T09:29:54.921400][INFO][seed107] Loaded 100 data instances
[2024-05-17T09:29:54.922020][INFO][seed107] Starting learning up to 1000 iterations
[2024-05-17T09:29:54.934875][INFO][seed109] Loaded 100 data instances
[2024-05-17T09:29:54.937896][INFO][seed109] Starting learning up to 1000 iterations
[2024-05-17T09:29:54.940873][INFO][seed128] Loaded 100 data instances
[2024-05-17T09:29:54.942337][INFO][seed147] Loaded model and info: /mnt/beegfs/rcabanas/dev/credici/papers/causal_flavour/models/simple_learner_4Q.uai
[2024-05-17T09:29:54.943356][INFO][seed128] Starting learning up to 1000 iterations
[2024-05-17T09:29:54.946285][INFO][seed100] Loaded 100 data instances
[2024-05-17T09:29:54.949462][INFO][seed139] Loaded 100 data instances
[2024-05-17T09:29:54.950507][INFO][seed100] Starting learning up to 1000 iterations
[2024-05-17T09:29:54.950967][INFO][seed139] Starting learning up to 1000 iterations
[2024-05-17T09:29:54.951624][INFO][seed136] Loaded 100 data instances
[2024-05-17T09:29:54.952007][INFO][seed123] Loaded 100 data instances
[2024-05-17T09:29:54.952603][INFO][seed123] Starting learning up to 1000 iterations
[2024-05-17T09:29:54.952203][INFO][seed136] Starting learning up to 1000 iterations
[2024-05-17T09:29:54.954933][INFO][seed140] Loaded 100 data instances
[2024-05-17T09:29:54.957165][INFO][seed126] Loaded 100 data instances
[2024-05-17T09:29:54.957333][INFO][seed140] Starting learning up to 1000 iterations
[2024-05-17T09:29:54.958061][INFO][seed126] Starting learning up to 1000 iterations
[2024-05-17T09:29:54.964535][INFO][seed117] Loaded 100 data instances
[2024-05-17T09:29:54.968382][INFO][seed117] Starting learning up to 1000 iterations
[2024-05-17T09:29:54.969422][INFO][seed115] Loaded 100 data instances
[2024-05-17T09:29:54.970021][INFO][seed115] Starting learning up to 1000 iterations
[2024-05-17T09:29:54.981195][INFO][seed147] Loaded 100 data instances
[2024-05-17T09:29:54.984816][INFO][seed147] Starting learning up to 1000 iterations
slurmstepd: error: *** JOB 89983 ON nodo15 CANCELLED AT 2024-05-17T11:31:00 ***
