50
1000
['learn.py', '1000', '74']
['learn.py', '1000', '68']
seed=74
/mnt/beegfs/rcabanas/dev/credici
/mnt/beegfs/rcabanas/dev/credici/papers/causal_flavour
/mnt/beegfs/rcabanas/dev/credici/papers/causal_flavour/learntmodels
/mnt/beegfs/rcabanas/dev/credici/papers/causal_flavour/models
['learn.py', '1000', '99']
/mnt/beegfs/rcabanas/dev/credici/target/credici-0.1.5-dev-SNAPSHOT-jar-with-dependencies.jar
/mnt/beegfs/rcabanas/dev/credici/papers/causal_flavour/code/LearnCF.java
seed=68
/mnt/beegfs/rcabanas/dev/credici
/mnt/beegfs/rcabanas/dev/credici/papers/causal_flavour
/mnt/beegfs/rcabanas/dev/credici/papers/causal_flavour/learntmodels
/mnt/beegfs/rcabanas/dev/credici/papers/causal_flavour/models
/mnt/beegfs/rcabanas/dev/credici/target/credici-0.1.5-dev-SNAPSHOT-jar-with-dependencies.jar
/mnt/beegfs/rcabanas/dev/credici/papers/causal_flavour/code/LearnCF.java
['learn.py', '1000', '80']
seed=99
/mnt/beegfs/rcabanas/dev/credici
/mnt/beegfs/rcabanas/dev/credici/papers/causal_flavour
/mnt/beegfs/rcabanas/dev/credici/papers/causal_flavour/learntmodels
/mnt/beegfs/rcabanas/dev/credici/papers/causal_flavour/models
/mnt/beegfs/rcabanas/dev/credici/target/credici-0.1.5-dev-SNAPSHOT-jar-with-dependencies.jar
/mnt/beegfs/rcabanas/dev/credici/papers/causal_flavour/code/LearnCF.java
['learn.py', '1000', '92']
['learn.py', '1000', '77']
['learn.py', '1000', '53']
seed=80
/mnt/beegfs/rcabanas/dev/credici
/mnt/beegfs/rcabanas/dev/credici/papers/causal_flavour
/mnt/beegfs/rcabanas/dev/credici/papers/causal_flavour/learntmodels
/mnt/beegfs/rcabanas/dev/credici/papers/causal_flavour/models
/mnt/beegfs/rcabanas/dev/credici/target/credici-0.1.5-dev-SNAPSHOT-jar-with-dependencies.jar
/mnt/beegfs/rcabanas/dev/credici/papers/causal_flavour/code/LearnCF.java
seed=92
/mnt/beegfs/rcabanas/dev/credici
/mnt/beegfs/rcabanas/dev/credici/papers/causal_flavour
/mnt/beegfs/rcabanas/dev/credici/papers/causal_flavour/learntmodels
/mnt/beegfs/rcabanas/dev/credici/papers/causal_flavour/models
/mnt/beegfs/rcabanas/dev/credici/target/credici-0.1.5-dev-SNAPSHOT-jar-with-dependencies.jar
/mnt/beegfs/rcabanas/dev/credici/papers/causal_flavour/code/LearnCF.java
seed=77
/mnt/beegfs/rcabanas/dev/credici
/mnt/beegfs/rcabanas/dev/credici/papers/causal_flavour
/mnt/beegfs/rcabanas/dev/credici/papers/causal_flavour/learntmodels
/mnt/beegfs/rcabanas/dev/credici/papers/causal_flavour/models
/mnt/beegfs/rcabanas/dev/credici/target/credici-0.1.5-dev-SNAPSHOT-jar-with-dependencies.jar
/mnt/beegfs/rcabanas/dev/credici/papers/causal_flavour/code/LearnCF.java
seed=53
/mnt/beegfs/rcabanas/dev/credici
/mnt/beegfs/rcabanas/dev/credici/papers/causal_flavour
/mnt/beegfs/rcabanas/dev/credici/papers/causal_flavour/learntmodels
/mnt/beegfs/rcabanas/dev/credici/papers/causal_flavour/models
/mnt/beegfs/rcabanas/dev/credici/target/credici-0.1.5-dev-SNAPSHOT-jar-with-dependencies.jar
/mnt/beegfs/rcabanas/dev/credici/papers/causal_flavour/code/LearnCF.java
['learn.py', '1000', '86']
['learn.py', '1000', '59']
['learn.py', '1000', '70']
['learn.py', '1000', '62']
['learn.py', '1000', '82']
seed=86
/mnt/beegfs/rcabanas/dev/credici
/mnt/beegfs/rcabanas/dev/credici/papers/causal_flavour
/mnt/beegfs/rcabanas/dev/credici/papers/causal_flavour/learntmodels
/mnt/beegfs/rcabanas/dev/credici/papers/causal_flavour/models
/mnt/beegfs/rcabanas/dev/credici/target/credici-0.1.5-dev-SNAPSHOT-jar-with-dependencies.jar
/mnt/beegfs/rcabanas/dev/credici/papers/causal_flavour/code/LearnCF.java
['learn.py', '1000', '63']
seed=59
seed=70
/mnt/beegfs/rcabanas/dev/credici
/mnt/beegfs/rcabanas/dev/credici
/mnt/beegfs/rcabanas/dev/credici/papers/causal_flavour
/mnt/beegfs/rcabanas/dev/credici/papers/causal_flavour
/mnt/beegfs/rcabanas/dev/credici/papers/causal_flavour/learntmodels
/mnt/beegfs/rcabanas/dev/credici/papers/causal_flavour/learntmodels
/mnt/beegfs/rcabanas/dev/credici/papers/causal_flavour/models
/mnt/beegfs/rcabanas/dev/credici/papers/causal_flavour/models
/mnt/beegfs/rcabanas/dev/credici/target/credici-0.1.5-dev-SNAPSHOT-jar-with-dependencies.jar
seed=62
seed=82
/mnt/beegfs/rcabanas/dev/credici/target/credici-0.1.5-dev-SNAPSHOT-jar-with-dependencies.jar
/mnt/beegfs/rcabanas/dev/credici/papers/causal_flavour/code/LearnCF.java
/mnt/beegfs/rcabanas/dev/credici
/mnt/beegfs/rcabanas/dev/credici
/mnt/beegfs/rcabanas/dev/credici/papers/causal_flavour/code/LearnCF.java
/mnt/beegfs/rcabanas/dev/credici/papers/causal_flavour
/mnt/beegfs/rcabanas/dev/credici/papers/causal_flavour
/mnt/beegfs/rcabanas/dev/credici/papers/causal_flavour/learntmodels
/mnt/beegfs/rcabanas/dev/credici/papers/causal_flavour/learntmodels
/mnt/beegfs/rcabanas/dev/credici/papers/causal_flavour/models
/mnt/beegfs/rcabanas/dev/credici/papers/causal_flavour/models
/mnt/beegfs/rcabanas/dev/credici/target/credici-0.1.5-dev-SNAPSHOT-jar-with-dependencies.jar
/mnt/beegfs/rcabanas/dev/credici/target/credici-0.1.5-dev-SNAPSHOT-jar-with-dependencies.jar
/mnt/beegfs/rcabanas/dev/credici/papers/causal_flavour/code/LearnCF.java
/mnt/beegfs/rcabanas/dev/credici/papers/causal_flavour/code/LearnCF.java
seed=63
/mnt/beegfs/rcabanas/dev/credici
/mnt/beegfs/rcabanas/dev/credici/papers/causal_flavour
/mnt/beegfs/rcabanas/dev/credici/papers/causal_flavour/learntmodels
/mnt/beegfs/rcabanas/dev/credici/papers/causal_flavour/models
/mnt/beegfs/rcabanas/dev/credici/target/credici-0.1.5-dev-SNAPSHOT-jar-with-dependencies.jar
/mnt/beegfs/rcabanas/dev/credici/papers/causal_flavour/code/LearnCF.java
['learn.py', '1000', '91']
['learn.py', '1000', '69']
seed=91
seed=69
/mnt/beegfs/rcabanas/dev/credici
/mnt/beegfs/rcabanas/dev/credici
/mnt/beegfs/rcabanas/dev/credici/papers/causal_flavour
/mnt/beegfs/rcabanas/dev/credici/papers/causal_flavour
/mnt/beegfs/rcabanas/dev/credici/papers/causal_flavour/learntmodels
/mnt/beegfs/rcabanas/dev/credici/papers/causal_flavour/learntmodels
/mnt/beegfs/rcabanas/dev/credici/papers/causal_flavour/models
/mnt/beegfs/rcabanas/dev/credici/papers/causal_flavour/models
/mnt/beegfs/rcabanas/dev/credici/target/credici-0.1.5-dev-SNAPSHOT-jar-with-dependencies.jar
/mnt/beegfs/rcabanas/dev/credici/papers/causal_flavour/code/LearnCF.java
/mnt/beegfs/rcabanas/dev/credici/target/credici-0.1.5-dev-SNAPSHOT-jar-with-dependencies.jar
/mnt/beegfs/rcabanas/dev/credici/papers/causal_flavour/code/LearnCF.java
['learn.py', '1000', '65']
['learn.py', '1000', '56']
['learn.py', '1000', '52']
['learn.py', '1000', '71']
['learn.py', '1000', '97']
seed=56
seed=52
seed=65
/mnt/beegfs/rcabanas/dev/credici
/mnt/beegfs/rcabanas/dev/credici/papers/causal_flavour
/mnt/beegfs/rcabanas/dev/credici
/mnt/beegfs/rcabanas/dev/credici
/mnt/beegfs/rcabanas/dev/credici/papers/causal_flavour/learntmodels
/mnt/beegfs/rcabanas/dev/credici/papers/causal_flavour
/mnt/beegfs/rcabanas/dev/credici/papers/causal_flavour
/mnt/beegfs/rcabanas/dev/credici/papers/causal_flavour/models
/mnt/beegfs/rcabanas/dev/credici/papers/causal_flavour/learntmodels
/mnt/beegfs/rcabanas/dev/credici/papers/causal_flavour/models
/mnt/beegfs/rcabanas/dev/credici/papers/causal_flavour/learntmodels
/mnt/beegfs/rcabanas/dev/credici/target/credici-0.1.5-dev-SNAPSHOT-jar-with-dependencies.jar
['learn.py', '1000', '75']
/mnt/beegfs/rcabanas/dev/credici/target/credici-0.1.5-dev-SNAPSHOT-jar-with-dependencies.jar
/mnt/beegfs/rcabanas/dev/credici/papers/causal_flavour/models
/mnt/beegfs/rcabanas/dev/credici/target/credici-0.1.5-dev-SNAPSHOT-jar-with-dependencies.jar
/mnt/beegfs/rcabanas/dev/credici/papers/causal_flavour/code/LearnCF.java
/mnt/beegfs/rcabanas/dev/credici/papers/causal_flavour/code/LearnCF.java
/mnt/beegfs/rcabanas/dev/credici/papers/causal_flavour/code/LearnCF.java
seed=97
seed=71
/mnt/beegfs/rcabanas/dev/credici
/mnt/beegfs/rcabanas/dev/credici
['learn.py', '1000', '90']
/mnt/beegfs/rcabanas/dev/credici/papers/causal_flavour
/mnt/beegfs/rcabanas/dev/credici/papers/causal_flavour/learntmodels
/mnt/beegfs/rcabanas/dev/credici/papers/causal_flavour
/mnt/beegfs/rcabanas/dev/credici/papers/causal_flavour/models
/mnt/beegfs/rcabanas/dev/credici/papers/causal_flavour/learntmodels
/mnt/beegfs/rcabanas/dev/credici/target/credici-0.1.5-dev-SNAPSHOT-jar-with-dependencies.jar
/mnt/beegfs/rcabanas/dev/credici/papers/causal_flavour/models
/mnt/beegfs/rcabanas/dev/credici/papers/causal_flavour/code/LearnCF.java
seed=75
/mnt/beegfs/rcabanas/dev/credici/target/credici-0.1.5-dev-SNAPSHOT-jar-with-dependencies.jar
/mnt/beegfs/rcabanas/dev/credici
/mnt/beegfs/rcabanas/dev/credici/papers/causal_flavour/code/LearnCF.java
/mnt/beegfs/rcabanas/dev/credici/papers/causal_flavour
/mnt/beegfs/rcabanas/dev/credici/papers/causal_flavour/learntmodels
/mnt/beegfs/rcabanas/dev/credici/papers/causal_flavour/models
/mnt/beegfs/rcabanas/dev/credici/target/credici-0.1.5-dev-SNAPSHOT-jar-with-dependencies.jar
/mnt/beegfs/rcabanas/dev/credici/papers/causal_flavour/code/LearnCF.java
seed=90
/mnt/beegfs/rcabanas/dev/credici
/mnt/beegfs/rcabanas/dev/credici/papers/causal_flavour
/mnt/beegfs/rcabanas/dev/credici/papers/causal_flavour/learntmodels
/mnt/beegfs/rcabanas/dev/credici/papers/causal_flavour/models
/mnt/beegfs/rcabanas/dev/credici/target/credici-0.1.5-dev-SNAPSHOT-jar-with-dependencies.jar
/mnt/beegfs/rcabanas/dev/credici/papers/causal_flavour/code/LearnCF.java
['learn.py', '1000', '78']
seed=78
/mnt/beegfs/rcabanas/dev/credici
/mnt/beegfs/rcabanas/dev/credici/papers/causal_flavour
/mnt/beegfs/rcabanas/dev/credici/papers/causal_flavour/learntmodels
/mnt/beegfs/rcabanas/dev/credici/papers/causal_flavour/models
/mnt/beegfs/rcabanas/dev/credici/target/credici-0.1.5-dev-SNAPSHOT-jar-with-dependencies.jar
/mnt/beegfs/rcabanas/dev/credici/papers/causal_flavour/code/LearnCF.java
['learn.py', '1000', '96']
['learn.py', '1000', '54']
seed=96
/mnt/beegfs/rcabanas/dev/credici
/mnt/beegfs/rcabanas/dev/credici/papers/causal_flavour
/mnt/beegfs/rcabanas/dev/credici/papers/causal_flavour/learntmodels
/mnt/beegfs/rcabanas/dev/credici/papers/causal_flavour/models
/mnt/beegfs/rcabanas/dev/credici/target/credici-0.1.5-dev-SNAPSHOT-jar-with-dependencies.jar
/mnt/beegfs/rcabanas/dev/credici/papers/causal_flavour/code/LearnCF.java
['learn.py', '1000', '64']
['learn.py', '1000', '85']
['learn.py', '1000', '61']
['learn.py', '1000', '73']
['learn.py', '1000', '55']
['learn.py', '1000', '58']
['learn.py', '1000', '50']
seed=54
/mnt/beegfs/rcabanas/dev/credici
/mnt/beegfs/rcabanas/dev/credici/papers/causal_flavour
/mnt/beegfs/rcabanas/dev/credici/papers/causal_flavour/learntmodels
/mnt/beegfs/rcabanas/dev/credici/papers/causal_flavour/models
/mnt/beegfs/rcabanas/dev/credici/target/credici-0.1.5-dev-SNAPSHOT-jar-with-dependencies.jar
/mnt/beegfs/rcabanas/dev/credici/papers/causal_flavour/code/LearnCF.java
seed=64
/mnt/beegfs/rcabanas/dev/credici
/mnt/beegfs/rcabanas/dev/credici/papers/causal_flavour
/mnt/beegfs/rcabanas/dev/credici/papers/causal_flavour/learntmodels
/mnt/beegfs/rcabanas/dev/credici/papers/causal_flavour/models
/mnt/beegfs/rcabanas/dev/credici/target/credici-0.1.5-dev-SNAPSHOT-jar-with-dependencies.jar
/mnt/beegfs/rcabanas/dev/credici/papers/causal_flavour/code/LearnCF.java
['learn.py', '1000', '100']
seed=85
/mnt/beegfs/rcabanas/dev/credici
/mnt/beegfs/rcabanas/dev/credici/papers/causal_flavour
/mnt/beegfs/rcabanas/dev/credici/papers/causal_flavour/learntmodels
/mnt/beegfs/rcabanas/dev/credici/papers/causal_flavour/models
/mnt/beegfs/rcabanas/dev/credici/target/credici-0.1.5-dev-SNAPSHOT-jar-with-dependencies.jar
seed=61
/mnt/beegfs/rcabanas/dev/credici
/mnt/beegfs/rcabanas/dev/credici/papers/causal_flavour
/mnt/beegfs/rcabanas/dev/credici/papers/causal_flavour/learntmodels
/mnt/beegfs/rcabanas/dev/credici/papers/causal_flavour/models
/mnt/beegfs/rcabanas/dev/credici/target/credici-0.1.5-dev-SNAPSHOT-jar-with-dependencies.jar
/mnt/beegfs/rcabanas/dev/credici/papers/causal_flavour/code/LearnCF.java
/mnt/beegfs/rcabanas/dev/credici/papers/causal_flavour/code/LearnCF.java
['learn.py', '1000', '67']
seed=73
/mnt/beegfs/rcabanas/dev/credici
/mnt/beegfs/rcabanas/dev/credici/papers/causal_flavour
/mnt/beegfs/rcabanas/dev/credici/papers/causal_flavour/learntmodels
/mnt/beegfs/rcabanas/dev/credici/papers/causal_flavour/models
/mnt/beegfs/rcabanas/dev/credici/target/credici-0.1.5-dev-SNAPSHOT-jar-with-dependencies.jar
/mnt/beegfs/rcabanas/dev/credici/papers/causal_flavour/code/LearnCF.java
['learn.py', '1000', '83']
seed=58
seed=55
/mnt/beegfs/rcabanas/dev/credici
/mnt/beegfs/rcabanas/dev/credici/papers/causal_flavour
/mnt/beegfs/rcabanas/dev/credici/papers/causal_flavour/learntmodels
/mnt/beegfs/rcabanas/dev/credici/papers/causal_flavour/models
/mnt/beegfs/rcabanas/dev/credici/target/credici-0.1.5-dev-SNAPSHOT-jar-with-dependencies.jar
/mnt/beegfs/rcabanas/dev/credici/papers/causal_flavour/code/LearnCF.java
/mnt/beegfs/rcabanas/dev/credici
seed=50
/mnt/beegfs/rcabanas/dev/credici
/mnt/beegfs/rcabanas/dev/credici/papers/causal_flavour
/mnt/beegfs/rcabanas/dev/credici/papers/causal_flavour
/mnt/beegfs/rcabanas/dev/credici/papers/causal_flavour/learntmodels
/mnt/beegfs/rcabanas/dev/credici/papers/causal_flavour/models
/mnt/beegfs/rcabanas/dev/credici/target/credici-0.1.5-dev-SNAPSHOT-jar-with-dependencies.jar
/mnt/beegfs/rcabanas/dev/credici/papers/causal_flavour/code/LearnCF.java
/mnt/beegfs/rcabanas/dev/credici/papers/causal_flavour/learntmodels
/mnt/beegfs/rcabanas/dev/credici/papers/causal_flavour/models
/mnt/beegfs/rcabanas/dev/credici/target/credici-0.1.5-dev-SNAPSHOT-jar-with-dependencies.jar
/mnt/beegfs/rcabanas/dev/credici/papers/causal_flavour/code/LearnCF.java
['learn.py', '1000', '98']
['learn.py', '1000', '84']
['learn.py', '1000', '60']
seed=100
/mnt/beegfs/rcabanas/dev/credici
/mnt/beegfs/rcabanas/dev/credici/papers/causal_flavour
/mnt/beegfs/rcabanas/dev/credici/papers/causal_flavour/learntmodels
/mnt/beegfs/rcabanas/dev/credici/papers/causal_flavour/models
/mnt/beegfs/rcabanas/dev/credici/target/credici-0.1.5-dev-SNAPSHOT-jar-with-dependencies.jar
/mnt/beegfs/rcabanas/dev/credici/papers/causal_flavour/code/LearnCF.java
['learn.py', '1000', '87']
['learn.py', '1000', '94']
seed=67
/mnt/beegfs/rcabanas/dev/credici
/mnt/beegfs/rcabanas/dev/credici/papers/causal_flavour
/mnt/beegfs/rcabanas/dev/credici/papers/causal_flavour/learntmodels
/mnt/beegfs/rcabanas/dev/credici/papers/causal_flavour/models
/mnt/beegfs/rcabanas/dev/credici/target/credici-0.1.5-dev-SNAPSHOT-jar-with-dependencies.jar
/mnt/beegfs/rcabanas/dev/credici/papers/causal_flavour/code/LearnCF.java
seed=83
/mnt/beegfs/rcabanas/dev/credici
/mnt/beegfs/rcabanas/dev/credici/papers/causal_flavour
['learn.py', '1000', '88']
/mnt/beegfs/rcabanas/dev/credici/papers/causal_flavour/learntmodels
/mnt/beegfs/rcabanas/dev/credici/papers/causal_flavour/models
/mnt/beegfs/rcabanas/dev/credici/target/credici-0.1.5-dev-SNAPSHOT-jar-with-dependencies.jar
/mnt/beegfs/rcabanas/dev/credici/papers/causal_flavour/code/LearnCF.java
seed=98
/mnt/beegfs/rcabanas/dev/credici
/mnt/beegfs/rcabanas/dev/credici/papers/causal_flavour
/mnt/beegfs/rcabanas/dev/credici/papers/causal_flavour/learntmodels
/mnt/beegfs/rcabanas/dev/credici/papers/causal_flavour/models
/mnt/beegfs/rcabanas/dev/credici/target/credici-0.1.5-dev-SNAPSHOT-jar-with-dependencies.jar
/mnt/beegfs/rcabanas/dev/credici/papers/causal_flavour/code/LearnCF.java
seed=84
['learn.py', '1000', '79']
['learn.py', '1000', '72']
/mnt/beegfs/rcabanas/dev/credici
/mnt/beegfs/rcabanas/dev/credici/papers/causal_flavour
seed=60
/mnt/beegfs/rcabanas/dev/credici
/mnt/beegfs/rcabanas/dev/credici/papers/causal_flavour
/mnt/beegfs/rcabanas/dev/credici/papers/causal_flavour/learntmodels
/mnt/beegfs/rcabanas/dev/credici/papers/causal_flavour/models
/mnt/beegfs/rcabanas/dev/credici/target/credici-0.1.5-dev-SNAPSHOT-jar-with-dependencies.jar
/mnt/beegfs/rcabanas/dev/credici/papers/causal_flavour/code/LearnCF.java
/mnt/beegfs/rcabanas/dev/credici/papers/causal_flavour/learntmodels
seed=87
/mnt/beegfs/rcabanas/dev/credici
/mnt/beegfs/rcabanas/dev/credici/papers/causal_flavour
/mnt/beegfs/rcabanas/dev/credici/papers/causal_flavour/learntmodels
/mnt/beegfs/rcabanas/dev/credici/papers/causal_flavour/models
/mnt/beegfs/rcabanas/dev/credici/target/credici-0.1.5-dev-SNAPSHOT-jar-with-dependencies.jar
/mnt/beegfs/rcabanas/dev/credici/papers/causal_flavour/code/LearnCF.java
/mnt/beegfs/rcabanas/dev/credici/papers/causal_flavour/models
['learn.py', '1000', '81']
seed=94
/mnt/beegfs/rcabanas/dev/credici
/mnt/beegfs/rcabanas/dev/credici/papers/causal_flavour
/mnt/beegfs/rcabanas/dev/credici/papers/causal_flavour/learntmodels
/mnt/beegfs/rcabanas/dev/credici/target/credici-0.1.5-dev-SNAPSHOT-jar-with-dependencies.jar
/mnt/beegfs/rcabanas/dev/credici/papers/causal_flavour/code/LearnCF.java
/mnt/beegfs/rcabanas/dev/credici/papers/causal_flavour/models
/mnt/beegfs/rcabanas/dev/credici/target/credici-0.1.5-dev-SNAPSHOT-jar-with-dependencies.jar
/mnt/beegfs/rcabanas/dev/credici/papers/causal_flavour/code/LearnCF.java
seed=88
/mnt/beegfs/rcabanas/dev/credici
/mnt/beegfs/rcabanas/dev/credici/papers/causal_flavour
/mnt/beegfs/rcabanas/dev/credici/papers/causal_flavour/learntmodels
/mnt/beegfs/rcabanas/dev/credici/papers/causal_flavour/models
/mnt/beegfs/rcabanas/dev/credici/target/credici-0.1.5-dev-SNAPSHOT-jar-with-dependencies.jar
/mnt/beegfs/rcabanas/dev/credici/papers/causal_flavour/code/LearnCF.java
seed=79
/mnt/beegfs/rcabanas/dev/credici
seed=72
/mnt/beegfs/rcabanas/dev/credici
/mnt/beegfs/rcabanas/dev/credici/papers/causal_flavour
/mnt/beegfs/rcabanas/dev/credici/papers/causal_flavour
/mnt/beegfs/rcabanas/dev/credici/papers/causal_flavour/learntmodels
/mnt/beegfs/rcabanas/dev/credici/papers/causal_flavour/models
/mnt/beegfs/rcabanas/dev/credici/target/credici-0.1.5-dev-SNAPSHOT-jar-with-dependencies.jar
/mnt/beegfs/rcabanas/dev/credici/papers/causal_flavour/learntmodels
/mnt/beegfs/rcabanas/dev/credici/papers/causal_flavour/code/LearnCF.java
/mnt/beegfs/rcabanas/dev/credici/papers/causal_flavour/models
/mnt/beegfs/rcabanas/dev/credici/target/credici-0.1.5-dev-SNAPSHOT-jar-with-dependencies.jar
/mnt/beegfs/rcabanas/dev/credici/papers/causal_flavour/code/LearnCF.java
['learn.py', '1000', '89']
seed=81
/mnt/beegfs/rcabanas/dev/credici
/mnt/beegfs/rcabanas/dev/credici/papers/causal_flavour
/mnt/beegfs/rcabanas/dev/credici/papers/causal_flavour/learntmodels
/mnt/beegfs/rcabanas/dev/credici/papers/causal_flavour/models
['learn.py', '1000', '51']
/mnt/beegfs/rcabanas/dev/credici/target/credici-0.1.5-dev-SNAPSHOT-jar-with-dependencies.jar
/mnt/beegfs/rcabanas/dev/credici/papers/causal_flavour/code/LearnCF.java
['learn.py', '1000', '66']
['learn.py', '1000', '76']
['learn.py', '1000', '93']
seed=89
/mnt/beegfs/rcabanas/dev/credici
/mnt/beegfs/rcabanas/dev/credici/papers/causal_flavour
/mnt/beegfs/rcabanas/dev/credici/papers/causal_flavour/learntmodels
/mnt/beegfs/rcabanas/dev/credici/papers/causal_flavour/models
/mnt/beegfs/rcabanas/dev/credici/target/credici-0.1.5-dev-SNAPSHOT-jar-with-dependencies.jar
/mnt/beegfs/rcabanas/dev/credici/papers/causal_flavour/code/LearnCF.java
['learn.py', '1000', '57']
seed=51
/mnt/beegfs/rcabanas/dev/credici
/mnt/beegfs/rcabanas/dev/credici/papers/causal_flavour
/mnt/beegfs/rcabanas/dev/credici/papers/causal_flavour/learntmodels
/mnt/beegfs/rcabanas/dev/credici/papers/causal_flavour/models
/mnt/beegfs/rcabanas/dev/credici/target/credici-0.1.5-dev-SNAPSHOT-jar-with-dependencies.jar
/mnt/beegfs/rcabanas/dev/credici/papers/causal_flavour/code/LearnCF.java
seed=66
/mnt/beegfs/rcabanas/dev/credici
/mnt/beegfs/rcabanas/dev/credici/papers/causal_flavour
/mnt/beegfs/rcabanas/dev/credici/papers/causal_flavour/learntmodels
/mnt/beegfs/rcabanas/dev/credici/papers/causal_flavour/models
/mnt/beegfs/rcabanas/dev/credici/target/credici-0.1.5-dev-SNAPSHOT-jar-with-dependencies.jar
/mnt/beegfs/rcabanas/dev/credici/papers/causal_flavour/code/LearnCF.java
seed=76
/mnt/beegfs/rcabanas/dev/credici
/mnt/beegfs/rcabanas/dev/credici/papers/causal_flavour
/mnt/beegfs/rcabanas/dev/credici/papers/causal_flavour/learntmodels
/mnt/beegfs/rcabanas/dev/credici/papers/causal_flavour/models
/mnt/beegfs/rcabanas/dev/credici/target/credici-0.1.5-dev-SNAPSHOT-jar-with-dependencies.jar
/mnt/beegfs/rcabanas/dev/credici/papers/causal_flavour/code/LearnCF.java
seed=93
/mnt/beegfs/rcabanas/dev/credici
/mnt/beegfs/rcabanas/dev/credici/papers/causal_flavour
/mnt/beegfs/rcabanas/dev/credici/papers/causal_flavour/learntmodels
/mnt/beegfs/rcabanas/dev/credici/papers/causal_flavour/models
/mnt/beegfs/rcabanas/dev/credici/target/credici-0.1.5-dev-SNAPSHOT-jar-with-dependencies.jar
/mnt/beegfs/rcabanas/dev/credici/papers/causal_flavour/code/LearnCF.java
seed=57
/mnt/beegfs/rcabanas/dev/credici
/mnt/beegfs/rcabanas/dev/credici/papers/causal_flavour
/mnt/beegfs/rcabanas/dev/credici/papers/causal_flavour/learntmodels
/mnt/beegfs/rcabanas/dev/credici/papers/causal_flavour/models
/mnt/beegfs/rcabanas/dev/credici/target/credici-0.1.5-dev-SNAPSHOT-jar-with-dependencies.jar
/mnt/beegfs/rcabanas/dev/credici/papers/causal_flavour/code/LearnCF.java
[2024-04-15T09:33:02.891075][INFO][seed68] Set up logging
[2024-04-15T09:33:02.911455][INFO][seed68] args: -m;1000;-o;/mnt/beegfs/rcabanas/dev/credici/papers/causal_flavour/learntmodels/miter1000;--data;/mnt/beegfs/rcabanas/dev/credici/papers/causal_flavour/data/simple_learner_10Q_data.csv;-rw;-s;68;/mnt/beegfs/rcabanas/dev/credici/papers/causal_flavour/models/simple_learner_10Q.uai
[2024-04-15T09:33:02.891681][INFO][seed74] Set up logging
[2024-04-15T09:33:02.916061][INFO][seed74] args: -m;1000;-o;/mnt/beegfs/rcabanas/dev/credici/papers/causal_flavour/learntmodels/miter1000;--data;/mnt/beegfs/rcabanas/dev/credici/papers/causal_flavour/data/simple_learner_10Q_data.csv;-rw;-s;74;/mnt/beegfs/rcabanas/dev/credici/papers/causal_flavour/models/simple_learner_10Q.uai
[2024-04-15T09:33:02.925998][INFO][seed68] Starting logger with seed 68
[2024-04-15T09:33:02.929076][INFO][seed74] Starting logger with seed 74
[2024-04-15T09:33:02.912563][INFO][seed99] Set up logging
[2024-04-15T09:33:02.939910][INFO][seed99] args: -m;1000;-o;/mnt/beegfs/rcabanas/dev/credici/papers/causal_flavour/learntmodels/miter1000;--data;/mnt/beegfs/rcabanas/dev/credici/papers/causal_flavour/data/simple_learner_10Q_data.csv;-rw;-s;99;/mnt/beegfs/rcabanas/dev/credici/papers/causal_flavour/models/simple_learner_10Q.uai
[2024-04-15T09:33:02.949376][INFO][seed99] Starting logger with seed 99
[2024-04-15T09:33:03.024835][INFO][seed53] Set up logging
[2024-04-15T09:33:03.041936][INFO][seed53] args: -m;1000;-o;/mnt/beegfs/rcabanas/dev/credici/papers/causal_flavour/learntmodels/miter1000;--data;/mnt/beegfs/rcabanas/dev/credici/papers/causal_flavour/data/simple_learner_10Q_data.csv;-rw;-s;53;/mnt/beegfs/rcabanas/dev/credici/papers/causal_flavour/models/simple_learner_10Q.uai
[2024-04-15T09:33:03.049202][INFO][seed53] Starting logger with seed 53
[2024-04-15T09:33:03.055274][INFO][seed80] Set up logging
[2024-04-15T09:33:03.078027][INFO][seed80] args: -m;1000;-o;/mnt/beegfs/rcabanas/dev/credici/papers/causal_flavour/learntmodels/miter1000;--data;/mnt/beegfs/rcabanas/dev/credici/papers/causal_flavour/data/simple_learner_10Q_data.csv;-rw;-s;80;/mnt/beegfs/rcabanas/dev/credici/papers/causal_flavour/models/simple_learner_10Q.uai
[2024-04-15T09:33:03.080681][INFO][seed80] Starting logger with seed 80
[2024-04-15T09:33:03.075415][INFO][seed77] Set up logging
[2024-04-15T09:33:03.101659][INFO][seed77] args: -m;1000;-o;/mnt/beegfs/rcabanas/dev/credici/papers/causal_flavour/learntmodels/miter1000;--data;/mnt/beegfs/rcabanas/dev/credici/papers/causal_flavour/data/simple_learner_10Q_data.csv;-rw;-s;77;/mnt/beegfs/rcabanas/dev/credici/papers/causal_flavour/models/simple_learner_10Q.uai
[2024-04-15T09:33:03.109146][INFO][seed77] Starting logger with seed 77
[2024-04-15T09:33:03.086759][INFO][seed92] Set up logging
[2024-04-15T09:33:03.110700][INFO][seed92] args: -m;1000;-o;/mnt/beegfs/rcabanas/dev/credici/papers/causal_flavour/learntmodels/miter1000;--data;/mnt/beegfs/rcabanas/dev/credici/papers/causal_flavour/data/simple_learner_10Q_data.csv;-rw;-s;92;/mnt/beegfs/rcabanas/dev/credici/papers/causal_flavour/models/simple_learner_10Q.uai
[2024-04-15T09:33:03.112732][INFO][seed92] Starting logger with seed 92
[2024-04-15T09:33:03.154253][INFO][seed59] Set up logging
[2024-04-15T09:33:03.177311][INFO][seed59] args: -m;1000;-o;/mnt/beegfs/rcabanas/dev/credici/papers/causal_flavour/learntmodels/miter1000;--data;/mnt/beegfs/rcabanas/dev/credici/papers/causal_flavour/data/simple_learner_10Q_data.csv;-rw;-s;59;/mnt/beegfs/rcabanas/dev/credici/papers/causal_flavour/models/simple_learner_10Q.uai
[2024-04-15T09:33:03.184354][INFO][seed68] Loaded model and info: /mnt/beegfs/rcabanas/dev/credici/papers/causal_flavour/models/simple_learner_10Q.uai
[2024-04-15T09:33:03.185031][INFO][seed74] Loaded model and info: /mnt/beegfs/rcabanas/dev/credici/papers/causal_flavour/models/simple_learner_10Q.uai
[2024-04-15T09:33:03.186299][INFO][seed99] Loaded model and info: /mnt/beegfs/rcabanas/dev/credici/papers/causal_flavour/models/simple_learner_10Q.uai
[2024-04-15T09:33:03.189093][INFO][seed59] Starting logger with seed 59
[2024-04-15T09:33:03.193595][INFO][seed86] Set up logging
[2024-04-15T09:33:03.182582][INFO][seed70] Set up logging
[2024-04-15T09:33:03.219853][INFO][seed86] args: -m;1000;-o;/mnt/beegfs/rcabanas/dev/credici/papers/causal_flavour/learntmodels/miter1000;--data;/mnt/beegfs/rcabanas/dev/credici/papers/causal_flavour/data/simple_learner_10Q_data.csv;-rw;-s;86;/mnt/beegfs/rcabanas/dev/credici/papers/causal_flavour/models/simple_learner_10Q.uai
[2024-04-15T09:33:03.220464][INFO][seed70] args: -m;1000;-o;/mnt/beegfs/rcabanas/dev/credici/papers/causal_flavour/learntmodels/miter1000;--data;/mnt/beegfs/rcabanas/dev/credici/papers/causal_flavour/data/simple_learner_10Q_data.csv;-rw;-s;70;/mnt/beegfs/rcabanas/dev/credici/papers/causal_flavour/models/simple_learner_10Q.uai
[2024-04-15T09:33:03.187020][INFO][seed62] Set up logging
[2024-04-15T09:33:03.222485][INFO][seed86] Starting logger with seed 86
[2024-04-15T09:33:03.222500][INFO][seed62] args: -m;1000;-o;/mnt/beegfs/rcabanas/dev/credici/papers/causal_flavour/learntmodels/miter1000;--data;/mnt/beegfs/rcabanas/dev/credici/papers/causal_flavour/data/simple_learner_10Q_data.csv;-rw;-s;62;/mnt/beegfs/rcabanas/dev/credici/papers/causal_flavour/models/simple_learner_10Q.uai
[2024-04-15T09:33:03.228797][INFO][seed62] Starting logger with seed 62
[2024-04-15T09:33:03.232125][INFO][seed68] Loaded 100 data instances
[2024-04-15T09:33:03.229411][INFO][seed70] Starting logger with seed 70
[2024-04-15T09:33:03.233491][INFO][seed68] Starting learning up to 1000 iterations
[2024-04-15T09:33:03.245441][INFO][seed99] Loaded 100 data instances
[2024-04-15T09:33:03.245871][INFO][seed99] Starting learning up to 1000 iterations
[2024-04-15T09:33:03.250021][INFO][seed74] Loaded 100 data instances
[2024-04-15T09:33:03.250456][INFO][seed74] Starting learning up to 1000 iterations
[2024-04-15T09:33:03.234470][INFO][seed82] Set up logging
[2024-04-15T09:33:03.256622][INFO][seed82] args: -m;1000;-o;/mnt/beegfs/rcabanas/dev/credici/papers/causal_flavour/learntmodels/miter1000;--data;/mnt/beegfs/rcabanas/dev/credici/papers/causal_flavour/data/simple_learner_10Q_data.csv;-rw;-s;82;/mnt/beegfs/rcabanas/dev/credici/papers/causal_flavour/models/simple_learner_10Q.uai
[2024-04-15T09:33:03.265497][INFO][seed82] Starting logger with seed 82
[2024-04-15T09:33:03.280691][INFO][seed63] Set up logging
[2024-04-15T09:33:03.305698][INFO][seed63] args: -m;1000;-o;/mnt/beegfs/rcabanas/dev/credici/papers/causal_flavour/learntmodels/miter1000;--data;/mnt/beegfs/rcabanas/dev/credici/papers/causal_flavour/data/simple_learner_10Q_data.csv;-rw;-s;63;/mnt/beegfs/rcabanas/dev/credici/papers/causal_flavour/models/simple_learner_10Q.uai
[2024-04-15T09:33:03.307471][INFO][seed63] Starting logger with seed 63
[2024-04-15T09:33:03.325742][INFO][seed91] Set up logging
[2024-04-15T09:33:03.342770][INFO][seed91] args: -m;1000;-o;/mnt/beegfs/rcabanas/dev/credici/papers/causal_flavour/learntmodels/miter1000;--data;/mnt/beegfs/rcabanas/dev/credici/papers/causal_flavour/data/simple_learner_10Q_data.csv;-rw;-s;91;/mnt/beegfs/rcabanas/dev/credici/papers/causal_flavour/models/simple_learner_10Q.uai
[2024-04-15T09:33:03.346155][INFO][seed53] Loaded model and info: /mnt/beegfs/rcabanas/dev/credici/papers/causal_flavour/models/simple_learner_10Q.uai
[2024-04-15T09:33:03.349210][INFO][seed91] Starting logger with seed 91
[2024-04-15T09:33:03.352322][INFO][seed80] Loaded model and info: /mnt/beegfs/rcabanas/dev/credici/papers/causal_flavour/models/simple_learner_10Q.uai
[2024-04-15T09:33:03.378002][INFO][seed77] Loaded model and info: /mnt/beegfs/rcabanas/dev/credici/papers/causal_flavour/models/simple_learner_10Q.uai
[2024-04-15T09:33:03.389611][INFO][seed92] Loaded model and info: /mnt/beegfs/rcabanas/dev/credici/papers/causal_flavour/models/simple_learner_10Q.uai
[2024-04-15T09:33:03.397526][INFO][seed80] Loaded 100 data instances
[2024-04-15T09:33:03.397977][INFO][seed80] Starting learning up to 1000 iterations
[2024-04-15T09:33:03.408813][INFO][seed53] Loaded 100 data instances
[2024-04-15T09:33:03.409265][INFO][seed53] Starting learning up to 1000 iterations
[2024-04-15T09:33:03.403012][INFO][seed75] Set up logging
[2024-04-15T09:33:03.406048][INFO][seed65] Set up logging
[2024-04-15T09:33:03.420079][INFO][seed75] args: -m;1000;-o;/mnt/beegfs/rcabanas/dev/credici/papers/causal_flavour/learntmodels/miter1000;--data;/mnt/beegfs/rcabanas/dev/credici/papers/causal_flavour/data/simple_learner_10Q_data.csv;-rw;-s;75;/mnt/beegfs/rcabanas/dev/credici/papers/causal_flavour/models/simple_learner_10Q.uai
[2024-04-15T09:33:03.391343][INFO][seed52] Set up logging
[2024-04-15T09:33:03.421501][INFO][seed52] args: -m;1000;-o;/mnt/beegfs/rcabanas/dev/credici/papers/causal_flavour/learntmodels/miter1000;--data;/mnt/beegfs/rcabanas/dev/credici/papers/causal_flavour/data/simple_learner_10Q_data.csv;-rw;-s;52;/mnt/beegfs/rcabanas/dev/credici/papers/causal_flavour/models/simple_learner_10Q.uai
[2024-04-15T09:33:03.423923][INFO][seed52] Starting logger with seed 52
[2024-04-15T09:33:03.420947][INFO][seed65] args: -m;1000;-o;/mnt/beegfs/rcabanas/dev/credici/papers/causal_flavour/learntmodels/miter1000;--data;/mnt/beegfs/rcabanas/dev/credici/papers/causal_flavour/data/simple_learner_10Q_data.csv;-rw;-s;65;/mnt/beegfs/rcabanas/dev/credici/papers/causal_flavour/models/simple_learner_10Q.uai
[2024-04-15T09:33:03.430278][INFO][seed75] Starting logger with seed 75
[2024-04-15T09:33:03.430492][INFO][seed92] Loaded 100 data instances
[2024-04-15T09:33:03.430972][INFO][seed65] Starting logger with seed 65
[2024-04-15T09:33:03.430988][INFO][seed92] Starting learning up to 1000 iterations
[2024-04-15T09:33:03.399870][INFO][seed69] Set up logging
[2024-04-15T09:33:03.400744][INFO][seed90] Set up logging
[2024-04-15T09:33:03.434741][INFO][seed69] args: -m;1000;-o;/mnt/beegfs/rcabanas/dev/credici/papers/causal_flavour/learntmodels/miter1000;--data;/mnt/beegfs/rcabanas/dev/credici/papers/causal_flavour/data/simple_learner_10Q_data.csv;-rw;-s;69;/mnt/beegfs/rcabanas/dev/credici/papers/causal_flavour/models/simple_learner_10Q.uai
[2024-04-15T09:33:03.435058][INFO][seed90] args: -m;1000;-o;/mnt/beegfs/rcabanas/dev/credici/papers/causal_flavour/learntmodels/miter1000;--data;/mnt/beegfs/rcabanas/dev/credici/papers/causal_flavour/data/simple_learner_10Q_data.csv;-rw;-s;90;/mnt/beegfs/rcabanas/dev/credici/papers/causal_flavour/models/simple_learner_10Q.uai
[2024-04-15T09:33:03.437467][INFO][seed90] Starting logger with seed 90
[2024-04-15T09:33:03.438067][INFO][seed69] Starting logger with seed 69
[2024-04-15T09:33:03.412158][INFO][seed56] Set up logging
[2024-04-15T09:33:03.442659][INFO][seed77] Loaded 100 data instances
[2024-04-15T09:33:03.443095][INFO][seed56] args: -m;1000;-o;/mnt/beegfs/rcabanas/dev/credici/papers/causal_flavour/learntmodels/miter1000;--data;/mnt/beegfs/rcabanas/dev/credici/papers/causal_flavour/data/simple_learner_10Q_data.csv;-rw;-s;56;/mnt/beegfs/rcabanas/dev/credici/papers/causal_flavour/models/simple_learner_10Q.uai
[2024-04-15T09:33:03.443089][INFO][seed77] Starting learning up to 1000 iterations
[2024-04-15T09:33:03.459141][INFO][seed56] Starting logger with seed 56
[2024-04-15T09:33:03.466243][INFO][seed59] Loaded model and info: /mnt/beegfs/rcabanas/dev/credici/papers/causal_flavour/models/simple_learner_10Q.uai
[2024-04-15T09:33:03.502454][INFO][seed86] Loaded model and info: /mnt/beegfs/rcabanas/dev/credici/papers/causal_flavour/models/simple_learner_10Q.uai
[2024-04-15T09:33:03.504665][INFO][seed70] Loaded model and info: /mnt/beegfs/rcabanas/dev/credici/papers/causal_flavour/models/simple_learner_10Q.uai
[2024-04-15T09:33:03.505345][INFO][seed62] Loaded model and info: /mnt/beegfs/rcabanas/dev/credici/papers/causal_flavour/models/simple_learner_10Q.uai
[2024-04-15T09:33:03.496411][INFO][seed71] Set up logging
[2024-04-15T09:33:03.521839][INFO][seed71] args: -m;1000;-o;/mnt/beegfs/rcabanas/dev/credici/papers/causal_flavour/learntmodels/miter1000;--data;/mnt/beegfs/rcabanas/dev/credici/papers/causal_flavour/data/simple_learner_10Q_data.csv;-rw;-s;71;/mnt/beegfs/rcabanas/dev/credici/papers/causal_flavour/models/simple_learner_10Q.uai
[2024-04-15T09:33:03.524828][INFO][seed59] Loaded 100 data instances
[2024-04-15T09:33:03.525241][INFO][seed59] Starting learning up to 1000 iterations
[2024-04-15T09:33:03.529888][INFO][seed71] Starting logger with seed 71
[2024-04-15T09:33:03.531134][INFO][seed82] Loaded model and info: /mnt/beegfs/rcabanas/dev/credici/papers/causal_flavour/models/simple_learner_10Q.uai
[2024-04-15T09:33:03.550730][INFO][seed62] Loaded 100 data instances
[2024-04-15T09:33:03.551123][INFO][seed62] Starting learning up to 1000 iterations
[2024-04-15T09:33:03.551641][INFO][seed70] Loaded 100 data instances
[2024-04-15T09:33:03.552037][INFO][seed70] Starting learning up to 1000 iterations
[2024-04-15T09:33:03.563801][INFO][seed86] Loaded 100 data instances
[2024-04-15T09:33:03.564206][INFO][seed86] Starting learning up to 1000 iterations
[2024-04-15T09:33:03.547347][INFO][seed78] Set up logging
[2024-04-15T09:33:03.574690][INFO][seed78] args: -m;1000;-o;/mnt/beegfs/rcabanas/dev/credici/papers/causal_flavour/learntmodels/miter1000;--data;/mnt/beegfs/rcabanas/dev/credici/papers/causal_flavour/data/simple_learner_10Q_data.csv;-rw;-s;78;/mnt/beegfs/rcabanas/dev/credici/papers/causal_flavour/models/simple_learner_10Q.uai
[2024-04-15T09:33:03.587303][INFO][seed78] Starting logger with seed 78
[2024-04-15T09:33:03.569914][INFO][seed89] Set up logging
[2024-04-15T09:33:03.591905][INFO][seed89] args: -m;1000;-o;/mnt/beegfs/rcabanas/dev/credici/papers/causal_flavour/learntmodels/miter1000;--data;/mnt/beegfs/rcabanas/dev/credici/papers/causal_flavour/data/simple_learner_10Q_data.csv;-rw;-s;89;/mnt/beegfs/rcabanas/dev/credici/papers/causal_flavour/models/simple_learner_10Q.uai
[2024-04-15T09:33:03.568411][INFO][seed66] Set up logging
[2024-04-15T09:33:03.592728][INFO][seed82] Loaded 100 data instances
[2024-04-15T09:33:03.593112][INFO][seed82] Starting learning up to 1000 iterations
[2024-04-15T09:33:03.593617][INFO][seed66] args: -m;1000;-o;/mnt/beegfs/rcabanas/dev/credici/papers/causal_flavour/learntmodels/miter1000;--data;/mnt/beegfs/rcabanas/dev/credici/papers/causal_flavour/data/simple_learner_10Q_data.csv;-rw;-s;66;/mnt/beegfs/rcabanas/dev/credici/papers/causal_flavour/models/simple_learner_10Q.uai
[2024-04-15T09:33:03.594750][INFO][seed89] Starting logger with seed 89
[2024-04-15T09:33:03.595514][INFO][seed66] Starting logger with seed 66
[2024-04-15T09:33:03.641338][INFO][seed64] Set up logging
[2024-04-15T09:33:03.635488][INFO][seed83] Set up logging
[2024-04-15T09:33:03.659195][INFO][seed83] args: -m;1000;-o;/mnt/beegfs/rcabanas/dev/credici/papers/causal_flavour/learntmodels/miter1000;--data;/mnt/beegfs/rcabanas/dev/credici/papers/causal_flavour/data/simple_learner_10Q_data.csv;-rw;-s;83;/mnt/beegfs/rcabanas/dev/credici/papers/causal_flavour/models/simple_learner_10Q.uai
[2024-04-15T09:33:03.669313][INFO][seed64] args: -m;1000;-o;/mnt/beegfs/rcabanas/dev/credici/papers/causal_flavour/learntmodels/miter1000;--data;/mnt/beegfs/rcabanas/dev/credici/papers/causal_flavour/data/simple_learner_10Q_data.csv;-rw;-s;64;/mnt/beegfs/rcabanas/dev/credici/papers/causal_flavour/models/simple_learner_10Q.uai
[2024-04-15T09:33:03.668977][INFO][seed83] Starting logger with seed 83
[2024-04-15T09:33:03.671892][INFO][seed91] Loaded model and info: /mnt/beegfs/rcabanas/dev/credici/papers/causal_flavour/models/simple_learner_10Q.uai
[2024-04-15T09:33:03.672364][INFO][seed63] Loaded model and info: /mnt/beegfs/rcabanas/dev/credici/papers/causal_flavour/models/simple_learner_10Q.uai
[2024-04-15T09:33:03.671896][INFO][seed64] Starting logger with seed 64
[2024-04-15T09:33:03.655321][INFO][seed87] Set up logging
[2024-04-15T09:33:03.678891][INFO][seed87] args: -m;1000;-o;/mnt/beegfs/rcabanas/dev/credici/papers/causal_flavour/learntmodels/miter1000;--data;/mnt/beegfs/rcabanas/dev/credici/papers/causal_flavour/data/simple_learner_10Q_data.csv;-rw;-s;87;/mnt/beegfs/rcabanas/dev/credici/papers/causal_flavour/models/simple_learner_10Q.uai
[2024-04-15T09:33:03.680478][INFO][seed87] Starting logger with seed 87
[2024-04-15T09:33:03.667576][INFO][seed67] Set up logging
[2024-04-15T09:33:03.673330][INFO][seed60] Set up logging
[2024-04-15T09:33:03.695806][INFO][seed67] args: -m;1000;-o;/mnt/beegfs/rcabanas/dev/credici/papers/causal_flavour/learntmodels/miter1000;--data;/mnt/beegfs/rcabanas/dev/credici/papers/causal_flavour/data/simple_learner_10Q_data.csv;-rw;-s;67;/mnt/beegfs/rcabanas/dev/credici/papers/causal_flavour/models/simple_learner_10Q.uai
[2024-04-15T09:33:03.696779][INFO][seed60] args: -m;1000;-o;/mnt/beegfs/rcabanas/dev/credici/papers/causal_flavour/learntmodels/miter1000;--data;/mnt/beegfs/rcabanas/dev/credici/papers/causal_flavour/data/simple_learner_10Q_data.csv;-rw;-s;60;/mnt/beegfs/rcabanas/dev/credici/papers/causal_flavour/models/simple_learner_10Q.uai
[2024-04-15T09:33:03.697618][INFO][seed67] Starting logger with seed 67
[2024-04-15T09:33:03.672412][INFO][seed100] Set up logging
[2024-04-15T09:33:03.699369][INFO][seed100] args: -m;1000;-o;/mnt/beegfs/rcabanas/dev/credici/papers/causal_flavour/learntmodels/miter1000;--data;/mnt/beegfs/rcabanas/dev/credici/papers/causal_flavour/data/simple_learner_10Q_data.csv;-rw;-s;100;/mnt/beegfs/rcabanas/dev/credici/papers/causal_flavour/models/simple_learner_10Q.uai
[2024-04-15T09:33:03.700957][INFO][seed100] Starting logger with seed 100
[2024-04-15T09:33:03.680136][INFO][seed88] Set up logging
[2024-04-15T09:33:03.707865][INFO][seed88] args: -m;1000;-o;/mnt/beegfs/rcabanas/dev/credici/papers/causal_flavour/learntmodels/miter1000;--data;/mnt/beegfs/rcabanas/dev/credici/papers/causal_flavour/data/simple_learner_10Q_data.csv;-rw;-s;88;/mnt/beegfs/rcabanas/dev/credici/papers/causal_flavour/models/simple_learner_10Q.uai
[2024-04-15T09:33:03.659731][INFO][seed97] Set up logging
[2024-04-15T09:33:03.710070][INFO][seed88] Starting logger with seed 88
[2024-04-15T09:33:03.710305][INFO][seed97] args: -m;1000;-o;/mnt/beegfs/rcabanas/dev/credici/papers/causal_flavour/learntmodels/miter1000;--data;/mnt/beegfs/rcabanas/dev/credici/papers/causal_flavour/data/simple_learner_10Q_data.csv;-rw;-s;97;/mnt/beegfs/rcabanas/dev/credici/papers/causal_flavour/models/simple_learner_10Q.uai
[2024-04-15T09:33:03.708963][INFO][seed60] Starting logger with seed 60
[2024-04-15T09:33:03.713243][INFO][seed63] Loaded 100 data instances
[2024-04-15T09:33:03.713659][INFO][seed63] Starting learning up to 1000 iterations
[2024-04-15T09:33:03.713903][INFO][seed91] Loaded 100 data instances
[2024-04-15T09:33:03.693539][INFO][seed51] Set up logging
[2024-04-15T09:33:03.716225][INFO][seed51] args: -m;1000;-o;/mnt/beegfs/rcabanas/dev/credici/papers/causal_flavour/learntmodels/miter1000;--data;/mnt/beegfs/rcabanas/dev/credici/papers/causal_flavour/data/simple_learner_10Q_data.csv;-rw;-s;51;/mnt/beegfs/rcabanas/dev/credici/papers/causal_flavour/models/simple_learner_10Q.uai
[2024-04-15T09:33:03.716477][INFO][seed91] Starting learning up to 1000 iterations
[2024-04-15T09:33:03.710311][INFO][seed76] Set up logging
[2024-04-15T09:33:03.723578][INFO][seed51] Starting logger with seed 51
[2024-04-15T09:33:03.724929][INFO][seed76] args: -m;1000;-o;/mnt/beegfs/rcabanas/dev/credici/papers/causal_flavour/learntmodels/miter1000;--data;/mnt/beegfs/rcabanas/dev/credici/papers/causal_flavour/data/simple_learner_10Q_data.csv;-rw;-s;76;/mnt/beegfs/rcabanas/dev/credici/papers/causal_flavour/models/simple_learner_10Q.uai
[2024-04-15T09:33:03.724889][INFO][seed97] Starting logger with seed 97
[2024-04-15T09:33:03.698329][INFO][seed84] Set up logging
[2024-04-15T09:33:03.731045][INFO][seed84] args: -m;1000;-o;/mnt/beegfs/rcabanas/dev/credici/papers/causal_flavour/learntmodels/miter1000;--data;/mnt/beegfs/rcabanas/dev/credici/papers/causal_flavour/data/simple_learner_10Q_data.csv;-rw;-s;84;/mnt/beegfs/rcabanas/dev/credici/papers/causal_flavour/models/simple_learner_10Q.uai
[2024-04-15T09:33:03.711129][INFO][seed72] Set up logging
[2024-04-15T09:33:03.724763][INFO][seed79] Set up logging
[2024-04-15T09:33:03.738112][INFO][seed79] args: -m;1000;-o;/mnt/beegfs/rcabanas/dev/credici/papers/causal_flavour/learntmodels/miter1000;--data;/mnt/beegfs/rcabanas/dev/credici/papers/causal_flavour/data/simple_learner_10Q_data.csv;-rw;-s;79;/mnt/beegfs/rcabanas/dev/credici/papers/causal_flavour/models/simple_learner_10Q.uai
[2024-04-15T09:33:03.740058][INFO][seed84] Starting logger with seed 84
[2024-04-15T09:33:03.739339][INFO][seed76] Starting logger with seed 76
[2024-04-15T09:33:03.732437][INFO][seed72] args: -m;1000;-o;/mnt/beegfs/rcabanas/dev/credici/papers/causal_flavour/learntmodels/miter1000;--data;/mnt/beegfs/rcabanas/dev/credici/papers/causal_flavour/data/simple_learner_10Q_data.csv;-rw;-s;72;/mnt/beegfs/rcabanas/dev/credici/papers/causal_flavour/models/simple_learner_10Q.uai
[2024-04-15T09:33:03.748905][INFO][seed79] Starting logger with seed 79
[2024-04-15T09:33:03.750343][INFO][seed72] Starting logger with seed 72
[2024-04-15T09:33:03.741888][INFO][seed94] Set up logging
[2024-04-15T09:33:03.741107][INFO][seed81] Set up logging
[2024-04-15T09:33:03.755461][INFO][seed94] args: -m;1000;-o;/mnt/beegfs/rcabanas/dev/credici/papers/causal_flavour/learntmodels/miter1000;--data;/mnt/beegfs/rcabanas/dev/credici/papers/causal_flavour/data/simple_learner_10Q_data.csv;-rw;-s;94;/mnt/beegfs/rcabanas/dev/credici/papers/causal_flavour/models/simple_learner_10Q.uai
[2024-04-15T09:33:03.756179][INFO][seed81] args: -m;1000;-o;/mnt/beegfs/rcabanas/dev/credici/papers/causal_flavour/learntmodels/miter1000;--data;/mnt/beegfs/rcabanas/dev/credici/papers/causal_flavour/data/simple_learner_10Q_data.csv;-rw;-s;81;/mnt/beegfs/rcabanas/dev/credici/papers/causal_flavour/models/simple_learner_10Q.uai
[2024-04-15T09:33:03.769012][INFO][seed81] Starting logger with seed 81
[2024-04-15T09:33:03.769496][INFO][seed94] Starting logger with seed 94
[2024-04-15T09:33:03.772925][INFO][seed69] Loaded model and info: /mnt/beegfs/rcabanas/dev/credici/papers/causal_flavour/models/simple_learner_10Q.uai
[2024-04-15T09:33:03.771931][INFO][seed52] Loaded model and info: /mnt/beegfs/rcabanas/dev/credici/papers/causal_flavour/models/simple_learner_10Q.uai
[2024-04-15T09:33:03.755019][INFO][seed93] Set up logging
[2024-04-15T09:33:03.779332][INFO][seed93] args: -m;1000;-o;/mnt/beegfs/rcabanas/dev/credici/papers/causal_flavour/learntmodels/miter1000;--data;/mnt/beegfs/rcabanas/dev/credici/papers/causal_flavour/data/simple_learner_10Q_data.csv;-rw;-s;93;/mnt/beegfs/rcabanas/dev/credici/papers/causal_flavour/models/simple_learner_10Q.uai
[2024-04-15T09:33:03.779620][INFO][seed65] Loaded model and info: /mnt/beegfs/rcabanas/dev/credici/papers/causal_flavour/models/simple_learner_10Q.uai
[2024-04-15T09:33:03.780481][INFO][seed90] Loaded model and info: /mnt/beegfs/rcabanas/dev/credici/papers/causal_flavour/models/simple_learner_10Q.uai
[2024-04-15T09:33:03.780522][INFO][seed56] Loaded model and info: /mnt/beegfs/rcabanas/dev/credici/papers/causal_flavour/models/simple_learner_10Q.uai
[2024-04-15T09:33:03.781222][INFO][seed75] Loaded model and info: /mnt/beegfs/rcabanas/dev/credici/papers/causal_flavour/models/simple_learner_10Q.uai
[2024-04-15T09:33:03.789336][INFO][seed93] Starting logger with seed 93
[2024-04-15T09:33:03.791427][INFO][seed71] Loaded model and info: /mnt/beegfs/rcabanas/dev/credici/papers/causal_flavour/models/simple_learner_10Q.uai
[2024-04-15T09:33:03.780437][INFO][seed57] Set up logging
[2024-04-15T09:33:03.803324][INFO][seed57] args: -m;1000;-o;/mnt/beegfs/rcabanas/dev/credici/papers/causal_flavour/learntmodels/miter1000;--data;/mnt/beegfs/rcabanas/dev/credici/papers/causal_flavour/data/simple_learner_10Q_data.csv;-rw;-s;57;/mnt/beegfs/rcabanas/dev/credici/papers/causal_flavour/models/simple_learner_10Q.uai
[2024-04-15T09:33:03.805166][INFO][seed57] Starting logger with seed 57
[2024-04-15T09:33:03.790361][INFO][seed58] Set up logging
[2024-04-15T09:33:03.811301][INFO][seed58] args: -m;1000;-o;/mnt/beegfs/rcabanas/dev/credici/papers/causal_flavour/learntmodels/miter1000;--data;/mnt/beegfs/rcabanas/dev/credici/papers/causal_flavour/data/simple_learner_10Q_data.csv;-rw;-s;58;/mnt/beegfs/rcabanas/dev/credici/papers/causal_flavour/models/simple_learner_10Q.uai
[2024-04-15T09:33:03.783002][INFO][seed73] Set up logging
[2024-04-15T09:33:03.814194][INFO][seed73] args: -m;1000;-o;/mnt/beegfs/rcabanas/dev/credici/papers/causal_flavour/learntmodels/miter1000;--data;/mnt/beegfs/rcabanas/dev/credici/papers/causal_flavour/data/simple_learner_10Q_data.csv;-rw;-s;73;/mnt/beegfs/rcabanas/dev/credici/papers/causal_flavour/models/simple_learner_10Q.uai
[2024-04-15T09:33:03.782424][INFO][seed50] Set up logging
[2024-04-15T09:33:03.814141][INFO][seed50] args: -m;1000;-o;/mnt/beegfs/rcabanas/dev/credici/papers/causal_flavour/learntmodels/miter1000;--data;/mnt/beegfs/rcabanas/dev/credici/papers/causal_flavour/data/simple_learner_10Q_data.csv;-rw;-s;50;/mnt/beegfs/rcabanas/dev/credici/papers/causal_flavour/models/simple_learner_10Q.uai
[2024-04-15T09:33:03.788396][INFO][seed54] Set up logging
[2024-04-15T09:33:03.782950][INFO][seed98] Set up logging
[2024-04-15T09:33:03.815953][INFO][seed58] Starting logger with seed 58
[2024-04-15T09:33:03.815917][INFO][seed73] Starting logger with seed 73
[2024-04-15T09:33:03.813321][INFO][seed54] args: -m;1000;-o;/mnt/beegfs/rcabanas/dev/credici/papers/causal_flavour/learntmodels/miter1000;--data;/mnt/beegfs/rcabanas/dev/credici/papers/causal_flavour/data/simple_learner_10Q_data.csv;-rw;-s;54;/mnt/beegfs/rcabanas/dev/credici/papers/causal_flavour/models/simple_learner_10Q.uai
[2024-04-15T09:33:03.792674][INFO][seed96] Set up logging
[2024-04-15T09:33:03.814258][INFO][seed98] args: -m;1000;-o;/mnt/beegfs/rcabanas/dev/credici/papers/causal_flavour/learntmodels/miter1000;--data;/mnt/beegfs/rcabanas/dev/credici/papers/causal_flavour/data/simple_learner_10Q_data.csv;-rw;-s;98;/mnt/beegfs/rcabanas/dev/credici/papers/causal_flavour/models/simple_learner_10Q.uai
[2024-04-15T09:33:03.789545][INFO][seed55] Set up logging
[2024-04-15T09:33:03.790053][INFO][seed61] Set up logging
[2024-04-15T09:33:03.815976][INFO][seed50] Starting logger with seed 50
[2024-04-15T09:33:03.820624][INFO][seed90] Loaded 100 data instances
[2024-04-15T09:33:03.817589][INFO][seed54] Starting logger with seed 54
[2024-04-15T09:33:03.815111][INFO][seed96] args: -m;1000;-o;/mnt/beegfs/rcabanas/dev/credici/papers/causal_flavour/learntmodels/miter1000;--data;/mnt/beegfs/rcabanas/dev/credici/papers/causal_flavour/data/simple_learner_10Q_data.csv;-rw;-s;96;/mnt/beegfs/rcabanas/dev/credici/papers/causal_flavour/models/simple_learner_10Q.uai
[2024-04-15T09:33:03.815834][INFO][seed98] Starting logger with seed 98
[2024-04-15T09:33:03.822221][INFO][seed65] Loaded 100 data instances
[2024-04-15T09:33:03.822640][INFO][seed65] Starting learning up to 1000 iterations
[2024-04-15T09:33:03.822370][INFO][seed69] Loaded 100 data instances
[2024-04-15T09:33:03.819301][INFO][seed61] args: -m;1000;-o;/mnt/beegfs/rcabanas/dev/credici/papers/causal_flavour/learntmodels/miter1000;--data;/mnt/beegfs/rcabanas/dev/credici/papers/causal_flavour/data/simple_learner_10Q_data.csv;-rw;-s;61;/mnt/beegfs/rcabanas/dev/credici/papers/causal_flavour/models/simple_learner_10Q.uai
[2024-04-15T09:33:03.790557][INFO][seed85] Set up logging
[2024-04-15T09:33:03.822232][INFO][seed90] Starting learning up to 1000 iterations
[2024-04-15T09:33:03.818099][INFO][seed55] args: -m;1000;-o;/mnt/beegfs/rcabanas/dev/credici/papers/causal_flavour/learntmodels/miter1000;--data;/mnt/beegfs/rcabanas/dev/credici/papers/causal_flavour/data/simple_learner_10Q_data.csv;-rw;-s;55;/mnt/beegfs/rcabanas/dev/credici/papers/causal_flavour/models/simple_learner_10Q.uai
[2024-04-15T09:33:03.823327][INFO][seed85] args: -m;1000;-o;/mnt/beegfs/rcabanas/dev/credici/papers/causal_flavour/learntmodels/miter1000;--data;/mnt/beegfs/rcabanas/dev/credici/papers/causal_flavour/data/simple_learner_10Q_data.csv;-rw;-s;85;/mnt/beegfs/rcabanas/dev/credici/papers/causal_flavour/models/simple_learner_10Q.uai
[2024-04-15T09:33:03.827965][INFO][seed69] Starting learning up to 1000 iterations
[2024-04-15T09:33:03.828902][INFO][seed52] Loaded 100 data instances
[2024-04-15T09:33:03.829714][INFO][seed55] Starting logger with seed 55
[2024-04-15T09:33:03.829753][INFO][seed61] Starting logger with seed 61
[2024-04-15T09:33:03.830084][INFO][seed85] Starting logger with seed 85
[2024-04-15T09:33:03.829302][INFO][seed52] Starting learning up to 1000 iterations
[2024-04-15T09:33:03.829097][INFO][seed96] Starting logger with seed 96
[2024-04-15T09:33:03.833380][INFO][seed71] Loaded 100 data instances
[2024-04-15T09:33:03.834437][INFO][seed71] Starting learning up to 1000 iterations
[2024-04-15T09:33:03.840484][INFO][seed56] Loaded 100 data instances
[2024-04-15T09:33:03.840885][INFO][seed56] Starting learning up to 1000 iterations
[2024-04-15T09:33:03.844206][INFO][seed75] Loaded 100 data instances
[2024-04-15T09:33:03.844579][INFO][seed75] Starting learning up to 1000 iterations
[2024-04-15T09:33:03.856749][INFO][seed89] Loaded model and info: /mnt/beegfs/rcabanas/dev/credici/papers/causal_flavour/models/simple_learner_10Q.uai
[2024-04-15T09:33:03.865229][INFO][seed66] Loaded model and info: /mnt/beegfs/rcabanas/dev/credici/papers/causal_flavour/models/simple_learner_10Q.uai
[2024-04-15T09:33:03.876877][INFO][seed78] Loaded model and info: /mnt/beegfs/rcabanas/dev/credici/papers/causal_flavour/models/simple_learner_10Q.uai
[2024-04-15T09:33:03.899382][INFO][seed83] Loaded model and info: /mnt/beegfs/rcabanas/dev/credici/papers/causal_flavour/models/simple_learner_10Q.uai
[2024-04-15T09:33:03.903973][INFO][seed64] Loaded model and info: /mnt/beegfs/rcabanas/dev/credici/papers/causal_flavour/models/simple_learner_10Q.uai
[2024-04-15T09:33:03.908845][INFO][seed66] Loaded 100 data instances
[2024-04-15T09:33:03.909280][INFO][seed66] Starting learning up to 1000 iterations
[2024-04-15T09:33:03.909667][INFO][seed89] Loaded 100 data instances
[2024-04-15T09:33:03.910261][INFO][seed89] Starting learning up to 1000 iterations
[2024-04-15T09:33:03.920755][INFO][seed78] Loaded 100 data instances
[2024-04-15T09:33:03.921246][INFO][seed78] Starting learning up to 1000 iterations
[2024-04-15T09:33:03.955535][INFO][seed64] Loaded 100 data instances
[2024-04-15T09:33:03.959316][INFO][seed83] Loaded 100 data instances
[2024-04-15T09:33:03.959745][INFO][seed83] Starting learning up to 1000 iterations
[2024-04-15T09:33:03.959696][INFO][seed64] Starting learning up to 1000 iterations
[2024-04-15T09:33:03.990724][INFO][seed87] Loaded model and info: /mnt/beegfs/rcabanas/dev/credici/papers/causal_flavour/models/simple_learner_10Q.uai
[2024-04-15T09:33:04.010529][INFO][seed72] Loaded model and info: /mnt/beegfs/rcabanas/dev/credici/papers/causal_flavour/models/simple_learner_10Q.uai
[2024-04-15T09:33:04.012719][INFO][seed67] Loaded model and info: /mnt/beegfs/rcabanas/dev/credici/papers/causal_flavour/models/simple_learner_10Q.uai
[2024-04-15T09:33:04.013146][INFO][seed100] Loaded model and info: /mnt/beegfs/rcabanas/dev/credici/papers/causal_flavour/models/simple_learner_10Q.uai
[2024-04-15T09:33:04.014137][INFO][seed79] Loaded model and info: /mnt/beegfs/rcabanas/dev/credici/papers/causal_flavour/models/simple_learner_10Q.uai
[2024-04-15T09:33:04.012575][INFO][seed94] Loaded model and info: /mnt/beegfs/rcabanas/dev/credici/papers/causal_flavour/models/simple_learner_10Q.uai
[2024-04-15T09:33:04.012545][INFO][seed60] Loaded model and info: /mnt/beegfs/rcabanas/dev/credici/papers/causal_flavour/models/simple_learner_10Q.uai
[2024-04-15T09:33:04.015607][INFO][seed84] Loaded model and info: /mnt/beegfs/rcabanas/dev/credici/papers/causal_flavour/models/simple_learner_10Q.uai
[2024-04-15T09:33:04.017946][INFO][seed76] Loaded model and info: /mnt/beegfs/rcabanas/dev/credici/papers/causal_flavour/models/simple_learner_10Q.uai
[2024-04-15T09:33:04.019227][INFO][seed81] Loaded model and info: /mnt/beegfs/rcabanas/dev/credici/papers/causal_flavour/models/simple_learner_10Q.uai
[2024-04-15T09:33:04.021366][INFO][seed51] Loaded model and info: /mnt/beegfs/rcabanas/dev/credici/papers/causal_flavour/models/simple_learner_10Q.uai
[2024-04-15T09:33:04.021788][INFO][seed88] Loaded model and info: /mnt/beegfs/rcabanas/dev/credici/papers/causal_flavour/models/simple_learner_10Q.uai
[2024-04-15T09:33:04.023737][INFO][seed93] Loaded model and info: /mnt/beegfs/rcabanas/dev/credici/papers/causal_flavour/models/simple_learner_10Q.uai
[2024-04-15T09:33:04.042853][INFO][seed97] Loaded model and info: /mnt/beegfs/rcabanas/dev/credici/papers/causal_flavour/models/simple_learner_10Q.uai
[2024-04-15T09:33:04.049340][INFO][seed67] Loaded 100 data instances
[2024-04-15T09:33:04.049797][INFO][seed67] Starting learning up to 1000 iterations
[2024-04-15T09:33:04.050133][INFO][seed87] Loaded 100 data instances
[2024-04-15T09:33:04.051962][INFO][seed84] Loaded 100 data instances
[2024-04-15T09:33:04.052417][INFO][seed84] Starting learning up to 1000 iterations
[2024-04-15T09:33:04.052710][INFO][seed87] Starting learning up to 1000 iterations
[2024-04-15T09:33:04.058971][INFO][seed94] Loaded 100 data instances
[2024-04-15T09:33:04.059042][INFO][seed88] Loaded 100 data instances
[2024-04-15T09:33:04.059325][INFO][seed94] Starting learning up to 1000 iterations
[2024-04-15T09:33:04.060643][INFO][seed72] Loaded 100 data instances
[2024-04-15T09:33:04.061090][INFO][seed72] Starting learning up to 1000 iterations
[2024-04-15T09:33:04.060607][INFO][seed88] Starting learning up to 1000 iterations
[2024-04-15T09:33:04.062505][INFO][seed93] Loaded 100 data instances
[2024-04-15T09:33:04.062924][INFO][seed60] Loaded 100 data instances
[2024-04-15T09:33:04.063742][INFO][seed100] Loaded 100 data instances
[2024-04-15T09:33:04.064028][INFO][seed79] Loaded 100 data instances
[2024-04-15T09:33:04.062837][INFO][seed93] Starting learning up to 1000 iterations
[2024-04-15T09:33:04.063286][INFO][seed60] Starting learning up to 1000 iterations
[2024-04-15T09:33:04.066373][INFO][seed76] Loaded 100 data instances
[2024-04-15T09:33:04.066698][INFO][seed57] Loaded model and info: /mnt/beegfs/rcabanas/dev/credici/papers/causal_flavour/models/simple_learner_10Q.uai
[2024-04-15T09:33:04.067132][INFO][seed100] Starting learning up to 1000 iterations
[2024-04-15T09:33:04.066846][INFO][seed76] Starting learning up to 1000 iterations
[2024-04-15T09:33:04.068003][INFO][seed79] Starting learning up to 1000 iterations
[2024-04-15T09:33:04.072289][INFO][seed81] Loaded 100 data instances
[2024-04-15T09:33:04.072717][INFO][seed51] Loaded 100 data instances
[2024-04-15T09:33:04.072868][INFO][seed50] Loaded model and info: /mnt/beegfs/rcabanas/dev/credici/papers/causal_flavour/models/simple_learner_10Q.uai
[2024-04-15T09:33:04.073850][INFO][seed58] Loaded model and info: /mnt/beegfs/rcabanas/dev/credici/papers/causal_flavour/models/simple_learner_10Q.uai
[2024-04-15T09:33:04.074960][INFO][seed98] Loaded model and info: /mnt/beegfs/rcabanas/dev/credici/papers/causal_flavour/models/simple_learner_10Q.uai
[2024-04-15T09:33:04.075126][INFO][seed81] Starting learning up to 1000 iterations
[2024-04-15T09:33:04.076159][INFO][seed51] Starting learning up to 1000 iterations
[2024-04-15T09:33:04.080149][INFO][seed54] Loaded model and info: /mnt/beegfs/rcabanas/dev/credici/papers/causal_flavour/models/simple_learner_10Q.uai
[2024-04-15T09:33:04.084231][INFO][seed55] Loaded model and info: /mnt/beegfs/rcabanas/dev/credici/papers/causal_flavour/models/simple_learner_10Q.uai
[2024-04-15T09:33:04.084829][INFO][seed97] Loaded 100 data instances
[2024-04-15T09:33:04.087378][INFO][seed97] Starting learning up to 1000 iterations
[2024-04-15T09:33:04.090449][INFO][seed61] Loaded model and info: /mnt/beegfs/rcabanas/dev/credici/papers/causal_flavour/models/simple_learner_10Q.uai
[2024-04-15T09:33:04.095832][INFO][seed85] Loaded model and info: /mnt/beegfs/rcabanas/dev/credici/papers/causal_flavour/models/simple_learner_10Q.uai
[2024-04-15T09:33:04.104659][INFO][seed73] Loaded model and info: /mnt/beegfs/rcabanas/dev/credici/papers/causal_flavour/models/simple_learner_10Q.uai
[2024-04-15T09:33:04.109475][INFO][seed96] Loaded model and info: /mnt/beegfs/rcabanas/dev/credici/papers/causal_flavour/models/simple_learner_10Q.uai
[2024-04-15T09:33:04.110263][INFO][seed58] Loaded 100 data instances
[2024-04-15T09:33:04.110752][INFO][seed58] Starting learning up to 1000 iterations
[2024-04-15T09:33:04.118500][INFO][seed54] Loaded 100 data instances
[2024-04-15T09:33:04.118965][INFO][seed54] Starting learning up to 1000 iterations
[2024-04-15T09:33:04.119408][INFO][seed50] Loaded 100 data instances
[2024-04-15T09:33:04.120400][INFO][seed57] Loaded 100 data instances
[2024-04-15T09:33:04.120763][INFO][seed57] Starting learning up to 1000 iterations
[2024-04-15T09:33:04.120502][INFO][seed55] Loaded 100 data instances
[2024-04-15T09:33:04.123168][INFO][seed55] Starting learning up to 1000 iterations
[2024-04-15T09:33:04.124463][INFO][seed50] Starting learning up to 1000 iterations
[2024-04-15T09:33:04.130670][INFO][seed85] Loaded 100 data instances
[2024-04-15T09:33:04.131389][INFO][seed61] Loaded 100 data instances
[2024-04-15T09:33:04.131796][INFO][seed61] Starting learning up to 1000 iterations
[2024-04-15T09:33:04.132019][INFO][seed85] Starting learning up to 1000 iterations
[2024-04-15T09:33:04.146536][INFO][seed98] Loaded 100 data instances
[2024-04-15T09:33:04.146957][INFO][seed98] Starting learning up to 1000 iterations
[2024-04-15T09:33:04.164985][INFO][seed73] Loaded 100 data instances
[2024-04-15T09:33:04.166145][INFO][seed73] Starting learning up to 1000 iterations
[2024-04-15T09:33:04.173837][INFO][seed96] Loaded 100 data instances
[2024-04-15T09:33:04.181316][INFO][seed96] Starting learning up to 1000 iterations
[2024-04-15T11:17:44.554990][INFO][seed89] Ellapsed time: 6280630.ms
[2024-04-15T11:17:44.615248][INFO][seed89] Saved model at /mnt/beegfs/rcabanas/dev/credici/papers/causal_flavour/learntmodels/miter1000/simple_learner_10Q/model_89.uai
[2024-04-15T11:17:44.615580][INFO][seed89] Closing log file
[2024-04-15T11:17:44.615722][INFO][seed89] Closed log file
['learn.py', '1000', '95']
seed=95
/mnt/beegfs/rcabanas/dev/credici
/mnt/beegfs/rcabanas/dev/credici/papers/causal_flavour
/mnt/beegfs/rcabanas/dev/credici/papers/causal_flavour/learntmodels
/mnt/beegfs/rcabanas/dev/credici/papers/causal_flavour/models
/mnt/beegfs/rcabanas/dev/credici/target/credici-0.1.5-dev-SNAPSHOT-jar-with-dependencies.jar
/mnt/beegfs/rcabanas/dev/credici/papers/causal_flavour/code/LearnCF.java
[2024-04-15T11:17:47.050678][INFO][seed95] Set up logging
[2024-04-15T11:17:47.063831][INFO][seed95] args: -m;1000;-o;/mnt/beegfs/rcabanas/dev/credici/papers/causal_flavour/learntmodels/miter1000;--data;/mnt/beegfs/rcabanas/dev/credici/papers/causal_flavour/data/simple_learner_10Q_data.csv;-rw;-s;95;/mnt/beegfs/rcabanas/dev/credici/papers/causal_flavour/models/simple_learner_10Q.uai
[2024-04-15T11:17:47.077776][INFO][seed95] Starting logger with seed 95
[2024-04-15T11:17:47.281126][INFO][seed95] Loaded model and info: /mnt/beegfs/rcabanas/dev/credici/papers/causal_flavour/models/simple_learner_10Q.uai
[2024-04-15T11:17:47.336586][INFO][seed95] Loaded 100 data instances
[2024-04-15T11:17:47.337053][INFO][seed95] Starting learning up to 1000 iterations
[2024-04-15T11:21:35.594580][INFO][seed66] Ellapsed time: 6511674.ms
[2024-04-15T11:21:35.649235][INFO][seed66] Saved model at /mnt/beegfs/rcabanas/dev/credici/papers/causal_flavour/learntmodels/miter1000/simple_learner_10Q/model_66.uai
[2024-04-15T11:21:35.649637][INFO][seed66] Closing log file
[2024-04-15T11:21:35.649764][INFO][seed66] Closed log file
[2024-04-15T11:30:59.306499][INFO][seed93] Ellapsed time: 7075212.ms
[2024-04-15T11:30:59.359199][INFO][seed93] Saved model at /mnt/beegfs/rcabanas/dev/credici/papers/causal_flavour/learntmodels/miter1000/simple_learner_10Q/model_93.uai
[2024-04-15T11:30:59.359636][INFO][seed93] Closing log file
[2024-04-15T11:30:59.359798][INFO][seed93] Closed log file
[2024-04-15T11:30:59.947434][INFO][seed83] Ellapsed time: 7075951.ms
[2024-04-15T11:30:59.991901][INFO][seed83] Saved model at /mnt/beegfs/rcabanas/dev/credici/papers/causal_flavour/learntmodels/miter1000/simple_learner_10Q/model_83.uai
[2024-04-15T11:30:59.992231][INFO][seed83] Closing log file
[2024-04-15T11:30:59.992344][INFO][seed83] Closed log file
[2024-04-15T11:31:16.715088][INFO][seed84] Ellapsed time: 7092622.ms
[2024-04-15T11:31:16.759971][INFO][seed84] Saved model at /mnt/beegfs/rcabanas/dev/credici/papers/causal_flavour/learntmodels/miter1000/simple_learner_10Q/model_84.uai
[2024-04-15T11:31:16.760294][INFO][seed84] Closing log file
[2024-04-15T11:31:16.760406][INFO][seed84] Closed log file
[2024-04-15T11:31:46.663990][INFO][seed51] Ellapsed time: 7122574.ms
[2024-04-15T11:31:46.717335][INFO][seed51] Saved model at /mnt/beegfs/rcabanas/dev/credici/papers/causal_flavour/learntmodels/miter1000/simple_learner_10Q/model_51.uai
[2024-04-15T11:31:46.717627][INFO][seed51] Closing log file
[2024-04-15T11:31:46.717750][INFO][seed51] Closed log file
[2024-04-15T11:32:42.180145][INFO][seed79] Ellapsed time: 7178097.ms
[2024-04-15T11:32:42.240546][INFO][seed79] Saved model at /mnt/beegfs/rcabanas/dev/credici/papers/causal_flavour/learntmodels/miter1000/simple_learner_10Q/model_79.uai
[2024-04-15T11:32:42.240859][INFO][seed79] Closing log file
[2024-04-15T11:32:42.240963][INFO][seed79] Closed log file
[2024-04-15T11:33:08.627001][INFO][seed81] Ellapsed time: 7204527.ms
[2024-04-15T11:33:08.694908][INFO][seed81] Saved model at /mnt/beegfs/rcabanas/dev/credici/papers/causal_flavour/learntmodels/miter1000/simple_learner_10Q/model_81.uai
[2024-04-15T11:33:08.695157][INFO][seed81] Closing log file
[2024-04-15T11:33:08.695260][INFO][seed81] Closed log file
[2024-04-15T11:34:57.012630][INFO][seed100] Ellapsed time: 7312932.ms
[2024-04-15T11:34:57.047755][INFO][seed100] Saved model at /mnt/beegfs/rcabanas/dev/credici/papers/causal_flavour/learntmodels/miter1000/simple_learner_10Q/model_100.uai
[2024-04-15T11:34:57.048095][INFO][seed100] Closing log file
[2024-04-15T11:34:57.048570][INFO][seed100] Closed log file
[2024-04-15T11:34:57.731773][INFO][seed76] Ellapsed time: 7313653.ms
[2024-04-15T11:34:57.763660][INFO][seed76] Saved model at /mnt/beegfs/rcabanas/dev/credici/papers/causal_flavour/learntmodels/miter1000/simple_learner_10Q/model_76.uai
[2024-04-15T11:34:57.765785][INFO][seed76] Closing log file
[2024-04-15T11:34:57.765896][INFO][seed76] Closed log file
[2024-04-15T11:36:52.594168][INFO][seed72] Ellapsed time: 7428517.ms
[2024-04-15T11:36:52.648827][INFO][seed72] Saved model at /mnt/beegfs/rcabanas/dev/credici/papers/causal_flavour/learntmodels/miter1000/simple_learner_10Q/model_72.uai
[2024-04-15T11:36:52.649149][INFO][seed72] Closing log file
[2024-04-15T11:36:52.649275][INFO][seed72] Closed log file
[2024-04-15T11:37:54.044527][INFO][seed57] Ellapsed time: 7489886.ms
[2024-04-15T11:37:54.084540][INFO][seed57] Saved model at /mnt/beegfs/rcabanas/dev/credici/papers/causal_flavour/learntmodels/miter1000/simple_learner_10Q/model_57.uai
[2024-04-15T11:37:54.084757][INFO][seed57] Closing log file
[2024-04-15T11:37:54.084859][INFO][seed57] Closed log file
[2024-04-15T11:38:56.929268][INFO][seed88] Ellapsed time: 7552842.ms
[2024-04-15T11:38:56.974398][INFO][seed88] Saved model at /mnt/beegfs/rcabanas/dev/credici/papers/causal_flavour/learntmodels/miter1000/simple_learner_10Q/model_88.uai
[2024-04-15T11:38:56.974644][INFO][seed88] Closing log file
[2024-04-15T11:38:56.974773][INFO][seed88] Closed log file
[2024-04-15T11:39:01.820462][INFO][seed64] Ellapsed time: 7557845.ms
[2024-04-15T11:39:01.853721][INFO][seed64] Saved model at /mnt/beegfs/rcabanas/dev/credici/papers/causal_flavour/learntmodels/miter1000/simple_learner_10Q/model_64.uai
[2024-04-15T11:39:01.853957][INFO][seed64] Closing log file
[2024-04-15T11:39:01.854066][INFO][seed64] Closed log file
[2024-04-15T11:39:09.773698][INFO][seed94] Ellapsed time: 7565697.ms
[2024-04-15T11:39:09.808869][INFO][seed94] Saved model at /mnt/beegfs/rcabanas/dev/credici/papers/causal_flavour/learntmodels/miter1000/simple_learner_10Q/model_94.uai
[2024-04-15T11:39:09.809104][INFO][seed94] Closing log file
[2024-04-15T11:39:09.809208][INFO][seed94] Closed log file
[2024-04-15T11:41:11.914755][INFO][seed87] Ellapsed time: 7687836.ms
[2024-04-15T11:41:11.946714][INFO][seed87] Saved model at /mnt/beegfs/rcabanas/dev/credici/papers/causal_flavour/learntmodels/miter1000/simple_learner_10Q/model_87.uai
[2024-04-15T11:41:11.946896][INFO][seed87] Closing log file
[2024-04-15T11:41:11.946995][INFO][seed87] Closed log file
[2024-04-15T11:41:14.913350][INFO][seed60] Ellapsed time: 7690841.ms
[2024-04-15T11:41:14.958723][INFO][seed60] Saved model at /mnt/beegfs/rcabanas/dev/credici/papers/causal_flavour/learntmodels/miter1000/simple_learner_10Q/model_60.uai
[2024-04-15T11:41:14.958959][INFO][seed60] Closing log file
[2024-04-15T11:41:14.959066][INFO][seed60] Closed log file
[2024-04-15T11:41:57.883639][INFO][seed67] Ellapsed time: 7733799.ms
[2024-04-15T11:41:57.913330][INFO][seed67] Saved model at /mnt/beegfs/rcabanas/dev/credici/papers/causal_flavour/learntmodels/miter1000/simple_learner_10Q/model_67.uai
[2024-04-15T11:41:57.913513][INFO][seed67] Closing log file
[2024-04-15T11:41:57.913609][INFO][seed67] Closed log file
[2024-04-15T12:33:57.449365][INFO][seed56] Ellapsed time: 10853555.ms
[2024-04-15T12:33:57.519369][INFO][seed56] Saved model at /mnt/beegfs/rcabanas/dev/credici/papers/causal_flavour/learntmodels/miter1000/simple_learner_10Q/model_56.uai
[2024-04-15T12:33:57.520031][INFO][seed56] Closing log file
[2024-04-15T12:33:57.520189][INFO][seed56] Closed log file
[2024-04-15T12:34:23.112946][INFO][seed63] Ellapsed time: 10879352.ms
[2024-04-15T12:34:23.175533][INFO][seed63] Saved model at /mnt/beegfs/rcabanas/dev/credici/papers/causal_flavour/learntmodels/miter1000/simple_learner_10Q/model_63.uai
[2024-04-15T12:34:23.176007][INFO][seed63] Closing log file
[2024-04-15T12:34:23.176153][INFO][seed63] Closed log file
[2024-04-15T12:36:15.826388][INFO][seed62] Ellapsed time: 10992238.ms
[2024-04-15T12:36:15.881759][INFO][seed62] Saved model at /mnt/beegfs/rcabanas/dev/credici/papers/causal_flavour/learntmodels/miter1000/simple_learner_10Q/model_62.uai
[2024-04-15T12:36:15.882168][INFO][seed62] Closing log file
[2024-04-15T12:36:15.882304][INFO][seed62] Closed log file
[2024-04-15T12:36:38.936050][INFO][seed74] Ellapsed time: 11015659.ms
[2024-04-15T12:36:38.988558][INFO][seed74] Saved model at /mnt/beegfs/rcabanas/dev/credici/papers/causal_flavour/learntmodels/miter1000/simple_learner_10Q/model_74.uai
[2024-04-15T12:36:38.988945][INFO][seed74] Closing log file
[2024-04-15T12:36:38.989052][INFO][seed74] Closed log file
[2024-04-15T12:37:04.712232][INFO][seed78] Ellapsed time: 11040780.ms
[2024-04-15T12:37:04.773672][INFO][seed78] Saved model at /mnt/beegfs/rcabanas/dev/credici/papers/causal_flavour/learntmodels/miter1000/simple_learner_10Q/model_78.uai
[2024-04-15T12:37:04.774043][INFO][seed78] Closing log file
[2024-04-15T12:37:04.774150][INFO][seed78] Closed log file
[2024-04-15T12:38:40.608345][INFO][seed82] Ellapsed time: 11136982.ms
[2024-04-15T12:38:40.665192][INFO][seed82] Saved model at /mnt/beegfs/rcabanas/dev/credici/papers/causal_flavour/learntmodels/miter1000/simple_learner_10Q/model_82.uai
[2024-04-15T12:38:40.665418][INFO][seed82] Closing log file
[2024-04-15T12:38:40.665525][INFO][seed82] Closed log file
[2024-04-15T12:38:43.154082][INFO][seed70] Ellapsed time: 11139563.ms
[2024-04-15T12:38:43.211407][INFO][seed70] Saved model at /mnt/beegfs/rcabanas/dev/credici/papers/causal_flavour/learntmodels/miter1000/simple_learner_10Q/model_70.uai
[2024-04-15T12:38:43.211808][INFO][seed70] Closing log file
[2024-04-15T12:38:43.211918][INFO][seed70] Closed log file
[2024-04-15T12:39:30.805991][INFO][seed69] Ellapsed time: 11186948.ms
[2024-04-15T12:39:30.867292][INFO][seed69] Saved model at /mnt/beegfs/rcabanas/dev/credici/papers/causal_flavour/learntmodels/miter1000/simple_learner_10Q/model_69.uai
[2024-04-15T12:39:30.867552][INFO][seed69] Closing log file
[2024-04-15T12:39:30.867698][INFO][seed69] Closed log file
[2024-04-15T12:47:00.963438][INFO][seed96] Ellapsed time: 11636741.ms
[2024-04-15T12:47:01.016587][INFO][seed96] Saved model at /mnt/beegfs/rcabanas/dev/credici/papers/causal_flavour/learntmodels/miter1000/simple_learner_10Q/model_96.uai
[2024-04-15T12:47:01.017067][INFO][seed96] Closing log file
[2024-04-15T12:47:01.017243][INFO][seed96] Closed log file
[2024-04-15T12:48:44.000031][INFO][seed50] Ellapsed time: 11739861.ms
[2024-04-15T12:48:44.080754][INFO][seed50] Saved model at /mnt/beegfs/rcabanas/dev/credici/papers/causal_flavour/learntmodels/miter1000/simple_learner_10Q/model_50.uai
[2024-04-15T12:48:44.081168][INFO][seed50] Closing log file
[2024-04-15T12:48:44.081303][INFO][seed50] Closed log file
[2024-04-15T12:48:54.751708][INFO][seed86] Ellapsed time: 11751159.ms
[2024-04-15T12:48:54.819798][INFO][seed86] Saved model at /mnt/beegfs/rcabanas/dev/credici/papers/causal_flavour/learntmodels/miter1000/simple_learner_10Q/model_86.uai
[2024-04-15T12:48:54.820275][INFO][seed86] Closing log file
[2024-04-15T12:48:54.820401][INFO][seed86] Closed log file
[2024-04-15T12:49:26.557215][INFO][seed98] Ellapsed time: 11782398.ms
[2024-04-15T12:49:26.622580][INFO][seed98] Saved model at /mnt/beegfs/rcabanas/dev/credici/papers/causal_flavour/learntmodels/miter1000/simple_learner_10Q/model_98.uai
[2024-04-15T12:49:26.622970][INFO][seed98] Closing log file
[2024-04-15T12:49:26.623090][INFO][seed98] Closed log file
[2024-04-15T12:49:28.776923][INFO][seed77] Ellapsed time: 11785292.ms
[2024-04-15T12:49:28.827211][INFO][seed77] Saved model at /mnt/beegfs/rcabanas/dev/credici/papers/causal_flavour/learntmodels/miter1000/simple_learner_10Q/model_77.uai
[2024-04-15T12:49:28.827584][INFO][seed77] Closing log file
[2024-04-15T12:49:28.827712][INFO][seed77] Closed log file
[2024-04-15T12:49:44.836041][INFO][seed99] Ellapsed time: 11801571.ms
[2024-04-15T12:49:44.913368][INFO][seed99] Saved model at /mnt/beegfs/rcabanas/dev/credici/papers/causal_flavour/learntmodels/miter1000/simple_learner_10Q/model_99.uai
[2024-04-15T12:49:44.913796][INFO][seed99] Closing log file
[2024-04-15T12:49:44.913930][INFO][seed99] Closed log file
[2024-04-15T12:49:47.846594][INFO][seed61] Ellapsed time: 11803677.ms
[2024-04-15T12:49:47.901818][INFO][seed61] Saved model at /mnt/beegfs/rcabanas/dev/credici/papers/causal_flavour/learntmodels/miter1000/simple_learner_10Q/model_61.uai
[2024-04-15T12:49:47.902148][INFO][seed61] Closing log file
[2024-04-15T12:49:47.902266][INFO][seed61] Closed log file
[2024-04-15T12:49:48.817751][INFO][seed71] Ellapsed time: 11804944.ms
[2024-04-15T12:49:48.854428][INFO][seed71] Saved model at /mnt/beegfs/rcabanas/dev/credici/papers/causal_flavour/learntmodels/miter1000/simple_learner_10Q/model_71.uai
[2024-04-15T12:49:48.854713][INFO][seed71] Closing log file
[2024-04-15T12:49:48.854825][INFO][seed71] Closed log file
[2024-04-15T12:50:12.735004][INFO][seed59] Ellapsed time: 11829177.ms
[2024-04-15T12:50:12.770306][INFO][seed59] Saved model at /mnt/beegfs/rcabanas/dev/credici/papers/causal_flavour/learntmodels/miter1000/simple_learner_10Q/model_59.uai
[2024-04-15T12:50:12.770551][INFO][seed59] Closing log file
[2024-04-15T12:50:12.770670][INFO][seed59] Closed log file
[2024-04-15T12:50:16.538669][INFO][seed58] Ellapsed time: 11832415.ms
[2024-04-15T12:50:16.586104][INFO][seed58] Saved model at /mnt/beegfs/rcabanas/dev/credici/papers/causal_flavour/learntmodels/miter1000/simple_learner_10Q/model_58.uai
[2024-04-15T12:50:16.586353][INFO][seed58] Closing log file
[2024-04-15T12:50:16.586462][INFO][seed58] Closed log file
[2024-04-15T12:50:26.016064][INFO][seed92] Ellapsed time: 11842568.ms
[2024-04-15T12:50:26.077869][INFO][seed92] Saved model at /mnt/beegfs/rcabanas/dev/credici/papers/causal_flavour/learntmodels/miter1000/simple_learner_10Q/model_92.uai
[2024-04-15T12:50:26.078161][INFO][seed92] Closing log file
[2024-04-15T12:50:26.078261][INFO][seed92] Closed log file
[2024-04-15T12:52:12.315017][INFO][seed65] Ellapsed time: 11948468.ms
[2024-04-15T12:52:12.346153][INFO][seed65] Saved model at /mnt/beegfs/rcabanas/dev/credici/papers/causal_flavour/learntmodels/miter1000/simple_learner_10Q/model_65.uai
[2024-04-15T12:52:12.346302][INFO][seed65] Closing log file
[2024-04-15T12:52:12.346406][INFO][seed65] Closed log file
[2024-04-15T12:53:06.611882][INFO][seed85] Ellapsed time: 12002453.ms
[2024-04-15T12:53:06.644040][INFO][seed85] Saved model at /mnt/beegfs/rcabanas/dev/credici/papers/causal_flavour/learntmodels/miter1000/simple_learner_10Q/model_85.uai
[2024-04-15T12:53:06.644224][INFO][seed85] Closing log file
[2024-04-15T12:53:06.644336][INFO][seed85] Closed log file
[2024-04-15T12:53:21.361319][INFO][seed80] Ellapsed time: 12017937.ms
[2024-04-15T12:53:21.395157][INFO][seed80] Saved model at /mnt/beegfs/rcabanas/dev/credici/papers/causal_flavour/learntmodels/miter1000/simple_learner_10Q/model_80.uai
[2024-04-15T12:53:21.395387][INFO][seed80] Closing log file
[2024-04-15T12:53:21.395491][INFO][seed80] Closed log file
[2024-04-15T12:53:32.388797][INFO][seed73] Ellapsed time: 12028213.ms
[2024-04-15T12:53:32.424155][INFO][seed73] Saved model at /mnt/beegfs/rcabanas/dev/credici/papers/causal_flavour/learntmodels/miter1000/simple_learner_10Q/model_73.uai
[2024-04-15T12:53:32.424333][INFO][seed73] Closing log file
[2024-04-15T12:53:32.424441][INFO][seed73] Closed log file
[2024-04-15T12:54:36.616668][INFO][seed55] Ellapsed time: 12092481.ms
[2024-04-15T12:54:36.656259][INFO][seed55] Saved model at /mnt/beegfs/rcabanas/dev/credici/papers/causal_flavour/learntmodels/miter1000/simple_learner_10Q/model_55.uai
[2024-04-15T12:54:36.656524][INFO][seed55] Closing log file
[2024-04-15T12:54:36.656630][INFO][seed55] Closed log file
[2024-04-15T12:55:01.743024][INFO][seed68] Ellapsed time: 12118486.ms
[2024-04-15T12:55:01.789612][INFO][seed68] Saved model at /mnt/beegfs/rcabanas/dev/credici/papers/causal_flavour/learntmodels/miter1000/simple_learner_10Q/model_68.uai
[2024-04-15T12:55:01.789817][INFO][seed68] Closing log file
[2024-04-15T12:55:01.789915][INFO][seed68] Closed log file
[2024-04-15T12:55:36.018857][INFO][seed52] Ellapsed time: 12152158.ms
[2024-04-15T12:55:36.087212][INFO][seed52] Saved model at /mnt/beegfs/rcabanas/dev/credici/papers/causal_flavour/learntmodels/miter1000/simple_learner_10Q/model_52.uai
[2024-04-15T12:55:36.087505][INFO][seed52] Closing log file
[2024-04-15T12:55:36.087611][INFO][seed52] Closed log file
[2024-04-15T12:55:45.296164][INFO][seed90] Ellapsed time: 12161449.ms
[2024-04-15T12:55:45.345504][INFO][seed90] Saved model at /mnt/beegfs/rcabanas/dev/credici/papers/causal_flavour/learntmodels/miter1000/simple_learner_10Q/model_90.uai
[2024-04-15T12:55:45.345767][INFO][seed90] Closing log file
[2024-04-15T12:55:45.345874][INFO][seed90] Closed log file
[2024-04-15T12:56:30.084508][INFO][seed97] Ellapsed time: 12205955.ms
[2024-04-15T12:56:30.117023][INFO][seed97] Saved model at /mnt/beegfs/rcabanas/dev/credici/papers/causal_flavour/learntmodels/miter1000/simple_learner_10Q/model_97.uai
[2024-04-15T12:56:30.117243][INFO][seed97] Closing log file
[2024-04-15T12:56:30.117355][INFO][seed97] Closed log file
[2024-04-15T12:56:32.824161][INFO][seed54] Ellapsed time: 12208671.ms
[2024-04-15T12:56:32.864341][INFO][seed54] Saved model at /mnt/beegfs/rcabanas/dev/credici/papers/causal_flavour/learntmodels/miter1000/simple_learner_10Q/model_54.uai
[2024-04-15T12:56:32.864572][INFO][seed54] Closing log file
[2024-04-15T12:56:32.864684][INFO][seed54] Closed log file
[2024-04-15T12:56:38.846899][INFO][seed95] Ellapsed time: 5931497.ms
[2024-04-15T12:56:38.890906][INFO][seed95] Saved model at /mnt/beegfs/rcabanas/dev/credici/papers/causal_flavour/learntmodels/miter1000/simple_learner_10Q/model_95.uai
[2024-04-15T12:56:38.891102][INFO][seed95] Closing log file
[2024-04-15T12:56:38.891203][INFO][seed95] Closed log file
[2024-04-15T12:59:25.942421][INFO][seed91] Ellapsed time: 12382188.ms
[2024-04-15T12:59:25.995252][INFO][seed91] Saved model at /mnt/beegfs/rcabanas/dev/credici/papers/causal_flavour/learntmodels/miter1000/simple_learner_10Q/model_91.uai
[2024-04-15T12:59:25.995480][INFO][seed91] Closing log file
[2024-04-15T12:59:25.995581][INFO][seed91] Closed log file
[2024-04-15T13:00:44.927425][INFO][seed75] Ellapsed time: 12461060.ms
[2024-04-15T13:00:44.954823][INFO][seed75] Saved model at /mnt/beegfs/rcabanas/dev/credici/papers/causal_flavour/learntmodels/miter1000/simple_learner_10Q/model_75.uai
[2024-04-15T13:00:44.954989][INFO][seed75] Closing log file
[2024-04-15T13:00:44.955096][INFO][seed75] Closed log file
[2024-04-15T13:01:00.676388][INFO][seed53] Ellapsed time: 12477239.ms
[2024-04-15T13:01:00.729014][INFO][seed53] Saved model at /mnt/beegfs/rcabanas/dev/credici/papers/causal_flavour/learntmodels/miter1000/simple_learner_10Q/model_53.uai
[2024-04-15T13:01:00.729231][INFO][seed53] Closing log file
[2024-04-15T13:01:00.729330][INFO][seed53] Closed log file
