0
1000
['learn.py', '1000', '13']
['learn.py', '1000', '40']
['learn.py', '1000', '3']
['learn.py', '1000', '39']
['learn.py', '1000', '44']
['learn.py', '1000', '34']
['learn.py', '1000', '1']
['learn.py', '1000', '26']
['learn.py', '1000', '30']
['learn.py', '1000', '28']
seed=13
/mnt/beegfs/rcabanas/dev/credici
/mnt/beegfs/rcabanas/dev/credici/papers/causal_flavour
seed=40
/mnt/beegfs/rcabanas/dev/credici/papers/causal_flavour/learntmodels
/mnt/beegfs/rcabanas/dev/credici/papers/causal_flavour/models
/mnt/beegfs/rcabanas/dev/credici
/mnt/beegfs/rcabanas/dev/credici/target/credici-0.1.5-dev-SNAPSHOT-jar-with-dependencies.jar
/mnt/beegfs/rcabanas/dev/credici/papers/causal_flavour
seed=3
/mnt/beegfs/rcabanas/dev/credici/papers/causal_flavour/code/LearnCF.java
/mnt/beegfs/rcabanas/dev/credici/papers/causal_flavour/learntmodels
/mnt/beegfs/rcabanas/dev/credici/papers/causal_flavour/models
/mnt/beegfs/rcabanas/dev/credici
/mnt/beegfs/rcabanas/dev/credici/target/credici-0.1.5-dev-SNAPSHOT-jar-with-dependencies.jar
/mnt/beegfs/rcabanas/dev/credici/papers/causal_flavour
/mnt/beegfs/rcabanas/dev/credici/papers/causal_flavour/code/LearnCF.java
/mnt/beegfs/rcabanas/dev/credici/papers/causal_flavour/learntmodels
/mnt/beegfs/rcabanas/dev/credici/papers/causal_flavour/models
/mnt/beegfs/rcabanas/dev/credici/target/credici-0.1.5-dev-SNAPSHOT-jar-with-dependencies.jar
seed=39
seed=34
seed=44
/mnt/beegfs/rcabanas/dev/credici/papers/causal_flavour/code/LearnCF.java
seed=1
/mnt/beegfs/rcabanas/dev/credici
/mnt/beegfs/rcabanas/dev/credici
/mnt/beegfs/rcabanas/dev/credici
/mnt/beegfs/rcabanas/dev/credici
/mnt/beegfs/rcabanas/dev/credici/papers/causal_flavour
/mnt/beegfs/rcabanas/dev/credici/papers/causal_flavour/learntmodels
/mnt/beegfs/rcabanas/dev/credici/papers/causal_flavour
/mnt/beegfs/rcabanas/dev/credici/papers/causal_flavour
seed=26
seed=28
seed=30
/mnt/beegfs/rcabanas/dev/credici/papers/causal_flavour
/mnt/beegfs/rcabanas/dev/credici/papers/causal_flavour/models
/mnt/beegfs/rcabanas/dev/credici/papers/causal_flavour/learntmodels
/mnt/beegfs/rcabanas/dev/credici/papers/causal_flavour/models
/mnt/beegfs/rcabanas/dev/credici/papers/causal_flavour/learntmodels
/mnt/beegfs/rcabanas/dev/credici
/mnt/beegfs/rcabanas/dev/credici
/mnt/beegfs/rcabanas/dev/credici
/mnt/beegfs/rcabanas/dev/credici/papers/causal_flavour/learntmodels
/mnt/beegfs/rcabanas/dev/credici/target/credici-0.1.5-dev-SNAPSHOT-jar-with-dependencies.jar
/mnt/beegfs/rcabanas/dev/credici/papers/causal_flavour/code/LearnCF.java
/mnt/beegfs/rcabanas/dev/credici/target/credici-0.1.5-dev-SNAPSHOT-jar-with-dependencies.jar
/mnt/beegfs/rcabanas/dev/credici/papers/causal_flavour/models
/mnt/beegfs/rcabanas/dev/credici/target/credici-0.1.5-dev-SNAPSHOT-jar-with-dependencies.jar
/mnt/beegfs/rcabanas/dev/credici/papers/causal_flavour
/mnt/beegfs/rcabanas/dev/credici/papers/causal_flavour
/mnt/beegfs/rcabanas/dev/credici/papers/causal_flavour
/mnt/beegfs/rcabanas/dev/credici/papers/causal_flavour/models
/mnt/beegfs/rcabanas/dev/credici/papers/causal_flavour/code/LearnCF.java
/mnt/beegfs/rcabanas/dev/credici/papers/causal_flavour/code/LearnCF.java
/mnt/beegfs/rcabanas/dev/credici/papers/causal_flavour/learntmodels
/mnt/beegfs/rcabanas/dev/credici/papers/causal_flavour/learntmodels
/mnt/beegfs/rcabanas/dev/credici/papers/causal_flavour/learntmodels
/mnt/beegfs/rcabanas/dev/credici/target/credici-0.1.5-dev-SNAPSHOT-jar-with-dependencies.jar
['learn.py', '1000', '23']
/mnt/beegfs/rcabanas/dev/credici/papers/causal_flavour/models
/mnt/beegfs/rcabanas/dev/credici/target/credici-0.1.5-dev-SNAPSHOT-jar-with-dependencies.jar
/mnt/beegfs/rcabanas/dev/credici/papers/causal_flavour/models
/mnt/beegfs/rcabanas/dev/credici/papers/causal_flavour/models
/mnt/beegfs/rcabanas/dev/credici/papers/causal_flavour/code/LearnCF.java
/mnt/beegfs/rcabanas/dev/credici/papers/causal_flavour/code/LearnCF.java
/mnt/beegfs/rcabanas/dev/credici/target/credici-0.1.5-dev-SNAPSHOT-jar-with-dependencies.jar
/mnt/beegfs/rcabanas/dev/credici/papers/causal_flavour/code/LearnCF.java
/mnt/beegfs/rcabanas/dev/credici/target/credici-0.1.5-dev-SNAPSHOT-jar-with-dependencies.jar
/mnt/beegfs/rcabanas/dev/credici/papers/causal_flavour/code/LearnCF.java
seed=23
/mnt/beegfs/rcabanas/dev/credici
/mnt/beegfs/rcabanas/dev/credici/papers/causal_flavour
/mnt/beegfs/rcabanas/dev/credici/papers/causal_flavour/learntmodels
/mnt/beegfs/rcabanas/dev/credici/papers/causal_flavour/models
/mnt/beegfs/rcabanas/dev/credici/target/credici-0.1.5-dev-SNAPSHOT-jar-with-dependencies.jar
/mnt/beegfs/rcabanas/dev/credici/papers/causal_flavour/code/LearnCF.java
['learn.py', '1000', '38']
seed=38
/mnt/beegfs/rcabanas/dev/credici
/mnt/beegfs/rcabanas/dev/credici/papers/causal_flavour
/mnt/beegfs/rcabanas/dev/credici/papers/causal_flavour/learntmodels
/mnt/beegfs/rcabanas/dev/credici/papers/causal_flavour/models
/mnt/beegfs/rcabanas/dev/credici/target/credici-0.1.5-dev-SNAPSHOT-jar-with-dependencies.jar
/mnt/beegfs/rcabanas/dev/credici/papers/causal_flavour/code/LearnCF.java
['learn.py', '1000', '31']
seed=31
/mnt/beegfs/rcabanas/dev/credici
/mnt/beegfs/rcabanas/dev/credici/papers/causal_flavour
/mnt/beegfs/rcabanas/dev/credici/papers/causal_flavour/learntmodels
/mnt/beegfs/rcabanas/dev/credici/papers/causal_flavour/models
/mnt/beegfs/rcabanas/dev/credici/target/credici-0.1.5-dev-SNAPSHOT-jar-with-dependencies.jar
/mnt/beegfs/rcabanas/dev/credici/papers/causal_flavour/code/LearnCF.java
['learn.py', '1000', '33']
seed=33
/mnt/beegfs/rcabanas/dev/credici
/mnt/beegfs/rcabanas/dev/credici/papers/causal_flavour
/mnt/beegfs/rcabanas/dev/credici/papers/causal_flavour/learntmodels
/mnt/beegfs/rcabanas/dev/credici/papers/causal_flavour/models
/mnt/beegfs/rcabanas/dev/credici/target/credici-0.1.5-dev-SNAPSHOT-jar-with-dependencies.jar
/mnt/beegfs/rcabanas/dev/credici/papers/causal_flavour/code/LearnCF.java

[error occurred during error reporting ((null)), id 0x7, SIGBUS (0x7) at pc=0x00007ff484c4b9a0]

#
# A fatal error has been detected by the Java Runtime Environment:
#
#  SIGBUS (0x7) at pc=0x00007ff484c41d00, pid=51198, tid=51666
#
# JRE version:  (13.0.7+5) (build )
# Java VM: OpenJDK 64-Bit Server VM (13.0.7+5-Ubuntu-0ubuntu120.04, mixed mode, tiered, serial gc, linux-amd64)
# Problematic frame:
# V  [libjvm.so+0x88ad00]
#
# No core dump will be written. Core dumps have been disabled. To enable core dumping, try "ulimit -c unlimited" before starting Java again
#
# An error report file with more information is saved as:
# /mnt/beegfs/rcabanas/dev/credici/papers/causal_flavour/code/hs_err_pid51198.log
#
#
['learn.py', '1000', '16']
['learn.py', '1000', '6']
['learn.py', '1000', '17']
seed=6
seed=16
seed=17
/mnt/beegfs/rcabanas/dev/credici
/mnt/beegfs/rcabanas/dev/credici
/mnt/beegfs/rcabanas/dev/credici
/mnt/beegfs/rcabanas/dev/credici/papers/causal_flavour
/mnt/beegfs/rcabanas/dev/credici/papers/causal_flavour/learntmodels
/mnt/beegfs/rcabanas/dev/credici/papers/causal_flavour
/mnt/beegfs/rcabanas/dev/credici/papers/causal_flavour
/mnt/beegfs/rcabanas/dev/credici/papers/causal_flavour/models
/mnt/beegfs/rcabanas/dev/credici/target/credici-0.1.5-dev-SNAPSHOT-jar-with-dependencies.jar
/mnt/beegfs/rcabanas/dev/credici/papers/causal_flavour/learntmodels
/mnt/beegfs/rcabanas/dev/credici/papers/causal_flavour/learntmodels
/mnt/beegfs/rcabanas/dev/credici/papers/causal_flavour/code/LearnCF.java
/mnt/beegfs/rcabanas/dev/credici/papers/causal_flavour/models
/mnt/beegfs/rcabanas/dev/credici/papers/causal_flavour/models
/mnt/beegfs/rcabanas/dev/credici/target/credici-0.1.5-dev-SNAPSHOT-jar-with-dependencies.jar
/mnt/beegfs/rcabanas/dev/credici/target/credici-0.1.5-dev-SNAPSHOT-jar-with-dependencies.jar
/mnt/beegfs/rcabanas/dev/credici/papers/causal_flavour/code/LearnCF.java
/mnt/beegfs/rcabanas/dev/credici/papers/causal_flavour/code/LearnCF.java
['learn.py', '1000', '24']
seed=24
/mnt/beegfs/rcabanas/dev/credici
/mnt/beegfs/rcabanas/dev/credici/papers/causal_flavour
/mnt/beegfs/rcabanas/dev/credici/papers/causal_flavour/learntmodels
/mnt/beegfs/rcabanas/dev/credici/papers/causal_flavour/models
/mnt/beegfs/rcabanas/dev/credici/target/credici-0.1.5-dev-SNAPSHOT-jar-with-dependencies.jar
/mnt/beegfs/rcabanas/dev/credici/papers/causal_flavour/code/LearnCF.java
['learn.py', '1000', '48']
['learn.py', '1000', '14']
['learn.py', '1000', '45']
['learn.py', '1000', '19']
['learn.py', '1000', '50']
['learn.py', '1000', '0']
['learn.py', '1000', '25']
['learn.py', '1000', '20']
['learn.py', '1000', '35']
['learn.py', '1000', '15']
seed=48
/mnt/beegfs/rcabanas/dev/credici
/mnt/beegfs/rcabanas/dev/credici/papers/causal_flavour
/mnt/beegfs/rcabanas/dev/credici/papers/causal_flavour/learntmodels
['learn.py', '1000', '12']
/mnt/beegfs/rcabanas/dev/credici/papers/causal_flavour/models
/mnt/beegfs/rcabanas/dev/credici/target/credici-0.1.5-dev-SNAPSHOT-jar-with-dependencies.jar
/mnt/beegfs/rcabanas/dev/credici/papers/causal_flavour/code/LearnCF.java
['learn.py', '1000', '41']
seed=14
/mnt/beegfs/rcabanas/dev/credici
/mnt/beegfs/rcabanas/dev/credici/papers/causal_flavour
/mnt/beegfs/rcabanas/dev/credici/papers/causal_flavour/learntmodels
/mnt/beegfs/rcabanas/dev/credici/papers/causal_flavour/models
/mnt/beegfs/rcabanas/dev/credici/target/credici-0.1.5-dev-SNAPSHOT-jar-with-dependencies.jar
seed=19
seed=45
/mnt/beegfs/rcabanas/dev/credici/papers/causal_flavour/code/LearnCF.java
/mnt/beegfs/rcabanas/dev/credici
/mnt/beegfs/rcabanas/dev/credici
['learn.py', '1000', '36']
/mnt/beegfs/rcabanas/dev/credici/papers/causal_flavour
seed=50
/mnt/beegfs/rcabanas/dev/credici
/mnt/beegfs/rcabanas/dev/credici/papers/causal_flavour
/mnt/beegfs/rcabanas/dev/credici/papers/causal_flavour
/mnt/beegfs/rcabanas/dev/credici/papers/causal_flavour/learntmodels
/mnt/beegfs/rcabanas/dev/credici/papers/causal_flavour/models
['learn.py', '1000', '8']
/mnt/beegfs/rcabanas/dev/credici/papers/causal_flavour/learntmodels
/mnt/beegfs/rcabanas/dev/credici/papers/causal_flavour/models
seed=0
/mnt/beegfs/rcabanas/dev/credici/papers/causal_flavour/learntmodels
/mnt/beegfs/rcabanas/dev/credici/papers/causal_flavour/models
['learn.py', '1000', '29']
/mnt/beegfs/rcabanas/dev/credici/target/credici-0.1.5-dev-SNAPSHOT-jar-with-dependencies.jar
seed=25
/mnt/beegfs/rcabanas/dev/credici/target/credici-0.1.5-dev-SNAPSHOT-jar-with-dependencies.jar
/mnt/beegfs/rcabanas/dev/credici/papers/causal_flavour/code/LearnCF.java
seed=35
seed=20
/mnt/beegfs/rcabanas/dev/credici
/mnt/beegfs/rcabanas/dev/credici/target/credici-0.1.5-dev-SNAPSHOT-jar-with-dependencies.jar
/mnt/beegfs/rcabanas/dev/credici/papers/causal_flavour/code/LearnCF.java
/mnt/beegfs/rcabanas/dev/credici
['learn.py', '1000', '37']
/mnt/beegfs/rcabanas/dev/credici
/mnt/beegfs/rcabanas/dev/credici/papers/causal_flavour
/mnt/beegfs/rcabanas/dev/credici/papers/causal_flavour/learntmodels
/mnt/beegfs/rcabanas/dev/credici/papers/causal_flavour/models
/mnt/beegfs/rcabanas/dev/credici/target/credici-0.1.5-dev-SNAPSHOT-jar-with-dependencies.jar
/mnt/beegfs/rcabanas/dev/credici/papers/causal_flavour/code/LearnCF.java
/mnt/beegfs/rcabanas/dev/credici
['learn.py', '1000', '2']
/mnt/beegfs/rcabanas/dev/credici/papers/causal_flavour
['learn.py', '1000', '9']
/mnt/beegfs/rcabanas/dev/credici/papers/causal_flavour/code/LearnCF.java
seed=15
['learn.py', '1000', '10']
/mnt/beegfs/rcabanas/dev/credici/papers/causal_flavour
/mnt/beegfs/rcabanas/dev/credici/papers/causal_flavour/learntmodels
/mnt/beegfs/rcabanas/dev/credici/papers/causal_flavour
/mnt/beegfs/rcabanas/dev/credici/papers/causal_flavour/learntmodels
/mnt/beegfs/rcabanas/dev/credici/papers/causal_flavour/models
/mnt/beegfs/rcabanas/dev/credici/papers/causal_flavour/learntmodels
/mnt/beegfs/rcabanas/dev/credici
/mnt/beegfs/rcabanas/dev/credici/papers/causal_flavour
['learn.py', '1000', '42']
/mnt/beegfs/rcabanas/dev/credici/papers/causal_flavour/models
/mnt/beegfs/rcabanas/dev/credici/target/credici-0.1.5-dev-SNAPSHOT-jar-with-dependencies.jar
/mnt/beegfs/rcabanas/dev/credici/papers/causal_flavour/models
seed=12
/mnt/beegfs/rcabanas/dev/credici/papers/causal_flavour/learntmodels
seed=41
['learn.py', '1000', '43']
/mnt/beegfs/rcabanas/dev/credici/target/credici-0.1.5-dev-SNAPSHOT-jar-with-dependencies.jar
/mnt/beegfs/rcabanas/dev/credici/papers/causal_flavour/code/LearnCF.java
/mnt/beegfs/rcabanas/dev/credici/target/credici-0.1.5-dev-SNAPSHOT-jar-with-dependencies.jar
/mnt/beegfs/rcabanas/dev/credici
/mnt/beegfs/rcabanas/dev/credici/papers/causal_flavour/models
/mnt/beegfs/rcabanas/dev/credici
/mnt/beegfs/rcabanas/dev/credici/papers/causal_flavour/code/LearnCF.java
seed=36
/mnt/beegfs/rcabanas/dev/credici/papers/causal_flavour/code/LearnCF.java
/mnt/beegfs/rcabanas/dev/credici/papers/causal_flavour
['learn.py', '1000', '21']
/mnt/beegfs/rcabanas/dev/credici/target/credici-0.1.5-dev-SNAPSHOT-jar-with-dependencies.jar
/mnt/beegfs/rcabanas/dev/credici/papers/causal_flavour
seed=8
/mnt/beegfs/rcabanas/dev/credici
/mnt/beegfs/rcabanas/dev/credici/papers/causal_flavour
/mnt/beegfs/rcabanas/dev/credici/papers/causal_flavour/learntmodels
seed=29
/mnt/beegfs/rcabanas/dev/credici/papers/causal_flavour/learntmodels
/mnt/beegfs/rcabanas/dev/credici/papers/causal_flavour/code/LearnCF.java
/mnt/beegfs/rcabanas/dev/credici/papers/causal_flavour/learntmodels
/mnt/beegfs/rcabanas/dev/credici
/mnt/beegfs/rcabanas/dev/credici/papers/causal_flavour/models
/mnt/beegfs/rcabanas/dev/credici
/mnt/beegfs/rcabanas/dev/credici/papers/causal_flavour/models
seed=37
/mnt/beegfs/rcabanas/dev/credici/papers/causal_flavour/models
/mnt/beegfs/rcabanas/dev/credici/papers/causal_flavour
seed=9
seed=2
/mnt/beegfs/rcabanas/dev/credici/target/credici-0.1.5-dev-SNAPSHOT-jar-with-dependencies.jar
/mnt/beegfs/rcabanas/dev/credici/papers/causal_flavour
/mnt/beegfs/rcabanas/dev/credici/papers/causal_flavour/learntmodels
/mnt/beegfs/rcabanas/dev/credici/target/credici-0.1.5-dev-SNAPSHOT-jar-with-dependencies.jar
/mnt/beegfs/rcabanas/dev/credici
/mnt/beegfs/rcabanas/dev/credici/target/credici-0.1.5-dev-SNAPSHOT-jar-with-dependencies.jar
/mnt/beegfs/rcabanas/dev/credici/papers/causal_flavour/learntmodels
/mnt/beegfs/rcabanas/dev/credici
/mnt/beegfs/rcabanas/dev/credici
/mnt/beegfs/rcabanas/dev/credici/papers/causal_flavour
/mnt/beegfs/rcabanas/dev/credici/papers/causal_flavour/learntmodels
/mnt/beegfs/rcabanas/dev/credici/papers/causal_flavour/code/LearnCF.java
/mnt/beegfs/rcabanas/dev/credici/papers/causal_flavour/models
/mnt/beegfs/rcabanas/dev/credici/papers/causal_flavour/code/LearnCF.java
/mnt/beegfs/rcabanas/dev/credici/papers/causal_flavour
seed=10
/mnt/beegfs/rcabanas/dev/credici/papers/causal_flavour/code/LearnCF.java
['learn.py', '1000', '7']
/mnt/beegfs/rcabanas/dev/credici/papers/causal_flavour/models
seed=42
/mnt/beegfs/rcabanas/dev/credici
/mnt/beegfs/rcabanas/dev/credici/papers/causal_flavour
['learn.py', '1000', '49']
/mnt/beegfs/rcabanas/dev/credici/papers/causal_flavour/models
/mnt/beegfs/rcabanas/dev/credici/target/credici-0.1.5-dev-SNAPSHOT-jar-with-dependencies.jar
['learn.py', '1000', '22']
/mnt/beegfs/rcabanas/dev/credici/target/credici-0.1.5-dev-SNAPSHOT-jar-with-dependencies.jar
['learn.py', '1000', '4']
/mnt/beegfs/rcabanas/dev/credici/papers/causal_flavour/learntmodels
/mnt/beegfs/rcabanas/dev/credici/papers/causal_flavour/models
/mnt/beegfs/rcabanas/dev/credici/target/credici-0.1.5-dev-SNAPSHOT-jar-with-dependencies.jar
/mnt/beegfs/rcabanas/dev/credici/papers/causal_flavour/code/LearnCF.java
['learn.py', '1000', '27']
/mnt/beegfs/rcabanas/dev/credici
/mnt/beegfs/rcabanas/dev/credici/target/credici-0.1.5-dev-SNAPSHOT-jar-with-dependencies.jar
seed=43
/mnt/beegfs/rcabanas/dev/credici/papers/causal_flavour
/mnt/beegfs/rcabanas/dev/credici/papers/causal_flavour/learntmodels
/mnt/beegfs/rcabanas/dev/credici/papers/causal_flavour/code/LearnCF.java
['learn.py', '1000', '46']
/mnt/beegfs/rcabanas/dev/credici/papers/causal_flavour/code/LearnCF.java
seed=21
['learn.py', '1000', '47']
/mnt/beegfs/rcabanas/dev/credici/papers/causal_flavour
/mnt/beegfs/rcabanas/dev/credici/papers/causal_flavour/code/LearnCF.java
/mnt/beegfs/rcabanas/dev/credici
/mnt/beegfs/rcabanas/dev/credici/papers/causal_flavour/learntmodels
/mnt/beegfs/rcabanas/dev/credici/papers/causal_flavour/models
/mnt/beegfs/rcabanas/dev/credici
/mnt/beegfs/rcabanas/dev/credici/papers/causal_flavour/learntmodels
['learn.py', '1000', '11']
/mnt/beegfs/rcabanas/dev/credici/papers/causal_flavour
/mnt/beegfs/rcabanas/dev/credici/papers/causal_flavour/models
/mnt/beegfs/rcabanas/dev/credici/target/credici-0.1.5-dev-SNAPSHOT-jar-with-dependencies.jar
/mnt/beegfs/rcabanas/dev/credici/papers/causal_flavour
/mnt/beegfs/rcabanas/dev/credici/papers/causal_flavour/models
/mnt/beegfs/rcabanas/dev/credici/target/credici-0.1.5-dev-SNAPSHOT-jar-with-dependencies.jar
['learn.py', '1000', '32']
seed=7
/mnt/beegfs/rcabanas/dev/credici/papers/causal_flavour/learntmodels
/mnt/beegfs/rcabanas/dev/credici/target/credici-0.1.5-dev-SNAPSHOT-jar-with-dependencies.jar
/mnt/beegfs/rcabanas/dev/credici/papers/causal_flavour/code/LearnCF.java
seed=49
seed=22
/mnt/beegfs/rcabanas/dev/credici/papers/causal_flavour/learntmodels
seed=4
seed=27
/mnt/beegfs/rcabanas/dev/credici/papers/causal_flavour/code/LearnCF.java
/mnt/beegfs/rcabanas/dev/credici
/mnt/beegfs/rcabanas/dev/credici/papers/causal_flavour/models
/mnt/beegfs/rcabanas/dev/credici/papers/causal_flavour/code/LearnCF.java
/mnt/beegfs/rcabanas/dev/credici
/mnt/beegfs/rcabanas/dev/credici
/mnt/beegfs/rcabanas/dev/credici/papers/causal_flavour/models
/mnt/beegfs/rcabanas/dev/credici
seed=46
/mnt/beegfs/rcabanas/dev/credici
/mnt/beegfs/rcabanas/dev/credici/papers/causal_flavour
/mnt/beegfs/rcabanas/dev/credici/target/credici-0.1.5-dev-SNAPSHOT-jar-with-dependencies.jar
seed=47
/mnt/beegfs/rcabanas/dev/credici/papers/causal_flavour
/mnt/beegfs/rcabanas/dev/credici/papers/causal_flavour
/mnt/beegfs/rcabanas/dev/credici/target/credici-0.1.5-dev-SNAPSHOT-jar-with-dependencies.jar
/mnt/beegfs/rcabanas/dev/credici/papers/causal_flavour
/mnt/beegfs/rcabanas/dev/credici
/mnt/beegfs/rcabanas/dev/credici/papers/causal_flavour
/mnt/beegfs/rcabanas/dev/credici/papers/causal_flavour/learntmodels
/mnt/beegfs/rcabanas/dev/credici/papers/causal_flavour/code/LearnCF.java
/mnt/beegfs/rcabanas/dev/credici
/mnt/beegfs/rcabanas/dev/credici/papers/causal_flavour/learntmodels
/mnt/beegfs/rcabanas/dev/credici/papers/causal_flavour/learntmodels
seed=11
/mnt/beegfs/rcabanas/dev/credici/papers/causal_flavour/code/LearnCF.java
/mnt/beegfs/rcabanas/dev/credici/papers/causal_flavour/learntmodels
/mnt/beegfs/rcabanas/dev/credici/papers/causal_flavour
/mnt/beegfs/rcabanas/dev/credici/papers/causal_flavour/learntmodels
seed=32
/mnt/beegfs/rcabanas/dev/credici/papers/causal_flavour/models
/mnt/beegfs/rcabanas/dev/credici/papers/causal_flavour
/mnt/beegfs/rcabanas/dev/credici/papers/causal_flavour/models
/mnt/beegfs/rcabanas/dev/credici/papers/causal_flavour/models
/mnt/beegfs/rcabanas/dev/credici
['learn.py', '1000', '5']
/mnt/beegfs/rcabanas/dev/credici/papers/causal_flavour/models
/mnt/beegfs/rcabanas/dev/credici/papers/causal_flavour/learntmodels
/mnt/beegfs/rcabanas/dev/credici/papers/causal_flavour/models
/mnt/beegfs/rcabanas/dev/credici
/mnt/beegfs/rcabanas/dev/credici/target/credici-0.1.5-dev-SNAPSHOT-jar-with-dependencies.jar
/mnt/beegfs/rcabanas/dev/credici/papers/causal_flavour/learntmodels
/mnt/beegfs/rcabanas/dev/credici/target/credici-0.1.5-dev-SNAPSHOT-jar-with-dependencies.jar
['learn.py', '1000', '18']
/mnt/beegfs/rcabanas/dev/credici/target/credici-0.1.5-dev-SNAPSHOT-jar-with-dependencies.jar
/mnt/beegfs/rcabanas/dev/credici/papers/causal_flavour
/mnt/beegfs/rcabanas/dev/credici/target/credici-0.1.5-dev-SNAPSHOT-jar-with-dependencies.jar
/mnt/beegfs/rcabanas/dev/credici/papers/causal_flavour/models
/mnt/beegfs/rcabanas/dev/credici/target/credici-0.1.5-dev-SNAPSHOT-jar-with-dependencies.jar
/mnt/beegfs/rcabanas/dev/credici/papers/causal_flavour
/mnt/beegfs/rcabanas/dev/credici/papers/causal_flavour/code/LearnCF.java
/mnt/beegfs/rcabanas/dev/credici/papers/causal_flavour/models
/mnt/beegfs/rcabanas/dev/credici/papers/causal_flavour/code/LearnCF.java
/mnt/beegfs/rcabanas/dev/credici/papers/causal_flavour/code/LearnCF.java
/mnt/beegfs/rcabanas/dev/credici/papers/causal_flavour/learntmodels
/mnt/beegfs/rcabanas/dev/credici/papers/causal_flavour/code/LearnCF.java
/mnt/beegfs/rcabanas/dev/credici/target/credici-0.1.5-dev-SNAPSHOT-jar-with-dependencies.jar
/mnt/beegfs/rcabanas/dev/credici/papers/causal_flavour/code/LearnCF.java
/mnt/beegfs/rcabanas/dev/credici/papers/causal_flavour/learntmodels
/mnt/beegfs/rcabanas/dev/credici/target/credici-0.1.5-dev-SNAPSHOT-jar-with-dependencies.jar
/mnt/beegfs/rcabanas/dev/credici/papers/causal_flavour/models
/mnt/beegfs/rcabanas/dev/credici/papers/causal_flavour/code/LearnCF.java
/mnt/beegfs/rcabanas/dev/credici/papers/causal_flavour/models
/mnt/beegfs/rcabanas/dev/credici/papers/causal_flavour/code/LearnCF.java
/mnt/beegfs/rcabanas/dev/credici/target/credici-0.1.5-dev-SNAPSHOT-jar-with-dependencies.jar
/mnt/beegfs/rcabanas/dev/credici/papers/causal_flavour/code/LearnCF.java
/mnt/beegfs/rcabanas/dev/credici/target/credici-0.1.5-dev-SNAPSHOT-jar-with-dependencies.jar
seed=5
/mnt/beegfs/rcabanas/dev/credici/papers/causal_flavour/code/LearnCF.java
/mnt/beegfs/rcabanas/dev/credici
/mnt/beegfs/rcabanas/dev/credici/papers/causal_flavour
seed=18
/mnt/beegfs/rcabanas/dev/credici/papers/causal_flavour/learntmodels
/mnt/beegfs/rcabanas/dev/credici
/mnt/beegfs/rcabanas/dev/credici/papers/causal_flavour/models
/mnt/beegfs/rcabanas/dev/credici/papers/causal_flavour
/mnt/beegfs/rcabanas/dev/credici/target/credici-0.1.5-dev-SNAPSHOT-jar-with-dependencies.jar
/mnt/beegfs/rcabanas/dev/credici/papers/causal_flavour/learntmodels
/mnt/beegfs/rcabanas/dev/credici/papers/causal_flavour/code/LearnCF.java
/mnt/beegfs/rcabanas/dev/credici/papers/causal_flavour/models
/mnt/beegfs/rcabanas/dev/credici/target/credici-0.1.5-dev-SNAPSHOT-jar-with-dependencies.jar
/mnt/beegfs/rcabanas/dev/credici/papers/causal_flavour/code/LearnCF.java
[2024-05-17T09:29:52.932210][INFO][seed44] Set up logging
[2024-05-17T09:29:52.957740][INFO][seed44] args: -m;1000;-o;/mnt/beegfs/rcabanas/dev/credici/papers/causal_flavour/learntmodels/miter1000;--data;/mnt/beegfs/rcabanas/dev/credici/papers/causal_flavour/data/simple_learner_4Q_data.csv;-rw;-s;44;/mnt/beegfs/rcabanas/dev/credici/papers/causal_flavour/models/simple_learner_4Q.uai
[2024-05-17T09:29:52.967937][INFO][seed44] Starting logger with seed 44
[2024-05-17T09:29:52.984273][INFO][seed3] Set up logging
[2024-05-17T09:29:52.998310][INFO][seed3] args: -m;1000;-o;/mnt/beegfs/rcabanas/dev/credici/papers/causal_flavour/learntmodels/miter1000;--data;/mnt/beegfs/rcabanas/dev/credici/papers/causal_flavour/data/simple_learner_4Q_data.csv;-rw;-s;3;/mnt/beegfs/rcabanas/dev/credici/papers/causal_flavour/models/simple_learner_4Q.uai
[2024-05-17T09:29:53.015162][INFO][seed3] Starting logger with seed 3
[2024-05-17T09:29:53.002855][INFO][seed39] Set up logging
[2024-05-17T09:29:53.031699][INFO][seed39] args: -m;1000;-o;/mnt/beegfs/rcabanas/dev/credici/papers/causal_flavour/learntmodels/miter1000;--data;/mnt/beegfs/rcabanas/dev/credici/papers/causal_flavour/data/simple_learner_4Q_data.csv;-rw;-s;39;/mnt/beegfs/rcabanas/dev/credici/papers/causal_flavour/models/simple_learner_4Q.uai
[2024-05-17T09:29:53.036406][INFO][seed39] Starting logger with seed 39
[2024-05-17T09:29:53.067300][INFO][seed13] Set up logging
[2024-05-17T09:29:53.081730][INFO][seed13] args: -m;1000;-o;/mnt/beegfs/rcabanas/dev/credici/papers/causal_flavour/learntmodels/miter1000;--data;/mnt/beegfs/rcabanas/dev/credici/papers/causal_flavour/data/simple_learner_4Q_data.csv;-rw;-s;13;/mnt/beegfs/rcabanas/dev/credici/papers/causal_flavour/models/simple_learner_4Q.uai
[2024-05-17T09:29:53.092572][INFO][seed13] Starting logger with seed 13
[2024-05-17T09:29:53.160294][INFO][seed40] Set up logging
[2024-05-17T09:29:53.188783][INFO][seed40] args: -m;1000;-o;/mnt/beegfs/rcabanas/dev/credici/papers/causal_flavour/learntmodels/miter1000;--data;/mnt/beegfs/rcabanas/dev/credici/papers/causal_flavour/data/simple_learner_4Q_data.csv;-rw;-s;40;/mnt/beegfs/rcabanas/dev/credici/papers/causal_flavour/models/simple_learner_4Q.uai
[2024-05-17T09:29:53.192786][INFO][seed40] Starting logger with seed 40
[2024-05-17T09:29:53.373661][INFO][seed23] Set up logging
[2024-05-17T09:29:53.392855][INFO][seed23] args: -m;1000;-o;/mnt/beegfs/rcabanas/dev/credici/papers/causal_flavour/learntmodels/miter1000;--data;/mnt/beegfs/rcabanas/dev/credici/papers/causal_flavour/data/simple_learner_4Q_data.csv;-rw;-s;23;/mnt/beegfs/rcabanas/dev/credici/papers/causal_flavour/models/simple_learner_4Q.uai
[2024-05-17T09:29:53.397865][INFO][seed23] Starting logger with seed 23
[2024-05-17T09:29:53.400500][INFO][seed1] Set up logging
[2024-05-17T09:29:53.430785][INFO][seed1] args: -m;1000;-o;/mnt/beegfs/rcabanas/dev/credici/papers/causal_flavour/learntmodels/miter1000;--data;/mnt/beegfs/rcabanas/dev/credici/papers/causal_flavour/data/simple_learner_4Q_data.csv;-rw;-s;1;/mnt/beegfs/rcabanas/dev/credici/papers/causal_flavour/models/simple_learner_4Q.uai
[2024-05-17T09:29:53.439426][INFO][seed1] Starting logger with seed 1
[2024-05-17T09:29:53.512037][INFO][seed28] Set up logging
[2024-05-17T09:29:53.536790][INFO][seed28] args: -m;1000;-o;/mnt/beegfs/rcabanas/dev/credici/papers/causal_flavour/learntmodels/miter1000;--data;/mnt/beegfs/rcabanas/dev/credici/papers/causal_flavour/data/simple_learner_4Q_data.csv;-rw;-s;28;/mnt/beegfs/rcabanas/dev/credici/papers/causal_flavour/models/simple_learner_4Q.uai
[2024-05-17T09:29:53.544577][INFO][seed28] Starting logger with seed 28
[2024-05-17T09:29:53.533520][INFO][seed38] Set up logging
[2024-05-17T09:29:53.567735][INFO][seed38] args: -m;1000;-o;/mnt/beegfs/rcabanas/dev/credici/papers/causal_flavour/learntmodels/miter1000;--data;/mnt/beegfs/rcabanas/dev/credici/papers/causal_flavour/data/simple_learner_4Q_data.csv;-rw;-s;38;/mnt/beegfs/rcabanas/dev/credici/papers/causal_flavour/models/simple_learner_4Q.uai
[2024-05-17T09:29:53.574006][INFO][seed38] Starting logger with seed 38
[2024-05-17T09:29:53.552828][INFO][seed17] Set up logging
[2024-05-17T09:29:53.584485][INFO][seed17] args: -m;1000;-o;/mnt/beegfs/rcabanas/dev/credici/papers/causal_flavour/learntmodels/miter1000;--data;/mnt/beegfs/rcabanas/dev/credici/papers/causal_flavour/data/simple_learner_4Q_data.csv;-rw;-s;17;/mnt/beegfs/rcabanas/dev/credici/papers/causal_flavour/models/simple_learner_4Q.uai
[2024-05-17T09:29:53.560015][INFO][seed24] Set up logging
[2024-05-17T09:29:53.561692][INFO][seed31] Set up logging
[2024-05-17T09:29:53.585089][INFO][seed24] args: -m;1000;-o;/mnt/beegfs/rcabanas/dev/credici/papers/causal_flavour/learntmodels/miter1000;--data;/mnt/beegfs/rcabanas/dev/credici/papers/causal_flavour/data/simple_learner_4Q_data.csv;-rw;-s;24;/mnt/beegfs/rcabanas/dev/credici/papers/causal_flavour/models/simple_learner_4Q.uai
[2024-05-17T09:29:53.570467][INFO][seed6] Set up logging
[2024-05-17T09:29:53.591744][INFO][seed17] Starting logger with seed 17
[2024-05-17T09:29:53.590663][INFO][seed31] args: -m;1000;-o;/mnt/beegfs/rcabanas/dev/credici/papers/causal_flavour/learntmodels/miter1000;--data;/mnt/beegfs/rcabanas/dev/credici/papers/causal_flavour/data/simple_learner_4Q_data.csv;-rw;-s;31;/mnt/beegfs/rcabanas/dev/credici/papers/causal_flavour/models/simple_learner_4Q.uai
[2024-05-17T09:29:53.595765][INFO][seed31] Starting logger with seed 31
[2024-05-17T09:29:53.591090][INFO][seed24] Starting logger with seed 24
[2024-05-17T09:29:53.597413][INFO][seed6] args: -m;1000;-o;/mnt/beegfs/rcabanas/dev/credici/papers/causal_flavour/learntmodels/miter1000;--data;/mnt/beegfs/rcabanas/dev/credici/papers/causal_flavour/data/simple_learner_4Q_data.csv;-rw;-s;6;/mnt/beegfs/rcabanas/dev/credici/papers/causal_flavour/models/simple_learner_4Q.uai
[2024-05-17T09:29:53.609714][INFO][seed6] Starting logger with seed 6
[2024-05-17T09:29:53.615845][INFO][seed26] Set up logging
[2024-05-17T09:29:53.641368][INFO][seed26] args: -m;1000;-o;/mnt/beegfs/rcabanas/dev/credici/papers/causal_flavour/learntmodels/miter1000;--data;/mnt/beegfs/rcabanas/dev/credici/papers/causal_flavour/data/simple_learner_4Q_data.csv;-rw;-s;26;/mnt/beegfs/rcabanas/dev/credici/papers/causal_flavour/models/simple_learner_4Q.uai
[2024-05-17T09:29:53.646802][INFO][seed26] Starting logger with seed 26
[2024-05-17T09:29:53.647536][INFO][seed30] Set up logging
[2024-05-17T09:29:53.675824][INFO][seed30] args: -m;1000;-o;/mnt/beegfs/rcabanas/dev/credici/papers/causal_flavour/learntmodels/miter1000;--data;/mnt/beegfs/rcabanas/dev/credici/papers/causal_flavour/data/simple_learner_4Q_data.csv;-rw;-s;30;/mnt/beegfs/rcabanas/dev/credici/papers/causal_flavour/models/simple_learner_4Q.uai
[2024-05-17T09:29:53.691872][INFO][seed30] Starting logger with seed 30
[2024-05-17T09:29:53.677694][INFO][seed33] Set up logging
[2024-05-17T09:29:53.710013][INFO][seed33] args: -m;1000;-o;/mnt/beegfs/rcabanas/dev/credici/papers/causal_flavour/learntmodels/miter1000;--data;/mnt/beegfs/rcabanas/dev/credici/papers/causal_flavour/data/simple_learner_4Q_data.csv;-rw;-s;33;/mnt/beegfs/rcabanas/dev/credici/papers/causal_flavour/models/simple_learner_4Q.uai
[2024-05-17T09:29:53.720469][INFO][seed33] Starting logger with seed 33
[2024-05-17T09:29:53.712762][INFO][seed16] Set up logging
[2024-05-17T09:29:53.742465][INFO][seed16] args: -m;1000;-o;/mnt/beegfs/rcabanas/dev/credici/papers/causal_flavour/learntmodels/miter1000;--data;/mnt/beegfs/rcabanas/dev/credici/papers/causal_flavour/data/simple_learner_4Q_data.csv;-rw;-s;16;/mnt/beegfs/rcabanas/dev/credici/papers/causal_flavour/models/simple_learner_4Q.uai
[2024-05-17T09:29:53.745608][INFO][seed16] Starting logger with seed 16
[2024-05-17T09:29:53.804347][INFO][seed44] Loaded model and info: /mnt/beegfs/rcabanas/dev/credici/papers/causal_flavour/models/simple_learner_4Q.uai
[2024-05-17T09:29:53.849244][INFO][seed44] Loaded 100 data instances
[2024-05-17T09:29:53.849764][INFO][seed44] Starting learning up to 1000 iterations
[2024-05-17T09:29:53.869167][INFO][seed39] Loaded model and info: /mnt/beegfs/rcabanas/dev/credici/papers/causal_flavour/models/simple_learner_4Q.uai
[2024-05-17T09:29:53.914336][INFO][seed3] Loaded model and info: /mnt/beegfs/rcabanas/dev/credici/papers/causal_flavour/models/simple_learner_4Q.uai
[2024-05-17T09:29:53.925394][INFO][seed39] Loaded 100 data instances
[2024-05-17T09:29:53.925925][INFO][seed39] Starting learning up to 1000 iterations
[2024-05-17T09:29:53.946675][INFO][seed13] Loaded model and info: /mnt/beegfs/rcabanas/dev/credici/papers/causal_flavour/models/simple_learner_4Q.uai
[2024-05-17T09:29:53.971667][INFO][seed3] Loaded 100 data instances
[2024-05-17T09:29:53.973090][INFO][seed3] Starting learning up to 1000 iterations
[2024-05-17T09:29:54.009112][INFO][seed13] Loaded 100 data instances
[2024-05-17T09:29:54.011456][INFO][seed13] Starting learning up to 1000 iterations
[2024-05-17T09:29:54.027071][INFO][seed48] Set up logging
[2024-05-17T09:29:54.057871][INFO][seed48] args: -m;1000;-o;/mnt/beegfs/rcabanas/dev/credici/papers/causal_flavour/learntmodels/miter1000;--data;/mnt/beegfs/rcabanas/dev/credici/papers/causal_flavour/data/simple_learner_4Q_data.csv;-rw;-s;48;/mnt/beegfs/rcabanas/dev/credici/papers/causal_flavour/models/simple_learner_4Q.uai
[2024-05-17T09:29:54.065527][INFO][seed40] Loaded model and info: /mnt/beegfs/rcabanas/dev/credici/papers/causal_flavour/models/simple_learner_4Q.uai
[2024-05-17T09:29:54.062201][INFO][seed48] Starting logger with seed 48
[2024-05-17T09:29:54.114515][INFO][seed40] Loaded 100 data instances
[2024-05-17T09:29:54.115059][INFO][seed40] Starting learning up to 1000 iterations
[2024-05-17T09:29:54.098395][INFO][seed35] Set up logging
[2024-05-17T09:29:54.124355][INFO][seed35] args: -m;1000;-o;/mnt/beegfs/rcabanas/dev/credici/papers/causal_flavour/learntmodels/miter1000;--data;/mnt/beegfs/rcabanas/dev/credici/papers/causal_flavour/data/simple_learner_4Q_data.csv;-rw;-s;35;/mnt/beegfs/rcabanas/dev/credici/papers/causal_flavour/models/simple_learner_4Q.uai
[2024-05-17T09:29:54.130816][INFO][seed35] Starting logger with seed 35
[2024-05-17T09:29:54.191194][INFO][seed45] Set up logging
[2024-05-17T09:29:54.214064][INFO][seed45] args: -m;1000;-o;/mnt/beegfs/rcabanas/dev/credici/papers/causal_flavour/learntmodels/miter1000;--data;/mnt/beegfs/rcabanas/dev/credici/papers/causal_flavour/data/simple_learner_4Q_data.csv;-rw;-s;45;/mnt/beegfs/rcabanas/dev/credici/papers/causal_flavour/models/simple_learner_4Q.uai
[2024-05-17T09:29:54.220520][INFO][seed45] Starting logger with seed 45
[2024-05-17T09:29:54.198013][INFO][seed19] Set up logging
[2024-05-17T09:29:54.224201][INFO][seed19] args: -m;1000;-o;/mnt/beegfs/rcabanas/dev/credici/papers/causal_flavour/learntmodels/miter1000;--data;/mnt/beegfs/rcabanas/dev/credici/papers/causal_flavour/data/simple_learner_4Q_data.csv;-rw;-s;19;/mnt/beegfs/rcabanas/dev/credici/papers/causal_flavour/models/simple_learner_4Q.uai
[2024-05-17T09:29:54.232140][INFO][seed19] Starting logger with seed 19
[2024-05-17T09:29:54.221329][INFO][seed20] Set up logging
[2024-05-17T09:29:54.227717][INFO][seed12] Set up logging
[2024-05-17T09:29:54.248376][INFO][seed20] args: -m;1000;-o;/mnt/beegfs/rcabanas/dev/credici/papers/causal_flavour/learntmodels/miter1000;--data;/mnt/beegfs/rcabanas/dev/credici/papers/causal_flavour/data/simple_learner_4Q_data.csv;-rw;-s;20;/mnt/beegfs/rcabanas/dev/credici/papers/causal_flavour/models/simple_learner_4Q.uai
[2024-05-17T09:29:54.248878][INFO][seed12] args: -m;1000;-o;/mnt/beegfs/rcabanas/dev/credici/papers/causal_flavour/learntmodels/miter1000;--data;/mnt/beegfs/rcabanas/dev/credici/papers/causal_flavour/data/simple_learner_4Q_data.csv;-rw;-s;12;/mnt/beegfs/rcabanas/dev/credici/papers/causal_flavour/models/simple_learner_4Q.uai
[2024-05-17T09:29:54.257165][INFO][seed12] Starting logger with seed 12
[2024-05-17T09:29:54.270375][INFO][seed20] Starting logger with seed 20
[2024-05-17T09:29:54.238912][INFO][seed0] Set up logging
[2024-05-17T09:29:54.263909][INFO][seed0] args: -m;1000;-o;/mnt/beegfs/rcabanas/dev/credici/papers/causal_flavour/learntmodels/miter1000;--data;/mnt/beegfs/rcabanas/dev/credici/papers/causal_flavour/data/simple_learner_4Q_data.csv;-rw;-s;0;/mnt/beegfs/rcabanas/dev/credici/papers/causal_flavour/models/simple_learner_4Q.uai
[2024-05-17T09:29:54.267827][INFO][seed0] Starting logger with seed 0
[2024-05-17T09:29:54.261242][INFO][seed14] Set up logging
[2024-05-17T09:29:54.259459][INFO][seed25] Set up logging
[2024-05-17T09:29:54.284923][INFO][seed25] args: -m;1000;-o;/mnt/beegfs/rcabanas/dev/credici/papers/causal_flavour/learntmodels/miter1000;--data;/mnt/beegfs/rcabanas/dev/credici/papers/causal_flavour/data/simple_learner_4Q_data.csv;-rw;-s;25;/mnt/beegfs/rcabanas/dev/credici/papers/causal_flavour/models/simple_learner_4Q.uai
[2024-05-17T09:29:54.289886][INFO][seed25] Starting logger with seed 25
[2024-05-17T09:29:54.265298][INFO][seed50] Set up logging
[2024-05-17T09:29:54.284557][INFO][seed14] args: -m;1000;-o;/mnt/beegfs/rcabanas/dev/credici/papers/causal_flavour/learntmodels/miter1000;--data;/mnt/beegfs/rcabanas/dev/credici/papers/causal_flavour/data/simple_learner_4Q_data.csv;-rw;-s;14;/mnt/beegfs/rcabanas/dev/credici/papers/causal_flavour/models/simple_learner_4Q.uai
[2024-05-17T09:29:54.274832][INFO][seed2] Set up logging
[2024-05-17T09:29:54.290903][INFO][seed50] args: -m;1000;-o;/mnt/beegfs/rcabanas/dev/credici/papers/causal_flavour/learntmodels/miter1000;--data;/mnt/beegfs/rcabanas/dev/credici/papers/causal_flavour/data/simple_learner_4Q_data.csv;-rw;-s;50;/mnt/beegfs/rcabanas/dev/credici/papers/causal_flavour/models/simple_learner_4Q.uai
[2024-05-17T09:29:54.283134][INFO][seed43] Set up logging
[2024-05-17T09:29:54.292529][INFO][seed14] Starting logger with seed 14
[2024-05-17T09:29:54.301454][INFO][seed2] args: -m;1000;-o;/mnt/beegfs/rcabanas/dev/credici/papers/causal_flavour/learntmodels/miter1000;--data;/mnt/beegfs/rcabanas/dev/credici/papers/causal_flavour/data/simple_learner_4Q_data.csv;-rw;-s;2;/mnt/beegfs/rcabanas/dev/credici/papers/causal_flavour/models/simple_learner_4Q.uai
[2024-05-17T09:29:54.311185][INFO][seed2] Starting logger with seed 2
[2024-05-17T09:29:54.300157][INFO][seed50] Starting logger with seed 50
[2024-05-17T09:29:54.289489][INFO][seed41] Set up logging
[2024-05-17T09:29:54.309081][INFO][seed43] args: -m;1000;-o;/mnt/beegfs/rcabanas/dev/credici/papers/causal_flavour/learntmodels/miter1000;--data;/mnt/beegfs/rcabanas/dev/credici/papers/causal_flavour/data/simple_learner_4Q_data.csv;-rw;-s;43;/mnt/beegfs/rcabanas/dev/credici/papers/causal_flavour/models/simple_learner_4Q.uai
[2024-05-17T09:29:54.297336][INFO][seed21] Set up logging
[2024-05-17T09:29:54.316590][INFO][seed41] args: -m;1000;-o;/mnt/beegfs/rcabanas/dev/credici/papers/causal_flavour/learntmodels/miter1000;--data;/mnt/beegfs/rcabanas/dev/credici/papers/causal_flavour/data/simple_learner_4Q_data.csv;-rw;-s;41;/mnt/beegfs/rcabanas/dev/credici/papers/causal_flavour/models/simple_learner_4Q.uai
[2024-05-17T09:29:54.319538][INFO][seed43] Starting logger with seed 43
[2024-05-17T09:29:54.322644][INFO][seed21] args: -m;1000;-o;/mnt/beegfs/rcabanas/dev/credici/papers/causal_flavour/learntmodels/miter1000;--data;/mnt/beegfs/rcabanas/dev/credici/papers/causal_flavour/data/simple_learner_4Q_data.csv;-rw;-s;21;/mnt/beegfs/rcabanas/dev/credici/papers/causal_flavour/models/simple_learner_4Q.uai
[2024-05-17T09:29:54.328590][INFO][seed21] Starting logger with seed 21
[2024-05-17T09:29:54.321980][INFO][seed41] Starting logger with seed 41
[2024-05-17T09:29:54.324687][INFO][seed15] Set up logging
[2024-05-17T09:29:54.345222][INFO][seed15] args: -m;1000;-o;/mnt/beegfs/rcabanas/dev/credici/papers/causal_flavour/learntmodels/miter1000;--data;/mnt/beegfs/rcabanas/dev/credici/papers/causal_flavour/data/simple_learner_4Q_data.csv;-rw;-s;15;/mnt/beegfs/rcabanas/dev/credici/papers/causal_flavour/models/simple_learner_4Q.uai
[2024-05-17T09:29:54.350549][INFO][seed15] Starting logger with seed 15
[2024-05-17T09:29:54.352327][INFO][seed36] Set up logging
[2024-05-17T09:29:54.353466][INFO][seed47] Set up logging
[2024-05-17T09:29:54.346908][INFO][seed29] Set up logging
[2024-05-17T09:29:54.376663][INFO][seed36] args: -m;1000;-o;/mnt/beegfs/rcabanas/dev/credici/papers/causal_flavour/learntmodels/miter1000;--data;/mnt/beegfs/rcabanas/dev/credici/papers/causal_flavour/data/simple_learner_4Q_data.csv;-rw;-s;36;/mnt/beegfs/rcabanas/dev/credici/papers/causal_flavour/models/simple_learner_4Q.uai
[2024-05-17T09:29:54.363092][INFO][seed37] Set up logging
[2024-05-17T09:29:54.376910][INFO][seed47] args: -m;1000;-o;/mnt/beegfs/rcabanas/dev/credici/papers/causal_flavour/learntmodels/miter1000;--data;/mnt/beegfs/rcabanas/dev/credici/papers/causal_flavour/data/simple_learner_4Q_data.csv;-rw;-s;47;/mnt/beegfs/rcabanas/dev/credici/papers/causal_flavour/models/simple_learner_4Q.uai
[2024-05-17T09:29:54.390288][INFO][seed23] Loaded model and info: /mnt/beegfs/rcabanas/dev/credici/papers/causal_flavour/models/simple_learner_4Q.uai
[2024-05-17T09:29:54.367125][INFO][seed42] Set up logging
[2024-05-17T09:29:54.377714][INFO][seed29] args: -m;1000;-o;/mnt/beegfs/rcabanas/dev/credici/papers/causal_flavour/learntmodels/miter1000;--data;/mnt/beegfs/rcabanas/dev/credici/papers/causal_flavour/data/simple_learner_4Q_data.csv;-rw;-s;29;/mnt/beegfs/rcabanas/dev/credici/papers/causal_flavour/models/simple_learner_4Q.uai
[2024-05-17T09:29:54.374922][INFO][seed46] Set up logging
[2024-05-17T09:29:54.384592][INFO][seed36] Starting logger with seed 36
[2024-05-17T09:29:54.384503][INFO][seed37] args: -m;1000;-o;/mnt/beegfs/rcabanas/dev/credici/papers/causal_flavour/learntmodels/miter1000;--data;/mnt/beegfs/rcabanas/dev/credici/papers/causal_flavour/data/simple_learner_4Q_data.csv;-rw;-s;37;/mnt/beegfs/rcabanas/dev/credici/papers/causal_flavour/models/simple_learner_4Q.uai
[2024-05-17T09:29:54.391084][INFO][seed37] Starting logger with seed 37
[2024-05-17T09:29:54.379996][INFO][seed47] Starting logger with seed 47
[2024-05-17T09:29:54.393340][INFO][seed42] args: -m;1000;-o;/mnt/beegfs/rcabanas/dev/credici/papers/causal_flavour/learntmodels/miter1000;--data;/mnt/beegfs/rcabanas/dev/credici/papers/causal_flavour/data/simple_learner_4Q_data.csv;-rw;-s;42;/mnt/beegfs/rcabanas/dev/credici/papers/causal_flavour/models/simple_learner_4Q.uai
[2024-05-17T09:29:54.382330][INFO][seed29] Starting logger with seed 29
[2024-05-17T09:29:54.395050][INFO][seed10] Set up logging
[2024-05-17T09:29:54.415868][INFO][seed10] args: -m;1000;-o;/mnt/beegfs/rcabanas/dev/credici/papers/causal_flavour/learntmodels/miter1000;--data;/mnt/beegfs/rcabanas/dev/credici/papers/causal_flavour/data/simple_learner_4Q_data.csv;-rw;-s;10;/mnt/beegfs/rcabanas/dev/credici/papers/causal_flavour/models/simple_learner_4Q.uai
[2024-05-17T09:29:54.418667][INFO][seed10] Starting logger with seed 10
[2024-05-17T09:29:54.401613][INFO][seed46] args: -m;1000;-o;/mnt/beegfs/rcabanas/dev/credici/papers/causal_flavour/learntmodels/miter1000;--data;/mnt/beegfs/rcabanas/dev/credici/papers/causal_flavour/data/simple_learner_4Q_data.csv;-rw;-s;46;/mnt/beegfs/rcabanas/dev/credici/papers/causal_flavour/models/simple_learner_4Q.uai
[2024-05-17T09:29:54.417899][INFO][seed1] Loaded model and info: /mnt/beegfs/rcabanas/dev/credici/papers/causal_flavour/models/simple_learner_4Q.uai
[2024-05-17T09:29:54.400820][INFO][seed49] Set up logging
[2024-05-17T09:29:54.406140][INFO][seed42] Starting logger with seed 42
[2024-05-17T09:29:54.408425][INFO][seed5] Set up logging
[2024-05-17T09:29:54.408710][INFO][seed18] Set up logging
[2024-05-17T09:29:54.412676][INFO][seed4] Set up logging
[2024-05-17T09:29:54.441201][INFO][seed23] Loaded 100 data instances
[2024-05-17T09:29:54.423053][INFO][seed27] Set up logging
[2024-05-17T09:29:54.413481][INFO][seed46] Starting logger with seed 46
[2024-05-17T09:29:54.427126][INFO][seed49] args: -m;1000;-o;/mnt/beegfs/rcabanas/dev/credici/papers/causal_flavour/learntmodels/miter1000;--data;/mnt/beegfs/rcabanas/dev/credici/papers/causal_flavour/data/simple_learner_4Q_data.csv;-rw;-s;49;/mnt/beegfs/rcabanas/dev/credici/papers/causal_flavour/models/simple_learner_4Q.uai
[2024-05-17T09:29:54.461309][INFO][seed1] Loaded 100 data instances
[2024-05-17T09:29:54.435542][INFO][seed5] args: -m;1000;-o;/mnt/beegfs/rcabanas/dev/credici/papers/causal_flavour/learntmodels/miter1000;--data;/mnt/beegfs/rcabanas/dev/credici/papers/causal_flavour/data/simple_learner_4Q_data.csv;-rw;-s;5;/mnt/beegfs/rcabanas/dev/credici/papers/causal_flavour/models/simple_learner_4Q.uai
[2024-05-17T09:29:54.436196][INFO][seed18] args: -m;1000;-o;/mnt/beegfs/rcabanas/dev/credici/papers/causal_flavour/learntmodels/miter1000;--data;/mnt/beegfs/rcabanas/dev/credici/papers/causal_flavour/data/simple_learner_4Q_data.csv;-rw;-s;18;/mnt/beegfs/rcabanas/dev/credici/papers/causal_flavour/models/simple_learner_4Q.uai
[2024-05-17T09:29:54.439455][INFO][seed4] args: -m;1000;-o;/mnt/beegfs/rcabanas/dev/credici/papers/causal_flavour/learntmodels/miter1000;--data;/mnt/beegfs/rcabanas/dev/credici/papers/causal_flavour/data/simple_learner_4Q_data.csv;-rw;-s;4;/mnt/beegfs/rcabanas/dev/credici/papers/causal_flavour/models/simple_learner_4Q.uai
[2024-05-17T09:29:54.448303][INFO][seed32] Set up logging
[2024-05-17T09:29:54.441844][INFO][seed23] Starting learning up to 1000 iterations
[2024-05-17T09:29:54.450756][INFO][seed27] args: -m;1000;-o;/mnt/beegfs/rcabanas/dev/credici/papers/causal_flavour/learntmodels/miter1000;--data;/mnt/beegfs/rcabanas/dev/credici/papers/causal_flavour/data/simple_learner_4Q_data.csv;-rw;-s;27;/mnt/beegfs/rcabanas/dev/credici/papers/causal_flavour/models/simple_learner_4Q.uai
[2024-05-17T09:29:54.438685][INFO][seed49] Starting logger with seed 49
[2024-05-17T09:29:54.461777][INFO][seed1] Starting learning up to 1000 iterations
[2024-05-17T09:29:54.469726][INFO][seed8] Set up logging
[2024-05-17T09:29:54.442833][INFO][seed5] Starting logger with seed 5
[2024-05-17T09:29:54.442998][INFO][seed18] Starting logger with seed 18
[2024-05-17T09:29:54.459487][INFO][seed22] Set up logging
[2024-05-17T09:29:54.460368][INFO][seed4] Starting logger with seed 4
[2024-05-17T09:29:54.469840][INFO][seed32] args: -m;1000;-o;/mnt/beegfs/rcabanas/dev/credici/papers/causal_flavour/learntmodels/miter1000;--data;/mnt/beegfs/rcabanas/dev/credici/papers/causal_flavour/data/simple_learner_4Q_data.csv;-rw;-s;32;/mnt/beegfs/rcabanas/dev/credici/papers/causal_flavour/models/simple_learner_4Q.uai
[2024-05-17T09:29:54.476690][INFO][seed11] Set up logging
[2024-05-17T09:29:54.500763][INFO][seed38] Loaded model and info: /mnt/beegfs/rcabanas/dev/credici/papers/causal_flavour/models/simple_learner_4Q.uai
[2024-05-17T09:29:54.461253][INFO][seed27] Starting logger with seed 27
[2024-05-17T09:29:54.485805][INFO][seed8] args: -m;1000;-o;/mnt/beegfs/rcabanas/dev/credici/papers/causal_flavour/learntmodels/miter1000;--data;/mnt/beegfs/rcabanas/dev/credici/papers/causal_flavour/data/simple_learner_4Q_data.csv;-rw;-s;8;/mnt/beegfs/rcabanas/dev/credici/papers/causal_flavour/models/simple_learner_4Q.uai
[2024-05-17T09:29:54.489898][INFO][seed22] args: -m;1000;-o;/mnt/beegfs/rcabanas/dev/credici/papers/causal_flavour/learntmodels/miter1000;--data;/mnt/beegfs/rcabanas/dev/credici/papers/causal_flavour/data/simple_learner_4Q_data.csv;-rw;-s;22;/mnt/beegfs/rcabanas/dev/credici/papers/causal_flavour/models/simple_learner_4Q.uai
[2024-05-17T09:29:54.483935][INFO][seed7] Set up logging
[2024-05-17T09:29:54.489228][INFO][seed32] Starting logger with seed 32
[2024-05-17T09:29:54.500663][INFO][seed11] args: -m;1000;-o;/mnt/beegfs/rcabanas/dev/credici/papers/causal_flavour/learntmodels/miter1000;--data;/mnt/beegfs/rcabanas/dev/credici/papers/causal_flavour/data/simple_learner_4Q_data.csv;-rw;-s;11;/mnt/beegfs/rcabanas/dev/credici/papers/causal_flavour/models/simple_learner_4Q.uai
[2024-05-17T09:29:54.492280][INFO][seed8] Starting logger with seed 8
[2024-05-17T09:29:54.494966][INFO][seed22] Starting logger with seed 22
[2024-05-17T09:29:54.510068][INFO][seed7] args: -m;1000;-o;/mnt/beegfs/rcabanas/dev/credici/papers/causal_flavour/learntmodels/miter1000;--data;/mnt/beegfs/rcabanas/dev/credici/papers/causal_flavour/data/simple_learner_4Q_data.csv;-rw;-s;7;/mnt/beegfs/rcabanas/dev/credici/papers/causal_flavour/models/simple_learner_4Q.uai
[2024-05-17T09:29:54.503497][INFO][seed9] Set up logging
[2024-05-17T09:29:54.530080][INFO][seed9] args: -m;1000;-o;/mnt/beegfs/rcabanas/dev/credici/papers/causal_flavour/learntmodels/miter1000;--data;/mnt/beegfs/rcabanas/dev/credici/papers/causal_flavour/data/simple_learner_4Q_data.csv;-rw;-s;9;/mnt/beegfs/rcabanas/dev/credici/papers/causal_flavour/models/simple_learner_4Q.uai
[2024-05-17T09:29:54.509161][INFO][seed11] Starting logger with seed 11
[2024-05-17T09:29:54.523652][INFO][seed7] Starting logger with seed 7
[2024-05-17T09:29:54.537585][INFO][seed31] Loaded model and info: /mnt/beegfs/rcabanas/dev/credici/papers/causal_flavour/models/simple_learner_4Q.uai
[2024-05-17T09:29:54.539343][INFO][seed9] Starting logger with seed 9
[2024-05-17T09:29:54.554977][INFO][seed38] Loaded 100 data instances
[2024-05-17T09:29:54.555472][INFO][seed38] Starting learning up to 1000 iterations
[2024-05-17T09:29:54.563963][INFO][seed28] Loaded model and info: /mnt/beegfs/rcabanas/dev/credici/papers/causal_flavour/models/simple_learner_4Q.uai
[2024-05-17T09:29:54.576406][INFO][seed31] Loaded 100 data instances
[2024-05-17T09:29:54.578926][INFO][seed31] Starting learning up to 1000 iterations
[2024-05-17T09:29:54.593268][INFO][seed17] Loaded model and info: /mnt/beegfs/rcabanas/dev/credici/papers/causal_flavour/models/simple_learner_4Q.uai
[2024-05-17T09:29:54.594491][INFO][seed6] Loaded model and info: /mnt/beegfs/rcabanas/dev/credici/papers/causal_flavour/models/simple_learner_4Q.uai
[2024-05-17T09:29:54.611944][INFO][seed28] Loaded 100 data instances
[2024-05-17T09:29:54.612452][INFO][seed28] Starting learning up to 1000 iterations
[2024-05-17T09:29:54.613665][INFO][seed26] Loaded model and info: /mnt/beegfs/rcabanas/dev/credici/papers/causal_flavour/models/simple_learner_4Q.uai
[2024-05-17T09:29:54.623329][INFO][seed33] Loaded model and info: /mnt/beegfs/rcabanas/dev/credici/papers/causal_flavour/models/simple_learner_4Q.uai
[2024-05-17T09:29:54.650372][INFO][seed17] Loaded 100 data instances
[2024-05-17T09:29:54.651181][INFO][seed6] Loaded 100 data instances
[2024-05-17T09:29:54.650866][INFO][seed17] Starting learning up to 1000 iterations
[2024-05-17T09:29:54.659091][INFO][seed24] Loaded model and info: /mnt/beegfs/rcabanas/dev/credici/papers/causal_flavour/models/simple_learner_4Q.uai
[2024-05-17T09:29:54.651673][INFO][seed6] Starting learning up to 1000 iterations
[2024-05-17T09:29:54.664284][INFO][seed26] Loaded 100 data instances
[2024-05-17T09:29:54.664761][INFO][seed26] Starting learning up to 1000 iterations
[2024-05-17T09:29:54.679084][INFO][seed33] Loaded 100 data instances
[2024-05-17T09:29:54.679573][INFO][seed33] Starting learning up to 1000 iterations
[2024-05-17T09:29:54.691798][INFO][seed30] Loaded model and info: /mnt/beegfs/rcabanas/dev/credici/papers/causal_flavour/models/simple_learner_4Q.uai
[2024-05-17T09:29:54.718772][INFO][seed24] Loaded 100 data instances
[2024-05-17T09:29:54.719275][INFO][seed24] Starting learning up to 1000 iterations
[2024-05-17T09:29:54.744565][INFO][seed16] Loaded model and info: /mnt/beegfs/rcabanas/dev/credici/papers/causal_flavour/models/simple_learner_4Q.uai
[2024-05-17T09:29:54.748826][INFO][seed30] Loaded 100 data instances
[2024-05-17T09:29:54.749327][INFO][seed30] Starting learning up to 1000 iterations
[2024-05-17T09:29:54.789436][INFO][seed16] Loaded 100 data instances
[2024-05-17T09:29:54.789931][INFO][seed16] Starting learning up to 1000 iterations
[2024-05-17T09:29:54.972152][INFO][seed48] Loaded model and info: /mnt/beegfs/rcabanas/dev/credici/papers/causal_flavour/models/simple_learner_4Q.uai
[2024-05-17T09:29:54.974836][INFO][seed35] Loaded model and info: /mnt/beegfs/rcabanas/dev/credici/papers/causal_flavour/models/simple_learner_4Q.uai
[2024-05-17T09:29:55.016733][INFO][seed48] Loaded 100 data instances
[2024-05-17T09:29:55.017391][INFO][seed48] Starting learning up to 1000 iterations
[2024-05-17T09:29:55.021857][INFO][seed35] Loaded 100 data instances
[2024-05-17T09:29:55.023644][INFO][seed35] Starting learning up to 1000 iterations
[2024-05-17T09:29:55.048294][INFO][seed19] Loaded model and info: /mnt/beegfs/rcabanas/dev/credici/papers/causal_flavour/models/simple_learner_4Q.uai
[2024-05-17T09:29:55.053890][INFO][seed20] Loaded model and info: /mnt/beegfs/rcabanas/dev/credici/papers/causal_flavour/models/simple_learner_4Q.uai
[2024-05-17T09:29:55.060501][INFO][seed14] Loaded model and info: /mnt/beegfs/rcabanas/dev/credici/papers/causal_flavour/models/simple_learner_4Q.uai
[2024-05-17T09:29:55.061901][INFO][seed45] Loaded model and info: /mnt/beegfs/rcabanas/dev/credici/papers/causal_flavour/models/simple_learner_4Q.uai
[2024-05-17T09:29:55.079953][INFO][seed43] Loaded model and info: /mnt/beegfs/rcabanas/dev/credici/papers/causal_flavour/models/simple_learner_4Q.uai
[2024-05-17T09:29:55.083456][INFO][seed2] Loaded model and info: /mnt/beegfs/rcabanas/dev/credici/papers/causal_flavour/models/simple_learner_4Q.uai
[2024-05-17T09:29:55.089191][INFO][seed36] Loaded model and info: /mnt/beegfs/rcabanas/dev/credici/papers/causal_flavour/models/simple_learner_4Q.uai
[2024-05-17T09:29:55.093564][INFO][seed19] Loaded 100 data instances
[2024-05-17T09:29:55.095837][INFO][seed19] Starting learning up to 1000 iterations
[2024-05-17T09:29:55.101832][INFO][seed41] Loaded model and info: /mnt/beegfs/rcabanas/dev/credici/papers/causal_flavour/models/simple_learner_4Q.uai
[2024-05-17T09:29:55.102594][INFO][seed20] Loaded 100 data instances
[2024-05-17T09:29:55.103878][INFO][seed20] Starting learning up to 1000 iterations
[2024-05-17T09:29:55.106854][INFO][seed50] Loaded model and info: /mnt/beegfs/rcabanas/dev/credici/papers/causal_flavour/models/simple_learner_4Q.uai
[2024-05-17T09:29:55.107343][INFO][seed15] Loaded model and info: /mnt/beegfs/rcabanas/dev/credici/papers/causal_flavour/models/simple_learner_4Q.uai
[2024-05-17T09:29:55.107648][INFO][seed14] Loaded 100 data instances
[2024-05-17T09:29:55.108710][INFO][seed45] Loaded 100 data instances
[2024-05-17T09:29:55.108729][INFO][seed12] Loaded model and info: /mnt/beegfs/rcabanas/dev/credici/papers/causal_flavour/models/simple_learner_4Q.uai
[2024-05-17T09:29:55.109126][INFO][seed0] Loaded model and info: /mnt/beegfs/rcabanas/dev/credici/papers/causal_flavour/models/simple_learner_4Q.uai
[2024-05-17T09:29:55.109663][INFO][seed14] Starting learning up to 1000 iterations
[2024-05-17T09:29:55.111714][INFO][seed45] Starting learning up to 1000 iterations
[2024-05-17T09:29:55.120500][INFO][seed2] Loaded 100 data instances
[2024-05-17T09:29:55.121][INFO][seed2] Starting learning up to 1000 iterations
[2024-05-17T09:29:55.122203][INFO][seed10] Loaded model and info: /mnt/beegfs/rcabanas/dev/credici/papers/causal_flavour/models/simple_learner_4Q.uai
[2024-05-17T09:29:55.124788][INFO][seed43] Loaded 100 data instances
[2024-05-17T09:29:55.126030][INFO][seed43] Starting learning up to 1000 iterations
[2024-05-17T09:29:55.125899][INFO][seed36] Loaded 100 data instances
[2024-05-17T09:29:55.126667][INFO][seed25] Loaded model and info: /mnt/beegfs/rcabanas/dev/credici/papers/causal_flavour/models/simple_learner_4Q.uai
[2024-05-17T09:29:55.131570][INFO][seed37] Loaded model and info: /mnt/beegfs/rcabanas/dev/credici/papers/causal_flavour/models/simple_learner_4Q.uai
[2024-05-17T09:29:55.128956][INFO][seed36] Starting learning up to 1000 iterations
[2024-05-17T09:29:55.139370][INFO][seed21] Loaded model and info: /mnt/beegfs/rcabanas/dev/credici/papers/causal_flavour/models/simple_learner_4Q.uai
[2024-05-17T09:29:55.141970][INFO][seed29] Loaded model and info: /mnt/beegfs/rcabanas/dev/credici/papers/causal_flavour/models/simple_learner_4Q.uai
[2024-05-17T09:29:55.141589][INFO][seed5] Loaded model and info: /mnt/beegfs/rcabanas/dev/credici/papers/causal_flavour/models/simple_learner_4Q.uai
[2024-05-17T09:29:55.143279][INFO][seed41] Loaded 100 data instances
[2024-05-17T09:29:55.145424][INFO][seed41] Starting learning up to 1000 iterations
[2024-05-17T09:29:55.147431][INFO][seed15] Loaded 100 data instances
[2024-05-17T09:29:55.149060][INFO][seed18] Loaded model and info: /mnt/beegfs/rcabanas/dev/credici/papers/causal_flavour/models/simple_learner_4Q.uai
[2024-05-17T09:29:55.149666][INFO][seed50] Loaded 100 data instances
[2024-05-17T09:29:55.150086][INFO][seed15] Starting learning up to 1000 iterations
[2024-05-17T09:29:55.151686][INFO][seed12] Loaded 100 data instances
[2024-05-17T09:29:55.153197][INFO][seed50] Starting learning up to 1000 iterations
[2024-05-17T09:29:55.154457][INFO][seed12] Starting learning up to 1000 iterations
[2024-05-17T09:29:55.155018][INFO][seed0] Loaded 100 data instances
[2024-05-17T09:29:55.155333][INFO][seed47] Loaded model and info: /mnt/beegfs/rcabanas/dev/credici/papers/causal_flavour/models/simple_learner_4Q.uai
[2024-05-17T09:29:55.155767][INFO][seed49] Loaded model and info: /mnt/beegfs/rcabanas/dev/credici/papers/causal_flavour/models/simple_learner_4Q.uai
[2024-05-17T09:29:55.158756][INFO][seed0] Starting learning up to 1000 iterations
[2024-05-17T09:29:55.160906][INFO][seed42] Loaded model and info: /mnt/beegfs/rcabanas/dev/credici/papers/causal_flavour/models/simple_learner_4Q.uai
[2024-05-17T09:29:55.163370][INFO][seed10] Loaded 100 data instances
[2024-05-17T09:29:55.164271][INFO][seed10] Starting learning up to 1000 iterations
[2024-05-17T09:29:55.166355][INFO][seed25] Loaded 100 data instances
[2024-05-17T09:29:55.168690][INFO][seed37] Loaded 100 data instances
[2024-05-17T09:29:55.169305][INFO][seed25] Starting learning up to 1000 iterations
[2024-05-17T09:29:55.171108][INFO][seed37] Starting learning up to 1000 iterations
[2024-05-17T09:29:55.176393][INFO][seed7] Loaded model and info: /mnt/beegfs/rcabanas/dev/credici/papers/causal_flavour/models/simple_learner_4Q.uai
[2024-05-17T09:29:55.176515][INFO][seed21] Loaded 100 data instances
[2024-05-17T09:29:55.176648][INFO][seed4] Loaded model and info: /mnt/beegfs/rcabanas/dev/credici/papers/causal_flavour/models/simple_learner_4Q.uai
[2024-05-17T09:29:55.179285][INFO][seed21] Starting learning up to 1000 iterations
[2024-05-17T09:29:55.179649][INFO][seed46] Loaded model and info: /mnt/beegfs/rcabanas/dev/credici/papers/causal_flavour/models/simple_learner_4Q.uai
[2024-05-17T09:29:55.180278][INFO][seed22] Loaded model and info: /mnt/beegfs/rcabanas/dev/credici/papers/causal_flavour/models/simple_learner_4Q.uai
[2024-05-17T09:29:55.181601][INFO][seed29] Loaded 100 data instances
[2024-05-17T09:29:55.182086][INFO][seed11] Loaded model and info: /mnt/beegfs/rcabanas/dev/credici/papers/causal_flavour/models/simple_learner_4Q.uai
[2024-05-17T09:29:55.182537][INFO][seed29] Starting learning up to 1000 iterations
[2024-05-17T09:29:55.183662][INFO][seed5] Loaded 100 data instances
[2024-05-17T09:29:55.185530][INFO][seed5] Starting learning up to 1000 iterations
[2024-05-17T09:29:55.187433][INFO][seed8] Loaded model and info: /mnt/beegfs/rcabanas/dev/credici/papers/causal_flavour/models/simple_learner_4Q.uai
[2024-05-17T09:29:55.188845][INFO][seed27] Loaded model and info: /mnt/beegfs/rcabanas/dev/credici/papers/causal_flavour/models/simple_learner_4Q.uai
[2024-05-17T09:29:55.191041][INFO][seed18] Loaded 100 data instances
[2024-05-17T09:29:55.193782][INFO][seed49] Loaded 100 data instances
[2024-05-17T09:29:55.193922][INFO][seed18] Starting learning up to 1000 iterations
[2024-05-17T09:29:55.194745][INFO][seed47] Loaded 100 data instances
[2024-05-17T09:29:55.195521][INFO][seed32] Loaded model and info: /mnt/beegfs/rcabanas/dev/credici/papers/causal_flavour/models/simple_learner_4Q.uai
[2024-05-17T09:29:55.197850][INFO][seed47] Starting learning up to 1000 iterations
[2024-05-17T09:29:55.197857][INFO][seed9] Loaded model and info: /mnt/beegfs/rcabanas/dev/credici/papers/causal_flavour/models/simple_learner_4Q.uai
[2024-05-17T09:29:55.197931][INFO][seed49] Starting learning up to 1000 iterations
[2024-05-17T09:29:55.211203][INFO][seed42] Loaded 100 data instances
[2024-05-17T09:29:55.211792][INFO][seed42] Starting learning up to 1000 iterations
[2024-05-17T09:29:55.214465][INFO][seed4] Loaded 100 data instances
[2024-05-17T09:29:55.217126][INFO][seed4] Starting learning up to 1000 iterations
[2024-05-17T09:29:55.220009][INFO][seed7] Loaded 100 data instances
[2024-05-17T09:29:55.220724][INFO][seed7] Starting learning up to 1000 iterations
[2024-05-17T09:29:55.223338][INFO][seed22] Loaded 100 data instances
[2024-05-17T09:29:55.225384][INFO][seed46] Loaded 100 data instances
[2024-05-17T09:29:55.225348][INFO][seed11] Loaded 100 data instances
[2024-05-17T09:29:55.225578][INFO][seed22] Starting learning up to 1000 iterations
[2024-05-17T09:29:55.226100][INFO][seed46] Starting learning up to 1000 iterations
[2024-05-17T09:29:55.226876][INFO][seed27] Loaded 100 data instances
[2024-05-17T09:29:55.227827][INFO][seed8] Loaded 100 data instances
[2024-05-17T09:29:55.228516][INFO][seed11] Starting learning up to 1000 iterations
[2024-05-17T09:29:55.229966][INFO][seed27] Starting learning up to 1000 iterations
[2024-05-17T09:29:55.230365][INFO][seed8] Starting learning up to 1000 iterations
[2024-05-17T09:29:55.232433][INFO][seed32] Loaded 100 data instances
[2024-05-17T09:29:55.234112][INFO][seed9] Loaded 100 data instances
[2024-05-17T09:29:55.235793][INFO][seed32] Starting learning up to 1000 iterations
[2024-05-17T09:29:55.238005][INFO][seed9] Starting learning up to 1000 iterations
slurmstepd: error: *** JOB 89981 ON nodo08 CANCELLED AT 2024-05-17T11:31:00 ***
