150
1000
['learn.py', '1000', '156']
['learn.py', '1000', '162']
['learn.py', '1000', '172']
['learn.py', '1000', '194']
['learn.py', '1000', '171']
['learn.py', '1000', '170']
seed=156
/mnt/beegfs/rcabanas/dev/credici
seed=162
seed=194
seed=172
/mnt/beegfs/rcabanas/dev/credici
/mnt/beegfs/rcabanas/dev/credici/papers/causal_flavour
seed=170
seed=171
/mnt/beegfs/rcabanas/dev/credici
/mnt/beegfs/rcabanas/dev/credici
/mnt/beegfs/rcabanas/dev/credici/papers/causal_flavour
/mnt/beegfs/rcabanas/dev/credici/papers/causal_flavour/learntmodels
/mnt/beegfs/rcabanas/dev/credici/papers/causal_flavour/models
/mnt/beegfs/rcabanas/dev/credici/target/credici-0.1.5-dev-SNAPSHOT-jar-with-dependencies.jar
/mnt/beegfs/rcabanas/dev/credici/papers/causal_flavour/learntmodels
/mnt/beegfs/rcabanas/dev/credici/papers/causal_flavour/models
/mnt/beegfs/rcabanas/dev/credici/target/credici-0.1.5-dev-SNAPSHOT-jar-with-dependencies.jar
/mnt/beegfs/rcabanas/dev/credici
/mnt/beegfs/rcabanas/dev/credici
/mnt/beegfs/rcabanas/dev/credici/papers/causal_flavour
/mnt/beegfs/rcabanas/dev/credici/papers/causal_flavour
/mnt/beegfs/rcabanas/dev/credici/papers/causal_flavour/learntmodels
/mnt/beegfs/rcabanas/dev/credici/papers/causal_flavour/code/LearnCF.java
['learn.py', '1000', '186']
['learn.py', '1000', '175']
/mnt/beegfs/rcabanas/dev/credici/papers/causal_flavour/code/LearnCF.java
/mnt/beegfs/rcabanas/dev/credici/papers/causal_flavour
['learn.py', '1000', '197']
['learn.py', '1000', '163']
/mnt/beegfs/rcabanas/dev/credici/papers/causal_flavour
/mnt/beegfs/rcabanas/dev/credici/papers/causal_flavour/learntmodels
['learn.py', '1000', '177']
['learn.py', '1000', '150']
/mnt/beegfs/rcabanas/dev/credici/papers/causal_flavour/models
/mnt/beegfs/rcabanas/dev/credici/papers/causal_flavour/learntmodels
/mnt/beegfs/rcabanas/dev/credici/papers/causal_flavour/models
/mnt/beegfs/rcabanas/dev/credici/papers/causal_flavour/learntmodels
/mnt/beegfs/rcabanas/dev/credici/papers/causal_flavour/models
/mnt/beegfs/rcabanas/dev/credici/target/credici-0.1.5-dev-SNAPSHOT-jar-with-dependencies.jar
/mnt/beegfs/rcabanas/dev/credici/target/credici-0.1.5-dev-SNAPSHOT-jar-with-dependencies.jar
/mnt/beegfs/rcabanas/dev/credici/papers/causal_flavour/code/LearnCF.java
/mnt/beegfs/rcabanas/dev/credici/target/credici-0.1.5-dev-SNAPSHOT-jar-with-dependencies.jar
/mnt/beegfs/rcabanas/dev/credici/papers/causal_flavour/code/LearnCF.java
/mnt/beegfs/rcabanas/dev/credici/papers/causal_flavour/models
['learn.py', '1000', '155']
['learn.py', '1000', '200']
/mnt/beegfs/rcabanas/dev/credici/papers/causal_flavour/code/LearnCF.java
/mnt/beegfs/rcabanas/dev/credici/target/credici-0.1.5-dev-SNAPSHOT-jar-with-dependencies.jar
['learn.py', '1000', '160']
['learn.py', '1000', '158']
['learn.py', '1000', '193']
/mnt/beegfs/rcabanas/dev/credici/papers/causal_flavour/code/LearnCF.java
['learn.py', '1000', '179']
['learn.py', '1000', '176']
['learn.py', '1000', '157']
seed=175
seed=186
/mnt/beegfs/rcabanas/dev/credici
/mnt/beegfs/rcabanas/dev/credici
seed=197
seed=163
seed=177
seed=150
/mnt/beegfs/rcabanas/dev/credici/papers/causal_flavour
/mnt/beegfs/rcabanas/dev/credici/papers/causal_flavour
/mnt/beegfs/rcabanas/dev/credici/papers/causal_flavour/learntmodels
['learn.py', '1000', '189']
/mnt/beegfs/rcabanas/dev/credici
/mnt/beegfs/rcabanas/dev/credici
/mnt/beegfs/rcabanas/dev/credici
/mnt/beegfs/rcabanas/dev/credici
/mnt/beegfs/rcabanas/dev/credici/papers/causal_flavour
/mnt/beegfs/rcabanas/dev/credici/papers/causal_flavour/learntmodels
/mnt/beegfs/rcabanas/dev/credici/papers/causal_flavour/learntmodels
/mnt/beegfs/rcabanas/dev/credici/papers/causal_flavour/models
/mnt/beegfs/rcabanas/dev/credici/papers/causal_flavour
/mnt/beegfs/rcabanas/dev/credici/papers/causal_flavour
/mnt/beegfs/rcabanas/dev/credici/papers/causal_flavour/learntmodels
/mnt/beegfs/rcabanas/dev/credici/papers/causal_flavour/models
/mnt/beegfs/rcabanas/dev/credici/papers/causal_flavour
/mnt/beegfs/rcabanas/dev/credici/papers/causal_flavour/learntmodels
seed=155
seed=200
/mnt/beegfs/rcabanas/dev/credici/papers/causal_flavour/models
/mnt/beegfs/rcabanas/dev/credici/target/credici-0.1.5-dev-SNAPSHOT-jar-with-dependencies.jar
/mnt/beegfs/rcabanas/dev/credici/papers/causal_flavour/models
/mnt/beegfs/rcabanas/dev/credici/target/credici-0.1.5-dev-SNAPSHOT-jar-with-dependencies.jar
/mnt/beegfs/rcabanas/dev/credici/papers/causal_flavour/learntmodels
/mnt/beegfs/rcabanas/dev/credici/target/credici-0.1.5-dev-SNAPSHOT-jar-with-dependencies.jar
/mnt/beegfs/rcabanas/dev/credici/papers/causal_flavour/code/LearnCF.java
seed=160
/mnt/beegfs/rcabanas/dev/credici
/mnt/beegfs/rcabanas/dev/credici/papers/causal_flavour
/mnt/beegfs/rcabanas/dev/credici/papers/causal_flavour/learntmodels
/mnt/beegfs/rcabanas/dev/credici/papers/causal_flavour/models
seed=158
seed=193
/mnt/beegfs/rcabanas/dev/credici
/mnt/beegfs/rcabanas/dev/credici/papers/causal_flavour/models
/mnt/beegfs/rcabanas/dev/credici/target/credici-0.1.5-dev-SNAPSHOT-jar-with-dependencies.jar
seed=179
/mnt/beegfs/rcabanas/dev/credici
/mnt/beegfs/rcabanas/dev/credici
seed=176
/mnt/beegfs/rcabanas/dev/credici
seed=157
/mnt/beegfs/rcabanas/dev/credici/papers/causal_flavour/code/LearnCF.java
/mnt/beegfs/rcabanas/dev/credici/target/credici-0.1.5-dev-SNAPSHOT-jar-with-dependencies.jar
['learn.py', '1000', '191']
/mnt/beegfs/rcabanas/dev/credici/papers/causal_flavour/code/LearnCF.java
/mnt/beegfs/rcabanas/dev/credici/papers/causal_flavour/models
/mnt/beegfs/rcabanas/dev/credici/target/credici-0.1.5-dev-SNAPSHOT-jar-with-dependencies.jar
/mnt/beegfs/rcabanas/dev/credici
seed=189
/mnt/beegfs/rcabanas/dev/credici/papers/causal_flavour
/mnt/beegfs/rcabanas/dev/credici/papers/causal_flavour/code/LearnCF.java
/mnt/beegfs/rcabanas/dev/credici
/mnt/beegfs/rcabanas/dev/credici/papers/causal_flavour
/mnt/beegfs/rcabanas/dev/credici/papers/causal_flavour
/mnt/beegfs/rcabanas/dev/credici/papers/causal_flavour
/mnt/beegfs/rcabanas/dev/credici
/mnt/beegfs/rcabanas/dev/credici/papers/causal_flavour/code/LearnCF.java
/mnt/beegfs/rcabanas/dev/credici/target/credici-0.1.5-dev-SNAPSHOT-jar-with-dependencies.jar
/mnt/beegfs/rcabanas/dev/credici/papers/causal_flavour/code/LearnCF.java
/mnt/beegfs/rcabanas/dev/credici/papers/causal_flavour
/mnt/beegfs/rcabanas/dev/credici
/mnt/beegfs/rcabanas/dev/credici/papers/causal_flavour/learntmodels
/mnt/beegfs/rcabanas/dev/credici/papers/causal_flavour
/mnt/beegfs/rcabanas/dev/credici/papers/causal_flavour/learntmodels
/mnt/beegfs/rcabanas/dev/credici/papers/causal_flavour/learntmodels
/mnt/beegfs/rcabanas/dev/credici/papers/causal_flavour/models
/mnt/beegfs/rcabanas/dev/credici/papers/causal_flavour/learntmodels
/mnt/beegfs/rcabanas/dev/credici/papers/causal_flavour
seed=191
/mnt/beegfs/rcabanas/dev/credici/papers/causal_flavour/code/LearnCF.java
/mnt/beegfs/rcabanas/dev/credici/papers/causal_flavour/learntmodels
/mnt/beegfs/rcabanas/dev/credici/papers/causal_flavour
/mnt/beegfs/rcabanas/dev/credici/papers/causal_flavour/models
/mnt/beegfs/rcabanas/dev/credici/papers/causal_flavour/learntmodels
/mnt/beegfs/rcabanas/dev/credici/papers/causal_flavour/models
/mnt/beegfs/rcabanas/dev/credici/target/credici-0.1.5-dev-SNAPSHOT-jar-with-dependencies.jar
/mnt/beegfs/rcabanas/dev/credici/papers/causal_flavour/models
/mnt/beegfs/rcabanas/dev/credici/papers/causal_flavour/learntmodels
/mnt/beegfs/rcabanas/dev/credici
/mnt/beegfs/rcabanas/dev/credici/papers/causal_flavour/models
/mnt/beegfs/rcabanas/dev/credici/papers/causal_flavour/learntmodels
/mnt/beegfs/rcabanas/dev/credici/target/credici-0.1.5-dev-SNAPSHOT-jar-with-dependencies.jar
/mnt/beegfs/rcabanas/dev/credici/papers/causal_flavour/models
/mnt/beegfs/rcabanas/dev/credici/target/credici-0.1.5-dev-SNAPSHOT-jar-with-dependencies.jar
/mnt/beegfs/rcabanas/dev/credici/papers/causal_flavour/code/LearnCF.java
/mnt/beegfs/rcabanas/dev/credici/target/credici-0.1.5-dev-SNAPSHOT-jar-with-dependencies.jar
/mnt/beegfs/rcabanas/dev/credici/papers/causal_flavour/models
/mnt/beegfs/rcabanas/dev/credici/papers/causal_flavour
/mnt/beegfs/rcabanas/dev/credici/target/credici-0.1.5-dev-SNAPSHOT-jar-with-dependencies.jar
/mnt/beegfs/rcabanas/dev/credici/papers/causal_flavour/models
/mnt/beegfs/rcabanas/dev/credici/papers/causal_flavour/code/LearnCF.java
/mnt/beegfs/rcabanas/dev/credici/target/credici-0.1.5-dev-SNAPSHOT-jar-with-dependencies.jar
/mnt/beegfs/rcabanas/dev/credici/papers/causal_flavour/code/LearnCF.java
/mnt/beegfs/rcabanas/dev/credici/papers/causal_flavour/code/LearnCF.java
/mnt/beegfs/rcabanas/dev/credici/target/credici-0.1.5-dev-SNAPSHOT-jar-with-dependencies.jar
/mnt/beegfs/rcabanas/dev/credici/papers/causal_flavour/learntmodels
/mnt/beegfs/rcabanas/dev/credici/papers/causal_flavour/models
/mnt/beegfs/rcabanas/dev/credici/papers/causal_flavour/code/LearnCF.java
/mnt/beegfs/rcabanas/dev/credici/target/credici-0.1.5-dev-SNAPSHOT-jar-with-dependencies.jar
/mnt/beegfs/rcabanas/dev/credici/papers/causal_flavour/code/LearnCF.java
/mnt/beegfs/rcabanas/dev/credici/papers/causal_flavour/code/LearnCF.java
/mnt/beegfs/rcabanas/dev/credici/target/credici-0.1.5-dev-SNAPSHOT-jar-with-dependencies.jar
/mnt/beegfs/rcabanas/dev/credici/papers/causal_flavour/code/LearnCF.java
/mnt/beegfs/rcabanas/dev/credici/papers/causal_flavour/code/LearnCF.java
['learn.py', '1000', '184']
['learn.py', '1000', '164']
['learn.py', '1000', '168']
seed=184
/mnt/beegfs/rcabanas/dev/credici
/mnt/beegfs/rcabanas/dev/credici/papers/causal_flavour
/mnt/beegfs/rcabanas/dev/credici/papers/causal_flavour/learntmodels
/mnt/beegfs/rcabanas/dev/credici/papers/causal_flavour/models
/mnt/beegfs/rcabanas/dev/credici/target/credici-0.1.5-dev-SNAPSHOT-jar-with-dependencies.jar
/mnt/beegfs/rcabanas/dev/credici/papers/causal_flavour/code/LearnCF.java
['learn.py', '1000', '198']
seed=164
/mnt/beegfs/rcabanas/dev/credici
/mnt/beegfs/rcabanas/dev/credici/papers/causal_flavour
/mnt/beegfs/rcabanas/dev/credici/papers/causal_flavour/learntmodels
/mnt/beegfs/rcabanas/dev/credici/papers/causal_flavour/models
/mnt/beegfs/rcabanas/dev/credici/target/credici-0.1.5-dev-SNAPSHOT-jar-with-dependencies.jar
/mnt/beegfs/rcabanas/dev/credici/papers/causal_flavour/code/LearnCF.java
seed=168
/mnt/beegfs/rcabanas/dev/credici
/mnt/beegfs/rcabanas/dev/credici/papers/causal_flavour
/mnt/beegfs/rcabanas/dev/credici/papers/causal_flavour/learntmodels
/mnt/beegfs/rcabanas/dev/credici/papers/causal_flavour/models
/mnt/beegfs/rcabanas/dev/credici/target/credici-0.1.5-dev-SNAPSHOT-jar-with-dependencies.jar
/mnt/beegfs/rcabanas/dev/credici/papers/causal_flavour/code/LearnCF.java
['learn.py', '1000', '167']
['learn.py', '1000', '152']
['learn.py', '1000', '196']
['learn.py', '1000', '192']
['learn.py', '1000', '159']
seed=198
/mnt/beegfs/rcabanas/dev/credici
/mnt/beegfs/rcabanas/dev/credici/papers/causal_flavour
/mnt/beegfs/rcabanas/dev/credici/papers/causal_flavour/learntmodels
/mnt/beegfs/rcabanas/dev/credici/papers/causal_flavour/models
/mnt/beegfs/rcabanas/dev/credici/target/credici-0.1.5-dev-SNAPSHOT-jar-with-dependencies.jar
/mnt/beegfs/rcabanas/dev/credici/papers/causal_flavour/code/LearnCF.java
['learn.py', '1000', '153']
['learn.py', '1000', '190']
['learn.py', '1000', '182']
seed=167
/mnt/beegfs/rcabanas/dev/credici
/mnt/beegfs/rcabanas/dev/credici/papers/causal_flavour
/mnt/beegfs/rcabanas/dev/credici/papers/causal_flavour/learntmodels
/mnt/beegfs/rcabanas/dev/credici/papers/causal_flavour/models
seed=152
/mnt/beegfs/rcabanas/dev/credici/target/credici-0.1.5-dev-SNAPSHOT-jar-with-dependencies.jar
/mnt/beegfs/rcabanas/dev/credici/papers/causal_flavour/code/LearnCF.java
/mnt/beegfs/rcabanas/dev/credici
seed=196
seed=192
/mnt/beegfs/rcabanas/dev/credici
/mnt/beegfs/rcabanas/dev/credici/papers/causal_flavour
/mnt/beegfs/rcabanas/dev/credici/papers/causal_flavour/learntmodels
/mnt/beegfs/rcabanas/dev/credici/papers/causal_flavour/models
/mnt/beegfs/rcabanas/dev/credici/target/credici-0.1.5-dev-SNAPSHOT-jar-with-dependencies.jar
/mnt/beegfs/rcabanas/dev/credici/papers/causal_flavour
/mnt/beegfs/rcabanas/dev/credici
seed=159
/mnt/beegfs/rcabanas/dev/credici
/mnt/beegfs/rcabanas/dev/credici/papers/causal_flavour
/mnt/beegfs/rcabanas/dev/credici/papers/causal_flavour/code/LearnCF.java
/mnt/beegfs/rcabanas/dev/credici/papers/causal_flavour/learntmodels
/mnt/beegfs/rcabanas/dev/credici/papers/causal_flavour
seed=153
/mnt/beegfs/rcabanas/dev/credici
/mnt/beegfs/rcabanas/dev/credici/papers/causal_flavour/learntmodels
/mnt/beegfs/rcabanas/dev/credici/papers/causal_flavour/models
/mnt/beegfs/rcabanas/dev/credici/target/credici-0.1.5-dev-SNAPSHOT-jar-with-dependencies.jar
/mnt/beegfs/rcabanas/dev/credici/papers/causal_flavour/code/LearnCF.java
/mnt/beegfs/rcabanas/dev/credici/papers/causal_flavour/models
/mnt/beegfs/rcabanas/dev/credici/target/credici-0.1.5-dev-SNAPSHOT-jar-with-dependencies.jar
seed=190
/mnt/beegfs/rcabanas/dev/credici
/mnt/beegfs/rcabanas/dev/credici/papers/causal_flavour
/mnt/beegfs/rcabanas/dev/credici/papers/causal_flavour/learntmodels
/mnt/beegfs/rcabanas/dev/credici/papers/causal_flavour
/mnt/beegfs/rcabanas/dev/credici/papers/causal_flavour/code/LearnCF.java
/mnt/beegfs/rcabanas/dev/credici/papers/causal_flavour/learntmodels
/mnt/beegfs/rcabanas/dev/credici/papers/causal_flavour/models
/mnt/beegfs/rcabanas/dev/credici/target/credici-0.1.5-dev-SNAPSHOT-jar-with-dependencies.jar
/mnt/beegfs/rcabanas/dev/credici/papers/causal_flavour/code/LearnCF.java
/mnt/beegfs/rcabanas/dev/credici/papers/causal_flavour/models
/mnt/beegfs/rcabanas/dev/credici/papers/causal_flavour/learntmodels
seed=182
/mnt/beegfs/rcabanas/dev/credici
/mnt/beegfs/rcabanas/dev/credici/target/credici-0.1.5-dev-SNAPSHOT-jar-with-dependencies.jar
/mnt/beegfs/rcabanas/dev/credici/papers/causal_flavour/models
/mnt/beegfs/rcabanas/dev/credici/papers/causal_flavour
/mnt/beegfs/rcabanas/dev/credici/papers/causal_flavour/code/LearnCF.java
/mnt/beegfs/rcabanas/dev/credici/target/credici-0.1.5-dev-SNAPSHOT-jar-with-dependencies.jar
/mnt/beegfs/rcabanas/dev/credici/papers/causal_flavour/learntmodels
/mnt/beegfs/rcabanas/dev/credici/papers/causal_flavour/models
/mnt/beegfs/rcabanas/dev/credici/papers/causal_flavour/code/LearnCF.java
/mnt/beegfs/rcabanas/dev/credici/target/credici-0.1.5-dev-SNAPSHOT-jar-with-dependencies.jar
/mnt/beegfs/rcabanas/dev/credici/papers/causal_flavour/code/LearnCF.java
['learn.py', '1000', '178']
['learn.py', '1000', '185']
['learn.py', '1000', '154']
['learn.py', '1000', '161']
['learn.py', '1000', '180']
['learn.py', '1000', '187']
['learn.py', '1000', '165']
['learn.py', '1000', '151']
['learn.py', '1000', '174']
['learn.py', '1000', '169']
['learn.py', '1000', '166']
seed=178
/mnt/beegfs/rcabanas/dev/credici
/mnt/beegfs/rcabanas/dev/credici/papers/causal_flavour
/mnt/beegfs/rcabanas/dev/credici/papers/causal_flavour/learntmodels
['learn.py', '1000', '188']
['learn.py', '1000', '199']
['learn.py', '1000', '173']
/mnt/beegfs/rcabanas/dev/credici/papers/causal_flavour/models
/mnt/beegfs/rcabanas/dev/credici/target/credici-0.1.5-dev-SNAPSHOT-jar-with-dependencies.jar
/mnt/beegfs/rcabanas/dev/credici/papers/causal_flavour/code/LearnCF.java
seed=185
/mnt/beegfs/rcabanas/dev/credici
/mnt/beegfs/rcabanas/dev/credici/papers/causal_flavour
/mnt/beegfs/rcabanas/dev/credici/papers/causal_flavour/learntmodels
/mnt/beegfs/rcabanas/dev/credici/papers/causal_flavour/models
/mnt/beegfs/rcabanas/dev/credici/target/credici-0.1.5-dev-SNAPSHOT-jar-with-dependencies.jar
/mnt/beegfs/rcabanas/dev/credici/papers/causal_flavour/code/LearnCF.java
seed=154
/mnt/beegfs/rcabanas/dev/credici
/mnt/beegfs/rcabanas/dev/credici/papers/causal_flavour
/mnt/beegfs/rcabanas/dev/credici/papers/causal_flavour/learntmodels
/mnt/beegfs/rcabanas/dev/credici/papers/causal_flavour/models
/mnt/beegfs/rcabanas/dev/credici/target/credici-0.1.5-dev-SNAPSHOT-jar-with-dependencies.jar
/mnt/beegfs/rcabanas/dev/credici/papers/causal_flavour/code/LearnCF.java
seed=161
seed=180
seed=187
/mnt/beegfs/rcabanas/dev/credici
seed=165
/mnt/beegfs/rcabanas/dev/credici
/mnt/beegfs/rcabanas/dev/credici/papers/causal_flavour
/mnt/beegfs/rcabanas/dev/credici/papers/causal_flavour/learntmodels
/mnt/beegfs/rcabanas/dev/credici/papers/causal_flavour/models
/mnt/beegfs/rcabanas/dev/credici/target/credici-0.1.5-dev-SNAPSHOT-jar-with-dependencies.jar
/mnt/beegfs/rcabanas/dev/credici/papers/causal_flavour/code/LearnCF.java
/mnt/beegfs/rcabanas/dev/credici
/mnt/beegfs/rcabanas/dev/credici/papers/causal_flavour
/mnt/beegfs/rcabanas/dev/credici/papers/causal_flavour/learntmodels
/mnt/beegfs/rcabanas/dev/credici/papers/causal_flavour/models
/mnt/beegfs/rcabanas/dev/credici/target/credici-0.1.5-dev-SNAPSHOT-jar-with-dependencies.jar
/mnt/beegfs/rcabanas/dev/credici/papers/causal_flavour/code/LearnCF.java
/mnt/beegfs/rcabanas/dev/credici
/mnt/beegfs/rcabanas/dev/credici/papers/causal_flavour
/mnt/beegfs/rcabanas/dev/credici/papers/causal_flavour
/mnt/beegfs/rcabanas/dev/credici/papers/causal_flavour/learntmodels
seed=151
/mnt/beegfs/rcabanas/dev/credici
/mnt/beegfs/rcabanas/dev/credici/papers/causal_flavour
/mnt/beegfs/rcabanas/dev/credici/papers/causal_flavour/learntmodels
/mnt/beegfs/rcabanas/dev/credici/papers/causal_flavour/models
seed=174
seed=169
seed=166
/mnt/beegfs/rcabanas/dev/credici/papers/causal_flavour/learntmodels
seed=188
seed=199
/mnt/beegfs/rcabanas/dev/credici/papers/causal_flavour/models
seed=173
/mnt/beegfs/rcabanas/dev/credici/target/credici-0.1.5-dev-SNAPSHOT-jar-with-dependencies.jar
/mnt/beegfs/rcabanas/dev/credici
/mnt/beegfs/rcabanas/dev/credici
/mnt/beegfs/rcabanas/dev/credici
/mnt/beegfs/rcabanas/dev/credici/papers/causal_flavour/models
/mnt/beegfs/rcabanas/dev/credici
/mnt/beegfs/rcabanas/dev/credici
/mnt/beegfs/rcabanas/dev/credici/target/credici-0.1.5-dev-SNAPSHOT-jar-with-dependencies.jar
/mnt/beegfs/rcabanas/dev/credici
/mnt/beegfs/rcabanas/dev/credici/papers/causal_flavour/code/LearnCF.java
/mnt/beegfs/rcabanas/dev/credici/papers/causal_flavour
/mnt/beegfs/rcabanas/dev/credici/papers/causal_flavour
/mnt/beegfs/rcabanas/dev/credici/papers/causal_flavour
/mnt/beegfs/rcabanas/dev/credici/target/credici-0.1.5-dev-SNAPSHOT-jar-with-dependencies.jar
/mnt/beegfs/rcabanas/dev/credici/papers/causal_flavour
/mnt/beegfs/rcabanas/dev/credici/papers/causal_flavour
/mnt/beegfs/rcabanas/dev/credici/papers/causal_flavour/code/LearnCF.java
/mnt/beegfs/rcabanas/dev/credici/papers/causal_flavour
/mnt/beegfs/rcabanas/dev/credici/papers/causal_flavour/learntmodels
/mnt/beegfs/rcabanas/dev/credici/papers/causal_flavour/learntmodels
/mnt/beegfs/rcabanas/dev/credici/papers/causal_flavour/learntmodels
/mnt/beegfs/rcabanas/dev/credici/papers/causal_flavour/code/LearnCF.java
/mnt/beegfs/rcabanas/dev/credici/papers/causal_flavour/learntmodels
/mnt/beegfs/rcabanas/dev/credici/papers/causal_flavour/learntmodels
/mnt/beegfs/rcabanas/dev/credici/papers/causal_flavour/learntmodels
/mnt/beegfs/rcabanas/dev/credici/papers/causal_flavour/models
/mnt/beegfs/rcabanas/dev/credici/papers/causal_flavour/models
/mnt/beegfs/rcabanas/dev/credici/papers/causal_flavour/models
/mnt/beegfs/rcabanas/dev/credici/papers/causal_flavour/models
/mnt/beegfs/rcabanas/dev/credici/papers/causal_flavour/models
/mnt/beegfs/rcabanas/dev/credici/papers/causal_flavour/models
/mnt/beegfs/rcabanas/dev/credici/target/credici-0.1.5-dev-SNAPSHOT-jar-with-dependencies.jar
/mnt/beegfs/rcabanas/dev/credici/target/credici-0.1.5-dev-SNAPSHOT-jar-with-dependencies.jar
/mnt/beegfs/rcabanas/dev/credici/target/credici-0.1.5-dev-SNAPSHOT-jar-with-dependencies.jar
/mnt/beegfs/rcabanas/dev/credici/target/credici-0.1.5-dev-SNAPSHOT-jar-with-dependencies.jar
/mnt/beegfs/rcabanas/dev/credici/target/credici-0.1.5-dev-SNAPSHOT-jar-with-dependencies.jar
/mnt/beegfs/rcabanas/dev/credici/target/credici-0.1.5-dev-SNAPSHOT-jar-with-dependencies.jar
/mnt/beegfs/rcabanas/dev/credici/papers/causal_flavour/code/LearnCF.java
/mnt/beegfs/rcabanas/dev/credici/papers/causal_flavour/code/LearnCF.java
/mnt/beegfs/rcabanas/dev/credici/papers/causal_flavour/code/LearnCF.java
/mnt/beegfs/rcabanas/dev/credici/papers/causal_flavour/code/LearnCF.java
/mnt/beegfs/rcabanas/dev/credici/papers/causal_flavour/code/LearnCF.java
/mnt/beegfs/rcabanas/dev/credici/papers/causal_flavour/code/LearnCF.java
[2024-05-17T09:29:53.117266][INFO][seed196] Set up logging
[2024-05-17T09:29:53.132706][INFO][seed196] args: -m;1000;-o;/mnt/beegfs/rcabanas/dev/credici/papers/causal_flavour/learntmodels/miter1000;--data;/mnt/beegfs/rcabanas/dev/credici/papers/causal_flavour/data/simple_learner_4Q_data.csv;-rw;-s;196;/mnt/beegfs/rcabanas/dev/credici/papers/causal_flavour/models/simple_learner_4Q.uai
[2024-05-17T09:29:53.138055][INFO][seed196] Starting logger with seed 196
[2024-05-17T09:29:53.132797][INFO][seed187] Set up logging
[2024-05-17T09:29:53.161187][INFO][seed187] args: -m;1000;-o;/mnt/beegfs/rcabanas/dev/credici/papers/causal_flavour/learntmodels/miter1000;--data;/mnt/beegfs/rcabanas/dev/credici/papers/causal_flavour/data/simple_learner_4Q_data.csv;-rw;-s;187;/mnt/beegfs/rcabanas/dev/credici/papers/causal_flavour/models/simple_learner_4Q.uai
[2024-05-17T09:29:53.171009][INFO][seed187] Starting logger with seed 187
[2024-05-17T09:29:53.217292][INFO][seed180] Set up logging
[2024-05-17T09:29:53.240368][INFO][seed180] args: -m;1000;-o;/mnt/beegfs/rcabanas/dev/credici/papers/causal_flavour/learntmodels/miter1000;--data;/mnt/beegfs/rcabanas/dev/credici/papers/causal_flavour/data/simple_learner_4Q_data.csv;-rw;-s;180;/mnt/beegfs/rcabanas/dev/credici/papers/causal_flavour/models/simple_learner_4Q.uai
[2024-05-17T09:29:53.224547][INFO][seed151] Set up logging
[2024-05-17T09:29:53.254959][INFO][seed151] args: -m;1000;-o;/mnt/beegfs/rcabanas/dev/credici/papers/causal_flavour/learntmodels/miter1000;--data;/mnt/beegfs/rcabanas/dev/credici/papers/causal_flavour/data/simple_learner_4Q_data.csv;-rw;-s;151;/mnt/beegfs/rcabanas/dev/credici/papers/causal_flavour/models/simple_learner_4Q.uai
[2024-05-17T09:29:53.259668][INFO][seed180] Starting logger with seed 180
[2024-05-17T09:29:53.267439][INFO][seed151] Starting logger with seed 151
[2024-05-17T09:29:53.293767][INFO][seed164] Set up logging
[2024-05-17T09:29:53.311904][INFO][seed164] args: -m;1000;-o;/mnt/beegfs/rcabanas/dev/credici/papers/causal_flavour/learntmodels/miter1000;--data;/mnt/beegfs/rcabanas/dev/credici/papers/causal_flavour/data/simple_learner_4Q_data.csv;-rw;-s;164;/mnt/beegfs/rcabanas/dev/credici/papers/causal_flavour/models/simple_learner_4Q.uai
[2024-05-17T09:29:53.294936][INFO][seed178] Set up logging
[2024-05-17T09:29:53.320843][INFO][seed178] args: -m;1000;-o;/mnt/beegfs/rcabanas/dev/credici/papers/causal_flavour/learntmodels/miter1000;--data;/mnt/beegfs/rcabanas/dev/credici/papers/causal_flavour/data/simple_learner_4Q_data.csv;-rw;-s;178;/mnt/beegfs/rcabanas/dev/credici/papers/causal_flavour/models/simple_learner_4Q.uai
[2024-05-17T09:29:53.325662][INFO][seed178] Starting logger with seed 178
[2024-05-17T09:29:53.333039][INFO][seed164] Starting logger with seed 164
[2024-05-17T09:29:53.310046][INFO][seed158] Set up logging
[2024-05-17T09:29:53.343254][INFO][seed158] args: -m;1000;-o;/mnt/beegfs/rcabanas/dev/credici/papers/causal_flavour/learntmodels/miter1000;--data;/mnt/beegfs/rcabanas/dev/credici/papers/causal_flavour/data/simple_learner_4Q_data.csv;-rw;-s;158;/mnt/beegfs/rcabanas/dev/credici/papers/causal_flavour/models/simple_learner_4Q.uai
[2024-05-17T09:29:53.350751][INFO][seed158] Starting logger with seed 158
[2024-05-17T09:29:53.340911][INFO][seed166] Set up logging
[2024-05-17T09:29:53.358767][INFO][seed166] args: -m;1000;-o;/mnt/beegfs/rcabanas/dev/credici/papers/causal_flavour/learntmodels/miter1000;--data;/mnt/beegfs/rcabanas/dev/credici/papers/causal_flavour/data/simple_learner_4Q_data.csv;-rw;-s;166;/mnt/beegfs/rcabanas/dev/credici/papers/causal_flavour/models/simple_learner_4Q.uai
[2024-05-17T09:29:53.365134][INFO][seed166] Starting logger with seed 166
[2024-05-17T09:29:53.355023][INFO][seed198] Set up logging
[2024-05-17T09:29:53.381911][INFO][seed198] args: -m;1000;-o;/mnt/beegfs/rcabanas/dev/credici/papers/causal_flavour/learntmodels/miter1000;--data;/mnt/beegfs/rcabanas/dev/credici/papers/causal_flavour/data/simple_learner_4Q_data.csv;-rw;-s;198;/mnt/beegfs/rcabanas/dev/credici/papers/causal_flavour/models/simple_learner_4Q.uai
[2024-05-17T09:29:53.391978][INFO][seed198] Starting logger with seed 198
[2024-05-17T09:29:53.370604][INFO][seed174] Set up logging
[2024-05-17T09:29:53.396218][INFO][seed174] args: -m;1000;-o;/mnt/beegfs/rcabanas/dev/credici/papers/causal_flavour/learntmodels/miter1000;--data;/mnt/beegfs/rcabanas/dev/credici/papers/causal_flavour/data/simple_learner_4Q_data.csv;-rw;-s;174;/mnt/beegfs/rcabanas/dev/credici/papers/causal_flavour/models/simple_learner_4Q.uai
[2024-05-17T09:29:53.378289][INFO][seed154] Set up logging
[2024-05-17T09:29:53.402217][INFO][seed154] args: -m;1000;-o;/mnt/beegfs/rcabanas/dev/credici/papers/causal_flavour/learntmodels/miter1000;--data;/mnt/beegfs/rcabanas/dev/credici/papers/causal_flavour/data/simple_learner_4Q_data.csv;-rw;-s;154;/mnt/beegfs/rcabanas/dev/credici/papers/causal_flavour/models/simple_learner_4Q.uai
[2024-05-17T09:29:53.405565][INFO][seed174] Starting logger with seed 174
[2024-05-17T09:29:53.408640][INFO][seed154] Starting logger with seed 154
[2024-05-17T09:29:53.403864][INFO][seed193] Set up logging
[2024-05-17T09:29:53.429666][INFO][seed193] args: -m;1000;-o;/mnt/beegfs/rcabanas/dev/credici/papers/causal_flavour/learntmodels/miter1000;--data;/mnt/beegfs/rcabanas/dev/credici/papers/causal_flavour/data/simple_learner_4Q_data.csv;-rw;-s;193;/mnt/beegfs/rcabanas/dev/credici/papers/causal_flavour/models/simple_learner_4Q.uai
[2024-05-17T09:29:53.408612][INFO][seed165] Set up logging
[2024-05-17T09:29:53.434040][INFO][seed165] args: -m;1000;-o;/mnt/beegfs/rcabanas/dev/credici/papers/causal_flavour/learntmodels/miter1000;--data;/mnt/beegfs/rcabanas/dev/credici/papers/causal_flavour/data/simple_learner_4Q_data.csv;-rw;-s;165;/mnt/beegfs/rcabanas/dev/credici/papers/causal_flavour/models/simple_learner_4Q.uai
[2024-05-17T09:29:53.434116][INFO][seed193] Starting logger with seed 193
[2024-05-17T09:29:53.413923][INFO][seed199] Set up logging
[2024-05-17T09:29:53.435871][INFO][seed199] args: -m;1000;-o;/mnt/beegfs/rcabanas/dev/credici/papers/causal_flavour/learntmodels/miter1000;--data;/mnt/beegfs/rcabanas/dev/credici/papers/causal_flavour/data/simple_learner_4Q_data.csv;-rw;-s;199;/mnt/beegfs/rcabanas/dev/credici/papers/causal_flavour/models/simple_learner_4Q.uai
[2024-05-17T09:29:53.412120][INFO][seed191] Set up logging
[2024-05-17T09:29:53.439412][INFO][seed191] args: -m;1000;-o;/mnt/beegfs/rcabanas/dev/credici/papers/causal_flavour/learntmodels/miter1000;--data;/mnt/beegfs/rcabanas/dev/credici/papers/causal_flavour/data/simple_learner_4Q_data.csv;-rw;-s;191;/mnt/beegfs/rcabanas/dev/credici/papers/causal_flavour/models/simple_learner_4Q.uai
[2024-05-17T09:29:53.444983][INFO][seed191] Starting logger with seed 191
[2024-05-17T09:29:53.440837][INFO][seed165] Starting logger with seed 165
[2024-05-17T09:29:53.420938][INFO][seed185] Set up logging
[2024-05-17T09:29:53.446325][INFO][seed199] Starting logger with seed 199
[2024-05-17T09:29:53.446010][INFO][seed185] args: -m;1000;-o;/mnt/beegfs/rcabanas/dev/credici/papers/causal_flavour/learntmodels/miter1000;--data;/mnt/beegfs/rcabanas/dev/credici/papers/causal_flavour/data/simple_learner_4Q_data.csv;-rw;-s;185;/mnt/beegfs/rcabanas/dev/credici/papers/causal_flavour/models/simple_learner_4Q.uai
[2024-05-17T09:29:53.437784][INFO][seed160] Set up logging
[2024-05-17T09:29:53.450634][INFO][seed185] Starting logger with seed 185
[2024-05-17T09:29:53.462450][INFO][seed160] args: -m;1000;-o;/mnt/beegfs/rcabanas/dev/credici/papers/causal_flavour/learntmodels/miter1000;--data;/mnt/beegfs/rcabanas/dev/credici/papers/causal_flavour/data/simple_learner_4Q_data.csv;-rw;-s;160;/mnt/beegfs/rcabanas/dev/credici/papers/causal_flavour/models/simple_learner_4Q.uai
[2024-05-17T09:29:53.470470][INFO][seed160] Starting logger with seed 160
[2024-05-17T09:29:53.449546][INFO][seed168] Set up logging
[2024-05-17T09:29:53.452818][INFO][seed169] Set up logging
[2024-05-17T09:29:53.476291][INFO][seed169] args: -m;1000;-o;/mnt/beegfs/rcabanas/dev/credici/papers/causal_flavour/learntmodels/miter1000;--data;/mnt/beegfs/rcabanas/dev/credici/papers/causal_flavour/data/simple_learner_4Q_data.csv;-rw;-s;169;/mnt/beegfs/rcabanas/dev/credici/papers/causal_flavour/models/simple_learner_4Q.uai
[2024-05-17T09:29:53.483819][INFO][seed169] Starting logger with seed 169
[2024-05-17T09:29:53.463781][INFO][seed186] Set up logging
[2024-05-17T09:29:53.475689][INFO][seed168] args: -m;1000;-o;/mnt/beegfs/rcabanas/dev/credici/papers/causal_flavour/learntmodels/miter1000;--data;/mnt/beegfs/rcabanas/dev/credici/papers/causal_flavour/data/simple_learner_4Q_data.csv;-rw;-s;168;/mnt/beegfs/rcabanas/dev/credici/papers/causal_flavour/models/simple_learner_4Q.uai
[2024-05-17T09:29:53.468966][INFO][seed152] Set up logging
[2024-05-17T09:29:53.481853][INFO][seed161] Set up logging
[2024-05-17T09:29:53.486711][INFO][seed186] args: -m;1000;-o;/mnt/beegfs/rcabanas/dev/credici/papers/causal_flavour/learntmodels/miter1000;--data;/mnt/beegfs/rcabanas/dev/credici/papers/causal_flavour/data/simple_learner_4Q_data.csv;-rw;-s;186;/mnt/beegfs/rcabanas/dev/credici/papers/causal_flavour/models/simple_learner_4Q.uai
[2024-05-17T09:29:53.493856][INFO][seed186] Starting logger with seed 186
[2024-05-17T09:29:53.480083][INFO][seed168] Starting logger with seed 168
[2024-05-17T09:29:53.496975][INFO][seed197] Set up logging
[2024-05-17T09:29:53.492767][INFO][seed152] args: -m;1000;-o;/mnt/beegfs/rcabanas/dev/credici/papers/causal_flavour/learntmodels/miter1000;--data;/mnt/beegfs/rcabanas/dev/credici/papers/causal_flavour/data/simple_learner_4Q_data.csv;-rw;-s;152;/mnt/beegfs/rcabanas/dev/credici/papers/causal_flavour/models/simple_learner_4Q.uai
[2024-05-17T09:29:53.503831][INFO][seed161] args: -m;1000;-o;/mnt/beegfs/rcabanas/dev/credici/papers/causal_flavour/learntmodels/miter1000;--data;/mnt/beegfs/rcabanas/dev/credici/papers/causal_flavour/data/simple_learner_4Q_data.csv;-rw;-s;161;/mnt/beegfs/rcabanas/dev/credici/papers/causal_flavour/models/simple_learner_4Q.uai
[2024-05-17T09:29:53.487487][INFO][seed192] Set up logging
[2024-05-17T09:29:53.483508][INFO][seed188] Set up logging
[2024-05-17T09:29:53.519302][INFO][seed188] args: -m;1000;-o;/mnt/beegfs/rcabanas/dev/credici/papers/causal_flavour/learntmodels/miter1000;--data;/mnt/beegfs/rcabanas/dev/credici/papers/causal_flavour/data/simple_learner_4Q_data.csv;-rw;-s;188;/mnt/beegfs/rcabanas/dev/credici/papers/causal_flavour/models/simple_learner_4Q.uai
[2024-05-17T09:29:53.510486][INFO][seed197] args: -m;1000;-o;/mnt/beegfs/rcabanas/dev/credici/papers/causal_flavour/learntmodels/miter1000;--data;/mnt/beegfs/rcabanas/dev/credici/papers/causal_flavour/data/simple_learner_4Q_data.csv;-rw;-s;197;/mnt/beegfs/rcabanas/dev/credici/papers/causal_flavour/models/simple_learner_4Q.uai
[2024-05-17T09:29:53.515769][INFO][seed197] Starting logger with seed 197
[2024-05-17T09:29:53.499277][INFO][seed152] Starting logger with seed 152
[2024-05-17T09:29:53.514185][INFO][seed161] Starting logger with seed 161
[2024-05-17T09:29:53.516472][INFO][seed192] args: -m;1000;-o;/mnt/beegfs/rcabanas/dev/credici/papers/causal_flavour/learntmodels/miter1000;--data;/mnt/beegfs/rcabanas/dev/credici/papers/causal_flavour/data/simple_learner_4Q_data.csv;-rw;-s;192;/mnt/beegfs/rcabanas/dev/credici/papers/causal_flavour/models/simple_learner_4Q.uai
[2024-05-17T09:29:53.521647][INFO][seed192] Starting logger with seed 192
[2024-05-17T09:29:53.524756][INFO][seed188] Starting logger with seed 188
[2024-05-17T09:29:53.512960][INFO][seed167] Set up logging
[2024-05-17T09:29:53.510808][INFO][seed190] Set up logging
[2024-05-17T09:29:53.518680][INFO][seed162] Set up logging
[2024-05-17T09:29:53.531617][INFO][seed194] Set up logging
[2024-05-17T09:29:53.532926][INFO][seed167] args: -m;1000;-o;/mnt/beegfs/rcabanas/dev/credici/papers/causal_flavour/learntmodels/miter1000;--data;/mnt/beegfs/rcabanas/dev/credici/papers/causal_flavour/data/simple_learner_4Q_data.csv;-rw;-s;167;/mnt/beegfs/rcabanas/dev/credici/papers/causal_flavour/models/simple_learner_4Q.uai
[2024-05-17T09:29:53.541809][INFO][seed167] Starting logger with seed 167
[2024-05-17T09:29:53.538115][INFO][seed190] args: -m;1000;-o;/mnt/beegfs/rcabanas/dev/credici/papers/causal_flavour/learntmodels/miter1000;--data;/mnt/beegfs/rcabanas/dev/credici/papers/causal_flavour/data/simple_learner_4Q_data.csv;-rw;-s;190;/mnt/beegfs/rcabanas/dev/credici/papers/causal_flavour/models/simple_learner_4Q.uai
[2024-05-17T09:29:53.553222][INFO][seed162] args: -m;1000;-o;/mnt/beegfs/rcabanas/dev/credici/papers/causal_flavour/learntmodels/miter1000;--data;/mnt/beegfs/rcabanas/dev/credici/papers/causal_flavour/data/simple_learner_4Q_data.csv;-rw;-s;162;/mnt/beegfs/rcabanas/dev/credici/papers/causal_flavour/models/simple_learner_4Q.uai
[2024-05-17T09:29:53.553640][INFO][seed194] args: -m;1000;-o;/mnt/beegfs/rcabanas/dev/credici/papers/causal_flavour/learntmodels/miter1000;--data;/mnt/beegfs/rcabanas/dev/credici/papers/causal_flavour/data/simple_learner_4Q_data.csv;-rw;-s;194;/mnt/beegfs/rcabanas/dev/credici/papers/causal_flavour/models/simple_learner_4Q.uai
[2024-05-17T09:29:53.539529][INFO][seed170] Set up logging
[2024-05-17T09:29:53.556250][INFO][seed190] Starting logger with seed 190
[2024-05-17T09:29:53.556676][INFO][seed162] Starting logger with seed 162
[2024-05-17T09:29:53.557184][INFO][seed194] Starting logger with seed 194
[2024-05-17T09:29:53.563389][INFO][seed170] args: -m;1000;-o;/mnt/beegfs/rcabanas/dev/credici/papers/causal_flavour/learntmodels/miter1000;--data;/mnt/beegfs/rcabanas/dev/credici/papers/causal_flavour/data/simple_learner_4Q_data.csv;-rw;-s;170;/mnt/beegfs/rcabanas/dev/credici/papers/causal_flavour/models/simple_learner_4Q.uai
[2024-05-17T09:29:53.571659][INFO][seed170] Starting logger with seed 170
[2024-05-17T09:29:53.571274][INFO][seed150] Set up logging
[2024-05-17T09:29:53.596372][INFO][seed150] args: -m;1000;-o;/mnt/beegfs/rcabanas/dev/credici/papers/causal_flavour/learntmodels/miter1000;--data;/mnt/beegfs/rcabanas/dev/credici/papers/causal_flavour/data/simple_learner_4Q_data.csv;-rw;-s;150;/mnt/beegfs/rcabanas/dev/credici/papers/causal_flavour/models/simple_learner_4Q.uai
[2024-05-17T09:29:53.608744][INFO][seed150] Starting logger with seed 150
[2024-05-17T09:29:53.594881][INFO][seed156] Set up logging
[2024-05-17T09:29:53.619536][INFO][seed156] args: -m;1000;-o;/mnt/beegfs/rcabanas/dev/credici/papers/causal_flavour/learntmodels/miter1000;--data;/mnt/beegfs/rcabanas/dev/credici/papers/causal_flavour/data/simple_learner_4Q_data.csv;-rw;-s;156;/mnt/beegfs/rcabanas/dev/credici/papers/causal_flavour/models/simple_learner_4Q.uai
[2024-05-17T09:29:53.623126][INFO][seed156] Starting logger with seed 156
[2024-05-17T09:29:53.598151][INFO][seed200] Set up logging
[2024-05-17T09:29:53.624733][INFO][seed200] args: -m;1000;-o;/mnt/beegfs/rcabanas/dev/credici/papers/causal_flavour/learntmodels/miter1000;--data;/mnt/beegfs/rcabanas/dev/credici/papers/causal_flavour/data/simple_learner_4Q_data.csv;-rw;-s;200;/mnt/beegfs/rcabanas/dev/credici/papers/causal_flavour/models/simple_learner_4Q.uai
[2024-05-17T09:29:53.606837][INFO][seed173] Set up logging
[2024-05-17T09:29:53.629780][INFO][seed173] args: -m;1000;-o;/mnt/beegfs/rcabanas/dev/credici/papers/causal_flavour/learntmodels/miter1000;--data;/mnt/beegfs/rcabanas/dev/credici/papers/causal_flavour/data/simple_learner_4Q_data.csv;-rw;-s;173;/mnt/beegfs/rcabanas/dev/credici/papers/causal_flavour/models/simple_learner_4Q.uai
[2024-05-17T09:29:53.634679][INFO][seed173] Starting logger with seed 173
[2024-05-17T09:29:53.635441][INFO][seed200] Starting logger with seed 200
[2024-05-17T09:29:53.611883][INFO][seed189] Set up logging
[2024-05-17T09:29:53.636234][INFO][seed189] args: -m;1000;-o;/mnt/beegfs/rcabanas/dev/credici/papers/causal_flavour/learntmodels/miter1000;--data;/mnt/beegfs/rcabanas/dev/credici/papers/causal_flavour/data/simple_learner_4Q_data.csv;-rw;-s;189;/mnt/beegfs/rcabanas/dev/credici/papers/causal_flavour/models/simple_learner_4Q.uai
[2024-05-17T09:29:53.642781][INFO][seed189] Starting logger with seed 189
[2024-05-17T09:29:53.629996][INFO][seed163] Set up logging
[2024-05-17T09:29:53.652101][INFO][seed163] args: -m;1000;-o;/mnt/beegfs/rcabanas/dev/credici/papers/causal_flavour/learntmodels/miter1000;--data;/mnt/beegfs/rcabanas/dev/credici/papers/causal_flavour/data/simple_learner_4Q_data.csv;-rw;-s;163;/mnt/beegfs/rcabanas/dev/credici/papers/causal_flavour/models/simple_learner_4Q.uai
[2024-05-17T09:29:53.632032][INFO][seed175] Set up logging
[2024-05-17T09:29:53.659604][INFO][seed163] Starting logger with seed 163
[2024-05-17T09:29:53.634795][INFO][seed179] Set up logging
[2024-05-17T09:29:53.653097][INFO][seed184] Set up logging
[2024-05-17T09:29:53.656207][INFO][seed175] args: -m;1000;-o;/mnt/beegfs/rcabanas/dev/credici/papers/causal_flavour/learntmodels/miter1000;--data;/mnt/beegfs/rcabanas/dev/credici/papers/causal_flavour/data/simple_learner_4Q_data.csv;-rw;-s;175;/mnt/beegfs/rcabanas/dev/credici/papers/causal_flavour/models/simple_learner_4Q.uai
[2024-05-17T09:29:53.638983][INFO][seed153] Set up logging
[2024-05-17T09:29:53.641859][INFO][seed176] Set up logging
[2024-05-17T09:29:53.645626][INFO][seed157] Set up logging
[2024-05-17T09:29:53.648310][INFO][seed172] Set up logging
[2024-05-17T09:29:53.648836][INFO][seed159] Set up logging
[2024-05-17T09:29:53.661730][INFO][seed179] args: -m;1000;-o;/mnt/beegfs/rcabanas/dev/credici/papers/causal_flavour/learntmodels/miter1000;--data;/mnt/beegfs/rcabanas/dev/credici/papers/causal_flavour/data/simple_learner_4Q_data.csv;-rw;-s;179;/mnt/beegfs/rcabanas/dev/credici/papers/causal_flavour/models/simple_learner_4Q.uai
[2024-05-17T09:29:53.677731][INFO][seed184] args: -m;1000;-o;/mnt/beegfs/rcabanas/dev/credici/papers/causal_flavour/learntmodels/miter1000;--data;/mnt/beegfs/rcabanas/dev/credici/papers/causal_flavour/data/simple_learner_4Q_data.csv;-rw;-s;184;/mnt/beegfs/rcabanas/dev/credici/papers/causal_flavour/models/simple_learner_4Q.uai
[2024-05-17T09:29:53.662184][INFO][seed182] Set up logging
[2024-05-17T09:29:53.683763][INFO][seed182] args: -m;1000;-o;/mnt/beegfs/rcabanas/dev/credici/papers/causal_flavour/learntmodels/miter1000;--data;/mnt/beegfs/rcabanas/dev/credici/papers/causal_flavour/data/simple_learner_4Q_data.csv;-rw;-s;182;/mnt/beegfs/rcabanas/dev/credici/papers/causal_flavour/models/simple_learner_4Q.uai
[2024-05-17T09:29:53.694664][INFO][seed182] Starting logger with seed 182
[2024-05-17T09:29:53.666966][INFO][seed175] Starting logger with seed 175
[2024-05-17T09:29:53.660116][INFO][seed177] Set up logging
[2024-05-17T09:29:53.662922][INFO][seed153] args: -m;1000;-o;/mnt/beegfs/rcabanas/dev/credici/papers/causal_flavour/learntmodels/miter1000;--data;/mnt/beegfs/rcabanas/dev/credici/papers/causal_flavour/data/simple_learner_4Q_data.csv;-rw;-s;153;/mnt/beegfs/rcabanas/dev/credici/papers/causal_flavour/models/simple_learner_4Q.uai
[2024-05-17T09:29:53.668514][INFO][seed176] args: -m;1000;-o;/mnt/beegfs/rcabanas/dev/credici/papers/causal_flavour/learntmodels/miter1000;--data;/mnt/beegfs/rcabanas/dev/credici/papers/causal_flavour/data/simple_learner_4Q_data.csv;-rw;-s;176;/mnt/beegfs/rcabanas/dev/credici/papers/causal_flavour/models/simple_learner_4Q.uai
[2024-05-17T09:29:53.672240][INFO][seed157] args: -m;1000;-o;/mnt/beegfs/rcabanas/dev/credici/papers/causal_flavour/learntmodels/miter1000;--data;/mnt/beegfs/rcabanas/dev/credici/papers/causal_flavour/data/simple_learner_4Q_data.csv;-rw;-s;157;/mnt/beegfs/rcabanas/dev/credici/papers/causal_flavour/models/simple_learner_4Q.uai
[2024-05-17T09:29:53.675347][INFO][seed172] args: -m;1000;-o;/mnt/beegfs/rcabanas/dev/credici/papers/causal_flavour/learntmodels/miter1000;--data;/mnt/beegfs/rcabanas/dev/credici/papers/causal_flavour/data/simple_learner_4Q_data.csv;-rw;-s;172;/mnt/beegfs/rcabanas/dev/credici/papers/causal_flavour/models/simple_learner_4Q.uai
[2024-05-17T09:29:53.676569][INFO][seed159] args: -m;1000;-o;/mnt/beegfs/rcabanas/dev/credici/papers/causal_flavour/learntmodels/miter1000;--data;/mnt/beegfs/rcabanas/dev/credici/papers/causal_flavour/data/simple_learner_4Q_data.csv;-rw;-s;159;/mnt/beegfs/rcabanas/dev/credici/papers/causal_flavour/models/simple_learner_4Q.uai
[2024-05-17T09:29:53.666742][INFO][seed179] Starting logger with seed 179
[2024-05-17T09:29:53.683524][INFO][seed184] Starting logger with seed 184
[2024-05-17T09:29:53.685817][INFO][seed177] args: -m;1000;-o;/mnt/beegfs/rcabanas/dev/credici/papers/causal_flavour/learntmodels/miter1000;--data;/mnt/beegfs/rcabanas/dev/credici/papers/causal_flavour/data/simple_learner_4Q_data.csv;-rw;-s;177;/mnt/beegfs/rcabanas/dev/credici/papers/causal_flavour/models/simple_learner_4Q.uai
[2024-05-17T09:29:53.666461][INFO][seed153] Starting logger with seed 153
[2024-05-17T09:29:53.672505][INFO][seed176] Starting logger with seed 176
[2024-05-17T09:29:53.677469][INFO][seed157] Starting logger with seed 157
[2024-05-17T09:29:53.682925][INFO][seed172] Starting logger with seed 172
[2024-05-17T09:29:53.727705][INFO][seed171] Set up logging
[2024-05-17T09:29:53.680642][INFO][seed159] Starting logger with seed 159
[2024-05-17T09:29:53.693189][INFO][seed177] Starting logger with seed 177
[2024-05-17T09:29:53.752856][INFO][seed171] args: -m;1000;-o;/mnt/beegfs/rcabanas/dev/credici/papers/causal_flavour/learntmodels/miter1000;--data;/mnt/beegfs/rcabanas/dev/credici/papers/causal_flavour/data/simple_learner_4Q_data.csv;-rw;-s;171;/mnt/beegfs/rcabanas/dev/credici/papers/causal_flavour/models/simple_learner_4Q.uai
[2024-05-17T09:29:53.761875][INFO][seed171] Starting logger with seed 171
[2024-05-17T09:29:53.801078][INFO][seed155] Set up logging
[2024-05-17T09:29:53.823748][INFO][seed155] args: -m;1000;-o;/mnt/beegfs/rcabanas/dev/credici/papers/causal_flavour/learntmodels/miter1000;--data;/mnt/beegfs/rcabanas/dev/credici/papers/causal_flavour/data/simple_learner_4Q_data.csv;-rw;-s;155;/mnt/beegfs/rcabanas/dev/credici/papers/causal_flavour/models/simple_learner_4Q.uai
[2024-05-17T09:29:53.830090][INFO][seed155] Starting logger with seed 155
[2024-05-17T09:29:53.967879][INFO][seed196] Loaded model and info: /mnt/beegfs/rcabanas/dev/credici/papers/causal_flavour/models/simple_learner_4Q.uai
[2024-05-17T09:29:53.970426][INFO][seed187] Loaded model and info: /mnt/beegfs/rcabanas/dev/credici/papers/causal_flavour/models/simple_learner_4Q.uai
[2024-05-17T09:29:54.002289][INFO][seed180] Loaded model and info: /mnt/beegfs/rcabanas/dev/credici/papers/causal_flavour/models/simple_learner_4Q.uai
[2024-05-17T09:29:54.019718][INFO][seed196] Loaded 100 data instances
[2024-05-17T09:29:54.023372][INFO][seed187] Loaded 100 data instances
[2024-05-17T09:29:54.023903][INFO][seed187] Starting learning up to 1000 iterations
[2024-05-17T09:29:54.020083][INFO][seed196] Starting learning up to 1000 iterations
[2024-05-17T09:29:54.048204][INFO][seed180] Loaded 100 data instances
[2024-05-17T09:29:54.051076][INFO][seed180] Starting learning up to 1000 iterations
[2024-05-17T09:29:54.067764][INFO][seed151] Loaded model and info: /mnt/beegfs/rcabanas/dev/credici/papers/causal_flavour/models/simple_learner_4Q.uai
[2024-05-17T09:29:54.094538][INFO][seed178] Loaded model and info: /mnt/beegfs/rcabanas/dev/credici/papers/causal_flavour/models/simple_learner_4Q.uai
[2024-05-17T09:29:54.100159][INFO][seed164] Loaded model and info: /mnt/beegfs/rcabanas/dev/credici/papers/causal_flavour/models/simple_learner_4Q.uai
[2024-05-17T09:29:54.130485][INFO][seed158] Loaded model and info: /mnt/beegfs/rcabanas/dev/credici/papers/causal_flavour/models/simple_learner_4Q.uai
[2024-05-17T09:29:54.133903][INFO][seed151] Loaded 100 data instances
[2024-05-17T09:29:54.134438][INFO][seed151] Starting learning up to 1000 iterations
[2024-05-17T09:29:54.142913][INFO][seed178] Loaded 100 data instances
[2024-05-17T09:29:54.143622][INFO][seed178] Starting learning up to 1000 iterations
[2024-05-17T09:29:54.153685][INFO][seed164] Loaded 100 data instances
[2024-05-17T09:29:54.156093][INFO][seed164] Starting learning up to 1000 iterations
[2024-05-17T09:29:54.165728][INFO][seed174] Loaded model and info: /mnt/beegfs/rcabanas/dev/credici/papers/causal_flavour/models/simple_learner_4Q.uai
[2024-05-17T09:29:54.171617][INFO][seed166] Loaded model and info: /mnt/beegfs/rcabanas/dev/credici/papers/causal_flavour/models/simple_learner_4Q.uai
[2024-05-17T09:29:54.173444][INFO][seed158] Loaded 100 data instances
[2024-05-17T09:29:54.176910][INFO][seed158] Starting learning up to 1000 iterations
[2024-05-17T09:29:54.190179][INFO][seed191] Loaded model and info: /mnt/beegfs/rcabanas/dev/credici/papers/causal_flavour/models/simple_learner_4Q.uai
[2024-05-17T09:29:54.196098][INFO][seed154] Loaded model and info: /mnt/beegfs/rcabanas/dev/credici/papers/causal_flavour/models/simple_learner_4Q.uai
[2024-05-17T09:29:54.203783][INFO][seed186] Loaded model and info: /mnt/beegfs/rcabanas/dev/credici/papers/causal_flavour/models/simple_learner_4Q.uai
[2024-05-17T09:29:54.210375][INFO][seed198] Loaded model and info: /mnt/beegfs/rcabanas/dev/credici/papers/causal_flavour/models/simple_learner_4Q.uai
[2024-05-17T09:29:54.212097][INFO][seed174] Loaded 100 data instances
[2024-05-17T09:29:54.216086][INFO][seed174] Starting learning up to 1000 iterations
[2024-05-17T09:29:54.224279][INFO][seed166] Loaded 100 data instances
[2024-05-17T09:29:54.228633][INFO][seed166] Starting learning up to 1000 iterations
[2024-05-17T09:29:54.233430][INFO][seed191] Loaded 100 data instances
[2024-05-17T09:29:54.237150][INFO][seed191] Starting learning up to 1000 iterations
[2024-05-17T09:29:54.248154][INFO][seed186] Loaded 100 data instances
[2024-05-17T09:29:54.252152][INFO][seed186] Starting learning up to 1000 iterations
[2024-05-17T09:29:54.256404][INFO][seed154] Loaded 100 data instances
[2024-05-17T09:29:54.256997][INFO][seed154] Starting learning up to 1000 iterations
[2024-05-17T09:29:54.261421][INFO][seed199] Loaded model and info: /mnt/beegfs/rcabanas/dev/credici/papers/causal_flavour/models/simple_learner_4Q.uai
[2024-05-17T09:29:54.264668][INFO][seed198] Loaded 100 data instances
[2024-05-17T09:29:54.267470][INFO][seed198] Starting learning up to 1000 iterations
[2024-05-17T09:29:54.275360][INFO][seed193] Loaded model and info: /mnt/beegfs/rcabanas/dev/credici/papers/causal_flavour/models/simple_learner_4Q.uai
[2024-05-17T09:29:54.277955][INFO][seed160] Loaded model and info: /mnt/beegfs/rcabanas/dev/credici/papers/causal_flavour/models/simple_learner_4Q.uai
[2024-05-17T09:29:54.281914][INFO][seed185] Loaded model and info: /mnt/beegfs/rcabanas/dev/credici/papers/causal_flavour/models/simple_learner_4Q.uai
[2024-05-17T09:29:54.282499][INFO][seed190] Loaded model and info: /mnt/beegfs/rcabanas/dev/credici/papers/causal_flavour/models/simple_learner_4Q.uai
[2024-05-17T09:29:54.293747][INFO][seed165] Loaded model and info: /mnt/beegfs/rcabanas/dev/credici/papers/causal_flavour/models/simple_learner_4Q.uai
[2024-05-17T09:29:54.305006][INFO][seed197] Loaded model and info: /mnt/beegfs/rcabanas/dev/credici/papers/causal_flavour/models/simple_learner_4Q.uai
[2024-05-17T09:29:54.311534][INFO][seed199] Loaded 100 data instances
[2024-05-17T09:29:54.306707][INFO][seed162] Loaded model and info: /mnt/beegfs/rcabanas/dev/credici/papers/causal_flavour/models/simple_learner_4Q.uai
[2024-05-17T09:29:54.315330][INFO][seed199] Starting learning up to 1000 iterations
[2024-05-17T09:29:54.311935][INFO][seed152] Loaded model and info: /mnt/beegfs/rcabanas/dev/credici/papers/causal_flavour/models/simple_learner_4Q.uai
[2024-05-17T09:29:54.312618][INFO][seed192] Loaded model and info: /mnt/beegfs/rcabanas/dev/credici/papers/causal_flavour/models/simple_learner_4Q.uai
[2024-05-17T09:29:54.315088][INFO][seed168] Loaded model and info: /mnt/beegfs/rcabanas/dev/credici/papers/causal_flavour/models/simple_learner_4Q.uai
[2024-05-17T09:29:54.315861][INFO][seed167] Loaded model and info: /mnt/beegfs/rcabanas/dev/credici/papers/causal_flavour/models/simple_learner_4Q.uai
[2024-05-17T09:29:54.316203][INFO][seed169] Loaded model and info: /mnt/beegfs/rcabanas/dev/credici/papers/causal_flavour/models/simple_learner_4Q.uai
[2024-05-17T09:29:54.321401][INFO][seed161] Loaded model and info: /mnt/beegfs/rcabanas/dev/credici/papers/causal_flavour/models/simple_learner_4Q.uai
[2024-05-17T09:29:54.322557][INFO][seed193] Loaded 100 data instances
[2024-05-17T09:29:54.329188][INFO][seed170] Loaded model and info: /mnt/beegfs/rcabanas/dev/credici/papers/causal_flavour/models/simple_learner_4Q.uai
[2024-05-17T09:29:54.324191][INFO][seed193] Starting learning up to 1000 iterations
[2024-05-17T09:29:54.332206][INFO][seed188] Loaded model and info: /mnt/beegfs/rcabanas/dev/credici/papers/causal_flavour/models/simple_learner_4Q.uai
[2024-05-17T09:29:54.337057][INFO][seed194] Loaded model and info: /mnt/beegfs/rcabanas/dev/credici/papers/causal_flavour/models/simple_learner_4Q.uai
[2024-05-17T09:29:54.337052][INFO][seed189] Loaded model and info: /mnt/beegfs/rcabanas/dev/credici/papers/causal_flavour/models/simple_learner_4Q.uai
[2024-05-17T09:29:54.341651][INFO][seed160] Loaded 100 data instances
[2024-05-17T09:29:54.342765][INFO][seed190] Loaded 100 data instances
[2024-05-17T09:29:54.343030][INFO][seed185] Loaded 100 data instances
[2024-05-17T09:29:54.343663][INFO][seed185] Starting learning up to 1000 iterations
[2024-05-17T09:29:54.343377][INFO][seed160] Starting learning up to 1000 iterations
[2024-05-17T09:29:54.344676][INFO][seed190] Starting learning up to 1000 iterations
[2024-05-17T09:29:54.349361][INFO][seed165] Loaded 100 data instances
[2024-05-17T09:29:54.353198][INFO][seed156] Loaded model and info: /mnt/beegfs/rcabanas/dev/credici/papers/causal_flavour/models/simple_learner_4Q.uai
[2024-05-17T09:29:54.353618][INFO][seed165] Starting learning up to 1000 iterations
[2024-05-17T09:29:54.356996][INFO][seed162] Loaded 100 data instances
[2024-05-17T09:29:54.359750][INFO][seed162] Starting learning up to 1000 iterations
[2024-05-17T09:29:54.367250][INFO][seed152] Loaded 100 data instances
[2024-05-17T09:29:54.370734][INFO][seed152] Starting learning up to 1000 iterations
[2024-05-17T09:29:54.370818][INFO][seed169] Loaded 100 data instances
[2024-05-17T09:29:54.371046][INFO][seed168] Loaded 100 data instances
[2024-05-17T09:29:54.372936][INFO][seed161] Loaded 100 data instances
[2024-05-17T09:29:54.373969][INFO][seed169] Starting learning up to 1000 iterations
[2024-05-17T09:29:54.374545][INFO][seed168] Starting learning up to 1000 iterations
[2024-05-17T09:29:54.376213][INFO][seed161] Starting learning up to 1000 iterations
[2024-05-17T09:29:54.379121][INFO][seed197] Loaded 100 data instances
[2024-05-17T09:29:54.381355][INFO][seed188] Loaded 100 data instances
[2024-05-17T09:29:54.383157][INFO][seed188] Starting learning up to 1000 iterations
[2024-05-17T09:29:54.380721][INFO][seed197] Starting learning up to 1000 iterations
[2024-05-17T09:29:54.383575][INFO][seed192] Loaded 100 data instances
[2024-05-17T09:29:54.387566][INFO][seed192] Starting learning up to 1000 iterations
[2024-05-17T09:29:54.386271][INFO][seed194] Loaded 100 data instances
[2024-05-17T09:29:54.386466][INFO][seed189] Loaded 100 data instances
[2024-05-17T09:29:54.389953][INFO][seed170] Loaded 100 data instances
[2024-05-17T09:29:54.390098][INFO][seed167] Loaded 100 data instances
[2024-05-17T09:29:54.390415][INFO][seed194] Starting learning up to 1000 iterations
[2024-05-17T09:29:54.391397][INFO][seed200] Loaded model and info: /mnt/beegfs/rcabanas/dev/credici/papers/causal_flavour/models/simple_learner_4Q.uai
[2024-05-17T09:29:54.389608][INFO][seed189] Starting learning up to 1000 iterations
[2024-05-17T09:29:54.390585][INFO][seed170] Starting learning up to 1000 iterations
[2024-05-17T09:29:54.390701][INFO][seed167] Starting learning up to 1000 iterations
[2024-05-17T09:29:54.402328][INFO][seed156] Loaded 100 data instances
[2024-05-17T09:29:54.403567][INFO][seed156] Starting learning up to 1000 iterations
[2024-05-17T09:29:54.420020][INFO][seed172] Loaded model and info: /mnt/beegfs/rcabanas/dev/credici/papers/causal_flavour/models/simple_learner_4Q.uai
[2024-05-17T09:29:54.422477][INFO][seed179] Loaded model and info: /mnt/beegfs/rcabanas/dev/credici/papers/causal_flavour/models/simple_learner_4Q.uai
[2024-05-17T09:29:54.433361][INFO][seed150] Loaded model and info: /mnt/beegfs/rcabanas/dev/credici/papers/causal_flavour/models/simple_learner_4Q.uai
[2024-05-17T09:29:54.435848][INFO][seed153] Loaded model and info: /mnt/beegfs/rcabanas/dev/credici/papers/causal_flavour/models/simple_learner_4Q.uai
[2024-05-17T09:29:54.439276][INFO][seed200] Loaded 100 data instances
[2024-05-17T09:29:54.440805][INFO][seed200] Starting learning up to 1000 iterations
[2024-05-17T09:29:54.440356][INFO][seed176] Loaded model and info: /mnt/beegfs/rcabanas/dev/credici/papers/causal_flavour/models/simple_learner_4Q.uai
[2024-05-17T09:29:54.443882][INFO][seed157] Loaded model and info: /mnt/beegfs/rcabanas/dev/credici/papers/causal_flavour/models/simple_learner_4Q.uai
[2024-05-17T09:29:54.450940][INFO][seed184] Loaded model and info: /mnt/beegfs/rcabanas/dev/credici/papers/causal_flavour/models/simple_learner_4Q.uai
[2024-05-17T09:29:54.461763][INFO][seed163] Loaded model and info: /mnt/beegfs/rcabanas/dev/credici/papers/causal_flavour/models/simple_learner_4Q.uai
[2024-05-17T09:29:54.461813][INFO][seed173] Loaded model and info: /mnt/beegfs/rcabanas/dev/credici/papers/causal_flavour/models/simple_learner_4Q.uai
[2024-05-17T09:29:54.464447][INFO][seed175] Loaded model and info: /mnt/beegfs/rcabanas/dev/credici/papers/causal_flavour/models/simple_learner_4Q.uai
[2024-05-17T09:29:54.469454][INFO][seed172] Loaded 100 data instances
[2024-05-17T09:29:54.472334][INFO][seed177] Loaded model and info: /mnt/beegfs/rcabanas/dev/credici/papers/causal_flavour/models/simple_learner_4Q.uai
[2024-05-17T09:29:54.472970][INFO][seed172] Starting learning up to 1000 iterations
[2024-05-17T09:29:54.480233][INFO][seed159] Loaded model and info: /mnt/beegfs/rcabanas/dev/credici/papers/causal_flavour/models/simple_learner_4Q.uai
[2024-05-17T09:29:54.481717][INFO][seed182] Loaded model and info: /mnt/beegfs/rcabanas/dev/credici/papers/causal_flavour/models/simple_learner_4Q.uai
[2024-05-17T09:29:54.481928][INFO][seed150] Loaded 100 data instances
[2024-05-17T09:29:54.484771][INFO][seed153] Loaded 100 data instances
[2024-05-17T09:29:54.484853][INFO][seed179] Loaded 100 data instances
[2024-05-17T09:29:54.482490][INFO][seed150] Starting learning up to 1000 iterations
[2024-05-17T09:29:54.488161][INFO][seed153] Starting learning up to 1000 iterations
[2024-05-17T09:29:54.488730][INFO][seed176] Loaded 100 data instances
[2024-05-17T09:29:54.488113][INFO][seed179] Starting learning up to 1000 iterations
[2024-05-17T09:29:54.491048][INFO][seed176] Starting learning up to 1000 iterations
[2024-05-17T09:29:54.501710][INFO][seed157] Loaded 100 data instances
[2024-05-17T09:29:54.504544][INFO][seed157] Starting learning up to 1000 iterations
[2024-05-17T09:29:54.508222][INFO][seed184] Loaded 100 data instances
[2024-05-17T09:29:54.510681][INFO][seed163] Loaded 100 data instances
[2024-05-17T09:29:54.510959][INFO][seed184] Starting learning up to 1000 iterations
[2024-05-17T09:29:54.514085][INFO][seed163] Starting learning up to 1000 iterations
[2024-05-17T09:29:54.515296][INFO][seed171] Loaded model and info: /mnt/beegfs/rcabanas/dev/credici/papers/causal_flavour/models/simple_learner_4Q.uai
[2024-05-17T09:29:54.518289][INFO][seed173] Loaded 100 data instances
[2024-05-17T09:29:54.521721][INFO][seed173] Starting learning up to 1000 iterations
[2024-05-17T09:29:54.522788][INFO][seed175] Loaded 100 data instances
[2024-05-17T09:29:54.524971][INFO][seed175] Starting learning up to 1000 iterations
[2024-05-17T09:29:54.530393][INFO][seed182] Loaded 100 data instances
[2024-05-17T09:29:54.530978][INFO][seed177] Loaded 100 data instances
[2024-05-17T09:29:54.534471][INFO][seed182] Starting learning up to 1000 iterations
[2024-05-17T09:29:54.534609][INFO][seed177] Starting learning up to 1000 iterations
[2024-05-17T09:29:54.539201][INFO][seed159] Loaded 100 data instances
[2024-05-17T09:29:54.540120][INFO][seed159] Starting learning up to 1000 iterations
[2024-05-17T09:29:54.559197][INFO][seed155] Loaded model and info: /mnt/beegfs/rcabanas/dev/credici/papers/causal_flavour/models/simple_learner_4Q.uai
[2024-05-17T09:29:54.587201][INFO][seed171] Loaded 100 data instances
[2024-05-17T09:29:54.587868][INFO][seed171] Starting learning up to 1000 iterations
[2024-05-17T09:29:54.610032][INFO][seed155] Loaded 100 data instances
[2024-05-17T09:29:54.613784][INFO][seed155] Starting learning up to 1000 iterations
slurmstepd: error: *** JOB 89984 ON nodo16 CANCELLED AT 2024-05-17T11:31:00 ***
