100
1000
['learn.py', '1000', '136']
['learn.py', '1000', '134']
['learn.py', '1000', '149']
['learn.py', '1000', '119']
['learn.py', '1000', '123']
seed=134
seed=149
seed=136
/mnt/beegfs/rcabanas/dev/credici
/mnt/beegfs/rcabanas/dev/credici
/mnt/beegfs/rcabanas/dev/credici
/mnt/beegfs/rcabanas/dev/credici/papers/causal_flavour
/mnt/beegfs/rcabanas/dev/credici/papers/causal_flavour
/mnt/beegfs/rcabanas/dev/credici/papers/causal_flavour
/mnt/beegfs/rcabanas/dev/credici/papers/causal_flavour/learntmodels
seed=119
/mnt/beegfs/rcabanas/dev/credici/papers/causal_flavour/learntmodels
/mnt/beegfs/rcabanas/dev/credici/papers/causal_flavour/learntmodels
/mnt/beegfs/rcabanas/dev/credici/papers/causal_flavour/models
/mnt/beegfs/rcabanas/dev/credici
/mnt/beegfs/rcabanas/dev/credici/papers/causal_flavour/models
/mnt/beegfs/rcabanas/dev/credici/papers/causal_flavour/models
seed=123
/mnt/beegfs/rcabanas/dev/credici/target/credici-0.1.5-dev-SNAPSHOT-jar-with-dependencies.jar
/mnt/beegfs/rcabanas/dev/credici/papers/causal_flavour
/mnt/beegfs/rcabanas/dev/credici/target/credici-0.1.5-dev-SNAPSHOT-jar-with-dependencies.jar
/mnt/beegfs/rcabanas/dev/credici/papers/causal_flavour/code/LearnCF.java
/mnt/beegfs/rcabanas/dev/credici/target/credici-0.1.5-dev-SNAPSHOT-jar-with-dependencies.jar
/mnt/beegfs/rcabanas/dev/credici
/mnt/beegfs/rcabanas/dev/credici/papers/causal_flavour
/mnt/beegfs/rcabanas/dev/credici/papers/causal_flavour/code/LearnCF.java
/mnt/beegfs/rcabanas/dev/credici/papers/causal_flavour/learntmodels
/mnt/beegfs/rcabanas/dev/credici/papers/causal_flavour/code/LearnCF.java
/mnt/beegfs/rcabanas/dev/credici/papers/causal_flavour/learntmodels
/mnt/beegfs/rcabanas/dev/credici/papers/causal_flavour/models
/mnt/beegfs/rcabanas/dev/credici/papers/causal_flavour/models
/mnt/beegfs/rcabanas/dev/credici/target/credici-0.1.5-dev-SNAPSHOT-jar-with-dependencies.jar
/mnt/beegfs/rcabanas/dev/credici/target/credici-0.1.5-dev-SNAPSHOT-jar-with-dependencies.jar
/mnt/beegfs/rcabanas/dev/credici/papers/causal_flavour/code/LearnCF.java
/mnt/beegfs/rcabanas/dev/credici/papers/causal_flavour/code/LearnCF.java
['learn.py', '1000', '126']
seed=126
/mnt/beegfs/rcabanas/dev/credici
/mnt/beegfs/rcabanas/dev/credici/papers/causal_flavour
/mnt/beegfs/rcabanas/dev/credici/papers/causal_flavour/learntmodels
/mnt/beegfs/rcabanas/dev/credici/papers/causal_flavour/models
/mnt/beegfs/rcabanas/dev/credici/target/credici-0.1.5-dev-SNAPSHOT-jar-with-dependencies.jar
/mnt/beegfs/rcabanas/dev/credici/papers/causal_flavour/code/LearnCF.java
['learn.py', '1000', '146']
['learn.py', '1000', '131']
['learn.py', '1000', '139']
['learn.py', '1000', '116']
seed=116
/mnt/beegfs/rcabanas/dev/credici
/mnt/beegfs/rcabanas/dev/credici/papers/causal_flavour
/mnt/beegfs/rcabanas/dev/credici/papers/causal_flavour/learntmodels
/mnt/beegfs/rcabanas/dev/credici/papers/causal_flavour/models
/mnt/beegfs/rcabanas/dev/credici/target/credici-0.1.5-dev-SNAPSHOT-jar-with-dependencies.jar
/mnt/beegfs/rcabanas/dev/credici/papers/causal_flavour/code/LearnCF.java
seed=146
seed=139
seed=131
/mnt/beegfs/rcabanas/dev/credici
/mnt/beegfs/rcabanas/dev/credici
/mnt/beegfs/rcabanas/dev/credici
/mnt/beegfs/rcabanas/dev/credici/papers/causal_flavour
/mnt/beegfs/rcabanas/dev/credici/papers/causal_flavour
/mnt/beegfs/rcabanas/dev/credici/papers/causal_flavour
/mnt/beegfs/rcabanas/dev/credici/papers/causal_flavour/learntmodels
/mnt/beegfs/rcabanas/dev/credici/papers/causal_flavour/learntmodels
/mnt/beegfs/rcabanas/dev/credici/papers/causal_flavour/learntmodels
/mnt/beegfs/rcabanas/dev/credici/papers/causal_flavour/models
/mnt/beegfs/rcabanas/dev/credici/papers/causal_flavour/models
/mnt/beegfs/rcabanas/dev/credici/papers/causal_flavour/models
/mnt/beegfs/rcabanas/dev/credici/target/credici-0.1.5-dev-SNAPSHOT-jar-with-dependencies.jar
/mnt/beegfs/rcabanas/dev/credici/target/credici-0.1.5-dev-SNAPSHOT-jar-with-dependencies.jar
/mnt/beegfs/rcabanas/dev/credici/target/credici-0.1.5-dev-SNAPSHOT-jar-with-dependencies.jar
/mnt/beegfs/rcabanas/dev/credici/papers/causal_flavour/code/LearnCF.java
/mnt/beegfs/rcabanas/dev/credici/papers/causal_flavour/code/LearnCF.java
/mnt/beegfs/rcabanas/dev/credici/papers/causal_flavour/code/LearnCF.java
['learn.py', '1000', '120']
seed=120
/mnt/beegfs/rcabanas/dev/credici
/mnt/beegfs/rcabanas/dev/credici/papers/causal_flavour
/mnt/beegfs/rcabanas/dev/credici/papers/causal_flavour/learntmodels
/mnt/beegfs/rcabanas/dev/credici/papers/causal_flavour/models
/mnt/beegfs/rcabanas/dev/credici/target/credici-0.1.5-dev-SNAPSHOT-jar-with-dependencies.jar
/mnt/beegfs/rcabanas/dev/credici/papers/causal_flavour/code/LearnCF.java
['learn.py', '1000', '114']
seed=114
/mnt/beegfs/rcabanas/dev/credici
/mnt/beegfs/rcabanas/dev/credici/papers/causal_flavour
/mnt/beegfs/rcabanas/dev/credici/papers/causal_flavour/learntmodels
/mnt/beegfs/rcabanas/dev/credici/papers/causal_flavour/models
/mnt/beegfs/rcabanas/dev/credici/target/credici-0.1.5-dev-SNAPSHOT-jar-with-dependencies.jar
/mnt/beegfs/rcabanas/dev/credici/papers/causal_flavour/code/LearnCF.java
['learn.py', '1000', '138']
['learn.py', '1000', '115']
seed=138
/mnt/beegfs/rcabanas/dev/credici
/mnt/beegfs/rcabanas/dev/credici/papers/causal_flavour
/mnt/beegfs/rcabanas/dev/credici/papers/causal_flavour/learntmodels
/mnt/beegfs/rcabanas/dev/credici/papers/causal_flavour/models
/mnt/beegfs/rcabanas/dev/credici/target/credici-0.1.5-dev-SNAPSHOT-jar-with-dependencies.jar
/mnt/beegfs/rcabanas/dev/credici/papers/causal_flavour/code/LearnCF.java
seed=115
/mnt/beegfs/rcabanas/dev/credici
/mnt/beegfs/rcabanas/dev/credici/papers/causal_flavour
/mnt/beegfs/rcabanas/dev/credici/papers/causal_flavour/learntmodels
/mnt/beegfs/rcabanas/dev/credici/papers/causal_flavour/models
/mnt/beegfs/rcabanas/dev/credici/target/credici-0.1.5-dev-SNAPSHOT-jar-with-dependencies.jar
/mnt/beegfs/rcabanas/dev/credici/papers/causal_flavour/code/LearnCF.java
['learn.py', '1000', '140']
['learn.py', '1000', '133']
seed=140
/mnt/beegfs/rcabanas/dev/credici
/mnt/beegfs/rcabanas/dev/credici/papers/causal_flavour
/mnt/beegfs/rcabanas/dev/credici/papers/causal_flavour/learntmodels
/mnt/beegfs/rcabanas/dev/credici/papers/causal_flavour/models
/mnt/beegfs/rcabanas/dev/credici/target/credici-0.1.5-dev-SNAPSHOT-jar-with-dependencies.jar
/mnt/beegfs/rcabanas/dev/credici/papers/causal_flavour/code/LearnCF.java
seed=133
/mnt/beegfs/rcabanas/dev/credici
/mnt/beegfs/rcabanas/dev/credici/papers/causal_flavour
/mnt/beegfs/rcabanas/dev/credici/papers/causal_flavour/learntmodels
/mnt/beegfs/rcabanas/dev/credici/papers/causal_flavour/models
/mnt/beegfs/rcabanas/dev/credici/target/credici-0.1.5-dev-SNAPSHOT-jar-with-dependencies.jar
['learn.py', '1000', '150']
['learn.py', '1000', '111']
/mnt/beegfs/rcabanas/dev/credici/papers/causal_flavour/code/LearnCF.java
seed=111
seed=150
/mnt/beegfs/rcabanas/dev/credici
/mnt/beegfs/rcabanas/dev/credici
/mnt/beegfs/rcabanas/dev/credici/papers/causal_flavour
/mnt/beegfs/rcabanas/dev/credici/papers/causal_flavour/learntmodels
/mnt/beegfs/rcabanas/dev/credici/papers/causal_flavour
['learn.py', '1000', '103']
/mnt/beegfs/rcabanas/dev/credici/papers/causal_flavour/models
/mnt/beegfs/rcabanas/dev/credici/papers/causal_flavour/learntmodels
/mnt/beegfs/rcabanas/dev/credici/target/credici-0.1.5-dev-SNAPSHOT-jar-with-dependencies.jar
/mnt/beegfs/rcabanas/dev/credici/papers/causal_flavour/code/LearnCF.java
/mnt/beegfs/rcabanas/dev/credici/papers/causal_flavour/models
/mnt/beegfs/rcabanas/dev/credici/target/credici-0.1.5-dev-SNAPSHOT-jar-with-dependencies.jar
/mnt/beegfs/rcabanas/dev/credici/papers/causal_flavour/code/LearnCF.java
['learn.py', '1000', '125']
seed=103
/mnt/beegfs/rcabanas/dev/credici
/mnt/beegfs/rcabanas/dev/credici/papers/causal_flavour
/mnt/beegfs/rcabanas/dev/credici/papers/causal_flavour/learntmodels
/mnt/beegfs/rcabanas/dev/credici/papers/causal_flavour/models
/mnt/beegfs/rcabanas/dev/credici/target/credici-0.1.5-dev-SNAPSHOT-jar-with-dependencies.jar
/mnt/beegfs/rcabanas/dev/credici/papers/causal_flavour/code/LearnCF.java
['learn.py', '1000', '100']
['learn.py', '1000', '132']
['learn.py', '1000', '106']
['learn.py', '1000', '109']
['learn.py', '1000', '122']
seed=125
/mnt/beegfs/rcabanas/dev/credici
/mnt/beegfs/rcabanas/dev/credici/papers/causal_flavour
/mnt/beegfs/rcabanas/dev/credici/papers/causal_flavour/learntmodels
/mnt/beegfs/rcabanas/dev/credici/papers/causal_flavour/models
/mnt/beegfs/rcabanas/dev/credici/target/credici-0.1.5-dev-SNAPSHOT-jar-with-dependencies.jar
/mnt/beegfs/rcabanas/dev/credici/papers/causal_flavour/code/LearnCF.java
seed=100
/mnt/beegfs/rcabanas/dev/credici
/mnt/beegfs/rcabanas/dev/credici/papers/causal_flavour
/mnt/beegfs/rcabanas/dev/credici/papers/causal_flavour/learntmodels
/mnt/beegfs/rcabanas/dev/credici/papers/causal_flavour/models
/mnt/beegfs/rcabanas/dev/credici/target/credici-0.1.5-dev-SNAPSHOT-jar-with-dependencies.jar
/mnt/beegfs/rcabanas/dev/credici/papers/causal_flavour/code/LearnCF.java
seed=132
/mnt/beegfs/rcabanas/dev/credici
/mnt/beegfs/rcabanas/dev/credici/papers/causal_flavour
/mnt/beegfs/rcabanas/dev/credici/papers/causal_flavour/learntmodels
/mnt/beegfs/rcabanas/dev/credici/papers/causal_flavour/models
/mnt/beegfs/rcabanas/dev/credici/target/credici-0.1.5-dev-SNAPSHOT-jar-with-dependencies.jar
/mnt/beegfs/rcabanas/dev/credici/papers/causal_flavour/code/LearnCF.java
['learn.py', '1000', '148']
seed=106
/mnt/beegfs/rcabanas/dev/credici
/mnt/beegfs/rcabanas/dev/credici/papers/causal_flavour
/mnt/beegfs/rcabanas/dev/credici/papers/causal_flavour/learntmodels
/mnt/beegfs/rcabanas/dev/credici/papers/causal_flavour/models
/mnt/beegfs/rcabanas/dev/credici/target/credici-0.1.5-dev-SNAPSHOT-jar-with-dependencies.jar
/mnt/beegfs/rcabanas/dev/credici/papers/causal_flavour/code/LearnCF.java
seed=109
/mnt/beegfs/rcabanas/dev/credici
/mnt/beegfs/rcabanas/dev/credici/papers/causal_flavour
/mnt/beegfs/rcabanas/dev/credici/papers/causal_flavour/learntmodels
seed=122
/mnt/beegfs/rcabanas/dev/credici
/mnt/beegfs/rcabanas/dev/credici/papers/causal_flavour
/mnt/beegfs/rcabanas/dev/credici/papers/causal_flavour/learntmodels
/mnt/beegfs/rcabanas/dev/credici/papers/causal_flavour/models
/mnt/beegfs/rcabanas/dev/credici/target/credici-0.1.5-dev-SNAPSHOT-jar-with-dependencies.jar
/mnt/beegfs/rcabanas/dev/credici/papers/causal_flavour/code/LearnCF.java
/mnt/beegfs/rcabanas/dev/credici/papers/causal_flavour/models
/mnt/beegfs/rcabanas/dev/credici/target/credici-0.1.5-dev-SNAPSHOT-jar-with-dependencies.jar
/mnt/beegfs/rcabanas/dev/credici/papers/causal_flavour/code/LearnCF.java
['learn.py', '1000', '110']
['learn.py', '1000', '104']
['learn.py', '1000', '144']
['learn.py', '1000', '127']
['learn.py', '1000', '108']
['learn.py', '1000', '143']
['learn.py', '1000', '137']
['learn.py', '1000', '121']
seed=148
/mnt/beegfs/rcabanas/dev/credici
/mnt/beegfs/rcabanas/dev/credici/papers/causal_flavour
/mnt/beegfs/rcabanas/dev/credici/papers/causal_flavour/learntmodels
/mnt/beegfs/rcabanas/dev/credici/papers/causal_flavour/models
/mnt/beegfs/rcabanas/dev/credici/target/credici-0.1.5-dev-SNAPSHOT-jar-with-dependencies.jar
/mnt/beegfs/rcabanas/dev/credici/papers/causal_flavour/code/LearnCF.java
['learn.py', '1000', '147']
['learn.py', '1000', '118']
['learn.py', '1000', '101']
['learn.py', '1000', '142']
['learn.py', '1000', '112']
seed=110
/mnt/beegfs/rcabanas/dev/credici
/mnt/beegfs/rcabanas/dev/credici/papers/causal_flavour
/mnt/beegfs/rcabanas/dev/credici/papers/causal_flavour/learntmodels
/mnt/beegfs/rcabanas/dev/credici/papers/causal_flavour/models
/mnt/beegfs/rcabanas/dev/credici/target/credici-0.1.5-dev-SNAPSHOT-jar-with-dependencies.jar
/mnt/beegfs/rcabanas/dev/credici/papers/causal_flavour/code/LearnCF.java
['learn.py', '1000', '117']
['learn.py', '1000', '128']
seed=104
/mnt/beegfs/rcabanas/dev/credici
/mnt/beegfs/rcabanas/dev/credici/papers/causal_flavour
/mnt/beegfs/rcabanas/dev/credici/papers/causal_flavour/learntmodels
/mnt/beegfs/rcabanas/dev/credici/papers/causal_flavour/models
/mnt/beegfs/rcabanas/dev/credici/target/credici-0.1.5-dev-SNAPSHOT-jar-with-dependencies.jar
/mnt/beegfs/rcabanas/dev/credici/papers/causal_flavour/code/LearnCF.java
seed=144
/mnt/beegfs/rcabanas/dev/credici
/mnt/beegfs/rcabanas/dev/credici/papers/causal_flavour
/mnt/beegfs/rcabanas/dev/credici/papers/causal_flavour/learntmodels
/mnt/beegfs/rcabanas/dev/credici/papers/causal_flavour/models
/mnt/beegfs/rcabanas/dev/credici/target/credici-0.1.5-dev-SNAPSHOT-jar-with-dependencies.jar
/mnt/beegfs/rcabanas/dev/credici/papers/causal_flavour/code/LearnCF.java
seed=127
/mnt/beegfs/rcabanas/dev/credici
/mnt/beegfs/rcabanas/dev/credici/papers/causal_flavour
/mnt/beegfs/rcabanas/dev/credici/papers/causal_flavour/learntmodels
/mnt/beegfs/rcabanas/dev/credici/papers/causal_flavour/models
/mnt/beegfs/rcabanas/dev/credici/target/credici-0.1.5-dev-SNAPSHOT-jar-with-dependencies.jar
/mnt/beegfs/rcabanas/dev/credici/papers/causal_flavour/code/LearnCF.java
seed=108
['learn.py', '1000', '102']
seed=143
/mnt/beegfs/rcabanas/dev/credici
/mnt/beegfs/rcabanas/dev/credici/papers/causal_flavour
/mnt/beegfs/rcabanas/dev/credici/papers/causal_flavour/learntmodels
/mnt/beegfs/rcabanas/dev/credici/papers/causal_flavour/models
/mnt/beegfs/rcabanas/dev/credici/target/credici-0.1.5-dev-SNAPSHOT-jar-with-dependencies.jar
/mnt/beegfs/rcabanas/dev/credici/papers/causal_flavour/code/LearnCF.java
/mnt/beegfs/rcabanas/dev/credici
/mnt/beegfs/rcabanas/dev/credici/papers/causal_flavour
/mnt/beegfs/rcabanas/dev/credici/papers/causal_flavour/learntmodels
/mnt/beegfs/rcabanas/dev/credici/papers/causal_flavour/models
/mnt/beegfs/rcabanas/dev/credici/target/credici-0.1.5-dev-SNAPSHOT-jar-with-dependencies.jar
/mnt/beegfs/rcabanas/dev/credici/papers/causal_flavour/code/LearnCF.java
['learn.py', '1000', '145']
seed=137
/mnt/beegfs/rcabanas/dev/credici
/mnt/beegfs/rcabanas/dev/credici/papers/causal_flavour
/mnt/beegfs/rcabanas/dev/credici/papers/causal_flavour/learntmodels
/mnt/beegfs/rcabanas/dev/credici/papers/causal_flavour/models
/mnt/beegfs/rcabanas/dev/credici/target/credici-0.1.5-dev-SNAPSHOT-jar-with-dependencies.jar
/mnt/beegfs/rcabanas/dev/credici/papers/causal_flavour/code/LearnCF.java
seed=121
/mnt/beegfs/rcabanas/dev/credici
/mnt/beegfs/rcabanas/dev/credici/papers/causal_flavour
/mnt/beegfs/rcabanas/dev/credici/papers/causal_flavour/learntmodels
/mnt/beegfs/rcabanas/dev/credici/papers/causal_flavour/models
/mnt/beegfs/rcabanas/dev/credici/target/credici-0.1.5-dev-SNAPSHOT-jar-with-dependencies.jar
/mnt/beegfs/rcabanas/dev/credici/papers/causal_flavour/code/LearnCF.java
seed=147
/mnt/beegfs/rcabanas/dev/credici
/mnt/beegfs/rcabanas/dev/credici/papers/causal_flavour
/mnt/beegfs/rcabanas/dev/credici/papers/causal_flavour/learntmodels
/mnt/beegfs/rcabanas/dev/credici/papers/causal_flavour/models
/mnt/beegfs/rcabanas/dev/credici/target/credici-0.1.5-dev-SNAPSHOT-jar-with-dependencies.jar
/mnt/beegfs/rcabanas/dev/credici/papers/causal_flavour/code/LearnCF.java
seed=118
/mnt/beegfs/rcabanas/dev/credici
/mnt/beegfs/rcabanas/dev/credici/papers/causal_flavour
/mnt/beegfs/rcabanas/dev/credici/papers/causal_flavour/learntmodels
/mnt/beegfs/rcabanas/dev/credici/papers/causal_flavour/models
seed=101
/mnt/beegfs/rcabanas/dev/credici
/mnt/beegfs/rcabanas/dev/credici/papers/causal_flavour
/mnt/beegfs/rcabanas/dev/credici/papers/causal_flavour/learntmodels
/mnt/beegfs/rcabanas/dev/credici/papers/causal_flavour/models
/mnt/beegfs/rcabanas/dev/credici/target/credici-0.1.5-dev-SNAPSHOT-jar-with-dependencies.jar
/mnt/beegfs/rcabanas/dev/credici/papers/causal_flavour/code/LearnCF.java
/mnt/beegfs/rcabanas/dev/credici/target/credici-0.1.5-dev-SNAPSHOT-jar-with-dependencies.jar
seed=142
['learn.py', '1000', '141']
/mnt/beegfs/rcabanas/dev/credici/papers/causal_flavour/code/LearnCF.java
/mnt/beegfs/rcabanas/dev/credici
/mnt/beegfs/rcabanas/dev/credici/papers/causal_flavour
/mnt/beegfs/rcabanas/dev/credici/papers/causal_flavour/learntmodels
/mnt/beegfs/rcabanas/dev/credici/papers/causal_flavour/models
/mnt/beegfs/rcabanas/dev/credici/target/credici-0.1.5-dev-SNAPSHOT-jar-with-dependencies.jar
/mnt/beegfs/rcabanas/dev/credici/papers/causal_flavour/code/LearnCF.java
seed=112
/mnt/beegfs/rcabanas/dev/credici
/mnt/beegfs/rcabanas/dev/credici/papers/causal_flavour
/mnt/beegfs/rcabanas/dev/credici/papers/causal_flavour/learntmodels
/mnt/beegfs/rcabanas/dev/credici/papers/causal_flavour/models
/mnt/beegfs/rcabanas/dev/credici/target/credici-0.1.5-dev-SNAPSHOT-jar-with-dependencies.jar
/mnt/beegfs/rcabanas/dev/credici/papers/causal_flavour/code/LearnCF.java
seed=117
/mnt/beegfs/rcabanas/dev/credici
/mnt/beegfs/rcabanas/dev/credici/papers/causal_flavour
/mnt/beegfs/rcabanas/dev/credici/papers/causal_flavour/learntmodels
/mnt/beegfs/rcabanas/dev/credici/papers/causal_flavour/models
/mnt/beegfs/rcabanas/dev/credici/target/credici-0.1.5-dev-SNAPSHOT-jar-with-dependencies.jar
/mnt/beegfs/rcabanas/dev/credici/papers/causal_flavour/code/LearnCF.java
seed=128
/mnt/beegfs/rcabanas/dev/credici
/mnt/beegfs/rcabanas/dev/credici/papers/causal_flavour
/mnt/beegfs/rcabanas/dev/credici/papers/causal_flavour/learntmodels
/mnt/beegfs/rcabanas/dev/credici/papers/causal_flavour/models
/mnt/beegfs/rcabanas/dev/credici/target/credici-0.1.5-dev-SNAPSHOT-jar-with-dependencies.jar
/mnt/beegfs/rcabanas/dev/credici/papers/causal_flavour/code/LearnCF.java
seed=102
/mnt/beegfs/rcabanas/dev/credici
['learn.py', '1000', '105']
/mnt/beegfs/rcabanas/dev/credici/papers/causal_flavour
/mnt/beegfs/rcabanas/dev/credici/papers/causal_flavour/learntmodels
/mnt/beegfs/rcabanas/dev/credici/papers/causal_flavour/models
/mnt/beegfs/rcabanas/dev/credici/target/credici-0.1.5-dev-SNAPSHOT-jar-with-dependencies.jar
/mnt/beegfs/rcabanas/dev/credici/papers/causal_flavour/code/LearnCF.java
seed=145
/mnt/beegfs/rcabanas/dev/credici
/mnt/beegfs/rcabanas/dev/credici/papers/causal_flavour
/mnt/beegfs/rcabanas/dev/credici/papers/causal_flavour/learntmodels
/mnt/beegfs/rcabanas/dev/credici/papers/causal_flavour/models
/mnt/beegfs/rcabanas/dev/credici/target/credici-0.1.5-dev-SNAPSHOT-jar-with-dependencies.jar
/mnt/beegfs/rcabanas/dev/credici/papers/causal_flavour/code/LearnCF.java
['learn.py', '1000', '135']
seed=141
/mnt/beegfs/rcabanas/dev/credici
/mnt/beegfs/rcabanas/dev/credici/papers/causal_flavour
/mnt/beegfs/rcabanas/dev/credici/papers/causal_flavour/learntmodels
/mnt/beegfs/rcabanas/dev/credici/papers/causal_flavour/models
/mnt/beegfs/rcabanas/dev/credici/target/credici-0.1.5-dev-SNAPSHOT-jar-with-dependencies.jar
/mnt/beegfs/rcabanas/dev/credici/papers/causal_flavour/code/LearnCF.java
['learn.py', '1000', '107']
['learn.py', '1000', '130']
seed=105
/mnt/beegfs/rcabanas/dev/credici
/mnt/beegfs/rcabanas/dev/credici/papers/causal_flavour
/mnt/beegfs/rcabanas/dev/credici/papers/causal_flavour/learntmodels
/mnt/beegfs/rcabanas/dev/credici/papers/causal_flavour/models
/mnt/beegfs/rcabanas/dev/credici/target/credici-0.1.5-dev-SNAPSHOT-jar-with-dependencies.jar
['learn.py', '1000', '129']
/mnt/beegfs/rcabanas/dev/credici/papers/causal_flavour/code/LearnCF.java
['learn.py', '1000', '124']
seed=135
/mnt/beegfs/rcabanas/dev/credici
/mnt/beegfs/rcabanas/dev/credici/papers/causal_flavour
/mnt/beegfs/rcabanas/dev/credici/papers/causal_flavour/learntmodels
/mnt/beegfs/rcabanas/dev/credici/papers/causal_flavour/models
/mnt/beegfs/rcabanas/dev/credici/target/credici-0.1.5-dev-SNAPSHOT-jar-with-dependencies.jar
/mnt/beegfs/rcabanas/dev/credici/papers/causal_flavour/code/LearnCF.java
seed=107
/mnt/beegfs/rcabanas/dev/credici
/mnt/beegfs/rcabanas/dev/credici/papers/causal_flavour
/mnt/beegfs/rcabanas/dev/credici/papers/causal_flavour/learntmodels
/mnt/beegfs/rcabanas/dev/credici/papers/causal_flavour/models
/mnt/beegfs/rcabanas/dev/credici/target/credici-0.1.5-dev-SNAPSHOT-jar-with-dependencies.jar
/mnt/beegfs/rcabanas/dev/credici/papers/causal_flavour/code/LearnCF.java
seed=130
/mnt/beegfs/rcabanas/dev/credici
/mnt/beegfs/rcabanas/dev/credici/papers/causal_flavour
/mnt/beegfs/rcabanas/dev/credici/papers/causal_flavour/learntmodels
/mnt/beegfs/rcabanas/dev/credici/papers/causal_flavour/models
/mnt/beegfs/rcabanas/dev/credici/target/credici-0.1.5-dev-SNAPSHOT-jar-with-dependencies.jar
/mnt/beegfs/rcabanas/dev/credici/papers/causal_flavour/code/LearnCF.java
seed=129
/mnt/beegfs/rcabanas/dev/credici
/mnt/beegfs/rcabanas/dev/credici/papers/causal_flavour
/mnt/beegfs/rcabanas/dev/credici/papers/causal_flavour/learntmodels
/mnt/beegfs/rcabanas/dev/credici/papers/causal_flavour/models
/mnt/beegfs/rcabanas/dev/credici/target/credici-0.1.5-dev-SNAPSHOT-jar-with-dependencies.jar
/mnt/beegfs/rcabanas/dev/credici/papers/causal_flavour/code/LearnCF.java
seed=124
/mnt/beegfs/rcabanas/dev/credici
/mnt/beegfs/rcabanas/dev/credici/papers/causal_flavour
/mnt/beegfs/rcabanas/dev/credici/papers/causal_flavour/learntmodels
/mnt/beegfs/rcabanas/dev/credici/papers/causal_flavour/models
/mnt/beegfs/rcabanas/dev/credici/target/credici-0.1.5-dev-SNAPSHOT-jar-with-dependencies.jar
/mnt/beegfs/rcabanas/dev/credici/papers/causal_flavour/code/LearnCF.java
[2024-04-15T09:30:16.167802][INFO][seed136] Set up logging
[2024-04-15T09:30:16.184062][INFO][seed136] args: -m;1000;-o;/mnt/beegfs/rcabanas/dev/credici/papers/causal_flavour/learntmodels/miter1000;--data;/mnt/beegfs/rcabanas/dev/credici/papers/causal_flavour/data/simple_learner_10Q_data.csv;-s;136;/mnt/beegfs/rcabanas/dev/credici/papers/causal_flavour/models/simple_learner_10Q.uai
[2024-04-15T09:30:16.180376][INFO][seed149] Set up logging
[2024-04-15T09:30:16.178985][INFO][seed119] Set up logging
[2024-04-15T09:30:16.201961][INFO][seed136] Starting logger with seed 136
[2024-04-15T09:30:16.206372][SEVERE][seed136] Not rewriting. File exits: /mnt/beegfs/rcabanas/dev/credici/papers/causal_flavour/learntmodels/miter1000/simple_learner_10Q/model_136.uai
[2024-04-15T09:30:16.195906][INFO][seed134] Set up logging
[2024-04-15T09:30:16.195529][INFO][seed149] args: -m;1000;-o;/mnt/beegfs/rcabanas/dev/credici/papers/causal_flavour/learntmodels/miter1000;--data;/mnt/beegfs/rcabanas/dev/credici/papers/causal_flavour/data/simple_learner_10Q_data.csv;-s;149;/mnt/beegfs/rcabanas/dev/credici/papers/causal_flavour/models/simple_learner_10Q.uai
[2024-04-15T09:30:16.209502][INFO][seed119] args: -m;1000;-o;/mnt/beegfs/rcabanas/dev/credici/papers/causal_flavour/learntmodels/miter1000;--data;/mnt/beegfs/rcabanas/dev/credici/papers/causal_flavour/data/simple_learner_10Q_data.csv;-s;119;/mnt/beegfs/rcabanas/dev/credici/papers/causal_flavour/models/simple_learner_10Q.uai
[2024-04-15T09:30:16.206499][SEVERE][seed136] java.lang.IllegalStateException: Not rewriting. File exits: /mnt/beegfs/rcabanas/dev/credici/papers/causal_flavour/learntmodels/miter1000/simple_learner_10Q/model_136.uai
[2024-04-15T09:30:16.206539][INFO][seed136] Closing log file
[2024-04-15T09:30:16.206572][INFO][seed136] Closed log file
[2024-04-15T09:30:16.211216][INFO][seed134] args: -m;1000;-o;/mnt/beegfs/rcabanas/dev/credici/papers/causal_flavour/learntmodels/miter1000;--data;/mnt/beegfs/rcabanas/dev/credici/papers/causal_flavour/data/simple_learner_10Q_data.csv;-s;134;/mnt/beegfs/rcabanas/dev/credici/papers/causal_flavour/models/simple_learner_10Q.uai
[2024-04-15T09:30:16.211613][INFO][seed149] Starting logger with seed 149
[2024-04-15T09:30:16.213806][SEVERE][seed149] Not rewriting. File exits: /mnt/beegfs/rcabanas/dev/credici/papers/causal_flavour/learntmodels/miter1000/simple_learner_10Q/model_149.uai
[2024-04-15T09:30:16.213922][SEVERE][seed149] java.lang.IllegalStateException: Not rewriting. File exits: /mnt/beegfs/rcabanas/dev/credici/papers/causal_flavour/learntmodels/miter1000/simple_learner_10Q/model_149.uai
[2024-04-15T09:30:16.213964][INFO][seed149] Closing log file
[2024-04-15T09:30:16.213996][INFO][seed149] Closed log file
[2024-04-15T09:30:16.214802][INFO][seed119] Starting logger with seed 119
[2024-04-15T09:30:16.227471][INFO][seed134] Starting logger with seed 134
[2024-04-15T09:30:16.216864][SEVERE][seed119] Not rewriting. File exits: /mnt/beegfs/rcabanas/dev/credici/papers/causal_flavour/learntmodels/miter1000/simple_learner_10Q/model_119.uai
[2024-04-15T09:30:16.216972][SEVERE][seed119] java.lang.IllegalStateException: Not rewriting. File exits: /mnt/beegfs/rcabanas/dev/credici/papers/causal_flavour/learntmodels/miter1000/simple_learner_10Q/model_119.uai
[2024-04-15T09:30:16.217017][INFO][seed119] Closing log file
[2024-04-15T09:30:16.217051][INFO][seed119] Closed log file
[2024-04-15T09:30:16.230543][SEVERE][seed134] Not rewriting. File exits: /mnt/beegfs/rcabanas/dev/credici/papers/causal_flavour/learntmodels/miter1000/simple_learner_10Q/model_134.uai
[2024-04-15T09:30:16.230665][SEVERE][seed134] java.lang.IllegalStateException: Not rewriting. File exits: /mnt/beegfs/rcabanas/dev/credici/papers/causal_flavour/learntmodels/miter1000/simple_learner_10Q/model_134.uai
[2024-04-15T09:30:16.230721][INFO][seed134] Closing log file
[2024-04-15T09:30:16.230754][INFO][seed134] Closed log file
[2024-04-15T09:30:16.251262][INFO][seed131] Set up logging
[2024-04-15T09:30:16.270303][INFO][seed131] args: -m;1000;-o;/mnt/beegfs/rcabanas/dev/credici/papers/causal_flavour/learntmodels/miter1000;--data;/mnt/beegfs/rcabanas/dev/credici/papers/causal_flavour/data/simple_learner_10Q_data.csv;-s;131;/mnt/beegfs/rcabanas/dev/credici/papers/causal_flavour/models/simple_learner_10Q.uai
[2024-04-15T09:30:16.272835][INFO][seed123] Set up logging
[2024-04-15T09:30:16.296182][INFO][seed123] args: -m;1000;-o;/mnt/beegfs/rcabanas/dev/credici/papers/causal_flavour/learntmodels/miter1000;--data;/mnt/beegfs/rcabanas/dev/credici/papers/causal_flavour/data/simple_learner_10Q_data.csv;-s;123;/mnt/beegfs/rcabanas/dev/credici/papers/causal_flavour/models/simple_learner_10Q.uai
[2024-04-15T09:30:16.291403][INFO][seed131] Starting logger with seed 131
[2024-04-15T09:30:16.293509][SEVERE][seed131] Not rewriting. File exits: /mnt/beegfs/rcabanas/dev/credici/papers/causal_flavour/learntmodels/miter1000/simple_learner_10Q/model_131.uai
[2024-04-15T09:30:16.293617][SEVERE][seed131] java.lang.IllegalStateException: Not rewriting. File exits: /mnt/beegfs/rcabanas/dev/credici/papers/causal_flavour/learntmodels/miter1000/simple_learner_10Q/model_131.uai
[2024-04-15T09:30:16.293658][INFO][seed131] Closing log file
[2024-04-15T09:30:16.293722][INFO][seed131] Closed log file
[2024-04-15T09:30:16.302184][INFO][seed123] Starting logger with seed 123
[2024-04-15T09:30:16.305545][SEVERE][seed123] Not rewriting. File exits: /mnt/beegfs/rcabanas/dev/credici/papers/causal_flavour/learntmodels/miter1000/simple_learner_10Q/model_123.uai
[2024-04-15T09:30:16.305705][SEVERE][seed123] java.lang.IllegalStateException: Not rewriting. File exits: /mnt/beegfs/rcabanas/dev/credici/papers/causal_flavour/learntmodels/miter1000/simple_learner_10Q/model_123.uai
[2024-04-15T09:30:16.305817][INFO][seed123] Closing log file
[2024-04-15T09:30:16.305912][INFO][seed123] Closed log file
[2024-04-15T09:30:16.340120][INFO][seed139] Set up logging
[2024-04-15T09:30:16.370588][INFO][seed139] args: -m;1000;-o;/mnt/beegfs/rcabanas/dev/credici/papers/causal_flavour/learntmodels/miter1000;--data;/mnt/beegfs/rcabanas/dev/credici/papers/causal_flavour/data/simple_learner_10Q_data.csv;-s;139;/mnt/beegfs/rcabanas/dev/credici/papers/causal_flavour/models/simple_learner_10Q.uai
[2024-04-15T09:30:16.375257][INFO][seed139] Starting logger with seed 139
[2024-04-15T09:30:16.377583][SEVERE][seed139] Not rewriting. File exits: /mnt/beegfs/rcabanas/dev/credici/papers/causal_flavour/learntmodels/miter1000/simple_learner_10Q/model_139.uai
[2024-04-15T09:30:16.378711][SEVERE][seed139] java.lang.IllegalStateException: Not rewriting. File exits: /mnt/beegfs/rcabanas/dev/credici/papers/causal_flavour/learntmodels/miter1000/simple_learner_10Q/model_139.uai
[2024-04-15T09:30:16.378828][INFO][seed139] Closing log file
[2024-04-15T09:30:16.378935][INFO][seed139] Closed log file
[2024-04-15T09:30:16.381966][INFO][seed126] Set up logging
[2024-04-15T09:30:16.404314][INFO][seed126] args: -m;1000;-o;/mnt/beegfs/rcabanas/dev/credici/papers/causal_flavour/learntmodels/miter1000;--data;/mnt/beegfs/rcabanas/dev/credici/papers/causal_flavour/data/simple_learner_10Q_data.csv;-s;126;/mnt/beegfs/rcabanas/dev/credici/papers/causal_flavour/models/simple_learner_10Q.uai
[2024-04-15T09:30:16.381622][INFO][seed146] Set up logging
[2024-04-15T09:30:16.409124][INFO][seed126] Starting logger with seed 126
[2024-04-15T09:30:16.410328][INFO][seed146] args: -m;1000;-o;/mnt/beegfs/rcabanas/dev/credici/papers/causal_flavour/learntmodels/miter1000;--data;/mnt/beegfs/rcabanas/dev/credici/papers/causal_flavour/data/simple_learner_10Q_data.csv;-s;146;/mnt/beegfs/rcabanas/dev/credici/papers/causal_flavour/models/simple_learner_10Q.uai
[2024-04-15T09:30:16.384584][INFO][seed116] Set up logging
[2024-04-15T09:30:16.411717][INFO][seed116] args: -m;1000;-o;/mnt/beegfs/rcabanas/dev/credici/papers/causal_flavour/learntmodels/miter1000;--data;/mnt/beegfs/rcabanas/dev/credici/papers/causal_flavour/data/simple_learner_10Q_data.csv;-s;116;/mnt/beegfs/rcabanas/dev/credici/papers/causal_flavour/models/simple_learner_10Q.uai
[2024-04-15T09:30:16.412839][SEVERE][seed126] Not rewriting. File exits: /mnt/beegfs/rcabanas/dev/credici/papers/causal_flavour/learntmodels/miter1000/simple_learner_10Q/model_126.uai
[2024-04-15T09:30:16.414638][INFO][seed146] Starting logger with seed 146
[2024-04-15T09:30:16.416697][INFO][seed116] Starting logger with seed 116
[2024-04-15T09:30:16.413076][SEVERE][seed126] java.lang.IllegalStateException: Not rewriting. File exits: /mnt/beegfs/rcabanas/dev/credici/papers/causal_flavour/learntmodels/miter1000/simple_learner_10Q/model_126.uai
[2024-04-15T09:30:16.418280][SEVERE][seed146] Not rewriting. File exits: /mnt/beegfs/rcabanas/dev/credici/papers/causal_flavour/learntmodels/miter1000/simple_learner_10Q/model_146.uai
[2024-04-15T09:30:16.420430][SEVERE][seed116] Not rewriting. File exits: /mnt/beegfs/rcabanas/dev/credici/papers/causal_flavour/learntmodels/miter1000/simple_learner_10Q/model_116.uai
[2024-04-15T09:30:16.421085][SEVERE][seed116] java.lang.IllegalStateException: Not rewriting. File exits: /mnt/beegfs/rcabanas/dev/credici/papers/causal_flavour/learntmodels/miter1000/simple_learner_10Q/model_116.uai
[2024-04-15T09:30:16.413181][INFO][seed126] Closing log file
[2024-04-15T09:30:16.418977][SEVERE][seed146] java.lang.IllegalStateException: Not rewriting. File exits: /mnt/beegfs/rcabanas/dev/credici/papers/causal_flavour/learntmodels/miter1000/simple_learner_10Q/model_146.uai
[2024-04-15T09:30:16.421191][INFO][seed116] Closing log file
[2024-04-15T09:30:16.413281][INFO][seed126] Closed log file
[2024-04-15T09:30:16.419086][INFO][seed146] Closing log file
[2024-04-15T09:30:16.419184][INFO][seed146] Closed log file
[2024-04-15T09:30:16.421285][INFO][seed116] Closed log file
[2024-04-15T09:30:16.425386][INFO][seed114] Set up logging
[2024-04-15T09:30:16.452027][INFO][seed114] args: -m;1000;-o;/mnt/beegfs/rcabanas/dev/credici/papers/causal_flavour/learntmodels/miter1000;--data;/mnt/beegfs/rcabanas/dev/credici/papers/causal_flavour/data/simple_learner_10Q_data.csv;-s;114;/mnt/beegfs/rcabanas/dev/credici/papers/causal_flavour/models/simple_learner_10Q.uai
[2024-04-15T09:30:16.458262][INFO][seed114] Starting logger with seed 114
[2024-04-15T09:30:16.461951][SEVERE][seed114] Not rewriting. File exits: /mnt/beegfs/rcabanas/dev/credici/papers/causal_flavour/learntmodels/miter1000/simple_learner_10Q/model_114.uai
[2024-04-15T09:30:16.462238][SEVERE][seed114] java.lang.IllegalStateException: Not rewriting. File exits: /mnt/beegfs/rcabanas/dev/credici/papers/causal_flavour/learntmodels/miter1000/simple_learner_10Q/model_114.uai
[2024-04-15T09:30:16.462346][INFO][seed114] Closing log file
[2024-04-15T09:30:16.462444][INFO][seed114] Closed log file
[2024-04-15T09:30:16.497901][INFO][seed115] Set up logging
[2024-04-15T09:30:16.511877][INFO][seed115] args: -m;1000;-o;/mnt/beegfs/rcabanas/dev/credici/papers/causal_flavour/learntmodels/miter1000;--data;/mnt/beegfs/rcabanas/dev/credici/papers/causal_flavour/data/simple_learner_10Q_data.csv;-s;115;/mnt/beegfs/rcabanas/dev/credici/papers/causal_flavour/models/simple_learner_10Q.uai
[2024-04-15T09:30:16.511433][INFO][seed133] Set up logging
[2024-04-15T09:30:16.527036][INFO][seed133] args: -m;1000;-o;/mnt/beegfs/rcabanas/dev/credici/papers/causal_flavour/learntmodels/miter1000;--data;/mnt/beegfs/rcabanas/dev/credici/papers/causal_flavour/data/simple_learner_10Q_data.csv;-s;133;/mnt/beegfs/rcabanas/dev/credici/papers/causal_flavour/models/simple_learner_10Q.uai
[2024-04-15T09:30:16.526989][INFO][seed115] Starting logger with seed 115
[2024-04-15T09:30:16.534612][INFO][seed133] Starting logger with seed 133
[2024-04-15T09:30:16.538663][SEVERE][seed133] Not rewriting. File exits: /mnt/beegfs/rcabanas/dev/credici/papers/causal_flavour/learntmodels/miter1000/simple_learner_10Q/model_133.uai
[2024-04-15T09:30:16.530243][SEVERE][seed115] Not rewriting. File exits: /mnt/beegfs/rcabanas/dev/credici/papers/causal_flavour/learntmodels/miter1000/simple_learner_10Q/model_115.uai
[2024-04-15T09:30:16.530336][SEVERE][seed115] java.lang.IllegalStateException: Not rewriting. File exits: /mnt/beegfs/rcabanas/dev/credici/papers/causal_flavour/learntmodels/miter1000/simple_learner_10Q/model_115.uai
[2024-04-15T09:30:16.530376][INFO][seed115] Closing log file
[2024-04-15T09:30:16.530412][INFO][seed115] Closed log file
[2024-04-15T09:30:16.536386][INFO][seed120] Set up logging
[2024-04-15T09:30:16.538924][SEVERE][seed133] java.lang.IllegalStateException: Not rewriting. File exits: /mnt/beegfs/rcabanas/dev/credici/papers/causal_flavour/learntmodels/miter1000/simple_learner_10Q/model_133.uai
[2024-04-15T09:30:16.549720][INFO][seed120] args: -m;1000;-o;/mnt/beegfs/rcabanas/dev/credici/papers/causal_flavour/learntmodels/miter1000;--data;/mnt/beegfs/rcabanas/dev/credici/papers/causal_flavour/data/simple_learner_10Q_data.csv;-s;120;/mnt/beegfs/rcabanas/dev/credici/papers/causal_flavour/models/simple_learner_10Q.uai
[2024-04-15T09:30:16.539028][INFO][seed133] Closing log file
[2024-04-15T09:30:16.539124][INFO][seed133] Closed log file
[2024-04-15T09:30:16.564456][INFO][seed120] Starting logger with seed 120
[2024-04-15T09:30:16.566236][SEVERE][seed120] Not rewriting. File exits: /mnt/beegfs/rcabanas/dev/credici/papers/causal_flavour/learntmodels/miter1000/simple_learner_10Q/model_120.uai
[2024-04-15T09:30:16.566316][SEVERE][seed120] java.lang.IllegalStateException: Not rewriting. File exits: /mnt/beegfs/rcabanas/dev/credici/papers/causal_flavour/learntmodels/miter1000/simple_learner_10Q/model_120.uai
[2024-04-15T09:30:16.566354][INFO][seed120] Closing log file
[2024-04-15T09:30:16.566385][INFO][seed120] Closed log file
[2024-04-15T09:30:16.578890][INFO][seed138] Set up logging
[2024-04-15T09:30:16.592522][INFO][seed138] args: -m;1000;-o;/mnt/beegfs/rcabanas/dev/credici/papers/causal_flavour/learntmodels/miter1000;--data;/mnt/beegfs/rcabanas/dev/credici/papers/causal_flavour/data/simple_learner_10Q_data.csv;-s;138;/mnt/beegfs/rcabanas/dev/credici/papers/causal_flavour/models/simple_learner_10Q.uai
[2024-04-15T09:30:16.590670][INFO][seed140] Set up logging
[2024-04-15T09:30:16.601650][INFO][seed138] Starting logger with seed 138
[2024-04-15T09:30:16.603516][SEVERE][seed138] Not rewriting. File exits: /mnt/beegfs/rcabanas/dev/credici/papers/causal_flavour/learntmodels/miter1000/simple_learner_10Q/model_138.uai
[2024-04-15T09:30:16.603419][INFO][seed140] args: -m;1000;-o;/mnt/beegfs/rcabanas/dev/credici/papers/causal_flavour/learntmodels/miter1000;--data;/mnt/beegfs/rcabanas/dev/credici/papers/causal_flavour/data/simple_learner_10Q_data.csv;-s;140;/mnt/beegfs/rcabanas/dev/credici/papers/causal_flavour/models/simple_learner_10Q.uai
[2024-04-15T09:30:16.608640][INFO][seed140] Starting logger with seed 140
[2024-04-15T09:30:16.603605][SEVERE][seed138] java.lang.IllegalStateException: Not rewriting. File exits: /mnt/beegfs/rcabanas/dev/credici/papers/causal_flavour/learntmodels/miter1000/simple_learner_10Q/model_138.uai
[2024-04-15T09:30:16.603645][INFO][seed138] Closing log file
[2024-04-15T09:30:16.603683][INFO][seed138] Closed log file
[2024-04-15T09:30:16.610782][SEVERE][seed140] Not rewriting. File exits: /mnt/beegfs/rcabanas/dev/credici/papers/causal_flavour/learntmodels/miter1000/simple_learner_10Q/model_140.uai
[2024-04-15T09:30:16.610936][SEVERE][seed140] java.lang.IllegalStateException: Not rewriting. File exits: /mnt/beegfs/rcabanas/dev/credici/papers/causal_flavour/learntmodels/miter1000/simple_learner_10Q/model_140.uai
[2024-04-15T09:30:16.611037][INFO][seed140] Closing log file
[2024-04-15T09:30:16.611133][INFO][seed140] Closed log file
[2024-04-15T09:30:16.647622][INFO][seed111] Set up logging
[2024-04-15T09:30:16.675532][INFO][seed111] args: -m;1000;-o;/mnt/beegfs/rcabanas/dev/credici/papers/causal_flavour/learntmodels/miter1000;--data;/mnt/beegfs/rcabanas/dev/credici/papers/causal_flavour/data/simple_learner_10Q_data.csv;-s;111;/mnt/beegfs/rcabanas/dev/credici/papers/causal_flavour/models/simple_learner_10Q.uai
[2024-04-15T09:30:16.677795][INFO][seed111] Starting logger with seed 111
[2024-04-15T09:30:16.679837][SEVERE][seed111] Not rewriting. File exits: /mnt/beegfs/rcabanas/dev/credici/papers/causal_flavour/learntmodels/miter1000/simple_learner_10Q/model_111.uai
[2024-04-15T09:30:16.680818][SEVERE][seed111] java.lang.IllegalStateException: Not rewriting. File exits: /mnt/beegfs/rcabanas/dev/credici/papers/causal_flavour/learntmodels/miter1000/simple_learner_10Q/model_111.uai
[2024-04-15T09:30:16.680950][INFO][seed111] Closing log file
[2024-04-15T09:30:16.681066][INFO][seed111] Closed log file
[2024-04-15T09:30:16.662190][INFO][seed103] Set up logging
[2024-04-15T09:30:16.671873][INFO][seed150] Set up logging
[2024-04-15T09:30:16.688652][INFO][seed150] args: -m;1000;-o;/mnt/beegfs/rcabanas/dev/credici/papers/causal_flavour/learntmodels/miter1000;--data;/mnt/beegfs/rcabanas/dev/credici/papers/causal_flavour/data/simple_learner_10Q_data.csv;-s;150;/mnt/beegfs/rcabanas/dev/credici/papers/causal_flavour/models/simple_learner_10Q.uai
[2024-04-15T09:30:16.689180][INFO][seed103] args: -m;1000;-o;/mnt/beegfs/rcabanas/dev/credici/papers/causal_flavour/learntmodels/miter1000;--data;/mnt/beegfs/rcabanas/dev/credici/papers/causal_flavour/data/simple_learner_10Q_data.csv;-s;103;/mnt/beegfs/rcabanas/dev/credici/papers/causal_flavour/models/simple_learner_10Q.uai
[2024-04-15T09:30:16.691310][INFO][seed150] Starting logger with seed 150
[2024-04-15T09:30:16.691723][INFO][seed103] Starting logger with seed 103
[2024-04-15T09:30:16.694262][SEVERE][seed103] Not rewriting. File exits: /mnt/beegfs/rcabanas/dev/credici/papers/causal_flavour/learntmodels/miter1000/simple_learner_10Q/model_103.uai
[2024-04-15T09:30:16.667523][INFO][seed100] Set up logging
[2024-04-15T09:30:16.694398][SEVERE][seed150] Not rewriting. File exits: /mnt/beegfs/rcabanas/dev/credici/papers/causal_flavour/learntmodels/miter1000/simple_learner_10Q/model_150.uai
[2024-04-15T09:30:16.694985][SEVERE][seed103] java.lang.IllegalStateException: Not rewriting. File exits: /mnt/beegfs/rcabanas/dev/credici/papers/causal_flavour/learntmodels/miter1000/simple_learner_10Q/model_103.uai
[2024-04-15T09:30:16.695998][INFO][seed100] args: -m;1000;-o;/mnt/beegfs/rcabanas/dev/credici/papers/causal_flavour/learntmodels/miter1000;--data;/mnt/beegfs/rcabanas/dev/credici/papers/causal_flavour/data/simple_learner_10Q_data.csv;-s;100;/mnt/beegfs/rcabanas/dev/credici/papers/causal_flavour/models/simple_learner_10Q.uai
[2024-04-15T09:30:16.694552][SEVERE][seed150] java.lang.IllegalStateException: Not rewriting. File exits: /mnt/beegfs/rcabanas/dev/credici/papers/causal_flavour/learntmodels/miter1000/simple_learner_10Q/model_150.uai
[2024-04-15T09:30:16.694655][INFO][seed150] Closing log file
[2024-04-15T09:30:16.695095][INFO][seed103] Closing log file
[2024-04-15T09:30:16.698756][INFO][seed100] Starting logger with seed 100
[2024-04-15T09:30:16.694766][INFO][seed150] Closed log file
[2024-04-15T09:30:16.695194][INFO][seed103] Closed log file
[2024-04-15T09:30:16.701034][SEVERE][seed100] Not rewriting. File exits: /mnt/beegfs/rcabanas/dev/credici/papers/causal_flavour/learntmodels/miter1000/simple_learner_10Q/model_100.uai
[2024-04-15T09:30:16.702047][SEVERE][seed100] java.lang.IllegalStateException: Not rewriting. File exits: /mnt/beegfs/rcabanas/dev/credici/papers/causal_flavour/learntmodels/miter1000/simple_learner_10Q/model_100.uai
[2024-04-15T09:30:16.702191][INFO][seed100] Closing log file
[2024-04-15T09:30:16.702286][INFO][seed100] Closed log file
[2024-04-15T09:30:16.674157][INFO][seed148] Set up logging
[2024-04-15T09:30:16.702757][INFO][seed148] args: -m;1000;-o;/mnt/beegfs/rcabanas/dev/credici/papers/causal_flavour/learntmodels/miter1000;--data;/mnt/beegfs/rcabanas/dev/credici/papers/causal_flavour/data/simple_learner_10Q_data.csv;-s;148;/mnt/beegfs/rcabanas/dev/credici/papers/causal_flavour/models/simple_learner_10Q.uai
[2024-04-15T09:30:16.706592][INFO][seed148] Starting logger with seed 148
[2024-04-15T09:30:16.710634][SEVERE][seed148] Not rewriting. File exits: /mnt/beegfs/rcabanas/dev/credici/papers/causal_flavour/learntmodels/miter1000/simple_learner_10Q/model_148.uai
[2024-04-15T09:30:16.710900][SEVERE][seed148] java.lang.IllegalStateException: Not rewriting. File exits: /mnt/beegfs/rcabanas/dev/credici/papers/causal_flavour/learntmodels/miter1000/simple_learner_10Q/model_148.uai
[2024-04-15T09:30:16.711002][INFO][seed148] Closing log file
[2024-04-15T09:30:16.711095][INFO][seed148] Closed log file
[2024-04-15T09:30:16.714006][INFO][seed110] Set up logging
[2024-04-15T09:30:16.699007][INFO][seed109] Set up logging
[2024-04-15T09:30:16.716026][INFO][seed132] Set up logging
[2024-04-15T09:30:16.723141][INFO][seed109] args: -m;1000;-o;/mnt/beegfs/rcabanas/dev/credici/papers/causal_flavour/learntmodels/miter1000;--data;/mnt/beegfs/rcabanas/dev/credici/papers/causal_flavour/data/simple_learner_10Q_data.csv;-s;109;/mnt/beegfs/rcabanas/dev/credici/papers/causal_flavour/models/simple_learner_10Q.uai
[2024-04-15T09:30:16.729548][INFO][seed109] Starting logger with seed 109
[2024-04-15T09:30:16.734154][INFO][seed110] args: -m;1000;-o;/mnt/beegfs/rcabanas/dev/credici/papers/causal_flavour/learntmodels/miter1000;--data;/mnt/beegfs/rcabanas/dev/credici/papers/causal_flavour/data/simple_learner_10Q_data.csv;-s;110;/mnt/beegfs/rcabanas/dev/credici/papers/causal_flavour/models/simple_learner_10Q.uai
[2024-04-15T09:30:16.732632][SEVERE][seed109] Not rewriting. File exits: /mnt/beegfs/rcabanas/dev/credici/papers/causal_flavour/learntmodels/miter1000/simple_learner_10Q/model_109.uai
[2024-04-15T09:30:16.734923][SEVERE][seed109] java.lang.IllegalStateException: Not rewriting. File exits: /mnt/beegfs/rcabanas/dev/credici/papers/causal_flavour/learntmodels/miter1000/simple_learner_10Q/model_109.uai
[2024-04-15T09:30:16.735025][INFO][seed109] Closing log file
[2024-04-15T09:30:16.735121][INFO][seed109] Closed log file
[2024-04-15T09:30:16.739098][INFO][seed132] args: -m;1000;-o;/mnt/beegfs/rcabanas/dev/credici/papers/causal_flavour/learntmodels/miter1000;--data;/mnt/beegfs/rcabanas/dev/credici/papers/causal_flavour/data/simple_learner_10Q_data.csv;-s;132;/mnt/beegfs/rcabanas/dev/credici/papers/causal_flavour/models/simple_learner_10Q.uai
[2024-04-15T09:30:16.740975][INFO][seed110] Starting logger with seed 110
[2024-04-15T09:30:16.742092][INFO][seed132] Starting logger with seed 132
[2024-04-15T09:30:16.746664][SEVERE][seed110] Not rewriting. File exits: /mnt/beegfs/rcabanas/dev/credici/papers/causal_flavour/learntmodels/miter1000/simple_learner_10Q/model_110.uai
[2024-04-15T09:30:16.747378][SEVERE][seed132] Not rewriting. File exits: /mnt/beegfs/rcabanas/dev/credici/papers/causal_flavour/learntmodels/miter1000/simple_learner_10Q/model_132.uai
[2024-04-15T09:30:16.722444][INFO][seed106] Set up logging
[2024-04-15T09:30:16.746965][SEVERE][seed110] java.lang.IllegalStateException: Not rewriting. File exits: /mnt/beegfs/rcabanas/dev/credici/papers/causal_flavour/learntmodels/miter1000/simple_learner_10Q/model_110.uai
[2024-04-15T09:30:16.747548][SEVERE][seed132] java.lang.IllegalStateException: Not rewriting. File exits: /mnt/beegfs/rcabanas/dev/credici/papers/causal_flavour/learntmodels/miter1000/simple_learner_10Q/model_132.uai
[2024-04-15T09:30:16.748104][INFO][seed106] args: -m;1000;-o;/mnt/beegfs/rcabanas/dev/credici/papers/causal_flavour/learntmodels/miter1000;--data;/mnt/beegfs/rcabanas/dev/credici/papers/causal_flavour/data/simple_learner_10Q_data.csv;-s;106;/mnt/beegfs/rcabanas/dev/credici/papers/causal_flavour/models/simple_learner_10Q.uai
[2024-04-15T09:30:16.747069][INFO][seed110] Closing log file
[2024-04-15T09:30:16.747652][INFO][seed132] Closing log file
[2024-04-15T09:30:16.750811][INFO][seed106] Starting logger with seed 106
[2024-04-15T09:30:16.747163][INFO][seed110] Closed log file
[2024-04-15T09:30:16.747761][INFO][seed132] Closed log file
[2024-04-15T09:30:16.754367][SEVERE][seed106] Not rewriting. File exits: /mnt/beegfs/rcabanas/dev/credici/papers/causal_flavour/learntmodels/miter1000/simple_learner_10Q/model_106.uai
[2024-04-15T09:30:16.754503][SEVERE][seed106] java.lang.IllegalStateException: Not rewriting. File exits: /mnt/beegfs/rcabanas/dev/credici/papers/causal_flavour/learntmodels/miter1000/simple_learner_10Q/model_106.uai
[2024-04-15T09:30:16.754603][INFO][seed106] Closing log file
[2024-04-15T09:30:16.754713][INFO][seed106] Closed log file
[2024-04-15T09:30:16.775620][INFO][seed144] Set up logging
[2024-04-15T09:30:16.785695][INFO][seed122] Set up logging
[2024-04-15T09:30:16.796843][INFO][seed122] args: -m;1000;-o;/mnt/beegfs/rcabanas/dev/credici/papers/causal_flavour/learntmodels/miter1000;--data;/mnt/beegfs/rcabanas/dev/credici/papers/causal_flavour/data/simple_learner_10Q_data.csv;-s;122;/mnt/beegfs/rcabanas/dev/credici/papers/causal_flavour/models/simple_learner_10Q.uai
[2024-04-15T09:30:16.801084][INFO][seed122] Starting logger with seed 122
[2024-04-15T09:30:16.804431][INFO][seed144] args: -m;1000;-o;/mnt/beegfs/rcabanas/dev/credici/papers/causal_flavour/learntmodels/miter1000;--data;/mnt/beegfs/rcabanas/dev/credici/papers/causal_flavour/data/simple_learner_10Q_data.csv;-s;144;/mnt/beegfs/rcabanas/dev/credici/papers/causal_flavour/models/simple_learner_10Q.uai
[2024-04-15T09:30:16.805187][SEVERE][seed122] Not rewriting. File exits: /mnt/beegfs/rcabanas/dev/credici/papers/causal_flavour/learntmodels/miter1000/simple_learner_10Q/model_122.uai
[2024-04-15T09:30:16.805337][SEVERE][seed122] java.lang.IllegalStateException: Not rewriting. File exits: /mnt/beegfs/rcabanas/dev/credici/papers/causal_flavour/learntmodels/miter1000/simple_learner_10Q/model_122.uai
[2024-04-15T09:30:16.805441][INFO][seed122] Closing log file
[2024-04-15T09:30:16.793361][INFO][seed128] Set up logging
[2024-04-15T09:30:16.789450][INFO][seed130] Set up logging
[2024-04-15T09:30:16.805541][INFO][seed122] Closed log file
[2024-04-15T09:30:16.807308][INFO][seed144] Starting logger with seed 144
[2024-04-15T09:30:16.808099][INFO][seed130] args: -m;1000;-o;/mnt/beegfs/rcabanas/dev/credici/papers/causal_flavour/learntmodels/miter1000;--data;/mnt/beegfs/rcabanas/dev/credici/papers/causal_flavour/data/simple_learner_10Q_data.csv;-s;130;/mnt/beegfs/rcabanas/dev/credici/papers/causal_flavour/models/simple_learner_10Q.uai
[2024-04-15T09:30:16.810159][SEVERE][seed144] Not rewriting. File exits: /mnt/beegfs/rcabanas/dev/credici/papers/causal_flavour/learntmodels/miter1000/simple_learner_10Q/model_144.uai
[2024-04-15T09:30:16.810269][SEVERE][seed144] java.lang.IllegalStateException: Not rewriting. File exits: /mnt/beegfs/rcabanas/dev/credici/papers/causal_flavour/learntmodels/miter1000/simple_learner_10Q/model_144.uai
[2024-04-15T09:30:16.810308][INFO][seed144] Closing log file
[2024-04-15T09:30:16.810341][INFO][seed144] Closed log file
[2024-04-15T09:30:16.810850][INFO][seed130] Starting logger with seed 130
[2024-04-15T09:30:16.788344][INFO][seed129] Set up logging
[2024-04-15T09:30:16.813991][SEVERE][seed130] Not rewriting. File exits: /mnt/beegfs/rcabanas/dev/credici/papers/causal_flavour/learntmodels/miter1000/simple_learner_10Q/model_130.uai
[2024-04-15T09:30:16.814155][SEVERE][seed130] java.lang.IllegalStateException: Not rewriting. File exits: /mnt/beegfs/rcabanas/dev/credici/papers/causal_flavour/learntmodels/miter1000/simple_learner_10Q/model_130.uai
[2024-04-15T09:30:16.814257][INFO][seed130] Closing log file
[2024-04-15T09:30:16.814349][INFO][seed130] Closed log file
[2024-04-15T09:30:16.814504][INFO][seed129] args: -m;1000;-o;/mnt/beegfs/rcabanas/dev/credici/papers/causal_flavour/learntmodels/miter1000;--data;/mnt/beegfs/rcabanas/dev/credici/papers/causal_flavour/data/simple_learner_10Q_data.csv;-s;129;/mnt/beegfs/rcabanas/dev/credici/papers/causal_flavour/models/simple_learner_10Q.uai
[2024-04-15T09:30:16.816380][INFO][seed129] Starting logger with seed 129
[2024-04-15T09:30:16.818157][SEVERE][seed129] Not rewriting. File exits: /mnt/beegfs/rcabanas/dev/credici/papers/causal_flavour/learntmodels/miter1000/simple_learner_10Q/model_129.uai
[2024-04-15T09:30:16.820752][INFO][seed128] args: -m;1000;-o;/mnt/beegfs/rcabanas/dev/credici/papers/causal_flavour/learntmodels/miter1000;--data;/mnt/beegfs/rcabanas/dev/credici/papers/causal_flavour/data/simple_learner_10Q_data.csv;-s;128;/mnt/beegfs/rcabanas/dev/credici/papers/causal_flavour/models/simple_learner_10Q.uai
[2024-04-15T09:30:16.818998][SEVERE][seed129] java.lang.IllegalStateException: Not rewriting. File exits: /mnt/beegfs/rcabanas/dev/credici/papers/causal_flavour/learntmodels/miter1000/simple_learner_10Q/model_129.uai
[2024-04-15T09:30:16.819101][INFO][seed129] Closing log file
[2024-04-15T09:30:16.819194][INFO][seed129] Closed log file
[2024-04-15T09:30:16.811563][INFO][seed117] Set up logging
[2024-04-15T09:30:16.823277][INFO][seed128] Starting logger with seed 128
[2024-04-15T09:30:16.825251][SEVERE][seed128] Not rewriting. File exits: /mnt/beegfs/rcabanas/dev/credici/papers/causal_flavour/learntmodels/miter1000/simple_learner_10Q/model_128.uai
[2024-04-15T09:30:16.825356][SEVERE][seed128] java.lang.IllegalStateException: Not rewriting. File exits: /mnt/beegfs/rcabanas/dev/credici/papers/causal_flavour/learntmodels/miter1000/simple_learner_10Q/model_128.uai
[2024-04-15T09:30:16.825395][INFO][seed128] Closing log file
[2024-04-15T09:30:16.825426][INFO][seed128] Closed log file
[2024-04-15T09:30:16.814670][INFO][seed101] Set up logging
[2024-04-15T09:30:16.799156][INFO][seed102] Set up logging
[2024-04-15T09:30:16.829205][INFO][seed117] args: -m;1000;-o;/mnt/beegfs/rcabanas/dev/credici/papers/causal_flavour/learntmodels/miter1000;--data;/mnt/beegfs/rcabanas/dev/credici/papers/causal_flavour/data/simple_learner_10Q_data.csv;-s;117;/mnt/beegfs/rcabanas/dev/credici/papers/causal_flavour/models/simple_learner_10Q.uai
[2024-04-15T09:30:16.808218][INFO][seed125] Set up logging
[2024-04-15T09:30:16.829451][INFO][seed102] args: -m;1000;-o;/mnt/beegfs/rcabanas/dev/credici/papers/causal_flavour/learntmodels/miter1000;--data;/mnt/beegfs/rcabanas/dev/credici/papers/causal_flavour/data/simple_learner_10Q_data.csv;-s;102;/mnt/beegfs/rcabanas/dev/credici/papers/causal_flavour/models/simple_learner_10Q.uai
[2024-04-15T09:30:16.831312][INFO][seed125] args: -m;1000;-o;/mnt/beegfs/rcabanas/dev/credici/papers/causal_flavour/learntmodels/miter1000;--data;/mnt/beegfs/rcabanas/dev/credici/papers/causal_flavour/data/simple_learner_10Q_data.csv;-s;125;/mnt/beegfs/rcabanas/dev/credici/papers/causal_flavour/models/simple_learner_10Q.uai
[2024-04-15T09:30:16.831845][INFO][seed102] Starting logger with seed 102
[2024-04-15T09:30:16.833659][SEVERE][seed102] Not rewriting. File exits: /mnt/beegfs/rcabanas/dev/credici/papers/causal_flavour/learntmodels/miter1000/simple_learner_10Q/model_102.uai
[2024-04-15T09:30:16.833789][SEVERE][seed102] java.lang.IllegalStateException: Not rewriting. File exits: /mnt/beegfs/rcabanas/dev/credici/papers/causal_flavour/learntmodels/miter1000/simple_learner_10Q/model_102.uai
[2024-04-15T09:30:16.833829][INFO][seed102] Closing log file
[2024-04-15T09:30:16.833859][INFO][seed102] Closed log file
[2024-04-15T09:30:16.833706][INFO][seed125] Starting logger with seed 125
[2024-04-15T09:30:16.836698][SEVERE][seed125] Not rewriting. File exits: /mnt/beegfs/rcabanas/dev/credici/papers/causal_flavour/learntmodels/miter1000/simple_learner_10Q/model_125.uai
[2024-04-15T09:30:16.836831][SEVERE][seed125] java.lang.IllegalStateException: Not rewriting. File exits: /mnt/beegfs/rcabanas/dev/credici/papers/causal_flavour/learntmodels/miter1000/simple_learner_10Q/model_125.uai
[2024-04-15T09:30:16.836931][INFO][seed125] Closing log file
[2024-04-15T09:30:16.837032][INFO][seed125] Closed log file
[2024-04-15T09:30:16.842246][INFO][seed101] args: -m;1000;-o;/mnt/beegfs/rcabanas/dev/credici/papers/causal_flavour/learntmodels/miter1000;--data;/mnt/beegfs/rcabanas/dev/credici/papers/causal_flavour/data/simple_learner_10Q_data.csv;-s;101;/mnt/beegfs/rcabanas/dev/credici/papers/causal_flavour/models/simple_learner_10Q.uai
[2024-04-15T09:30:16.844355][INFO][seed117] Starting logger with seed 117
[2024-04-15T09:30:16.846229][SEVERE][seed117] Not rewriting. File exits: /mnt/beegfs/rcabanas/dev/credici/papers/causal_flavour/learntmodels/miter1000/simple_learner_10Q/model_117.uai
[2024-04-15T09:30:16.846326][SEVERE][seed117] java.lang.IllegalStateException: Not rewriting. File exits: /mnt/beegfs/rcabanas/dev/credici/papers/causal_flavour/learntmodels/miter1000/simple_learner_10Q/model_117.uai
[2024-04-15T09:30:16.846366][INFO][seed117] Closing log file
[2024-04-15T09:30:16.846397][INFO][seed117] Closed log file
[2024-04-15T09:30:16.845588][INFO][seed101] Starting logger with seed 101
[2024-04-15T09:30:16.847400][SEVERE][seed101] Not rewriting. File exits: /mnt/beegfs/rcabanas/dev/credici/papers/causal_flavour/learntmodels/miter1000/simple_learner_10Q/model_101.uai
[2024-04-15T09:30:16.847487][SEVERE][seed101] java.lang.IllegalStateException: Not rewriting. File exits: /mnt/beegfs/rcabanas/dev/credici/papers/causal_flavour/learntmodels/miter1000/simple_learner_10Q/model_101.uai
[2024-04-15T09:30:16.847530][INFO][seed101] Closing log file
[2024-04-15T09:30:16.847561][INFO][seed101] Closed log file
['learn.py', '1000', '113']
[2024-04-15T09:30:16.845817][INFO][seed124] Set up logging
[2024-04-15T09:30:16.857612][INFO][seed118] Set up logging
[2024-04-15T09:30:16.869807][INFO][seed124] args: -m;1000;-o;/mnt/beegfs/rcabanas/dev/credici/papers/causal_flavour/learntmodels/miter1000;--data;/mnt/beegfs/rcabanas/dev/credici/papers/causal_flavour/data/simple_learner_10Q_data.csv;-s;124;/mnt/beegfs/rcabanas/dev/credici/papers/causal_flavour/models/simple_learner_10Q.uai
[2024-04-15T09:30:16.840725][INFO][seed142] Set up logging
[2024-04-15T09:30:16.870435][INFO][seed142] args: -m;1000;-o;/mnt/beegfs/rcabanas/dev/credici/papers/causal_flavour/learntmodels/miter1000;--data;/mnt/beegfs/rcabanas/dev/credici/papers/causal_flavour/data/simple_learner_10Q_data.csv;-s;142;/mnt/beegfs/rcabanas/dev/credici/papers/causal_flavour/models/simple_learner_10Q.uai
[2024-04-15T09:30:16.870983][INFO][seed118] args: -m;1000;-o;/mnt/beegfs/rcabanas/dev/credici/papers/causal_flavour/learntmodels/miter1000;--data;/mnt/beegfs/rcabanas/dev/credici/papers/causal_flavour/data/simple_learner_10Q_data.csv;-s;118;/mnt/beegfs/rcabanas/dev/credici/papers/causal_flavour/models/simple_learner_10Q.uai
[2024-04-15T09:30:16.871738][INFO][seed124] Starting logger with seed 124
[2024-04-15T09:30:16.858351][INFO][seed143] Set up logging
[2024-04-15T09:30:16.858490][INFO][seed108] Set up logging
[2024-04-15T09:30:16.874444][INFO][seed142] Starting logger with seed 142
[2024-04-15T09:30:16.875587][SEVERE][seed124] Not rewriting. File exits: /mnt/beegfs/rcabanas/dev/credici/papers/causal_flavour/learntmodels/miter1000/simple_learner_10Q/model_124.uai
[2024-04-15T09:30:16.875770][SEVERE][seed124] java.lang.IllegalStateException: Not rewriting. File exits: /mnt/beegfs/rcabanas/dev/credici/papers/causal_flavour/learntmodels/miter1000/simple_learner_10Q/model_124.uai
[2024-04-15T09:30:16.875872][INFO][seed124] Closing log file
[2024-04-15T09:30:16.875966][INFO][seed124] Closed log file
[2024-04-15T09:30:16.852064][INFO][seed141] Set up logging
[2024-04-15T09:30:16.877293][INFO][seed141] args: -m;1000;-o;/mnt/beegfs/rcabanas/dev/credici/papers/causal_flavour/learntmodels/miter1000;--data;/mnt/beegfs/rcabanas/dev/credici/papers/causal_flavour/data/simple_learner_10Q_data.csv;-s;141;/mnt/beegfs/rcabanas/dev/credici/papers/causal_flavour/models/simple_learner_10Q.uai
[2024-04-15T09:30:16.877904][SEVERE][seed142] Not rewriting. File exits: /mnt/beegfs/rcabanas/dev/credici/papers/causal_flavour/learntmodels/miter1000/simple_learner_10Q/model_142.uai
[2024-04-15T09:30:16.878136][SEVERE][seed142] java.lang.IllegalStateException: Not rewriting. File exits: /mnt/beegfs/rcabanas/dev/credici/papers/causal_flavour/learntmodels/miter1000/simple_learner_10Q/model_142.uai
[2024-04-15T09:30:16.878241][INFO][seed142] Closing log file
[2024-04-15T09:30:16.878338][INFO][seed142] Closed log file
[2024-04-15T09:30:16.873831][INFO][seed147] Set up logging
[2024-04-15T09:30:16.885418][INFO][seed141] Starting logger with seed 141
[2024-04-15T09:30:16.871888][INFO][seed104] Set up logging
[2024-04-15T09:30:16.873141][INFO][seed143] args: -m;1000;-o;/mnt/beegfs/rcabanas/dev/credici/papers/causal_flavour/learntmodels/miter1000;--data;/mnt/beegfs/rcabanas/dev/credici/papers/causal_flavour/data/simple_learner_10Q_data.csv;-s;143;/mnt/beegfs/rcabanas/dev/credici/papers/causal_flavour/models/simple_learner_10Q.uai
[2024-04-15T09:30:16.886200][INFO][seed108] args: -m;1000;-o;/mnt/beegfs/rcabanas/dev/credici/papers/causal_flavour/learntmodels/miter1000;--data;/mnt/beegfs/rcabanas/dev/credici/papers/causal_flavour/data/simple_learner_10Q_data.csv;-s;108;/mnt/beegfs/rcabanas/dev/credici/papers/causal_flavour/models/simple_learner_10Q.uai
[2024-04-15T09:30:16.887518][SEVERE][seed141] Not rewriting. File exits: /mnt/beegfs/rcabanas/dev/credici/papers/causal_flavour/learntmodels/miter1000/simple_learner_10Q/model_141.uai
[2024-04-15T09:30:16.885250][INFO][seed118] Starting logger with seed 118
[2024-04-15T09:30:16.887810][INFO][seed143] Starting logger with seed 143
[2024-04-15T09:30:16.888438][INFO][seed108] Starting logger with seed 108
[2024-04-15T09:30:16.886318][INFO][seed104] args: -m;1000;-o;/mnt/beegfs/rcabanas/dev/credici/papers/causal_flavour/learntmodels/miter1000;--data;/mnt/beegfs/rcabanas/dev/credici/papers/causal_flavour/data/simple_learner_10Q_data.csv;-s;104;/mnt/beegfs/rcabanas/dev/credici/papers/causal_flavour/models/simple_learner_10Q.uai
[2024-04-15T09:30:16.887080][SEVERE][seed118] Not rewriting. File exits: /mnt/beegfs/rcabanas/dev/credici/papers/causal_flavour/learntmodels/miter1000/simple_learner_10Q/model_118.uai
[2024-04-15T09:30:16.887159][SEVERE][seed118] java.lang.IllegalStateException: Not rewriting. File exits: /mnt/beegfs/rcabanas/dev/credici/papers/causal_flavour/learntmodels/miter1000/simple_learner_10Q/model_118.uai
[2024-04-15T09:30:16.887197][INFO][seed118] Closing log file
[2024-04-15T09:30:16.887230][INFO][seed118] Closed log file
[2024-04-15T09:30:16.889224][INFO][seed147] args: -m;1000;-o;/mnt/beegfs/rcabanas/dev/credici/papers/causal_flavour/learntmodels/miter1000;--data;/mnt/beegfs/rcabanas/dev/credici/papers/causal_flavour/data/simple_learner_10Q_data.csv;-s;147;/mnt/beegfs/rcabanas/dev/credici/papers/causal_flavour/models/simple_learner_10Q.uai
[2024-04-15T09:30:16.890779][SEVERE][seed141] java.lang.IllegalStateException: Not rewriting. File exits: /mnt/beegfs/rcabanas/dev/credici/papers/causal_flavour/learntmodels/miter1000/simple_learner_10Q/model_141.uai
seed=113
[2024-04-15T09:30:16.891390][SEVERE][seed108] Not rewriting. File exits: /mnt/beegfs/rcabanas/dev/credici/papers/causal_flavour/learntmodels/miter1000/simple_learner_10Q/model_108.uai
[2024-04-15T09:30:16.891493][SEVERE][seed108] java.lang.IllegalStateException: Not rewriting. File exits: /mnt/beegfs/rcabanas/dev/credici/papers/causal_flavour/learntmodels/miter1000/simple_learner_10Q/model_108.uai
[2024-04-15T09:30:16.891535][INFO][seed108] Closing log file
[2024-04-15T09:30:16.891567][INFO][seed108] Closed log file
[2024-04-15T09:30:16.891573][SEVERE][seed143] Not rewriting. File exits: /mnt/beegfs/rcabanas/dev/credici/papers/causal_flavour/learntmodels/miter1000/simple_learner_10Q/model_143.uai
[2024-04-15T09:30:16.891722][SEVERE][seed143] java.lang.IllegalStateException: Not rewriting. File exits: /mnt/beegfs/rcabanas/dev/credici/papers/causal_flavour/learntmodels/miter1000/simple_learner_10Q/model_143.uai
[2024-04-15T09:30:16.891763][INFO][seed143] Closing log file
[2024-04-15T09:30:16.891793][INFO][seed143] Closed log file
[2024-04-15T09:30:16.890961][INFO][seed141] Closing log file
/mnt/beegfs/rcabanas/dev/credici
[2024-04-15T09:30:16.891061][INFO][seed141] Closed log file
/mnt/beegfs/rcabanas/dev/credici/papers/causal_flavour
/mnt/beegfs/rcabanas/dev/credici/papers/causal_flavour/learntmodels
/mnt/beegfs/rcabanas/dev/credici/papers/causal_flavour/models
/mnt/beegfs/rcabanas/dev/credici/target/credici-0.1.5-dev-SNAPSHOT-jar-with-dependencies.jar
[2024-04-15T09:30:16.880884][INFO][seed105] Set up logging
[2024-04-15T09:30:16.902806][INFO][seed105] args: -m;1000;-o;/mnt/beegfs/rcabanas/dev/credici/papers/causal_flavour/learntmodels/miter1000;--data;/mnt/beegfs/rcabanas/dev/credici/papers/causal_flavour/data/simple_learner_10Q_data.csv;-s;105;/mnt/beegfs/rcabanas/dev/credici/papers/causal_flavour/models/simple_learner_10Q.uai
/mnt/beegfs/rcabanas/dev/credici/papers/causal_flavour/code/LearnCF.java
[2024-04-15T09:30:16.870670][INFO][seed112] Set up logging
[2024-04-15T09:30:16.901796][INFO][seed104] Starting logger with seed 104
[2024-04-15T09:30:16.903800][INFO][seed112] args: -m;1000;-o;/mnt/beegfs/rcabanas/dev/credici/papers/causal_flavour/learntmodels/miter1000;--data;/mnt/beegfs/rcabanas/dev/credici/papers/causal_flavour/data/simple_learner_10Q_data.csv;-s;112;/mnt/beegfs/rcabanas/dev/credici/papers/causal_flavour/models/simple_learner_10Q.uai
[2024-04-15T09:30:16.902274][INFO][seed147] Starting logger with seed 147
[2024-04-15T09:30:16.904537][SEVERE][seed104] Not rewriting. File exits: /mnt/beegfs/rcabanas/dev/credici/papers/causal_flavour/learntmodels/miter1000/simple_learner_10Q/model_104.uai
[2024-04-15T09:30:16.904634][SEVERE][seed104] java.lang.IllegalStateException: Not rewriting. File exits: /mnt/beegfs/rcabanas/dev/credici/papers/causal_flavour/learntmodels/miter1000/simple_learner_10Q/model_104.uai
[2024-04-15T09:30:16.904674][INFO][seed104] Closing log file
[2024-04-15T09:30:16.904715][INFO][seed104] Closed log file
[2024-04-15T09:30:16.904996][SEVERE][seed147] Not rewriting. File exits: /mnt/beegfs/rcabanas/dev/credici/papers/causal_flavour/learntmodels/miter1000/simple_learner_10Q/model_147.uai
[2024-04-15T09:30:16.905094][SEVERE][seed147] java.lang.IllegalStateException: Not rewriting. File exits: /mnt/beegfs/rcabanas/dev/credici/papers/causal_flavour/learntmodels/miter1000/simple_learner_10Q/model_147.uai
[2024-04-15T09:30:16.905134][INFO][seed147] Closing log file
[2024-04-15T09:30:16.905168][INFO][seed147] Closed log file
[2024-04-15T09:30:16.905880][INFO][seed112] Starting logger with seed 112
[2024-04-15T09:30:16.878180][INFO][seed127] Set up logging
[2024-04-15T09:30:16.906569][INFO][seed105] Starting logger with seed 105
[2024-04-15T09:30:16.881370][INFO][seed145] Set up logging
[2024-04-15T09:30:16.890797][INFO][seed107] Set up logging
[2024-04-15T09:30:16.906729][INFO][seed127] args: -m;1000;-o;/mnt/beegfs/rcabanas/dev/credici/papers/causal_flavour/learntmodels/miter1000;--data;/mnt/beegfs/rcabanas/dev/credici/papers/causal_flavour/data/simple_learner_10Q_data.csv;-s;127;/mnt/beegfs/rcabanas/dev/credici/papers/causal_flavour/models/simple_learner_10Q.uai
[2024-04-15T09:30:16.908747][INFO][seed145] args: -m;1000;-o;/mnt/beegfs/rcabanas/dev/credici/papers/causal_flavour/learntmodels/miter1000;--data;/mnt/beegfs/rcabanas/dev/credici/papers/causal_flavour/data/simple_learner_10Q_data.csv;-s;145;/mnt/beegfs/rcabanas/dev/credici/papers/causal_flavour/models/simple_learner_10Q.uai
[2024-04-15T09:30:16.910936][SEVERE][seed105] Not rewriting. File exits: /mnt/beegfs/rcabanas/dev/credici/papers/causal_flavour/learntmodels/miter1000/simple_learner_10Q/model_105.uai
[2024-04-15T09:30:16.911023][SEVERE][seed112] Not rewriting. File exits: /mnt/beegfs/rcabanas/dev/credici/papers/causal_flavour/learntmodels/miter1000/simple_learner_10Q/model_112.uai
[2024-04-15T09:30:16.908102][INFO][seed107] args: -m;1000;-o;/mnt/beegfs/rcabanas/dev/credici/papers/causal_flavour/learntmodels/miter1000;--data;/mnt/beegfs/rcabanas/dev/credici/papers/causal_flavour/data/simple_learner_10Q_data.csv;-s;107;/mnt/beegfs/rcabanas/dev/credici/papers/causal_flavour/models/simple_learner_10Q.uai
[2024-04-15T09:30:16.910989][INFO][seed145] Starting logger with seed 145
[2024-04-15T09:30:16.912337][INFO][seed127] Starting logger with seed 127
[2024-04-15T09:30:16.911094][SEVERE][seed105] java.lang.IllegalStateException: Not rewriting. File exits: /mnt/beegfs/rcabanas/dev/credici/papers/causal_flavour/learntmodels/miter1000/simple_learner_10Q/model_105.uai
[2024-04-15T09:30:16.911222][SEVERE][seed112] java.lang.IllegalStateException: Not rewriting. File exits: /mnt/beegfs/rcabanas/dev/credici/papers/causal_flavour/learntmodels/miter1000/simple_learner_10Q/model_112.uai
[2024-04-15T09:30:16.910315][INFO][seed107] Starting logger with seed 107
[2024-04-15T09:30:16.889878][INFO][seed135] Set up logging
[2024-04-15T09:30:16.911196][INFO][seed105] Closing log file
[2024-04-15T09:30:16.914743][SEVERE][seed145] Not rewriting. File exits: /mnt/beegfs/rcabanas/dev/credici/papers/causal_flavour/learntmodels/miter1000/simple_learner_10Q/model_145.uai
[2024-04-15T09:30:16.911324][INFO][seed112] Closing log file
[2024-04-15T09:30:16.913413][SEVERE][seed107] Not rewriting. File exits: /mnt/beegfs/rcabanas/dev/credici/papers/causal_flavour/learntmodels/miter1000/simple_learner_10Q/model_107.uai
[2024-04-15T09:30:16.915580][SEVERE][seed127] Not rewriting. File exits: /mnt/beegfs/rcabanas/dev/credici/papers/causal_flavour/learntmodels/miter1000/simple_learner_10Q/model_127.uai
[2024-04-15T09:30:16.916166][INFO][seed135] args: -m;1000;-o;/mnt/beegfs/rcabanas/dev/credici/papers/causal_flavour/learntmodels/miter1000;--data;/mnt/beegfs/rcabanas/dev/credici/papers/causal_flavour/data/simple_learner_10Q_data.csv;-s;135;/mnt/beegfs/rcabanas/dev/credici/papers/causal_flavour/models/simple_learner_10Q.uai
[2024-04-15T09:30:16.911291][INFO][seed105] Closed log file
[2024-04-15T09:30:16.914915][SEVERE][seed145] java.lang.IllegalStateException: Not rewriting. File exits: /mnt/beegfs/rcabanas/dev/credici/papers/causal_flavour/learntmodels/miter1000/simple_learner_10Q/model_145.uai
[2024-04-15T09:30:16.911419][INFO][seed112] Closed log file
[2024-04-15T09:30:16.913579][SEVERE][seed107] java.lang.IllegalStateException: Not rewriting. File exits: /mnt/beegfs/rcabanas/dev/credici/papers/causal_flavour/learntmodels/miter1000/simple_learner_10Q/model_107.uai
[2024-04-15T09:30:16.915772][SEVERE][seed127] java.lang.IllegalStateException: Not rewriting. File exits: /mnt/beegfs/rcabanas/dev/credici/papers/causal_flavour/learntmodels/miter1000/simple_learner_10Q/model_127.uai
[2024-04-15T09:30:16.918140][INFO][seed135] Starting logger with seed 135
[2024-04-15T09:30:16.915015][INFO][seed145] Closing log file
[2024-04-15T09:30:16.913691][INFO][seed107] Closing log file
[2024-04-15T09:30:16.915874][INFO][seed127] Closing log file
[2024-04-15T09:30:16.919849][SEVERE][seed135] Not rewriting. File exits: /mnt/beegfs/rcabanas/dev/credici/papers/causal_flavour/learntmodels/miter1000/simple_learner_10Q/model_135.uai
[2024-04-15T09:30:16.915110][INFO][seed145] Closed log file
[2024-04-15T09:30:16.913790][INFO][seed107] Closed log file
[2024-04-15T09:30:16.915971][INFO][seed127] Closed log file
[2024-04-15T09:30:16.920564][SEVERE][seed135] java.lang.IllegalStateException: Not rewriting. File exits: /mnt/beegfs/rcabanas/dev/credici/papers/causal_flavour/learntmodels/miter1000/simple_learner_10Q/model_135.uai
[2024-04-15T09:30:16.920664][INFO][seed135] Closing log file
[2024-04-15T09:30:16.920771][INFO][seed135] Closed log file
[2024-04-15T09:30:16.905338][INFO][seed137] Set up logging
[2024-04-15T09:30:16.909132][INFO][seed121] Set up logging
[2024-04-15T09:30:16.931157][INFO][seed137] args: -m;1000;-o;/mnt/beegfs/rcabanas/dev/credici/papers/causal_flavour/learntmodels/miter1000;--data;/mnt/beegfs/rcabanas/dev/credici/papers/causal_flavour/data/simple_learner_10Q_data.csv;-s;137;/mnt/beegfs/rcabanas/dev/credici/papers/causal_flavour/models/simple_learner_10Q.uai
[2024-04-15T09:30:16.931436][INFO][seed121] args: -m;1000;-o;/mnt/beegfs/rcabanas/dev/credici/papers/causal_flavour/learntmodels/miter1000;--data;/mnt/beegfs/rcabanas/dev/credici/papers/causal_flavour/data/simple_learner_10Q_data.csv;-s;121;/mnt/beegfs/rcabanas/dev/credici/papers/causal_flavour/models/simple_learner_10Q.uai
[2024-04-15T09:30:16.932708][INFO][seed137] Starting logger with seed 137
[2024-04-15T09:30:16.933259][INFO][seed121] Starting logger with seed 121
[2024-04-15T09:30:16.936381][SEVERE][seed121] Not rewriting. File exits: /mnt/beegfs/rcabanas/dev/credici/papers/causal_flavour/learntmodels/miter1000/simple_learner_10Q/model_121.uai
[2024-04-15T09:30:16.936620][SEVERE][seed121] java.lang.IllegalStateException: Not rewriting. File exits: /mnt/beegfs/rcabanas/dev/credici/papers/causal_flavour/learntmodels/miter1000/simple_learner_10Q/model_121.uai
[2024-04-15T09:30:16.936624][SEVERE][seed137] Not rewriting. File exits: /mnt/beegfs/rcabanas/dev/credici/papers/causal_flavour/learntmodels/miter1000/simple_learner_10Q/model_137.uai
[2024-04-15T09:30:16.936731][INFO][seed121] Closing log file
[2024-04-15T09:30:16.936850][SEVERE][seed137] java.lang.IllegalStateException: Not rewriting. File exits: /mnt/beegfs/rcabanas/dev/credici/papers/causal_flavour/learntmodels/miter1000/simple_learner_10Q/model_137.uai
[2024-04-15T09:30:16.936825][INFO][seed121] Closed log file
[2024-04-15T09:30:16.936949][INFO][seed137] Closing log file
[2024-04-15T09:30:16.937046][INFO][seed137] Closed log file
[2024-04-15T09:30:18.612363][INFO][seed113] Set up logging
[2024-04-15T09:30:18.626073][INFO][seed113] args: -m;1000;-o;/mnt/beegfs/rcabanas/dev/credici/papers/causal_flavour/learntmodels/miter1000;--data;/mnt/beegfs/rcabanas/dev/credici/papers/causal_flavour/data/simple_learner_10Q_data.csv;-s;113;/mnt/beegfs/rcabanas/dev/credici/papers/causal_flavour/models/simple_learner_10Q.uai
[2024-04-15T09:30:18.638617][INFO][seed113] Starting logger with seed 113
[2024-04-15T09:30:18.642750][SEVERE][seed113] Not rewriting. File exits: /mnt/beegfs/rcabanas/dev/credici/papers/causal_flavour/learntmodels/miter1000/simple_learner_10Q/model_113.uai
[2024-04-15T09:30:18.642829][SEVERE][seed113] java.lang.IllegalStateException: Not rewriting. File exits: /mnt/beegfs/rcabanas/dev/credici/papers/causal_flavour/learntmodels/miter1000/simple_learner_10Q/model_113.uai
[2024-04-15T09:30:18.642867][INFO][seed113] Closing log file
[2024-04-15T09:30:18.642900][INFO][seed113] Closed log file
