50
500
['learn.py', '500', '62']
['learn.py', '500', '55']
['learn.py', '500', '67']
['learn.py', '500', '51']
seed=62
/mnt/beegfs/rcabanas/dev/credici
/mnt/beegfs/rcabanas/dev/credici/papers/causal_flavour
/mnt/beegfs/rcabanas/dev/credici/papers/causal_flavour/learntmodels
/mnt/beegfs/rcabanas/dev/credici/papers/causal_flavour/models
/mnt/beegfs/rcabanas/dev/credici/target/credici-0.1.5-dev-SNAPSHOT-jar-with-dependencies.jar
/mnt/beegfs/rcabanas/dev/credici/papers/causal_flavour/code/LearnCF.java
seed=55
/mnt/beegfs/rcabanas/dev/credici
/mnt/beegfs/rcabanas/dev/credici/papers/causal_flavour
seed=67
/mnt/beegfs/rcabanas/dev/credici/papers/causal_flavour/learntmodels
/mnt/beegfs/rcabanas/dev/credici/papers/causal_flavour/models
/mnt/beegfs/rcabanas/dev/credici
/mnt/beegfs/rcabanas/dev/credici/target/credici-0.1.5-dev-SNAPSHOT-jar-with-dependencies.jar
/mnt/beegfs/rcabanas/dev/credici/papers/causal_flavour
/mnt/beegfs/rcabanas/dev/credici/papers/causal_flavour/code/LearnCF.java
/mnt/beegfs/rcabanas/dev/credici/papers/causal_flavour/learntmodels
/mnt/beegfs/rcabanas/dev/credici/papers/causal_flavour/models
/mnt/beegfs/rcabanas/dev/credici/target/credici-0.1.5-dev-SNAPSHOT-jar-with-dependencies.jar
/mnt/beegfs/rcabanas/dev/credici/papers/causal_flavour/code/LearnCF.java
['learn.py', '500', '50']
['learn.py', '500', '56']
seed=51
/mnt/beegfs/rcabanas/dev/credici
/mnt/beegfs/rcabanas/dev/credici/papers/causal_flavour
/mnt/beegfs/rcabanas/dev/credici/papers/causal_flavour/learntmodels
/mnt/beegfs/rcabanas/dev/credici/papers/causal_flavour/models
/mnt/beegfs/rcabanas/dev/credici/target/credici-0.1.5-dev-SNAPSHOT-jar-with-dependencies.jar
/mnt/beegfs/rcabanas/dev/credici/papers/causal_flavour/code/LearnCF.java
['learn.py', '500', '78']
seed=50
seed=56
/mnt/beegfs/rcabanas/dev/credici
/mnt/beegfs/rcabanas/dev/credici/papers/causal_flavour
/mnt/beegfs/rcabanas/dev/credici
/mnt/beegfs/rcabanas/dev/credici/papers/causal_flavour/learntmodels
/mnt/beegfs/rcabanas/dev/credici/papers/causal_flavour
/mnt/beegfs/rcabanas/dev/credici/papers/causal_flavour/learntmodels
/mnt/beegfs/rcabanas/dev/credici/papers/causal_flavour/models
/mnt/beegfs/rcabanas/dev/credici/papers/causal_flavour/models
/mnt/beegfs/rcabanas/dev/credici/target/credici-0.1.5-dev-SNAPSHOT-jar-with-dependencies.jar
/mnt/beegfs/rcabanas/dev/credici/target/credici-0.1.5-dev-SNAPSHOT-jar-with-dependencies.jar
/mnt/beegfs/rcabanas/dev/credici/papers/causal_flavour/code/LearnCF.java
/mnt/beegfs/rcabanas/dev/credici/papers/causal_flavour/code/LearnCF.java
['learn.py', '500', '58']
seed=78
/mnt/beegfs/rcabanas/dev/credici
/mnt/beegfs/rcabanas/dev/credici/papers/causal_flavour
/mnt/beegfs/rcabanas/dev/credici/papers/causal_flavour/learntmodels
/mnt/beegfs/rcabanas/dev/credici/papers/causal_flavour/models
/mnt/beegfs/rcabanas/dev/credici/target/credici-0.1.5-dev-SNAPSHOT-jar-with-dependencies.jar
/mnt/beegfs/rcabanas/dev/credici/papers/causal_flavour/code/LearnCF.java
['learn.py', '500', '87']
['learn.py', '500', '59']
seed=58
/mnt/beegfs/rcabanas/dev/credici
/mnt/beegfs/rcabanas/dev/credici/papers/causal_flavour
/mnt/beegfs/rcabanas/dev/credici/papers/causal_flavour/learntmodels
/mnt/beegfs/rcabanas/dev/credici/papers/causal_flavour/models
/mnt/beegfs/rcabanas/dev/credici/target/credici-0.1.5-dev-SNAPSHOT-jar-with-dependencies.jar
/mnt/beegfs/rcabanas/dev/credici/papers/causal_flavour/code/LearnCF.java
['learn.py', '500', '63']
seed=87
/mnt/beegfs/rcabanas/dev/credici
/mnt/beegfs/rcabanas/dev/credici/papers/causal_flavour
/mnt/beegfs/rcabanas/dev/credici/papers/causal_flavour/learntmodels
/mnt/beegfs/rcabanas/dev/credici/papers/causal_flavour/models
/mnt/beegfs/rcabanas/dev/credici/target/credici-0.1.5-dev-SNAPSHOT-jar-with-dependencies.jar
/mnt/beegfs/rcabanas/dev/credici/papers/causal_flavour/code/LearnCF.java
seed=59
/mnt/beegfs/rcabanas/dev/credici
/mnt/beegfs/rcabanas/dev/credici/papers/causal_flavour
/mnt/beegfs/rcabanas/dev/credici/papers/causal_flavour/learntmodels
/mnt/beegfs/rcabanas/dev/credici/papers/causal_flavour/models
/mnt/beegfs/rcabanas/dev/credici/target/credici-0.1.5-dev-SNAPSHOT-jar-with-dependencies.jar
/mnt/beegfs/rcabanas/dev/credici/papers/causal_flavour/code/LearnCF.java
['learn.py', '500', '69']
seed=63
/mnt/beegfs/rcabanas/dev/credici
/mnt/beegfs/rcabanas/dev/credici/papers/causal_flavour
/mnt/beegfs/rcabanas/dev/credici/papers/causal_flavour/learntmodels
['learn.py', '500', '60']
['learn.py', '500', '72']
/mnt/beegfs/rcabanas/dev/credici/papers/causal_flavour/models
/mnt/beegfs/rcabanas/dev/credici/target/credici-0.1.5-dev-SNAPSHOT-jar-with-dependencies.jar
/mnt/beegfs/rcabanas/dev/credici/papers/causal_flavour/code/LearnCF.java
['learn.py', '500', '68']
['learn.py', '500', '71']
seed=69
/mnt/beegfs/rcabanas/dev/credici
/mnt/beegfs/rcabanas/dev/credici/papers/causal_flavour
/mnt/beegfs/rcabanas/dev/credici/papers/causal_flavour/learntmodels
/mnt/beegfs/rcabanas/dev/credici/papers/causal_flavour/models
/mnt/beegfs/rcabanas/dev/credici/target/credici-0.1.5-dev-SNAPSHOT-jar-with-dependencies.jar
/mnt/beegfs/rcabanas/dev/credici/papers/causal_flavour/code/LearnCF.java
seed=60
/mnt/beegfs/rcabanas/dev/credici
seed=72
/mnt/beegfs/rcabanas/dev/credici
/mnt/beegfs/rcabanas/dev/credici/papers/causal_flavour
/mnt/beegfs/rcabanas/dev/credici/papers/causal_flavour/learntmodels
/mnt/beegfs/rcabanas/dev/credici/papers/causal_flavour
/mnt/beegfs/rcabanas/dev/credici/papers/causal_flavour/models
/mnt/beegfs/rcabanas/dev/credici/papers/causal_flavour/learntmodels
/mnt/beegfs/rcabanas/dev/credici/papers/causal_flavour/models
/mnt/beegfs/rcabanas/dev/credici/target/credici-0.1.5-dev-SNAPSHOT-jar-with-dependencies.jar
/mnt/beegfs/rcabanas/dev/credici/papers/causal_flavour/code/LearnCF.java
/mnt/beegfs/rcabanas/dev/credici/target/credici-0.1.5-dev-SNAPSHOT-jar-with-dependencies.jar
/mnt/beegfs/rcabanas/dev/credici/papers/causal_flavour/code/LearnCF.java
seed=68
/mnt/beegfs/rcabanas/dev/credici
/mnt/beegfs/rcabanas/dev/credici/papers/causal_flavour
/mnt/beegfs/rcabanas/dev/credici/papers/causal_flavour/learntmodels
/mnt/beegfs/rcabanas/dev/credici/papers/causal_flavour/models
/mnt/beegfs/rcabanas/dev/credici/target/credici-0.1.5-dev-SNAPSHOT-jar-with-dependencies.jar
seed=71
/mnt/beegfs/rcabanas/dev/credici
/mnt/beegfs/rcabanas/dev/credici/papers/causal_flavour
/mnt/beegfs/rcabanas/dev/credici/papers/causal_flavour/learntmodels
/mnt/beegfs/rcabanas/dev/credici/papers/causal_flavour/models
/mnt/beegfs/rcabanas/dev/credici/target/credici-0.1.5-dev-SNAPSHOT-jar-with-dependencies.jar
/mnt/beegfs/rcabanas/dev/credici/papers/causal_flavour/code/LearnCF.java
/mnt/beegfs/rcabanas/dev/credici/papers/causal_flavour/code/LearnCF.java
['learn.py', '500', '54']
seed=54
/mnt/beegfs/rcabanas/dev/credici
['learn.py', '500', '91']
['learn.py', '500', '99']
/mnt/beegfs/rcabanas/dev/credici/papers/causal_flavour
/mnt/beegfs/rcabanas/dev/credici/papers/causal_flavour/learntmodels
/mnt/beegfs/rcabanas/dev/credici/papers/causal_flavour/models
/mnt/beegfs/rcabanas/dev/credici/target/credici-0.1.5-dev-SNAPSHOT-jar-with-dependencies.jar
/mnt/beegfs/rcabanas/dev/credici/papers/causal_flavour/code/LearnCF.java
['learn.py', '500', '89']
['learn.py', '500', '73']
['learn.py', '500', '74']
['learn.py', '500', '93']
seed=91
seed=99
/mnt/beegfs/rcabanas/dev/credici
/mnt/beegfs/rcabanas/dev/credici/papers/causal_flavour
/mnt/beegfs/rcabanas/dev/credici/papers/causal_flavour/learntmodels
/mnt/beegfs/rcabanas/dev/credici
/mnt/beegfs/rcabanas/dev/credici/papers/causal_flavour/models
/mnt/beegfs/rcabanas/dev/credici/papers/causal_flavour
/mnt/beegfs/rcabanas/dev/credici/target/credici-0.1.5-dev-SNAPSHOT-jar-with-dependencies.jar
seed=89
/mnt/beegfs/rcabanas/dev/credici/papers/causal_flavour/learntmodels
/mnt/beegfs/rcabanas/dev/credici/papers/causal_flavour/models
/mnt/beegfs/rcabanas/dev/credici/target/credici-0.1.5-dev-SNAPSHOT-jar-with-dependencies.jar
/mnt/beegfs/rcabanas/dev/credici/papers/causal_flavour/code/LearnCF.java
/mnt/beegfs/rcabanas/dev/credici
/mnt/beegfs/rcabanas/dev/credici/papers/causal_flavour
/mnt/beegfs/rcabanas/dev/credici/papers/causal_flavour/code/LearnCF.java
/mnt/beegfs/rcabanas/dev/credici/papers/causal_flavour/learntmodels
/mnt/beegfs/rcabanas/dev/credici/papers/causal_flavour/models
['learn.py', '500', '94']
['learn.py', '500', '76']
/mnt/beegfs/rcabanas/dev/credici/target/credici-0.1.5-dev-SNAPSHOT-jar-with-dependencies.jar
/mnt/beegfs/rcabanas/dev/credici/papers/causal_flavour/code/LearnCF.java
seed=73
/mnt/beegfs/rcabanas/dev/credici
/mnt/beegfs/rcabanas/dev/credici/papers/causal_flavour
/mnt/beegfs/rcabanas/dev/credici/papers/causal_flavour/learntmodels
/mnt/beegfs/rcabanas/dev/credici/papers/causal_flavour/models
/mnt/beegfs/rcabanas/dev/credici/target/credici-0.1.5-dev-SNAPSHOT-jar-with-dependencies.jar
/mnt/beegfs/rcabanas/dev/credici/papers/causal_flavour/code/LearnCF.java
seed=93
seed=74
/mnt/beegfs/rcabanas/dev/credici
/mnt/beegfs/rcabanas/dev/credici
/mnt/beegfs/rcabanas/dev/credici/papers/causal_flavour
/mnt/beegfs/rcabanas/dev/credici/papers/causal_flavour
/mnt/beegfs/rcabanas/dev/credici/papers/causal_flavour/learntmodels
/mnt/beegfs/rcabanas/dev/credici/papers/causal_flavour/models
/mnt/beegfs/rcabanas/dev/credici/target/credici-0.1.5-dev-SNAPSHOT-jar-with-dependencies.jar
/mnt/beegfs/rcabanas/dev/credici/papers/causal_flavour/code/LearnCF.java
/mnt/beegfs/rcabanas/dev/credici/papers/causal_flavour/learntmodels
/mnt/beegfs/rcabanas/dev/credici/papers/causal_flavour/models
/mnt/beegfs/rcabanas/dev/credici/target/credici-0.1.5-dev-SNAPSHOT-jar-with-dependencies.jar
/mnt/beegfs/rcabanas/dev/credici/papers/causal_flavour/code/LearnCF.java
seed=94
/mnt/beegfs/rcabanas/dev/credici
/mnt/beegfs/rcabanas/dev/credici/papers/causal_flavour
/mnt/beegfs/rcabanas/dev/credici/papers/causal_flavour/learntmodels
/mnt/beegfs/rcabanas/dev/credici/papers/causal_flavour/models
seed=76
/mnt/beegfs/rcabanas/dev/credici/target/credici-0.1.5-dev-SNAPSHOT-jar-with-dependencies.jar
/mnt/beegfs/rcabanas/dev/credici
/mnt/beegfs/rcabanas/dev/credici/papers/causal_flavour/code/LearnCF.java
/mnt/beegfs/rcabanas/dev/credici/papers/causal_flavour
/mnt/beegfs/rcabanas/dev/credici/papers/causal_flavour/learntmodels
/mnt/beegfs/rcabanas/dev/credici/papers/causal_flavour/models
/mnt/beegfs/rcabanas/dev/credici/target/credici-0.1.5-dev-SNAPSHOT-jar-with-dependencies.jar
/mnt/beegfs/rcabanas/dev/credici/papers/causal_flavour/code/LearnCF.java
['learn.py', '500', '79']
['learn.py', '500', '65']
seed=79
/mnt/beegfs/rcabanas/dev/credici
/mnt/beegfs/rcabanas/dev/credici/papers/causal_flavour
/mnt/beegfs/rcabanas/dev/credici/papers/causal_flavour/learntmodels
/mnt/beegfs/rcabanas/dev/credici/papers/causal_flavour/models
/mnt/beegfs/rcabanas/dev/credici/target/credici-0.1.5-dev-SNAPSHOT-jar-with-dependencies.jar
/mnt/beegfs/rcabanas/dev/credici/papers/causal_flavour/code/LearnCF.java
seed=65
/mnt/beegfs/rcabanas/dev/credici
/mnt/beegfs/rcabanas/dev/credici/papers/causal_flavour
/mnt/beegfs/rcabanas/dev/credici/papers/causal_flavour/learntmodels
/mnt/beegfs/rcabanas/dev/credici/papers/causal_flavour/models
/mnt/beegfs/rcabanas/dev/credici/target/credici-0.1.5-dev-SNAPSHOT-jar-with-dependencies.jar
/mnt/beegfs/rcabanas/dev/credici/papers/causal_flavour/code/LearnCF.java
['learn.py', '500', '53']
['learn.py', '500', '95']
seed=95
seed=53
/mnt/beegfs/rcabanas/dev/credici
/mnt/beegfs/rcabanas/dev/credici
/mnt/beegfs/rcabanas/dev/credici/papers/causal_flavour
/mnt/beegfs/rcabanas/dev/credici/papers/causal_flavour
/mnt/beegfs/rcabanas/dev/credici/papers/causal_flavour/learntmodels
/mnt/beegfs/rcabanas/dev/credici/papers/causal_flavour/learntmodels
/mnt/beegfs/rcabanas/dev/credici/papers/causal_flavour/models
/mnt/beegfs/rcabanas/dev/credici/papers/causal_flavour/models
/mnt/beegfs/rcabanas/dev/credici/target/credici-0.1.5-dev-SNAPSHOT-jar-with-dependencies.jar
/mnt/beegfs/rcabanas/dev/credici/papers/causal_flavour/code/LearnCF.java
/mnt/beegfs/rcabanas/dev/credici/target/credici-0.1.5-dev-SNAPSHOT-jar-with-dependencies.jar
/mnt/beegfs/rcabanas/dev/credici/papers/causal_flavour/code/LearnCF.java
['learn.py', '500', '100']
['learn.py', '500', '85']
seed=85
/mnt/beegfs/rcabanas/dev/credici
/mnt/beegfs/rcabanas/dev/credici/papers/causal_flavour
seed=100
/mnt/beegfs/rcabanas/dev/credici
/mnt/beegfs/rcabanas/dev/credici/papers/causal_flavour
/mnt/beegfs/rcabanas/dev/credici/papers/causal_flavour/learntmodels
/mnt/beegfs/rcabanas/dev/credici/papers/causal_flavour/models
/mnt/beegfs/rcabanas/dev/credici/target/credici-0.1.5-dev-SNAPSHOT-jar-with-dependencies.jar
/mnt/beegfs/rcabanas/dev/credici/papers/causal_flavour/code/LearnCF.java
/mnt/beegfs/rcabanas/dev/credici/papers/causal_flavour/learntmodels
['learn.py', '500', '90']
/mnt/beegfs/rcabanas/dev/credici/papers/causal_flavour/models
/mnt/beegfs/rcabanas/dev/credici/target/credici-0.1.5-dev-SNAPSHOT-jar-with-dependencies.jar
/mnt/beegfs/rcabanas/dev/credici/papers/causal_flavour/code/LearnCF.java
['learn.py', '500', '98']
seed=90
['learn.py', '500', '92']
/mnt/beegfs/rcabanas/dev/credici
/mnt/beegfs/rcabanas/dev/credici/papers/causal_flavour
/mnt/beegfs/rcabanas/dev/credici/papers/causal_flavour/learntmodels
/mnt/beegfs/rcabanas/dev/credici/papers/causal_flavour/models
/mnt/beegfs/rcabanas/dev/credici/target/credici-0.1.5-dev-SNAPSHOT-jar-with-dependencies.jar
/mnt/beegfs/rcabanas/dev/credici/papers/causal_flavour/code/LearnCF.java
['learn.py', '500', '77']
seed=98
/mnt/beegfs/rcabanas/dev/credici
/mnt/beegfs/rcabanas/dev/credici/papers/causal_flavour
/mnt/beegfs/rcabanas/dev/credici/papers/causal_flavour/learntmodels
seed=92
/mnt/beegfs/rcabanas/dev/credici/papers/causal_flavour/models
/mnt/beegfs/rcabanas/dev/credici/target/credici-0.1.5-dev-SNAPSHOT-jar-with-dependencies.jar
/mnt/beegfs/rcabanas/dev/credici/papers/causal_flavour/code/LearnCF.java
/mnt/beegfs/rcabanas/dev/credici
/mnt/beegfs/rcabanas/dev/credici/papers/causal_flavour
/mnt/beegfs/rcabanas/dev/credici/papers/causal_flavour/learntmodels
/mnt/beegfs/rcabanas/dev/credici/papers/causal_flavour/models
/mnt/beegfs/rcabanas/dev/credici/target/credici-0.1.5-dev-SNAPSHOT-jar-with-dependencies.jar
/mnt/beegfs/rcabanas/dev/credici/papers/causal_flavour/code/LearnCF.java
seed=77
/mnt/beegfs/rcabanas/dev/credici
/mnt/beegfs/rcabanas/dev/credici/papers/causal_flavour
/mnt/beegfs/rcabanas/dev/credici/papers/causal_flavour/learntmodels
/mnt/beegfs/rcabanas/dev/credici/papers/causal_flavour/models
['learn.py', '500', '88']
/mnt/beegfs/rcabanas/dev/credici/target/credici-0.1.5-dev-SNAPSHOT-jar-with-dependencies.jar
/mnt/beegfs/rcabanas/dev/credici/papers/causal_flavour/code/LearnCF.java
['learn.py', '500', '84']
['learn.py', '500', '75']
seed=88
/mnt/beegfs/rcabanas/dev/credici
/mnt/beegfs/rcabanas/dev/credici/papers/causal_flavour
/mnt/beegfs/rcabanas/dev/credici/papers/causal_flavour/learntmodels
/mnt/beegfs/rcabanas/dev/credici/papers/causal_flavour/models
/mnt/beegfs/rcabanas/dev/credici/target/credici-0.1.5-dev-SNAPSHOT-jar-with-dependencies.jar
['learn.py', '500', '82']
/mnt/beegfs/rcabanas/dev/credici/papers/causal_flavour/code/LearnCF.java
['learn.py', '500', '64']
['learn.py', '500', '70']
['learn.py', '500', '80']
['learn.py', '500', '57']
seed=84
/mnt/beegfs/rcabanas/dev/credici
/mnt/beegfs/rcabanas/dev/credici/papers/causal_flavour
/mnt/beegfs/rcabanas/dev/credici/papers/causal_flavour/learntmodels
/mnt/beegfs/rcabanas/dev/credici/papers/causal_flavour/models
/mnt/beegfs/rcabanas/dev/credici/target/credici-0.1.5-dev-SNAPSHOT-jar-with-dependencies.jar
/mnt/beegfs/rcabanas/dev/credici/papers/causal_flavour/code/LearnCF.java
seed=75
/mnt/beegfs/rcabanas/dev/credici
/mnt/beegfs/rcabanas/dev/credici/papers/causal_flavour
/mnt/beegfs/rcabanas/dev/credici/papers/causal_flavour/learntmodels
/mnt/beegfs/rcabanas/dev/credici/papers/causal_flavour/models
/mnt/beegfs/rcabanas/dev/credici/target/credici-0.1.5-dev-SNAPSHOT-jar-with-dependencies.jar
/mnt/beegfs/rcabanas/dev/credici/papers/causal_flavour/code/LearnCF.java
seed=82
/mnt/beegfs/rcabanas/dev/credici
/mnt/beegfs/rcabanas/dev/credici/papers/causal_flavour
/mnt/beegfs/rcabanas/dev/credici/papers/causal_flavour/learntmodels
/mnt/beegfs/rcabanas/dev/credici/papers/causal_flavour/models
/mnt/beegfs/rcabanas/dev/credici/target/credici-0.1.5-dev-SNAPSHOT-jar-with-dependencies.jar
/mnt/beegfs/rcabanas/dev/credici/papers/causal_flavour/code/LearnCF.java
seed=64
/mnt/beegfs/rcabanas/dev/credici
/mnt/beegfs/rcabanas/dev/credici/papers/causal_flavour
/mnt/beegfs/rcabanas/dev/credici/papers/causal_flavour/learntmodels
/mnt/beegfs/rcabanas/dev/credici/papers/causal_flavour/models
/mnt/beegfs/rcabanas/dev/credici/target/credici-0.1.5-dev-SNAPSHOT-jar-with-dependencies.jar
/mnt/beegfs/rcabanas/dev/credici/papers/causal_flavour/code/LearnCF.java
seed=70
/mnt/beegfs/rcabanas/dev/credici
/mnt/beegfs/rcabanas/dev/credici/papers/causal_flavour
/mnt/beegfs/rcabanas/dev/credici/papers/causal_flavour/learntmodels
/mnt/beegfs/rcabanas/dev/credici/papers/causal_flavour/models
/mnt/beegfs/rcabanas/dev/credici/target/credici-0.1.5-dev-SNAPSHOT-jar-with-dependencies.jar
/mnt/beegfs/rcabanas/dev/credici/papers/causal_flavour/code/LearnCF.java
seed=57
/mnt/beegfs/rcabanas/dev/credici
seed=80
/mnt/beegfs/rcabanas/dev/credici/papers/causal_flavour
/mnt/beegfs/rcabanas/dev/credici/papers/causal_flavour/learntmodels
/mnt/beegfs/rcabanas/dev/credici/papers/causal_flavour/models
/mnt/beegfs/rcabanas/dev/credici/target/credici-0.1.5-dev-SNAPSHOT-jar-with-dependencies.jar
/mnt/beegfs/rcabanas/dev/credici
/mnt/beegfs/rcabanas/dev/credici/papers/causal_flavour
/mnt/beegfs/rcabanas/dev/credici/papers/causal_flavour/learntmodels
/mnt/beegfs/rcabanas/dev/credici/papers/causal_flavour/models
/mnt/beegfs/rcabanas/dev/credici/papers/causal_flavour/code/LearnCF.java
['learn.py', '500', '81']
/mnt/beegfs/rcabanas/dev/credici/target/credici-0.1.5-dev-SNAPSHOT-jar-with-dependencies.jar
/mnt/beegfs/rcabanas/dev/credici/papers/causal_flavour/code/LearnCF.java
['learn.py', '500', '61']
['learn.py', '500', '52']
seed=81
/mnt/beegfs/rcabanas/dev/credici
/mnt/beegfs/rcabanas/dev/credici/papers/causal_flavour
/mnt/beegfs/rcabanas/dev/credici/papers/causal_flavour/learntmodels
/mnt/beegfs/rcabanas/dev/credici/papers/causal_flavour/models
/mnt/beegfs/rcabanas/dev/credici/target/credici-0.1.5-dev-SNAPSHOT-jar-with-dependencies.jar
/mnt/beegfs/rcabanas/dev/credici/papers/causal_flavour/code/LearnCF.java
['learn.py', '500', '86']
seed=61
seed=52
/mnt/beegfs/rcabanas/dev/credici
/mnt/beegfs/rcabanas/dev/credici/papers/causal_flavour
/mnt/beegfs/rcabanas/dev/credici/papers/causal_flavour/learntmodels
/mnt/beegfs/rcabanas/dev/credici
/mnt/beegfs/rcabanas/dev/credici/papers/causal_flavour
/mnt/beegfs/rcabanas/dev/credici/papers/causal_flavour/models
/mnt/beegfs/rcabanas/dev/credici/papers/causal_flavour/learntmodels
/mnt/beegfs/rcabanas/dev/credici/target/credici-0.1.5-dev-SNAPSHOT-jar-with-dependencies.jar
/mnt/beegfs/rcabanas/dev/credici/papers/causal_flavour/code/LearnCF.java
/mnt/beegfs/rcabanas/dev/credici/papers/causal_flavour/models
/mnt/beegfs/rcabanas/dev/credici/target/credici-0.1.5-dev-SNAPSHOT-jar-with-dependencies.jar
/mnt/beegfs/rcabanas/dev/credici/papers/causal_flavour/code/LearnCF.java
['learn.py', '500', '97']
['learn.py', '500', '83']
seed=86
/mnt/beegfs/rcabanas/dev/credici
/mnt/beegfs/rcabanas/dev/credici/papers/causal_flavour
/mnt/beegfs/rcabanas/dev/credici/papers/causal_flavour/learntmodels
/mnt/beegfs/rcabanas/dev/credici/papers/causal_flavour/models
/mnt/beegfs/rcabanas/dev/credici/target/credici-0.1.5-dev-SNAPSHOT-jar-with-dependencies.jar
/mnt/beegfs/rcabanas/dev/credici/papers/causal_flavour/code/LearnCF.java
['learn.py', '500', '66']
seed=97
/mnt/beegfs/rcabanas/dev/credici
/mnt/beegfs/rcabanas/dev/credici/papers/causal_flavour
/mnt/beegfs/rcabanas/dev/credici/papers/causal_flavour/learntmodels
/mnt/beegfs/rcabanas/dev/credici/papers/causal_flavour/models
/mnt/beegfs/rcabanas/dev/credici/target/credici-0.1.5-dev-SNAPSHOT-jar-with-dependencies.jar
/mnt/beegfs/rcabanas/dev/credici/papers/causal_flavour/code/LearnCF.java
seed=83
/mnt/beegfs/rcabanas/dev/credici
/mnt/beegfs/rcabanas/dev/credici/papers/causal_flavour
/mnt/beegfs/rcabanas/dev/credici/papers/causal_flavour/learntmodels
/mnt/beegfs/rcabanas/dev/credici/papers/causal_flavour/models
/mnt/beegfs/rcabanas/dev/credici/target/credici-0.1.5-dev-SNAPSHOT-jar-with-dependencies.jar
/mnt/beegfs/rcabanas/dev/credici/papers/causal_flavour/code/LearnCF.java
seed=66
/mnt/beegfs/rcabanas/dev/credici
/mnt/beegfs/rcabanas/dev/credici/papers/causal_flavour
/mnt/beegfs/rcabanas/dev/credici/papers/causal_flavour/learntmodels
/mnt/beegfs/rcabanas/dev/credici/papers/causal_flavour/models
/mnt/beegfs/rcabanas/dev/credici/target/credici-0.1.5-dev-SNAPSHOT-jar-with-dependencies.jar
/mnt/beegfs/rcabanas/dev/credici/papers/causal_flavour/code/LearnCF.java
[2024-05-17T10:34:02.678963][INFO][seed51] Set up logging
[2024-05-17T10:34:02.690368][INFO][seed51] args: -m;500;-o;/mnt/beegfs/rcabanas/dev/credici/papers/causal_flavour/learntmodels/miter500;--data;/mnt/beegfs/rcabanas/dev/credici/papers/causal_flavour/data/simple_learner_4Q10k_data.csv;-rw;-s;51;/mnt/beegfs/rcabanas/dev/credici/papers/causal_flavour/models/simple_learner_4Q10k.uai
[2024-05-17T10:34:02.668711][INFO][seed55] Set up logging
[2024-05-17T10:34:02.691568][INFO][seed55] args: -m;500;-o;/mnt/beegfs/rcabanas/dev/credici/papers/causal_flavour/learntmodels/miter500;--data;/mnt/beegfs/rcabanas/dev/credici/papers/causal_flavour/data/simple_learner_4Q10k_data.csv;-rw;-s;55;/mnt/beegfs/rcabanas/dev/credici/papers/causal_flavour/models/simple_learner_4Q10k.uai
[2024-05-17T10:34:02.673793][INFO][seed62] Set up logging
[2024-05-17T10:34:02.697830][INFO][seed51] Starting logger with seed 51
[2024-05-17T10:34:02.698390][INFO][seed62] args: -m;500;-o;/mnt/beegfs/rcabanas/dev/credici/papers/causal_flavour/learntmodels/miter500;--data;/mnt/beegfs/rcabanas/dev/credici/papers/causal_flavour/data/simple_learner_4Q10k_data.csv;-rw;-s;62;/mnt/beegfs/rcabanas/dev/credici/papers/causal_flavour/models/simple_learner_4Q10k.uai
[2024-05-17T10:34:02.699249][INFO][seed55] Starting logger with seed 55
[2024-05-17T10:34:02.712557][INFO][seed62] Starting logger with seed 62
[2024-05-17T10:34:02.759742][INFO][seed56] Set up logging
[2024-05-17T10:34:02.773366][INFO][seed56] args: -m;500;-o;/mnt/beegfs/rcabanas/dev/credici/papers/causal_flavour/learntmodels/miter500;--data;/mnt/beegfs/rcabanas/dev/credici/papers/causal_flavour/data/simple_learner_4Q10k_data.csv;-rw;-s;56;/mnt/beegfs/rcabanas/dev/credici/papers/causal_flavour/models/simple_learner_4Q10k.uai
[2024-05-17T10:34:02.783135][INFO][seed56] Starting logger with seed 56
[2024-05-17T10:34:02.770662][INFO][seed87] Set up logging
[2024-05-17T10:34:02.795784][INFO][seed87] args: -m;500;-o;/mnt/beegfs/rcabanas/dev/credici/papers/causal_flavour/learntmodels/miter500;--data;/mnt/beegfs/rcabanas/dev/credici/papers/causal_flavour/data/simple_learner_4Q10k_data.csv;-rw;-s;87;/mnt/beegfs/rcabanas/dev/credici/papers/causal_flavour/models/simple_learner_4Q10k.uai
[2024-05-17T10:34:02.769799][INFO][seed50] Set up logging
[2024-05-17T10:34:02.800742][INFO][seed50] args: -m;500;-o;/mnt/beegfs/rcabanas/dev/credici/papers/causal_flavour/learntmodels/miter500;--data;/mnt/beegfs/rcabanas/dev/credici/papers/causal_flavour/data/simple_learner_4Q10k_data.csv;-rw;-s;50;/mnt/beegfs/rcabanas/dev/credici/papers/causal_flavour/models/simple_learner_4Q10k.uai
[2024-05-17T10:34:02.802393][INFO][seed50] Starting logger with seed 50
[2024-05-17T10:34:02.780640][INFO][seed78] Set up logging
[2024-05-17T10:34:02.803891][INFO][seed78] args: -m;500;-o;/mnt/beegfs/rcabanas/dev/credici/papers/causal_flavour/learntmodels/miter500;--data;/mnt/beegfs/rcabanas/dev/credici/papers/causal_flavour/data/simple_learner_4Q10k_data.csv;-rw;-s;78;/mnt/beegfs/rcabanas/dev/credici/papers/causal_flavour/models/simple_learner_4Q10k.uai
[2024-05-17T10:34:02.789060][INFO][seed58] Set up logging
[2024-05-17T10:34:02.804773][INFO][seed87] Starting logger with seed 87
[2024-05-17T10:34:02.805706][INFO][seed58] args: -m;500;-o;/mnt/beegfs/rcabanas/dev/credici/papers/causal_flavour/learntmodels/miter500;--data;/mnt/beegfs/rcabanas/dev/credici/papers/causal_flavour/data/simple_learner_4Q10k_data.csv;-rw;-s;58;/mnt/beegfs/rcabanas/dev/credici/papers/causal_flavour/models/simple_learner_4Q10k.uai
[2024-05-17T10:34:02.790779][INFO][seed59] Set up logging
[2024-05-17T10:34:02.821063][INFO][seed59] args: -m;500;-o;/mnt/beegfs/rcabanas/dev/credici/papers/causal_flavour/learntmodels/miter500;--data;/mnt/beegfs/rcabanas/dev/credici/papers/causal_flavour/data/simple_learner_4Q10k_data.csv;-rw;-s;59;/mnt/beegfs/rcabanas/dev/credici/papers/causal_flavour/models/simple_learner_4Q10k.uai
[2024-05-17T10:34:02.818898][INFO][seed78] Starting logger with seed 78
[2024-05-17T10:34:02.818406][INFO][seed58] Starting logger with seed 58
[2024-05-17T10:34:02.822767][INFO][seed59] Starting logger with seed 59
[2024-05-17T10:34:02.819747][INFO][seed69] Set up logging
[2024-05-17T10:34:02.832453][INFO][seed69] args: -m;500;-o;/mnt/beegfs/rcabanas/dev/credici/papers/causal_flavour/learntmodels/miter500;--data;/mnt/beegfs/rcabanas/dev/credici/papers/causal_flavour/data/simple_learner_4Q10k_data.csv;-rw;-s;69;/mnt/beegfs/rcabanas/dev/credici/papers/causal_flavour/models/simple_learner_4Q10k.uai
[2024-05-17T10:34:02.838498][INFO][seed69] Starting logger with seed 69
[2024-05-17T10:34:02.829539][INFO][seed63] Set up logging
[2024-05-17T10:34:02.854893][INFO][seed63] args: -m;500;-o;/mnt/beegfs/rcabanas/dev/credici/papers/causal_flavour/learntmodels/miter500;--data;/mnt/beegfs/rcabanas/dev/credici/papers/causal_flavour/data/simple_learner_4Q10k_data.csv;-rw;-s;63;/mnt/beegfs/rcabanas/dev/credici/papers/causal_flavour/models/simple_learner_4Q10k.uai
[2024-05-17T10:34:02.831939][INFO][seed68] Set up logging
[2024-05-17T10:34:02.856610][INFO][seed68] args: -m;500;-o;/mnt/beegfs/rcabanas/dev/credici/papers/causal_flavour/learntmodels/miter500;--data;/mnt/beegfs/rcabanas/dev/credici/papers/causal_flavour/data/simple_learner_4Q10k_data.csv;-rw;-s;68;/mnt/beegfs/rcabanas/dev/credici/papers/causal_flavour/models/simple_learner_4Q10k.uai
[2024-05-17T10:34:02.858578][INFO][seed68] Starting logger with seed 68
[2024-05-17T10:34:02.858770][INFO][seed63] Starting logger with seed 63
[2024-05-17T10:34:02.842552][INFO][seed72] Set up logging
[2024-05-17T10:34:02.844389][INFO][seed60] Set up logging
[2024-05-17T10:34:02.871438][INFO][seed60] args: -m;500;-o;/mnt/beegfs/rcabanas/dev/credici/papers/causal_flavour/learntmodels/miter500;--data;/mnt/beegfs/rcabanas/dev/credici/papers/causal_flavour/data/simple_learner_4Q10k_data.csv;-rw;-s;60;/mnt/beegfs/rcabanas/dev/credici/papers/causal_flavour/models/simple_learner_4Q10k.uai
[2024-05-17T10:34:02.877885][INFO][seed72] args: -m;500;-o;/mnt/beegfs/rcabanas/dev/credici/papers/causal_flavour/learntmodels/miter500;--data;/mnt/beegfs/rcabanas/dev/credici/papers/causal_flavour/data/simple_learner_4Q10k_data.csv;-rw;-s;72;/mnt/beegfs/rcabanas/dev/credici/papers/causal_flavour/models/simple_learner_4Q10k.uai
[2024-05-17T10:34:02.878928][INFO][seed60] Starting logger with seed 60
[2024-05-17T10:34:02.880168][INFO][seed72] Starting logger with seed 72
[2024-05-17T10:34:02.862720][INFO][seed71] Set up logging
[2024-05-17T10:34:02.891910][INFO][seed71] args: -m;500;-o;/mnt/beegfs/rcabanas/dev/credici/papers/causal_flavour/learntmodels/miter500;--data;/mnt/beegfs/rcabanas/dev/credici/papers/causal_flavour/data/simple_learner_4Q10k_data.csv;-rw;-s;71;/mnt/beegfs/rcabanas/dev/credici/papers/causal_flavour/models/simple_learner_4Q10k.uai
[2024-05-17T10:34:02.894172][INFO][seed71] Starting logger with seed 71
[2024-05-17T10:34:02.906545][INFO][seed93] Set up logging
[2024-05-17T10:34:02.931675][INFO][seed93] args: -m;500;-o;/mnt/beegfs/rcabanas/dev/credici/papers/causal_flavour/learntmodels/miter500;--data;/mnt/beegfs/rcabanas/dev/credici/papers/causal_flavour/data/simple_learner_4Q10k_data.csv;-rw;-s;93;/mnt/beegfs/rcabanas/dev/credici/papers/causal_flavour/models/simple_learner_4Q10k.uai
[2024-05-17T10:34:02.933574][INFO][seed93] Starting logger with seed 93
[2024-05-17T10:34:02.944120][INFO][seed55] Loaded model and info: /mnt/beegfs/rcabanas/dev/credici/papers/causal_flavour/models/simple_learner_4Q10k.uai
[2024-05-17T10:34:02.944427][INFO][seed62] Loaded model and info: /mnt/beegfs/rcabanas/dev/credici/papers/causal_flavour/models/simple_learner_4Q10k.uai
[2024-05-17T10:34:02.945498][INFO][seed51] Loaded model and info: /mnt/beegfs/rcabanas/dev/credici/papers/causal_flavour/models/simple_learner_4Q10k.uai
[2024-05-17T10:34:02.962540][INFO][seed89] Set up logging
[2024-05-17T10:34:02.959017][INFO][seed54] Set up logging
[2024-05-17T10:34:02.984288][INFO][seed54] args: -m;500;-o;/mnt/beegfs/rcabanas/dev/credici/papers/causal_flavour/learntmodels/miter500;--data;/mnt/beegfs/rcabanas/dev/credici/papers/causal_flavour/data/simple_learner_4Q10k_data.csv;-rw;-s;54;/mnt/beegfs/rcabanas/dev/credici/papers/causal_flavour/models/simple_learner_4Q10k.uai
[2024-05-17T10:34:02.975795][INFO][seed91] Set up logging
[2024-05-17T10:34:02.990681][INFO][seed89] args: -m;500;-o;/mnt/beegfs/rcabanas/dev/credici/papers/causal_flavour/learntmodels/miter500;--data;/mnt/beegfs/rcabanas/dev/credici/papers/causal_flavour/data/simple_learner_4Q10k_data.csv;-rw;-s;89;/mnt/beegfs/rcabanas/dev/credici/papers/causal_flavour/models/simple_learner_4Q10k.uai
[2024-05-17T10:34:02.991708][INFO][seed91] args: -m;500;-o;/mnt/beegfs/rcabanas/dev/credici/papers/causal_flavour/learntmodels/miter500;--data;/mnt/beegfs/rcabanas/dev/credici/papers/causal_flavour/data/simple_learner_4Q10k_data.csv;-rw;-s;91;/mnt/beegfs/rcabanas/dev/credici/papers/causal_flavour/models/simple_learner_4Q10k.uai
[2024-05-17T10:34:02.991845][INFO][seed54] Starting logger with seed 54
[2024-05-17T10:34:02.994436][INFO][seed89] Starting logger with seed 89
[2024-05-17T10:34:02.998874][INFO][seed91] Starting logger with seed 91
[2024-05-17T10:34:02.965777][INFO][seed99] Set up logging
[2024-05-17T10:34:02.999760][INFO][seed99] args: -m;500;-o;/mnt/beegfs/rcabanas/dev/credici/papers/causal_flavour/learntmodels/miter500;--data;/mnt/beegfs/rcabanas/dev/credici/papers/causal_flavour/data/simple_learner_4Q10k_data.csv;-rw;-s;99;/mnt/beegfs/rcabanas/dev/credici/papers/causal_flavour/models/simple_learner_4Q10k.uai
[2024-05-17T10:34:02.982837][INFO][seed73] Set up logging
[2024-05-17T10:34:03.005218][INFO][seed73] args: -m;500;-o;/mnt/beegfs/rcabanas/dev/credici/papers/causal_flavour/learntmodels/miter500;--data;/mnt/beegfs/rcabanas/dev/credici/papers/causal_flavour/data/simple_learner_4Q10k_data.csv;-rw;-s;73;/mnt/beegfs/rcabanas/dev/credici/papers/causal_flavour/models/simple_learner_4Q10k.uai
[2024-05-17T10:34:02.980482][INFO][seed67] Set up logging
[2024-05-17T10:34:03.008897][INFO][seed67] args: -m;500;-o;/mnt/beegfs/rcabanas/dev/credici/papers/causal_flavour/learntmodels/miter500;--data;/mnt/beegfs/rcabanas/dev/credici/papers/causal_flavour/data/simple_learner_4Q10k_data.csv;-rw;-s;67;/mnt/beegfs/rcabanas/dev/credici/papers/causal_flavour/models/simple_learner_4Q10k.uai
[2024-05-17T10:34:03.013088][INFO][seed73] Starting logger with seed 73
[2024-05-17T10:34:03.013115][INFO][seed99] Starting logger with seed 99
[2024-05-17T10:34:03.019549][INFO][seed67] Starting logger with seed 67
[2024-05-17T10:34:03.045719][INFO][seed56] Loaded model and info: /mnt/beegfs/rcabanas/dev/credici/papers/causal_flavour/models/simple_learner_4Q10k.uai
[2024-05-17T10:34:03.048546][INFO][seed87] Loaded model and info: /mnt/beegfs/rcabanas/dev/credici/papers/causal_flavour/models/simple_learner_4Q10k.uai
[2024-05-17T10:34:03.053669][INFO][seed59] Loaded model and info: /mnt/beegfs/rcabanas/dev/credici/papers/causal_flavour/models/simple_learner_4Q10k.uai
[2024-05-17T10:34:03.020635][INFO][seed94] Set up logging
[2024-05-17T10:34:03.055367][INFO][seed94] args: -m;500;-o;/mnt/beegfs/rcabanas/dev/credici/papers/causal_flavour/learntmodels/miter500;--data;/mnt/beegfs/rcabanas/dev/credici/papers/causal_flavour/data/simple_learner_4Q10k_data.csv;-rw;-s;94;/mnt/beegfs/rcabanas/dev/credici/papers/causal_flavour/models/simple_learner_4Q10k.uai
[2024-05-17T10:34:03.057006][INFO][seed50] Loaded model and info: /mnt/beegfs/rcabanas/dev/credici/papers/causal_flavour/models/simple_learner_4Q10k.uai
[2024-05-17T10:34:03.057566][INFO][seed58] Loaded model and info: /mnt/beegfs/rcabanas/dev/credici/papers/causal_flavour/models/simple_learner_4Q10k.uai
[2024-05-17T10:34:03.057745][INFO][seed94] Starting logger with seed 94
[2024-05-17T10:34:03.057743][INFO][seed78] Loaded model and info: /mnt/beegfs/rcabanas/dev/credici/papers/causal_flavour/models/simple_learner_4Q10k.uai
[2024-05-17T10:34:03.075219][INFO][seed68] Loaded model and info: /mnt/beegfs/rcabanas/dev/credici/papers/causal_flavour/models/simple_learner_4Q10k.uai
[2024-05-17T10:34:03.082596][INFO][seed69] Loaded model and info: /mnt/beegfs/rcabanas/dev/credici/papers/causal_flavour/models/simple_learner_4Q10k.uai
[2024-05-17T10:34:03.074872][INFO][seed74] Set up logging
[2024-05-17T10:34:03.097958][INFO][seed74] args: -m;500;-o;/mnt/beegfs/rcabanas/dev/credici/papers/causal_flavour/learntmodels/miter500;--data;/mnt/beegfs/rcabanas/dev/credici/papers/causal_flavour/data/simple_learner_4Q10k_data.csv;-rw;-s;74;/mnt/beegfs/rcabanas/dev/credici/papers/causal_flavour/models/simple_learner_4Q10k.uai
[2024-05-17T10:34:03.099497][INFO][seed63] Loaded model and info: /mnt/beegfs/rcabanas/dev/credici/papers/causal_flavour/models/simple_learner_4Q10k.uai
[2024-05-17T10:34:03.100158][INFO][seed74] Starting logger with seed 74
[2024-05-17T10:34:03.085158][INFO][seed95] Set up logging
[2024-05-17T10:34:03.108721][INFO][seed95] args: -m;500;-o;/mnt/beegfs/rcabanas/dev/credici/papers/causal_flavour/learntmodels/miter500;--data;/mnt/beegfs/rcabanas/dev/credici/papers/causal_flavour/data/simple_learner_4Q10k_data.csv;-rw;-s;95;/mnt/beegfs/rcabanas/dev/credici/papers/causal_flavour/models/simple_learner_4Q10k.uai
[2024-05-17T10:34:03.076939][INFO][seed76] Set up logging
[2024-05-17T10:34:03.116124][INFO][seed76] args: -m;500;-o;/mnt/beegfs/rcabanas/dev/credici/papers/causal_flavour/learntmodels/miter500;--data;/mnt/beegfs/rcabanas/dev/credici/papers/causal_flavour/data/simple_learner_4Q10k_data.csv;-rw;-s;76;/mnt/beegfs/rcabanas/dev/credici/papers/causal_flavour/models/simple_learner_4Q10k.uai
[2024-05-17T10:34:03.116180][INFO][seed72] Loaded model and info: /mnt/beegfs/rcabanas/dev/credici/papers/causal_flavour/models/simple_learner_4Q10k.uai
[2024-05-17T10:34:03.116526][INFO][seed95] Starting logger with seed 95
[2024-05-17T10:34:03.119886][INFO][seed76] Starting logger with seed 76
[2024-05-17T10:34:03.121239][INFO][seed71] Loaded model and info: /mnt/beegfs/rcabanas/dev/credici/papers/causal_flavour/models/simple_learner_4Q10k.uai
[2024-05-17T10:34:03.085478][INFO][seed53] Set up logging
[2024-05-17T10:34:03.122014][INFO][seed53] args: -m;500;-o;/mnt/beegfs/rcabanas/dev/credici/papers/causal_flavour/learntmodels/miter500;--data;/mnt/beegfs/rcabanas/dev/credici/papers/causal_flavour/data/simple_learner_4Q10k_data.csv;-rw;-s;53;/mnt/beegfs/rcabanas/dev/credici/papers/causal_flavour/models/simple_learner_4Q10k.uai
[2024-05-17T10:34:03.123809][INFO][seed53] Starting logger with seed 53
[2024-05-17T10:34:03.151657][INFO][seed60] Loaded model and info: /mnt/beegfs/rcabanas/dev/credici/papers/causal_flavour/models/simple_learner_4Q10k.uai
[2024-05-17T10:34:03.146321][INFO][seed65] Set up logging
[2024-05-17T10:34:03.168813][INFO][seed65] args: -m;500;-o;/mnt/beegfs/rcabanas/dev/credici/papers/causal_flavour/learntmodels/miter500;--data;/mnt/beegfs/rcabanas/dev/credici/papers/causal_flavour/data/simple_learner_4Q10k_data.csv;-rw;-s;65;/mnt/beegfs/rcabanas/dev/credici/papers/causal_flavour/models/simple_learner_4Q10k.uai
[2024-05-17T10:34:03.173333][INFO][seed65] Starting logger with seed 65
[2024-05-17T10:34:03.192012][INFO][seed93] Loaded model and info: /mnt/beegfs/rcabanas/dev/credici/papers/causal_flavour/models/simple_learner_4Q10k.uai
[2024-05-17T10:34:03.232695][INFO][seed54] Loaded model and info: /mnt/beegfs/rcabanas/dev/credici/papers/causal_flavour/models/simple_learner_4Q10k.uai
[2024-05-17T10:34:03.216981][INFO][seed100] Set up logging
[2024-05-17T10:34:03.243507][INFO][seed100] args: -m;500;-o;/mnt/beegfs/rcabanas/dev/credici/papers/causal_flavour/learntmodels/miter500;--data;/mnt/beegfs/rcabanas/dev/credici/papers/causal_flavour/data/simple_learner_4Q10k_data.csv;-rw;-s;100;/mnt/beegfs/rcabanas/dev/credici/papers/causal_flavour/models/simple_learner_4Q10k.uai
[2024-05-17T10:34:03.244716][INFO][seed51] Loaded 10000 data instances
[2024-05-17T10:34:03.248523][INFO][seed100] Starting logger with seed 100
[2024-05-17T10:34:03.251790][INFO][seed51] Starting learning up to 500 iterations
[2024-05-17T10:34:03.252178][INFO][seed94] Loaded model and info: /mnt/beegfs/rcabanas/dev/credici/papers/causal_flavour/models/simple_learner_4Q10k.uai
[2024-05-17T10:34:03.253572][INFO][seed55] Loaded 10000 data instances
[2024-05-17T10:34:03.258842][INFO][seed73] Loaded model and info: /mnt/beegfs/rcabanas/dev/credici/papers/causal_flavour/models/simple_learner_4Q10k.uai
[2024-05-17T10:34:03.259779][INFO][seed91] Loaded model and info: /mnt/beegfs/rcabanas/dev/credici/papers/causal_flavour/models/simple_learner_4Q10k.uai
[2024-05-17T10:34:03.263868][INFO][seed55] Starting learning up to 500 iterations
[2024-05-17T10:34:03.267294][INFO][seed62] Loaded 10000 data instances
[2024-05-17T10:34:03.270726][INFO][seed89] Loaded model and info: /mnt/beegfs/rcabanas/dev/credici/papers/causal_flavour/models/simple_learner_4Q10k.uai
[2024-05-17T10:34:03.274462][INFO][seed99] Loaded model and info: /mnt/beegfs/rcabanas/dev/credici/papers/causal_flavour/models/simple_learner_4Q10k.uai
[2024-05-17T10:34:03.249650][INFO][seed85] Set up logging
[2024-05-17T10:34:03.277841][INFO][seed62] Starting learning up to 500 iterations
[2024-05-17T10:34:03.278032][INFO][seed85] args: -m;500;-o;/mnt/beegfs/rcabanas/dev/credici/papers/causal_flavour/learntmodels/miter500;--data;/mnt/beegfs/rcabanas/dev/credici/papers/causal_flavour/data/simple_learner_4Q10k_data.csv;-rw;-s;85;/mnt/beegfs/rcabanas/dev/credici/papers/causal_flavour/models/simple_learner_4Q10k.uai
[2024-05-17T10:34:03.283104][INFO][seed85] Starting logger with seed 85
[2024-05-17T10:34:03.286255][INFO][seed67] Loaded model and info: /mnt/beegfs/rcabanas/dev/credici/papers/causal_flavour/models/simple_learner_4Q10k.uai
[2024-05-17T10:34:03.294866][INFO][seed74] Loaded model and info: /mnt/beegfs/rcabanas/dev/credici/papers/causal_flavour/models/simple_learner_4Q10k.uai
[2024-05-17T10:34:03.308305][INFO][seed53] Loaded model and info: /mnt/beegfs/rcabanas/dev/credici/papers/causal_flavour/models/simple_learner_4Q10k.uai
[2024-05-17T10:34:03.310613][INFO][seed95] Loaded model and info: /mnt/beegfs/rcabanas/dev/credici/papers/causal_flavour/models/simple_learner_4Q10k.uai
[2024-05-17T10:34:03.313703][INFO][seed76] Loaded model and info: /mnt/beegfs/rcabanas/dev/credici/papers/causal_flavour/models/simple_learner_4Q10k.uai
[2024-05-17T10:34:03.375625][INFO][seed65] Loaded model and info: /mnt/beegfs/rcabanas/dev/credici/papers/causal_flavour/models/simple_learner_4Q10k.uai
[2024-05-17T10:34:03.382765][INFO][seed50] Loaded 10000 data instances
[2024-05-17T10:34:03.386748][INFO][seed59] Loaded 10000 data instances
[2024-05-17T10:34:03.389370][INFO][seed50] Starting learning up to 500 iterations
[2024-05-17T10:34:03.397766][INFO][seed59] Starting learning up to 500 iterations
[2024-05-17T10:34:03.409592][INFO][seed78] Loaded 10000 data instances
[2024-05-17T10:34:03.413675][INFO][seed78] Starting learning up to 500 iterations
[2024-05-17T10:34:03.416049][INFO][seed58] Loaded 10000 data instances
[2024-05-17T10:34:03.416799][INFO][seed58] Starting learning up to 500 iterations
[2024-05-17T10:34:03.433114][INFO][seed56] Loaded 10000 data instances
[2024-05-17T10:34:03.433891][INFO][seed63] Loaded 10000 data instances
[2024-05-17T10:34:03.434941][INFO][seed63] Starting learning up to 500 iterations
[2024-05-17T10:34:03.437634][INFO][seed56] Starting learning up to 500 iterations
[2024-05-17T10:34:03.446505][INFO][seed72] Loaded 10000 data instances
[2024-05-17T10:34:03.450184][INFO][seed71] Loaded 10000 data instances
[2024-05-17T10:34:03.450995][INFO][seed71] Starting learning up to 500 iterations
[2024-05-17T10:34:03.452116][INFO][seed72] Starting learning up to 500 iterations
[2024-05-17T10:34:03.453471][INFO][seed87] Loaded 10000 data instances
[2024-05-17T10:34:03.454232][INFO][seed87] Starting learning up to 500 iterations
[2024-05-17T10:34:03.455385][INFO][seed60] Loaded 10000 data instances
[2024-05-17T10:34:03.456001][INFO][seed60] Starting learning up to 500 iterations
[2024-05-17T10:34:03.456097][INFO][seed85] Loaded model and info: /mnt/beegfs/rcabanas/dev/credici/papers/causal_flavour/models/simple_learner_4Q10k.uai
[2024-05-17T10:34:03.459329][INFO][seed68] Loaded 10000 data instances
[2024-05-17T10:34:03.459805][INFO][seed100] Loaded model and info: /mnt/beegfs/rcabanas/dev/credici/papers/causal_flavour/models/simple_learner_4Q10k.uai
[2024-05-17T10:34:03.460542][INFO][seed68] Starting learning up to 500 iterations
[2024-05-17T10:34:03.449997][INFO][seed90] Set up logging
[2024-05-17T10:34:03.483879][INFO][seed90] args: -m;500;-o;/mnt/beegfs/rcabanas/dev/credici/papers/causal_flavour/learntmodels/miter500;--data;/mnt/beegfs/rcabanas/dev/credici/papers/causal_flavour/data/simple_learner_4Q10k_data.csv;-rw;-s;90;/mnt/beegfs/rcabanas/dev/credici/papers/causal_flavour/models/simple_learner_4Q10k.uai
[2024-05-17T10:34:03.485748][INFO][seed90] Starting logger with seed 90
[2024-05-17T10:34:03.486090][INFO][seed69] Loaded 10000 data instances
[2024-05-17T10:34:03.495242][INFO][seed69] Starting learning up to 500 iterations
[2024-05-17T10:34:03.476867][INFO][seed97] Set up logging
[2024-05-17T10:34:03.496881][INFO][seed97] args: -m;500;-o;/mnt/beegfs/rcabanas/dev/credici/papers/causal_flavour/learntmodels/miter500;--data;/mnt/beegfs/rcabanas/dev/credici/papers/causal_flavour/data/simple_learner_4Q10k_data.csv;-rw;-s;97;/mnt/beegfs/rcabanas/dev/credici/papers/causal_flavour/models/simple_learner_4Q10k.uai
[2024-05-17T10:34:03.498642][INFO][seed97] Starting logger with seed 97
[2024-05-17T10:34:03.498541][INFO][seed98] Set up logging
[2024-05-17T10:34:03.512590][INFO][seed98] args: -m;500;-o;/mnt/beegfs/rcabanas/dev/credici/papers/causal_flavour/learntmodels/miter500;--data;/mnt/beegfs/rcabanas/dev/credici/papers/causal_flavour/data/simple_learner_4Q10k_data.csv;-rw;-s;98;/mnt/beegfs/rcabanas/dev/credici/papers/causal_flavour/models/simple_learner_4Q10k.uai
[2024-05-17T10:34:03.518532][INFO][seed98] Starting logger with seed 98
[2024-05-17T10:34:03.512629][INFO][seed88] Set up logging
[2024-05-17T10:34:03.517326][INFO][seed77] Set up logging
[2024-05-17T10:34:03.534809][INFO][seed77] args: -m;500;-o;/mnt/beegfs/rcabanas/dev/credici/papers/causal_flavour/learntmodels/miter500;--data;/mnt/beegfs/rcabanas/dev/credici/papers/causal_flavour/data/simple_learner_4Q10k_data.csv;-rw;-s;77;/mnt/beegfs/rcabanas/dev/credici/papers/causal_flavour/models/simple_learner_4Q10k.uai
[2024-05-17T10:34:03.537917][INFO][seed88] args: -m;500;-o;/mnt/beegfs/rcabanas/dev/credici/papers/causal_flavour/learntmodels/miter500;--data;/mnt/beegfs/rcabanas/dev/credici/papers/causal_flavour/data/simple_learner_4Q10k_data.csv;-rw;-s;88;/mnt/beegfs/rcabanas/dev/credici/papers/causal_flavour/models/simple_learner_4Q10k.uai
[2024-05-17T10:34:03.540206][INFO][seed88] Starting logger with seed 88
[2024-05-17T10:34:03.544322][INFO][seed93] Loaded 10000 data instances
[2024-05-17T10:34:03.549565][INFO][seed77] Starting logger with seed 77
[2024-05-17T10:34:03.550262][INFO][seed93] Starting learning up to 500 iterations
[2024-05-17T10:34:03.543625][INFO][seed84] Set up logging
[2024-05-17T10:34:03.569276][INFO][seed84] args: -m;500;-o;/mnt/beegfs/rcabanas/dev/credici/papers/causal_flavour/learntmodels/miter500;--data;/mnt/beegfs/rcabanas/dev/credici/papers/causal_flavour/data/simple_learner_4Q10k_data.csv;-rw;-s;84;/mnt/beegfs/rcabanas/dev/credici/papers/causal_flavour/models/simple_learner_4Q10k.uai
[2024-05-17T10:34:03.571379][INFO][seed84] Starting logger with seed 84
[2024-05-17T10:34:03.555899][INFO][seed92] Set up logging
[2024-05-17T10:34:03.584611][INFO][seed92] args: -m;500;-o;/mnt/beegfs/rcabanas/dev/credici/papers/causal_flavour/learntmodels/miter500;--data;/mnt/beegfs/rcabanas/dev/credici/papers/causal_flavour/data/simple_learner_4Q10k_data.csv;-rw;-s;92;/mnt/beegfs/rcabanas/dev/credici/papers/causal_flavour/models/simple_learner_4Q10k.uai
[2024-05-17T10:34:03.589475][INFO][seed92] Starting logger with seed 92
[2024-05-17T10:34:03.585782][INFO][seed83] Set up logging
[2024-05-17T10:34:03.621603][INFO][seed83] args: -m;500;-o;/mnt/beegfs/rcabanas/dev/credici/papers/causal_flavour/learntmodels/miter500;--data;/mnt/beegfs/rcabanas/dev/credici/papers/causal_flavour/data/simple_learner_4Q10k_data.csv;-rw;-s;83;/mnt/beegfs/rcabanas/dev/credici/papers/causal_flavour/models/simple_learner_4Q10k.uai
[2024-05-17T10:34:03.623554][INFO][seed83] Starting logger with seed 83
[2024-05-17T10:34:03.605259][INFO][seed66] Set up logging
[2024-05-17T10:34:03.626690][INFO][seed66] args: -m;500;-o;/mnt/beegfs/rcabanas/dev/credici/papers/causal_flavour/learntmodels/miter500;--data;/mnt/beegfs/rcabanas/dev/credici/papers/causal_flavour/data/simple_learner_4Q10k_data.csv;-rw;-s;66;/mnt/beegfs/rcabanas/dev/credici/papers/causal_flavour/models/simple_learner_4Q10k.uai
[2024-05-17T10:34:03.633585][INFO][seed66] Starting logger with seed 66
[2024-05-17T10:34:03.636746][INFO][seed95] Loaded 10000 data instances
[2024-05-17T10:34:03.637539][INFO][seed95] Starting learning up to 500 iterations
[2024-05-17T10:34:03.638894][INFO][seed94] Loaded 10000 data instances
[2024-05-17T10:34:03.639560][INFO][seed94] Starting learning up to 500 iterations
[2024-05-17T10:34:03.646776][INFO][seed73] Loaded 10000 data instances
[2024-05-17T10:34:03.647188][INFO][seed74] Loaded 10000 data instances
[2024-05-17T10:34:03.647949][INFO][seed74] Starting learning up to 500 iterations
[2024-05-17T10:34:03.648212][INFO][seed73] Starting learning up to 500 iterations
[2024-05-17T10:34:03.635559][INFO][seed75] Set up logging
[2024-05-17T10:34:03.652407][INFO][seed75] args: -m;500;-o;/mnt/beegfs/rcabanas/dev/credici/papers/causal_flavour/learntmodels/miter500;--data;/mnt/beegfs/rcabanas/dev/credici/papers/causal_flavour/data/simple_learner_4Q10k_data.csv;-rw;-s;75;/mnt/beegfs/rcabanas/dev/credici/papers/causal_flavour/models/simple_learner_4Q10k.uai
[2024-05-17T10:34:03.653662][INFO][seed89] Loaded 10000 data instances
[2024-05-17T10:34:03.628556][INFO][seed82] Set up logging
[2024-05-17T10:34:03.654964][INFO][seed82] args: -m;500;-o;/mnt/beegfs/rcabanas/dev/credici/papers/causal_flavour/learntmodels/miter500;--data;/mnt/beegfs/rcabanas/dev/credici/papers/causal_flavour/data/simple_learner_4Q10k_data.csv;-rw;-s;82;/mnt/beegfs/rcabanas/dev/credici/papers/causal_flavour/models/simple_learner_4Q10k.uai
[2024-05-17T10:34:03.630734][INFO][seed57] Set up logging
[2024-05-17T10:34:03.657681][INFO][seed89] Starting learning up to 500 iterations
[2024-05-17T10:34:03.658332][INFO][seed57] args: -m;500;-o;/mnt/beegfs/rcabanas/dev/credici/papers/causal_flavour/learntmodels/miter500;--data;/mnt/beegfs/rcabanas/dev/credici/papers/causal_flavour/data/simple_learner_4Q10k_data.csv;-rw;-s;57;/mnt/beegfs/rcabanas/dev/credici/papers/causal_flavour/models/simple_learner_4Q10k.uai
[2024-05-17T10:34:03.624957][INFO][seed70] Set up logging
[2024-05-17T10:34:03.659162][INFO][seed75] Starting logger with seed 75
[2024-05-17T10:34:03.660480][INFO][seed82] Starting logger with seed 82
[2024-05-17T10:34:03.661487][INFO][seed70] args: -m;500;-o;/mnt/beegfs/rcabanas/dev/credici/papers/causal_flavour/learntmodels/miter500;--data;/mnt/beegfs/rcabanas/dev/credici/papers/causal_flavour/data/simple_learner_4Q10k_data.csv;-rw;-s;70;/mnt/beegfs/rcabanas/dev/credici/papers/causal_flavour/models/simple_learner_4Q10k.uai
[2024-05-17T10:34:03.663737][INFO][seed99] Loaded 10000 data instances
[2024-05-17T10:34:03.643697][INFO][seed80] Set up logging
[2024-05-17T10:34:03.667001][INFO][seed57] Starting logger with seed 57
[2024-05-17T10:34:03.668940][INFO][seed91] Loaded 10000 data instances
[2024-05-17T10:34:03.668352][INFO][seed80] args: -m;500;-o;/mnt/beegfs/rcabanas/dev/credici/papers/causal_flavour/learntmodels/miter500;--data;/mnt/beegfs/rcabanas/dev/credici/papers/causal_flavour/data/simple_learner_4Q10k_data.csv;-rw;-s;80;/mnt/beegfs/rcabanas/dev/credici/papers/causal_flavour/models/simple_learner_4Q10k.uai
[2024-05-17T10:34:03.669785][INFO][seed91] Starting learning up to 500 iterations
[2024-05-17T10:34:03.666867][INFO][seed70] Starting logger with seed 70
[2024-05-17T10:34:03.670517][INFO][seed76] Loaded 10000 data instances
[2024-05-17T10:34:03.671251][INFO][seed76] Starting learning up to 500 iterations
[2024-05-17T10:34:03.674319][INFO][seed99] Starting learning up to 500 iterations
[2024-05-17T10:34:03.661182][INFO][seed64] Set up logging
[2024-05-17T10:34:03.678733][INFO][seed80] Starting logger with seed 80
[2024-05-17T10:34:03.685134][INFO][seed67] Loaded 10000 data instances
[2024-05-17T10:34:03.685907][INFO][seed67] Starting learning up to 500 iterations
[2024-05-17T10:34:03.685831][INFO][seed64] args: -m;500;-o;/mnt/beegfs/rcabanas/dev/credici/papers/causal_flavour/learntmodels/miter500;--data;/mnt/beegfs/rcabanas/dev/credici/papers/causal_flavour/data/simple_learner_4Q10k_data.csv;-rw;-s;64;/mnt/beegfs/rcabanas/dev/credici/papers/causal_flavour/models/simple_learner_4Q10k.uai
[2024-05-17T10:34:03.688848][INFO][seed64] Starting logger with seed 64
[2024-05-17T10:34:03.695065][INFO][seed97] Loaded model and info: /mnt/beegfs/rcabanas/dev/credici/papers/causal_flavour/models/simple_learner_4Q10k.uai
[2024-05-17T10:34:03.693124][INFO][seed61] Set up logging
[2024-05-17T10:34:03.707568][INFO][seed90] Loaded model and info: /mnt/beegfs/rcabanas/dev/credici/papers/causal_flavour/models/simple_learner_4Q10k.uai
[2024-05-17T10:34:03.678659][INFO][seed81] Set up logging
[2024-05-17T10:34:03.710482][INFO][seed81] args: -m;500;-o;/mnt/beegfs/rcabanas/dev/credici/papers/causal_flavour/learntmodels/miter500;--data;/mnt/beegfs/rcabanas/dev/credici/papers/causal_flavour/data/simple_learner_4Q10k_data.csv;-rw;-s;81;/mnt/beegfs/rcabanas/dev/credici/papers/causal_flavour/models/simple_learner_4Q10k.uai
[2024-05-17T10:34:03.712244][INFO][seed54] Loaded 10000 data instances
[2024-05-17T10:34:03.712638][INFO][seed81] Starting logger with seed 81
[2024-05-17T10:34:03.712721][INFO][seed65] Loaded 10000 data instances
[2024-05-17T10:34:03.713365][INFO][seed54] Starting learning up to 500 iterations
[2024-05-17T10:34:03.713581][INFO][seed65] Starting learning up to 500 iterations
[2024-05-17T10:34:03.717997][INFO][seed61] args: -m;500;-o;/mnt/beegfs/rcabanas/dev/credici/papers/causal_flavour/learntmodels/miter500;--data;/mnt/beegfs/rcabanas/dev/credici/papers/causal_flavour/data/simple_learner_4Q10k_data.csv;-rw;-s;61;/mnt/beegfs/rcabanas/dev/credici/papers/causal_flavour/models/simple_learner_4Q10k.uai
[2024-05-17T10:34:03.720468][INFO][seed61] Starting logger with seed 61
[2024-05-17T10:34:03.743793][INFO][seed53] Loaded 10000 data instances
[2024-05-17T10:34:03.747939][INFO][seed53] Starting learning up to 500 iterations
[2024-05-17T10:34:03.731287][INFO][seed86] Set up logging
[2024-05-17T10:34:03.763606][INFO][seed86] args: -m;500;-o;/mnt/beegfs/rcabanas/dev/credici/papers/causal_flavour/learntmodels/miter500;--data;/mnt/beegfs/rcabanas/dev/credici/papers/causal_flavour/data/simple_learner_4Q10k_data.csv;-rw;-s;86;/mnt/beegfs/rcabanas/dev/credici/papers/causal_flavour/models/simple_learner_4Q10k.uai
[2024-05-17T10:34:03.770080][INFO][seed84] Loaded model and info: /mnt/beegfs/rcabanas/dev/credici/papers/causal_flavour/models/simple_learner_4Q10k.uai
[2024-05-17T10:34:03.733397][INFO][seed52] Set up logging
[2024-05-17T10:34:03.772513][INFO][seed52] args: -m;500;-o;/mnt/beegfs/rcabanas/dev/credici/papers/causal_flavour/learntmodels/miter500;--data;/mnt/beegfs/rcabanas/dev/credici/papers/causal_flavour/data/simple_learner_4Q10k_data.csv;-rw;-s;52;/mnt/beegfs/rcabanas/dev/credici/papers/causal_flavour/models/simple_learner_4Q10k.uai
[2024-05-17T10:34:03.772707][INFO][seed86] Starting logger with seed 86
[2024-05-17T10:34:03.774492][INFO][seed52] Starting logger with seed 52
[2024-05-17T10:34:03.790655][INFO][seed85] Loaded 10000 data instances
[2024-05-17T10:34:03.791567][INFO][seed85] Starting learning up to 500 iterations
[2024-05-17T10:34:03.810522][INFO][seed100] Loaded 10000 data instances
[2024-05-17T10:34:03.820708][INFO][seed100] Starting learning up to 500 iterations
[2024-05-17T10:34:03.826156][INFO][seed88] Loaded model and info: /mnt/beegfs/rcabanas/dev/credici/papers/causal_flavour/models/simple_learner_4Q10k.uai
[2024-05-17T10:34:03.837623][INFO][seed98] Loaded model and info: /mnt/beegfs/rcabanas/dev/credici/papers/causal_flavour/models/simple_learner_4Q10k.uai
[2024-05-17T10:34:03.839019][INFO][seed83] Loaded model and info: /mnt/beegfs/rcabanas/dev/credici/papers/causal_flavour/models/simple_learner_4Q10k.uai
[2024-05-17T10:34:03.842354][INFO][seed77] Loaded model and info: /mnt/beegfs/rcabanas/dev/credici/papers/causal_flavour/models/simple_learner_4Q10k.uai
[2024-05-17T10:34:03.843355][INFO][seed92] Loaded model and info: /mnt/beegfs/rcabanas/dev/credici/papers/causal_flavour/models/simple_learner_4Q10k.uai
[2024-05-17T10:34:03.857487][INFO][seed66] Loaded model and info: /mnt/beegfs/rcabanas/dev/credici/papers/causal_flavour/models/simple_learner_4Q10k.uai
[2024-05-17T10:34:03.927675][INFO][seed57] Loaded model and info: /mnt/beegfs/rcabanas/dev/credici/papers/causal_flavour/models/simple_learner_4Q10k.uai
[2024-05-17T10:34:03.938044][INFO][seed75] Loaded model and info: /mnt/beegfs/rcabanas/dev/credici/papers/causal_flavour/models/simple_learner_4Q10k.uai
[2024-05-17T10:34:03.949788][INFO][seed82] Loaded model and info: /mnt/beegfs/rcabanas/dev/credici/papers/causal_flavour/models/simple_learner_4Q10k.uai
[2024-05-17T10:34:03.957843][INFO][seed70] Loaded model and info: /mnt/beegfs/rcabanas/dev/credici/papers/causal_flavour/models/simple_learner_4Q10k.uai
[2024-05-17T10:34:03.999317][INFO][seed80] Loaded model and info: /mnt/beegfs/rcabanas/dev/credici/papers/causal_flavour/models/simple_learner_4Q10k.uai
[2024-05-17T10:34:04.002871][INFO][seed64] Loaded model and info: /mnt/beegfs/rcabanas/dev/credici/papers/causal_flavour/models/simple_learner_4Q10k.uai
[2024-05-17T10:34:04.020657][INFO][seed81] Loaded model and info: /mnt/beegfs/rcabanas/dev/credici/papers/causal_flavour/models/simple_learner_4Q10k.uai
[2024-05-17T10:34:04.026428][INFO][seed52] Loaded model and info: /mnt/beegfs/rcabanas/dev/credici/papers/causal_flavour/models/simple_learner_4Q10k.uai
[2024-05-17T10:34:04.033003][INFO][seed61] Loaded model and info: /mnt/beegfs/rcabanas/dev/credici/papers/causal_flavour/models/simple_learner_4Q10k.uai
[2024-05-17T10:34:04.033199][INFO][seed86] Loaded model and info: /mnt/beegfs/rcabanas/dev/credici/papers/causal_flavour/models/simple_learner_4Q10k.uai
[2024-05-17T10:34:04.084513][INFO][seed90] Loaded 10000 data instances
[2024-05-17T10:34:04.088229][INFO][seed90] Starting learning up to 500 iterations
[2024-05-17T10:34:04.105527][INFO][seed97] Loaded 10000 data instances
[2024-05-17T10:34:04.106729][INFO][seed97] Starting learning up to 500 iterations
[2024-05-17T10:34:04.183864][INFO][seed98] Loaded 10000 data instances
[2024-05-17T10:34:04.193044][INFO][seed88] Loaded 10000 data instances
[2024-05-17T10:34:04.197749][INFO][seed88] Starting learning up to 500 iterations
[2024-05-17T10:34:04.197995][INFO][seed98] Starting learning up to 500 iterations
[2024-05-17T10:34:04.209779][INFO][seed77] Loaded 10000 data instances
[2024-05-17T10:34:04.215404][INFO][seed84] Loaded 10000 data instances
[2024-05-17T10:34:04.216156][INFO][seed84] Starting learning up to 500 iterations
[2024-05-17T10:34:04.217772][INFO][seed77] Starting learning up to 500 iterations
[2024-05-17T10:34:04.251881][INFO][seed66] Loaded 10000 data instances
[2024-05-17T10:34:04.257351][INFO][seed66] Starting learning up to 500 iterations
[2024-05-17T10:34:04.262292][INFO][seed83] Loaded 10000 data instances
[2024-05-17T10:34:04.262989][INFO][seed83] Starting learning up to 500 iterations
[2024-05-17T10:34:04.267895][INFO][seed92] Loaded 10000 data instances
[2024-05-17T10:34:04.268772][INFO][seed92] Starting learning up to 500 iterations
[2024-05-17T10:34:04.384360][INFO][seed75] Loaded 10000 data instances
[2024-05-17T10:34:04.385693][INFO][seed64] Loaded 10000 data instances
[2024-05-17T10:34:04.385972][INFO][seed81] Loaded 10000 data instances
[2024-05-17T10:34:04.391759][INFO][seed75] Starting learning up to 500 iterations
[2024-05-17T10:34:04.392174][INFO][seed64] Starting learning up to 500 iterations
[2024-05-17T10:34:04.393384][INFO][seed61] Loaded 10000 data instances
[2024-05-17T10:34:04.397729][INFO][seed61] Starting learning up to 500 iterations
[2024-05-17T10:34:04.397915][INFO][seed81] Starting learning up to 500 iterations
[2024-05-17T10:34:04.412243][INFO][seed80] Loaded 10000 data instances
[2024-05-17T10:34:04.414552][INFO][seed80] Starting learning up to 500 iterations
[2024-05-17T10:34:04.415038][INFO][seed57] Loaded 10000 data instances
[2024-05-17T10:34:04.423340][INFO][seed57] Starting learning up to 500 iterations
[2024-05-17T10:34:04.424490][INFO][seed52] Loaded 10000 data instances
[2024-05-17T10:34:04.425740][INFO][seed52] Starting learning up to 500 iterations
[2024-05-17T10:34:04.430866][INFO][seed70] Loaded 10000 data instances
[2024-05-17T10:34:04.434495][INFO][seed86] Loaded 10000 data instances
[2024-05-17T10:34:04.435184][INFO][seed86] Starting learning up to 500 iterations
[2024-05-17T10:34:04.436457][INFO][seed82] Loaded 10000 data instances
[2024-05-17T10:34:04.437884][INFO][seed70] Starting learning up to 500 iterations
[2024-05-17T10:34:04.440544][INFO][seed82] Starting learning up to 500 iterations
[2024-05-17T10:52:39.692789][INFO][seed57] Ellapsed time: 1115240.ms
[2024-05-17T10:52:39.732429][INFO][seed57] Saved model at /mnt/beegfs/rcabanas/dev/credici/papers/causal_flavour/learntmodels/miter500/simple_learner_4Q10k/model_57.uai
[2024-05-17T10:52:39.733091][INFO][seed57] Closing log file
[2024-05-17T10:52:39.733255][INFO][seed57] Closed log file
[2024-05-17T10:52:51.719566][INFO][seed80] Ellapsed time: 1127282.ms
[2024-05-17T10:52:51.777531][INFO][seed80] Saved model at /mnt/beegfs/rcabanas/dev/credici/papers/causal_flavour/learntmodels/miter500/simple_learner_4Q10k/model_80.uai
[2024-05-17T10:52:51.777963][INFO][seed80] Closing log file
[2024-05-17T10:52:51.778109][INFO][seed80] Closed log file
[2024-05-17T10:52:52.184795][INFO][seed93] Ellapsed time: 1128616.ms
[2024-05-17T10:52:52.219957][INFO][seed93] Saved model at /mnt/beegfs/rcabanas/dev/credici/papers/causal_flavour/learntmodels/miter500/simple_learner_4Q10k/model_93.uai
[2024-05-17T10:52:52.220424][INFO][seed93] Closing log file
[2024-05-17T10:52:52.220564][INFO][seed93] Closed log file
[2024-05-17T10:52:53.913377][INFO][seed52] Ellapsed time: 1129465.ms
[2024-05-17T10:52:53.959328][INFO][seed52] Saved model at /mnt/beegfs/rcabanas/dev/credici/papers/causal_flavour/learntmodels/miter500/simple_learner_4Q10k/model_52.uai
[2024-05-17T10:52:53.959669][INFO][seed52] Closing log file
[2024-05-17T10:52:53.959780][INFO][seed52] Closed log file
[2024-05-17T10:52:58.954441][INFO][seed83] Ellapsed time: 1134667.ms
[2024-05-17T10:52:58.985736][INFO][seed83] Saved model at /mnt/beegfs/rcabanas/dev/credici/papers/causal_flavour/learntmodels/miter500/simple_learner_4Q10k/model_83.uai
[2024-05-17T10:52:58.986147][INFO][seed83] Closing log file
[2024-05-17T10:52:58.986272][INFO][seed83] Closed log file
[2024-05-17T10:52:59.002974][INFO][seed81] Ellapsed time: 1134590.ms
[2024-05-17T10:52:59.058150][INFO][seed81] Saved model at /mnt/beegfs/rcabanas/dev/credici/papers/causal_flavour/learntmodels/miter500/simple_learner_4Q10k/model_81.uai
[2024-05-17T10:52:59.058399][INFO][seed81] Closing log file
[2024-05-17T10:52:59.058507][INFO][seed81] Closed log file
[2024-05-17T10:53:02.590187][INFO][seed66] Ellapsed time: 1138296.ms
[2024-05-17T10:53:02.622409][INFO][seed66] Saved model at /mnt/beegfs/rcabanas/dev/credici/papers/causal_flavour/learntmodels/miter500/simple_learner_4Q10k/model_66.uai
[2024-05-17T10:53:02.622808][INFO][seed66] Closing log file
[2024-05-17T10:53:02.622934][INFO][seed66] Closed log file
[2024-05-17T10:53:05.168056][INFO][seed84] Ellapsed time: 1140938.ms
[2024-05-17T10:53:05.212049][INFO][seed84] Saved model at /mnt/beegfs/rcabanas/dev/credici/papers/causal_flavour/learntmodels/miter500/simple_learner_4Q10k/model_84.uai
[2024-05-17T10:53:05.212397][INFO][seed84] Closing log file
[2024-05-17T10:53:05.212508][INFO][seed84] Closed log file
[2024-05-17T10:53:12.196606][INFO][seed53] Ellapsed time: 1148410.ms
[2024-05-17T10:53:12.245147][INFO][seed53] Saved model at /mnt/beegfs/rcabanas/dev/credici/papers/causal_flavour/learntmodels/miter500/simple_learner_4Q10k/model_53.uai
[2024-05-17T10:53:12.245536][INFO][seed53] Closing log file
[2024-05-17T10:53:12.245660][INFO][seed53] Closed log file
[2024-05-17T10:53:13.215596][INFO][seed95] Ellapsed time: 1149565.ms
[2024-05-17T10:53:13.264272][INFO][seed95] Saved model at /mnt/beegfs/rcabanas/dev/credici/papers/causal_flavour/learntmodels/miter500/simple_learner_4Q10k/model_95.uai
[2024-05-17T10:53:13.264560][INFO][seed95] Closing log file
[2024-05-17T10:53:13.264667][INFO][seed95] Closed log file
[2024-05-17T10:53:19.151922][INFO][seed70] Ellapsed time: 1154695.ms
[2024-05-17T10:53:19.218700][INFO][seed70] Saved model at /mnt/beegfs/rcabanas/dev/credici/papers/causal_flavour/learntmodels/miter500/simple_learner_4Q10k/model_70.uai
[2024-05-17T10:53:19.219215][INFO][seed70] Closing log file
[2024-05-17T10:53:19.219348][INFO][seed70] Closed log file
[2024-05-17T10:53:31.638628][INFO][seed86] Ellapsed time: 1167191.ms
[2024-05-17T10:53:31.666853][INFO][seed86] Saved model at /mnt/beegfs/rcabanas/dev/credici/papers/causal_flavour/learntmodels/miter500/simple_learner_4Q10k/model_86.uai
[2024-05-17T10:53:31.667072][INFO][seed86] Closing log file
[2024-05-17T10:53:31.667182][INFO][seed86] Closed log file
[2024-05-17T10:53:33.208141][INFO][seed61] Ellapsed time: 1168793.ms
[2024-05-17T10:53:33.237015][INFO][seed61] Saved model at /mnt/beegfs/rcabanas/dev/credici/papers/causal_flavour/learntmodels/miter500/simple_learner_4Q10k/model_61.uai
[2024-05-17T10:53:33.237222][INFO][seed61] Closing log file
[2024-05-17T10:53:33.237328][INFO][seed61] Closed log file
[2024-05-17T10:54:14.388684][INFO][seed69] Ellapsed time: 1210875.ms
[2024-05-17T10:54:14.435638][INFO][seed69] Saved model at /mnt/beegfs/rcabanas/dev/credici/papers/causal_flavour/learntmodels/miter500/simple_learner_4Q10k/model_69.uai
[2024-05-17T10:54:14.436138][INFO][seed69] Closing log file
[2024-05-17T10:54:14.436246][INFO][seed69] Closed log file
[2024-05-17T10:54:28.852095][INFO][seed65] Ellapsed time: 1225102.ms
[2024-05-17T10:54:28.887967][INFO][seed65] Saved model at /mnt/beegfs/rcabanas/dev/credici/papers/causal_flavour/learntmodels/miter500/simple_learner_4Q10k/model_65.uai
[2024-05-17T10:54:28.888403][INFO][seed65] Closing log file
[2024-05-17T10:54:28.888526][INFO][seed65] Closed log file
[2024-05-17T10:54:30.843374][INFO][seed100] Ellapsed time: 1227000.ms
[2024-05-17T10:54:30.875167][INFO][seed100] Saved model at /mnt/beegfs/rcabanas/dev/credici/papers/causal_flavour/learntmodels/miter500/simple_learner_4Q10k/model_100.uai
[2024-05-17T10:54:30.875461][INFO][seed100] Closing log file
[2024-05-17T10:54:30.875577][INFO][seed100] Closed log file
[2024-05-17T10:54:31.017851][INFO][seed54] Ellapsed time: 1227272.ms
[2024-05-17T10:54:31.054375][INFO][seed54] Saved model at /mnt/beegfs/rcabanas/dev/credici/papers/causal_flavour/learntmodels/miter500/simple_learner_4Q10k/model_54.uai
[2024-05-17T10:54:31.054852][INFO][seed54] Closing log file
[2024-05-17T10:54:31.054982][INFO][seed54] Closed log file
[2024-05-17T10:54:32.862064][INFO][seed97] Ellapsed time: 1228736.ms
[2024-05-17T10:54:32.904566][INFO][seed68] Ellapsed time: 1229424.ms
[2024-05-17T10:54:32.920618][INFO][seed97] Saved model at /mnt/beegfs/rcabanas/dev/credici/papers/causal_flavour/learntmodels/miter500/simple_learner_4Q10k/model_97.uai
[2024-05-17T10:54:32.920953][INFO][seed97] Closing log file
[2024-05-17T10:54:32.921081][INFO][seed97] Closed log file
[2024-05-17T10:54:32.933375][INFO][seed68] Saved model at /mnt/beegfs/rcabanas/dev/credici/papers/causal_flavour/learntmodels/miter500/simple_learner_4Q10k/model_68.uai
[2024-05-17T10:54:32.933693][INFO][seed68] Closing log file
[2024-05-17T10:54:32.933813][INFO][seed68] Closed log file
[2024-05-17T10:54:36.049580][INFO][seed85] Ellapsed time: 1232226.ms
[2024-05-17T10:54:36.101134][INFO][seed85] Saved model at /mnt/beegfs/rcabanas/dev/credici/papers/causal_flavour/learntmodels/miter500/simple_learner_4Q10k/model_85.uai
[2024-05-17T10:54:36.101405][INFO][seed85] Closing log file
[2024-05-17T10:54:36.101514][INFO][seed85] Closed log file
[2024-05-17T10:54:38.197209][INFO][seed82] Ellapsed time: 1233734.ms
[2024-05-17T10:54:38.274440][INFO][seed82] Saved model at /mnt/beegfs/rcabanas/dev/credici/papers/causal_flavour/learntmodels/miter500/simple_learner_4Q10k/model_82.uai
[2024-05-17T10:54:38.275015][INFO][seed82] Closing log file
[2024-05-17T10:54:38.275180][INFO][seed82] Closed log file
[2024-05-17T10:54:40.864153][INFO][seed77] Ellapsed time: 1236627.ms
[2024-05-17T10:54:40.931384][INFO][seed77] Saved model at /mnt/beegfs/rcabanas/dev/credici/papers/causal_flavour/learntmodels/miter500/simple_learner_4Q10k/model_77.uai
[2024-05-17T10:54:40.931947][INFO][seed77] Closing log file
[2024-05-17T10:54:40.932593][INFO][seed77] Closed log file
[2024-05-17T10:54:41.247903][INFO][seed72] Ellapsed time: 1237774.ms
[2024-05-17T10:54:41.280529][INFO][seed72] Saved model at /mnt/beegfs/rcabanas/dev/credici/papers/causal_flavour/learntmodels/miter500/simple_learner_4Q10k/model_72.uai
[2024-05-17T10:54:41.280800][INFO][seed72] Closing log file
[2024-05-17T10:54:41.280915][INFO][seed72] Closed log file
[2024-05-17T10:54:45.377969][INFO][seed90] Ellapsed time: 1241254.ms
[2024-05-17T10:54:45.437857][INFO][seed90] Saved model at /mnt/beegfs/rcabanas/dev/credici/papers/causal_flavour/learntmodels/miter500/simple_learner_4Q10k/model_90.uai
[2024-05-17T10:54:45.438380][INFO][seed90] Closing log file
[2024-05-17T10:54:45.438515][INFO][seed90] Closed log file
[2024-05-17T10:54:45.688432][INFO][seed78] Ellapsed time: 1242248.ms
[2024-05-17T10:54:45.729164][INFO][seed78] Saved model at /mnt/beegfs/rcabanas/dev/credici/papers/causal_flavour/learntmodels/miter500/simple_learner_4Q10k/model_78.uai
[2024-05-17T10:54:45.729399][INFO][seed78] Closing log file
[2024-05-17T10:54:45.729508][INFO][seed78] Closed log file
[2024-05-17T10:54:49.333765][INFO][seed75] Ellapsed time: 1244915.ms
[2024-05-17T10:54:49.380721][INFO][seed75] Saved model at /mnt/beegfs/rcabanas/dev/credici/papers/causal_flavour/learntmodels/miter500/simple_learner_4Q10k/model_75.uai
[2024-05-17T10:54:49.381069][INFO][seed75] Closing log file
[2024-05-17T10:54:49.381179][INFO][seed75] Closed log file
[2024-05-17T10:54:50.768426][INFO][seed60] Ellapsed time: 1247298.ms
[2024-05-17T10:54:50.831742][INFO][seed60] Saved model at /mnt/beegfs/rcabanas/dev/credici/papers/causal_flavour/learntmodels/miter500/simple_learner_4Q10k/model_60.uai
[2024-05-17T10:54:50.832104][INFO][seed60] Closing log file
[2024-05-17T10:54:50.832211][INFO][seed60] Closed log file
[2024-05-17T10:54:53.007117][INFO][seed98] Ellapsed time: 1248800.ms
[2024-05-17T10:54:53.032573][INFO][seed98] Saved model at /mnt/beegfs/rcabanas/dev/credici/papers/causal_flavour/learntmodels/miter500/simple_learner_4Q10k/model_98.uai
[2024-05-17T10:54:53.032792][INFO][seed98] Closing log file
[2024-05-17T10:54:53.032902][INFO][seed98] Closed log file
[2024-05-17T10:54:53.441713][INFO][seed88] Ellapsed time: 1249213.ms
[2024-05-17T10:54:53.468934][INFO][seed88] Saved model at /mnt/beegfs/rcabanas/dev/credici/papers/causal_flavour/learntmodels/miter500/simple_learner_4Q10k/model_88.uai
[2024-05-17T10:54:53.469127][INFO][seed88] Closing log file
[2024-05-17T10:54:53.469232][INFO][seed88] Closed log file
[2024-05-17T10:54:54.313113][INFO][seed63] Ellapsed time: 1250857.ms
[2024-05-17T10:54:54.369617][INFO][seed63] Saved model at /mnt/beegfs/rcabanas/dev/credici/papers/causal_flavour/learntmodels/miter500/simple_learner_4Q10k/model_63.uai
[2024-05-17T10:54:54.369923][INFO][seed63] Closing log file
[2024-05-17T10:54:54.370035][INFO][seed63] Closed log file
[2024-05-17T10:54:55.381555][INFO][seed92] Ellapsed time: 1251092.ms
[2024-05-17T10:54:55.430855][INFO][seed92] Saved model at /mnt/beegfs/rcabanas/dev/credici/papers/causal_flavour/learntmodels/miter500/simple_learner_4Q10k/model_92.uai
[2024-05-17T10:54:55.431122][INFO][seed92] Closing log file
[2024-05-17T10:54:55.431248][INFO][seed92] Closed log file
[2024-05-17T10:54:55.764741][INFO][seed87] Ellapsed time: 1252298.ms
[2024-05-17T10:54:55.811706][INFO][seed87] Saved model at /mnt/beegfs/rcabanas/dev/credici/papers/causal_flavour/learntmodels/miter500/simple_learner_4Q10k/model_87.uai
[2024-05-17T10:54:55.811940][INFO][seed87] Closing log file
[2024-05-17T10:54:55.812062][INFO][seed87] Closed log file
[2024-05-17T10:55:01.122939][INFO][seed64] Ellapsed time: 1256711.ms
[2024-05-17T10:55:01.155379][INFO][seed64] Saved model at /mnt/beegfs/rcabanas/dev/credici/papers/causal_flavour/learntmodels/miter500/simple_learner_4Q10k/model_64.uai
[2024-05-17T10:55:01.155559][INFO][seed64] Closing log file
[2024-05-17T10:55:01.155662][INFO][seed64] Closed log file
[2024-05-17T10:55:21.129164][INFO][seed67] Ellapsed time: 1277419.ms
[2024-05-17T10:55:21.159057][INFO][seed67] Saved model at /mnt/beegfs/rcabanas/dev/credici/papers/causal_flavour/learntmodels/miter500/simple_learner_4Q10k/model_67.uai
[2024-05-17T10:55:21.159341][INFO][seed67] Closing log file
[2024-05-17T10:55:21.159462][INFO][seed67] Closed log file
[2024-05-17T10:55:29.847368][INFO][seed91] Ellapsed time: 1286150.ms
[2024-05-17T10:55:29.904224][INFO][seed91] Saved model at /mnt/beegfs/rcabanas/dev/credici/papers/causal_flavour/learntmodels/miter500/simple_learner_4Q10k/model_91.uai
[2024-05-17T10:55:29.904736][INFO][seed91] Closing log file
[2024-05-17T10:55:29.904890][INFO][seed91] Closed log file
[2024-05-17T10:55:30.216161][INFO][seed50] Ellapsed time: 1286788.ms
[2024-05-17T10:55:30.249534][INFO][seed50] Saved model at /mnt/beegfs/rcabanas/dev/credici/papers/causal_flavour/learntmodels/miter500/simple_learner_4Q10k/model_50.uai
[2024-05-17T10:55:30.249859][INFO][seed50] Closing log file
[2024-05-17T10:55:30.249970][INFO][seed50] Closed log file
[2024-05-17T10:55:37.034643][INFO][seed76] Ellapsed time: 1293318.ms
[2024-05-17T10:55:37.076535][INFO][seed76] Saved model at /mnt/beegfs/rcabanas/dev/credici/papers/causal_flavour/learntmodels/miter500/simple_learner_4Q10k/model_76.uai
[2024-05-17T10:55:37.076818][INFO][seed76] Closing log file
[2024-05-17T10:55:37.076924][INFO][seed76] Closed log file
[2024-05-17T10:55:38.490454][INFO][seed59] Ellapsed time: 1295080.ms
[2024-05-17T10:55:38.545678][INFO][seed59] Saved model at /mnt/beegfs/rcabanas/dev/credici/papers/causal_flavour/learntmodels/miter500/simple_learner_4Q10k/model_59.uai
[2024-05-17T10:55:38.546008][INFO][seed59] Closing log file
[2024-05-17T10:55:38.546140][INFO][seed59] Closed log file
[2024-05-17T10:55:39.152194][INFO][seed58] Ellapsed time: 1295714.ms
[2024-05-17T10:55:39.197699][INFO][seed58] Saved model at /mnt/beegfs/rcabanas/dev/credici/papers/causal_flavour/learntmodels/miter500/simple_learner_4Q10k/model_58.uai
[2024-05-17T10:55:39.197965][INFO][seed58] Closing log file
[2024-05-17T10:55:39.198090][INFO][seed58] Closed log file
[2024-05-17T10:55:39.481599][INFO][seed71] Ellapsed time: 1296013.ms
[2024-05-17T10:55:39.518654][INFO][seed71] Saved model at /mnt/beegfs/rcabanas/dev/credici/papers/causal_flavour/learntmodels/miter500/simple_learner_4Q10k/model_71.uai
[2024-05-17T10:55:39.518879][INFO][seed71] Closing log file
[2024-05-17T10:55:39.518981][INFO][seed71] Closed log file
[2024-05-17T10:55:41.755786][INFO][seed51] Ellapsed time: 1298483.ms
[2024-05-17T10:55:41.800255][INFO][seed51] Saved model at /mnt/beegfs/rcabanas/dev/credici/papers/causal_flavour/learntmodels/miter500/simple_learner_4Q10k/model_51.uai
[2024-05-17T10:55:41.800502][INFO][seed51] Closing log file
[2024-05-17T10:55:41.800606][INFO][seed51] Closed log file
[2024-05-17T10:55:41.974876][INFO][seed55] Ellapsed time: 1298697.ms
[2024-05-17T10:55:42.003164][INFO][seed55] Saved model at /mnt/beegfs/rcabanas/dev/credici/papers/causal_flavour/learntmodels/miter500/simple_learner_4Q10k/model_55.uai
[2024-05-17T10:55:42.003357][INFO][seed55] Closing log file
[2024-05-17T10:55:42.003456][INFO][seed55] Closed log file
[2024-05-17T10:55:49.077909][INFO][seed56] Ellapsed time: 1305624.ms
[2024-05-17T10:55:49.114089][INFO][seed56] Saved model at /mnt/beegfs/rcabanas/dev/credici/papers/causal_flavour/learntmodels/miter500/simple_learner_4Q10k/model_56.uai
[2024-05-17T10:55:49.114279][INFO][seed56] Closing log file
[2024-05-17T10:55:49.114382][INFO][seed56] Closed log file
[2024-05-17T10:55:52.999016][INFO][seed89] Ellapsed time: 1309305.ms
[2024-05-17T10:55:53.030960][INFO][seed89] Saved model at /mnt/beegfs/rcabanas/dev/credici/papers/causal_flavour/learntmodels/miter500/simple_learner_4Q10k/model_89.uai
[2024-05-17T10:55:53.031262][INFO][seed89] Closing log file
[2024-05-17T10:55:53.031362][INFO][seed89] Closed log file
[2024-05-17T10:55:55.182257][INFO][seed73] Ellapsed time: 1311509.ms
[2024-05-17T10:55:55.219228][INFO][seed73] Saved model at /mnt/beegfs/rcabanas/dev/credici/papers/causal_flavour/learntmodels/miter500/simple_learner_4Q10k/model_73.uai
[2024-05-17T10:55:55.219449][INFO][seed73] Closing log file
[2024-05-17T10:55:55.219551][INFO][seed73] Closed log file
[2024-05-17T10:56:01.379839][INFO][seed74] Ellapsed time: 1317695.ms
[2024-05-17T10:56:01.425805][INFO][seed74] Saved model at /mnt/beegfs/rcabanas/dev/credici/papers/causal_flavour/learntmodels/miter500/simple_learner_4Q10k/model_74.uai
[2024-05-17T10:56:01.426072][INFO][seed74] Closing log file
[2024-05-17T10:56:01.426176][INFO][seed74] Closed log file
[2024-05-17T10:56:01.759877][INFO][seed62] Ellapsed time: 1318458.ms
[2024-05-17T10:56:01.809307][INFO][seed62] Saved model at /mnt/beegfs/rcabanas/dev/credici/papers/causal_flavour/learntmodels/miter500/simple_learner_4Q10k/model_62.uai
[2024-05-17T10:56:01.809535][INFO][seed62] Closing log file
[2024-05-17T10:56:01.809635][INFO][seed62] Closed log file
[2024-05-17T10:56:05.127826][INFO][seed99] Ellapsed time: 1321432.ms
[2024-05-17T10:56:05.163746][INFO][seed99] Saved model at /mnt/beegfs/rcabanas/dev/credici/papers/causal_flavour/learntmodels/miter500/simple_learner_4Q10k/model_99.uai
[2024-05-17T10:56:05.164][INFO][seed99] Closing log file
[2024-05-17T10:56:05.164122][INFO][seed99] Closed log file
[2024-05-17T10:56:12.938133][INFO][seed94] Ellapsed time: 1329270.ms
[2024-05-17T10:56:12.962149][INFO][seed94] Saved model at /mnt/beegfs/rcabanas/dev/credici/papers/causal_flavour/learntmodels/miter500/simple_learner_4Q10k/model_94.uai
[2024-05-17T10:56:12.962359][INFO][seed94] Closing log file
[2024-05-17T10:56:12.962460][INFO][seed94] Closed log file
