50
1000
['learn.py', '1000', '86']
['learn.py', '1000', '100']
['learn.py', '1000', '98']
['learn.py', '1000', '55']
['learn.py', '1000', '93']
seed=86
/mnt/beegfs/rcabanas/dev/credici
/mnt/beegfs/rcabanas/dev/credici/papers/causal_flavour
/mnt/beegfs/rcabanas/dev/credici/papers/causal_flavour/learntmodels
/mnt/beegfs/rcabanas/dev/credici/papers/causal_flavour/models
/mnt/beegfs/rcabanas/dev/credici/target/credici-0.1.5-dev-SNAPSHOT-jar-with-dependencies.jar
/mnt/beegfs/rcabanas/dev/credici/papers/causal_flavour/code/LearnCF.java
seed=98
seed=100
/mnt/beegfs/rcabanas/dev/credici
/mnt/beegfs/rcabanas/dev/credici
/mnt/beegfs/rcabanas/dev/credici/papers/causal_flavour
/mnt/beegfs/rcabanas/dev/credici/papers/causal_flavour
/mnt/beegfs/rcabanas/dev/credici/papers/causal_flavour/learntmodels
/mnt/beegfs/rcabanas/dev/credici/papers/causal_flavour/learntmodels
/mnt/beegfs/rcabanas/dev/credici/papers/causal_flavour/models
/mnt/beegfs/rcabanas/dev/credici/papers/causal_flavour/models
/mnt/beegfs/rcabanas/dev/credici/target/credici-0.1.5-dev-SNAPSHOT-jar-with-dependencies.jar
/mnt/beegfs/rcabanas/dev/credici/target/credici-0.1.5-dev-SNAPSHOT-jar-with-dependencies.jar
seed=55
/mnt/beegfs/rcabanas/dev/credici/papers/causal_flavour/code/LearnCF.java
seed=93
/mnt/beegfs/rcabanas/dev/credici
/mnt/beegfs/rcabanas/dev/credici/papers/causal_flavour/code/LearnCF.java
/mnt/beegfs/rcabanas/dev/credici
/mnt/beegfs/rcabanas/dev/credici/papers/causal_flavour
/mnt/beegfs/rcabanas/dev/credici/papers/causal_flavour/learntmodels
/mnt/beegfs/rcabanas/dev/credici/papers/causal_flavour
/mnt/beegfs/rcabanas/dev/credici/papers/causal_flavour/models
/mnt/beegfs/rcabanas/dev/credici/papers/causal_flavour/learntmodels
/mnt/beegfs/rcabanas/dev/credici/target/credici-0.1.5-dev-SNAPSHOT-jar-with-dependencies.jar
/mnt/beegfs/rcabanas/dev/credici/papers/causal_flavour/models
/mnt/beegfs/rcabanas/dev/credici/papers/causal_flavour/code/LearnCF.java
/mnt/beegfs/rcabanas/dev/credici/target/credici-0.1.5-dev-SNAPSHOT-jar-with-dependencies.jar
/mnt/beegfs/rcabanas/dev/credici/papers/causal_flavour/code/LearnCF.java
['learn.py', '1000', '85']
seed=85
/mnt/beegfs/rcabanas/dev/credici
/mnt/beegfs/rcabanas/dev/credici/papers/causal_flavour
/mnt/beegfs/rcabanas/dev/credici/papers/causal_flavour/learntmodels
/mnt/beegfs/rcabanas/dev/credici/papers/causal_flavour/models
/mnt/beegfs/rcabanas/dev/credici/target/credici-0.1.5-dev-SNAPSHOT-jar-with-dependencies.jar
/mnt/beegfs/rcabanas/dev/credici/papers/causal_flavour/code/LearnCF.java
['learn.py', '1000', '54']
['learn.py', '1000', '80']
seed=80
/mnt/beegfs/rcabanas/dev/credici
/mnt/beegfs/rcabanas/dev/credici/papers/causal_flavour
/mnt/beegfs/rcabanas/dev/credici/papers/causal_flavour/learntmodels
/mnt/beegfs/rcabanas/dev/credici/papers/causal_flavour/models
/mnt/beegfs/rcabanas/dev/credici/target/credici-0.1.5-dev-SNAPSHOT-jar-with-dependencies.jar
/mnt/beegfs/rcabanas/dev/credici/papers/causal_flavour/code/LearnCF.java
seed=54
/mnt/beegfs/rcabanas/dev/credici
/mnt/beegfs/rcabanas/dev/credici/papers/causal_flavour
/mnt/beegfs/rcabanas/dev/credici/papers/causal_flavour/learntmodels
/mnt/beegfs/rcabanas/dev/credici/papers/causal_flavour/models
/mnt/beegfs/rcabanas/dev/credici/target/credici-0.1.5-dev-SNAPSHOT-jar-with-dependencies.jar
/mnt/beegfs/rcabanas/dev/credici/papers/causal_flavour/code/LearnCF.java
['learn.py', '1000', '69']
['learn.py', '1000', '63']
['learn.py', '1000', '52']
seed=63
seed=69
/mnt/beegfs/rcabanas/dev/credici
/mnt/beegfs/rcabanas/dev/credici
/mnt/beegfs/rcabanas/dev/credici/papers/causal_flavour
/mnt/beegfs/rcabanas/dev/credici/papers/causal_flavour
/mnt/beegfs/rcabanas/dev/credici/papers/causal_flavour/learntmodels
/mnt/beegfs/rcabanas/dev/credici/papers/causal_flavour/models
seed=52
/mnt/beegfs/rcabanas/dev/credici
/mnt/beegfs/rcabanas/dev/credici/papers/causal_flavour/learntmodels
/mnt/beegfs/rcabanas/dev/credici/target/credici-0.1.5-dev-SNAPSHOT-jar-with-dependencies.jar
/mnt/beegfs/rcabanas/dev/credici/papers/causal_flavour
/mnt/beegfs/rcabanas/dev/credici/papers/causal_flavour/models
/mnt/beegfs/rcabanas/dev/credici/target/credici-0.1.5-dev-SNAPSHOT-jar-with-dependencies.jar
/mnt/beegfs/rcabanas/dev/credici/papers/causal_flavour/code/LearnCF.java
/mnt/beegfs/rcabanas/dev/credici/papers/causal_flavour/learntmodels
/mnt/beegfs/rcabanas/dev/credici/papers/causal_flavour/code/LearnCF.java
/mnt/beegfs/rcabanas/dev/credici/papers/causal_flavour/models
/mnt/beegfs/rcabanas/dev/credici/target/credici-0.1.5-dev-SNAPSHOT-jar-with-dependencies.jar
/mnt/beegfs/rcabanas/dev/credici/papers/causal_flavour/code/LearnCF.java
['learn.py', '1000', '50']
seed=50
/mnt/beegfs/rcabanas/dev/credici
/mnt/beegfs/rcabanas/dev/credici/papers/causal_flavour
/mnt/beegfs/rcabanas/dev/credici/papers/causal_flavour/learntmodels
/mnt/beegfs/rcabanas/dev/credici/papers/causal_flavour/models
/mnt/beegfs/rcabanas/dev/credici/target/credici-0.1.5-dev-SNAPSHOT-jar-with-dependencies.jar
/mnt/beegfs/rcabanas/dev/credici/papers/causal_flavour/code/LearnCF.java
['learn.py', '1000', '84']
['learn.py', '1000', '65']
seed=65
/mnt/beegfs/rcabanas/dev/credici
/mnt/beegfs/rcabanas/dev/credici/papers/causal_flavour
/mnt/beegfs/rcabanas/dev/credici/papers/causal_flavour/learntmodels
/mnt/beegfs/rcabanas/dev/credici/papers/causal_flavour/models
/mnt/beegfs/rcabanas/dev/credici/target/credici-0.1.5-dev-SNAPSHOT-jar-with-dependencies.jar
/mnt/beegfs/rcabanas/dev/credici/papers/causal_flavour/code/LearnCF.java
seed=84
/mnt/beegfs/rcabanas/dev/credici
/mnt/beegfs/rcabanas/dev/credici/papers/causal_flavour
/mnt/beegfs/rcabanas/dev/credici/papers/causal_flavour/learntmodels
/mnt/beegfs/rcabanas/dev/credici/papers/causal_flavour/models
/mnt/beegfs/rcabanas/dev/credici/target/credici-0.1.5-dev-SNAPSHOT-jar-with-dependencies.jar
/mnt/beegfs/rcabanas/dev/credici/papers/causal_flavour/code/LearnCF.java
['learn.py', '1000', '99']
['learn.py', '1000', '68']
['learn.py', '1000', '81']
seed=99
/mnt/beegfs/rcabanas/dev/credici
seed=68
seed=81
/mnt/beegfs/rcabanas/dev/credici/papers/causal_flavour
/mnt/beegfs/rcabanas/dev/credici
/mnt/beegfs/rcabanas/dev/credici
/mnt/beegfs/rcabanas/dev/credici/papers/causal_flavour/learntmodels
/mnt/beegfs/rcabanas/dev/credici/papers/causal_flavour
/mnt/beegfs/rcabanas/dev/credici/papers/causal_flavour
/mnt/beegfs/rcabanas/dev/credici/papers/causal_flavour/learntmodels
/mnt/beegfs/rcabanas/dev/credici/papers/causal_flavour/models
/mnt/beegfs/rcabanas/dev/credici/papers/causal_flavour/learntmodels
/mnt/beegfs/rcabanas/dev/credici/papers/causal_flavour/models
/mnt/beegfs/rcabanas/dev/credici/target/credici-0.1.5-dev-SNAPSHOT-jar-with-dependencies.jar
/mnt/beegfs/rcabanas/dev/credici/papers/causal_flavour/code/LearnCF.java
/mnt/beegfs/rcabanas/dev/credici/target/credici-0.1.5-dev-SNAPSHOT-jar-with-dependencies.jar
/mnt/beegfs/rcabanas/dev/credici/papers/causal_flavour/models
/mnt/beegfs/rcabanas/dev/credici/papers/causal_flavour/code/LearnCF.java
['learn.py', '1000', '60']
/mnt/beegfs/rcabanas/dev/credici/target/credici-0.1.5-dev-SNAPSHOT-jar-with-dependencies.jar
/mnt/beegfs/rcabanas/dev/credici/papers/causal_flavour/code/LearnCF.java
seed=60
/mnt/beegfs/rcabanas/dev/credici
/mnt/beegfs/rcabanas/dev/credici/papers/causal_flavour
/mnt/beegfs/rcabanas/dev/credici/papers/causal_flavour/learntmodels
/mnt/beegfs/rcabanas/dev/credici/papers/causal_flavour/models
/mnt/beegfs/rcabanas/dev/credici/target/credici-0.1.5-dev-SNAPSHOT-jar-with-dependencies.jar
/mnt/beegfs/rcabanas/dev/credici/papers/causal_flavour/code/LearnCF.java
['learn.py', '1000', '82']
seed=82
/mnt/beegfs/rcabanas/dev/credici
/mnt/beegfs/rcabanas/dev/credici/papers/causal_flavour
/mnt/beegfs/rcabanas/dev/credici/papers/causal_flavour/learntmodels
/mnt/beegfs/rcabanas/dev/credici/papers/causal_flavour/models
/mnt/beegfs/rcabanas/dev/credici/target/credici-0.1.5-dev-SNAPSHOT-jar-with-dependencies.jar
/mnt/beegfs/rcabanas/dev/credici/papers/causal_flavour/code/LearnCF.java
['learn.py', '1000', '95']
['learn.py', '1000', '70']
['learn.py', '1000', '92']
['learn.py', '1000', '89']
['learn.py', '1000', '96']
seed=95
/mnt/beegfs/rcabanas/dev/credici
/mnt/beegfs/rcabanas/dev/credici/papers/causal_flavour
/mnt/beegfs/rcabanas/dev/credici/papers/causal_flavour/learntmodels
seed=70
seed=92
/mnt/beegfs/rcabanas/dev/credici/papers/causal_flavour/models
/mnt/beegfs/rcabanas/dev/credici
/mnt/beegfs/rcabanas/dev/credici
/mnt/beegfs/rcabanas/dev/credici/papers/causal_flavour
/mnt/beegfs/rcabanas/dev/credici/target/credici-0.1.5-dev-SNAPSHOT-jar-with-dependencies.jar
/mnt/beegfs/rcabanas/dev/credici/papers/causal_flavour
seed=89
/mnt/beegfs/rcabanas/dev/credici/papers/causal_flavour/learntmodels
/mnt/beegfs/rcabanas/dev/credici/papers/causal_flavour/code/LearnCF.java
/mnt/beegfs/rcabanas/dev/credici/papers/causal_flavour/learntmodels
/mnt/beegfs/rcabanas/dev/credici
/mnt/beegfs/rcabanas/dev/credici/papers/causal_flavour/models
/mnt/beegfs/rcabanas/dev/credici/papers/causal_flavour/models
['learn.py', '1000', '90']
/mnt/beegfs/rcabanas/dev/credici/papers/causal_flavour
/mnt/beegfs/rcabanas/dev/credici/target/credici-0.1.5-dev-SNAPSHOT-jar-with-dependencies.jar
/mnt/beegfs/rcabanas/dev/credici/target/credici-0.1.5-dev-SNAPSHOT-jar-with-dependencies.jar
/mnt/beegfs/rcabanas/dev/credici/papers/causal_flavour/learntmodels
/mnt/beegfs/rcabanas/dev/credici/papers/causal_flavour/code/LearnCF.java
/mnt/beegfs/rcabanas/dev/credici/papers/causal_flavour/code/LearnCF.java
/mnt/beegfs/rcabanas/dev/credici/papers/causal_flavour/models
/mnt/beegfs/rcabanas/dev/credici/target/credici-0.1.5-dev-SNAPSHOT-jar-with-dependencies.jar
/mnt/beegfs/rcabanas/dev/credici/papers/causal_flavour/code/LearnCF.java
['learn.py', '1000', '59']
seed=96
/mnt/beegfs/rcabanas/dev/credici
/mnt/beegfs/rcabanas/dev/credici/papers/causal_flavour
/mnt/beegfs/rcabanas/dev/credici/papers/causal_flavour/learntmodels
/mnt/beegfs/rcabanas/dev/credici/papers/causal_flavour/models
/mnt/beegfs/rcabanas/dev/credici/target/credici-0.1.5-dev-SNAPSHOT-jar-with-dependencies.jar
/mnt/beegfs/rcabanas/dev/credici/papers/causal_flavour/code/LearnCF.java
['learn.py', '1000', '78']
['learn.py', '1000', '88']
['learn.py', '1000', '51']
['learn.py', '1000', '87']
['learn.py', '1000', '56']
seed=90
/mnt/beegfs/rcabanas/dev/credici
/mnt/beegfs/rcabanas/dev/credici/papers/causal_flavour
/mnt/beegfs/rcabanas/dev/credici/papers/causal_flavour/learntmodels
/mnt/beegfs/rcabanas/dev/credici/papers/causal_flavour/models
/mnt/beegfs/rcabanas/dev/credici/target/credici-0.1.5-dev-SNAPSHOT-jar-with-dependencies.jar
/mnt/beegfs/rcabanas/dev/credici/papers/causal_flavour/code/LearnCF.java
seed=59
/mnt/beegfs/rcabanas/dev/credici
/mnt/beegfs/rcabanas/dev/credici/papers/causal_flavour
/mnt/beegfs/rcabanas/dev/credici/papers/causal_flavour/learntmodels
/mnt/beegfs/rcabanas/dev/credici/papers/causal_flavour/models
/mnt/beegfs/rcabanas/dev/credici/target/credici-0.1.5-dev-SNAPSHOT-jar-with-dependencies.jar
['learn.py', '1000', '57']
/mnt/beegfs/rcabanas/dev/credici/papers/causal_flavour/code/LearnCF.java
seed=78
/mnt/beegfs/rcabanas/dev/credici
/mnt/beegfs/rcabanas/dev/credici/papers/causal_flavour
/mnt/beegfs/rcabanas/dev/credici/papers/causal_flavour/learntmodels
/mnt/beegfs/rcabanas/dev/credici/papers/causal_flavour/models
/mnt/beegfs/rcabanas/dev/credici/target/credici-0.1.5-dev-SNAPSHOT-jar-with-dependencies.jar
/mnt/beegfs/rcabanas/dev/credici/papers/causal_flavour/code/LearnCF.java
['learn.py', '1000', '74']
['learn.py', '1000', '53']
['learn.py', '1000', '62']
['learn.py', '1000', '79']
['learn.py', '1000', '91']
seed=88
/mnt/beegfs/rcabanas/dev/credici
/mnt/beegfs/rcabanas/dev/credici/papers/causal_flavour
/mnt/beegfs/rcabanas/dev/credici/papers/causal_flavour/learntmodels
/mnt/beegfs/rcabanas/dev/credici/papers/causal_flavour/models
/mnt/beegfs/rcabanas/dev/credici/target/credici-0.1.5-dev-SNAPSHOT-jar-with-dependencies.jar
seed=51
/mnt/beegfs/rcabanas/dev/credici
/mnt/beegfs/rcabanas/dev/credici/papers/causal_flavour
/mnt/beegfs/rcabanas/dev/credici/papers/causal_flavour/learntmodels
/mnt/beegfs/rcabanas/dev/credici/papers/causal_flavour/models
/mnt/beegfs/rcabanas/dev/credici/papers/causal_flavour/code/LearnCF.java
seed=87
seed=56
/mnt/beegfs/rcabanas/dev/credici
/mnt/beegfs/rcabanas/dev/credici/papers/causal_flavour
/mnt/beegfs/rcabanas/dev/credici/papers/causal_flavour/learntmodels
/mnt/beegfs/rcabanas/dev/credici/papers/causal_flavour/models
/mnt/beegfs/rcabanas/dev/credici/target/credici-0.1.5-dev-SNAPSHOT-jar-with-dependencies.jar
/mnt/beegfs/rcabanas/dev/credici/papers/causal_flavour/code/LearnCF.java
['learn.py', '1000', '73']
/mnt/beegfs/rcabanas/dev/credici/target/credici-0.1.5-dev-SNAPSHOT-jar-with-dependencies.jar
/mnt/beegfs/rcabanas/dev/credici/papers/causal_flavour/code/LearnCF.java
['learn.py', '1000', '71']
/mnt/beegfs/rcabanas/dev/credici
/mnt/beegfs/rcabanas/dev/credici/papers/causal_flavour
/mnt/beegfs/rcabanas/dev/credici/papers/causal_flavour/learntmodels
/mnt/beegfs/rcabanas/dev/credici/papers/causal_flavour/models
seed=57
/mnt/beegfs/rcabanas/dev/credici/target/credici-0.1.5-dev-SNAPSHOT-jar-with-dependencies.jar
['learn.py', '1000', '58']
['learn.py', '1000', '67']
/mnt/beegfs/rcabanas/dev/credici
/mnt/beegfs/rcabanas/dev/credici/papers/causal_flavour
/mnt/beegfs/rcabanas/dev/credici/papers/causal_flavour/learntmodels
/mnt/beegfs/rcabanas/dev/credici/papers/causal_flavour/models
/mnt/beegfs/rcabanas/dev/credici/target/credici-0.1.5-dev-SNAPSHOT-jar-with-dependencies.jar
/mnt/beegfs/rcabanas/dev/credici/papers/causal_flavour/code/LearnCF.java
['learn.py', '1000', '76']
/mnt/beegfs/rcabanas/dev/credici/papers/causal_flavour/code/LearnCF.java
['learn.py', '1000', '77']
['learn.py', '1000', '94']
seed=74
/mnt/beegfs/rcabanas/dev/credici
/mnt/beegfs/rcabanas/dev/credici/papers/causal_flavour
seed=53
/mnt/beegfs/rcabanas/dev/credici
/mnt/beegfs/rcabanas/dev/credici/papers/causal_flavour
/mnt/beegfs/rcabanas/dev/credici/papers/causal_flavour/learntmodels
/mnt/beegfs/rcabanas/dev/credici/papers/causal_flavour/models
/mnt/beegfs/rcabanas/dev/credici/target/credici-0.1.5-dev-SNAPSHOT-jar-with-dependencies.jar
/mnt/beegfs/rcabanas/dev/credici/papers/causal_flavour/code/LearnCF.java
seed=62
seed=79
seed=91
/mnt/beegfs/rcabanas/dev/credici
/mnt/beegfs/rcabanas/dev/credici/papers/causal_flavour/learntmodels
/mnt/beegfs/rcabanas/dev/credici/papers/causal_flavour/models
/mnt/beegfs/rcabanas/dev/credici/target/credici-0.1.5-dev-SNAPSHOT-jar-with-dependencies.jar
seed=71
/mnt/beegfs/rcabanas/dev/credici
/mnt/beegfs/rcabanas/dev/credici/papers/causal_flavour
/mnt/beegfs/rcabanas/dev/credici/papers/causal_flavour/learntmodels
/mnt/beegfs/rcabanas/dev/credici/papers/causal_flavour/models
/mnt/beegfs/rcabanas/dev/credici/target/credici-0.1.5-dev-SNAPSHOT-jar-with-dependencies.jar
/mnt/beegfs/rcabanas/dev/credici/papers/causal_flavour/code/LearnCF.java
/mnt/beegfs/rcabanas/dev/credici
['learn.py', '1000', '72']
/mnt/beegfs/rcabanas/dev/credici
/mnt/beegfs/rcabanas/dev/credici/papers/causal_flavour
seed=73
/mnt/beegfs/rcabanas/dev/credici/papers/causal_flavour/code/LearnCF.java
['learn.py', '1000', '64']
['learn.py', '1000', '61']
/mnt/beegfs/rcabanas/dev/credici/papers/causal_flavour
/mnt/beegfs/rcabanas/dev/credici/papers/causal_flavour/learntmodels
/mnt/beegfs/rcabanas/dev/credici/papers/causal_flavour/models
/mnt/beegfs/rcabanas/dev/credici/papers/causal_flavour
/mnt/beegfs/rcabanas/dev/credici/papers/causal_flavour/learntmodels
/mnt/beegfs/rcabanas/dev/credici/papers/causal_flavour/models
/mnt/beegfs/rcabanas/dev/credici/target/credici-0.1.5-dev-SNAPSHOT-jar-with-dependencies.jar
/mnt/beegfs/rcabanas/dev/credici/papers/causal_flavour/code/LearnCF.java
seed=67
seed=58
seed=76
/mnt/beegfs/rcabanas/dev/credici
/mnt/beegfs/rcabanas/dev/credici/papers/causal_flavour
/mnt/beegfs/rcabanas/dev/credici/papers/causal_flavour/learntmodels
/mnt/beegfs/rcabanas/dev/credici/papers/causal_flavour/models
/mnt/beegfs/rcabanas/dev/credici/target/credici-0.1.5-dev-SNAPSHOT-jar-with-dependencies.jar
/mnt/beegfs/rcabanas/dev/credici/papers/causal_flavour/code/LearnCF.java
/mnt/beegfs/rcabanas/dev/credici
seed=77
seed=94
/mnt/beegfs/rcabanas/dev/credici
/mnt/beegfs/rcabanas/dev/credici/papers/causal_flavour
/mnt/beegfs/rcabanas/dev/credici/papers/causal_flavour/learntmodels
/mnt/beegfs/rcabanas/dev/credici/papers/causal_flavour/models
/mnt/beegfs/rcabanas/dev/credici/target/credici-0.1.5-dev-SNAPSHOT-jar-with-dependencies.jar
/mnt/beegfs/rcabanas/dev/credici/papers/causal_flavour/code/LearnCF.java
/mnt/beegfs/rcabanas/dev/credici/target/credici-0.1.5-dev-SNAPSHOT-jar-with-dependencies.jar
/mnt/beegfs/rcabanas/dev/credici/papers/causal_flavour/learntmodels
/mnt/beegfs/rcabanas/dev/credici
/mnt/beegfs/rcabanas/dev/credici
/mnt/beegfs/rcabanas/dev/credici/papers/causal_flavour
/mnt/beegfs/rcabanas/dev/credici
seed=72
/mnt/beegfs/rcabanas/dev/credici
['learn.py', '1000', '66']
/mnt/beegfs/rcabanas/dev/credici/papers/causal_flavour/code/LearnCF.java
/mnt/beegfs/rcabanas/dev/credici/papers/causal_flavour/models
['learn.py', '1000', '83']
/mnt/beegfs/rcabanas/dev/credici/papers/causal_flavour
/mnt/beegfs/rcabanas/dev/credici/papers/causal_flavour/learntmodels
/mnt/beegfs/rcabanas/dev/credici/papers/causal_flavour/models
/mnt/beegfs/rcabanas/dev/credici/target/credici-0.1.5-dev-SNAPSHOT-jar-with-dependencies.jar
/mnt/beegfs/rcabanas/dev/credici/papers/causal_flavour
/mnt/beegfs/rcabanas/dev/credici/papers/causal_flavour/learntmodels
/mnt/beegfs/rcabanas/dev/credici/papers/causal_flavour/models
/mnt/beegfs/rcabanas/dev/credici/target/credici-0.1.5-dev-SNAPSHOT-jar-with-dependencies.jar
/mnt/beegfs/rcabanas/dev/credici/papers/causal_flavour/code/LearnCF.java
seed=64
/mnt/beegfs/rcabanas/dev/credici/papers/causal_flavour/learntmodels
seed=61
/mnt/beegfs/rcabanas/dev/credici
/mnt/beegfs/rcabanas/dev/credici/papers/causal_flavour
/mnt/beegfs/rcabanas/dev/credici/papers/causal_flavour/learntmodels
/mnt/beegfs/rcabanas/dev/credici/papers/causal_flavour/models
/mnt/beegfs/rcabanas/dev/credici/target/credici-0.1.5-dev-SNAPSHOT-jar-with-dependencies.jar
/mnt/beegfs/rcabanas/dev/credici/papers/causal_flavour/code/LearnCF.java
/mnt/beegfs/rcabanas/dev/credici/papers/causal_flavour
/mnt/beegfs/rcabanas/dev/credici/papers/causal_flavour/learntmodels
/mnt/beegfs/rcabanas/dev/credici/papers/causal_flavour
/mnt/beegfs/rcabanas/dev/credici/target/credici-0.1.5-dev-SNAPSHOT-jar-with-dependencies.jar
/mnt/beegfs/rcabanas/dev/credici/papers/causal_flavour/code/LearnCF.java
/mnt/beegfs/rcabanas/dev/credici
/mnt/beegfs/rcabanas/dev/credici/papers/causal_flavour/models
/mnt/beegfs/rcabanas/dev/credici/target/credici-0.1.5-dev-SNAPSHOT-jar-with-dependencies.jar
/mnt/beegfs/rcabanas/dev/credici/papers/causal_flavour/code/LearnCF.java
['learn.py', '1000', '97']
/mnt/beegfs/rcabanas/dev/credici/papers/causal_flavour/models
/mnt/beegfs/rcabanas/dev/credici/target/credici-0.1.5-dev-SNAPSHOT-jar-with-dependencies.jar
/mnt/beegfs/rcabanas/dev/credici/papers/causal_flavour/code/LearnCF.java
/mnt/beegfs/rcabanas/dev/credici/papers/causal_flavour/learntmodels
seed=66
/mnt/beegfs/rcabanas/dev/credici
/mnt/beegfs/rcabanas/dev/credici/papers/causal_flavour/code/LearnCF.java
/mnt/beegfs/rcabanas/dev/credici/papers/causal_flavour
seed=83
/mnt/beegfs/rcabanas/dev/credici/papers/causal_flavour/models
/mnt/beegfs/rcabanas/dev/credici/target/credici-0.1.5-dev-SNAPSHOT-jar-with-dependencies.jar
/mnt/beegfs/rcabanas/dev/credici/papers/causal_flavour/code/LearnCF.java
/mnt/beegfs/rcabanas/dev/credici/papers/causal_flavour
/mnt/beegfs/rcabanas/dev/credici/papers/causal_flavour/learntmodels
/mnt/beegfs/rcabanas/dev/credici/papers/causal_flavour/models
/mnt/beegfs/rcabanas/dev/credici
/mnt/beegfs/rcabanas/dev/credici/papers/causal_flavour/learntmodels
/mnt/beegfs/rcabanas/dev/credici/target/credici-0.1.5-dev-SNAPSHOT-jar-with-dependencies.jar
/mnt/beegfs/rcabanas/dev/credici/papers/causal_flavour
/mnt/beegfs/rcabanas/dev/credici/papers/causal_flavour/models
/mnt/beegfs/rcabanas/dev/credici/papers/causal_flavour/code/LearnCF.java
/mnt/beegfs/rcabanas/dev/credici/papers/causal_flavour/learntmodels
/mnt/beegfs/rcabanas/dev/credici/target/credici-0.1.5-dev-SNAPSHOT-jar-with-dependencies.jar
/mnt/beegfs/rcabanas/dev/credici/papers/causal_flavour/models
/mnt/beegfs/rcabanas/dev/credici/papers/causal_flavour/code/LearnCF.java
/mnt/beegfs/rcabanas/dev/credici/target/credici-0.1.5-dev-SNAPSHOT-jar-with-dependencies.jar
/mnt/beegfs/rcabanas/dev/credici/papers/causal_flavour/code/LearnCF.java
seed=97
/mnt/beegfs/rcabanas/dev/credici
/mnt/beegfs/rcabanas/dev/credici/papers/causal_flavour
/mnt/beegfs/rcabanas/dev/credici/papers/causal_flavour/learntmodels
/mnt/beegfs/rcabanas/dev/credici/papers/causal_flavour/models
/mnt/beegfs/rcabanas/dev/credici/target/credici-0.1.5-dev-SNAPSHOT-jar-with-dependencies.jar
/mnt/beegfs/rcabanas/dev/credici/papers/causal_flavour/code/LearnCF.java
[2024-05-17T09:47:55.996018][INFO][seed86] Set up logging
[2024-05-17T09:47:56.023300][INFO][seed86] args: -m;1000;-o;/mnt/beegfs/rcabanas/dev/credici/papers/causal_flavour/learntmodels/miter1000;--data;/mnt/beegfs/rcabanas/dev/credici/papers/causal_flavour/data/simple_learner_4Q10k_data.csv;-rw;-s;86;/mnt/beegfs/rcabanas/dev/credici/papers/causal_flavour/models/simple_learner_4Q10k.uai
[2024-05-17T09:47:56.032838][INFO][seed86] Starting logger with seed 86
[2024-05-17T09:47:56.007219][INFO][seed93] Set up logging
[2024-05-17T09:47:56.042038][INFO][seed93] args: -m;1000;-o;/mnt/beegfs/rcabanas/dev/credici/papers/causal_flavour/learntmodels/miter1000;--data;/mnt/beegfs/rcabanas/dev/credici/papers/causal_flavour/data/simple_learner_4Q10k_data.csv;-rw;-s;93;/mnt/beegfs/rcabanas/dev/credici/papers/causal_flavour/models/simple_learner_4Q10k.uai
[2024-05-17T09:47:56.011098][INFO][seed100] Set up logging
[2024-05-17T09:47:56.043108][INFO][seed100] args: -m;1000;-o;/mnt/beegfs/rcabanas/dev/credici/papers/causal_flavour/learntmodels/miter1000;--data;/mnt/beegfs/rcabanas/dev/credici/papers/causal_flavour/data/simple_learner_4Q10k_data.csv;-rw;-s;100;/mnt/beegfs/rcabanas/dev/credici/papers/causal_flavour/models/simple_learner_4Q10k.uai
[2024-05-17T09:47:56.047157][INFO][seed100] Starting logger with seed 100
[2024-05-17T09:47:56.044996][INFO][seed93] Starting logger with seed 93
[2024-05-17T09:47:56.031172][INFO][seed55] Set up logging
[2024-05-17T09:47:56.060384][INFO][seed55] args: -m;1000;-o;/mnt/beegfs/rcabanas/dev/credici/papers/causal_flavour/learntmodels/miter1000;--data;/mnt/beegfs/rcabanas/dev/credici/papers/causal_flavour/data/simple_learner_4Q10k_data.csv;-rw;-s;55;/mnt/beegfs/rcabanas/dev/credici/papers/causal_flavour/models/simple_learner_4Q10k.uai
[2024-05-17T09:47:56.062857][INFO][seed55] Starting logger with seed 55
[2024-05-17T09:47:56.046863][INFO][seed85] Set up logging
[2024-05-17T09:47:56.072130][INFO][seed85] args: -m;1000;-o;/mnt/beegfs/rcabanas/dev/credici/papers/causal_flavour/learntmodels/miter1000;--data;/mnt/beegfs/rcabanas/dev/credici/papers/causal_flavour/data/simple_learner_4Q10k_data.csv;-rw;-s;85;/mnt/beegfs/rcabanas/dev/credici/papers/causal_flavour/models/simple_learner_4Q10k.uai
[2024-05-17T09:47:56.087626][INFO][seed85] Starting logger with seed 85
[2024-05-17T09:47:56.061924][INFO][seed98] Set up logging
[2024-05-17T09:47:56.096778][INFO][seed98] args: -m;1000;-o;/mnt/beegfs/rcabanas/dev/credici/papers/causal_flavour/learntmodels/miter1000;--data;/mnt/beegfs/rcabanas/dev/credici/papers/causal_flavour/data/simple_learner_4Q10k_data.csv;-rw;-s;98;/mnt/beegfs/rcabanas/dev/credici/papers/causal_flavour/models/simple_learner_4Q10k.uai
[2024-05-17T09:47:56.074459][INFO][seed52] Set up logging
[2024-05-17T09:47:56.101268][INFO][seed52] args: -m;1000;-o;/mnt/beegfs/rcabanas/dev/credici/papers/causal_flavour/learntmodels/miter1000;--data;/mnt/beegfs/rcabanas/dev/credici/papers/causal_flavour/data/simple_learner_4Q10k_data.csv;-rw;-s;52;/mnt/beegfs/rcabanas/dev/credici/papers/causal_flavour/models/simple_learner_4Q10k.uai
[2024-05-17T09:47:56.100564][INFO][seed98] Starting logger with seed 98
[2024-05-17T09:47:56.106197][INFO][seed52] Starting logger with seed 52
[2024-05-17T09:47:56.078315][INFO][seed54] Set up logging
[2024-05-17T09:47:56.109089][INFO][seed54] args: -m;1000;-o;/mnt/beegfs/rcabanas/dev/credici/papers/causal_flavour/learntmodels/miter1000;--data;/mnt/beegfs/rcabanas/dev/credici/papers/causal_flavour/data/simple_learner_4Q10k_data.csv;-rw;-s;54;/mnt/beegfs/rcabanas/dev/credici/papers/causal_flavour/models/simple_learner_4Q10k.uai
[2024-05-17T09:47:56.112450][INFO][seed54] Starting logger with seed 54
[2024-05-17T09:47:56.111931][INFO][seed80] Set up logging
[2024-05-17T09:47:56.142354][INFO][seed80] args: -m;1000;-o;/mnt/beegfs/rcabanas/dev/credici/papers/causal_flavour/learntmodels/miter1000;--data;/mnt/beegfs/rcabanas/dev/credici/papers/causal_flavour/data/simple_learner_4Q10k_data.csv;-rw;-s;80;/mnt/beegfs/rcabanas/dev/credici/papers/causal_flavour/models/simple_learner_4Q10k.uai
[2024-05-17T09:47:56.145377][INFO][seed80] Starting logger with seed 80
[2024-05-17T09:47:56.130860][INFO][seed50] Set up logging
[2024-05-17T09:47:56.162381][INFO][seed50] args: -m;1000;-o;/mnt/beegfs/rcabanas/dev/credici/papers/causal_flavour/learntmodels/miter1000;--data;/mnt/beegfs/rcabanas/dev/credici/papers/causal_flavour/data/simple_learner_4Q10k_data.csv;-rw;-s;50;/mnt/beegfs/rcabanas/dev/credici/papers/causal_flavour/models/simple_learner_4Q10k.uai
[2024-05-17T09:47:56.151174][INFO][seed63] Set up logging
[2024-05-17T09:47:56.172392][INFO][seed50] Starting logger with seed 50
[2024-05-17T09:47:56.175184][INFO][seed63] args: -m;1000;-o;/mnt/beegfs/rcabanas/dev/credici/papers/causal_flavour/learntmodels/miter1000;--data;/mnt/beegfs/rcabanas/dev/credici/papers/causal_flavour/data/simple_learner_4Q10k_data.csv;-rw;-s;63;/mnt/beegfs/rcabanas/dev/credici/papers/causal_flavour/models/simple_learner_4Q10k.uai
[2024-05-17T09:47:56.181521][INFO][seed63] Starting logger with seed 63
[2024-05-17T09:47:56.177948][INFO][seed70] Set up logging
[2024-05-17T09:47:56.208029][INFO][seed70] args: -m;1000;-o;/mnt/beegfs/rcabanas/dev/credici/papers/causal_flavour/learntmodels/miter1000;--data;/mnt/beegfs/rcabanas/dev/credici/papers/causal_flavour/data/simple_learner_4Q10k_data.csv;-rw;-s;70;/mnt/beegfs/rcabanas/dev/credici/papers/causal_flavour/models/simple_learner_4Q10k.uai
[2024-05-17T09:47:56.218880][INFO][seed70] Starting logger with seed 70
[2024-05-17T09:47:56.217292][INFO][seed81] Set up logging
[2024-05-17T09:47:56.240797][INFO][seed81] args: -m;1000;-o;/mnt/beegfs/rcabanas/dev/credici/papers/causal_flavour/learntmodels/miter1000;--data;/mnt/beegfs/rcabanas/dev/credici/papers/causal_flavour/data/simple_learner_4Q10k_data.csv;-rw;-s;81;/mnt/beegfs/rcabanas/dev/credici/papers/causal_flavour/models/simple_learner_4Q10k.uai
[2024-05-17T09:47:56.241164][INFO][seed65] Set up logging
[2024-05-17T09:47:56.256244][INFO][seed81] Starting logger with seed 81
[2024-05-17T09:47:56.269132][INFO][seed65] args: -m;1000;-o;/mnt/beegfs/rcabanas/dev/credici/papers/causal_flavour/learntmodels/miter1000;--data;/mnt/beegfs/rcabanas/dev/credici/papers/causal_flavour/data/simple_learner_4Q10k_data.csv;-rw;-s;65;/mnt/beegfs/rcabanas/dev/credici/papers/causal_flavour/models/simple_learner_4Q10k.uai
[2024-05-17T09:47:56.278270][INFO][seed65] Starting logger with seed 65
[2024-05-17T09:47:56.293459][INFO][seed89] Set up logging
[2024-05-17T09:47:56.315131][INFO][seed89] args: -m;1000;-o;/mnt/beegfs/rcabanas/dev/credici/papers/causal_flavour/learntmodels/miter1000;--data;/mnt/beegfs/rcabanas/dev/credici/papers/causal_flavour/data/simple_learner_4Q10k_data.csv;-rw;-s;89;/mnt/beegfs/rcabanas/dev/credici/papers/causal_flavour/models/simple_learner_4Q10k.uai
[2024-05-17T09:47:56.296321][INFO][seed99] Set up logging
[2024-05-17T09:47:56.321250][INFO][seed99] args: -m;1000;-o;/mnt/beegfs/rcabanas/dev/credici/papers/causal_flavour/learntmodels/miter1000;--data;/mnt/beegfs/rcabanas/dev/credici/papers/causal_flavour/data/simple_learner_4Q10k_data.csv;-rw;-s;99;/mnt/beegfs/rcabanas/dev/credici/papers/causal_flavour/models/simple_learner_4Q10k.uai
[2024-05-17T09:47:56.301273][INFO][seed84] Set up logging
[2024-05-17T09:47:56.329530][INFO][seed89] Starting logger with seed 89
[2024-05-17T09:47:56.334377][INFO][seed99] Starting logger with seed 99
[2024-05-17T09:47:56.332188][INFO][seed84] args: -m;1000;-o;/mnt/beegfs/rcabanas/dev/credici/papers/causal_flavour/learntmodels/miter1000;--data;/mnt/beegfs/rcabanas/dev/credici/papers/causal_flavour/data/simple_learner_4Q10k_data.csv;-rw;-s;84;/mnt/beegfs/rcabanas/dev/credici/papers/causal_flavour/models/simple_learner_4Q10k.uai
[2024-05-17T09:47:56.335817][INFO][seed84] Starting logger with seed 84
[2024-05-17T09:47:56.319750][INFO][seed60] Set up logging
[2024-05-17T09:47:56.342310][INFO][seed60] args: -m;1000;-o;/mnt/beegfs/rcabanas/dev/credici/papers/causal_flavour/learntmodels/miter1000;--data;/mnt/beegfs/rcabanas/dev/credici/papers/causal_flavour/data/simple_learner_4Q10k_data.csv;-rw;-s;60;/mnt/beegfs/rcabanas/dev/credici/papers/causal_flavour/models/simple_learner_4Q10k.uai
[2024-05-17T09:47:56.345462][INFO][seed60] Starting logger with seed 60
[2024-05-17T09:47:56.368750][INFO][seed90] Set up logging
[2024-05-17T09:47:56.393096][INFO][seed90] args: -m;1000;-o;/mnt/beegfs/rcabanas/dev/credici/papers/causal_flavour/learntmodels/miter1000;--data;/mnt/beegfs/rcabanas/dev/credici/papers/causal_flavour/data/simple_learner_4Q10k_data.csv;-rw;-s;90;/mnt/beegfs/rcabanas/dev/credici/papers/causal_flavour/models/simple_learner_4Q10k.uai
[2024-05-17T09:47:56.401643][INFO][seed90] Starting logger with seed 90
[2024-05-17T09:47:56.400449][INFO][seed96] Set up logging
[2024-05-17T09:47:56.424894][INFO][seed96] args: -m;1000;-o;/mnt/beegfs/rcabanas/dev/credici/papers/causal_flavour/learntmodels/miter1000;--data;/mnt/beegfs/rcabanas/dev/credici/papers/causal_flavour/data/simple_learner_4Q10k_data.csv;-rw;-s;96;/mnt/beegfs/rcabanas/dev/credici/papers/causal_flavour/models/simple_learner_4Q10k.uai
[2024-05-17T09:47:56.430272][INFO][seed96] Starting logger with seed 96
[2024-05-17T09:47:56.437576][INFO][seed95] Set up logging
[2024-05-17T09:47:56.431665][INFO][seed82] Set up logging
[2024-05-17T09:47:56.453459][INFO][seed82] args: -m;1000;-o;/mnt/beegfs/rcabanas/dev/credici/papers/causal_flavour/learntmodels/miter1000;--data;/mnt/beegfs/rcabanas/dev/credici/papers/causal_flavour/data/simple_learner_4Q10k_data.csv;-rw;-s;82;/mnt/beegfs/rcabanas/dev/credici/papers/causal_flavour/models/simple_learner_4Q10k.uai
[2024-05-17T09:47:56.455135][INFO][seed95] args: -m;1000;-o;/mnt/beegfs/rcabanas/dev/credici/papers/causal_flavour/learntmodels/miter1000;--data;/mnt/beegfs/rcabanas/dev/credici/papers/causal_flavour/data/simple_learner_4Q10k_data.csv;-rw;-s;95;/mnt/beegfs/rcabanas/dev/credici/papers/causal_flavour/models/simple_learner_4Q10k.uai
[2024-05-17T09:47:56.450831][INFO][seed78] Set up logging
[2024-05-17T09:47:56.466127][INFO][seed82] Starting logger with seed 82
[2024-05-17T09:47:56.442464][INFO][seed92] Set up logging
[2024-05-17T09:47:56.468369][INFO][seed95] Starting logger with seed 95
[2024-05-17T09:47:56.470429][INFO][seed92] args: -m;1000;-o;/mnt/beegfs/rcabanas/dev/credici/papers/causal_flavour/learntmodels/miter1000;--data;/mnt/beegfs/rcabanas/dev/credici/papers/causal_flavour/data/simple_learner_4Q10k_data.csv;-rw;-s;92;/mnt/beegfs/rcabanas/dev/credici/papers/causal_flavour/models/simple_learner_4Q10k.uai
[2024-05-17T09:47:56.476232][INFO][seed78] args: -m;1000;-o;/mnt/beegfs/rcabanas/dev/credici/papers/causal_flavour/learntmodels/miter1000;--data;/mnt/beegfs/rcabanas/dev/credici/papers/causal_flavour/data/simple_learner_4Q10k_data.csv;-rw;-s;78;/mnt/beegfs/rcabanas/dev/credici/papers/causal_flavour/models/simple_learner_4Q10k.uai
[2024-05-17T09:47:56.484533][INFO][seed78] Starting logger with seed 78
[2024-05-17T09:47:56.484441][INFO][seed92] Starting logger with seed 92
[2024-05-17T09:47:56.476186][INFO][seed68] Set up logging
[2024-05-17T09:47:56.507981][INFO][seed88] Set up logging
[2024-05-17T09:47:56.516060][INFO][seed68] args: -m;1000;-o;/mnt/beegfs/rcabanas/dev/credici/papers/causal_flavour/learntmodels/miter1000;--data;/mnt/beegfs/rcabanas/dev/credici/papers/causal_flavour/data/simple_learner_4Q10k_data.csv;-rw;-s;68;/mnt/beegfs/rcabanas/dev/credici/papers/causal_flavour/models/simple_learner_4Q10k.uai
[2024-05-17T09:47:56.527430][INFO][seed88] args: -m;1000;-o;/mnt/beegfs/rcabanas/dev/credici/papers/causal_flavour/learntmodels/miter1000;--data;/mnt/beegfs/rcabanas/dev/credici/papers/causal_flavour/data/simple_learner_4Q10k_data.csv;-rw;-s;88;/mnt/beegfs/rcabanas/dev/credici/papers/causal_flavour/models/simple_learner_4Q10k.uai
[2024-05-17T09:47:56.524739][INFO][seed68] Starting logger with seed 68
[2024-05-17T09:47:56.508177][INFO][seed69] Set up logging
[2024-05-17T09:47:56.539737][INFO][seed69] args: -m;1000;-o;/mnt/beegfs/rcabanas/dev/credici/papers/causal_flavour/learntmodels/miter1000;--data;/mnt/beegfs/rcabanas/dev/credici/papers/causal_flavour/data/simple_learner_4Q10k_data.csv;-rw;-s;69;/mnt/beegfs/rcabanas/dev/credici/papers/causal_flavour/models/simple_learner_4Q10k.uai
[2024-05-17T09:47:56.538409][INFO][seed88] Starting logger with seed 88
[2024-05-17T09:47:56.545281][INFO][seed69] Starting logger with seed 69
[2024-05-17T09:47:56.547073][INFO][seed59] Set up logging
[2024-05-17T09:47:56.568017][INFO][seed59] args: -m;1000;-o;/mnt/beegfs/rcabanas/dev/credici/papers/causal_flavour/learntmodels/miter1000;--data;/mnt/beegfs/rcabanas/dev/credici/papers/causal_flavour/data/simple_learner_4Q10k_data.csv;-rw;-s;59;/mnt/beegfs/rcabanas/dev/credici/papers/causal_flavour/models/simple_learner_4Q10k.uai
[2024-05-17T09:47:56.580353][INFO][seed59] Starting logger with seed 59
[2024-05-17T09:47:56.642025][INFO][seed86] Loaded model and info: /mnt/beegfs/rcabanas/dev/credici/papers/causal_flavour/models/simple_learner_4Q10k.uai
[2024-05-17T09:47:56.644975][INFO][seed93] Loaded model and info: /mnt/beegfs/rcabanas/dev/credici/papers/causal_flavour/models/simple_learner_4Q10k.uai
[2024-05-17T09:47:56.655064][INFO][seed100] Loaded model and info: /mnt/beegfs/rcabanas/dev/credici/papers/causal_flavour/models/simple_learner_4Q10k.uai
[2024-05-17T09:47:56.653699][INFO][seed61] Set up logging
[2024-05-17T09:47:56.680851][INFO][seed61] args: -m;1000;-o;/mnt/beegfs/rcabanas/dev/credici/papers/causal_flavour/learntmodels/miter1000;--data;/mnt/beegfs/rcabanas/dev/credici/papers/causal_flavour/data/simple_learner_4Q10k_data.csv;-rw;-s;61;/mnt/beegfs/rcabanas/dev/credici/papers/causal_flavour/models/simple_learner_4Q10k.uai
[2024-05-17T09:47:56.685393][INFO][seed61] Starting logger with seed 61
[2024-05-17T09:47:56.675066][INFO][seed87] Set up logging
[2024-05-17T09:47:56.698390][INFO][seed87] args: -m;1000;-o;/mnt/beegfs/rcabanas/dev/credici/papers/causal_flavour/learntmodels/miter1000;--data;/mnt/beegfs/rcabanas/dev/credici/papers/causal_flavour/data/simple_learner_4Q10k_data.csv;-rw;-s;87;/mnt/beegfs/rcabanas/dev/credici/papers/causal_flavour/models/simple_learner_4Q10k.uai
[2024-05-17T09:47:56.702152][INFO][seed87] Starting logger with seed 87
[2024-05-17T09:47:56.704154][INFO][seed73] Set up logging
[2024-05-17T09:47:56.720453][INFO][seed73] args: -m;1000;-o;/mnt/beegfs/rcabanas/dev/credici/papers/causal_flavour/learntmodels/miter1000;--data;/mnt/beegfs/rcabanas/dev/credici/papers/causal_flavour/data/simple_learner_4Q10k_data.csv;-rw;-s;73;/mnt/beegfs/rcabanas/dev/credici/papers/causal_flavour/models/simple_learner_4Q10k.uai
[2024-05-17T09:47:56.736850][INFO][seed73] Starting logger with seed 73
[2024-05-17T09:47:56.752932][INFO][seed55] Loaded model and info: /mnt/beegfs/rcabanas/dev/credici/papers/causal_flavour/models/simple_learner_4Q10k.uai
[2024-05-17T09:47:56.780554][INFO][seed54] Loaded model and info: /mnt/beegfs/rcabanas/dev/credici/papers/causal_flavour/models/simple_learner_4Q10k.uai
[2024-05-17T09:47:56.790233][INFO][seed52] Loaded model and info: /mnt/beegfs/rcabanas/dev/credici/papers/causal_flavour/models/simple_learner_4Q10k.uai
[2024-05-17T09:47:56.794009][INFO][seed98] Loaded model and info: /mnt/beegfs/rcabanas/dev/credici/papers/causal_flavour/models/simple_learner_4Q10k.uai
[2024-05-17T09:47:56.767220][INFO][seed64] Set up logging
[2024-05-17T09:47:56.792434][INFO][seed64] args: -m;1000;-o;/mnt/beegfs/rcabanas/dev/credici/papers/causal_flavour/learntmodels/miter1000;--data;/mnt/beegfs/rcabanas/dev/credici/papers/causal_flavour/data/simple_learner_4Q10k_data.csv;-rw;-s;64;/mnt/beegfs/rcabanas/dev/credici/papers/causal_flavour/models/simple_learner_4Q10k.uai
[2024-05-17T09:47:56.798223][INFO][seed64] Starting logger with seed 64
[2024-05-17T09:47:56.777862][INFO][seed51] Set up logging
[2024-05-17T09:47:56.813172][INFO][seed51] args: -m;1000;-o;/mnt/beegfs/rcabanas/dev/credici/papers/causal_flavour/learntmodels/miter1000;--data;/mnt/beegfs/rcabanas/dev/credici/papers/causal_flavour/data/simple_learner_4Q10k_data.csv;-rw;-s;51;/mnt/beegfs/rcabanas/dev/credici/papers/causal_flavour/models/simple_learner_4Q10k.uai
[2024-05-17T09:47:56.821764][INFO][seed51] Starting logger with seed 51
[2024-05-17T09:47:56.838828][INFO][seed85] Loaded model and info: /mnt/beegfs/rcabanas/dev/credici/papers/causal_flavour/models/simple_learner_4Q10k.uai
[2024-05-17T09:47:56.841876][INFO][seed80] Loaded model and info: /mnt/beegfs/rcabanas/dev/credici/papers/causal_flavour/models/simple_learner_4Q10k.uai
[2024-05-17T09:47:56.822494][INFO][seed56] Set up logging
[2024-05-17T09:47:56.845864][INFO][seed56] args: -m;1000;-o;/mnt/beegfs/rcabanas/dev/credici/papers/causal_flavour/learntmodels/miter1000;--data;/mnt/beegfs/rcabanas/dev/credici/papers/causal_flavour/data/simple_learner_4Q10k_data.csv;-rw;-s;56;/mnt/beegfs/rcabanas/dev/credici/papers/causal_flavour/models/simple_learner_4Q10k.uai
[2024-05-17T09:47:56.854375][INFO][seed56] Starting logger with seed 56
[2024-05-17T09:47:56.838171][INFO][seed57] Set up logging
[2024-05-17T09:47:56.863254][INFO][seed57] args: -m;1000;-o;/mnt/beegfs/rcabanas/dev/credici/papers/causal_flavour/learntmodels/miter1000;--data;/mnt/beegfs/rcabanas/dev/credici/papers/causal_flavour/data/simple_learner_4Q10k_data.csv;-rw;-s;57;/mnt/beegfs/rcabanas/dev/credici/papers/causal_flavour/models/simple_learner_4Q10k.uai
[2024-05-17T09:47:56.871221][INFO][seed57] Starting logger with seed 57
[2024-05-17T09:47:56.854163][INFO][seed53] Set up logging
[2024-05-17T09:47:56.854998][INFO][seed94] Set up logging
[2024-05-17T09:47:56.879351][INFO][seed53] args: -m;1000;-o;/mnt/beegfs/rcabanas/dev/credici/papers/causal_flavour/learntmodels/miter1000;--data;/mnt/beegfs/rcabanas/dev/credici/papers/causal_flavour/data/simple_learner_4Q10k_data.csv;-rw;-s;53;/mnt/beegfs/rcabanas/dev/credici/papers/causal_flavour/models/simple_learner_4Q10k.uai
[2024-05-17T09:47:56.878250][INFO][seed94] args: -m;1000;-o;/mnt/beegfs/rcabanas/dev/credici/papers/causal_flavour/learntmodels/miter1000;--data;/mnt/beegfs/rcabanas/dev/credici/papers/causal_flavour/data/simple_learner_4Q10k_data.csv;-rw;-s;94;/mnt/beegfs/rcabanas/dev/credici/papers/causal_flavour/models/simple_learner_4Q10k.uai
[2024-05-17T09:47:56.883330][INFO][seed53] Starting logger with seed 53
[2024-05-17T09:47:56.886813][INFO][seed94] Starting logger with seed 94
[2024-05-17T09:47:56.901386][INFO][seed63] Loaded model and info: /mnt/beegfs/rcabanas/dev/credici/papers/causal_flavour/models/simple_learner_4Q10k.uai
[2024-05-17T09:47:56.897834][INFO][seed74] Set up logging
[2024-05-17T09:47:56.938213][INFO][seed74] args: -m;1000;-o;/mnt/beegfs/rcabanas/dev/credici/papers/causal_flavour/learntmodels/miter1000;--data;/mnt/beegfs/rcabanas/dev/credici/papers/causal_flavour/data/simple_learner_4Q10k_data.csv;-rw;-s;74;/mnt/beegfs/rcabanas/dev/credici/papers/causal_flavour/models/simple_learner_4Q10k.uai
[2024-05-17T09:47:56.912983][INFO][seed62] Set up logging
[2024-05-17T09:47:56.939816][INFO][seed62] args: -m;1000;-o;/mnt/beegfs/rcabanas/dev/credici/papers/causal_flavour/learntmodels/miter1000;--data;/mnt/beegfs/rcabanas/dev/credici/papers/causal_flavour/data/simple_learner_4Q10k_data.csv;-rw;-s;62;/mnt/beegfs/rcabanas/dev/credici/papers/causal_flavour/models/simple_learner_4Q10k.uai
[2024-05-17T09:47:56.943576][INFO][seed74] Starting logger with seed 74
[2024-05-17T09:47:56.947543][INFO][seed50] Loaded model and info: /mnt/beegfs/rcabanas/dev/credici/papers/causal_flavour/models/simple_learner_4Q10k.uai
[2024-05-17T09:47:56.948468][INFO][seed62] Starting logger with seed 62
[2024-05-17T09:47:56.925839][INFO][seed77] Set up logging
[2024-05-17T09:47:56.953324][INFO][seed77] args: -m;1000;-o;/mnt/beegfs/rcabanas/dev/credici/papers/causal_flavour/learntmodels/miter1000;--data;/mnt/beegfs/rcabanas/dev/credici/papers/causal_flavour/data/simple_learner_4Q10k_data.csv;-rw;-s;77;/mnt/beegfs/rcabanas/dev/credici/papers/causal_flavour/models/simple_learner_4Q10k.uai
[2024-05-17T09:47:56.930590][INFO][seed79] Set up logging
[2024-05-17T09:47:56.956564][INFO][seed70] Loaded model and info: /mnt/beegfs/rcabanas/dev/credici/papers/causal_flavour/models/simple_learner_4Q10k.uai
[2024-05-17T09:47:56.957981][INFO][seed77] Starting logger with seed 77
[2024-05-17T09:47:56.957223][INFO][seed79] args: -m;1000;-o;/mnt/beegfs/rcabanas/dev/credici/papers/causal_flavour/learntmodels/miter1000;--data;/mnt/beegfs/rcabanas/dev/credici/papers/causal_flavour/data/simple_learner_4Q10k_data.csv;-rw;-s;79;/mnt/beegfs/rcabanas/dev/credici/papers/causal_flavour/models/simple_learner_4Q10k.uai
[2024-05-17T09:47:56.940861][INFO][seed67] Set up logging
[2024-05-17T09:47:56.962095][INFO][seed79] Starting logger with seed 79
[2024-05-17T09:47:56.966935][INFO][seed67] args: -m;1000;-o;/mnt/beegfs/rcabanas/dev/credici/papers/causal_flavour/learntmodels/miter1000;--data;/mnt/beegfs/rcabanas/dev/credici/papers/causal_flavour/data/simple_learner_4Q10k_data.csv;-rw;-s;67;/mnt/beegfs/rcabanas/dev/credici/papers/causal_flavour/models/simple_learner_4Q10k.uai
[2024-05-17T09:47:56.971774][INFO][seed81] Loaded model and info: /mnt/beegfs/rcabanas/dev/credici/papers/causal_flavour/models/simple_learner_4Q10k.uai
[2024-05-17T09:47:56.971042][INFO][seed67] Starting logger with seed 67
[2024-05-17T09:47:56.959810][INFO][seed71] Set up logging
[2024-05-17T09:47:56.985935][INFO][seed71] args: -m;1000;-o;/mnt/beegfs/rcabanas/dev/credici/papers/causal_flavour/learntmodels/miter1000;--data;/mnt/beegfs/rcabanas/dev/credici/papers/causal_flavour/data/simple_learner_4Q10k_data.csv;-rw;-s;71;/mnt/beegfs/rcabanas/dev/credici/papers/causal_flavour/models/simple_learner_4Q10k.uai
[2024-05-17T09:47:56.992763][INFO][seed71] Starting logger with seed 71
[2024-05-17T09:47:56.967203][INFO][seed76] Set up logging
[2024-05-17T09:47:56.993420][INFO][seed76] args: -m;1000;-o;/mnt/beegfs/rcabanas/dev/credici/papers/causal_flavour/learntmodels/miter1000;--data;/mnt/beegfs/rcabanas/dev/credici/papers/causal_flavour/data/simple_learner_4Q10k_data.csv;-rw;-s;76;/mnt/beegfs/rcabanas/dev/credici/papers/causal_flavour/models/simple_learner_4Q10k.uai
[2024-05-17T09:47:56.969989][INFO][seed91] Set up logging
[2024-05-17T09:47:56.998463][INFO][seed91] args: -m;1000;-o;/mnt/beegfs/rcabanas/dev/credici/papers/causal_flavour/learntmodels/miter1000;--data;/mnt/beegfs/rcabanas/dev/credici/papers/causal_flavour/data/simple_learner_4Q10k_data.csv;-rw;-s;91;/mnt/beegfs/rcabanas/dev/credici/papers/causal_flavour/models/simple_learner_4Q10k.uai
[2024-05-17T09:47:57.001266][INFO][seed76] Starting logger with seed 76
[2024-05-17T09:47:56.980437][INFO][seed72] Set up logging
[2024-05-17T09:47:57.003637][INFO][seed72] args: -m;1000;-o;/mnt/beegfs/rcabanas/dev/credici/papers/causal_flavour/learntmodels/miter1000;--data;/mnt/beegfs/rcabanas/dev/credici/papers/causal_flavour/data/simple_learner_4Q10k_data.csv;-rw;-s;72;/mnt/beegfs/rcabanas/dev/credici/papers/causal_flavour/models/simple_learner_4Q10k.uai
[2024-05-17T09:47:57.004511][INFO][seed91] Starting logger with seed 91
[2024-05-17T09:47:57.008693][INFO][seed72] Starting logger with seed 72
[2024-05-17T09:47:56.983519][INFO][seed66] Set up logging
[2024-05-17T09:47:57.010821][INFO][seed66] args: -m;1000;-o;/mnt/beegfs/rcabanas/dev/credici/papers/causal_flavour/learntmodels/miter1000;--data;/mnt/beegfs/rcabanas/dev/credici/papers/causal_flavour/data/simple_learner_4Q10k_data.csv;-rw;-s;66;/mnt/beegfs/rcabanas/dev/credici/papers/causal_flavour/models/simple_learner_4Q10k.uai
[2024-05-17T09:47:57.015097][INFO][seed65] Loaded model and info: /mnt/beegfs/rcabanas/dev/credici/papers/causal_flavour/models/simple_learner_4Q10k.uai
[2024-05-17T09:47:56.994653][INFO][seed97] Set up logging
[2024-05-17T09:47:57.016479][INFO][seed66] Starting logger with seed 66
[2024-05-17T09:47:57.015826][INFO][seed97] args: -m;1000;-o;/mnt/beegfs/rcabanas/dev/credici/papers/causal_flavour/learntmodels/miter1000;--data;/mnt/beegfs/rcabanas/dev/credici/papers/causal_flavour/data/simple_learner_4Q10k_data.csv;-rw;-s;97;/mnt/beegfs/rcabanas/dev/credici/papers/causal_flavour/models/simple_learner_4Q10k.uai
[2024-05-17T09:47:57.021934][INFO][seed99] Loaded model and info: /mnt/beegfs/rcabanas/dev/credici/papers/causal_flavour/models/simple_learner_4Q10k.uai
[2024-05-17T09:47:57.019861][INFO][seed97] Starting logger with seed 97
[2024-05-17T09:47:57.036699][INFO][seed60] Loaded model and info: /mnt/beegfs/rcabanas/dev/credici/papers/causal_flavour/models/simple_learner_4Q10k.uai
[2024-05-17T09:47:57.039590][INFO][seed89] Loaded model and info: /mnt/beegfs/rcabanas/dev/credici/papers/causal_flavour/models/simple_learner_4Q10k.uai
[2024-05-17T09:47:57.012960][INFO][seed83] Set up logging
[2024-05-17T09:47:57.040315][INFO][seed83] args: -m;1000;-o;/mnt/beegfs/rcabanas/dev/credici/papers/causal_flavour/learntmodels/miter1000;--data;/mnt/beegfs/rcabanas/dev/credici/papers/causal_flavour/data/simple_learner_4Q10k_data.csv;-rw;-s;83;/mnt/beegfs/rcabanas/dev/credici/papers/causal_flavour/models/simple_learner_4Q10k.uai
[2024-05-17T09:47:57.044136][INFO][seed83] Starting logger with seed 83
[2024-05-17T09:47:57.035048][INFO][seed58] Set up logging
[2024-05-17T09:47:57.058081][INFO][seed58] args: -m;1000;-o;/mnt/beegfs/rcabanas/dev/credici/papers/causal_flavour/learntmodels/miter1000;--data;/mnt/beegfs/rcabanas/dev/credici/papers/causal_flavour/data/simple_learner_4Q10k_data.csv;-rw;-s;58;/mnt/beegfs/rcabanas/dev/credici/papers/causal_flavour/models/simple_learner_4Q10k.uai
[2024-05-17T09:47:57.069464][INFO][seed58] Starting logger with seed 58
[2024-05-17T09:47:57.082066][INFO][seed84] Loaded model and info: /mnt/beegfs/rcabanas/dev/credici/papers/causal_flavour/models/simple_learner_4Q10k.uai
[2024-05-17T09:47:57.092072][INFO][seed86] Loaded 10000 data instances
[2024-05-17T09:47:57.092724][INFO][seed86] Starting learning up to 1000 iterations
[2024-05-17T09:47:57.095145][INFO][seed90] Loaded model and info: /mnt/beegfs/rcabanas/dev/credici/papers/causal_flavour/models/simple_learner_4Q10k.uai
[2024-05-17T09:47:57.145095][INFO][seed100] Loaded 10000 data instances
[2024-05-17T09:47:57.150894][INFO][seed96] Loaded model and info: /mnt/beegfs/rcabanas/dev/credici/papers/causal_flavour/models/simple_learner_4Q10k.uai
[2024-05-17T09:47:57.152420][INFO][seed100] Starting learning up to 1000 iterations
[2024-05-17T09:47:57.157286][INFO][seed93] Loaded 10000 data instances
[2024-05-17T09:47:57.164361][INFO][seed82] Loaded model and info: /mnt/beegfs/rcabanas/dev/credici/papers/causal_flavour/models/simple_learner_4Q10k.uai
[2024-05-17T09:47:57.165061][INFO][seed93] Starting learning up to 1000 iterations
[2024-05-17T09:47:57.184005][INFO][seed68] Loaded model and info: /mnt/beegfs/rcabanas/dev/credici/papers/causal_flavour/models/simple_learner_4Q10k.uai
[2024-05-17T09:47:57.189389][INFO][seed95] Loaded model and info: /mnt/beegfs/rcabanas/dev/credici/papers/causal_flavour/models/simple_learner_4Q10k.uai
[2024-05-17T09:47:57.189663][INFO][seed78] Loaded model and info: /mnt/beegfs/rcabanas/dev/credici/papers/causal_flavour/models/simple_learner_4Q10k.uai
[2024-05-17T09:47:57.193581][INFO][seed69] Loaded model and info: /mnt/beegfs/rcabanas/dev/credici/papers/causal_flavour/models/simple_learner_4Q10k.uai
[2024-05-17T09:47:57.209549][INFO][seed92] Loaded model and info: /mnt/beegfs/rcabanas/dev/credici/papers/causal_flavour/models/simple_learner_4Q10k.uai
[2024-05-17T09:47:57.219012][INFO][seed88] Loaded model and info: /mnt/beegfs/rcabanas/dev/credici/papers/causal_flavour/models/simple_learner_4Q10k.uai
[2024-05-17T09:47:57.232983][INFO][seed59] Loaded model and info: /mnt/beegfs/rcabanas/dev/credici/papers/causal_flavour/models/simple_learner_4Q10k.uai
[2024-05-17T09:47:57.309883][INFO][seed61] Loaded model and info: /mnt/beegfs/rcabanas/dev/credici/papers/causal_flavour/models/simple_learner_4Q10k.uai
[2024-05-17T09:47:57.329316][INFO][seed55] Loaded 10000 data instances
[2024-05-17T09:47:57.330932][INFO][seed87] Loaded model and info: /mnt/beegfs/rcabanas/dev/credici/papers/causal_flavour/models/simple_learner_4Q10k.uai
[2024-05-17T09:47:57.335094][INFO][seed55] Starting learning up to 1000 iterations
[2024-05-17T09:47:57.336993][INFO][seed98] Loaded 10000 data instances
[2024-05-17T09:47:57.337669][INFO][seed98] Starting learning up to 1000 iterations
[2024-05-17T09:47:57.345882][INFO][seed73] Loaded model and info: /mnt/beegfs/rcabanas/dev/credici/papers/causal_flavour/models/simple_learner_4Q10k.uai
[2024-05-17T09:47:57.352065][INFO][seed54] Loaded 10000 data instances
[2024-05-17T09:47:57.364829][INFO][seed54] Starting learning up to 1000 iterations
[2024-05-17T09:47:57.369890][INFO][seed64] Loaded model and info: /mnt/beegfs/rcabanas/dev/credici/papers/causal_flavour/models/simple_learner_4Q10k.uai
[2024-05-17T09:47:57.371459][INFO][seed52] Loaded 10000 data instances
[2024-05-17T09:47:57.378746][INFO][seed52] Starting learning up to 1000 iterations
[2024-05-17T09:47:57.397142][INFO][seed57] Loaded model and info: /mnt/beegfs/rcabanas/dev/credici/papers/causal_flavour/models/simple_learner_4Q10k.uai
[2024-05-17T09:47:57.397833][INFO][seed51] Loaded model and info: /mnt/beegfs/rcabanas/dev/credici/papers/causal_flavour/models/simple_learner_4Q10k.uai
[2024-05-17T09:47:57.411947][INFO][seed80] Loaded 10000 data instances
[2024-05-17T09:47:57.412656][INFO][seed80] Starting learning up to 1000 iterations
[2024-05-17T09:47:57.415053][INFO][seed53] Loaded model and info: /mnt/beegfs/rcabanas/dev/credici/papers/causal_flavour/models/simple_learner_4Q10k.uai
[2024-05-17T09:47:57.430129][INFO][seed56] Loaded model and info: /mnt/beegfs/rcabanas/dev/credici/papers/causal_flavour/models/simple_learner_4Q10k.uai
[2024-05-17T09:47:57.437144][INFO][seed85] Loaded 10000 data instances
[2024-05-17T09:47:57.437851][INFO][seed85] Starting learning up to 1000 iterations
[2024-05-17T09:47:57.444322][INFO][seed94] Loaded model and info: /mnt/beegfs/rcabanas/dev/credici/papers/causal_flavour/models/simple_learner_4Q10k.uai
[2024-05-17T09:47:57.466572][INFO][seed79] Loaded model and info: /mnt/beegfs/rcabanas/dev/credici/papers/causal_flavour/models/simple_learner_4Q10k.uai
[2024-05-17T09:47:57.471338][INFO][seed77] Loaded model and info: /mnt/beegfs/rcabanas/dev/credici/papers/causal_flavour/models/simple_learner_4Q10k.uai
[2024-05-17T09:47:57.492603][INFO][seed62] Loaded model and info: /mnt/beegfs/rcabanas/dev/credici/papers/causal_flavour/models/simple_learner_4Q10k.uai
[2024-05-17T09:47:57.496633][INFO][seed74] Loaded model and info: /mnt/beegfs/rcabanas/dev/credici/papers/causal_flavour/models/simple_learner_4Q10k.uai
[2024-05-17T09:47:57.498333][INFO][seed76] Loaded model and info: /mnt/beegfs/rcabanas/dev/credici/papers/causal_flavour/models/simple_learner_4Q10k.uai
[2024-05-17T09:47:57.504062][INFO][seed71] Loaded model and info: /mnt/beegfs/rcabanas/dev/credici/papers/causal_flavour/models/simple_learner_4Q10k.uai
[2024-05-17T09:47:57.507671][INFO][seed91] Loaded model and info: /mnt/beegfs/rcabanas/dev/credici/papers/causal_flavour/models/simple_learner_4Q10k.uai
[2024-05-17T09:47:57.508643][INFO][seed67] Loaded model and info: /mnt/beegfs/rcabanas/dev/credici/papers/causal_flavour/models/simple_learner_4Q10k.uai
[2024-05-17T09:47:57.515607][INFO][seed66] Loaded model and info: /mnt/beegfs/rcabanas/dev/credici/papers/causal_flavour/models/simple_learner_4Q10k.uai
[2024-05-17T09:47:57.515954][INFO][seed63] Loaded 10000 data instances
[2024-05-17T09:47:57.516692][INFO][seed63] Starting learning up to 1000 iterations
[2024-05-17T09:47:57.520308][INFO][seed83] Loaded model and info: /mnt/beegfs/rcabanas/dev/credici/papers/causal_flavour/models/simple_learner_4Q10k.uai
[2024-05-17T09:47:57.521533][INFO][seed97] Loaded model and info: /mnt/beegfs/rcabanas/dev/credici/papers/causal_flavour/models/simple_learner_4Q10k.uai
[2024-05-17T09:47:57.522378][INFO][seed72] Loaded model and info: /mnt/beegfs/rcabanas/dev/credici/papers/causal_flavour/models/simple_learner_4Q10k.uai
[2024-05-17T09:47:57.537373][INFO][seed58] Loaded model and info: /mnt/beegfs/rcabanas/dev/credici/papers/causal_flavour/models/simple_learner_4Q10k.uai
[2024-05-17T09:47:57.562705][INFO][seed50] Loaded 10000 data instances
[2024-05-17T09:47:57.566300][INFO][seed70] Loaded 10000 data instances
[2024-05-17T09:47:57.575033][INFO][seed70] Starting learning up to 1000 iterations
[2024-05-17T09:47:57.575282][INFO][seed50] Starting learning up to 1000 iterations
[2024-05-17T09:47:57.604613][INFO][seed81] Loaded 10000 data instances
[2024-05-17T09:47:57.606741][INFO][seed81] Starting learning up to 1000 iterations
[2024-05-17T09:47:57.627989][INFO][seed99] Loaded 10000 data instances
[2024-05-17T09:47:57.639205][INFO][seed65] Loaded 10000 data instances
[2024-05-17T09:47:57.647432][INFO][seed99] Starting learning up to 1000 iterations
[2024-05-17T09:47:57.651707][INFO][seed65] Starting learning up to 1000 iterations
[2024-05-17T09:47:57.662327][INFO][seed60] Loaded 10000 data instances
[2024-05-17T09:47:57.675299][INFO][seed60] Starting learning up to 1000 iterations
[2024-05-17T09:47:57.679303][INFO][seed89] Loaded 10000 data instances
[2024-05-17T09:47:57.684154][INFO][seed84] Loaded 10000 data instances
[2024-05-17T09:47:57.685046][INFO][seed84] Starting learning up to 1000 iterations
[2024-05-17T09:47:57.691648][INFO][seed90] Loaded 10000 data instances
[2024-05-17T09:47:57.692431][INFO][seed90] Starting learning up to 1000 iterations
[2024-05-17T09:47:57.692614][INFO][seed89] Starting learning up to 1000 iterations
[2024-05-17T09:47:57.758200][INFO][seed96] Loaded 10000 data instances
[2024-05-17T09:47:57.759071][INFO][seed96] Starting learning up to 1000 iterations
[2024-05-17T09:47:57.758996][INFO][seed82] Loaded 10000 data instances
[2024-05-17T09:47:57.759962][INFO][seed82] Starting learning up to 1000 iterations
[2024-05-17T09:47:57.762487][INFO][seed68] Loaded 10000 data instances
[2024-05-17T09:47:57.772776][INFO][seed88] Loaded 10000 data instances
[2024-05-17T09:47:57.775447][INFO][seed68] Starting learning up to 1000 iterations
[2024-05-17T09:47:57.782563][INFO][seed88] Starting learning up to 1000 iterations
[2024-05-17T09:47:57.783714][INFO][seed78] Loaded 10000 data instances
[2024-05-17T09:47:57.795410][INFO][seed78] Starting learning up to 1000 iterations
[2024-05-17T09:47:57.796878][INFO][seed95] Loaded 10000 data instances
[2024-05-17T09:47:57.804026][INFO][seed95] Starting learning up to 1000 iterations
[2024-05-17T09:47:57.838696][INFO][seed92] Loaded 10000 data instances
[2024-05-17T09:47:57.839698][INFO][seed92] Starting learning up to 1000 iterations
[2024-05-17T09:47:57.841993][INFO][seed61] Loaded 10000 data instances
[2024-05-17T09:47:57.846302][INFO][seed69] Loaded 10000 data instances
[2024-05-17T09:47:57.847192][INFO][seed69] Starting learning up to 1000 iterations
[2024-05-17T09:47:57.849453][INFO][seed61] Starting learning up to 1000 iterations
[2024-05-17T09:47:57.866561][INFO][seed64] Loaded 10000 data instances
[2024-05-17T09:47:57.867223][INFO][seed64] Starting learning up to 1000 iterations
[2024-05-17T09:47:57.874398][INFO][seed73] Loaded 10000 data instances
[2024-05-17T09:47:57.875202][INFO][seed73] Starting learning up to 1000 iterations
[2024-05-17T09:47:57.884761][INFO][seed59] Loaded 10000 data instances
[2024-05-17T09:47:57.892688][INFO][seed59] Starting learning up to 1000 iterations
[2024-05-17T09:47:57.909222][INFO][seed87] Loaded 10000 data instances
[2024-05-17T09:47:57.917061][INFO][seed53] Loaded 10000 data instances
[2024-05-17T09:47:57.917732][INFO][seed53] Starting learning up to 1000 iterations
[2024-05-17T09:47:57.922408][INFO][seed87] Starting learning up to 1000 iterations
[2024-05-17T09:47:57.924635][INFO][seed94] Loaded 10000 data instances
[2024-05-17T09:47:57.933401][INFO][seed94] Starting learning up to 1000 iterations
[2024-05-17T09:47:57.933699][INFO][seed77] Loaded 10000 data instances
[2024-05-17T09:47:57.934580][INFO][seed77] Starting learning up to 1000 iterations
[2024-05-17T09:47:57.943300][INFO][seed62] Loaded 10000 data instances
[2024-05-17T09:47:57.943993][INFO][seed62] Starting learning up to 1000 iterations
[2024-05-17T09:47:57.953067][INFO][seed71] Loaded 10000 data instances
[2024-05-17T09:47:57.953318][INFO][seed66] Loaded 10000 data instances
[2024-05-17T09:47:57.953786][INFO][seed71] Starting learning up to 1000 iterations
[2024-05-17T09:47:57.955638][INFO][seed57] Loaded 10000 data instances
[2024-05-17T09:47:57.956772][INFO][seed57] Starting learning up to 1000 iterations
[2024-05-17T09:47:57.965793][INFO][seed66] Starting learning up to 1000 iterations
[2024-05-17T09:47:57.968002][INFO][seed58] Loaded 10000 data instances
[2024-05-17T09:47:57.970973][INFO][seed74] Loaded 10000 data instances
[2024-05-17T09:47:57.971614][INFO][seed74] Starting learning up to 1000 iterations
[2024-05-17T09:47:57.975110][INFO][seed58] Starting learning up to 1000 iterations
[2024-05-17T09:47:57.977602][INFO][seed76] Loaded 10000 data instances
[2024-05-17T09:47:57.978289][INFO][seed51] Loaded 10000 data instances
[2024-05-17T09:47:57.980717][INFO][seed97] Loaded 10000 data instances
[2024-05-17T09:47:57.982508][INFO][seed97] Starting learning up to 1000 iterations
[2024-05-17T09:47:57.983658][INFO][seed76] Starting learning up to 1000 iterations
[2024-05-17T09:47:57.984385][INFO][seed72] Loaded 10000 data instances
[2024-05-17T09:47:57.984829][INFO][seed56] Loaded 10000 data instances
[2024-05-17T09:47:57.985332][INFO][seed67] Loaded 10000 data instances
[2024-05-17T09:47:57.986015][INFO][seed67] Starting learning up to 1000 iterations
[2024-05-17T09:47:57.992428][INFO][seed56] Starting learning up to 1000 iterations
[2024-05-17T09:47:57.992876][INFO][seed51] Starting learning up to 1000 iterations
[2024-05-17T09:47:57.993350][INFO][seed72] Starting learning up to 1000 iterations
[2024-05-17T09:47:57.995450][INFO][seed83] Loaded 10000 data instances
[2024-05-17T09:47:57.996112][INFO][seed83] Starting learning up to 1000 iterations
[2024-05-17T09:47:58.026287][INFO][seed91] Loaded 10000 data instances
[2024-05-17T09:47:58.035386][INFO][seed91] Starting learning up to 1000 iterations
[2024-05-17T09:47:58.071842][INFO][seed79] Loaded 10000 data instances
[2024-05-17T09:47:58.088336][INFO][seed79] Starting learning up to 1000 iterations
[2024-05-17T10:14:28.070704][INFO][seed64] Ellapsed time: 1590167.ms
[2024-05-17T10:14:28.106460][INFO][seed64] Saved model at /mnt/beegfs/rcabanas/dev/credici/papers/causal_flavour/learntmodels/miter1000/simple_learner_4Q10k/model_64.uai
[2024-05-17T10:14:28.106748][INFO][seed64] Closing log file
[2024-05-17T10:14:28.106875][INFO][seed64] Closed log file
['learn.py', '1000', '75']
seed=75
/mnt/beegfs/rcabanas/dev/credici
/mnt/beegfs/rcabanas/dev/credici/papers/causal_flavour
/mnt/beegfs/rcabanas/dev/credici/papers/causal_flavour/learntmodels
/mnt/beegfs/rcabanas/dev/credici/papers/causal_flavour/models
/mnt/beegfs/rcabanas/dev/credici/target/credici-0.1.5-dev-SNAPSHOT-jar-with-dependencies.jar
/mnt/beegfs/rcabanas/dev/credici/papers/causal_flavour/code/LearnCF.java
[2024-05-17T10:14:30.755048][INFO][seed75] Set up logging
[2024-05-17T10:14:30.781110][INFO][seed75] args: -m;1000;-o;/mnt/beegfs/rcabanas/dev/credici/papers/causal_flavour/learntmodels/miter1000;--data;/mnt/beegfs/rcabanas/dev/credici/papers/causal_flavour/data/simple_learner_4Q10k_data.csv;-rw;-s;75;/mnt/beegfs/rcabanas/dev/credici/papers/causal_flavour/models/simple_learner_4Q10k.uai
[2024-05-17T10:14:30.784712][INFO][seed75] Starting logger with seed 75
[2024-05-17T10:14:30.971672][INFO][seed75] Loaded model and info: /mnt/beegfs/rcabanas/dev/credici/papers/causal_flavour/models/simple_learner_4Q10k.uai
[2024-05-17T10:14:31.347764][INFO][seed75] Loaded 10000 data instances
[2024-05-17T10:14:31.354954][INFO][seed75] Starting learning up to 1000 iterations
[2024-05-17T10:14:41.792332][INFO][seed61] Ellapsed time: 1603907.ms
[2024-05-17T10:14:41.832628][INFO][seed61] Saved model at /mnt/beegfs/rcabanas/dev/credici/papers/causal_flavour/learntmodels/miter1000/simple_learner_4Q10k/model_61.uai
[2024-05-17T10:14:41.832925][INFO][seed61] Closing log file
[2024-05-17T10:14:41.833050][INFO][seed61] Closed log file
[2024-05-17T10:15:07.220877][INFO][seed66] Ellapsed time: 1629218.ms
[2024-05-17T10:15:07.253787][INFO][seed66] Saved model at /mnt/beegfs/rcabanas/dev/credici/papers/causal_flavour/learntmodels/miter1000/simple_learner_4Q10k/model_66.uai
[2024-05-17T10:15:07.254106][INFO][seed66] Closing log file
[2024-05-17T10:15:07.254237][INFO][seed66] Closed log file
[2024-05-17T10:15:51.739015][INFO][seed77] Ellapsed time: 1673775.ms
[2024-05-17T10:15:51.769534][INFO][seed77] Saved model at /mnt/beegfs/rcabanas/dev/credici/papers/causal_flavour/learntmodels/miter1000/simple_learner_4Q10k/model_77.uai
[2024-05-17T10:15:51.769891][INFO][seed77] Closing log file
[2024-05-17T10:15:51.770041][INFO][seed77] Closed log file
[2024-05-17T10:15:51.819630][INFO][seed97] Ellapsed time: 1673801.ms
[2024-05-17T10:15:51.819948][INFO][seed83] Ellapsed time: 1673789.ms
[2024-05-17T10:15:51.853558][INFO][seed83] Saved model at /mnt/beegfs/rcabanas/dev/credici/papers/causal_flavour/learntmodels/miter1000/simple_learner_4Q10k/model_83.uai
[2024-05-17T10:15:51.853877][INFO][seed83] Closing log file
[2024-05-17T10:15:51.853999][INFO][seed83] Closed log file
[2024-05-17T10:15:51.859778][INFO][seed97] Saved model at /mnt/beegfs/rcabanas/dev/credici/papers/causal_flavour/learntmodels/miter1000/simple_learner_4Q10k/model_97.uai
[2024-05-17T10:15:51.860040][INFO][seed97] Closing log file
[2024-05-17T10:15:51.860158][INFO][seed97] Closed log file
[2024-05-17T10:15:52.212582][INFO][seed58] Ellapsed time: 1674208.ms
[2024-05-17T10:15:52.241426][INFO][seed58] Saved model at /mnt/beegfs/rcabanas/dev/credici/papers/causal_flavour/learntmodels/miter1000/simple_learner_4Q10k/model_58.uai
[2024-05-17T10:15:52.241700][INFO][seed58] Closing log file
[2024-05-17T10:15:52.241821][INFO][seed58] Closed log file
[2024-05-17T10:16:40.160236][INFO][seed88] Ellapsed time: 1722360.ms
[2024-05-17T10:16:40.221753][INFO][seed88] Saved model at /mnt/beegfs/rcabanas/dev/credici/papers/causal_flavour/learntmodels/miter1000/simple_learner_4Q10k/model_88.uai
[2024-05-17T10:16:40.222059][INFO][seed88] Closing log file
[2024-05-17T10:16:40.222189][INFO][seed88] Closed log file
[2024-05-17T10:16:42.719179][INFO][seed67] Ellapsed time: 1724700.ms
[2024-05-17T10:16:42.775238][INFO][seed67] Saved model at /mnt/beegfs/rcabanas/dev/credici/papers/causal_flavour/learntmodels/miter1000/simple_learner_4Q10k/model_67.uai
[2024-05-17T10:16:42.775344][INFO][seed67] Closing log file
[2024-05-17T10:16:42.775385][INFO][seed67] Closed log file
[2024-05-17T10:16:44.640951][INFO][seed71] Ellapsed time: 1726667.ms
[2024-05-17T10:16:44.673204][INFO][seed71] Saved model at /mnt/beegfs/rcabanas/dev/credici/papers/causal_flavour/learntmodels/miter1000/simple_learner_4Q10k/model_71.uai
[2024-05-17T10:16:44.673426][INFO][seed71] Closing log file
[2024-05-17T10:16:44.673561][INFO][seed71] Closed log file
[2024-05-17T10:16:46.195943][INFO][seed94] Ellapsed time: 1728236.ms
[2024-05-17T10:16:46.224586][INFO][seed94] Saved model at /mnt/beegfs/rcabanas/dev/credici/papers/causal_flavour/learntmodels/miter1000/simple_learner_4Q10k/model_94.uai
[2024-05-17T10:16:46.224787][INFO][seed94] Closing log file
[2024-05-17T10:16:46.224909][INFO][seed94] Closed log file
[2024-05-17T10:17:29.151999][INFO][seed70] Ellapsed time: 1771537.ms
[2024-05-17T10:17:29.181642][INFO][seed70] Saved model at /mnt/beegfs/rcabanas/dev/credici/papers/causal_flavour/learntmodels/miter1000/simple_learner_4Q10k/model_70.uai
[2024-05-17T10:17:29.181866][INFO][seed70] Closing log file
[2024-05-17T10:17:29.181983][INFO][seed70] Closed log file
[2024-05-17T10:17:43.511955][INFO][seed72] Ellapsed time: 1785479.ms
[2024-05-17T10:17:43.552068][INFO][seed72] Saved model at /mnt/beegfs/rcabanas/dev/credici/papers/causal_flavour/learntmodels/miter1000/simple_learner_4Q10k/model_72.uai
[2024-05-17T10:17:43.552321][INFO][seed72] Closing log file
[2024-05-17T10:17:43.552440][INFO][seed72] Closed log file
[2024-05-17T10:18:15.144753][INFO][seed76] Ellapsed time: 1817143.ms
[2024-05-17T10:18:15.183855][INFO][seed76] Saved model at /mnt/beegfs/rcabanas/dev/credici/papers/causal_flavour/learntmodels/miter1000/simple_learner_4Q10k/model_76.uai
[2024-05-17T10:18:15.184093][INFO][seed76] Closing log file
[2024-05-17T10:18:15.184210][INFO][seed76] Closed log file
[2024-05-17T10:18:20.011902][INFO][seed53] Ellapsed time: 1822054.ms
[2024-05-17T10:18:20.042699][INFO][seed53] Saved model at /mnt/beegfs/rcabanas/dev/credici/papers/causal_flavour/learntmodels/miter1000/simple_learner_4Q10k/model_53.uai
[2024-05-17T10:18:20.042936][INFO][seed53] Closing log file
[2024-05-17T10:18:20.043054][INFO][seed53] Closed log file
[2024-05-17T10:18:26.442569][INFO][seed73] Ellapsed time: 1828554.ms
[2024-05-17T10:18:26.496458][INFO][seed73] Saved model at /mnt/beegfs/rcabanas/dev/credici/papers/causal_flavour/learntmodels/miter1000/simple_learner_4Q10k/model_73.uai
[2024-05-17T10:18:26.496688][INFO][seed73] Closing log file
[2024-05-17T10:18:26.496802][INFO][seed73] Closed log file
[2024-05-17T10:18:27.886890][INFO][seed74] Ellapsed time: 1829887.ms
[2024-05-17T10:18:27.921831][INFO][seed74] Saved model at /mnt/beegfs/rcabanas/dev/credici/papers/causal_flavour/learntmodels/miter1000/simple_learner_4Q10k/model_74.uai
[2024-05-17T10:18:27.922061][INFO][seed74] Closing log file
[2024-05-17T10:18:27.922349][INFO][seed74] Closed log file
[2024-05-17T10:18:43.778848][INFO][seed62] Ellapsed time: 1845801.ms
[2024-05-17T10:18:43.808675][INFO][seed62] Saved model at /mnt/beegfs/rcabanas/dev/credici/papers/causal_flavour/learntmodels/miter1000/simple_learner_4Q10k/model_62.uai
[2024-05-17T10:18:43.808897][INFO][seed62] Closing log file
[2024-05-17T10:18:43.809019][INFO][seed62] Closed log file
[2024-05-17T10:25:46.262996][INFO][seed54] Ellapsed time: 2268854.ms
[2024-05-17T10:25:46.303476][INFO][seed54] Saved model at /mnt/beegfs/rcabanas/dev/credici/papers/causal_flavour/learntmodels/miter1000/simple_learner_4Q10k/model_54.uai
[2024-05-17T10:25:46.303899][INFO][seed54] Closing log file
[2024-05-17T10:25:46.304050][INFO][seed54] Closed log file
[2024-05-17T10:26:50.113202][INFO][seed65] Ellapsed time: 2332442.ms
[2024-05-17T10:26:50.172181][INFO][seed65] Saved model at /mnt/beegfs/rcabanas/dev/credici/papers/causal_flavour/learntmodels/miter1000/simple_learner_4Q10k/model_65.uai
[2024-05-17T10:26:50.172695][INFO][seed65] Closing log file
[2024-05-17T10:26:50.172839][INFO][seed65] Closed log file
[2024-05-17T10:27:02.356856][INFO][seed50] Ellapsed time: 2344737.ms
[2024-05-17T10:27:02.397489][INFO][seed50] Saved model at /mnt/beegfs/rcabanas/dev/credici/papers/causal_flavour/learntmodels/miter1000/simple_learner_4Q10k/model_50.uai
[2024-05-17T10:27:02.397958][INFO][seed50] Closing log file
[2024-05-17T10:27:02.398085][INFO][seed50] Closed log file
[2024-05-17T10:27:09.536526][INFO][seed80] Ellapsed time: 2352073.ms
[2024-05-17T10:27:09.577838][INFO][seed80] Saved model at /mnt/beegfs/rcabanas/dev/credici/papers/causal_flavour/learntmodels/miter1000/simple_learner_4Q10k/model_80.uai
[2024-05-17T10:27:09.578148][INFO][seed80] Closing log file
[2024-05-17T10:27:09.578271][INFO][seed80] Closed log file
[2024-05-17T10:27:10.313547][INFO][seed60] Ellapsed time: 2352596.ms
[2024-05-17T10:27:10.345614][INFO][seed60] Saved model at /mnt/beegfs/rcabanas/dev/credici/papers/causal_flavour/learntmodels/miter1000/simple_learner_4Q10k/model_60.uai
[2024-05-17T10:27:10.345898][INFO][seed60] Closing log file
[2024-05-17T10:27:10.346021][INFO][seed60] Closed log file
[2024-05-17T10:27:34.025463][INFO][seed81] Ellapsed time: 2376393.ms
[2024-05-17T10:27:34.053304][INFO][seed81] Saved model at /mnt/beegfs/rcabanas/dev/credici/papers/causal_flavour/learntmodels/miter1000/simple_learner_4Q10k/model_81.uai
[2024-05-17T10:27:34.053551][INFO][seed81] Closing log file
[2024-05-17T10:27:34.053676][INFO][seed81] Closed log file
[2024-05-17T10:27:39.353121][INFO][seed84] Ellapsed time: 2381617.ms
[2024-05-17T10:27:39.399644][INFO][seed84] Saved model at /mnt/beegfs/rcabanas/dev/credici/papers/causal_flavour/learntmodels/miter1000/simple_learner_4Q10k/model_84.uai
[2024-05-17T10:27:39.399919][INFO][seed84] Closing log file
[2024-05-17T10:27:39.400036][INFO][seed84] Closed log file
[2024-05-17T10:27:43.421102][INFO][seed82] Ellapsed time: 2385623.ms
[2024-05-17T10:27:43.467319][INFO][seed82] Saved model at /mnt/beegfs/rcabanas/dev/credici/papers/causal_flavour/learntmodels/miter1000/simple_learner_4Q10k/model_82.uai
[2024-05-17T10:27:43.467614][INFO][seed82] Closing log file
[2024-05-17T10:27:43.467737][INFO][seed82] Closed log file
[2024-05-17T10:31:48.481550][INFO][seed95] Ellapsed time: 2630658.ms
[2024-05-17T10:31:48.562788][INFO][seed95] Saved model at /mnt/beegfs/rcabanas/dev/credici/papers/causal_flavour/learntmodels/miter1000/simple_learner_4Q10k/model_95.uai
[2024-05-17T10:31:48.563317][INFO][seed95] Closing log file
[2024-05-17T10:31:48.563486][INFO][seed95] Closed log file
[2024-05-17T10:31:57.956151][INFO][seed92] Ellapsed time: 2640094.ms
[2024-05-17T10:31:58.031885][INFO][seed92] Saved model at /mnt/beegfs/rcabanas/dev/credici/papers/causal_flavour/learntmodels/miter1000/simple_learner_4Q10k/model_92.uai
[2024-05-17T10:31:58.032060][INFO][seed92] Closing log file
[2024-05-17T10:31:58.032107][INFO][seed92] Closed log file
[2024-05-17T10:32:04.954213][INFO][seed96] Ellapsed time: 2647153.ms
[2024-05-17T10:32:04.991440][INFO][seed96] Saved model at /mnt/beegfs/rcabanas/dev/credici/papers/causal_flavour/learntmodels/miter1000/simple_learner_4Q10k/model_96.uai
[2024-05-17T10:32:04.991916][INFO][seed96] Closing log file
[2024-05-17T10:32:04.992063][INFO][seed96] Closed log file
[2024-05-17T10:32:09.710716][INFO][seed100] Ellapsed time: 2652520.ms
[2024-05-17T10:32:09.750412][INFO][seed100] Saved model at /mnt/beegfs/rcabanas/dev/credici/papers/causal_flavour/learntmodels/miter1000/simple_learner_4Q10k/model_100.uai
[2024-05-17T10:32:09.750794][INFO][seed100] Closing log file
[2024-05-17T10:32:09.750933][INFO][seed100] Closed log file
[2024-05-17T10:32:10.576832][INFO][seed63] Ellapsed time: 2653030.ms
[2024-05-17T10:32:10.631221][INFO][seed63] Saved model at /mnt/beegfs/rcabanas/dev/credici/papers/causal_flavour/learntmodels/miter1000/simple_learner_4Q10k/model_63.uai
[2024-05-17T10:32:10.631564][INFO][seed63] Closing log file
[2024-05-17T10:32:10.631692][INFO][seed63] Closed log file
[2024-05-17T10:32:11.480216][INFO][seed89] Ellapsed time: 2653772.ms
[2024-05-17T10:32:11.550786][INFO][seed89] Saved model at /mnt/beegfs/rcabanas/dev/credici/papers/causal_flavour/learntmodels/miter1000/simple_learner_4Q10k/model_89.uai
[2024-05-17T10:32:11.551157][INFO][seed89] Closing log file
[2024-05-17T10:32:11.551283][INFO][seed89] Closed log file
[2024-05-17T10:32:25.517864][INFO][seed87] Ellapsed time: 2667559.ms
[2024-05-17T10:32:25.545175][INFO][seed87] Saved model at /mnt/beegfs/rcabanas/dev/credici/papers/causal_flavour/learntmodels/miter1000/simple_learner_4Q10k/model_87.uai
[2024-05-17T10:32:25.545438][INFO][seed87] Closing log file
[2024-05-17T10:32:25.545599][INFO][seed87] Closed log file
[2024-05-17T10:32:28.658880][INFO][seed59] Ellapsed time: 2670745.ms
[2024-05-17T10:32:28.701801][INFO][seed59] Saved model at /mnt/beegfs/rcabanas/dev/credici/papers/causal_flavour/learntmodels/miter1000/simple_learner_4Q10k/model_59.uai
[2024-05-17T10:32:28.702046][INFO][seed59] Closing log file
[2024-05-17T10:32:28.702179][INFO][seed59] Closed log file
[2024-05-17T10:32:30.470045][INFO][seed56] Ellapsed time: 2672434.ms
[2024-05-17T10:32:30.507826][INFO][seed56] Saved model at /mnt/beegfs/rcabanas/dev/credici/papers/causal_flavour/learntmodels/miter1000/simple_learner_4Q10k/model_56.uai
[2024-05-17T10:32:30.508262][INFO][seed56] Closing log file
[2024-05-17T10:32:30.508384][INFO][seed56] Closed log file
[2024-05-17T10:32:32.953609][INFO][seed86] Ellapsed time: 2675786.ms
[2024-05-17T10:32:32.988673][INFO][seed86] Saved model at /mnt/beegfs/rcabanas/dev/credici/papers/causal_flavour/learntmodels/miter1000/simple_learner_4Q10k/model_86.uai
[2024-05-17T10:32:32.988904][INFO][seed86] Closing log file
[2024-05-17T10:32:32.989029][INFO][seed86] Closed log file
[2024-05-17T10:32:37.592631][INFO][seed55] Ellapsed time: 2680197.ms
[2024-05-17T10:32:37.639809][INFO][seed55] Saved model at /mnt/beegfs/rcabanas/dev/credici/papers/causal_flavour/learntmodels/miter1000/simple_learner_4Q10k/model_55.uai
[2024-05-17T10:32:37.640101][INFO][seed55] Closing log file
[2024-05-17T10:32:37.640219][INFO][seed55] Closed log file
[2024-05-17T10:32:38.596653][INFO][seed85] Ellapsed time: 2681129.ms
[2024-05-17T10:32:38.643948][INFO][seed85] Saved model at /mnt/beegfs/rcabanas/dev/credici/papers/causal_flavour/learntmodels/miter1000/simple_learner_4Q10k/model_85.uai
[2024-05-17T10:32:38.644214][INFO][seed85] Closing log file
[2024-05-17T10:32:38.644334][INFO][seed85] Closed log file
[2024-05-17T10:32:43.919891][INFO][seed93] Ellapsed time: 2686712.ms
[2024-05-17T10:32:43.995072][INFO][seed93] Saved model at /mnt/beegfs/rcabanas/dev/credici/papers/causal_flavour/learntmodels/miter1000/simple_learner_4Q10k/model_93.uai
[2024-05-17T10:32:43.995342][INFO][seed93] Closing log file
[2024-05-17T10:32:43.995461][INFO][seed93] Closed log file
[2024-05-17T10:32:46.459131][INFO][seed91] Ellapsed time: 2688389.ms
[2024-05-17T10:32:46.508068][INFO][seed91] Saved model at /mnt/beegfs/rcabanas/dev/credici/papers/causal_flavour/learntmodels/miter1000/simple_learner_4Q10k/model_91.uai
[2024-05-17T10:32:46.508312][INFO][seed91] Closing log file
[2024-05-17T10:32:46.508432][INFO][seed91] Closed log file
[2024-05-17T10:32:46.832561][INFO][seed98] Ellapsed time: 2689465.ms
[2024-05-17T10:32:46.861160][INFO][seed98] Saved model at /mnt/beegfs/rcabanas/dev/credici/papers/causal_flavour/learntmodels/miter1000/simple_learner_4Q10k/model_98.uai
[2024-05-17T10:32:46.861346][INFO][seed98] Closing log file
[2024-05-17T10:32:46.861460][INFO][seed98] Closed log file
[2024-05-17T10:33:00.774320][INFO][seed78] Ellapsed time: 2702966.ms
[2024-05-17T10:33:00.836682][INFO][seed78] Saved model at /mnt/beegfs/rcabanas/dev/credici/papers/causal_flavour/learntmodels/miter1000/simple_learner_4Q10k/model_78.uai
[2024-05-17T10:33:00.836917][INFO][seed78] Closing log file
[2024-05-17T10:33:00.837032][INFO][seed78] Closed log file
[2024-05-17T10:34:40.232254][INFO][seed79] Ellapsed time: 2802115.ms
[2024-05-17T10:34:40.261097][INFO][seed79] Saved model at /mnt/beegfs/rcabanas/dev/credici/papers/causal_flavour/learntmodels/miter1000/simple_learner_4Q10k/model_79.uai
[2024-05-17T10:34:40.261344][INFO][seed79] Closing log file
[2024-05-17T10:34:40.261460][INFO][seed79] Closed log file
[2024-05-17T10:34:44.392954][INFO][seed99] Ellapsed time: 2806727.ms
[2024-05-17T10:34:44.453112][INFO][seed99] Saved model at /mnt/beegfs/rcabanas/dev/credici/papers/causal_flavour/learntmodels/miter1000/simple_learner_4Q10k/model_99.uai
[2024-05-17T10:34:44.453372][INFO][seed99] Closing log file
[2024-05-17T10:34:44.453506][INFO][seed99] Closed log file
[2024-05-17T10:34:47.098987][INFO][seed69] Ellapsed time: 2809211.ms
[2024-05-17T10:34:47.126183][INFO][seed69] Saved model at /mnt/beegfs/rcabanas/dev/credici/papers/causal_flavour/learntmodels/miter1000/simple_learner_4Q10k/model_69.uai
[2024-05-17T10:34:47.126412][INFO][seed69] Closing log file
[2024-05-17T10:34:47.126745][INFO][seed69] Closed log file
[2024-05-17T10:35:18.540844][INFO][seed52] Ellapsed time: 2841110.ms
[2024-05-17T10:35:18.587343][INFO][seed52] Saved model at /mnt/beegfs/rcabanas/dev/credici/papers/causal_flavour/learntmodels/miter1000/simple_learner_4Q10k/model_52.uai
[2024-05-17T10:35:18.587593][INFO][seed52] Closing log file
[2024-05-17T10:35:18.587715][INFO][seed52] Closed log file
[2024-05-17T10:35:30.327695][INFO][seed57] Ellapsed time: 2852329.ms
[2024-05-17T10:35:30.372652][INFO][seed57] Saved model at /mnt/beegfs/rcabanas/dev/credici/papers/causal_flavour/learntmodels/miter1000/simple_learner_4Q10k/model_57.uai
[2024-05-17T10:35:30.372919][INFO][seed57] Closing log file
[2024-05-17T10:35:30.373058][INFO][seed57] Closed log file
[2024-05-17T10:35:53.933733][INFO][seed68] Ellapsed time: 2876120.ms
[2024-05-17T10:35:53.963973][INFO][seed68] Saved model at /mnt/beegfs/rcabanas/dev/credici/papers/causal_flavour/learntmodels/miter1000/simple_learner_4Q10k/model_68.uai
[2024-05-17T10:35:53.964211][INFO][seed68] Closing log file
[2024-05-17T10:35:53.964328][INFO][seed68] Closed log file
[2024-05-17T10:36:04.440171][INFO][seed90] Ellapsed time: 2886730.ms
[2024-05-17T10:36:04.481622][INFO][seed90] Saved model at /mnt/beegfs/rcabanas/dev/credici/papers/causal_flavour/learntmodels/miter1000/simple_learner_4Q10k/model_90.uai
[2024-05-17T10:36:04.481855][INFO][seed90] Closing log file
[2024-05-17T10:36:04.481969][INFO][seed90] Closed log file
[2024-05-17T10:36:50.506227][INFO][seed51] Ellapsed time: 2932502.ms
[2024-05-17T10:36:50.547362][INFO][seed51] Saved model at /mnt/beegfs/rcabanas/dev/credici/papers/causal_flavour/learntmodels/miter1000/simple_learner_4Q10k/model_51.uai
[2024-05-17T10:36:50.547585][INFO][seed51] Closing log file
[2024-05-17T10:36:50.547877][INFO][seed51] Closed log file
[2024-05-17T10:39:22.131632][INFO][seed75] Ellapsed time: 1490745.ms
[2024-05-17T10:39:22.162856][INFO][seed75] Saved model at /mnt/beegfs/rcabanas/dev/credici/papers/causal_flavour/learntmodels/miter1000/simple_learner_4Q10k/model_75.uai
[2024-05-17T10:39:22.163062][INFO][seed75] Closing log file
[2024-05-17T10:39:22.163181][INFO][seed75] Closed log file
