150
500
['learn.py', '500', '173']
['learn.py', '500', '199']
['learn.py', '500', '151']
seed=173
/mnt/beegfs/rcabanas/dev/credici
/mnt/beegfs/rcabanas/dev/credici/papers/causal_flavour
/mnt/beegfs/rcabanas/dev/credici/papers/causal_flavour/learntmodels
/mnt/beegfs/rcabanas/dev/credici/papers/causal_flavour/models
/mnt/beegfs/rcabanas/dev/credici/target/credici-0.1.5-dev-SNAPSHOT-jar-with-dependencies.jar
/mnt/beegfs/rcabanas/dev/credici/papers/causal_flavour/code/LearnCF.java
['learn.py', '500', '153']
['learn.py', '500', '157']
['learn.py', '500', '154']
seed=199
/mnt/beegfs/rcabanas/dev/credici
/mnt/beegfs/rcabanas/dev/credici/papers/causal_flavour
/mnt/beegfs/rcabanas/dev/credici/papers/causal_flavour/learntmodels
/mnt/beegfs/rcabanas/dev/credici/papers/causal_flavour/models
seed=151
/mnt/beegfs/rcabanas/dev/credici/target/credici-0.1.5-dev-SNAPSHOT-jar-with-dependencies.jar
/mnt/beegfs/rcabanas/dev/credici
/mnt/beegfs/rcabanas/dev/credici/papers/causal_flavour
/mnt/beegfs/rcabanas/dev/credici/papers/causal_flavour/learntmodels
/mnt/beegfs/rcabanas/dev/credici/papers/causal_flavour/models
/mnt/beegfs/rcabanas/dev/credici/target/credici-0.1.5-dev-SNAPSHOT-jar-with-dependencies.jar
/mnt/beegfs/rcabanas/dev/credici/papers/causal_flavour/code/LearnCF.java
/mnt/beegfs/rcabanas/dev/credici/papers/causal_flavour/code/LearnCF.java
seed=153
/mnt/beegfs/rcabanas/dev/credici
/mnt/beegfs/rcabanas/dev/credici/papers/causal_flavour
/mnt/beegfs/rcabanas/dev/credici/papers/causal_flavour/learntmodels
/mnt/beegfs/rcabanas/dev/credici/papers/causal_flavour/models
/mnt/beegfs/rcabanas/dev/credici/target/credici-0.1.5-dev-SNAPSHOT-jar-with-dependencies.jar
/mnt/beegfs/rcabanas/dev/credici/papers/causal_flavour/code/LearnCF.java
seed=157
/mnt/beegfs/rcabanas/dev/credici
/mnt/beegfs/rcabanas/dev/credici/papers/causal_flavour
/mnt/beegfs/rcabanas/dev/credici/papers/causal_flavour/learntmodels
/mnt/beegfs/rcabanas/dev/credici/papers/causal_flavour/models
/mnt/beegfs/rcabanas/dev/credici/target/credici-0.1.5-dev-SNAPSHOT-jar-with-dependencies.jar
/mnt/beegfs/rcabanas/dev/credici/papers/causal_flavour/code/LearnCF.java
seed=154
/mnt/beegfs/rcabanas/dev/credici
/mnt/beegfs/rcabanas/dev/credici/papers/causal_flavour
/mnt/beegfs/rcabanas/dev/credici/papers/causal_flavour/learntmodels
/mnt/beegfs/rcabanas/dev/credici/papers/causal_flavour/models
/mnt/beegfs/rcabanas/dev/credici/target/credici-0.1.5-dev-SNAPSHOT-jar-with-dependencies.jar
/mnt/beegfs/rcabanas/dev/credici/papers/causal_flavour/code/LearnCF.java
['learn.py', '500', '155']
['learn.py', '500', '163']
['learn.py', '500', '170']
seed=163
/mnt/beegfs/rcabanas/dev/credici
seed=155
/mnt/beegfs/rcabanas/dev/credici/papers/causal_flavour
/mnt/beegfs/rcabanas/dev/credici
/mnt/beegfs/rcabanas/dev/credici/papers/causal_flavour/learntmodels
/mnt/beegfs/rcabanas/dev/credici/papers/causal_flavour
/mnt/beegfs/rcabanas/dev/credici/papers/causal_flavour/models
/mnt/beegfs/rcabanas/dev/credici/papers/causal_flavour/learntmodels
/mnt/beegfs/rcabanas/dev/credici/target/credici-0.1.5-dev-SNAPSHOT-jar-with-dependencies.jar
/mnt/beegfs/rcabanas/dev/credici/papers/causal_flavour/code/LearnCF.java
/mnt/beegfs/rcabanas/dev/credici/papers/causal_flavour/models
/mnt/beegfs/rcabanas/dev/credici/target/credici-0.1.5-dev-SNAPSHOT-jar-with-dependencies.jar
/mnt/beegfs/rcabanas/dev/credici/papers/causal_flavour/code/LearnCF.java
seed=170
/mnt/beegfs/rcabanas/dev/credici
/mnt/beegfs/rcabanas/dev/credici/papers/causal_flavour
/mnt/beegfs/rcabanas/dev/credici/papers/causal_flavour/learntmodels
/mnt/beegfs/rcabanas/dev/credici/papers/causal_flavour/models
/mnt/beegfs/rcabanas/dev/credici/target/credici-0.1.5-dev-SNAPSHOT-jar-with-dependencies.jar
/mnt/beegfs/rcabanas/dev/credici/papers/causal_flavour/code/LearnCF.java
['learn.py', '500', '167']
['learn.py', '500', '159']
['learn.py', '500', '169']
['learn.py', '500', '158']
seed=167
/mnt/beegfs/rcabanas/dev/credici
/mnt/beegfs/rcabanas/dev/credici/papers/causal_flavour
/mnt/beegfs/rcabanas/dev/credici/papers/causal_flavour/learntmodels
/mnt/beegfs/rcabanas/dev/credici/papers/causal_flavour/models
/mnt/beegfs/rcabanas/dev/credici/target/credici-0.1.5-dev-SNAPSHOT-jar-with-dependencies.jar
/mnt/beegfs/rcabanas/dev/credici/papers/causal_flavour/code/LearnCF.java
['learn.py', '500', '156']
seed=159
/mnt/beegfs/rcabanas/dev/credici
/mnt/beegfs/rcabanas/dev/credici/papers/causal_flavour
/mnt/beegfs/rcabanas/dev/credici/papers/causal_flavour/learntmodels
/mnt/beegfs/rcabanas/dev/credici/papers/causal_flavour/models
/mnt/beegfs/rcabanas/dev/credici/target/credici-0.1.5-dev-SNAPSHOT-jar-with-dependencies.jar
/mnt/beegfs/rcabanas/dev/credici/papers/causal_flavour/code/LearnCF.java
seed=158
seed=169
/mnt/beegfs/rcabanas/dev/credici
/mnt/beegfs/rcabanas/dev/credici
/mnt/beegfs/rcabanas/dev/credici/papers/causal_flavour
/mnt/beegfs/rcabanas/dev/credici/papers/causal_flavour
/mnt/beegfs/rcabanas/dev/credici/papers/causal_flavour/learntmodels
/mnt/beegfs/rcabanas/dev/credici/papers/causal_flavour/learntmodels
/mnt/beegfs/rcabanas/dev/credici/papers/causal_flavour/models
/mnt/beegfs/rcabanas/dev/credici/papers/causal_flavour/models
/mnt/beegfs/rcabanas/dev/credici/target/credici-0.1.5-dev-SNAPSHOT-jar-with-dependencies.jar
/mnt/beegfs/rcabanas/dev/credici/target/credici-0.1.5-dev-SNAPSHOT-jar-with-dependencies.jar
/mnt/beegfs/rcabanas/dev/credici/papers/causal_flavour/code/LearnCF.java
/mnt/beegfs/rcabanas/dev/credici/papers/causal_flavour/code/LearnCF.java
seed=156
/mnt/beegfs/rcabanas/dev/credici
/mnt/beegfs/rcabanas/dev/credici/papers/causal_flavour
/mnt/beegfs/rcabanas/dev/credici/papers/causal_flavour/learntmodels
/mnt/beegfs/rcabanas/dev/credici/papers/causal_flavour/models
/mnt/beegfs/rcabanas/dev/credici/target/credici-0.1.5-dev-SNAPSHOT-jar-with-dependencies.jar
/mnt/beegfs/rcabanas/dev/credici/papers/causal_flavour/code/LearnCF.java
['learn.py', '500', '165']
['learn.py', '500', '152']
['learn.py', '500', '190']
seed=165
/mnt/beegfs/rcabanas/dev/credici
/mnt/beegfs/rcabanas/dev/credici/papers/causal_flavour
/mnt/beegfs/rcabanas/dev/credici/papers/causal_flavour/learntmodels
/mnt/beegfs/rcabanas/dev/credici/papers/causal_flavour/models
/mnt/beegfs/rcabanas/dev/credici/target/credici-0.1.5-dev-SNAPSHOT-jar-with-dependencies.jar
/mnt/beegfs/rcabanas/dev/credici/papers/causal_flavour/code/LearnCF.java
seed=152
/mnt/beegfs/rcabanas/dev/credici
/mnt/beegfs/rcabanas/dev/credici/papers/causal_flavour
/mnt/beegfs/rcabanas/dev/credici/papers/causal_flavour/learntmodels
/mnt/beegfs/rcabanas/dev/credici/papers/causal_flavour/models
/mnt/beegfs/rcabanas/dev/credici/target/credici-0.1.5-dev-SNAPSHOT-jar-with-dependencies.jar
/mnt/beegfs/rcabanas/dev/credici/papers/causal_flavour/code/LearnCF.java
['learn.py', '500', '179']
['learn.py', '500', '178']
['learn.py', '500', '164']
['learn.py', '500', '184']
seed=190
/mnt/beegfs/rcabanas/dev/credici
/mnt/beegfs/rcabanas/dev/credici/papers/causal_flavour
/mnt/beegfs/rcabanas/dev/credici/papers/causal_flavour/learntmodels
/mnt/beegfs/rcabanas/dev/credici/papers/causal_flavour/models
/mnt/beegfs/rcabanas/dev/credici/target/credici-0.1.5-dev-SNAPSHOT-jar-with-dependencies.jar
/mnt/beegfs/rcabanas/dev/credici/papers/causal_flavour/code/LearnCF.java
seed=179
/mnt/beegfs/rcabanas/dev/credici
/mnt/beegfs/rcabanas/dev/credici/papers/causal_flavour
/mnt/beegfs/rcabanas/dev/credici/papers/causal_flavour/learntmodels
/mnt/beegfs/rcabanas/dev/credici/papers/causal_flavour/models
/mnt/beegfs/rcabanas/dev/credici/target/credici-0.1.5-dev-SNAPSHOT-jar-with-dependencies.jar
/mnt/beegfs/rcabanas/dev/credici/papers/causal_flavour/code/LearnCF.java
seed=178
/mnt/beegfs/rcabanas/dev/credici
/mnt/beegfs/rcabanas/dev/credici/papers/causal_flavour
/mnt/beegfs/rcabanas/dev/credici/papers/causal_flavour/learntmodels
seed=164
/mnt/beegfs/rcabanas/dev/credici/papers/causal_flavour/models
/mnt/beegfs/rcabanas/dev/credici
/mnt/beegfs/rcabanas/dev/credici/target/credici-0.1.5-dev-SNAPSHOT-jar-with-dependencies.jar
/mnt/beegfs/rcabanas/dev/credici/papers/causal_flavour
/mnt/beegfs/rcabanas/dev/credici/papers/causal_flavour/code/LearnCF.java
/mnt/beegfs/rcabanas/dev/credici/papers/causal_flavour/learntmodels
/mnt/beegfs/rcabanas/dev/credici/papers/causal_flavour/models
/mnt/beegfs/rcabanas/dev/credici/target/credici-0.1.5-dev-SNAPSHOT-jar-with-dependencies.jar
/mnt/beegfs/rcabanas/dev/credici/papers/causal_flavour/code/LearnCF.java
seed=184
/mnt/beegfs/rcabanas/dev/credici
/mnt/beegfs/rcabanas/dev/credici/papers/causal_flavour
/mnt/beegfs/rcabanas/dev/credici/papers/causal_flavour/learntmodels
/mnt/beegfs/rcabanas/dev/credici/papers/causal_flavour/models
/mnt/beegfs/rcabanas/dev/credici/target/credici-0.1.5-dev-SNAPSHOT-jar-with-dependencies.jar
/mnt/beegfs/rcabanas/dev/credici/papers/causal_flavour/code/LearnCF.java
['learn.py', '500', '166']
['learn.py', '500', '168']
seed=166
/mnt/beegfs/rcabanas/dev/credici
/mnt/beegfs/rcabanas/dev/credici/papers/causal_flavour
/mnt/beegfs/rcabanas/dev/credici/papers/causal_flavour/learntmodels
/mnt/beegfs/rcabanas/dev/credici/papers/causal_flavour/models
/mnt/beegfs/rcabanas/dev/credici/target/credici-0.1.5-dev-SNAPSHOT-jar-with-dependencies.jar
/mnt/beegfs/rcabanas/dev/credici/papers/causal_flavour/code/LearnCF.java
['learn.py', '500', '176']
['learn.py', '500', '182']
seed=168
/mnt/beegfs/rcabanas/dev/credici
/mnt/beegfs/rcabanas/dev/credici/papers/causal_flavour
/mnt/beegfs/rcabanas/dev/credici/papers/causal_flavour/learntmodels
/mnt/beegfs/rcabanas/dev/credici/papers/causal_flavour/models
/mnt/beegfs/rcabanas/dev/credici/target/credici-0.1.5-dev-SNAPSHOT-jar-with-dependencies.jar
/mnt/beegfs/rcabanas/dev/credici/papers/causal_flavour/code/LearnCF.java
['learn.py', '500', '193']
seed=182
/mnt/beegfs/rcabanas/dev/credici
seed=176
/mnt/beegfs/rcabanas/dev/credici
/mnt/beegfs/rcabanas/dev/credici/papers/causal_flavour
/mnt/beegfs/rcabanas/dev/credici/papers/causal_flavour/learntmodels
/mnt/beegfs/rcabanas/dev/credici/papers/causal_flavour/models
/mnt/beegfs/rcabanas/dev/credici/target/credici-0.1.5-dev-SNAPSHOT-jar-with-dependencies.jar
/mnt/beegfs/rcabanas/dev/credici/papers/causal_flavour/code/LearnCF.java
/mnt/beegfs/rcabanas/dev/credici/papers/causal_flavour
/mnt/beegfs/rcabanas/dev/credici/papers/causal_flavour/learntmodels
/mnt/beegfs/rcabanas/dev/credici/papers/causal_flavour/models
/mnt/beegfs/rcabanas/dev/credici/target/credici-0.1.5-dev-SNAPSHOT-jar-with-dependencies.jar
/mnt/beegfs/rcabanas/dev/credici/papers/causal_flavour/code/LearnCF.java
['learn.py', '500', '200']
['learn.py', '500', '177']
seed=193
/mnt/beegfs/rcabanas/dev/credici
/mnt/beegfs/rcabanas/dev/credici/papers/causal_flavour
/mnt/beegfs/rcabanas/dev/credici/papers/causal_flavour/learntmodels
/mnt/beegfs/rcabanas/dev/credici/papers/causal_flavour/models
/mnt/beegfs/rcabanas/dev/credici/target/credici-0.1.5-dev-SNAPSHOT-jar-with-dependencies.jar
/mnt/beegfs/rcabanas/dev/credici/papers/causal_flavour/code/LearnCF.java
['learn.py', '500', '175']
seed=177
/mnt/beegfs/rcabanas/dev/credici
/mnt/beegfs/rcabanas/dev/credici/papers/causal_flavour
seed=200
['learn.py', '500', '192']
/mnt/beegfs/rcabanas/dev/credici/papers/causal_flavour/learntmodels
/mnt/beegfs/rcabanas/dev/credici
/mnt/beegfs/rcabanas/dev/credici/papers/causal_flavour/models
/mnt/beegfs/rcabanas/dev/credici/papers/causal_flavour
/mnt/beegfs/rcabanas/dev/credici/target/credici-0.1.5-dev-SNAPSHOT-jar-with-dependencies.jar
/mnt/beegfs/rcabanas/dev/credici/papers/causal_flavour/code/LearnCF.java
/mnt/beegfs/rcabanas/dev/credici/papers/causal_flavour/learntmodels
/mnt/beegfs/rcabanas/dev/credici/papers/causal_flavour/models
/mnt/beegfs/rcabanas/dev/credici/target/credici-0.1.5-dev-SNAPSHOT-jar-with-dependencies.jar
/mnt/beegfs/rcabanas/dev/credici/papers/causal_flavour/code/LearnCF.java
seed=175
/mnt/beegfs/rcabanas/dev/credici
/mnt/beegfs/rcabanas/dev/credici/papers/causal_flavour
/mnt/beegfs/rcabanas/dev/credici/papers/causal_flavour/learntmodels
/mnt/beegfs/rcabanas/dev/credici/papers/causal_flavour/models
/mnt/beegfs/rcabanas/dev/credici/target/credici-0.1.5-dev-SNAPSHOT-jar-with-dependencies.jar
/mnt/beegfs/rcabanas/dev/credici/papers/causal_flavour/code/LearnCF.java
seed=192
/mnt/beegfs/rcabanas/dev/credici
/mnt/beegfs/rcabanas/dev/credici/papers/causal_flavour
/mnt/beegfs/rcabanas/dev/credici/papers/causal_flavour/learntmodels
/mnt/beegfs/rcabanas/dev/credici/papers/causal_flavour/models
/mnt/beegfs/rcabanas/dev/credici/target/credici-0.1.5-dev-SNAPSHOT-jar-with-dependencies.jar
/mnt/beegfs/rcabanas/dev/credici/papers/causal_flavour/code/LearnCF.java
['learn.py', '500', '180']
seed=180
/mnt/beegfs/rcabanas/dev/credici
/mnt/beegfs/rcabanas/dev/credici/papers/causal_flavour
/mnt/beegfs/rcabanas/dev/credici/papers/causal_flavour/learntmodels
/mnt/beegfs/rcabanas/dev/credici/papers/causal_flavour/models
/mnt/beegfs/rcabanas/dev/credici/target/credici-0.1.5-dev-SNAPSHOT-jar-with-dependencies.jar
/mnt/beegfs/rcabanas/dev/credici/papers/causal_flavour/code/LearnCF.java
['learn.py', '500', '196']
seed=196
/mnt/beegfs/rcabanas/dev/credici
/mnt/beegfs/rcabanas/dev/credici/papers/causal_flavour
/mnt/beegfs/rcabanas/dev/credici/papers/causal_flavour/learntmodels
/mnt/beegfs/rcabanas/dev/credici/papers/causal_flavour/models
/mnt/beegfs/rcabanas/dev/credici/target/credici-0.1.5-dev-SNAPSHOT-jar-with-dependencies.jar
/mnt/beegfs/rcabanas/dev/credici/papers/causal_flavour/code/LearnCF.java
['learn.py', '500', '160']
['learn.py', '500', '161']
['learn.py', '500', '162']
seed=161
/mnt/beegfs/rcabanas/dev/credici
/mnt/beegfs/rcabanas/dev/credici/papers/causal_flavour
/mnt/beegfs/rcabanas/dev/credici/papers/causal_flavour/learntmodels
/mnt/beegfs/rcabanas/dev/credici/papers/causal_flavour/models
seed=160
/mnt/beegfs/rcabanas/dev/credici
/mnt/beegfs/rcabanas/dev/credici/papers/causal_flavour
/mnt/beegfs/rcabanas/dev/credici/papers/causal_flavour/learntmodels
/mnt/beegfs/rcabanas/dev/credici/papers/causal_flavour/models
/mnt/beegfs/rcabanas/dev/credici/target/credici-0.1.5-dev-SNAPSHOT-jar-with-dependencies.jar
/mnt/beegfs/rcabanas/dev/credici/papers/causal_flavour/code/LearnCF.java
/mnt/beegfs/rcabanas/dev/credici/target/credici-0.1.5-dev-SNAPSHOT-jar-with-dependencies.jar
/mnt/beegfs/rcabanas/dev/credici/papers/causal_flavour/code/LearnCF.java
seed=162
/mnt/beegfs/rcabanas/dev/credici
/mnt/beegfs/rcabanas/dev/credici/papers/causal_flavour
/mnt/beegfs/rcabanas/dev/credici/papers/causal_flavour/learntmodels
/mnt/beegfs/rcabanas/dev/credici/papers/causal_flavour/models
/mnt/beegfs/rcabanas/dev/credici/target/credici-0.1.5-dev-SNAPSHOT-jar-with-dependencies.jar
/mnt/beegfs/rcabanas/dev/credici/papers/causal_flavour/code/LearnCF.java
['learn.py', '500', '191']
['learn.py', '500', '186']
['learn.py', '500', '181']
seed=191
/mnt/beegfs/rcabanas/dev/credici
/mnt/beegfs/rcabanas/dev/credici/papers/causal_flavour
/mnt/beegfs/rcabanas/dev/credici/papers/causal_flavour/learntmodels
seed=186
/mnt/beegfs/rcabanas/dev/credici
/mnt/beegfs/rcabanas/dev/credici/papers/causal_flavour
/mnt/beegfs/rcabanas/dev/credici/papers/causal_flavour/learntmodels
/mnt/beegfs/rcabanas/dev/credici/papers/causal_flavour/models
/mnt/beegfs/rcabanas/dev/credici/target/credici-0.1.5-dev-SNAPSHOT-jar-with-dependencies.jar
/mnt/beegfs/rcabanas/dev/credici/papers/causal_flavour/code/LearnCF.java
/mnt/beegfs/rcabanas/dev/credici/papers/causal_flavour/models
/mnt/beegfs/rcabanas/dev/credici/target/credici-0.1.5-dev-SNAPSHOT-jar-with-dependencies.jar
/mnt/beegfs/rcabanas/dev/credici/papers/causal_flavour/code/LearnCF.java
['learn.py', '500', '183']
['learn.py', '500', '195']
seed=181
/mnt/beegfs/rcabanas/dev/credici
/mnt/beegfs/rcabanas/dev/credici/papers/causal_flavour
/mnt/beegfs/rcabanas/dev/credici/papers/causal_flavour/learntmodels
/mnt/beegfs/rcabanas/dev/credici/papers/causal_flavour/models
/mnt/beegfs/rcabanas/dev/credici/target/credici-0.1.5-dev-SNAPSHOT-jar-with-dependencies.jar
/mnt/beegfs/rcabanas/dev/credici/papers/causal_flavour/code/LearnCF.java
['learn.py', '500', '188']
['learn.py', '500', '150']
['learn.py', '500', '187']
seed=183
/mnt/beegfs/rcabanas/dev/credici
/mnt/beegfs/rcabanas/dev/credici/papers/causal_flavour
/mnt/beegfs/rcabanas/dev/credici/papers/causal_flavour/learntmodels
/mnt/beegfs/rcabanas/dev/credici/papers/causal_flavour/models
/mnt/beegfs/rcabanas/dev/credici/target/credici-0.1.5-dev-SNAPSHOT-jar-with-dependencies.jar
seed=195
/mnt/beegfs/rcabanas/dev/credici/papers/causal_flavour/code/LearnCF.java
/mnt/beegfs/rcabanas/dev/credici
/mnt/beegfs/rcabanas/dev/credici/papers/causal_flavour
/mnt/beegfs/rcabanas/dev/credici/papers/causal_flavour/learntmodels
/mnt/beegfs/rcabanas/dev/credici/papers/causal_flavour/models
/mnt/beegfs/rcabanas/dev/credici/target/credici-0.1.5-dev-SNAPSHOT-jar-with-dependencies.jar
/mnt/beegfs/rcabanas/dev/credici/papers/causal_flavour/code/LearnCF.java
['learn.py', '500', '171']
seed=188
/mnt/beegfs/rcabanas/dev/credici
/mnt/beegfs/rcabanas/dev/credici/papers/causal_flavour
/mnt/beegfs/rcabanas/dev/credici/papers/causal_flavour/learntmodels
/mnt/beegfs/rcabanas/dev/credici/papers/causal_flavour/models
/mnt/beegfs/rcabanas/dev/credici/target/credici-0.1.5-dev-SNAPSHOT-jar-with-dependencies.jar
/mnt/beegfs/rcabanas/dev/credici/papers/causal_flavour/code/LearnCF.java
seed=187
seed=150
/mnt/beegfs/rcabanas/dev/credici
/mnt/beegfs/rcabanas/dev/credici/papers/causal_flavour
['learn.py', '500', '172']
/mnt/beegfs/rcabanas/dev/credici
/mnt/beegfs/rcabanas/dev/credici/papers/causal_flavour/learntmodels
/mnt/beegfs/rcabanas/dev/credici/papers/causal_flavour
/mnt/beegfs/rcabanas/dev/credici/papers/causal_flavour/models
/mnt/beegfs/rcabanas/dev/credici/papers/causal_flavour/learntmodels
/mnt/beegfs/rcabanas/dev/credici/target/credici-0.1.5-dev-SNAPSHOT-jar-with-dependencies.jar
/mnt/beegfs/rcabanas/dev/credici/papers/causal_flavour/models
/mnt/beegfs/rcabanas/dev/credici/papers/causal_flavour/code/LearnCF.java
/mnt/beegfs/rcabanas/dev/credici/target/credici-0.1.5-dev-SNAPSHOT-jar-with-dependencies.jar
/mnt/beegfs/rcabanas/dev/credici/papers/causal_flavour/code/LearnCF.java
['learn.py', '500', '185']
['learn.py', '500', '197']
seed=171
/mnt/beegfs/rcabanas/dev/credici
/mnt/beegfs/rcabanas/dev/credici/papers/causal_flavour
/mnt/beegfs/rcabanas/dev/credici/papers/causal_flavour/learntmodels
/mnt/beegfs/rcabanas/dev/credici/papers/causal_flavour/models
/mnt/beegfs/rcabanas/dev/credici/target/credici-0.1.5-dev-SNAPSHOT-jar-with-dependencies.jar
/mnt/beegfs/rcabanas/dev/credici/papers/causal_flavour/code/LearnCF.java
['learn.py', '500', '189']
['learn.py', '500', '198']
['learn.py', '500', '174']
seed=172
/mnt/beegfs/rcabanas/dev/credici
/mnt/beegfs/rcabanas/dev/credici/papers/causal_flavour
/mnt/beegfs/rcabanas/dev/credici/papers/causal_flavour/learntmodels
/mnt/beegfs/rcabanas/dev/credici/papers/causal_flavour/models
/mnt/beegfs/rcabanas/dev/credici/target/credici-0.1.5-dev-SNAPSHOT-jar-with-dependencies.jar
/mnt/beegfs/rcabanas/dev/credici/papers/causal_flavour/code/LearnCF.java
seed=185
/mnt/beegfs/rcabanas/dev/credici
/mnt/beegfs/rcabanas/dev/credici/papers/causal_flavour
/mnt/beegfs/rcabanas/dev/credici/papers/causal_flavour/learntmodels
/mnt/beegfs/rcabanas/dev/credici/papers/causal_flavour/models
/mnt/beegfs/rcabanas/dev/credici/target/credici-0.1.5-dev-SNAPSHOT-jar-with-dependencies.jar
/mnt/beegfs/rcabanas/dev/credici/papers/causal_flavour/code/LearnCF.java
seed=197
/mnt/beegfs/rcabanas/dev/credici
/mnt/beegfs/rcabanas/dev/credici/papers/causal_flavour
/mnt/beegfs/rcabanas/dev/credici/papers/causal_flavour/learntmodels
/mnt/beegfs/rcabanas/dev/credici/papers/causal_flavour/models
/mnt/beegfs/rcabanas/dev/credici/target/credici-0.1.5-dev-SNAPSHOT-jar-with-dependencies.jar
/mnt/beegfs/rcabanas/dev/credici/papers/causal_flavour/code/LearnCF.java
seed=189
seed=198
/mnt/beegfs/rcabanas/dev/credici
/mnt/beegfs/rcabanas/dev/credici/papers/causal_flavour
/mnt/beegfs/rcabanas/dev/credici/papers/causal_flavour/learntmodels
/mnt/beegfs/rcabanas/dev/credici/papers/causal_flavour/models
/mnt/beegfs/rcabanas/dev/credici/target/credici-0.1.5-dev-SNAPSHOT-jar-with-dependencies.jar
/mnt/beegfs/rcabanas/dev/credici
/mnt/beegfs/rcabanas/dev/credici/papers/causal_flavour/code/LearnCF.java
/mnt/beegfs/rcabanas/dev/credici/papers/causal_flavour
/mnt/beegfs/rcabanas/dev/credici/papers/causal_flavour/learntmodels
/mnt/beegfs/rcabanas/dev/credici/papers/causal_flavour/models
/mnt/beegfs/rcabanas/dev/credici/target/credici-0.1.5-dev-SNAPSHOT-jar-with-dependencies.jar
/mnt/beegfs/rcabanas/dev/credici/papers/causal_flavour/code/LearnCF.java
seed=174
/mnt/beegfs/rcabanas/dev/credici
/mnt/beegfs/rcabanas/dev/credici/papers/causal_flavour
/mnt/beegfs/rcabanas/dev/credici/papers/causal_flavour/learntmodels
/mnt/beegfs/rcabanas/dev/credici/papers/causal_flavour/models
/mnt/beegfs/rcabanas/dev/credici/target/credici-0.1.5-dev-SNAPSHOT-jar-with-dependencies.jar
/mnt/beegfs/rcabanas/dev/credici/papers/causal_flavour/code/LearnCF.java
[2024-05-17T10:39:28.624182][INFO][seed199] Set up logging
[2024-05-17T10:39:28.637684][INFO][seed173] Set up logging
[2024-05-17T10:39:28.654187][INFO][seed199] args: -m;500;-o;/mnt/beegfs/rcabanas/dev/credici/papers/causal_flavour/learntmodels/miter500;--data;/mnt/beegfs/rcabanas/dev/credici/papers/causal_flavour/data/simple_learner_4Q10k_data.csv;-rw;-s;199;/mnt/beegfs/rcabanas/dev/credici/papers/causal_flavour/models/simple_learner_4Q10k.uai
[2024-05-17T10:39:28.656349][INFO][seed199] Starting logger with seed 199
[2024-05-17T10:39:28.632616][INFO][seed151] Set up logging
[2024-05-17T10:39:28.660065][INFO][seed151] args: -m;500;-o;/mnt/beegfs/rcabanas/dev/credici/papers/causal_flavour/learntmodels/miter500;--data;/mnt/beegfs/rcabanas/dev/credici/papers/causal_flavour/data/simple_learner_4Q10k_data.csv;-rw;-s;151;/mnt/beegfs/rcabanas/dev/credici/papers/causal_flavour/models/simple_learner_4Q10k.uai
[2024-05-17T10:39:28.665356][INFO][seed151] Starting logger with seed 151
[2024-05-17T10:39:28.668292][INFO][seed173] args: -m;500;-o;/mnt/beegfs/rcabanas/dev/credici/papers/causal_flavour/learntmodels/miter500;--data;/mnt/beegfs/rcabanas/dev/credici/papers/causal_flavour/data/simple_learner_4Q10k_data.csv;-rw;-s;173;/mnt/beegfs/rcabanas/dev/credici/papers/causal_flavour/models/simple_learner_4Q10k.uai
[2024-05-17T10:39:28.671850][INFO][seed173] Starting logger with seed 173
[2024-05-17T10:39:28.658366][INFO][seed153] Set up logging
[2024-05-17T10:39:28.663040][INFO][seed157] Set up logging
[2024-05-17T10:39:28.691185][INFO][seed153] args: -m;500;-o;/mnt/beegfs/rcabanas/dev/credici/papers/causal_flavour/learntmodels/miter500;--data;/mnt/beegfs/rcabanas/dev/credici/papers/causal_flavour/data/simple_learner_4Q10k_data.csv;-rw;-s;153;/mnt/beegfs/rcabanas/dev/credici/papers/causal_flavour/models/simple_learner_4Q10k.uai
[2024-05-17T10:39:28.691811][INFO][seed157] args: -m;500;-o;/mnt/beegfs/rcabanas/dev/credici/papers/causal_flavour/learntmodels/miter500;--data;/mnt/beegfs/rcabanas/dev/credici/papers/causal_flavour/data/simple_learner_4Q10k_data.csv;-rw;-s;157;/mnt/beegfs/rcabanas/dev/credici/papers/causal_flavour/models/simple_learner_4Q10k.uai
[2024-05-17T10:39:28.693159][INFO][seed153] Starting logger with seed 153
[2024-05-17T10:39:28.696739][INFO][seed157] Starting logger with seed 157
[2024-05-17T10:39:28.697652][INFO][seed154] Set up logging
[2024-05-17T10:39:28.716914][INFO][seed154] args: -m;500;-o;/mnt/beegfs/rcabanas/dev/credici/papers/causal_flavour/learntmodels/miter500;--data;/mnt/beegfs/rcabanas/dev/credici/papers/causal_flavour/data/simple_learner_4Q10k_data.csv;-rw;-s;154;/mnt/beegfs/rcabanas/dev/credici/papers/causal_flavour/models/simple_learner_4Q10k.uai
[2024-05-17T10:39:28.694335][INFO][seed163] Set up logging
[2024-05-17T10:39:28.727226][INFO][seed163] args: -m;500;-o;/mnt/beegfs/rcabanas/dev/credici/papers/causal_flavour/learntmodels/miter500;--data;/mnt/beegfs/rcabanas/dev/credici/papers/causal_flavour/data/simple_learner_4Q10k_data.csv;-rw;-s;163;/mnt/beegfs/rcabanas/dev/credici/papers/causal_flavour/models/simple_learner_4Q10k.uai
[2024-05-17T10:39:28.694388][INFO][seed155] Set up logging
[2024-05-17T10:39:28.729214][INFO][seed163] Starting logger with seed 163
[2024-05-17T10:39:28.729756][INFO][seed155] args: -m;500;-o;/mnt/beegfs/rcabanas/dev/credici/papers/causal_flavour/learntmodels/miter500;--data;/mnt/beegfs/rcabanas/dev/credici/papers/causal_flavour/data/simple_learner_4Q10k_data.csv;-rw;-s;155;/mnt/beegfs/rcabanas/dev/credici/papers/causal_flavour/models/simple_learner_4Q10k.uai
[2024-05-17T10:39:28.729905][INFO][seed154] Starting logger with seed 154
[2024-05-17T10:39:28.735365][INFO][seed155] Starting logger with seed 155
[2024-05-17T10:39:28.773470][INFO][seed159] Set up logging
[2024-05-17T10:39:28.799267][INFO][seed159] args: -m;500;-o;/mnt/beegfs/rcabanas/dev/credici/papers/causal_flavour/learntmodels/miter500;--data;/mnt/beegfs/rcabanas/dev/credici/papers/causal_flavour/data/simple_learner_4Q10k_data.csv;-rw;-s;159;/mnt/beegfs/rcabanas/dev/credici/papers/causal_flavour/models/simple_learner_4Q10k.uai
[2024-05-17T10:39:28.801111][INFO][seed159] Starting logger with seed 159
[2024-05-17T10:39:28.782416][INFO][seed169] Set up logging
[2024-05-17T10:39:28.792718][INFO][seed158] Set up logging
[2024-05-17T10:39:28.809775][INFO][seed169] args: -m;500;-o;/mnt/beegfs/rcabanas/dev/credici/papers/causal_flavour/learntmodels/miter500;--data;/mnt/beegfs/rcabanas/dev/credici/papers/causal_flavour/data/simple_learner_4Q10k_data.csv;-rw;-s;169;/mnt/beegfs/rcabanas/dev/credici/papers/causal_flavour/models/simple_learner_4Q10k.uai
[2024-05-17T10:39:28.810313][INFO][seed158] args: -m;500;-o;/mnt/beegfs/rcabanas/dev/credici/papers/causal_flavour/learntmodels/miter500;--data;/mnt/beegfs/rcabanas/dev/credici/papers/causal_flavour/data/simple_learner_4Q10k_data.csv;-rw;-s;158;/mnt/beegfs/rcabanas/dev/credici/papers/causal_flavour/models/simple_learner_4Q10k.uai
[2024-05-17T10:39:28.815963][INFO][seed169] Starting logger with seed 169
[2024-05-17T10:39:28.786740][INFO][seed156] Set up logging
[2024-05-17T10:39:28.820321][INFO][seed156] args: -m;500;-o;/mnt/beegfs/rcabanas/dev/credici/papers/causal_flavour/learntmodels/miter500;--data;/mnt/beegfs/rcabanas/dev/credici/papers/causal_flavour/data/simple_learner_4Q10k_data.csv;-rw;-s;156;/mnt/beegfs/rcabanas/dev/credici/papers/causal_flavour/models/simple_learner_4Q10k.uai
[2024-05-17T10:39:28.825079][INFO][seed158] Starting logger with seed 158
[2024-05-17T10:39:28.826070][INFO][seed156] Starting logger with seed 156
[2024-05-17T10:39:28.802746][INFO][seed167] Set up logging
[2024-05-17T10:39:28.834100][INFO][seed167] args: -m;500;-o;/mnt/beegfs/rcabanas/dev/credici/papers/causal_flavour/learntmodels/miter500;--data;/mnt/beegfs/rcabanas/dev/credici/papers/causal_flavour/data/simple_learner_4Q10k_data.csv;-rw;-s;167;/mnt/beegfs/rcabanas/dev/credici/papers/causal_flavour/models/simple_learner_4Q10k.uai
[2024-05-17T10:39:28.836558][INFO][seed167] Starting logger with seed 167
[2024-05-17T10:39:28.861262][INFO][seed199] Loaded model and info: /mnt/beegfs/rcabanas/dev/credici/papers/causal_flavour/models/simple_learner_4Q10k.uai
[2024-05-17T10:39:28.875697][INFO][seed151] Loaded model and info: /mnt/beegfs/rcabanas/dev/credici/papers/causal_flavour/models/simple_learner_4Q10k.uai
[2024-05-17T10:39:28.868078][INFO][seed164] Set up logging
[2024-05-17T10:39:28.875780][INFO][seed178] Set up logging
[2024-05-17T10:39:28.900872][INFO][seed164] args: -m;500;-o;/mnt/beegfs/rcabanas/dev/credici/papers/causal_flavour/learntmodels/miter500;--data;/mnt/beegfs/rcabanas/dev/credici/papers/causal_flavour/data/simple_learner_4Q10k_data.csv;-rw;-s;164;/mnt/beegfs/rcabanas/dev/credici/papers/causal_flavour/models/simple_learner_4Q10k.uai
[2024-05-17T10:39:28.901929][INFO][seed178] args: -m;500;-o;/mnt/beegfs/rcabanas/dev/credici/papers/causal_flavour/learntmodels/miter500;--data;/mnt/beegfs/rcabanas/dev/credici/papers/causal_flavour/data/simple_learner_4Q10k_data.csv;-rw;-s;178;/mnt/beegfs/rcabanas/dev/credici/papers/causal_flavour/models/simple_learner_4Q10k.uai
[2024-05-17T10:39:28.875381][INFO][seed190] Set up logging
[2024-05-17T10:39:28.903780][INFO][seed190] args: -m;500;-o;/mnt/beegfs/rcabanas/dev/credici/papers/causal_flavour/learntmodels/miter500;--data;/mnt/beegfs/rcabanas/dev/credici/papers/causal_flavour/data/simple_learner_4Q10k_data.csv;-rw;-s;190;/mnt/beegfs/rcabanas/dev/credici/papers/causal_flavour/models/simple_learner_4Q10k.uai
[2024-05-17T10:39:28.904745][INFO][seed178] Starting logger with seed 178
[2024-05-17T10:39:28.904708][INFO][seed164] Starting logger with seed 164
[2024-05-17T10:39:28.875559][INFO][seed165] Set up logging
[2024-05-17T10:39:28.906292][INFO][seed190] Starting logger with seed 190
[2024-05-17T10:39:28.906760][INFO][seed165] args: -m;500;-o;/mnt/beegfs/rcabanas/dev/credici/papers/causal_flavour/learntmodels/miter500;--data;/mnt/beegfs/rcabanas/dev/credici/papers/causal_flavour/data/simple_learner_4Q10k_data.csv;-rw;-s;165;/mnt/beegfs/rcabanas/dev/credici/papers/causal_flavour/models/simple_learner_4Q10k.uai
[2024-05-17T10:39:28.879907][INFO][seed184] Set up logging
[2024-05-17T10:39:28.908560][INFO][seed165] Starting logger with seed 165
[2024-05-17T10:39:28.908669][INFO][seed184] args: -m;500;-o;/mnt/beegfs/rcabanas/dev/credici/papers/causal_flavour/learntmodels/miter500;--data;/mnt/beegfs/rcabanas/dev/credici/papers/causal_flavour/data/simple_learner_4Q10k_data.csv;-rw;-s;184;/mnt/beegfs/rcabanas/dev/credici/papers/causal_flavour/models/simple_learner_4Q10k.uai
[2024-05-17T10:39:28.882071][INFO][seed152] Set up logging
[2024-05-17T10:39:28.912350][INFO][seed152] args: -m;500;-o;/mnt/beegfs/rcabanas/dev/credici/papers/causal_flavour/learntmodels/miter500;--data;/mnt/beegfs/rcabanas/dev/credici/papers/causal_flavour/data/simple_learner_4Q10k_data.csv;-rw;-s;152;/mnt/beegfs/rcabanas/dev/credici/papers/causal_flavour/models/simple_learner_4Q10k.uai
[2024-05-17T10:39:28.916393][INFO][seed184] Starting logger with seed 184
[2024-05-17T10:39:28.879048][INFO][seed179] Set up logging
[2024-05-17T10:39:28.918875][INFO][seed179] args: -m;500;-o;/mnt/beegfs/rcabanas/dev/credici/papers/causal_flavour/learntmodels/miter500;--data;/mnt/beegfs/rcabanas/dev/credici/papers/causal_flavour/data/simple_learner_4Q10k_data.csv;-rw;-s;179;/mnt/beegfs/rcabanas/dev/credici/papers/causal_flavour/models/simple_learner_4Q10k.uai
[2024-05-17T10:39:28.921848][INFO][seed152] Starting logger with seed 152
[2024-05-17T10:39:28.925528][INFO][seed173] Loaded model and info: /mnt/beegfs/rcabanas/dev/credici/papers/causal_flavour/models/simple_learner_4Q10k.uai
[2024-05-17T10:39:28.926822][INFO][seed179] Starting logger with seed 179
[2024-05-17T10:39:28.935843][INFO][seed157] Loaded model and info: /mnt/beegfs/rcabanas/dev/credici/papers/causal_flavour/models/simple_learner_4Q10k.uai
[2024-05-17T10:39:28.940687][INFO][seed153] Loaded model and info: /mnt/beegfs/rcabanas/dev/credici/papers/causal_flavour/models/simple_learner_4Q10k.uai
[2024-05-17T10:39:28.960847][INFO][seed163] Loaded model and info: /mnt/beegfs/rcabanas/dev/credici/papers/causal_flavour/models/simple_learner_4Q10k.uai
[2024-05-17T10:39:28.976825][INFO][seed155] Loaded model and info: /mnt/beegfs/rcabanas/dev/credici/papers/causal_flavour/models/simple_learner_4Q10k.uai
[2024-05-17T10:39:29.002134][INFO][seed154] Loaded model and info: /mnt/beegfs/rcabanas/dev/credici/papers/causal_flavour/models/simple_learner_4Q10k.uai
[2024-05-17T10:39:28.990390][INFO][seed182] Set up logging
[2024-05-17T10:39:29.015321][INFO][seed182] args: -m;500;-o;/mnt/beegfs/rcabanas/dev/credici/papers/causal_flavour/learntmodels/miter500;--data;/mnt/beegfs/rcabanas/dev/credici/papers/causal_flavour/data/simple_learner_4Q10k_data.csv;-rw;-s;182;/mnt/beegfs/rcabanas/dev/credici/papers/causal_flavour/models/simple_learner_4Q10k.uai
[2024-05-17T10:39:28.998328][INFO][seed166] Set up logging
[2024-05-17T10:39:29.024591][INFO][seed166] args: -m;500;-o;/mnt/beegfs/rcabanas/dev/credici/papers/causal_flavour/learntmodels/miter500;--data;/mnt/beegfs/rcabanas/dev/credici/papers/causal_flavour/data/simple_learner_4Q10k_data.csv;-rw;-s;166;/mnt/beegfs/rcabanas/dev/credici/papers/causal_flavour/models/simple_learner_4Q10k.uai
[2024-05-17T10:39:29.031826][INFO][seed166] Starting logger with seed 166
[2024-05-17T10:39:29.027934][INFO][seed182] Starting logger with seed 182
[2024-05-17T10:39:29.003020][INFO][seed176] Set up logging
[2024-05-17T10:39:29.042017][INFO][seed176] args: -m;500;-o;/mnt/beegfs/rcabanas/dev/credici/papers/causal_flavour/learntmodels/miter500;--data;/mnt/beegfs/rcabanas/dev/credici/papers/causal_flavour/data/simple_learner_4Q10k_data.csv;-rw;-s;176;/mnt/beegfs/rcabanas/dev/credici/papers/causal_flavour/models/simple_learner_4Q10k.uai
[2024-05-17T10:39:29.043853][INFO][seed176] Starting logger with seed 176
[2024-05-17T10:39:29.035464][INFO][seed168] Set up logging
[2024-05-17T10:39:29.069664][INFO][seed168] args: -m;500;-o;/mnt/beegfs/rcabanas/dev/credici/papers/causal_flavour/learntmodels/miter500;--data;/mnt/beegfs/rcabanas/dev/credici/papers/causal_flavour/data/simple_learner_4Q10k_data.csv;-rw;-s;168;/mnt/beegfs/rcabanas/dev/credici/papers/causal_flavour/models/simple_learner_4Q10k.uai
[2024-05-17T10:39:29.076474][INFO][seed168] Starting logger with seed 168
[2024-05-17T10:39:29.049385][INFO][seed170] Set up logging
[2024-05-17T10:39:29.085704][INFO][seed170] args: -m;500;-o;/mnt/beegfs/rcabanas/dev/credici/papers/causal_flavour/learntmodels/miter500;--data;/mnt/beegfs/rcabanas/dev/credici/papers/causal_flavour/data/simple_learner_4Q10k_data.csv;-rw;-s;170;/mnt/beegfs/rcabanas/dev/credici/papers/causal_flavour/models/simple_learner_4Q10k.uai
[2024-05-17T10:39:29.090695][INFO][seed170] Starting logger with seed 170
[2024-05-17T10:39:29.111080][INFO][seed158] Loaded model and info: /mnt/beegfs/rcabanas/dev/credici/papers/causal_flavour/models/simple_learner_4Q10k.uai
[2024-05-17T10:39:29.083783][INFO][seed200] Set up logging
[2024-05-17T10:39:29.112989][INFO][seed200] args: -m;500;-o;/mnt/beegfs/rcabanas/dev/credici/papers/causal_flavour/learntmodels/miter500;--data;/mnt/beegfs/rcabanas/dev/credici/papers/causal_flavour/data/simple_learner_4Q10k_data.csv;-rw;-s;200;/mnt/beegfs/rcabanas/dev/credici/papers/causal_flavour/models/simple_learner_4Q10k.uai
[2024-05-17T10:39:29.116555][INFO][seed200] Starting logger with seed 200
[2024-05-17T10:39:29.100712][INFO][seed177] Set up logging
[2024-05-17T10:39:29.117176][INFO][seed156] Loaded model and info: /mnt/beegfs/rcabanas/dev/credici/papers/causal_flavour/models/simple_learner_4Q10k.uai
[2024-05-17T10:39:29.116700][INFO][seed159] Loaded model and info: /mnt/beegfs/rcabanas/dev/credici/papers/causal_flavour/models/simple_learner_4Q10k.uai
[2024-05-17T10:39:29.092569][INFO][seed193] Set up logging
[2024-05-17T10:39:29.120097][INFO][seed193] args: -m;500;-o;/mnt/beegfs/rcabanas/dev/credici/papers/causal_flavour/learntmodels/miter500;--data;/mnt/beegfs/rcabanas/dev/credici/papers/causal_flavour/data/simple_learner_4Q10k_data.csv;-rw;-s;193;/mnt/beegfs/rcabanas/dev/credici/papers/causal_flavour/models/simple_learner_4Q10k.uai
[2024-05-17T10:39:29.122159][INFO][seed193] Starting logger with seed 193
[2024-05-17T10:39:29.124920][INFO][seed169] Loaded model and info: /mnt/beegfs/rcabanas/dev/credici/papers/causal_flavour/models/simple_learner_4Q10k.uai
[2024-05-17T10:39:29.129229][INFO][seed190] Loaded model and info: /mnt/beegfs/rcabanas/dev/credici/papers/causal_flavour/models/simple_learner_4Q10k.uai
[2024-05-17T10:39:29.130075][INFO][seed177] args: -m;500;-o;/mnt/beegfs/rcabanas/dev/credici/papers/causal_flavour/learntmodels/miter500;--data;/mnt/beegfs/rcabanas/dev/credici/papers/causal_flavour/data/simple_learner_4Q10k_data.csv;-rw;-s;177;/mnt/beegfs/rcabanas/dev/credici/papers/causal_flavour/models/simple_learner_4Q10k.uai
[2024-05-17T10:39:29.133096][INFO][seed167] Loaded model and info: /mnt/beegfs/rcabanas/dev/credici/papers/causal_flavour/models/simple_learner_4Q10k.uai
[2024-05-17T10:39:29.132119][INFO][seed177] Starting logger with seed 177
[2024-05-17T10:39:29.157836][INFO][seed179] Loaded model and info: /mnt/beegfs/rcabanas/dev/credici/papers/causal_flavour/models/simple_learner_4Q10k.uai
[2024-05-17T10:39:29.127081][INFO][seed180] Set up logging
[2024-05-17T10:39:29.164163][INFO][seed180] args: -m;500;-o;/mnt/beegfs/rcabanas/dev/credici/papers/causal_flavour/learntmodels/miter500;--data;/mnt/beegfs/rcabanas/dev/credici/papers/causal_flavour/data/simple_learner_4Q10k_data.csv;-rw;-s;180;/mnt/beegfs/rcabanas/dev/credici/papers/causal_flavour/models/simple_learner_4Q10k.uai
[2024-05-17T10:39:29.150813][INFO][seed192] Set up logging
[2024-05-17T10:39:29.170477][INFO][seed180] Starting logger with seed 180
[2024-05-17T10:39:29.173594][INFO][seed192] args: -m;500;-o;/mnt/beegfs/rcabanas/dev/credici/papers/causal_flavour/learntmodels/miter500;--data;/mnt/beegfs/rcabanas/dev/credici/papers/causal_flavour/data/simple_learner_4Q10k_data.csv;-rw;-s;192;/mnt/beegfs/rcabanas/dev/credici/papers/causal_flavour/models/simple_learner_4Q10k.uai
[2024-05-17T10:39:29.173928][INFO][seed178] Loaded model and info: /mnt/beegfs/rcabanas/dev/credici/papers/causal_flavour/models/simple_learner_4Q10k.uai
[2024-05-17T10:39:29.174893][INFO][seed164] Loaded model and info: /mnt/beegfs/rcabanas/dev/credici/papers/causal_flavour/models/simple_learner_4Q10k.uai
[2024-05-17T10:39:29.178679][INFO][seed192] Starting logger with seed 192
[2024-05-17T10:39:29.184833][INFO][seed165] Loaded model and info: /mnt/beegfs/rcabanas/dev/credici/papers/causal_flavour/models/simple_learner_4Q10k.uai
[2024-05-17T10:39:29.189278][INFO][seed184] Loaded model and info: /mnt/beegfs/rcabanas/dev/credici/papers/causal_flavour/models/simple_learner_4Q10k.uai
[2024-05-17T10:39:29.197979][INFO][seed152] Loaded model and info: /mnt/beegfs/rcabanas/dev/credici/papers/causal_flavour/models/simple_learner_4Q10k.uai
[2024-05-17T10:39:29.182894][INFO][seed175] Set up logging
[2024-05-17T10:39:29.206717][INFO][seed175] args: -m;500;-o;/mnt/beegfs/rcabanas/dev/credici/papers/causal_flavour/learntmodels/miter500;--data;/mnt/beegfs/rcabanas/dev/credici/papers/causal_flavour/data/simple_learner_4Q10k_data.csv;-rw;-s;175;/mnt/beegfs/rcabanas/dev/credici/papers/causal_flavour/models/simple_learner_4Q10k.uai
[2024-05-17T10:39:29.216242][INFO][seed175] Starting logger with seed 175
[2024-05-17T10:39:29.222366][INFO][seed162] Set up logging
[2024-05-17T10:39:29.249200][INFO][seed162] args: -m;500;-o;/mnt/beegfs/rcabanas/dev/credici/papers/causal_flavour/learntmodels/miter500;--data;/mnt/beegfs/rcabanas/dev/credici/papers/causal_flavour/data/simple_learner_4Q10k_data.csv;-rw;-s;162;/mnt/beegfs/rcabanas/dev/credici/papers/causal_flavour/models/simple_learner_4Q10k.uai
[2024-05-17T10:39:29.255719][INFO][seed162] Starting logger with seed 162
[2024-05-17T10:39:29.228919][INFO][seed196] Set up logging
[2024-05-17T10:39:29.262241][INFO][seed196] args: -m;500;-o;/mnt/beegfs/rcabanas/dev/credici/papers/causal_flavour/learntmodels/miter500;--data;/mnt/beegfs/rcabanas/dev/credici/papers/causal_flavour/data/simple_learner_4Q10k_data.csv;-rw;-s;196;/mnt/beegfs/rcabanas/dev/credici/papers/causal_flavour/models/simple_learner_4Q10k.uai
[2024-05-17T10:39:29.269097][INFO][seed196] Starting logger with seed 196
[2024-05-17T10:39:29.288028][INFO][seed199] Loaded 10000 data instances
[2024-05-17T10:39:29.288881][INFO][seed199] Starting learning up to 500 iterations
[2024-05-17T10:39:29.290922][INFO][seed166] Loaded model and info: /mnt/beegfs/rcabanas/dev/credici/papers/causal_flavour/models/simple_learner_4Q10k.uai
[2024-05-17T10:39:29.256336][INFO][seed191] Set up logging
[2024-05-17T10:39:29.286038][INFO][seed191] args: -m;500;-o;/mnt/beegfs/rcabanas/dev/credici/papers/causal_flavour/learntmodels/miter500;--data;/mnt/beegfs/rcabanas/dev/credici/papers/causal_flavour/data/simple_learner_4Q10k_data.csv;-rw;-s;191;/mnt/beegfs/rcabanas/dev/credici/papers/causal_flavour/models/simple_learner_4Q10k.uai
[2024-05-17T10:39:29.287851][INFO][seed191] Starting logger with seed 191
[2024-05-17T10:39:29.301303][INFO][seed173] Loaded 10000 data instances
[2024-05-17T10:39:29.301653][INFO][seed182] Loaded model and info: /mnt/beegfs/rcabanas/dev/credici/papers/causal_flavour/models/simple_learner_4Q10k.uai
[2024-05-17T10:39:29.302097][INFO][seed168] Loaded model and info: /mnt/beegfs/rcabanas/dev/credici/papers/causal_flavour/models/simple_learner_4Q10k.uai
[2024-05-17T10:39:29.302133][INFO][seed176] Loaded model and info: /mnt/beegfs/rcabanas/dev/credici/papers/causal_flavour/models/simple_learner_4Q10k.uai
[2024-05-17T10:39:29.311207][INFO][seed173] Starting learning up to 500 iterations
[2024-05-17T10:39:29.312339][INFO][seed151] Loaded 10000 data instances
[2024-05-17T10:39:29.313005][INFO][seed151] Starting learning up to 500 iterations
[2024-05-17T10:39:29.307777][INFO][seed189] Set up logging
[2024-05-17T10:39:29.326163][INFO][seed153] Loaded 10000 data instances
[2024-05-17T10:39:29.329059][INFO][seed189] args: -m;500;-o;/mnt/beegfs/rcabanas/dev/credici/papers/causal_flavour/learntmodels/miter500;--data;/mnt/beegfs/rcabanas/dev/credici/papers/causal_flavour/data/simple_learner_4Q10k_data.csv;-rw;-s;189;/mnt/beegfs/rcabanas/dev/credici/papers/causal_flavour/models/simple_learner_4Q10k.uai
[2024-05-17T10:39:29.305467][INFO][seed198] Set up logging
[2024-05-17T10:39:29.334743][INFO][seed198] args: -m;500;-o;/mnt/beegfs/rcabanas/dev/credici/papers/causal_flavour/learntmodels/miter500;--data;/mnt/beegfs/rcabanas/dev/credici/papers/causal_flavour/data/simple_learner_4Q10k_data.csv;-rw;-s;198;/mnt/beegfs/rcabanas/dev/credici/papers/causal_flavour/models/simple_learner_4Q10k.uai
[2024-05-17T10:39:29.336895][INFO][seed189] Starting logger with seed 189
[2024-05-17T10:39:29.337301][INFO][seed198] Starting logger with seed 198
[2024-05-17T10:39:29.306843][INFO][seed181] Set up logging
[2024-05-17T10:39:29.338710][INFO][seed163] Loaded 10000 data instances
[2024-05-17T10:39:29.308220][INFO][seed160] Set up logging
[2024-05-17T10:39:29.339970][INFO][seed181] args: -m;500;-o;/mnt/beegfs/rcabanas/dev/credici/papers/causal_flavour/learntmodels/miter500;--data;/mnt/beegfs/rcabanas/dev/credici/papers/causal_flavour/data/simple_learner_4Q10k_data.csv;-rw;-s;181;/mnt/beegfs/rcabanas/dev/credici/papers/causal_flavour/models/simple_learner_4Q10k.uai
[2024-05-17T10:39:29.340722][INFO][seed160] args: -m;500;-o;/mnt/beegfs/rcabanas/dev/credici/papers/causal_flavour/learntmodels/miter500;--data;/mnt/beegfs/rcabanas/dev/credici/papers/causal_flavour/data/simple_learner_4Q10k_data.csv;-rw;-s;160;/mnt/beegfs/rcabanas/dev/credici/papers/causal_flavour/models/simple_learner_4Q10k.uai
[2024-05-17T10:39:29.341363][INFO][seed163] Starting learning up to 500 iterations
[2024-05-17T10:39:29.341598][INFO][seed181] Starting logger with seed 181
[2024-05-17T10:39:29.342367][INFO][seed160] Starting logger with seed 160
[2024-05-17T10:39:29.348158][INFO][seed153] Starting learning up to 500 iterations
[2024-05-17T10:39:29.339512][INFO][seed195] Set up logging
[2024-05-17T10:39:29.353042][INFO][seed157] Loaded 10000 data instances
[2024-05-17T10:39:29.327552][INFO][seed183] Set up logging
[2024-05-17T10:39:29.353792][INFO][seed157] Starting learning up to 500 iterations
[2024-05-17T10:39:29.353914][INFO][seed154] Loaded 10000 data instances
[2024-05-17T10:39:29.354762][INFO][seed154] Starting learning up to 500 iterations
[2024-05-17T10:39:29.355099][INFO][seed183] args: -m;500;-o;/mnt/beegfs/rcabanas/dev/credici/papers/causal_flavour/learntmodels/miter500;--data;/mnt/beegfs/rcabanas/dev/credici/papers/causal_flavour/data/simple_learner_4Q10k_data.csv;-rw;-s;183;/mnt/beegfs/rcabanas/dev/credici/papers/causal_flavour/models/simple_learner_4Q10k.uai
[2024-05-17T10:39:29.334763][INFO][seed161] Set up logging
[2024-05-17T10:39:29.361232][INFO][seed161] args: -m;500;-o;/mnt/beegfs/rcabanas/dev/credici/papers/causal_flavour/learntmodels/miter500;--data;/mnt/beegfs/rcabanas/dev/credici/papers/causal_flavour/data/simple_learner_4Q10k_data.csv;-rw;-s;161;/mnt/beegfs/rcabanas/dev/credici/papers/causal_flavour/models/simple_learner_4Q10k.uai
[2024-05-17T10:39:29.329629][INFO][seed187] Set up logging
[2024-05-17T10:39:29.363056][INFO][seed187] args: -m;500;-o;/mnt/beegfs/rcabanas/dev/credici/papers/causal_flavour/learntmodels/miter500;--data;/mnt/beegfs/rcabanas/dev/credici/papers/causal_flavour/data/simple_learner_4Q10k_data.csv;-rw;-s;187;/mnt/beegfs/rcabanas/dev/credici/papers/causal_flavour/models/simple_learner_4Q10k.uai
[2024-05-17T10:39:29.356017][INFO][seed195] args: -m;500;-o;/mnt/beegfs/rcabanas/dev/credici/papers/causal_flavour/learntmodels/miter500;--data;/mnt/beegfs/rcabanas/dev/credici/papers/causal_flavour/data/simple_learner_4Q10k_data.csv;-rw;-s;195;/mnt/beegfs/rcabanas/dev/credici/papers/causal_flavour/models/simple_learner_4Q10k.uai
[2024-05-17T10:39:29.369411][INFO][seed161] Starting logger with seed 161
[2024-05-17T10:39:29.369475][INFO][seed200] Loaded model and info: /mnt/beegfs/rcabanas/dev/credici/papers/causal_flavour/models/simple_learner_4Q10k.uai
[2024-05-17T10:39:29.370668][INFO][seed155] Loaded 10000 data instances
[2024-05-17T10:39:29.371438][INFO][seed155] Starting learning up to 500 iterations
[2024-05-17T10:39:29.369384][INFO][seed187] Starting logger with seed 187
[2024-05-17T10:39:29.369478][INFO][seed183] Starting logger with seed 183
[2024-05-17T10:39:29.374048][INFO][seed193] Loaded model and info: /mnt/beegfs/rcabanas/dev/credici/papers/causal_flavour/models/simple_learner_4Q10k.uai
[2024-05-17T10:39:29.371977][INFO][seed195] Starting logger with seed 195
[2024-05-17T10:39:29.345285][INFO][seed150] Set up logging
[2024-05-17T10:39:29.378750][INFO][seed150] args: -m;500;-o;/mnt/beegfs/rcabanas/dev/credici/papers/causal_flavour/learntmodels/miter500;--data;/mnt/beegfs/rcabanas/dev/credici/papers/causal_flavour/data/simple_learner_4Q10k_data.csv;-rw;-s;150;/mnt/beegfs/rcabanas/dev/credici/papers/causal_flavour/models/simple_learner_4Q10k.uai
[2024-05-17T10:39:29.349299][INFO][seed188] Set up logging
[2024-05-17T10:39:29.380660][INFO][seed150] Starting logger with seed 150
[2024-05-17T10:39:29.383387][INFO][seed188] args: -m;500;-o;/mnt/beegfs/rcabanas/dev/credici/papers/causal_flavour/learntmodels/miter500;--data;/mnt/beegfs/rcabanas/dev/credici/papers/causal_flavour/data/simple_learner_4Q10k_data.csv;-rw;-s;188;/mnt/beegfs/rcabanas/dev/credici/papers/causal_flavour/models/simple_learner_4Q10k.uai
[2024-05-17T10:39:29.363729][INFO][seed186] Set up logging
[2024-05-17T10:39:29.389147][INFO][seed188] Starting logger with seed 188
[2024-05-17T10:39:29.389632][INFO][seed186] args: -m;500;-o;/mnt/beegfs/rcabanas/dev/credici/papers/causal_flavour/learntmodels/miter500;--data;/mnt/beegfs/rcabanas/dev/credici/papers/causal_flavour/data/simple_learner_4Q10k_data.csv;-rw;-s;186;/mnt/beegfs/rcabanas/dev/credici/papers/causal_flavour/models/simple_learner_4Q10k.uai
[2024-05-17T10:39:29.395813][INFO][seed186] Starting logger with seed 186
[2024-05-17T10:39:29.396238][INFO][seed177] Loaded model and info: /mnt/beegfs/rcabanas/dev/credici/papers/causal_flavour/models/simple_learner_4Q10k.uai
[2024-05-17T10:39:29.402737][INFO][seed180] Loaded model and info: /mnt/beegfs/rcabanas/dev/credici/papers/causal_flavour/models/simple_learner_4Q10k.uai
[2024-05-17T10:39:29.418062][INFO][seed170] Loaded model and info: /mnt/beegfs/rcabanas/dev/credici/papers/causal_flavour/models/simple_learner_4Q10k.uai
[2024-05-17T10:39:29.391825][INFO][seed171] Set up logging
[2024-05-17T10:39:29.424401][INFO][seed171] args: -m;500;-o;/mnt/beegfs/rcabanas/dev/credici/papers/causal_flavour/learntmodels/miter500;--data;/mnt/beegfs/rcabanas/dev/credici/papers/causal_flavour/data/simple_learner_4Q10k_data.csv;-rw;-s;171;/mnt/beegfs/rcabanas/dev/credici/papers/causal_flavour/models/simple_learner_4Q10k.uai
[2024-05-17T10:39:29.430442][INFO][seed171] Starting logger with seed 171
[2024-05-17T10:39:29.433913][INFO][seed192] Loaded model and info: /mnt/beegfs/rcabanas/dev/credici/papers/causal_flavour/models/simple_learner_4Q10k.uai
[2024-05-17T10:39:29.416267][INFO][seed197] Set up logging
[2024-05-17T10:39:29.419266][INFO][seed185] Set up logging
[2024-05-17T10:39:29.443651][INFO][seed197] args: -m;500;-o;/mnt/beegfs/rcabanas/dev/credici/papers/causal_flavour/learntmodels/miter500;--data;/mnt/beegfs/rcabanas/dev/credici/papers/causal_flavour/data/simple_learner_4Q10k_data.csv;-rw;-s;197;/mnt/beegfs/rcabanas/dev/credici/papers/causal_flavour/models/simple_learner_4Q10k.uai
[2024-05-17T10:39:29.443857][INFO][seed185] args: -m;500;-o;/mnt/beegfs/rcabanas/dev/credici/papers/causal_flavour/learntmodels/miter500;--data;/mnt/beegfs/rcabanas/dev/credici/papers/causal_flavour/data/simple_learner_4Q10k_data.csv;-rw;-s;185;/mnt/beegfs/rcabanas/dev/credici/papers/causal_flavour/models/simple_learner_4Q10k.uai
[2024-05-17T10:39:29.446757][INFO][seed197] Starting logger with seed 197
[2024-05-17T10:39:29.447580][INFO][seed175] Loaded model and info: /mnt/beegfs/rcabanas/dev/credici/papers/causal_flavour/models/simple_learner_4Q10k.uai
[2024-05-17T10:39:29.423062][INFO][seed172] Set up logging
[2024-05-17T10:39:29.454958][INFO][seed172] args: -m;500;-o;/mnt/beegfs/rcabanas/dev/credici/papers/causal_flavour/learntmodels/miter500;--data;/mnt/beegfs/rcabanas/dev/credici/papers/causal_flavour/data/simple_learner_4Q10k_data.csv;-rw;-s;172;/mnt/beegfs/rcabanas/dev/credici/papers/causal_flavour/models/simple_learner_4Q10k.uai
[2024-05-17T10:39:29.457123][INFO][seed172] Starting logger with seed 172
[2024-05-17T10:39:29.456163][INFO][seed185] Starting logger with seed 185
[2024-05-17T10:39:29.462471][INFO][seed174] Set up logging
[2024-05-17T10:39:29.479909][INFO][seed174] args: -m;500;-o;/mnt/beegfs/rcabanas/dev/credici/papers/causal_flavour/learntmodels/miter500;--data;/mnt/beegfs/rcabanas/dev/credici/papers/causal_flavour/data/simple_learner_4Q10k_data.csv;-rw;-s;174;/mnt/beegfs/rcabanas/dev/credici/papers/causal_flavour/models/simple_learner_4Q10k.uai
[2024-05-17T10:39:29.494697][INFO][seed174] Starting logger with seed 174
[2024-05-17T10:39:29.523860][INFO][seed162] Loaded model and info: /mnt/beegfs/rcabanas/dev/credici/papers/causal_flavour/models/simple_learner_4Q10k.uai
[2024-05-17T10:39:29.527559][INFO][seed196] Loaded model and info: /mnt/beegfs/rcabanas/dev/credici/papers/causal_flavour/models/simple_learner_4Q10k.uai
[2024-05-17T10:39:29.538574][INFO][seed156] Loaded 10000 data instances
[2024-05-17T10:39:29.543949][INFO][seed167] Loaded 10000 data instances
[2024-05-17T10:39:29.549176][INFO][seed191] Loaded model and info: /mnt/beegfs/rcabanas/dev/credici/papers/causal_flavour/models/simple_learner_4Q10k.uai
[2024-05-17T10:39:29.549682][INFO][seed159] Loaded 10000 data instances
[2024-05-17T10:39:29.550419][INFO][seed159] Starting learning up to 500 iterations
[2024-05-17T10:39:29.550974][INFO][seed158] Loaded 10000 data instances
[2024-05-17T10:39:29.551368][INFO][seed156] Starting learning up to 500 iterations
[2024-05-17T10:39:29.551856][INFO][seed158] Starting learning up to 500 iterations
[2024-05-17T10:39:29.551694][INFO][seed167] Starting learning up to 500 iterations
[2024-05-17T10:39:29.571321][INFO][seed189] Loaded model and info: /mnt/beegfs/rcabanas/dev/credici/papers/causal_flavour/models/simple_learner_4Q10k.uai
[2024-05-17T10:39:29.565545][INFO][seed169] Loaded 10000 data instances
[2024-05-17T10:39:29.578302][INFO][seed198] Loaded model and info: /mnt/beegfs/rcabanas/dev/credici/papers/causal_flavour/models/simple_learner_4Q10k.uai
[2024-05-17T10:39:29.584274][INFO][seed181] Loaded model and info: /mnt/beegfs/rcabanas/dev/credici/papers/causal_flavour/models/simple_learner_4Q10k.uai
[2024-05-17T10:39:29.586103][INFO][seed178] Loaded 10000 data instances
[2024-05-17T10:39:29.575671][INFO][seed169] Starting learning up to 500 iterations
[2024-05-17T10:39:29.590076][INFO][seed179] Loaded 10000 data instances
[2024-05-17T10:39:29.592722][INFO][seed178] Starting learning up to 500 iterations
[2024-05-17T10:39:29.593372][INFO][seed160] Loaded model and info: /mnt/beegfs/rcabanas/dev/credici/papers/causal_flavour/models/simple_learner_4Q10k.uai
[2024-05-17T10:39:29.594835][INFO][seed179] Starting learning up to 500 iterations
[2024-05-17T10:39:29.596200][INFO][seed183] Loaded model and info: /mnt/beegfs/rcabanas/dev/credici/papers/causal_flavour/models/simple_learner_4Q10k.uai
[2024-05-17T10:39:29.596255][INFO][seed195] Loaded model and info: /mnt/beegfs/rcabanas/dev/credici/papers/causal_flavour/models/simple_learner_4Q10k.uai
[2024-05-17T10:39:29.600142][INFO][seed164] Loaded 10000 data instances
[2024-05-17T10:39:29.606370][INFO][seed164] Starting learning up to 500 iterations
[2024-05-17T10:39:29.608279][INFO][seed187] Loaded model and info: /mnt/beegfs/rcabanas/dev/credici/papers/causal_flavour/models/simple_learner_4Q10k.uai
[2024-05-17T10:39:29.613733][INFO][seed161] Loaded model and info: /mnt/beegfs/rcabanas/dev/credici/papers/causal_flavour/models/simple_learner_4Q10k.uai
[2024-05-17T10:39:29.614964][INFO][seed184] Loaded 10000 data instances
[2024-05-17T10:39:29.615764][INFO][seed184] Starting learning up to 500 iterations
[2024-05-17T10:39:29.617808][INFO][seed188] Loaded model and info: /mnt/beegfs/rcabanas/dev/credici/papers/causal_flavour/models/simple_learner_4Q10k.uai
[2024-05-17T10:39:29.618222][INFO][seed150] Loaded model and info: /mnt/beegfs/rcabanas/dev/credici/papers/causal_flavour/models/simple_learner_4Q10k.uai
[2024-05-17T10:39:29.629817][INFO][seed190] Loaded 10000 data instances
[2024-05-17T10:39:29.631409][INFO][seed190] Starting learning up to 500 iterations
[2024-05-17T10:39:29.636971][INFO][seed186] Loaded model and info: /mnt/beegfs/rcabanas/dev/credici/papers/causal_flavour/models/simple_learner_4Q10k.uai
[2024-05-17T10:39:29.657457][INFO][seed197] Loaded model and info: /mnt/beegfs/rcabanas/dev/credici/papers/causal_flavour/models/simple_learner_4Q10k.uai
[2024-05-17T10:39:29.665267][INFO][seed176] Loaded 10000 data instances
[2024-05-17T10:39:29.665952][INFO][seed165] Loaded 10000 data instances
[2024-05-17T10:39:29.666601][INFO][seed182] Loaded 10000 data instances
[2024-05-17T10:39:29.666844][INFO][seed165] Starting learning up to 500 iterations
[2024-05-17T10:39:29.670196][INFO][seed171] Loaded model and info: /mnt/beegfs/rcabanas/dev/credici/papers/causal_flavour/models/simple_learner_4Q10k.uai
[2024-05-17T10:39:29.670377][INFO][seed168] Loaded 10000 data instances
[2024-05-17T10:39:29.675074][INFO][seed168] Starting learning up to 500 iterations
[2024-05-17T10:39:29.675270][INFO][seed176] Starting learning up to 500 iterations
[2024-05-17T10:39:29.676649][INFO][seed172] Loaded model and info: /mnt/beegfs/rcabanas/dev/credici/papers/causal_flavour/models/simple_learner_4Q10k.uai
[2024-05-17T10:39:29.678079][INFO][seed182] Starting learning up to 500 iterations
[2024-05-17T10:39:29.689304][INFO][seed185] Loaded model and info: /mnt/beegfs/rcabanas/dev/credici/papers/causal_flavour/models/simple_learner_4Q10k.uai
[2024-05-17T10:39:29.696199][INFO][seed152] Loaded 10000 data instances
[2024-05-17T10:39:29.700620][INFO][seed152] Starting learning up to 500 iterations
[2024-05-17T10:39:29.708774][INFO][seed166] Loaded 10000 data instances
[2024-05-17T10:39:29.715149][INFO][seed166] Starting learning up to 500 iterations
[2024-05-17T10:39:29.741880][INFO][seed174] Loaded model and info: /mnt/beegfs/rcabanas/dev/credici/papers/causal_flavour/models/simple_learner_4Q10k.uai
[2024-05-17T10:39:29.761243][INFO][seed200] Loaded 10000 data instances
[2024-05-17T10:39:29.764453][INFO][seed177] Loaded 10000 data instances
[2024-05-17T10:39:29.765103][INFO][seed177] Starting learning up to 500 iterations
[2024-05-17T10:39:29.768714][INFO][seed200] Starting learning up to 500 iterations
[2024-05-17T10:39:29.770398][INFO][seed193] Loaded 10000 data instances
[2024-05-17T10:39:29.771298][INFO][seed193] Starting learning up to 500 iterations
[2024-05-17T10:39:29.800485][INFO][seed180] Loaded 10000 data instances
[2024-05-17T10:39:29.801199][INFO][seed180] Starting learning up to 500 iterations
[2024-05-17T10:39:29.836297][INFO][seed192] Loaded 10000 data instances
[2024-05-17T10:39:29.836962][INFO][seed192] Starting learning up to 500 iterations
[2024-05-17T10:39:29.840228][INFO][seed170] Loaded 10000 data instances
[2024-05-17T10:39:29.841987][INFO][seed170] Starting learning up to 500 iterations
[2024-05-17T10:39:29.885883][INFO][seed175] Loaded 10000 data instances
[2024-05-17T10:39:29.893996][INFO][seed175] Starting learning up to 500 iterations
[2024-05-17T10:39:29.939448][INFO][seed162] Loaded 10000 data instances
[2024-05-17T10:39:29.940270][INFO][seed162] Starting learning up to 500 iterations
[2024-05-17T10:39:29.961950][INFO][seed198] Loaded 10000 data instances
[2024-05-17T10:39:29.970227][INFO][seed198] Starting learning up to 500 iterations
[2024-05-17T10:39:29.971363][INFO][seed191] Loaded 10000 data instances
[2024-05-17T10:39:29.978620][INFO][seed183] Loaded 10000 data instances
[2024-05-17T10:39:29.981635][INFO][seed191] Starting learning up to 500 iterations
[2024-05-17T10:39:29.989985][INFO][seed187] Loaded 10000 data instances
[2024-05-17T10:39:29.990636][INFO][seed187] Starting learning up to 500 iterations
[2024-05-17T10:39:29.992089][INFO][seed183] Starting learning up to 500 iterations
[2024-05-17T10:39:29.999323][INFO][seed150] Loaded 10000 data instances
[2024-05-17T10:39:30.004435][INFO][seed189] Loaded 10000 data instances
[2024-05-17T10:39:30.005732][INFO][seed195] Loaded 10000 data instances
[2024-05-17T10:39:30.010285][INFO][seed150] Starting learning up to 500 iterations
[2024-05-17T10:39:30.014984][INFO][seed189] Starting learning up to 500 iterations
[2024-05-17T10:39:30.015033][INFO][seed188] Loaded 10000 data instances
[2024-05-17T10:39:30.015151][INFO][seed195] Starting learning up to 500 iterations
[2024-05-17T10:39:30.015761][INFO][seed188] Starting learning up to 500 iterations
[2024-05-17T10:39:30.031528][INFO][seed185] Loaded 10000 data instances
[2024-05-17T10:39:30.038341][INFO][seed185] Starting learning up to 500 iterations
[2024-05-17T10:39:30.039988][INFO][seed181] Loaded 10000 data instances
[2024-05-17T10:39:30.045899][INFO][seed171] Loaded 10000 data instances
[2024-05-17T10:39:30.046552][INFO][seed171] Starting learning up to 500 iterations
[2024-05-17T10:39:30.048457][INFO][seed181] Starting learning up to 500 iterations
[2024-05-17T10:39:30.053224][INFO][seed197] Loaded 10000 data instances
[2024-05-17T10:39:30.053955][INFO][seed197] Starting learning up to 500 iterations
[2024-05-17T10:39:30.056588][INFO][seed172] Loaded 10000 data instances
[2024-05-17T10:39:30.057203][INFO][seed172] Starting learning up to 500 iterations
[2024-05-17T10:39:30.102972][INFO][seed174] Loaded 10000 data instances
[2024-05-17T10:39:30.103603][INFO][seed174] Starting learning up to 500 iterations
[2024-05-17T10:39:30.109618][INFO][seed196] Loaded 10000 data instances
[2024-05-17T10:39:30.111355][INFO][seed160] Loaded 10000 data instances
[2024-05-17T10:39:30.112573][INFO][seed160] Starting learning up to 500 iterations
[2024-05-17T10:39:30.115222][INFO][seed196] Starting learning up to 500 iterations
[2024-05-17T10:39:30.115568][INFO][seed186] Loaded 10000 data instances
[2024-05-17T10:39:30.116632][INFO][seed186] Starting learning up to 500 iterations
[2024-05-17T10:39:30.150106][INFO][seed161] Loaded 10000 data instances
[2024-05-17T10:39:30.151546][INFO][seed161] Starting learning up to 500 iterations
[2024-05-17T10:51:56.940536][INFO][seed198] Ellapsed time: 746956.ms
[2024-05-17T10:51:56.998022][INFO][seed198] Saved model at /mnt/beegfs/rcabanas/dev/credici/papers/causal_flavour/learntmodels/miter500/simple_learner_4Q10k/model_198.uai
[2024-05-17T10:51:56.998346][INFO][seed198] Closing log file
[2024-05-17T10:51:56.998464][INFO][seed198] Closed log file
['learn.py', '500', '194']
seed=194
/mnt/beegfs/rcabanas/dev/credici
/mnt/beegfs/rcabanas/dev/credici/papers/causal_flavour
/mnt/beegfs/rcabanas/dev/credici/papers/causal_flavour/learntmodels
/mnt/beegfs/rcabanas/dev/credici/papers/causal_flavour/models
/mnt/beegfs/rcabanas/dev/credici/target/credici-0.1.5-dev-SNAPSHOT-jar-with-dependencies.jar
/mnt/beegfs/rcabanas/dev/credici/papers/causal_flavour/code/LearnCF.java
[2024-05-17T10:51:59.671604][INFO][seed194] Set up logging
[2024-05-17T10:51:59.697786][INFO][seed194] args: -m;500;-o;/mnt/beegfs/rcabanas/dev/credici/papers/causal_flavour/learntmodels/miter500;--data;/mnt/beegfs/rcabanas/dev/credici/papers/causal_flavour/data/simple_learner_4Q10k_data.csv;-rw;-s;194;/mnt/beegfs/rcabanas/dev/credici/papers/causal_flavour/models/simple_learner_4Q10k.uai
[2024-05-17T10:51:59.699736][INFO][seed194] Starting logger with seed 194
[2024-05-17T10:51:59.972248][INFO][seed194] Loaded model and info: /mnt/beegfs/rcabanas/dev/credici/papers/causal_flavour/models/simple_learner_4Q10k.uai
[2024-05-17T10:52:00.358722][INFO][seed194] Loaded 10000 data instances
[2024-05-17T10:52:00.360772][INFO][seed194] Starting learning up to 500 iterations
[2024-05-17T10:52:42.741969][INFO][seed189] Ellapsed time: 792694.ms
[2024-05-17T10:52:42.787403][INFO][seed189] Saved model at /mnt/beegfs/rcabanas/dev/credici/papers/causal_flavour/learntmodels/miter500/simple_learner_4Q10k/model_189.uai
[2024-05-17T10:52:42.787712][INFO][seed189] Closing log file
[2024-05-17T10:52:42.787839][INFO][seed189] Closed log file
[2024-05-17T10:53:16.701755][INFO][seed197] Ellapsed time: 826619.ms
[2024-05-17T10:53:16.737862][INFO][seed197] Saved model at /mnt/beegfs/rcabanas/dev/credici/papers/causal_flavour/learntmodels/miter500/simple_learner_4Q10k/model_197.uai
[2024-05-17T10:53:16.738185][INFO][seed197] Closing log file
[2024-05-17T10:53:16.738317][INFO][seed197] Closed log file
[2024-05-17T10:53:20.726115][INFO][seed174] Ellapsed time: 830605.ms
[2024-05-17T10:53:20.789411][INFO][seed174] Saved model at /mnt/beegfs/rcabanas/dev/credici/papers/causal_flavour/learntmodels/miter500/simple_learner_4Q10k/model_174.uai
[2024-05-17T10:53:20.789758][INFO][seed174] Closing log file
[2024-05-17T10:53:20.789880][INFO][seed174] Closed log file
[2024-05-17T10:53:21.962250][INFO][seed150] Ellapsed time: 831937.ms
[2024-05-17T10:53:21.993740][INFO][seed150] Saved model at /mnt/beegfs/rcabanas/dev/credici/papers/causal_flavour/learntmodels/miter500/simple_learner_4Q10k/model_150.uai
[2024-05-17T10:53:21.993996][INFO][seed150] Closing log file
[2024-05-17T10:53:21.994123][INFO][seed150] Closed log file
[2024-05-17T10:53:24.152613][INFO][seed188] Ellapsed time: 834103.ms
[2024-05-17T10:53:24.183745][INFO][seed188] Saved model at /mnt/beegfs/rcabanas/dev/credici/papers/causal_flavour/learntmodels/miter500/simple_learner_4Q10k/model_188.uai
[2024-05-17T10:53:24.184003][INFO][seed188] Closing log file
[2024-05-17T10:53:24.184125][INFO][seed188] Closed log file
[2024-05-17T10:53:26.442382][INFO][seed187] Ellapsed time: 836433.ms
[2024-05-17T10:53:26.486134][INFO][seed187] Saved model at /mnt/beegfs/rcabanas/dev/credici/papers/causal_flavour/learntmodels/miter500/simple_learner_4Q10k/model_187.uai
[2024-05-17T10:53:26.486366][INFO][seed187] Closing log file
[2024-05-17T10:53:26.486487][INFO][seed187] Closed log file
[2024-05-17T10:53:26.531119][INFO][seed185] Ellapsed time: 836468.ms
[2024-05-17T10:53:26.583123][INFO][seed185] Saved model at /mnt/beegfs/rcabanas/dev/credici/papers/causal_flavour/learntmodels/miter500/simple_learner_4Q10k/model_185.uai
[2024-05-17T10:53:26.583350][INFO][seed185] Closing log file
[2024-05-17T10:53:26.583473][INFO][seed185] Closed log file
[2024-05-17T10:53:29.650059][INFO][seed172] Ellapsed time: 839573.ms
[2024-05-17T10:53:29.696178][INFO][seed172] Saved model at /mnt/beegfs/rcabanas/dev/credici/papers/causal_flavour/learntmodels/miter500/simple_learner_4Q10k/model_172.uai
[2024-05-17T10:53:29.696397][INFO][seed172] Closing log file
[2024-05-17T10:53:29.696537][INFO][seed172] Closed log file
[2024-05-17T10:53:35.282141][INFO][seed171] Ellapsed time: 845219.ms
[2024-05-17T10:53:35.341116][INFO][seed171] Saved model at /mnt/beegfs/rcabanas/dev/credici/papers/causal_flavour/learntmodels/miter500/simple_learner_4Q10k/model_171.uai
[2024-05-17T10:53:35.341337][INFO][seed171] Closing log file
[2024-05-17T10:53:35.341459][INFO][seed171] Closed log file
[2024-05-17T10:53:54.594202][INFO][seed162] Ellapsed time: 864631.ms
[2024-05-17T10:53:54.645587][INFO][seed162] Saved model at /mnt/beegfs/rcabanas/dev/credici/papers/causal_flavour/learntmodels/miter500/simple_learner_4Q10k/model_162.uai
[2024-05-17T10:53:54.645922][INFO][seed162] Closing log file
[2024-05-17T10:53:54.646039][INFO][seed162] Closed log file
[2024-05-17T10:53:58.341461][INFO][seed192] Ellapsed time: 868482.ms
[2024-05-17T10:53:58.389045][INFO][seed192] Saved model at /mnt/beegfs/rcabanas/dev/credici/papers/causal_flavour/learntmodels/miter500/simple_learner_4Q10k/model_192.uai
[2024-05-17T10:53:58.389305][INFO][seed192] Closing log file
[2024-05-17T10:53:58.389428][INFO][seed192] Closed log file
[2024-05-17T10:54:03.512610][INFO][seed177] Ellapsed time: 873735.ms
[2024-05-17T10:54:03.565536][INFO][seed177] Saved model at /mnt/beegfs/rcabanas/dev/credici/papers/causal_flavour/learntmodels/miter500/simple_learner_4Q10k/model_177.uai
[2024-05-17T10:54:03.565790][INFO][seed177] Closing log file
[2024-05-17T10:54:03.565914][INFO][seed177] Closed log file
[2024-05-17T10:54:05.727857][INFO][seed180] Ellapsed time: 875895.ms
[2024-05-17T10:54:05.759709][INFO][seed180] Saved model at /mnt/beegfs/rcabanas/dev/credici/papers/causal_flavour/learntmodels/miter500/simple_learner_4Q10k/model_180.uai
[2024-05-17T10:54:05.759931][INFO][seed180] Closing log file
[2024-05-17T10:54:05.760045][INFO][seed180] Closed log file
[2024-05-17T10:54:07.716400][INFO][seed191] Ellapsed time: 877703.ms
[2024-05-17T10:54:07.745798][INFO][seed191] Saved model at /mnt/beegfs/rcabanas/dev/credici/papers/causal_flavour/learntmodels/miter500/simple_learner_4Q10k/model_191.uai
[2024-05-17T10:54:07.745987][INFO][seed191] Closing log file
[2024-05-17T10:54:07.746102][INFO][seed191] Closed log file
[2024-05-17T10:54:21.617086][INFO][seed195] Ellapsed time: 891585.ms
[2024-05-17T10:54:21.647597][INFO][seed195] Saved model at /mnt/beegfs/rcabanas/dev/credici/papers/causal_flavour/learntmodels/miter500/simple_learner_4Q10k/model_195.uai
[2024-05-17T10:54:21.647816][INFO][seed195] Closing log file
[2024-05-17T10:54:21.647932][INFO][seed195] Closed log file
[2024-05-17T10:54:27.440013][INFO][seed183] Ellapsed time: 897436.ms
[2024-05-17T10:54:27.472478][INFO][seed183] Saved model at /mnt/beegfs/rcabanas/dev/credici/papers/causal_flavour/learntmodels/miter500/simple_learner_4Q10k/model_183.uai
[2024-05-17T10:54:27.472703][INFO][seed183] Closing log file
[2024-05-17T10:54:27.472817][INFO][seed183] Closed log file
[2024-05-17T10:54:29.419137][INFO][seed181] Ellapsed time: 899358.ms
[2024-05-17T10:54:29.469891][INFO][seed181] Saved model at /mnt/beegfs/rcabanas/dev/credici/papers/causal_flavour/learntmodels/miter500/simple_learner_4Q10k/model_181.uai
[2024-05-17T10:54:29.470107][INFO][seed181] Closing log file
[2024-05-17T10:54:29.470220][INFO][seed181] Closed log file
[2024-05-17T10:58:50.733603][INFO][seed169] Ellapsed time: 1161140.ms
[2024-05-17T10:58:50.791387][INFO][seed169] Saved model at /mnt/beegfs/rcabanas/dev/credici/papers/causal_flavour/learntmodels/miter500/simple_learner_4Q10k/model_169.uai
[2024-05-17T10:58:50.791802][INFO][seed169] Closing log file
[2024-05-17T10:58:50.791932][INFO][seed169] Closed log file
[2024-05-17T10:58:56.573533][INFO][seed152] Ellapsed time: 1166853.ms
[2024-05-17T10:58:56.634039][INFO][seed152] Saved model at /mnt/beegfs/rcabanas/dev/credici/papers/causal_flavour/learntmodels/miter500/simple_learner_4Q10k/model_152.uai
[2024-05-17T10:58:56.634554][INFO][seed152] Closing log file
[2024-05-17T10:58:56.634680][INFO][seed152] Closed log file
[2024-05-17T10:58:58.432655][INFO][seed158] Ellapsed time: 1168855.ms
[2024-05-17T10:58:58.496709][INFO][seed158] Saved model at /mnt/beegfs/rcabanas/dev/credici/papers/causal_flavour/learntmodels/miter500/simple_learner_4Q10k/model_158.uai
[2024-05-17T10:58:58.497098][INFO][seed158] Closing log file
[2024-05-17T10:58:58.497230][INFO][seed158] Closed log file
[2024-05-17T10:58:59.905273][INFO][seed159] Ellapsed time: 1170323.ms
[2024-05-17T10:58:59.937447][INFO][seed159] Saved model at /mnt/beegfs/rcabanas/dev/credici/papers/causal_flavour/learntmodels/miter500/simple_learner_4Q10k/model_159.uai
[2024-05-17T10:58:59.937727][INFO][seed159] Closing log file
[2024-05-17T10:58:59.937851][INFO][seed159] Closed log file
[2024-05-17T10:59:00.466326][INFO][seed190] Ellapsed time: 1170791.ms
[2024-05-17T10:59:00.510992][INFO][seed190] Saved model at /mnt/beegfs/rcabanas/dev/credici/papers/causal_flavour/learntmodels/miter500/simple_learner_4Q10k/model_190.uai
[2024-05-17T10:59:00.511287][INFO][seed190] Closing log file
[2024-05-17T10:59:00.511422][INFO][seed190] Closed log file
[2024-05-17T10:59:05.600014][INFO][seed163] Ellapsed time: 1176202.ms
[2024-05-17T10:59:05.639826][INFO][seed163] Saved model at /mnt/beegfs/rcabanas/dev/credici/papers/causal_flavour/learntmodels/miter500/simple_learner_4Q10k/model_163.uai
[2024-05-17T10:59:05.640150][INFO][seed163] Closing log file
[2024-05-17T10:59:05.640299][INFO][seed163] Closed log file
[2024-05-17T10:59:08.314185][INFO][seed167] Ellapsed time: 1178739.ms
[2024-05-17T10:59:08.345959][INFO][seed167] Saved model at /mnt/beegfs/rcabanas/dev/credici/papers/causal_flavour/learntmodels/miter500/simple_learner_4Q10k/model_167.uai
[2024-05-17T10:59:08.346149][INFO][seed167] Closing log file
[2024-05-17T10:59:08.346269][INFO][seed167] Closed log file
[2024-05-17T10:59:12.228936][INFO][seed165] Ellapsed time: 1182549.ms
[2024-05-17T10:59:12.288596][INFO][seed165] Saved model at /mnt/beegfs/rcabanas/dev/credici/papers/causal_flavour/learntmodels/miter500/simple_learner_4Q10k/model_165.uai
[2024-05-17T10:59:12.288832][INFO][seed165] Closing log file
[2024-05-17T10:59:12.289268][INFO][seed165] Closed log file
[2024-05-17T11:01:20.126604][INFO][seed196] Ellapsed time: 1309984.ms
[2024-05-17T11:01:20.190083][INFO][seed196] Saved model at /mnt/beegfs/rcabanas/dev/credici/papers/causal_flavour/learntmodels/miter500/simple_learner_4Q10k/model_196.uai
[2024-05-17T11:01:20.190624][INFO][seed196] Closing log file
[2024-05-17T11:01:20.190764][INFO][seed196] Closed log file
[2024-05-17T11:01:22.295198][INFO][seed186] Ellapsed time: 1312159.ms
[2024-05-17T11:01:22.355175][INFO][seed186] Saved model at /mnt/beegfs/rcabanas/dev/credici/papers/causal_flavour/learntmodels/miter500/simple_learner_4Q10k/model_186.uai
[2024-05-17T11:01:22.355618][INFO][seed186] Closing log file
[2024-05-17T11:01:22.355749][INFO][seed186] Closed log file
[2024-05-17T11:01:25.684886][INFO][seed200] Ellapsed time: 1315882.ms
[2024-05-17T11:01:25.715857][INFO][seed200] Saved model at /mnt/beegfs/rcabanas/dev/credici/papers/causal_flavour/learntmodels/miter500/simple_learner_4Q10k/model_200.uai
[2024-05-17T11:01:25.716110][INFO][seed200] Closing log file
[2024-05-17T11:01:25.716242][INFO][seed200] Closed log file
[2024-05-17T11:01:41.102817][INFO][seed154] Ellapsed time: 1331720.ms
[2024-05-17T11:01:41.166654][INFO][seed154] Saved model at /mnt/beegfs/rcabanas/dev/credici/papers/causal_flavour/learntmodels/miter500/simple_learner_4Q10k/model_154.uai
[2024-05-17T11:01:41.167069][INFO][seed154] Closing log file
[2024-05-17T11:01:41.167205][INFO][seed154] Closed log file
[2024-05-17T11:01:41.344033][INFO][seed161] Ellapsed time: 1331176.ms
[2024-05-17T11:01:41.420548][INFO][seed161] Saved model at /mnt/beegfs/rcabanas/dev/credici/papers/causal_flavour/learntmodels/miter500/simple_learner_4Q10k/model_161.uai
[2024-05-17T11:01:41.420941][INFO][seed161] Closing log file
[2024-05-17T11:01:41.421072][INFO][seed161] Closed log file
[2024-05-17T11:01:41.471680][INFO][seed178] Ellapsed time: 1331831.ms
[2024-05-17T11:01:41.514832][INFO][seed178] Saved model at /mnt/beegfs/rcabanas/dev/credici/papers/causal_flavour/learntmodels/miter500/simple_learner_4Q10k/model_178.uai
[2024-05-17T11:01:41.515163][INFO][seed178] Closing log file
[2024-05-17T11:01:41.515290][INFO][seed178] Closed log file
[2024-05-17T11:01:41.719848][INFO][seed179] Ellapsed time: 1332094.ms
[2024-05-17T11:01:41.752360][INFO][seed179] Saved model at /mnt/beegfs/rcabanas/dev/credici/papers/causal_flavour/learntmodels/miter500/simple_learner_4Q10k/model_179.uai
[2024-05-17T11:01:41.752664][INFO][seed179] Closing log file
[2024-05-17T11:01:41.752784][INFO][seed179] Closed log file
[2024-05-17T11:01:42.115422][INFO][seed160] Ellapsed time: 1331988.ms
[2024-05-17T11:01:42.168451][INFO][seed160] Saved model at /mnt/beegfs/rcabanas/dev/credici/papers/causal_flavour/learntmodels/miter500/simple_learner_4Q10k/model_160.uai
[2024-05-17T11:01:42.168723][INFO][seed160] Closing log file
[2024-05-17T11:01:42.168840][INFO][seed160] Closed log file
[2024-05-17T11:01:44.132625][INFO][seed168] Ellapsed time: 1334415.ms
[2024-05-17T11:01:44.168532][INFO][seed168] Saved model at /mnt/beegfs/rcabanas/dev/credici/papers/causal_flavour/learntmodels/miter500/simple_learner_4Q10k/model_168.uai
[2024-05-17T11:01:44.168747][INFO][seed168] Closing log file
[2024-05-17T11:01:44.168873][INFO][seed168] Closed log file
[2024-05-17T11:01:46.794744][INFO][seed173] Ellapsed time: 1337469.ms
[2024-05-17T11:01:46.849526][INFO][seed173] Saved model at /mnt/beegfs/rcabanas/dev/credici/papers/causal_flavour/learntmodels/miter500/simple_learner_4Q10k/model_173.uai
[2024-05-17T11:01:46.849799][INFO][seed173] Closing log file
[2024-05-17T11:01:46.849918][INFO][seed173] Closed log file
[2024-05-17T11:01:47.681895][INFO][seed182] Ellapsed time: 1337982.ms
[2024-05-17T11:01:47.736134][INFO][seed182] Saved model at /mnt/beegfs/rcabanas/dev/credici/papers/causal_flavour/learntmodels/miter500/simple_learner_4Q10k/model_182.uai
[2024-05-17T11:01:47.736352][INFO][seed182] Closing log file
[2024-05-17T11:01:47.736476][INFO][seed182] Closed log file
[2024-05-17T11:01:48.309644][INFO][seed153] Ellapsed time: 1338950.ms
[2024-05-17T11:01:48.356432][INFO][seed153] Saved model at /mnt/beegfs/rcabanas/dev/credici/papers/causal_flavour/learntmodels/miter500/simple_learner_4Q10k/model_153.uai
[2024-05-17T11:01:48.356732][INFO][seed153] Closing log file
[2024-05-17T11:01:48.356853][INFO][seed153] Closed log file
[2024-05-17T11:01:51.992204][INFO][seed151] Ellapsed time: 1342663.ms
[2024-05-17T11:01:52.056066][INFO][seed151] Saved model at /mnt/beegfs/rcabanas/dev/credici/papers/causal_flavour/learntmodels/miter500/simple_learner_4Q10k/model_151.uai
[2024-05-17T11:01:52.056307][INFO][seed151] Closing log file
[2024-05-17T11:01:52.056432][INFO][seed151] Closed log file
[2024-05-17T11:01:54.489056][INFO][seed155] Ellapsed time: 1345088.ms
[2024-05-17T11:01:54.536730][INFO][seed155] Saved model at /mnt/beegfs/rcabanas/dev/credici/papers/causal_flavour/learntmodels/miter500/simple_learner_4Q10k/model_155.uai
[2024-05-17T11:01:54.536961][INFO][seed155] Closing log file
[2024-05-17T11:01:54.537079][INFO][seed155] Closed log file
[2024-05-17T11:02:02.379797][INFO][seed199] Ellapsed time: 1353054.ms
[2024-05-17T11:02:02.414342][INFO][seed199] Saved model at /mnt/beegfs/rcabanas/dev/credici/papers/causal_flavour/learntmodels/miter500/simple_learner_4Q10k/model_199.uai
[2024-05-17T11:02:02.414584][INFO][seed199] Closing log file
[2024-05-17T11:02:02.414703][INFO][seed199] Closed log file
[2024-05-17T11:02:08.530190][INFO][seed157] Ellapsed time: 1359149.ms
[2024-05-17T11:02:08.595909][INFO][seed157] Saved model at /mnt/beegfs/rcabanas/dev/credici/papers/causal_flavour/learntmodels/miter500/simple_learner_4Q10k/model_157.uai
[2024-05-17T11:02:08.596146][INFO][seed157] Closing log file
[2024-05-17T11:02:08.596264][INFO][seed157] Closed log file
[2024-05-17T11:02:59.603696][INFO][seed170] Ellapsed time: 1409738.ms
[2024-05-17T11:02:59.634064][INFO][seed170] Saved model at /mnt/beegfs/rcabanas/dev/credici/papers/causal_flavour/learntmodels/miter500/simple_learner_4Q10k/model_170.uai
[2024-05-17T11:02:59.634342][INFO][seed170] Closing log file
[2024-05-17T11:02:59.634479][INFO][seed170] Closed log file
[2024-05-17T11:03:04.697270][INFO][seed193] Ellapsed time: 1414906.ms
[2024-05-17T11:03:04.744056][INFO][seed193] Saved model at /mnt/beegfs/rcabanas/dev/credici/papers/causal_flavour/learntmodels/miter500/simple_learner_4Q10k/model_193.uai
[2024-05-17T11:03:04.744309][INFO][seed193] Closing log file
[2024-05-17T11:03:04.744426][INFO][seed193] Closed log file
[2024-05-17T11:03:17.352884][INFO][seed166] Ellapsed time: 1427613.ms
[2024-05-17T11:03:17.414451][INFO][seed166] Saved model at /mnt/beegfs/rcabanas/dev/credici/papers/causal_flavour/learntmodels/miter500/simple_learner_4Q10k/model_166.uai
[2024-05-17T11:03:17.414723][INFO][seed166] Closing log file
[2024-05-17T11:03:17.414845][INFO][seed166] Closed log file
[2024-05-17T11:03:20.075939][INFO][seed175] Ellapsed time: 1430164.ms
[2024-05-17T11:03:20.140438][INFO][seed175] Saved model at /mnt/beegfs/rcabanas/dev/credici/papers/causal_flavour/learntmodels/miter500/simple_learner_4Q10k/model_175.uai
[2024-05-17T11:03:20.140721][INFO][seed175] Closing log file
[2024-05-17T11:03:20.140839][INFO][seed175] Closed log file
[2024-05-17T11:03:28.884402][INFO][seed184] Ellapsed time: 1439249.ms
[2024-05-17T11:03:28.927196][INFO][seed184] Saved model at /mnt/beegfs/rcabanas/dev/credici/papers/causal_flavour/learntmodels/miter500/simple_learner_4Q10k/model_184.uai
[2024-05-17T11:03:28.927446][INFO][seed184] Closing log file
[2024-05-17T11:03:28.927596][INFO][seed184] Closed log file
[2024-05-17T11:03:29.804874][INFO][seed164] Ellapsed time: 1440179.ms
[2024-05-17T11:03:29.875388][INFO][seed164] Saved model at /mnt/beegfs/rcabanas/dev/credici/papers/causal_flavour/learntmodels/miter500/simple_learner_4Q10k/model_164.uai
[2024-05-17T11:03:29.875662][INFO][seed164] Closing log file
[2024-05-17T11:03:29.875781][INFO][seed164] Closed log file
[2024-05-17T11:03:31.173471][INFO][seed156] Ellapsed time: 1441590.ms
[2024-05-17T11:03:31.201941][INFO][seed156] Saved model at /mnt/beegfs/rcabanas/dev/credici/papers/causal_flavour/learntmodels/miter500/simple_learner_4Q10k/model_156.uai
[2024-05-17T11:03:31.202163][INFO][seed156] Closing log file
[2024-05-17T11:03:31.202285][INFO][seed156] Closed log file
[2024-05-17T11:03:37.824789][INFO][seed176] Ellapsed time: 1448134.ms
[2024-05-17T11:03:37.851765][INFO][seed176] Saved model at /mnt/beegfs/rcabanas/dev/credici/papers/causal_flavour/learntmodels/miter500/simple_learner_4Q10k/model_176.uai
[2024-05-17T11:03:37.851964][INFO][seed176] Closing log file
[2024-05-17T11:03:37.852080][INFO][seed176] Closed log file
[2024-05-17T11:04:35.422979][INFO][seed194] Ellapsed time: 755028.ms
[2024-05-17T11:04:35.475059][INFO][seed194] Saved model at /mnt/beegfs/rcabanas/dev/credici/papers/causal_flavour/learntmodels/miter500/simple_learner_4Q10k/model_194.uai
[2024-05-17T11:04:35.475288][INFO][seed194] Closing log file
[2024-05-17T11:04:35.475405][INFO][seed194] Closed log file
