50
1000
['learn.py', '1000', '70']
seed=70
/mnt/beegfs/rcabanas/dev/credici
/mnt/beegfs/rcabanas/dev/credici/papers/causal_flavour
/mnt/beegfs/rcabanas/dev/credici/papers/causal_flavour/learntmodels
/mnt/beegfs/rcabanas/dev/credici/papers/causal_flavour/models
/mnt/beegfs/rcabanas/dev/credici/target/credici-0.1.5-dev-SNAPSHOT-jar-with-dependencies.jar
/mnt/beegfs/rcabanas/dev/credici/papers/causal_flavour/code/LearnCF.java
['learn.py', '1000', '61']
['learn.py', '1000', '56']
seed=61
seed=56
/mnt/beegfs/rcabanas/dev/credici
/mnt/beegfs/rcabanas/dev/credici
/mnt/beegfs/rcabanas/dev/credici/papers/causal_flavour
/mnt/beegfs/rcabanas/dev/credici/papers/causal_flavour
/mnt/beegfs/rcabanas/dev/credici/papers/causal_flavour/learntmodels
/mnt/beegfs/rcabanas/dev/credici/papers/causal_flavour/learntmodels
/mnt/beegfs/rcabanas/dev/credici/papers/causal_flavour/models
/mnt/beegfs/rcabanas/dev/credici/papers/causal_flavour/models
/mnt/beegfs/rcabanas/dev/credici/target/credici-0.1.5-dev-SNAPSHOT-jar-with-dependencies.jar
/mnt/beegfs/rcabanas/dev/credici/papers/causal_flavour/code/LearnCF.java
/mnt/beegfs/rcabanas/dev/credici/target/credici-0.1.5-dev-SNAPSHOT-jar-with-dependencies.jar
/mnt/beegfs/rcabanas/dev/credici/papers/causal_flavour/code/LearnCF.java
['learn.py', '1000', '55']
['learn.py', '1000', '52']
seed=52
seed=55
/mnt/beegfs/rcabanas/dev/credici
['learn.py', '1000', '77']
/mnt/beegfs/rcabanas/dev/credici
/mnt/beegfs/rcabanas/dev/credici/papers/causal_flavour
/mnt/beegfs/rcabanas/dev/credici/papers/causal_flavour
/mnt/beegfs/rcabanas/dev/credici/papers/causal_flavour/learntmodels
/mnt/beegfs/rcabanas/dev/credici/papers/causal_flavour/learntmodels
/mnt/beegfs/rcabanas/dev/credici/papers/causal_flavour/models
/mnt/beegfs/rcabanas/dev/credici/papers/causal_flavour/models
/mnt/beegfs/rcabanas/dev/credici/target/credici-0.1.5-dev-SNAPSHOT-jar-with-dependencies.jar
/mnt/beegfs/rcabanas/dev/credici/papers/causal_flavour/code/LearnCF.java
/mnt/beegfs/rcabanas/dev/credici/target/credici-0.1.5-dev-SNAPSHOT-jar-with-dependencies.jar
/mnt/beegfs/rcabanas/dev/credici/papers/causal_flavour/code/LearnCF.java
seed=77
/mnt/beegfs/rcabanas/dev/credici
/mnt/beegfs/rcabanas/dev/credici/papers/causal_flavour
/mnt/beegfs/rcabanas/dev/credici/papers/causal_flavour/learntmodels
/mnt/beegfs/rcabanas/dev/credici/papers/causal_flavour/models
/mnt/beegfs/rcabanas/dev/credici/target/credici-0.1.5-dev-SNAPSHOT-jar-with-dependencies.jar
/mnt/beegfs/rcabanas/dev/credici/papers/causal_flavour/code/LearnCF.java
['learn.py', '1000', '58']
['learn.py', '1000', '92']
seed=58
seed=92
/mnt/beegfs/rcabanas/dev/credici
/mnt/beegfs/rcabanas/dev/credici
/mnt/beegfs/rcabanas/dev/credici/papers/causal_flavour
/mnt/beegfs/rcabanas/dev/credici/papers/causal_flavour
/mnt/beegfs/rcabanas/dev/credici/papers/causal_flavour/learntmodels
/mnt/beegfs/rcabanas/dev/credici/papers/causal_flavour/learntmodels
/mnt/beegfs/rcabanas/dev/credici/papers/causal_flavour/models
/mnt/beegfs/rcabanas/dev/credici/papers/causal_flavour/models
/mnt/beegfs/rcabanas/dev/credici/target/credici-0.1.5-dev-SNAPSHOT-jar-with-dependencies.jar
/mnt/beegfs/rcabanas/dev/credici/target/credici-0.1.5-dev-SNAPSHOT-jar-with-dependencies.jar
/mnt/beegfs/rcabanas/dev/credici/papers/causal_flavour/code/LearnCF.java
/mnt/beegfs/rcabanas/dev/credici/papers/causal_flavour/code/LearnCF.java
['learn.py', '1000', '65']
['learn.py', '1000', '95']
seed=95
seed=65
/mnt/beegfs/rcabanas/dev/credici
/mnt/beegfs/rcabanas/dev/credici
/mnt/beegfs/rcabanas/dev/credici/papers/causal_flavour
/mnt/beegfs/rcabanas/dev/credici/papers/causal_flavour
/mnt/beegfs/rcabanas/dev/credici/papers/causal_flavour/learntmodels
/mnt/beegfs/rcabanas/dev/credici/papers/causal_flavour/learntmodels
['learn.py', '1000', '63']
/mnt/beegfs/rcabanas/dev/credici/papers/causal_flavour/models
/mnt/beegfs/rcabanas/dev/credici/papers/causal_flavour/models
/mnt/beegfs/rcabanas/dev/credici/target/credici-0.1.5-dev-SNAPSHOT-jar-with-dependencies.jar
/mnt/beegfs/rcabanas/dev/credici/target/credici-0.1.5-dev-SNAPSHOT-jar-with-dependencies.jar
/mnt/beegfs/rcabanas/dev/credici/papers/causal_flavour/code/LearnCF.java
/mnt/beegfs/rcabanas/dev/credici/papers/causal_flavour/code/LearnCF.java
['learn.py', '1000', '72']
seed=63
/mnt/beegfs/rcabanas/dev/credici
/mnt/beegfs/rcabanas/dev/credici/papers/causal_flavour
/mnt/beegfs/rcabanas/dev/credici/papers/causal_flavour/learntmodels
/mnt/beegfs/rcabanas/dev/credici/papers/causal_flavour/models
/mnt/beegfs/rcabanas/dev/credici/target/credici-0.1.5-dev-SNAPSHOT-jar-with-dependencies.jar
/mnt/beegfs/rcabanas/dev/credici/papers/causal_flavour/code/LearnCF.java
seed=72
/mnt/beegfs/rcabanas/dev/credici
/mnt/beegfs/rcabanas/dev/credici/papers/causal_flavour
/mnt/beegfs/rcabanas/dev/credici/papers/causal_flavour/learntmodels
/mnt/beegfs/rcabanas/dev/credici/papers/causal_flavour/models
/mnt/beegfs/rcabanas/dev/credici/target/credici-0.1.5-dev-SNAPSHOT-jar-with-dependencies.jar
/mnt/beegfs/rcabanas/dev/credici/papers/causal_flavour/code/LearnCF.java
['learn.py', '1000', '69']
['learn.py', '1000', '91']
['learn.py', '1000', '98']
['learn.py', '1000', '79']
seed=69
seed=98
seed=91
/mnt/beegfs/rcabanas/dev/credici
/mnt/beegfs/rcabanas/dev/credici
seed=79
/mnt/beegfs/rcabanas/dev/credici
/mnt/beegfs/rcabanas/dev/credici
/mnt/beegfs/rcabanas/dev/credici/papers/causal_flavour
/mnt/beegfs/rcabanas/dev/credici/papers/causal_flavour/learntmodels
/mnt/beegfs/rcabanas/dev/credici/papers/causal_flavour
/mnt/beegfs/rcabanas/dev/credici/papers/causal_flavour
/mnt/beegfs/rcabanas/dev/credici/papers/causal_flavour
/mnt/beegfs/rcabanas/dev/credici/papers/causal_flavour/models
/mnt/beegfs/rcabanas/dev/credici/papers/causal_flavour/learntmodels
/mnt/beegfs/rcabanas/dev/credici/papers/causal_flavour/learntmodels
/mnt/beegfs/rcabanas/dev/credici/papers/causal_flavour/learntmodels
/mnt/beegfs/rcabanas/dev/credici/target/credici-0.1.5-dev-SNAPSHOT-jar-with-dependencies.jar
/mnt/beegfs/rcabanas/dev/credici/papers/causal_flavour/models
/mnt/beegfs/rcabanas/dev/credici/papers/causal_flavour/models
/mnt/beegfs/rcabanas/dev/credici/papers/causal_flavour/models
/mnt/beegfs/rcabanas/dev/credici/papers/causal_flavour/code/LearnCF.java
/mnt/beegfs/rcabanas/dev/credici/target/credici-0.1.5-dev-SNAPSHOT-jar-with-dependencies.jar
/mnt/beegfs/rcabanas/dev/credici/target/credici-0.1.5-dev-SNAPSHOT-jar-with-dependencies.jar
/mnt/beegfs/rcabanas/dev/credici/papers/causal_flavour/code/LearnCF.java
/mnt/beegfs/rcabanas/dev/credici/target/credici-0.1.5-dev-SNAPSHOT-jar-with-dependencies.jar
/mnt/beegfs/rcabanas/dev/credici/papers/causal_flavour/code/LearnCF.java
/mnt/beegfs/rcabanas/dev/credici/papers/causal_flavour/code/LearnCF.java
['learn.py', '1000', '85']
['learn.py', '1000', '100']
['learn.py', '1000', '68']
['learn.py', '1000', '75']
['learn.py', '1000', '57']
['learn.py', '1000', '87']
['learn.py', '1000', '76']
seed=85
/mnt/beegfs/rcabanas/dev/credici
/mnt/beegfs/rcabanas/dev/credici/papers/causal_flavour
seed=100
/mnt/beegfs/rcabanas/dev/credici
/mnt/beegfs/rcabanas/dev/credici/papers/causal_flavour
/mnt/beegfs/rcabanas/dev/credici/papers/causal_flavour/learntmodels
/mnt/beegfs/rcabanas/dev/credici/papers/causal_flavour/models
/mnt/beegfs/rcabanas/dev/credici/papers/causal_flavour/learntmodels
/mnt/beegfs/rcabanas/dev/credici/target/credici-0.1.5-dev-SNAPSHOT-jar-with-dependencies.jar
/mnt/beegfs/rcabanas/dev/credici/papers/causal_flavour/models
/mnt/beegfs/rcabanas/dev/credici/target/credici-0.1.5-dev-SNAPSHOT-jar-with-dependencies.jar
/mnt/beegfs/rcabanas/dev/credici/papers/causal_flavour/code/LearnCF.java
/mnt/beegfs/rcabanas/dev/credici/papers/causal_flavour/code/LearnCF.java
['learn.py', '1000', '81']
seed=68
/mnt/beegfs/rcabanas/dev/credici
/mnt/beegfs/rcabanas/dev/credici/papers/causal_flavour
/mnt/beegfs/rcabanas/dev/credici/papers/causal_flavour/learntmodels
/mnt/beegfs/rcabanas/dev/credici/papers/causal_flavour/models
/mnt/beegfs/rcabanas/dev/credici/target/credici-0.1.5-dev-SNAPSHOT-jar-with-dependencies.jar
['learn.py', '1000', '60']
seed=75
['learn.py', '1000', '99']
/mnt/beegfs/rcabanas/dev/credici/papers/causal_flavour/code/LearnCF.java
/mnt/beegfs/rcabanas/dev/credici
/mnt/beegfs/rcabanas/dev/credici/papers/causal_flavour
/mnt/beegfs/rcabanas/dev/credici/papers/causal_flavour/learntmodels
/mnt/beegfs/rcabanas/dev/credici/papers/causal_flavour/models
/mnt/beegfs/rcabanas/dev/credici/target/credici-0.1.5-dev-SNAPSHOT-jar-with-dependencies.jar
/mnt/beegfs/rcabanas/dev/credici/papers/causal_flavour/code/LearnCF.java
seed=57
seed=87
seed=76
/mnt/beegfs/rcabanas/dev/credici
/mnt/beegfs/rcabanas/dev/credici
/mnt/beegfs/rcabanas/dev/credici/papers/causal_flavour
/mnt/beegfs/rcabanas/dev/credici/papers/causal_flavour/learntmodels
/mnt/beegfs/rcabanas/dev/credici/papers/causal_flavour/models
/mnt/beegfs/rcabanas/dev/credici/target/credici-0.1.5-dev-SNAPSHOT-jar-with-dependencies.jar
/mnt/beegfs/rcabanas/dev/credici/papers/causal_flavour/code/LearnCF.java
/mnt/beegfs/rcabanas/dev/credici
/mnt/beegfs/rcabanas/dev/credici/papers/causal_flavour
/mnt/beegfs/rcabanas/dev/credici/papers/causal_flavour/learntmodels
/mnt/beegfs/rcabanas/dev/credici/papers/causal_flavour/models
/mnt/beegfs/rcabanas/dev/credici/target/credici-0.1.5-dev-SNAPSHOT-jar-with-dependencies.jar
/mnt/beegfs/rcabanas/dev/credici/papers/causal_flavour
/mnt/beegfs/rcabanas/dev/credici/papers/causal_flavour/learntmodels
['learn.py', '1000', '94']
['learn.py', '1000', '89']
/mnt/beegfs/rcabanas/dev/credici/papers/causal_flavour/code/LearnCF.java
/mnt/beegfs/rcabanas/dev/credici/papers/causal_flavour/models
/mnt/beegfs/rcabanas/dev/credici/target/credici-0.1.5-dev-SNAPSHOT-jar-with-dependencies.jar
/mnt/beegfs/rcabanas/dev/credici/papers/causal_flavour/code/LearnCF.java
['learn.py', '1000', '93']
['learn.py', '1000', '80']
seed=81
/mnt/beegfs/rcabanas/dev/credici
/mnt/beegfs/rcabanas/dev/credici/papers/causal_flavour
/mnt/beegfs/rcabanas/dev/credici/papers/causal_flavour/learntmodels
/mnt/beegfs/rcabanas/dev/credici/papers/causal_flavour/models
seed=60
/mnt/beegfs/rcabanas/dev/credici
/mnt/beegfs/rcabanas/dev/credici/papers/causal_flavour
/mnt/beegfs/rcabanas/dev/credici/papers/causal_flavour/learntmodels
/mnt/beegfs/rcabanas/dev/credici/papers/causal_flavour/models
/mnt/beegfs/rcabanas/dev/credici/target/credici-0.1.5-dev-SNAPSHOT-jar-with-dependencies.jar
/mnt/beegfs/rcabanas/dev/credici/target/credici-0.1.5-dev-SNAPSHOT-jar-with-dependencies.jar
/mnt/beegfs/rcabanas/dev/credici/papers/causal_flavour/code/LearnCF.java
['learn.py', '1000', '90']
seed=99
/mnt/beegfs/rcabanas/dev/credici
/mnt/beegfs/rcabanas/dev/credici/papers/causal_flavour
/mnt/beegfs/rcabanas/dev/credici/papers/causal_flavour/learntmodels
/mnt/beegfs/rcabanas/dev/credici/papers/causal_flavour/models
/mnt/beegfs/rcabanas/dev/credici/target/credici-0.1.5-dev-SNAPSHOT-jar-with-dependencies.jar
/mnt/beegfs/rcabanas/dev/credici/papers/causal_flavour/code/LearnCF.java
/mnt/beegfs/rcabanas/dev/credici/papers/causal_flavour/code/LearnCF.java
['learn.py', '1000', '83']
['learn.py', '1000', '96']
seed=94
/mnt/beegfs/rcabanas/dev/credici
/mnt/beegfs/rcabanas/dev/credici/papers/causal_flavour
/mnt/beegfs/rcabanas/dev/credici/papers/causal_flavour/learntmodels
/mnt/beegfs/rcabanas/dev/credici/papers/causal_flavour/models
/mnt/beegfs/rcabanas/dev/credici/target/credici-0.1.5-dev-SNAPSHOT-jar-with-dependencies.jar
['learn.py', '1000', '51']
seed=89
/mnt/beegfs/rcabanas/dev/credici
['learn.py', '1000', '54']
/mnt/beegfs/rcabanas/dev/credici/papers/causal_flavour/code/LearnCF.java
['learn.py', '1000', '67']
/mnt/beegfs/rcabanas/dev/credici/papers/causal_flavour
/mnt/beegfs/rcabanas/dev/credici/papers/causal_flavour/learntmodels
/mnt/beegfs/rcabanas/dev/credici/papers/causal_flavour/models
/mnt/beegfs/rcabanas/dev/credici/target/credici-0.1.5-dev-SNAPSHOT-jar-with-dependencies.jar
/mnt/beegfs/rcabanas/dev/credici/papers/causal_flavour/code/LearnCF.java
seed=93
/mnt/beegfs/rcabanas/dev/credici
/mnt/beegfs/rcabanas/dev/credici/papers/causal_flavour
/mnt/beegfs/rcabanas/dev/credici/papers/causal_flavour/learntmodels
/mnt/beegfs/rcabanas/dev/credici/papers/causal_flavour/models
/mnt/beegfs/rcabanas/dev/credici/target/credici-0.1.5-dev-SNAPSHOT-jar-with-dependencies.jar
/mnt/beegfs/rcabanas/dev/credici/papers/causal_flavour/code/LearnCF.java
['learn.py', '1000', '59']
seed=80
/mnt/beegfs/rcabanas/dev/credici
/mnt/beegfs/rcabanas/dev/credici/papers/causal_flavour
/mnt/beegfs/rcabanas/dev/credici/papers/causal_flavour/learntmodels
/mnt/beegfs/rcabanas/dev/credici/papers/causal_flavour/models
/mnt/beegfs/rcabanas/dev/credici/target/credici-0.1.5-dev-SNAPSHOT-jar-with-dependencies.jar
/mnt/beegfs/rcabanas/dev/credici/papers/causal_flavour/code/LearnCF.java
['learn.py', '1000', '64']
['learn.py', '1000', '62']
['learn.py', '1000', '84']
['learn.py', '1000', '71']
seed=90
/mnt/beegfs/rcabanas/dev/credici
/mnt/beegfs/rcabanas/dev/credici/papers/causal_flavour
/mnt/beegfs/rcabanas/dev/credici/papers/causal_flavour/learntmodels
/mnt/beegfs/rcabanas/dev/credici/papers/causal_flavour/models
/mnt/beegfs/rcabanas/dev/credici/target/credici-0.1.5-dev-SNAPSHOT-jar-with-dependencies.jar
['learn.py', '1000', '53']
/mnt/beegfs/rcabanas/dev/credici/papers/causal_flavour/code/LearnCF.java
seed=83
/mnt/beegfs/rcabanas/dev/credici
/mnt/beegfs/rcabanas/dev/credici/papers/causal_flavour
/mnt/beegfs/rcabanas/dev/credici/papers/causal_flavour/learntmodels
/mnt/beegfs/rcabanas/dev/credici/papers/causal_flavour/models
seed=96
/mnt/beegfs/rcabanas/dev/credici/target/credici-0.1.5-dev-SNAPSHOT-jar-with-dependencies.jar
/mnt/beegfs/rcabanas/dev/credici/papers/causal_flavour/code/LearnCF.java
/mnt/beegfs/rcabanas/dev/credici
/mnt/beegfs/rcabanas/dev/credici/papers/causal_flavour
/mnt/beegfs/rcabanas/dev/credici/papers/causal_flavour/learntmodels
/mnt/beegfs/rcabanas/dev/credici/papers/causal_flavour/models
/mnt/beegfs/rcabanas/dev/credici/target/credici-0.1.5-dev-SNAPSHOT-jar-with-dependencies.jar
/mnt/beegfs/rcabanas/dev/credici/papers/causal_flavour/code/LearnCF.java
seed=51
/mnt/beegfs/rcabanas/dev/credici
seed=54
/mnt/beegfs/rcabanas/dev/credici
/mnt/beegfs/rcabanas/dev/credici/papers/causal_flavour
/mnt/beegfs/rcabanas/dev/credici/papers/causal_flavour
/mnt/beegfs/rcabanas/dev/credici/papers/causal_flavour/learntmodels
/mnt/beegfs/rcabanas/dev/credici/papers/causal_flavour/models
/mnt/beegfs/rcabanas/dev/credici/papers/causal_flavour/learntmodels
/mnt/beegfs/rcabanas/dev/credici/target/credici-0.1.5-dev-SNAPSHOT-jar-with-dependencies.jar
seed=67
/mnt/beegfs/rcabanas/dev/credici
/mnt/beegfs/rcabanas/dev/credici/papers/causal_flavour
/mnt/beegfs/rcabanas/dev/credici/papers/causal_flavour/learntmodels
/mnt/beegfs/rcabanas/dev/credici/papers/causal_flavour/models
/mnt/beegfs/rcabanas/dev/credici/target/credici-0.1.5-dev-SNAPSHOT-jar-with-dependencies.jar
/mnt/beegfs/rcabanas/dev/credici/papers/causal_flavour/code/LearnCF.java
/mnt/beegfs/rcabanas/dev/credici/papers/causal_flavour/models
/mnt/beegfs/rcabanas/dev/credici/papers/causal_flavour/code/LearnCF.java
/mnt/beegfs/rcabanas/dev/credici/target/credici-0.1.5-dev-SNAPSHOT-jar-with-dependencies.jar
/mnt/beegfs/rcabanas/dev/credici/papers/causal_flavour/code/LearnCF.java
seed=59
/mnt/beegfs/rcabanas/dev/credici
/mnt/beegfs/rcabanas/dev/credici/papers/causal_flavour
/mnt/beegfs/rcabanas/dev/credici/papers/causal_flavour/learntmodels
/mnt/beegfs/rcabanas/dev/credici/papers/causal_flavour/models
/mnt/beegfs/rcabanas/dev/credici/target/credici-0.1.5-dev-SNAPSHOT-jar-with-dependencies.jar
/mnt/beegfs/rcabanas/dev/credici/papers/causal_flavour/code/LearnCF.java
seed=64
/mnt/beegfs/rcabanas/dev/credici
/mnt/beegfs/rcabanas/dev/credici/papers/causal_flavour
/mnt/beegfs/rcabanas/dev/credici/papers/causal_flavour/learntmodels
/mnt/beegfs/rcabanas/dev/credici/papers/causal_flavour/models
/mnt/beegfs/rcabanas/dev/credici/target/credici-0.1.5-dev-SNAPSHOT-jar-with-dependencies.jar
/mnt/beegfs/rcabanas/dev/credici/papers/causal_flavour/code/LearnCF.java
seed=62
seed=84
/mnt/beegfs/rcabanas/dev/credici
/mnt/beegfs/rcabanas/dev/credici/papers/causal_flavour
/mnt/beegfs/rcabanas/dev/credici/papers/causal_flavour/learntmodels
/mnt/beegfs/rcabanas/dev/credici/papers/causal_flavour/models
/mnt/beegfs/rcabanas/dev/credici/target/credici-0.1.5-dev-SNAPSHOT-jar-with-dependencies.jar
/mnt/beegfs/rcabanas/dev/credici/papers/causal_flavour/code/LearnCF.java
['learn.py', '1000', '74']
seed=53
/mnt/beegfs/rcabanas/dev/credici
/mnt/beegfs/rcabanas/dev/credici/papers/causal_flavour
/mnt/beegfs/rcabanas/dev/credici/papers/causal_flavour/learntmodels
/mnt/beegfs/rcabanas/dev/credici/papers/causal_flavour/models
/mnt/beegfs/rcabanas/dev/credici/target/credici-0.1.5-dev-SNAPSHOT-jar-with-dependencies.jar
/mnt/beegfs/rcabanas/dev/credici/papers/causal_flavour/code/LearnCF.java
/mnt/beegfs/rcabanas/dev/credici
seed=71
/mnt/beegfs/rcabanas/dev/credici/papers/causal_flavour
/mnt/beegfs/rcabanas/dev/credici
/mnt/beegfs/rcabanas/dev/credici/papers/causal_flavour
/mnt/beegfs/rcabanas/dev/credici/papers/causal_flavour/learntmodels
/mnt/beegfs/rcabanas/dev/credici/papers/causal_flavour/models
/mnt/beegfs/rcabanas/dev/credici/target/credici-0.1.5-dev-SNAPSHOT-jar-with-dependencies.jar
/mnt/beegfs/rcabanas/dev/credici/papers/causal_flavour/code/LearnCF.java
/mnt/beegfs/rcabanas/dev/credici/papers/causal_flavour/learntmodels
['learn.py', '1000', '82']
/mnt/beegfs/rcabanas/dev/credici/papers/causal_flavour/models
/mnt/beegfs/rcabanas/dev/credici/target/credici-0.1.5-dev-SNAPSHOT-jar-with-dependencies.jar
/mnt/beegfs/rcabanas/dev/credici/papers/causal_flavour/code/LearnCF.java
['learn.py', '1000', '88']
seed=74
/mnt/beegfs/rcabanas/dev/credici
/mnt/beegfs/rcabanas/dev/credici/papers/causal_flavour
/mnt/beegfs/rcabanas/dev/credici/papers/causal_flavour/learntmodels
/mnt/beegfs/rcabanas/dev/credici/papers/causal_flavour/models
/mnt/beegfs/rcabanas/dev/credici/target/credici-0.1.5-dev-SNAPSHOT-jar-with-dependencies.jar
/mnt/beegfs/rcabanas/dev/credici/papers/causal_flavour/code/LearnCF.java
seed=82
/mnt/beegfs/rcabanas/dev/credici
/mnt/beegfs/rcabanas/dev/credici/papers/causal_flavour
/mnt/beegfs/rcabanas/dev/credici/papers/causal_flavour/learntmodels
/mnt/beegfs/rcabanas/dev/credici/papers/causal_flavour/models
/mnt/beegfs/rcabanas/dev/credici/target/credici-0.1.5-dev-SNAPSHOT-jar-with-dependencies.jar
/mnt/beegfs/rcabanas/dev/credici/papers/causal_flavour/code/LearnCF.java
seed=88
/mnt/beegfs/rcabanas/dev/credici
/mnt/beegfs/rcabanas/dev/credici/papers/causal_flavour
/mnt/beegfs/rcabanas/dev/credici/papers/causal_flavour/learntmodels
/mnt/beegfs/rcabanas/dev/credici/papers/causal_flavour/models
/mnt/beegfs/rcabanas/dev/credici/target/credici-0.1.5-dev-SNAPSHOT-jar-with-dependencies.jar
/mnt/beegfs/rcabanas/dev/credici/papers/causal_flavour/code/LearnCF.java
['learn.py', '1000', '50']
['learn.py', '1000', '86']
['learn.py', '1000', '66']
['learn.py', '1000', '73']
['learn.py', '1000', '97']
seed=50
/mnt/beegfs/rcabanas/dev/credici
/mnt/beegfs/rcabanas/dev/credici/papers/causal_flavour
/mnt/beegfs/rcabanas/dev/credici/papers/causal_flavour/learntmodels
/mnt/beegfs/rcabanas/dev/credici/papers/causal_flavour/models
seed=86
/mnt/beegfs/rcabanas/dev/credici
/mnt/beegfs/rcabanas/dev/credici/papers/causal_flavour
/mnt/beegfs/rcabanas/dev/credici/papers/causal_flavour/learntmodels
/mnt/beegfs/rcabanas/dev/credici/papers/causal_flavour/models
/mnt/beegfs/rcabanas/dev/credici/target/credici-0.1.5-dev-SNAPSHOT-jar-with-dependencies.jar
/mnt/beegfs/rcabanas/dev/credici/target/credici-0.1.5-dev-SNAPSHOT-jar-with-dependencies.jar
/mnt/beegfs/rcabanas/dev/credici/papers/causal_flavour/code/LearnCF.java
seed=66
/mnt/beegfs/rcabanas/dev/credici/papers/causal_flavour/code/LearnCF.java
seed=73
/mnt/beegfs/rcabanas/dev/credici
/mnt/beegfs/rcabanas/dev/credici
/mnt/beegfs/rcabanas/dev/credici/papers/causal_flavour
/mnt/beegfs/rcabanas/dev/credici/papers/causal_flavour
/mnt/beegfs/rcabanas/dev/credici/papers/causal_flavour/learntmodels
/mnt/beegfs/rcabanas/dev/credici/papers/causal_flavour/models
/mnt/beegfs/rcabanas/dev/credici/target/credici-0.1.5-dev-SNAPSHOT-jar-with-dependencies.jar
/mnt/beegfs/rcabanas/dev/credici/papers/causal_flavour/code/LearnCF.java
seed=97
/mnt/beegfs/rcabanas/dev/credici
/mnt/beegfs/rcabanas/dev/credici/papers/causal_flavour
/mnt/beegfs/rcabanas/dev/credici/papers/causal_flavour/learntmodels
/mnt/beegfs/rcabanas/dev/credici/papers/causal_flavour/models
/mnt/beegfs/rcabanas/dev/credici/target/credici-0.1.5-dev-SNAPSHOT-jar-with-dependencies.jar
/mnt/beegfs/rcabanas/dev/credici/papers/causal_flavour/code/LearnCF.java
/mnt/beegfs/rcabanas/dev/credici/papers/causal_flavour/learntmodels
/mnt/beegfs/rcabanas/dev/credici/papers/causal_flavour/models
/mnt/beegfs/rcabanas/dev/credici/target/credici-0.1.5-dev-SNAPSHOT-jar-with-dependencies.jar
/mnt/beegfs/rcabanas/dev/credici/papers/causal_flavour/code/LearnCF.java
[2024-05-17T09:29:52.862806][INFO][seed70] Set up logging
[2024-05-17T09:29:52.891322][INFO][seed70] args: -m;1000;-o;/mnt/beegfs/rcabanas/dev/credici/papers/causal_flavour/learntmodels/miter1000;--data;/mnt/beegfs/rcabanas/dev/credici/papers/causal_flavour/data/simple_learner_4Q_data.csv;-rw;-s;70;/mnt/beegfs/rcabanas/dev/credici/papers/causal_flavour/models/simple_learner_4Q.uai
[2024-05-17T09:29:52.896898][INFO][seed70] Starting logger with seed 70
[2024-05-17T09:29:53.093370][INFO][seed61] Set up logging
[2024-05-17T09:29:53.124199][INFO][seed61] args: -m;1000;-o;/mnt/beegfs/rcabanas/dev/credici/papers/causal_flavour/learntmodels/miter1000;--data;/mnt/beegfs/rcabanas/dev/credici/papers/causal_flavour/data/simple_learner_4Q_data.csv;-rw;-s;61;/mnt/beegfs/rcabanas/dev/credici/papers/causal_flavour/models/simple_learner_4Q.uai
[2024-05-17T09:29:53.117728][INFO][seed56] Set up logging
[2024-05-17T09:29:53.133692][INFO][seed61] Starting logger with seed 61
[2024-05-17T09:29:53.144985][INFO][seed56] args: -m;1000;-o;/mnt/beegfs/rcabanas/dev/credici/papers/causal_flavour/learntmodels/miter1000;--data;/mnt/beegfs/rcabanas/dev/credici/papers/causal_flavour/data/simple_learner_4Q_data.csv;-rw;-s;56;/mnt/beegfs/rcabanas/dev/credici/papers/causal_flavour/models/simple_learner_4Q.uai
[2024-05-17T09:29:53.151151][INFO][seed56] Starting logger with seed 56
[2024-05-17T09:29:53.180928][INFO][seed55] Set up logging
[2024-05-17T09:29:53.210188][INFO][seed55] args: -m;1000;-o;/mnt/beegfs/rcabanas/dev/credici/papers/causal_flavour/learntmodels/miter1000;--data;/mnt/beegfs/rcabanas/dev/credici/papers/causal_flavour/data/simple_learner_4Q_data.csv;-rw;-s;55;/mnt/beegfs/rcabanas/dev/credici/papers/causal_flavour/models/simple_learner_4Q.uai
[2024-05-17T09:29:53.183346][INFO][seed92] Set up logging
[2024-05-17T09:29:53.213944][INFO][seed55] Starting logger with seed 55
[2024-05-17T09:29:53.212944][INFO][seed92] args: -m;1000;-o;/mnt/beegfs/rcabanas/dev/credici/papers/causal_flavour/learntmodels/miter1000;--data;/mnt/beegfs/rcabanas/dev/credici/papers/causal_flavour/data/simple_learner_4Q_data.csv;-rw;-s;92;/mnt/beegfs/rcabanas/dev/credici/papers/causal_flavour/models/simple_learner_4Q.uai
[2024-05-17T09:29:53.216230][INFO][seed92] Starting logger with seed 92
[2024-05-17T09:29:53.292804][INFO][seed52] Set up logging
[2024-05-17T09:29:53.310822][INFO][seed70] Loaded model and info: /mnt/beegfs/rcabanas/dev/credici/papers/causal_flavour/models/simple_learner_4Q.uai
[2024-05-17T09:29:53.315178][INFO][seed52] args: -m;1000;-o;/mnt/beegfs/rcabanas/dev/credici/papers/causal_flavour/learntmodels/miter1000;--data;/mnt/beegfs/rcabanas/dev/credici/papers/causal_flavour/data/simple_learner_4Q_data.csv;-rw;-s;52;/mnt/beegfs/rcabanas/dev/credici/papers/causal_flavour/models/simple_learner_4Q.uai
[2024-05-17T09:29:53.319873][INFO][seed52] Starting logger with seed 52
[2024-05-17T09:29:53.309033][INFO][seed58] Set up logging
[2024-05-17T09:29:53.337148][INFO][seed58] args: -m;1000;-o;/mnt/beegfs/rcabanas/dev/credici/papers/causal_flavour/learntmodels/miter1000;--data;/mnt/beegfs/rcabanas/dev/credici/papers/causal_flavour/data/simple_learner_4Q_data.csv;-rw;-s;58;/mnt/beegfs/rcabanas/dev/credici/papers/causal_flavour/models/simple_learner_4Q.uai
[2024-05-17T09:29:53.347602][INFO][seed58] Starting logger with seed 58
[2024-05-17T09:29:53.343848][INFO][seed65] Set up logging
[2024-05-17T09:29:53.374282][INFO][seed65] args: -m;1000;-o;/mnt/beegfs/rcabanas/dev/credici/papers/causal_flavour/learntmodels/miter1000;--data;/mnt/beegfs/rcabanas/dev/credici/papers/causal_flavour/data/simple_learner_4Q_data.csv;-rw;-s;65;/mnt/beegfs/rcabanas/dev/credici/papers/causal_flavour/models/simple_learner_4Q.uai
[2024-05-17T09:29:53.375661][INFO][seed70] Loaded 100 data instances
[2024-05-17T09:29:53.376235][INFO][seed70] Starting learning up to 1000 iterations
[2024-05-17T09:29:53.365664][INFO][seed77] Set up logging
[2024-05-17T09:29:53.390846][INFO][seed77] args: -m;1000;-o;/mnt/beegfs/rcabanas/dev/credici/papers/causal_flavour/learntmodels/miter1000;--data;/mnt/beegfs/rcabanas/dev/credici/papers/causal_flavour/data/simple_learner_4Q_data.csv;-rw;-s;77;/mnt/beegfs/rcabanas/dev/credici/papers/causal_flavour/models/simple_learner_4Q.uai
[2024-05-17T09:29:53.393060][INFO][seed65] Starting logger with seed 65
[2024-05-17T09:29:53.396198][INFO][seed77] Starting logger with seed 77
[2024-05-17T09:29:53.442441][INFO][seed95] Set up logging
[2024-05-17T09:29:53.470056][INFO][seed95] args: -m;1000;-o;/mnt/beegfs/rcabanas/dev/credici/papers/causal_flavour/learntmodels/miter1000;--data;/mnt/beegfs/rcabanas/dev/credici/papers/causal_flavour/data/simple_learner_4Q_data.csv;-rw;-s;95;/mnt/beegfs/rcabanas/dev/credici/papers/causal_flavour/models/simple_learner_4Q.uai
[2024-05-17T09:29:53.476373][INFO][seed95] Starting logger with seed 95
[2024-05-17T09:29:53.510094][INFO][seed72] Set up logging
[2024-05-17T09:29:53.532393][INFO][seed72] args: -m;1000;-o;/mnt/beegfs/rcabanas/dev/credici/papers/causal_flavour/learntmodels/miter1000;--data;/mnt/beegfs/rcabanas/dev/credici/papers/causal_flavour/data/simple_learner_4Q_data.csv;-rw;-s;72;/mnt/beegfs/rcabanas/dev/credici/papers/causal_flavour/models/simple_learner_4Q.uai
[2024-05-17T09:29:53.539743][INFO][seed72] Starting logger with seed 72
[2024-05-17T09:29:53.523901][INFO][seed63] Set up logging
[2024-05-17T09:29:53.549421][INFO][seed63] args: -m;1000;-o;/mnt/beegfs/rcabanas/dev/credici/papers/causal_flavour/learntmodels/miter1000;--data;/mnt/beegfs/rcabanas/dev/credici/papers/causal_flavour/data/simple_learner_4Q_data.csv;-rw;-s;63;/mnt/beegfs/rcabanas/dev/credici/papers/causal_flavour/models/simple_learner_4Q.uai
[2024-05-17T09:29:53.556591][INFO][seed63] Starting logger with seed 63
[2024-05-17T09:29:53.635157][INFO][seed98] Set up logging
[2024-05-17T09:29:53.661070][INFO][seed98] args: -m;1000;-o;/mnt/beegfs/rcabanas/dev/credici/papers/causal_flavour/learntmodels/miter1000;--data;/mnt/beegfs/rcabanas/dev/credici/papers/causal_flavour/data/simple_learner_4Q_data.csv;-rw;-s;98;/mnt/beegfs/rcabanas/dev/credici/papers/causal_flavour/models/simple_learner_4Q.uai
[2024-05-17T09:29:53.669620][INFO][seed98] Starting logger with seed 98
[2024-05-17T09:29:53.646692][INFO][seed91] Set up logging
[2024-05-17T09:29:53.672480][INFO][seed91] args: -m;1000;-o;/mnt/beegfs/rcabanas/dev/credici/papers/causal_flavour/learntmodels/miter1000;--data;/mnt/beegfs/rcabanas/dev/credici/papers/causal_flavour/data/simple_learner_4Q_data.csv;-rw;-s;91;/mnt/beegfs/rcabanas/dev/credici/papers/causal_flavour/models/simple_learner_4Q.uai
[2024-05-17T09:29:53.684054][INFO][seed91] Starting logger with seed 91
[2024-05-17T09:29:53.697494][INFO][seed69] Set up logging
[2024-05-17T09:29:53.722883][INFO][seed69] args: -m;1000;-o;/mnt/beegfs/rcabanas/dev/credici/papers/causal_flavour/learntmodels/miter1000;--data;/mnt/beegfs/rcabanas/dev/credici/papers/causal_flavour/data/simple_learner_4Q_data.csv;-rw;-s;69;/mnt/beegfs/rcabanas/dev/credici/papers/causal_flavour/models/simple_learner_4Q.uai
[2024-05-17T09:29:53.727077][INFO][seed69] Starting logger with seed 69
[2024-05-17T09:29:53.739875][INFO][seed89] Set up logging
[2024-05-17T09:29:53.767195][INFO][seed89] args: -m;1000;-o;/mnt/beegfs/rcabanas/dev/credici/papers/causal_flavour/learntmodels/miter1000;--data;/mnt/beegfs/rcabanas/dev/credici/papers/causal_flavour/data/simple_learner_4Q_data.csv;-rw;-s;89;/mnt/beegfs/rcabanas/dev/credici/papers/causal_flavour/models/simple_learner_4Q.uai
[2024-05-17T09:29:53.770905][INFO][seed89] Starting logger with seed 89
[2024-05-17T09:29:53.748483][INFO][seed100] Set up logging
[2024-05-17T09:29:53.773483][INFO][seed100] args: -m;1000;-o;/mnt/beegfs/rcabanas/dev/credici/papers/causal_flavour/learntmodels/miter1000;--data;/mnt/beegfs/rcabanas/dev/credici/papers/causal_flavour/data/simple_learner_4Q_data.csv;-rw;-s;100;/mnt/beegfs/rcabanas/dev/credici/papers/causal_flavour/models/simple_learner_4Q.uai
[2024-05-17T09:29:53.778583][INFO][seed100] Starting logger with seed 100
[2024-05-17T09:29:53.780077][INFO][seed79] Set up logging
[2024-05-17T09:29:53.810204][INFO][seed79] args: -m;1000;-o;/mnt/beegfs/rcabanas/dev/credici/papers/causal_flavour/learntmodels/miter1000;--data;/mnt/beegfs/rcabanas/dev/credici/papers/causal_flavour/data/simple_learner_4Q_data.csv;-rw;-s;79;/mnt/beegfs/rcabanas/dev/credici/papers/causal_flavour/models/simple_learner_4Q.uai
[2024-05-17T09:29:53.813637][INFO][seed79] Starting logger with seed 79
[2024-05-17T09:29:53.834762][INFO][seed68] Set up logging
[2024-05-17T09:29:53.860809][INFO][seed68] args: -m;1000;-o;/mnt/beegfs/rcabanas/dev/credici/papers/causal_flavour/learntmodels/miter1000;--data;/mnt/beegfs/rcabanas/dev/credici/papers/causal_flavour/data/simple_learner_4Q_data.csv;-rw;-s;68;/mnt/beegfs/rcabanas/dev/credici/papers/causal_flavour/models/simple_learner_4Q.uai
[2024-05-17T09:29:53.870997][INFO][seed68] Starting logger with seed 68
[2024-05-17T09:29:53.837729][INFO][seed87] Set up logging
[2024-05-17T09:29:53.875480][INFO][seed87] args: -m;1000;-o;/mnt/beegfs/rcabanas/dev/credici/papers/causal_flavour/learntmodels/miter1000;--data;/mnt/beegfs/rcabanas/dev/credici/papers/causal_flavour/data/simple_learner_4Q_data.csv;-rw;-s;87;/mnt/beegfs/rcabanas/dev/credici/papers/causal_flavour/models/simple_learner_4Q.uai
[2024-05-17T09:29:53.880443][INFO][seed87] Starting logger with seed 87
[2024-05-17T09:29:53.865325][INFO][seed75] Set up logging
[2024-05-17T09:29:53.887680][INFO][seed75] args: -m;1000;-o;/mnt/beegfs/rcabanas/dev/credici/papers/causal_flavour/learntmodels/miter1000;--data;/mnt/beegfs/rcabanas/dev/credici/papers/causal_flavour/data/simple_learner_4Q_data.csv;-rw;-s;75;/mnt/beegfs/rcabanas/dev/credici/papers/causal_flavour/models/simple_learner_4Q.uai
[2024-05-17T09:29:53.858766][INFO][seed57] Set up logging
[2024-05-17T09:29:53.896016][INFO][seed75] Starting logger with seed 75
[2024-05-17T09:29:53.894099][INFO][seed57] args: -m;1000;-o;/mnt/beegfs/rcabanas/dev/credici/papers/causal_flavour/learntmodels/miter1000;--data;/mnt/beegfs/rcabanas/dev/credici/papers/causal_flavour/data/simple_learner_4Q_data.csv;-rw;-s;57;/mnt/beegfs/rcabanas/dev/credici/papers/causal_flavour/models/simple_learner_4Q.uai
[2024-05-17T09:29:53.904155][INFO][seed57] Starting logger with seed 57
[2024-05-17T09:29:53.886631][INFO][seed60] Set up logging
[2024-05-17T09:29:53.908185][INFO][seed60] args: -m;1000;-o;/mnt/beegfs/rcabanas/dev/credici/papers/causal_flavour/learntmodels/miter1000;--data;/mnt/beegfs/rcabanas/dev/credici/papers/causal_flavour/data/simple_learner_4Q_data.csv;-rw;-s;60;/mnt/beegfs/rcabanas/dev/credici/papers/causal_flavour/models/simple_learner_4Q.uai
[2024-05-17T09:29:53.913681][INFO][seed60] Starting logger with seed 60
[2024-05-17T09:29:53.925123][INFO][seed61] Loaded model and info: /mnt/beegfs/rcabanas/dev/credici/papers/causal_flavour/models/simple_learner_4Q.uai
[2024-05-17T09:29:53.897987][INFO][seed76] Set up logging
[2024-05-17T09:29:53.932698][INFO][seed76] args: -m;1000;-o;/mnt/beegfs/rcabanas/dev/credici/papers/causal_flavour/learntmodels/miter1000;--data;/mnt/beegfs/rcabanas/dev/credici/papers/causal_flavour/data/simple_learner_4Q_data.csv;-rw;-s;76;/mnt/beegfs/rcabanas/dev/credici/papers/causal_flavour/models/simple_learner_4Q.uai
[2024-05-17T09:29:53.937996][INFO][seed76] Starting logger with seed 76
[2024-05-17T09:29:53.921466][INFO][seed83] Set up logging
[2024-05-17T09:29:53.922166][INFO][seed90] Set up logging
[2024-05-17T09:29:53.943723][INFO][seed83] args: -m;1000;-o;/mnt/beegfs/rcabanas/dev/credici/papers/causal_flavour/learntmodels/miter1000;--data;/mnt/beegfs/rcabanas/dev/credici/papers/causal_flavour/data/simple_learner_4Q_data.csv;-rw;-s;83;/mnt/beegfs/rcabanas/dev/credici/papers/causal_flavour/models/simple_learner_4Q.uai
[2024-05-17T09:29:53.944612][INFO][seed90] args: -m;1000;-o;/mnt/beegfs/rcabanas/dev/credici/papers/causal_flavour/learntmodels/miter1000;--data;/mnt/beegfs/rcabanas/dev/credici/papers/causal_flavour/data/simple_learner_4Q_data.csv;-rw;-s;90;/mnt/beegfs/rcabanas/dev/credici/papers/causal_flavour/models/simple_learner_4Q.uai
[2024-05-17T09:29:53.950538][INFO][seed90] Starting logger with seed 90
[2024-05-17T09:29:53.959685][INFO][seed56] Loaded model and info: /mnt/beegfs/rcabanas/dev/credici/papers/causal_flavour/models/simple_learner_4Q.uai
[2024-05-17T09:29:53.961723][INFO][seed83] Starting logger with seed 83
[2024-05-17T09:29:53.976874][INFO][seed61] Loaded 100 data instances
[2024-05-17T09:29:53.977443][INFO][seed61] Starting learning up to 1000 iterations
[2024-05-17T09:29:53.959303][INFO][seed59] Set up logging
[2024-05-17T09:29:53.957726][INFO][seed50] Set up logging
[2024-05-17T09:29:53.981214][INFO][seed59] args: -m;1000;-o;/mnt/beegfs/rcabanas/dev/credici/papers/causal_flavour/learntmodels/miter1000;--data;/mnt/beegfs/rcabanas/dev/credici/papers/causal_flavour/data/simple_learner_4Q_data.csv;-rw;-s;59;/mnt/beegfs/rcabanas/dev/credici/papers/causal_flavour/models/simple_learner_4Q.uai
[2024-05-17T09:29:53.958067][INFO][seed67] Set up logging
[2024-05-17T09:29:53.982311][INFO][seed50] args: -m;1000;-o;/mnt/beegfs/rcabanas/dev/credici/papers/causal_flavour/learntmodels/miter1000;--data;/mnt/beegfs/rcabanas/dev/credici/papers/causal_flavour/data/simple_learner_4Q_data.csv;-rw;-s;50;/mnt/beegfs/rcabanas/dev/credici/papers/causal_flavour/models/simple_learner_4Q.uai
[2024-05-17T09:29:53.983537][INFO][seed55] Loaded model and info: /mnt/beegfs/rcabanas/dev/credici/papers/causal_flavour/models/simple_learner_4Q.uai
[2024-05-17T09:29:53.983443][INFO][seed67] args: -m;1000;-o;/mnt/beegfs/rcabanas/dev/credici/papers/causal_flavour/learntmodels/miter1000;--data;/mnt/beegfs/rcabanas/dev/credici/papers/causal_flavour/data/simple_learner_4Q_data.csv;-rw;-s;67;/mnt/beegfs/rcabanas/dev/credici/papers/causal_flavour/models/simple_learner_4Q.uai
[2024-05-17T09:29:53.991357][INFO][seed50] Starting logger with seed 50
[2024-05-17T09:29:53.991525][INFO][seed59] Starting logger with seed 59
[2024-05-17T09:29:53.991551][INFO][seed67] Starting logger with seed 67
[2024-05-17T09:29:53.975354][INFO][seed71] Set up logging
[2024-05-17T09:29:53.981056][INFO][seed94] Set up logging
[2024-05-17T09:29:54.006639][INFO][seed94] args: -m;1000;-o;/mnt/beegfs/rcabanas/dev/credici/papers/causal_flavour/learntmodels/miter1000;--data;/mnt/beegfs/rcabanas/dev/credici/papers/causal_flavour/data/simple_learner_4Q_data.csv;-rw;-s;94;/mnt/beegfs/rcabanas/dev/credici/papers/causal_flavour/models/simple_learner_4Q.uai
[2024-05-17T09:29:53.998510][INFO][seed71] args: -m;1000;-o;/mnt/beegfs/rcabanas/dev/credici/papers/causal_flavour/learntmodels/miter1000;--data;/mnt/beegfs/rcabanas/dev/credici/papers/causal_flavour/data/simple_learner_4Q_data.csv;-rw;-s;71;/mnt/beegfs/rcabanas/dev/credici/papers/causal_flavour/models/simple_learner_4Q.uai
[2024-05-17T09:29:54.012908][INFO][seed94] Starting logger with seed 94
[2024-05-17T09:29:53.987297][INFO][seed64] Set up logging
[2024-05-17T09:29:53.990361][INFO][seed84] Set up logging
[2024-05-17T09:29:54.003092][INFO][seed71] Starting logger with seed 71
[2024-05-17T09:29:53.993216][INFO][seed93] Set up logging
[2024-05-17T09:29:54.017542][INFO][seed56] Loaded 100 data instances
[2024-05-17T09:29:54.002375][INFO][seed96] Set up logging
[2024-05-17T09:29:54.014014][INFO][seed64] args: -m;1000;-o;/mnt/beegfs/rcabanas/dev/credici/papers/causal_flavour/learntmodels/miter1000;--data;/mnt/beegfs/rcabanas/dev/credici/papers/causal_flavour/data/simple_learner_4Q_data.csv;-rw;-s;64;/mnt/beegfs/rcabanas/dev/credici/papers/causal_flavour/models/simple_learner_4Q.uai
[2024-05-17T09:29:54.028877][INFO][seed55] Loaded 100 data instances
[2024-05-17T09:29:54.013977][INFO][seed84] args: -m;1000;-o;/mnt/beegfs/rcabanas/dev/credici/papers/causal_flavour/learntmodels/miter1000;--data;/mnt/beegfs/rcabanas/dev/credici/papers/causal_flavour/data/simple_learner_4Q_data.csv;-rw;-s;84;/mnt/beegfs/rcabanas/dev/credici/papers/causal_flavour/models/simple_learner_4Q.uai
[2024-05-17T09:29:54.017159][INFO][seed93] args: -m;1000;-o;/mnt/beegfs/rcabanas/dev/credici/papers/causal_flavour/learntmodels/miter1000;--data;/mnt/beegfs/rcabanas/dev/credici/papers/causal_flavour/data/simple_learner_4Q_data.csv;-rw;-s;93;/mnt/beegfs/rcabanas/dev/credici/papers/causal_flavour/models/simple_learner_4Q.uai
[2024-05-17T09:29:54.018076][INFO][seed56] Starting learning up to 1000 iterations
[2024-05-17T09:29:54.014354][INFO][seed54] Set up logging
[2024-05-17T09:29:54.029831][INFO][seed96] args: -m;1000;-o;/mnt/beegfs/rcabanas/dev/credici/papers/causal_flavour/learntmodels/miter1000;--data;/mnt/beegfs/rcabanas/dev/credici/papers/causal_flavour/data/simple_learner_4Q_data.csv;-rw;-s;96;/mnt/beegfs/rcabanas/dev/credici/papers/causal_flavour/models/simple_learner_4Q.uai
[2024-05-17T09:29:54.033847][INFO][seed96] Starting logger with seed 96
[2024-05-17T09:29:54.024038][INFO][seed64] Starting logger with seed 64
[2024-05-17T09:29:54.031731][INFO][seed55] Starting learning up to 1000 iterations
[2024-05-17T09:29:54.021315][INFO][seed84] Starting logger with seed 84
[2024-05-17T09:29:54.022319][INFO][seed93] Starting logger with seed 93
[2024-05-17T09:29:54.045591][INFO][seed92] Loaded model and info: /mnt/beegfs/rcabanas/dev/credici/papers/causal_flavour/models/simple_learner_4Q.uai
[2024-05-17T09:29:54.035022][INFO][seed54] args: -m;1000;-o;/mnt/beegfs/rcabanas/dev/credici/papers/causal_flavour/learntmodels/miter1000;--data;/mnt/beegfs/rcabanas/dev/credici/papers/causal_flavour/data/simple_learner_4Q_data.csv;-rw;-s;54;/mnt/beegfs/rcabanas/dev/credici/papers/causal_flavour/models/simple_learner_4Q.uai
[2024-05-17T09:29:54.032115][INFO][seed82] Set up logging
[2024-05-17T09:29:54.034468][INFO][seed81] Set up logging
[2024-05-17T09:29:54.045485][INFO][seed80] Set up logging
[2024-05-17T09:29:54.046424][INFO][seed54] Starting logger with seed 54
[2024-05-17T09:29:54.060857][INFO][seed82] args: -m;1000;-o;/mnt/beegfs/rcabanas/dev/credici/papers/causal_flavour/learntmodels/miter1000;--data;/mnt/beegfs/rcabanas/dev/credici/papers/causal_flavour/data/simple_learner_4Q_data.csv;-rw;-s;82;/mnt/beegfs/rcabanas/dev/credici/papers/causal_flavour/models/simple_learner_4Q.uai
[2024-05-17T09:29:54.059778][INFO][seed81] args: -m;1000;-o;/mnt/beegfs/rcabanas/dev/credici/papers/causal_flavour/learntmodels/miter1000;--data;/mnt/beegfs/rcabanas/dev/credici/papers/causal_flavour/data/simple_learner_4Q_data.csv;-rw;-s;81;/mnt/beegfs/rcabanas/dev/credici/papers/causal_flavour/models/simple_learner_4Q.uai
[2024-05-17T09:29:54.058743][INFO][seed88] Set up logging
[2024-05-17T09:29:54.070639][INFO][seed80] args: -m;1000;-o;/mnt/beegfs/rcabanas/dev/credici/papers/causal_flavour/learntmodels/miter1000;--data;/mnt/beegfs/rcabanas/dev/credici/papers/causal_flavour/data/simple_learner_4Q_data.csv;-rw;-s;80;/mnt/beegfs/rcabanas/dev/credici/papers/causal_flavour/models/simple_learner_4Q.uai
[2024-05-17T09:29:54.055215][INFO][seed85] Set up logging
[2024-05-17T09:29:54.064936][INFO][seed82] Starting logger with seed 82
[2024-05-17T09:29:54.067194][INFO][seed62] Set up logging
[2024-05-17T09:29:54.066873][INFO][seed81] Starting logger with seed 81
[2024-05-17T09:29:54.080795][INFO][seed97] Set up logging
[2024-05-17T09:29:54.083076][INFO][seed88] args: -m;1000;-o;/mnt/beegfs/rcabanas/dev/credici/papers/causal_flavour/learntmodels/miter1000;--data;/mnt/beegfs/rcabanas/dev/credici/papers/causal_flavour/data/simple_learner_4Q_data.csv;-rw;-s;88;/mnt/beegfs/rcabanas/dev/credici/papers/causal_flavour/models/simple_learner_4Q.uai
[2024-05-17T09:29:54.080059][INFO][seed80] Starting logger with seed 80
[2024-05-17T09:29:54.072821][INFO][seed99] Set up logging
[2024-05-17T09:29:54.084743][INFO][seed85] args: -m;1000;-o;/mnt/beegfs/rcabanas/dev/credici/papers/causal_flavour/learntmodels/miter1000;--data;/mnt/beegfs/rcabanas/dev/credici/papers/causal_flavour/data/simple_learner_4Q_data.csv;-rw;-s;85;/mnt/beegfs/rcabanas/dev/credici/papers/causal_flavour/models/simple_learner_4Q.uai
[2024-05-17T09:29:54.089715][INFO][seed85] Starting logger with seed 85
[2024-05-17T09:29:54.078191][INFO][seed74] Set up logging
[2024-05-17T09:29:54.089470][INFO][seed62] args: -m;1000;-o;/mnt/beegfs/rcabanas/dev/credici/papers/causal_flavour/learntmodels/miter1000;--data;/mnt/beegfs/rcabanas/dev/credici/papers/causal_flavour/data/simple_learner_4Q_data.csv;-rw;-s;62;/mnt/beegfs/rcabanas/dev/credici/papers/causal_flavour/models/simple_learner_4Q.uai
[2024-05-17T09:29:54.109990][INFO][seed92] Loaded 100 data instances
[2024-05-17T09:29:54.110086][INFO][seed97] args: -m;1000;-o;/mnt/beegfs/rcabanas/dev/credici/papers/causal_flavour/learntmodels/miter1000;--data;/mnt/beegfs/rcabanas/dev/credici/papers/causal_flavour/data/simple_learner_4Q_data.csv;-rw;-s;97;/mnt/beegfs/rcabanas/dev/credici/papers/causal_flavour/models/simple_learner_4Q.uai
[2024-05-17T09:29:54.094465][INFO][seed88] Starting logger with seed 88
[2024-05-17T09:29:54.095818][INFO][seed99] args: -m;1000;-o;/mnt/beegfs/rcabanas/dev/credici/papers/causal_flavour/learntmodels/miter1000;--data;/mnt/beegfs/rcabanas/dev/credici/papers/causal_flavour/data/simple_learner_4Q_data.csv;-rw;-s;99;/mnt/beegfs/rcabanas/dev/credici/papers/causal_flavour/models/simple_learner_4Q.uai
[2024-05-17T09:29:54.108905][INFO][seed99] Starting logger with seed 99
[2024-05-17T09:29:54.104603][INFO][seed74] args: -m;1000;-o;/mnt/beegfs/rcabanas/dev/credici/papers/causal_flavour/learntmodels/miter1000;--data;/mnt/beegfs/rcabanas/dev/credici/papers/causal_flavour/data/simple_learner_4Q_data.csv;-rw;-s;74;/mnt/beegfs/rcabanas/dev/credici/papers/causal_flavour/models/simple_learner_4Q.uai
[2024-05-17T09:29:54.094439][INFO][seed62] Starting logger with seed 62
[2024-05-17T09:29:54.110552][INFO][seed92] Starting learning up to 1000 iterations
[2024-05-17T09:29:54.117574][INFO][seed97] Starting logger with seed 97
[2024-05-17T09:29:54.109641][INFO][seed53] Set up logging
[2024-05-17T09:29:54.111045][INFO][seed51] Set up logging
[2024-05-17T09:29:54.134611][INFO][seed51] args: -m;1000;-o;/mnt/beegfs/rcabanas/dev/credici/papers/causal_flavour/learntmodels/miter1000;--data;/mnt/beegfs/rcabanas/dev/credici/papers/causal_flavour/data/simple_learner_4Q_data.csv;-rw;-s;51;/mnt/beegfs/rcabanas/dev/credici/papers/causal_flavour/models/simple_learner_4Q.uai
[2024-05-17T09:29:54.113034][INFO][seed74] Starting logger with seed 74
[2024-05-17T09:29:54.135677][INFO][seed58] Loaded model and info: /mnt/beegfs/rcabanas/dev/credici/papers/causal_flavour/models/simple_learner_4Q.uai
[2024-05-17T09:29:54.130702][INFO][seed53] args: -m;1000;-o;/mnt/beegfs/rcabanas/dev/credici/papers/causal_flavour/learntmodels/miter1000;--data;/mnt/beegfs/rcabanas/dev/credici/papers/causal_flavour/data/simple_learner_4Q_data.csv;-rw;-s;53;/mnt/beegfs/rcabanas/dev/credici/papers/causal_flavour/models/simple_learner_4Q.uai
[2024-05-17T09:29:54.127758][INFO][seed73] Set up logging
[2024-05-17T09:29:54.140566][INFO][seed51] Starting logger with seed 51
[2024-05-17T09:29:54.138280][INFO][seed53] Starting logger with seed 53
[2024-05-17T09:29:54.149642][INFO][seed73] args: -m;1000;-o;/mnt/beegfs/rcabanas/dev/credici/papers/causal_flavour/learntmodels/miter1000;--data;/mnt/beegfs/rcabanas/dev/credici/papers/causal_flavour/data/simple_learner_4Q_data.csv;-rw;-s;73;/mnt/beegfs/rcabanas/dev/credici/papers/causal_flavour/models/simple_learner_4Q.uai
[2024-05-17T09:29:54.137659][INFO][seed66] Set up logging
[2024-05-17T09:29:54.155258][INFO][seed73] Starting logger with seed 73
[2024-05-17T09:29:54.159705][INFO][seed66] args: -m;1000;-o;/mnt/beegfs/rcabanas/dev/credici/papers/causal_flavour/learntmodels/miter1000;--data;/mnt/beegfs/rcabanas/dev/credici/papers/causal_flavour/data/simple_learner_4Q_data.csv;-rw;-s;66;/mnt/beegfs/rcabanas/dev/credici/papers/causal_flavour/models/simple_learner_4Q.uai
[2024-05-17T09:29:54.167128][INFO][seed66] Starting logger with seed 66
[2024-05-17T09:29:54.179234][INFO][seed58] Loaded 100 data instances
[2024-05-17T09:29:54.180246][INFO][seed58] Starting learning up to 1000 iterations
[2024-05-17T09:29:54.189060][INFO][seed52] Loaded model and info: /mnt/beegfs/rcabanas/dev/credici/papers/causal_flavour/models/simple_learner_4Q.uai
[2024-05-17T09:29:54.168574][INFO][seed86] Set up logging
[2024-05-17T09:29:54.190339][INFO][seed86] args: -m;1000;-o;/mnt/beegfs/rcabanas/dev/credici/papers/causal_flavour/learntmodels/miter1000;--data;/mnt/beegfs/rcabanas/dev/credici/papers/causal_flavour/data/simple_learner_4Q_data.csv;-rw;-s;86;/mnt/beegfs/rcabanas/dev/credici/papers/causal_flavour/models/simple_learner_4Q.uai
[2024-05-17T09:29:54.193777][INFO][seed86] Starting logger with seed 86
[2024-05-17T09:29:54.231347][INFO][seed52] Loaded 100 data instances
[2024-05-17T09:29:54.234695][INFO][seed52] Starting learning up to 1000 iterations
[2024-05-17T09:29:54.235294][INFO][seed65] Loaded model and info: /mnt/beegfs/rcabanas/dev/credici/papers/causal_flavour/models/simple_learner_4Q.uai
[2024-05-17T09:29:54.261033][INFO][seed77] Loaded model and info: /mnt/beegfs/rcabanas/dev/credici/papers/causal_flavour/models/simple_learner_4Q.uai
[2024-05-17T09:29:54.264383][INFO][seed72] Loaded model and info: /mnt/beegfs/rcabanas/dev/credici/papers/causal_flavour/models/simple_learner_4Q.uai
[2024-05-17T09:29:54.288191][INFO][seed95] Loaded model and info: /mnt/beegfs/rcabanas/dev/credici/papers/causal_flavour/models/simple_learner_4Q.uai
[2024-05-17T09:29:54.299403][INFO][seed65] Loaded 100 data instances
[2024-05-17T09:29:54.299959][INFO][seed65] Starting learning up to 1000 iterations
[2024-05-17T09:29:54.311606][INFO][seed77] Loaded 100 data instances
[2024-05-17T09:29:54.313378][INFO][seed72] Loaded 100 data instances
[2024-05-17T09:29:54.312178][INFO][seed77] Starting learning up to 1000 iterations
[2024-05-17T09:29:54.316552][INFO][seed72] Starting learning up to 1000 iterations
[2024-05-17T09:29:54.330435][INFO][seed63] Loaded model and info: /mnt/beegfs/rcabanas/dev/credici/papers/causal_flavour/models/simple_learner_4Q.uai
[2024-05-17T09:29:54.338885][INFO][seed91] Loaded model and info: /mnt/beegfs/rcabanas/dev/credici/papers/causal_flavour/models/simple_learner_4Q.uai
[2024-05-17T09:29:54.348247][INFO][seed95] Loaded 100 data instances
[2024-05-17T09:29:54.349394][INFO][seed95] Starting learning up to 1000 iterations
[2024-05-17T09:29:54.384594][INFO][seed63] Loaded 100 data instances
[2024-05-17T09:29:54.385463][INFO][seed63] Starting learning up to 1000 iterations
[2024-05-17T09:29:54.387898][INFO][seed91] Loaded 100 data instances
[2024-05-17T09:29:54.388420][INFO][seed91] Starting learning up to 1000 iterations
[2024-05-17T09:29:54.440240][INFO][seed98] Loaded model and info: /mnt/beegfs/rcabanas/dev/credici/papers/causal_flavour/models/simple_learner_4Q.uai
[2024-05-17T09:29:54.452175][INFO][seed69] Loaded model and info: /mnt/beegfs/rcabanas/dev/credici/papers/causal_flavour/models/simple_learner_4Q.uai
[2024-05-17T09:29:54.469570][INFO][seed100] Loaded model and info: /mnt/beegfs/rcabanas/dev/credici/papers/causal_flavour/models/simple_learner_4Q.uai
[2024-05-17T09:29:54.487550][INFO][seed98] Loaded 100 data instances
[2024-05-17T09:29:54.491602][INFO][seed98] Starting learning up to 1000 iterations
[2024-05-17T09:29:54.504857][INFO][seed69] Loaded 100 data instances
[2024-05-17T09:29:54.505439][INFO][seed69] Starting learning up to 1000 iterations
[2024-05-17T09:29:54.531052][INFO][seed89] Loaded model and info: /mnt/beegfs/rcabanas/dev/credici/papers/causal_flavour/models/simple_learner_4Q.uai
[2024-05-17T09:29:54.539828][INFO][seed100] Loaded 100 data instances
[2024-05-17T09:29:54.540625][INFO][seed100] Starting learning up to 1000 iterations
[2024-05-17T09:29:54.573003][INFO][seed89] Loaded 100 data instances
[2024-05-17T09:29:54.576885][INFO][seed89] Starting learning up to 1000 iterations
[2024-05-17T09:29:54.596015][INFO][seed79] Loaded model and info: /mnt/beegfs/rcabanas/dev/credici/papers/causal_flavour/models/simple_learner_4Q.uai
[2024-05-17T09:29:54.608541][INFO][seed57] Loaded model and info: /mnt/beegfs/rcabanas/dev/credici/papers/causal_flavour/models/simple_learner_4Q.uai
[2024-05-17T09:29:54.623894][INFO][seed87] Loaded model and info: /mnt/beegfs/rcabanas/dev/credici/papers/causal_flavour/models/simple_learner_4Q.uai
[2024-05-17T09:29:54.631903][INFO][seed68] Loaded model and info: /mnt/beegfs/rcabanas/dev/credici/papers/causal_flavour/models/simple_learner_4Q.uai
[2024-05-17T09:29:54.640494][INFO][seed76] Loaded model and info: /mnt/beegfs/rcabanas/dev/credici/papers/causal_flavour/models/simple_learner_4Q.uai
[2024-05-17T09:29:54.643027][INFO][seed79] Loaded 100 data instances
[2024-05-17T09:29:54.646084][INFO][seed79] Starting learning up to 1000 iterations
[2024-05-17T09:29:54.649735][INFO][seed57] Loaded 100 data instances
[2024-05-17T09:29:54.652598][INFO][seed57] Starting learning up to 1000 iterations
[2024-05-17T09:29:54.665259][INFO][seed87] Loaded 100 data instances
[2024-05-17T09:29:54.665816][INFO][seed87] Starting learning up to 1000 iterations
[2024-05-17T09:29:54.670657][INFO][seed90] Loaded model and info: /mnt/beegfs/rcabanas/dev/credici/papers/causal_flavour/models/simple_learner_4Q.uai
[2024-05-17T09:29:54.682045][INFO][seed83] Loaded model and info: /mnt/beegfs/rcabanas/dev/credici/papers/causal_flavour/models/simple_learner_4Q.uai
[2024-05-17T09:29:54.687025][INFO][seed68] Loaded 100 data instances
[2024-05-17T09:29:54.689327][INFO][seed68] Starting learning up to 1000 iterations
[2024-05-17T09:29:54.688814][INFO][seed75] Loaded model and info: /mnt/beegfs/rcabanas/dev/credici/papers/causal_flavour/models/simple_learner_4Q.uai
[2024-05-17T09:29:54.691820][INFO][seed76] Loaded 100 data instances
[2024-05-17T09:29:54.696026][INFO][seed76] Starting learning up to 1000 iterations
[2024-05-17T09:29:54.717278][INFO][seed60] Loaded model and info: /mnt/beegfs/rcabanas/dev/credici/papers/causal_flavour/models/simple_learner_4Q.uai
[2024-05-17T09:29:54.727466][INFO][seed83] Loaded 100 data instances
[2024-05-17T09:29:54.728531][INFO][seed90] Loaded 100 data instances
[2024-05-17T09:29:54.729097][INFO][seed90] Starting learning up to 1000 iterations
[2024-05-17T09:29:54.730527][INFO][seed83] Starting learning up to 1000 iterations
[2024-05-17T09:29:54.733285][INFO][seed75] Loaded 100 data instances
[2024-05-17T09:29:54.733968][INFO][seed71] Loaded model and info: /mnt/beegfs/rcabanas/dev/credici/papers/causal_flavour/models/simple_learner_4Q.uai
[2024-05-17T09:29:54.734837][INFO][seed75] Starting learning up to 1000 iterations
[2024-05-17T09:29:54.762887][INFO][seed60] Loaded 100 data instances
[2024-05-17T09:29:54.763855][INFO][seed60] Starting learning up to 1000 iterations
[2024-05-17T09:29:54.764523][INFO][seed80] Loaded model and info: /mnt/beegfs/rcabanas/dev/credici/papers/causal_flavour/models/simple_learner_4Q.uai
[2024-05-17T09:29:54.766679][INFO][seed67] Loaded model and info: /mnt/beegfs/rcabanas/dev/credici/papers/causal_flavour/models/simple_learner_4Q.uai
[2024-05-17T09:29:54.768166][INFO][seed62] Loaded model and info: /mnt/beegfs/rcabanas/dev/credici/papers/causal_flavour/models/simple_learner_4Q.uai
[2024-05-17T09:29:54.778290][INFO][seed59] Loaded model and info: /mnt/beegfs/rcabanas/dev/credici/papers/causal_flavour/models/simple_learner_4Q.uai
[2024-05-17T09:29:54.778962][INFO][seed71] Loaded 100 data instances
[2024-05-17T09:29:54.779367][INFO][seed93] Loaded model and info: /mnt/beegfs/rcabanas/dev/credici/papers/causal_flavour/models/simple_learner_4Q.uai
[2024-05-17T09:29:54.780120][INFO][seed64] Loaded model and info: /mnt/beegfs/rcabanas/dev/credici/papers/causal_flavour/models/simple_learner_4Q.uai
[2024-05-17T09:29:54.779694][INFO][seed71] Starting learning up to 1000 iterations
[2024-05-17T09:29:54.787563][INFO][seed94] Loaded model and info: /mnt/beegfs/rcabanas/dev/credici/papers/causal_flavour/models/simple_learner_4Q.uai
[2024-05-17T09:29:54.790411][INFO][seed82] Loaded model and info: /mnt/beegfs/rcabanas/dev/credici/papers/causal_flavour/models/simple_learner_4Q.uai
[2024-05-17T09:29:54.795446][INFO][seed99] Loaded model and info: /mnt/beegfs/rcabanas/dev/credici/papers/causal_flavour/models/simple_learner_4Q.uai
[2024-05-17T09:29:54.798543][INFO][seed54] Loaded model and info: /mnt/beegfs/rcabanas/dev/credici/papers/causal_flavour/models/simple_learner_4Q.uai
[2024-05-17T09:29:54.801857][INFO][seed84] Loaded model and info: /mnt/beegfs/rcabanas/dev/credici/papers/causal_flavour/models/simple_learner_4Q.uai
[2024-05-17T09:29:54.802525][INFO][seed96] Loaded model and info: /mnt/beegfs/rcabanas/dev/credici/papers/causal_flavour/models/simple_learner_4Q.uai
[2024-05-17T09:29:54.802703][INFO][seed85] Loaded model and info: /mnt/beegfs/rcabanas/dev/credici/papers/causal_flavour/models/simple_learner_4Q.uai
[2024-05-17T09:29:54.809450][INFO][seed50] Loaded model and info: /mnt/beegfs/rcabanas/dev/credici/papers/causal_flavour/models/simple_learner_4Q.uai
[2024-05-17T09:29:54.811693][INFO][seed80] Loaded 100 data instances
[2024-05-17T09:29:54.812204][INFO][seed67] Loaded 100 data instances
[2024-05-17T09:29:54.812582][INFO][seed62] Loaded 100 data instances
[2024-05-17T09:29:54.815712][INFO][seed62] Starting learning up to 1000 iterations
[2024-05-17T09:29:54.813028][INFO][seed81] Loaded model and info: /mnt/beegfs/rcabanas/dev/credici/papers/causal_flavour/models/simple_learner_4Q.uai
[2024-05-17T09:29:54.815099][INFO][seed80] Starting learning up to 1000 iterations
[2024-05-17T09:29:54.816526][INFO][seed67] Starting learning up to 1000 iterations
[2024-05-17T09:29:54.829124][INFO][seed93] Loaded 100 data instances
[2024-05-17T09:29:54.830200][INFO][seed59] Loaded 100 data instances
[2024-05-17T09:29:54.832062][INFO][seed93] Starting learning up to 1000 iterations
[2024-05-17T09:29:54.834304][INFO][seed64] Loaded 100 data instances
[2024-05-17T09:29:54.834329][INFO][seed59] Starting learning up to 1000 iterations
[2024-05-17T09:29:54.836504][INFO][seed88] Loaded model and info: /mnt/beegfs/rcabanas/dev/credici/papers/causal_flavour/models/simple_learner_4Q.uai
[2024-05-17T09:29:54.837024][INFO][seed64] Starting learning up to 1000 iterations
[2024-05-17T09:29:54.842764][INFO][seed94] Loaded 100 data instances
[2024-05-17T09:29:54.840615][INFO][seed82] Loaded 100 data instances
[2024-05-17T09:29:54.843529][INFO][seed99] Loaded 100 data instances
[2024-05-17T09:29:54.843273][INFO][seed94] Starting learning up to 1000 iterations
[2024-05-17T09:29:54.845652][INFO][seed96] Loaded 100 data instances
[2024-05-17T09:29:54.845960][INFO][seed54] Loaded 100 data instances
[2024-05-17T09:29:54.843552][INFO][seed82] Starting learning up to 1000 iterations
[2024-05-17T09:29:54.846819][INFO][seed99] Starting learning up to 1000 iterations
[2024-05-17T09:29:54.849476][INFO][seed84] Loaded 100 data instances
[2024-05-17T09:29:54.852620][INFO][seed84] Starting learning up to 1000 iterations
[2024-05-17T09:29:54.852288][INFO][seed97] Loaded model and info: /mnt/beegfs/rcabanas/dev/credici/papers/causal_flavour/models/simple_learner_4Q.uai
[2024-05-17T09:29:54.848301][INFO][seed96] Starting learning up to 1000 iterations
[2024-05-17T09:29:54.852818][INFO][seed85] Loaded 100 data instances
[2024-05-17T09:29:54.848322][INFO][seed54] Starting learning up to 1000 iterations
[2024-05-17T09:29:54.861793][INFO][seed50] Loaded 100 data instances
[2024-05-17T09:29:54.862643][INFO][seed81] Loaded 100 data instances
[2024-05-17T09:29:54.863754][INFO][seed81] Starting learning up to 1000 iterations
[2024-05-17T09:29:54.868351][INFO][seed74] Loaded model and info: /mnt/beegfs/rcabanas/dev/credici/papers/causal_flavour/models/simple_learner_4Q.uai
[2024-05-17T09:29:54.870459][INFO][seed66] Loaded model and info: /mnt/beegfs/rcabanas/dev/credici/papers/causal_flavour/models/simple_learner_4Q.uai
[2024-05-17T09:29:54.855943][INFO][seed85] Starting learning up to 1000 iterations
[2024-05-17T09:29:54.862324][INFO][seed50] Starting learning up to 1000 iterations
[2024-05-17T09:29:54.880375][INFO][seed88] Loaded 100 data instances
[2024-05-17T09:29:54.880531][INFO][seed73] Loaded model and info: /mnt/beegfs/rcabanas/dev/credici/papers/causal_flavour/models/simple_learner_4Q.uai
[2024-05-17T09:29:54.885202][INFO][seed53] Loaded model and info: /mnt/beegfs/rcabanas/dev/credici/papers/causal_flavour/models/simple_learner_4Q.uai
[2024-05-17T09:29:54.882463][INFO][seed88] Starting learning up to 1000 iterations
[2024-05-17T09:29:54.885828][INFO][seed51] Loaded model and info: /mnt/beegfs/rcabanas/dev/credici/papers/causal_flavour/models/simple_learner_4Q.uai
[2024-05-17T09:29:54.900778][INFO][seed86] Loaded model and info: /mnt/beegfs/rcabanas/dev/credici/papers/causal_flavour/models/simple_learner_4Q.uai
[2024-05-17T09:29:54.905601][INFO][seed97] Loaded 100 data instances
[2024-05-17T09:29:54.909819][INFO][seed97] Starting learning up to 1000 iterations
[2024-05-17T09:29:54.916944][INFO][seed74] Loaded 100 data instances
[2024-05-17T09:29:54.917511][INFO][seed74] Starting learning up to 1000 iterations
[2024-05-17T09:29:54.921039][INFO][seed66] Loaded 100 data instances
[2024-05-17T09:29:54.921574][INFO][seed66] Starting learning up to 1000 iterations
[2024-05-17T09:29:54.929538][INFO][seed73] Loaded 100 data instances
[2024-05-17T09:29:54.932168][INFO][seed73] Starting learning up to 1000 iterations
[2024-05-17T09:29:54.941300][INFO][seed51] Loaded 100 data instances
[2024-05-17T09:29:54.944109][INFO][seed53] Loaded 100 data instances
[2024-05-17T09:29:54.945572][INFO][seed53] Starting learning up to 1000 iterations
[2024-05-17T09:29:54.946084][INFO][seed51] Starting learning up to 1000 iterations
[2024-05-17T09:29:54.951111][INFO][seed86] Loaded 100 data instances
[2024-05-17T09:29:54.952111][INFO][seed86] Starting learning up to 1000 iterations
slurmstepd: error: *** JOB 89982 ON nodo18 CANCELLED AT 2024-05-17T11:31:00 ***
