150
1000
['learn.py', '1000', '173']
['learn.py', '1000', '154']
['learn.py', '1000', '159']
['learn.py', '1000', '169']
['learn.py', '1000', '183']
seed=183
seed=173
seed=154
seed=169
seed=159
/mnt/beegfs/rcabanas/dev/credici
/mnt/beegfs/rcabanas/dev/credici
/mnt/beegfs/rcabanas/dev/credici
/mnt/beegfs/rcabanas/dev/credici/papers/causal_flavour
/mnt/beegfs/rcabanas/dev/credici
/mnt/beegfs/rcabanas/dev/credici
/mnt/beegfs/rcabanas/dev/credici/papers/causal_flavour
/mnt/beegfs/rcabanas/dev/credici/papers/causal_flavour
/mnt/beegfs/rcabanas/dev/credici/papers/causal_flavour/learntmodels
/mnt/beegfs/rcabanas/dev/credici/papers/causal_flavour
/mnt/beegfs/rcabanas/dev/credici/papers/causal_flavour
/mnt/beegfs/rcabanas/dev/credici/papers/causal_flavour/learntmodels
/mnt/beegfs/rcabanas/dev/credici/papers/causal_flavour/learntmodels
/mnt/beegfs/rcabanas/dev/credici/papers/causal_flavour/models
/mnt/beegfs/rcabanas/dev/credici/papers/causal_flavour/models
/mnt/beegfs/rcabanas/dev/credici/papers/causal_flavour/learntmodels
/mnt/beegfs/rcabanas/dev/credici/papers/causal_flavour/learntmodels
/mnt/beegfs/rcabanas/dev/credici/papers/causal_flavour/models
/mnt/beegfs/rcabanas/dev/credici/target/credici-0.1.5-dev-SNAPSHOT-jar-with-dependencies.jar
/mnt/beegfs/rcabanas/dev/credici/target/credici-0.1.5-dev-SNAPSHOT-jar-with-dependencies.jar
/mnt/beegfs/rcabanas/dev/credici/papers/causal_flavour/code/LearnCF.java
/mnt/beegfs/rcabanas/dev/credici/papers/causal_flavour/models
/mnt/beegfs/rcabanas/dev/credici/target/credici-0.1.5-dev-SNAPSHOT-jar-with-dependencies.jar
/mnt/beegfs/rcabanas/dev/credici/papers/causal_flavour/models
/mnt/beegfs/rcabanas/dev/credici/target/credici-0.1.5-dev-SNAPSHOT-jar-with-dependencies.jar
/mnt/beegfs/rcabanas/dev/credici/papers/causal_flavour/code/LearnCF.java
/mnt/beegfs/rcabanas/dev/credici/papers/causal_flavour/code/LearnCF.java
/mnt/beegfs/rcabanas/dev/credici/target/credici-0.1.5-dev-SNAPSHOT-jar-with-dependencies.jar
/mnt/beegfs/rcabanas/dev/credici/papers/causal_flavour/code/LearnCF.java
['learn.py', '1000', '171']
['learn.py', '1000', '176']
['learn.py', '1000', '186']
['learn.py', '1000', '197']
/mnt/beegfs/rcabanas/dev/credici/papers/causal_flavour/code/LearnCF.java
['learn.py', '1000', '192']
seed=186
seed=176
seed=171
seed=197
/mnt/beegfs/rcabanas/dev/credici
/mnt/beegfs/rcabanas/dev/credici
seed=192
/mnt/beegfs/rcabanas/dev/credici
/mnt/beegfs/rcabanas/dev/credici
/mnt/beegfs/rcabanas/dev/credici/papers/causal_flavour
/mnt/beegfs/rcabanas/dev/credici/papers/causal_flavour
/mnt/beegfs/rcabanas/dev/credici/papers/causal_flavour/learntmodels
/mnt/beegfs/rcabanas/dev/credici
/mnt/beegfs/rcabanas/dev/credici/papers/causal_flavour
/mnt/beegfs/rcabanas/dev/credici/papers/causal_flavour
/mnt/beegfs/rcabanas/dev/credici/papers/causal_flavour/learntmodels
/mnt/beegfs/rcabanas/dev/credici/papers/causal_flavour/models
/mnt/beegfs/rcabanas/dev/credici/papers/causal_flavour
/mnt/beegfs/rcabanas/dev/credici/papers/causal_flavour/learntmodels
/mnt/beegfs/rcabanas/dev/credici/papers/causal_flavour/models
/mnt/beegfs/rcabanas/dev/credici/papers/causal_flavour/learntmodels
/mnt/beegfs/rcabanas/dev/credici/papers/causal_flavour/models
/mnt/beegfs/rcabanas/dev/credici/target/credici-0.1.5-dev-SNAPSHOT-jar-with-dependencies.jar
/mnt/beegfs/rcabanas/dev/credici/papers/causal_flavour/learntmodels
/mnt/beegfs/rcabanas/dev/credici/target/credici-0.1.5-dev-SNAPSHOT-jar-with-dependencies.jar
['learn.py', '1000', '164']
/mnt/beegfs/rcabanas/dev/credici/papers/causal_flavour/models
/mnt/beegfs/rcabanas/dev/credici/target/credici-0.1.5-dev-SNAPSHOT-jar-with-dependencies.jar
/mnt/beegfs/rcabanas/dev/credici/target/credici-0.1.5-dev-SNAPSHOT-jar-with-dependencies.jar
/mnt/beegfs/rcabanas/dev/credici/papers/causal_flavour/code/LearnCF.java
['learn.py', '1000', '185']
['learn.py', '1000', '180']
/mnt/beegfs/rcabanas/dev/credici/papers/causal_flavour/models
/mnt/beegfs/rcabanas/dev/credici/papers/causal_flavour/code/LearnCF.java
/mnt/beegfs/rcabanas/dev/credici/papers/causal_flavour/code/LearnCF.java
/mnt/beegfs/rcabanas/dev/credici/papers/causal_flavour/code/LearnCF.java
/mnt/beegfs/rcabanas/dev/credici/target/credici-0.1.5-dev-SNAPSHOT-jar-with-dependencies.jar
/mnt/beegfs/rcabanas/dev/credici/papers/causal_flavour/code/LearnCF.java
seed=164
/mnt/beegfs/rcabanas/dev/credici
/mnt/beegfs/rcabanas/dev/credici/papers/causal_flavour
/mnt/beegfs/rcabanas/dev/credici/papers/causal_flavour/learntmodels
/mnt/beegfs/rcabanas/dev/credici/papers/causal_flavour/models
/mnt/beegfs/rcabanas/dev/credici/target/credici-0.1.5-dev-SNAPSHOT-jar-with-dependencies.jar
seed=185
seed=180
/mnt/beegfs/rcabanas/dev/credici/papers/causal_flavour/code/LearnCF.java
/mnt/beegfs/rcabanas/dev/credici
/mnt/beegfs/rcabanas/dev/credici
/mnt/beegfs/rcabanas/dev/credici/papers/causal_flavour
/mnt/beegfs/rcabanas/dev/credici/papers/causal_flavour
/mnt/beegfs/rcabanas/dev/credici/papers/causal_flavour/learntmodels
/mnt/beegfs/rcabanas/dev/credici/papers/causal_flavour/learntmodels
/mnt/beegfs/rcabanas/dev/credici/papers/causal_flavour/models
/mnt/beegfs/rcabanas/dev/credici/papers/causal_flavour/models
/mnt/beegfs/rcabanas/dev/credici/target/credici-0.1.5-dev-SNAPSHOT-jar-with-dependencies.jar
/mnt/beegfs/rcabanas/dev/credici/target/credici-0.1.5-dev-SNAPSHOT-jar-with-dependencies.jar
/mnt/beegfs/rcabanas/dev/credici/papers/causal_flavour/code/LearnCF.java
/mnt/beegfs/rcabanas/dev/credici/papers/causal_flavour/code/LearnCF.java
['learn.py', '1000', '182']
['learn.py', '1000', '155']
seed=182
/mnt/beegfs/rcabanas/dev/credici
/mnt/beegfs/rcabanas/dev/credici/papers/causal_flavour
/mnt/beegfs/rcabanas/dev/credici/papers/causal_flavour/learntmodels
/mnt/beegfs/rcabanas/dev/credici/papers/causal_flavour/models
/mnt/beegfs/rcabanas/dev/credici/target/credici-0.1.5-dev-SNAPSHOT-jar-with-dependencies.jar
/mnt/beegfs/rcabanas/dev/credici/papers/causal_flavour/code/LearnCF.java
['learn.py', '1000', '172']
['learn.py', '1000', '196']
seed=155
/mnt/beegfs/rcabanas/dev/credici
/mnt/beegfs/rcabanas/dev/credici/papers/causal_flavour
/mnt/beegfs/rcabanas/dev/credici/papers/causal_flavour/learntmodels
/mnt/beegfs/rcabanas/dev/credici/papers/causal_flavour/models
/mnt/beegfs/rcabanas/dev/credici/target/credici-0.1.5-dev-SNAPSHOT-jar-with-dependencies.jar
/mnt/beegfs/rcabanas/dev/credici/papers/causal_flavour/code/LearnCF.java
seed=172
/mnt/beegfs/rcabanas/dev/credici
/mnt/beegfs/rcabanas/dev/credici/papers/causal_flavour
/mnt/beegfs/rcabanas/dev/credici/papers/causal_flavour/learntmodels
/mnt/beegfs/rcabanas/dev/credici/papers/causal_flavour/models
/mnt/beegfs/rcabanas/dev/credici/target/credici-0.1.5-dev-SNAPSHOT-jar-with-dependencies.jar
/mnt/beegfs/rcabanas/dev/credici/papers/causal_flavour/code/LearnCF.java
seed=196
/mnt/beegfs/rcabanas/dev/credici
/mnt/beegfs/rcabanas/dev/credici/papers/causal_flavour
/mnt/beegfs/rcabanas/dev/credici/papers/causal_flavour/learntmodels
/mnt/beegfs/rcabanas/dev/credici/papers/causal_flavour/models
/mnt/beegfs/rcabanas/dev/credici/target/credici-0.1.5-dev-SNAPSHOT-jar-with-dependencies.jar
/mnt/beegfs/rcabanas/dev/credici/papers/causal_flavour/code/LearnCF.java
['learn.py', '1000', '170']
['learn.py', '1000', '187']
['learn.py', '1000', '189']
['learn.py', '1000', '181']
seed=170
/mnt/beegfs/rcabanas/dev/credici
/mnt/beegfs/rcabanas/dev/credici/papers/causal_flavour
/mnt/beegfs/rcabanas/dev/credici/papers/causal_flavour/learntmodels
/mnt/beegfs/rcabanas/dev/credici/papers/causal_flavour/models
/mnt/beegfs/rcabanas/dev/credici/target/credici-0.1.5-dev-SNAPSHOT-jar-with-dependencies.jar
/mnt/beegfs/rcabanas/dev/credici/papers/causal_flavour/code/LearnCF.java
['learn.py', '1000', '152']
['learn.py', '1000', '195']
seed=187
/mnt/beegfs/rcabanas/dev/credici
/mnt/beegfs/rcabanas/dev/credici/papers/causal_flavour
/mnt/beegfs/rcabanas/dev/credici/papers/causal_flavour/learntmodels
/mnt/beegfs/rcabanas/dev/credici/papers/causal_flavour/models
/mnt/beegfs/rcabanas/dev/credici/target/credici-0.1.5-dev-SNAPSHOT-jar-with-dependencies.jar
/mnt/beegfs/rcabanas/dev/credici/papers/causal_flavour/code/LearnCF.java
seed=189
/mnt/beegfs/rcabanas/dev/credici
/mnt/beegfs/rcabanas/dev/credici/papers/causal_flavour
/mnt/beegfs/rcabanas/dev/credici/papers/causal_flavour/learntmodels
/mnt/beegfs/rcabanas/dev/credici/papers/causal_flavour/models
/mnt/beegfs/rcabanas/dev/credici/target/credici-0.1.5-dev-SNAPSHOT-jar-with-dependencies.jar
/mnt/beegfs/rcabanas/dev/credici/papers/causal_flavour/code/LearnCF.java
['learn.py', '1000', '156']
['learn.py', '1000', '174']
['learn.py', '1000', '168']
['learn.py', '1000', '162']
['learn.py', '1000', '163']
['learn.py', '1000', '160']
['learn.py', '1000', '150']
seed=181
/mnt/beegfs/rcabanas/dev/credici
/mnt/beegfs/rcabanas/dev/credici/papers/causal_flavour
/mnt/beegfs/rcabanas/dev/credici/papers/causal_flavour/learntmodels
/mnt/beegfs/rcabanas/dev/credici/papers/causal_flavour/models
/mnt/beegfs/rcabanas/dev/credici/target/credici-0.1.5-dev-SNAPSHOT-jar-with-dependencies.jar
/mnt/beegfs/rcabanas/dev/credici/papers/causal_flavour/code/LearnCF.java
seed=152
/mnt/beegfs/rcabanas/dev/credici
/mnt/beegfs/rcabanas/dev/credici/papers/causal_flavour
/mnt/beegfs/rcabanas/dev/credici/papers/causal_flavour/learntmodels
/mnt/beegfs/rcabanas/dev/credici/papers/causal_flavour/models
/mnt/beegfs/rcabanas/dev/credici/target/credici-0.1.5-dev-SNAPSHOT-jar-with-dependencies.jar
/mnt/beegfs/rcabanas/dev/credici/papers/causal_flavour/code/LearnCF.java
seed=195
/mnt/beegfs/rcabanas/dev/credici
['learn.py', '1000', '175']
/mnt/beegfs/rcabanas/dev/credici/papers/causal_flavour
/mnt/beegfs/rcabanas/dev/credici/papers/causal_flavour/learntmodels
/mnt/beegfs/rcabanas/dev/credici/papers/causal_flavour/models
/mnt/beegfs/rcabanas/dev/credici/target/credici-0.1.5-dev-SNAPSHOT-jar-with-dependencies.jar
/mnt/beegfs/rcabanas/dev/credici/papers/causal_flavour/code/LearnCF.java
['learn.py', '1000', '193']
['learn.py', '1000', '151']
['learn.py', '1000', '200']
['learn.py', '1000', '179']
seed=156
/mnt/beegfs/rcabanas/dev/credici
/mnt/beegfs/rcabanas/dev/credici/papers/causal_flavour
seed=162
seed=168
/mnt/beegfs/rcabanas/dev/credici
/mnt/beegfs/rcabanas/dev/credici/papers/causal_flavour
/mnt/beegfs/rcabanas/dev/credici/papers/causal_flavour/learntmodels
/mnt/beegfs/rcabanas/dev/credici/papers/causal_flavour/models
/mnt/beegfs/rcabanas/dev/credici/target/credici-0.1.5-dev-SNAPSHOT-jar-with-dependencies.jar
/mnt/beegfs/rcabanas/dev/credici/papers/causal_flavour/code/LearnCF.java
seed=174
/mnt/beegfs/rcabanas/dev/credici/papers/causal_flavour/learntmodels
/mnt/beegfs/rcabanas/dev/credici
/mnt/beegfs/rcabanas/dev/credici/papers/causal_flavour
/mnt/beegfs/rcabanas/dev/credici/papers/causal_flavour/learntmodels
seed=163
seed=160
/mnt/beegfs/rcabanas/dev/credici
/mnt/beegfs/rcabanas/dev/credici/papers/causal_flavour
/mnt/beegfs/rcabanas/dev/credici
/mnt/beegfs/rcabanas/dev/credici/papers/causal_flavour/models
/mnt/beegfs/rcabanas/dev/credici/papers/causal_flavour/models
/mnt/beegfs/rcabanas/dev/credici/target/credici-0.1.5-dev-SNAPSHOT-jar-with-dependencies.jar
/mnt/beegfs/rcabanas/dev/credici/papers/causal_flavour/code/LearnCF.java
/mnt/beegfs/rcabanas/dev/credici
/mnt/beegfs/rcabanas/dev/credici/papers/causal_flavour
/mnt/beegfs/rcabanas/dev/credici/papers/causal_flavour/learntmodels
/mnt/beegfs/rcabanas/dev/credici/papers/causal_flavour/models
/mnt/beegfs/rcabanas/dev/credici/target/credici-0.1.5-dev-SNAPSHOT-jar-with-dependencies.jar
/mnt/beegfs/rcabanas/dev/credici/papers/causal_flavour/learntmodels
/mnt/beegfs/rcabanas/dev/credici/papers/causal_flavour/models
/mnt/beegfs/rcabanas/dev/credici/target/credici-0.1.5-dev-SNAPSHOT-jar-with-dependencies.jar
/mnt/beegfs/rcabanas/dev/credici/papers/causal_flavour/code/LearnCF.java
/mnt/beegfs/rcabanas/dev/credici/papers/causal_flavour
/mnt/beegfs/rcabanas/dev/credici/target/credici-0.1.5-dev-SNAPSHOT-jar-with-dependencies.jar
/mnt/beegfs/rcabanas/dev/credici/papers/causal_flavour/code/LearnCF.java
['learn.py', '1000', '153']
seed=150
/mnt/beegfs/rcabanas/dev/credici/papers/causal_flavour/code/LearnCF.java
/mnt/beegfs/rcabanas/dev/credici/papers/causal_flavour/learntmodels
/mnt/beegfs/rcabanas/dev/credici
/mnt/beegfs/rcabanas/dev/credici/papers/causal_flavour
/mnt/beegfs/rcabanas/dev/credici/papers/causal_flavour/models
seed=175
/mnt/beegfs/rcabanas/dev/credici
/mnt/beegfs/rcabanas/dev/credici/papers/causal_flavour
/mnt/beegfs/rcabanas/dev/credici/papers/causal_flavour/learntmodels
/mnt/beegfs/rcabanas/dev/credici/papers/causal_flavour/models
/mnt/beegfs/rcabanas/dev/credici/target/credici-0.1.5-dev-SNAPSHOT-jar-with-dependencies.jar
/mnt/beegfs/rcabanas/dev/credici/papers/causal_flavour/code/LearnCF.java
['learn.py', '1000', '188']
/mnt/beegfs/rcabanas/dev/credici/papers/causal_flavour/learntmodels
/mnt/beegfs/rcabanas/dev/credici/target/credici-0.1.5-dev-SNAPSHOT-jar-with-dependencies.jar
['learn.py', '1000', '166']
/mnt/beegfs/rcabanas/dev/credici/papers/causal_flavour/models
/mnt/beegfs/rcabanas/dev/credici/target/credici-0.1.5-dev-SNAPSHOT-jar-with-dependencies.jar
/mnt/beegfs/rcabanas/dev/credici/papers/causal_flavour/code/LearnCF.java
/mnt/beegfs/rcabanas/dev/credici/papers/causal_flavour/code/LearnCF.java
seed=193
seed=200
seed=151
/mnt/beegfs/rcabanas/dev/credici
/mnt/beegfs/rcabanas/dev/credici/papers/causal_flavour
/mnt/beegfs/rcabanas/dev/credici/papers/causal_flavour/learntmodels
/mnt/beegfs/rcabanas/dev/credici/papers/causal_flavour/models
seed=179
/mnt/beegfs/rcabanas/dev/credici
/mnt/beegfs/rcabanas/dev/credici
/mnt/beegfs/rcabanas/dev/credici/papers/causal_flavour
/mnt/beegfs/rcabanas/dev/credici/papers/causal_flavour/learntmodels
/mnt/beegfs/rcabanas/dev/credici/papers/causal_flavour/models
/mnt/beegfs/rcabanas/dev/credici/target/credici-0.1.5-dev-SNAPSHOT-jar-with-dependencies.jar
/mnt/beegfs/rcabanas/dev/credici/papers/causal_flavour/code/LearnCF.java
['learn.py', '1000', '191']
/mnt/beegfs/rcabanas/dev/credici
/mnt/beegfs/rcabanas/dev/credici/papers/causal_flavour
/mnt/beegfs/rcabanas/dev/credici/papers/causal_flavour/learntmodels
['learn.py', '1000', '198']
['learn.py', '1000', '158']
['learn.py', '1000', '178']
/mnt/beegfs/rcabanas/dev/credici/target/credici-0.1.5-dev-SNAPSHOT-jar-with-dependencies.jar
/mnt/beegfs/rcabanas/dev/credici/papers/causal_flavour/code/LearnCF.java
/mnt/beegfs/rcabanas/dev/credici/papers/causal_flavour
/mnt/beegfs/rcabanas/dev/credici/papers/causal_flavour/learntmodels
/mnt/beegfs/rcabanas/dev/credici/papers/causal_flavour/models
/mnt/beegfs/rcabanas/dev/credici/target/credici-0.1.5-dev-SNAPSHOT-jar-with-dependencies.jar
/mnt/beegfs/rcabanas/dev/credici/papers/causal_flavour/code/LearnCF.java
/mnt/beegfs/rcabanas/dev/credici/papers/causal_flavour/models
['learn.py', '1000', '190']
['learn.py', '1000', '184']
seed=153
/mnt/beegfs/rcabanas/dev/credici
/mnt/beegfs/rcabanas/dev/credici/papers/causal_flavour
/mnt/beegfs/rcabanas/dev/credici/papers/causal_flavour/learntmodels
/mnt/beegfs/rcabanas/dev/credici/papers/causal_flavour/models
/mnt/beegfs/rcabanas/dev/credici/target/credici-0.1.5-dev-SNAPSHOT-jar-with-dependencies.jar
/mnt/beegfs/rcabanas/dev/credici/papers/causal_flavour/code/LearnCF.java
/mnt/beegfs/rcabanas/dev/credici/target/credici-0.1.5-dev-SNAPSHOT-jar-with-dependencies.jar
/mnt/beegfs/rcabanas/dev/credici/papers/causal_flavour/code/LearnCF.java
['learn.py', '1000', '161']
['learn.py', '1000', '194']
['learn.py', '1000', '167']
seed=188
/mnt/beegfs/rcabanas/dev/credici
/mnt/beegfs/rcabanas/dev/credici/papers/causal_flavour
/mnt/beegfs/rcabanas/dev/credici/papers/causal_flavour/learntmodels
['learn.py', '1000', '177']
/mnt/beegfs/rcabanas/dev/credici/papers/causal_flavour/models
/mnt/beegfs/rcabanas/dev/credici/target/credici-0.1.5-dev-SNAPSHOT-jar-with-dependencies.jar
seed=166
/mnt/beegfs/rcabanas/dev/credici
/mnt/beegfs/rcabanas/dev/credici/papers/causal_flavour
/mnt/beegfs/rcabanas/dev/credici/papers/causal_flavour/learntmodels
/mnt/beegfs/rcabanas/dev/credici/papers/causal_flavour/models
/mnt/beegfs/rcabanas/dev/credici/target/credici-0.1.5-dev-SNAPSHOT-jar-with-dependencies.jar
/mnt/beegfs/rcabanas/dev/credici/papers/causal_flavour/code/LearnCF.java
/mnt/beegfs/rcabanas/dev/credici/papers/causal_flavour/code/LearnCF.java
seed=191
/mnt/beegfs/rcabanas/dev/credici
/mnt/beegfs/rcabanas/dev/credici/papers/causal_flavour
/mnt/beegfs/rcabanas/dev/credici/papers/causal_flavour/learntmodels
/mnt/beegfs/rcabanas/dev/credici/papers/causal_flavour/models
/mnt/beegfs/rcabanas/dev/credici/target/credici-0.1.5-dev-SNAPSHOT-jar-with-dependencies.jar
/mnt/beegfs/rcabanas/dev/credici/papers/causal_flavour/code/LearnCF.java
seed=198
/mnt/beegfs/rcabanas/dev/credici
/mnt/beegfs/rcabanas/dev/credici/papers/causal_flavour
/mnt/beegfs/rcabanas/dev/credici/papers/causal_flavour/learntmodels
/mnt/beegfs/rcabanas/dev/credici/papers/causal_flavour/models
/mnt/beegfs/rcabanas/dev/credici/target/credici-0.1.5-dev-SNAPSHOT-jar-with-dependencies.jar
/mnt/beegfs/rcabanas/dev/credici/papers/causal_flavour/code/LearnCF.java
seed=158
seed=178
/mnt/beegfs/rcabanas/dev/credici
/mnt/beegfs/rcabanas/dev/credici/papers/causal_flavour
/mnt/beegfs/rcabanas/dev/credici/papers/causal_flavour/learntmodels
/mnt/beegfs/rcabanas/dev/credici/papers/causal_flavour/models
/mnt/beegfs/rcabanas/dev/credici/target/credici-0.1.5-dev-SNAPSHOT-jar-with-dependencies.jar
/mnt/beegfs/rcabanas/dev/credici
/mnt/beegfs/rcabanas/dev/credici/papers/causal_flavour
/mnt/beegfs/rcabanas/dev/credici/papers/causal_flavour/learntmodels
/mnt/beegfs/rcabanas/dev/credici/papers/causal_flavour/models
/mnt/beegfs/rcabanas/dev/credici/target/credici-0.1.5-dev-SNAPSHOT-jar-with-dependencies.jar
seed=190
/mnt/beegfs/rcabanas/dev/credici
/mnt/beegfs/rcabanas/dev/credici/papers/causal_flavour
/mnt/beegfs/rcabanas/dev/credici/papers/causal_flavour/learntmodels
/mnt/beegfs/rcabanas/dev/credici/papers/causal_flavour/models
/mnt/beegfs/rcabanas/dev/credici/target/credici-0.1.5-dev-SNAPSHOT-jar-with-dependencies.jar
/mnt/beegfs/rcabanas/dev/credici/papers/causal_flavour/code/LearnCF.java
seed=184
/mnt/beegfs/rcabanas/dev/credici/papers/causal_flavour/code/LearnCF.java
/mnt/beegfs/rcabanas/dev/credici/papers/causal_flavour/code/LearnCF.java
['learn.py', '1000', '199']
seed=161
/mnt/beegfs/rcabanas/dev/credici
/mnt/beegfs/rcabanas/dev/credici/papers/causal_flavour
/mnt/beegfs/rcabanas/dev/credici/papers/causal_flavour/learntmodels
/mnt/beegfs/rcabanas/dev/credici/papers/causal_flavour/models
/mnt/beegfs/rcabanas/dev/credici/target/credici-0.1.5-dev-SNAPSHOT-jar-with-dependencies.jar
/mnt/beegfs/rcabanas/dev/credici/papers/causal_flavour/code/LearnCF.java
seed=194
/mnt/beegfs/rcabanas/dev/credici
/mnt/beegfs/rcabanas/dev/credici/papers/causal_flavour
seed=167
/mnt/beegfs/rcabanas/dev/credici
/mnt/beegfs/rcabanas/dev/credici/papers/causal_flavour/learntmodels
/mnt/beegfs/rcabanas/dev/credici/papers/causal_flavour/models
/mnt/beegfs/rcabanas/dev/credici
/mnt/beegfs/rcabanas/dev/credici/papers/causal_flavour
/mnt/beegfs/rcabanas/dev/credici/target/credici-0.1.5-dev-SNAPSHOT-jar-with-dependencies.jar
/mnt/beegfs/rcabanas/dev/credici/papers/causal_flavour
/mnt/beegfs/rcabanas/dev/credici/papers/causal_flavour/learntmodels
/mnt/beegfs/rcabanas/dev/credici/papers/causal_flavour/models
/mnt/beegfs/rcabanas/dev/credici/target/credici-0.1.5-dev-SNAPSHOT-jar-with-dependencies.jar
/mnt/beegfs/rcabanas/dev/credici/papers/causal_flavour/code/LearnCF.java
/mnt/beegfs/rcabanas/dev/credici/papers/causal_flavour/learntmodels
/mnt/beegfs/rcabanas/dev/credici/papers/causal_flavour/models
/mnt/beegfs/rcabanas/dev/credici/target/credici-0.1.5-dev-SNAPSHOT-jar-with-dependencies.jar
/mnt/beegfs/rcabanas/dev/credici/papers/causal_flavour/code/LearnCF.java
seed=177
/mnt/beegfs/rcabanas/dev/credici
/mnt/beegfs/rcabanas/dev/credici/papers/causal_flavour
/mnt/beegfs/rcabanas/dev/credici/papers/causal_flavour/learntmodels
/mnt/beegfs/rcabanas/dev/credici/papers/causal_flavour/models
/mnt/beegfs/rcabanas/dev/credici/target/credici-0.1.5-dev-SNAPSHOT-jar-with-dependencies.jar
/mnt/beegfs/rcabanas/dev/credici/papers/causal_flavour/code/LearnCF.java
/mnt/beegfs/rcabanas/dev/credici/papers/causal_flavour/code/LearnCF.java
seed=199
/mnt/beegfs/rcabanas/dev/credici
/mnt/beegfs/rcabanas/dev/credici/papers/causal_flavour
/mnt/beegfs/rcabanas/dev/credici/papers/causal_flavour/learntmodels
/mnt/beegfs/rcabanas/dev/credici/papers/causal_flavour/models
/mnt/beegfs/rcabanas/dev/credici/target/credici-0.1.5-dev-SNAPSHOT-jar-with-dependencies.jar
/mnt/beegfs/rcabanas/dev/credici/papers/causal_flavour/code/LearnCF.java
['learn.py', '1000', '165']
seed=165
/mnt/beegfs/rcabanas/dev/credici
/mnt/beegfs/rcabanas/dev/credici/papers/causal_flavour
/mnt/beegfs/rcabanas/dev/credici/papers/causal_flavour/learntmodels
/mnt/beegfs/rcabanas/dev/credici/papers/causal_flavour/models
/mnt/beegfs/rcabanas/dev/credici/target/credici-0.1.5-dev-SNAPSHOT-jar-with-dependencies.jar
/mnt/beegfs/rcabanas/dev/credici/papers/causal_flavour/code/LearnCF.java
[2024-05-17T09:47:56.625398][INFO][seed185] Set up logging
[2024-05-17T09:47:56.655163][INFO][seed185] args: -m;1000;-o;/mnt/beegfs/rcabanas/dev/credici/papers/causal_flavour/learntmodels/miter1000;--data;/mnt/beegfs/rcabanas/dev/credici/papers/causal_flavour/data/simple_learner_4Q10k_data.csv;-rw;-s;185;/mnt/beegfs/rcabanas/dev/credici/papers/causal_flavour/models/simple_learner_4Q10k.uai
[2024-05-17T09:47:56.630158][INFO][seed171] Set up logging
[2024-05-17T09:47:56.637032][INFO][seed180] Set up logging
[2024-05-17T09:47:56.662137][INFO][seed171] args: -m;1000;-o;/mnt/beegfs/rcabanas/dev/credici/papers/causal_flavour/learntmodels/miter1000;--data;/mnt/beegfs/rcabanas/dev/credici/papers/causal_flavour/data/simple_learner_4Q10k_data.csv;-rw;-s;171;/mnt/beegfs/rcabanas/dev/credici/papers/causal_flavour/models/simple_learner_4Q10k.uai
[2024-05-17T09:47:56.659165][INFO][seed185] Starting logger with seed 185
[2024-05-17T09:47:56.662205][INFO][seed180] args: -m;1000;-o;/mnt/beegfs/rcabanas/dev/credici/papers/causal_flavour/learntmodels/miter1000;--data;/mnt/beegfs/rcabanas/dev/credici/papers/causal_flavour/data/simple_learner_4Q10k_data.csv;-rw;-s;180;/mnt/beegfs/rcabanas/dev/credici/papers/causal_flavour/models/simple_learner_4Q10k.uai
[2024-05-17T09:47:56.665557][INFO][seed171] Starting logger with seed 171
[2024-05-17T09:47:56.676471][INFO][seed180] Starting logger with seed 180
[2024-05-17T09:47:56.715352][INFO][seed176] Set up logging
[2024-05-17T09:47:56.745352][INFO][seed176] args: -m;1000;-o;/mnt/beegfs/rcabanas/dev/credici/papers/causal_flavour/learntmodels/miter1000;--data;/mnt/beegfs/rcabanas/dev/credici/papers/causal_flavour/data/simple_learner_4Q10k_data.csv;-rw;-s;176;/mnt/beegfs/rcabanas/dev/credici/papers/causal_flavour/models/simple_learner_4Q10k.uai
[2024-05-17T09:47:56.749600][INFO][seed176] Starting logger with seed 176
[2024-05-17T09:47:56.719801][INFO][seed159] Set up logging
[2024-05-17T09:47:56.757036][INFO][seed159] args: -m;1000;-o;/mnt/beegfs/rcabanas/dev/credici/papers/causal_flavour/learntmodels/miter1000;--data;/mnt/beegfs/rcabanas/dev/credici/papers/causal_flavour/data/simple_learner_4Q10k_data.csv;-rw;-s;159;/mnt/beegfs/rcabanas/dev/credici/papers/causal_flavour/models/simple_learner_4Q10k.uai
[2024-05-17T09:47:56.761049][INFO][seed159] Starting logger with seed 159
[2024-05-17T09:47:56.765423][INFO][seed173] Set up logging
[2024-05-17T09:47:56.769749][INFO][seed154] Set up logging
[2024-05-17T09:47:56.795411][INFO][seed173] args: -m;1000;-o;/mnt/beegfs/rcabanas/dev/credici/papers/causal_flavour/learntmodels/miter1000;--data;/mnt/beegfs/rcabanas/dev/credici/papers/causal_flavour/data/simple_learner_4Q10k_data.csv;-rw;-s;173;/mnt/beegfs/rcabanas/dev/credici/papers/causal_flavour/models/simple_learner_4Q10k.uai
[2024-05-17T09:47:56.795419][INFO][seed154] args: -m;1000;-o;/mnt/beegfs/rcabanas/dev/credici/papers/causal_flavour/learntmodels/miter1000;--data;/mnt/beegfs/rcabanas/dev/credici/papers/causal_flavour/data/simple_learner_4Q10k_data.csv;-rw;-s;154;/mnt/beegfs/rcabanas/dev/credici/papers/causal_flavour/models/simple_learner_4Q10k.uai
[2024-05-17T09:47:56.777220][INFO][seed169] Set up logging
[2024-05-17T09:47:56.800508][INFO][seed173] Starting logger with seed 173
[2024-05-17T09:47:56.782212][INFO][seed182] Set up logging
[2024-05-17T09:47:56.808706][INFO][seed182] args: -m;1000;-o;/mnt/beegfs/rcabanas/dev/credici/papers/causal_flavour/learntmodels/miter1000;--data;/mnt/beegfs/rcabanas/dev/credici/papers/causal_flavour/data/simple_learner_4Q10k_data.csv;-rw;-s;182;/mnt/beegfs/rcabanas/dev/credici/papers/causal_flavour/models/simple_learner_4Q10k.uai
[2024-05-17T09:47:56.803876][INFO][seed169] args: -m;1000;-o;/mnt/beegfs/rcabanas/dev/credici/papers/causal_flavour/learntmodels/miter1000;--data;/mnt/beegfs/rcabanas/dev/credici/papers/causal_flavour/data/simple_learner_4Q10k_data.csv;-rw;-s;169;/mnt/beegfs/rcabanas/dev/credici/papers/causal_flavour/models/simple_learner_4Q10k.uai
[2024-05-17T09:47:56.808799][INFO][seed154] Starting logger with seed 154
[2024-05-17T09:47:56.783905][INFO][seed183] Set up logging
[2024-05-17T09:47:56.815973][INFO][seed182] Starting logger with seed 182
[2024-05-17T09:47:56.814647][INFO][seed183] args: -m;1000;-o;/mnt/beegfs/rcabanas/dev/credici/papers/causal_flavour/learntmodels/miter1000;--data;/mnt/beegfs/rcabanas/dev/credici/papers/causal_flavour/data/simple_learner_4Q10k_data.csv;-rw;-s;183;/mnt/beegfs/rcabanas/dev/credici/papers/causal_flavour/models/simple_learner_4Q10k.uai
[2024-05-17T09:47:56.806352][INFO][seed172] Set up logging
[2024-05-17T09:47:56.822773][INFO][seed183] Starting logger with seed 183
[2024-05-17T09:47:56.794928][INFO][seed186] Set up logging
[2024-05-17T09:47:56.823867][INFO][seed186] args: -m;1000;-o;/mnt/beegfs/rcabanas/dev/credici/papers/causal_flavour/learntmodels/miter1000;--data;/mnt/beegfs/rcabanas/dev/credici/papers/causal_flavour/data/simple_learner_4Q10k_data.csv;-rw;-s;186;/mnt/beegfs/rcabanas/dev/credici/papers/causal_flavour/models/simple_learner_4Q10k.uai
[2024-05-17T09:47:56.828][INFO][seed186] Starting logger with seed 186
[2024-05-17T09:47:56.821328][INFO][seed169] Starting logger with seed 169
[2024-05-17T09:47:56.801081][INFO][seed197] Set up logging
[2024-05-17T09:47:56.831629][INFO][seed197] args: -m;1000;-o;/mnt/beegfs/rcabanas/dev/credici/papers/causal_flavour/learntmodels/miter1000;--data;/mnt/beegfs/rcabanas/dev/credici/papers/causal_flavour/data/simple_learner_4Q10k_data.csv;-rw;-s;197;/mnt/beegfs/rcabanas/dev/credici/papers/causal_flavour/models/simple_learner_4Q10k.uai
[2024-05-17T09:47:56.797295][INFO][seed192] Set up logging
[2024-05-17T09:47:56.825161][INFO][seed172] args: -m;1000;-o;/mnt/beegfs/rcabanas/dev/credici/papers/causal_flavour/learntmodels/miter1000;--data;/mnt/beegfs/rcabanas/dev/credici/papers/causal_flavour/data/simple_learner_4Q10k_data.csv;-rw;-s;172;/mnt/beegfs/rcabanas/dev/credici/papers/causal_flavour/models/simple_learner_4Q10k.uai
[2024-05-17T09:47:56.814209][INFO][seed164] Set up logging
[2024-05-17T09:47:56.837102][INFO][seed197] Starting logger with seed 197
[2024-05-17T09:47:56.834248][INFO][seed192] args: -m;1000;-o;/mnt/beegfs/rcabanas/dev/credici/papers/causal_flavour/learntmodels/miter1000;--data;/mnt/beegfs/rcabanas/dev/credici/papers/causal_flavour/data/simple_learner_4Q10k_data.csv;-rw;-s;192;/mnt/beegfs/rcabanas/dev/credici/papers/causal_flavour/models/simple_learner_4Q10k.uai
[2024-05-17T09:47:56.839376][INFO][seed172] Starting logger with seed 172
[2024-05-17T09:47:56.839167][INFO][seed164] args: -m;1000;-o;/mnt/beegfs/rcabanas/dev/credici/papers/causal_flavour/learntmodels/miter1000;--data;/mnt/beegfs/rcabanas/dev/credici/papers/causal_flavour/data/simple_learner_4Q10k_data.csv;-rw;-s;164;/mnt/beegfs/rcabanas/dev/credici/papers/causal_flavour/models/simple_learner_4Q10k.uai
[2024-05-17T09:47:56.840425][INFO][seed192] Starting logger with seed 192
[2024-05-17T09:47:56.850471][INFO][seed164] Starting logger with seed 164
[2024-05-17T09:47:57.045778][INFO][seed196] Set up logging
[2024-05-17T09:47:57.075432][INFO][seed196] args: -m;1000;-o;/mnt/beegfs/rcabanas/dev/credici/papers/causal_flavour/learntmodels/miter1000;--data;/mnt/beegfs/rcabanas/dev/credici/papers/causal_flavour/data/simple_learner_4Q10k_data.csv;-rw;-s;196;/mnt/beegfs/rcabanas/dev/credici/papers/causal_flavour/models/simple_learner_4Q10k.uai
[2024-05-17T09:47:57.079799][INFO][seed196] Starting logger with seed 196
[2024-05-17T09:47:57.115897][INFO][seed155] Set up logging
[2024-05-17T09:47:57.138722][INFO][seed155] args: -m;1000;-o;/mnt/beegfs/rcabanas/dev/credici/papers/causal_flavour/learntmodels/miter1000;--data;/mnt/beegfs/rcabanas/dev/credici/papers/causal_flavour/data/simple_learner_4Q10k_data.csv;-rw;-s;155;/mnt/beegfs/rcabanas/dev/credici/papers/causal_flavour/models/simple_learner_4Q10k.uai
[2024-05-17T09:47:57.151221][INFO][seed155] Starting logger with seed 155
[2024-05-17T09:47:57.190270][INFO][seed170] Set up logging
[2024-05-17T09:47:57.217109][INFO][seed170] args: -m;1000;-o;/mnt/beegfs/rcabanas/dev/credici/papers/causal_flavour/learntmodels/miter1000;--data;/mnt/beegfs/rcabanas/dev/credici/papers/causal_flavour/data/simple_learner_4Q10k_data.csv;-rw;-s;170;/mnt/beegfs/rcabanas/dev/credici/papers/causal_flavour/models/simple_learner_4Q10k.uai
[2024-05-17T09:47:57.223748][INFO][seed170] Starting logger with seed 170
[2024-05-17T09:47:57.254036][INFO][seed189] Set up logging
[2024-05-17T09:47:57.274851][INFO][seed189] args: -m;1000;-o;/mnt/beegfs/rcabanas/dev/credici/papers/causal_flavour/learntmodels/miter1000;--data;/mnt/beegfs/rcabanas/dev/credici/papers/causal_flavour/data/simple_learner_4Q10k_data.csv;-rw;-s;189;/mnt/beegfs/rcabanas/dev/credici/papers/causal_flavour/models/simple_learner_4Q10k.uai
[2024-05-17T09:47:57.280314][INFO][seed189] Starting logger with seed 189
[2024-05-17T09:47:57.313552][INFO][seed185] Loaded model and info: /mnt/beegfs/rcabanas/dev/credici/papers/causal_flavour/models/simple_learner_4Q10k.uai
[2024-05-17T09:47:57.330802][INFO][seed171] Loaded model and info: /mnt/beegfs/rcabanas/dev/credici/papers/causal_flavour/models/simple_learner_4Q10k.uai
[2024-05-17T09:47:57.333146][INFO][seed180] Loaded model and info: /mnt/beegfs/rcabanas/dev/credici/papers/causal_flavour/models/simple_learner_4Q10k.uai
[2024-05-17T09:47:57.359529][INFO][seed187] Set up logging
[2024-05-17T09:47:57.384790][INFO][seed187] args: -m;1000;-o;/mnt/beegfs/rcabanas/dev/credici/papers/causal_flavour/learntmodels/miter1000;--data;/mnt/beegfs/rcabanas/dev/credici/papers/causal_flavour/data/simple_learner_4Q10k_data.csv;-rw;-s;187;/mnt/beegfs/rcabanas/dev/credici/papers/causal_flavour/models/simple_learner_4Q10k.uai
[2024-05-17T09:47:57.389686][INFO][seed187] Starting logger with seed 187
[2024-05-17T09:47:57.500190][INFO][seed176] Loaded model and info: /mnt/beegfs/rcabanas/dev/credici/papers/causal_flavour/models/simple_learner_4Q10k.uai
[2024-05-17T09:47:57.477041][INFO][seed161] Set up logging
[2024-05-17T09:47:57.503436][INFO][seed161] args: -m;1000;-o;/mnt/beegfs/rcabanas/dev/credici/papers/causal_flavour/learntmodels/miter1000;--data;/mnt/beegfs/rcabanas/dev/credici/papers/causal_flavour/data/simple_learner_4Q10k_data.csv;-rw;-s;161;/mnt/beegfs/rcabanas/dev/credici/papers/causal_flavour/models/simple_learner_4Q10k.uai
[2024-05-17T09:47:57.507442][INFO][seed161] Starting logger with seed 161
[2024-05-17T09:47:57.478053][INFO][seed190] Set up logging
[2024-05-17T09:47:57.484054][INFO][seed179] Set up logging
[2024-05-17T09:47:57.506332][INFO][seed179] args: -m;1000;-o;/mnt/beegfs/rcabanas/dev/credici/papers/causal_flavour/learntmodels/miter1000;--data;/mnt/beegfs/rcabanas/dev/credici/papers/causal_flavour/data/simple_learner_4Q10k_data.csv;-rw;-s;179;/mnt/beegfs/rcabanas/dev/credici/papers/causal_flavour/models/simple_learner_4Q10k.uai
[2024-05-17T09:47:57.504311][INFO][seed190] args: -m;1000;-o;/mnt/beegfs/rcabanas/dev/credici/papers/causal_flavour/learntmodels/miter1000;--data;/mnt/beegfs/rcabanas/dev/credici/papers/causal_flavour/data/simple_learner_4Q10k_data.csv;-rw;-s;190;/mnt/beegfs/rcabanas/dev/credici/papers/causal_flavour/models/simple_learner_4Q10k.uai
[2024-05-17T09:47:57.509940][INFO][seed190] Starting logger with seed 190
[2024-05-17T09:47:57.509939][INFO][seed179] Starting logger with seed 179
[2024-05-17T09:47:57.532635][INFO][seed159] Loaded model and info: /mnt/beegfs/rcabanas/dev/credici/papers/causal_flavour/models/simple_learner_4Q10k.uai
[2024-05-17T09:47:57.541250][INFO][seed192] Loaded model and info: /mnt/beegfs/rcabanas/dev/credici/papers/causal_flavour/models/simple_learner_4Q10k.uai
[2024-05-17T09:47:57.517472][INFO][seed184] Set up logging
[2024-05-17T09:47:57.543885][INFO][seed184] args: -m;1000;-o;/mnt/beegfs/rcabanas/dev/credici/papers/causal_flavour/learntmodels/miter1000;--data;/mnt/beegfs/rcabanas/dev/credici/papers/causal_flavour/data/simple_learner_4Q10k_data.csv;-rw;-s;184;/mnt/beegfs/rcabanas/dev/credici/papers/causal_flavour/models/simple_learner_4Q10k.uai
[2024-05-17T09:47:57.551467][INFO][seed184] Starting logger with seed 184
[2024-05-17T09:47:57.534812][INFO][seed151] Set up logging
[2024-05-17T09:47:57.557494][INFO][seed151] args: -m;1000;-o;/mnt/beegfs/rcabanas/dev/credici/papers/causal_flavour/learntmodels/miter1000;--data;/mnt/beegfs/rcabanas/dev/credici/papers/causal_flavour/data/simple_learner_4Q10k_data.csv;-rw;-s;151;/mnt/beegfs/rcabanas/dev/credici/papers/causal_flavour/models/simple_learner_4Q10k.uai
[2024-05-17T09:47:57.560499][INFO][seed151] Starting logger with seed 151
[2024-05-17T09:47:57.567230][INFO][seed169] Loaded model and info: /mnt/beegfs/rcabanas/dev/credici/papers/causal_flavour/models/simple_learner_4Q10k.uai
[2024-05-17T09:47:57.550434][INFO][seed167] Set up logging
[2024-05-17T09:47:57.573508][INFO][seed167] args: -m;1000;-o;/mnt/beegfs/rcabanas/dev/credici/papers/causal_flavour/learntmodels/miter1000;--data;/mnt/beegfs/rcabanas/dev/credici/papers/causal_flavour/data/simple_learner_4Q10k_data.csv;-rw;-s;167;/mnt/beegfs/rcabanas/dev/credici/papers/causal_flavour/models/simple_learner_4Q10k.uai
[2024-05-17T09:47:57.576442][INFO][seed167] Starting logger with seed 167
[2024-05-17T09:47:57.561235][INFO][seed158] Set up logging
[2024-05-17T09:47:57.587952][INFO][seed158] args: -m;1000;-o;/mnt/beegfs/rcabanas/dev/credici/papers/causal_flavour/learntmodels/miter1000;--data;/mnt/beegfs/rcabanas/dev/credici/papers/causal_flavour/data/simple_learner_4Q10k_data.csv;-rw;-s;158;/mnt/beegfs/rcabanas/dev/credici/papers/causal_flavour/models/simple_learner_4Q10k.uai
[2024-05-17T09:47:57.591948][INFO][seed158] Starting logger with seed 158
[2024-05-17T09:47:57.588145][INFO][seed183] Loaded model and info: /mnt/beegfs/rcabanas/dev/credici/papers/causal_flavour/models/simple_learner_4Q10k.uai
[2024-05-17T09:47:57.590135][INFO][seed186] Loaded model and info: /mnt/beegfs/rcabanas/dev/credici/papers/causal_flavour/models/simple_learner_4Q10k.uai
[2024-05-17T09:47:57.570516][INFO][seed199] Set up logging
[2024-05-17T09:47:57.593489][INFO][seed199] args: -m;1000;-o;/mnt/beegfs/rcabanas/dev/credici/papers/causal_flavour/learntmodels/miter1000;--data;/mnt/beegfs/rcabanas/dev/credici/papers/causal_flavour/data/simple_learner_4Q10k_data.csv;-rw;-s;199;/mnt/beegfs/rcabanas/dev/credici/papers/causal_flavour/models/simple_learner_4Q10k.uai
[2024-05-17T09:47:57.599962][INFO][seed172] Loaded model and info: /mnt/beegfs/rcabanas/dev/credici/papers/causal_flavour/models/simple_learner_4Q10k.uai
[2024-05-17T09:47:57.596679][INFO][seed199] Starting logger with seed 199
[2024-05-17T09:47:57.575589][INFO][seed178] Set up logging
[2024-05-17T09:47:57.605406][INFO][seed178] args: -m;1000;-o;/mnt/beegfs/rcabanas/dev/credici/papers/causal_flavour/learntmodels/miter1000;--data;/mnt/beegfs/rcabanas/dev/credici/papers/causal_flavour/data/simple_learner_4Q10k_data.csv;-rw;-s;178;/mnt/beegfs/rcabanas/dev/credici/papers/causal_flavour/models/simple_learner_4Q10k.uai
[2024-05-17T09:47:57.608771][INFO][seed178] Starting logger with seed 178
[2024-05-17T09:47:57.583377][INFO][seed198] Set up logging
[2024-05-17T09:47:57.610746][INFO][seed173] Loaded model and info: /mnt/beegfs/rcabanas/dev/credici/papers/causal_flavour/models/simple_learner_4Q10k.uai
[2024-05-17T09:47:57.611998][INFO][seed198] args: -m;1000;-o;/mnt/beegfs/rcabanas/dev/credici/papers/causal_flavour/learntmodels/miter1000;--data;/mnt/beegfs/rcabanas/dev/credici/papers/causal_flavour/data/simple_learner_4Q10k_data.csv;-rw;-s;198;/mnt/beegfs/rcabanas/dev/credici/papers/causal_flavour/models/simple_learner_4Q10k.uai
[2024-05-17T09:47:57.612835][INFO][seed154] Loaded model and info: /mnt/beegfs/rcabanas/dev/credici/papers/causal_flavour/models/simple_learner_4Q10k.uai
[2024-05-17T09:47:57.587394][INFO][seed193] Set up logging
[2024-05-17T09:47:57.614769][INFO][seed193] args: -m;1000;-o;/mnt/beegfs/rcabanas/dev/credici/papers/causal_flavour/learntmodels/miter1000;--data;/mnt/beegfs/rcabanas/dev/credici/papers/causal_flavour/data/simple_learner_4Q10k_data.csv;-rw;-s;193;/mnt/beegfs/rcabanas/dev/credici/papers/causal_flavour/models/simple_learner_4Q10k.uai
[2024-05-17T09:47:57.619742][INFO][seed193] Starting logger with seed 193
[2024-05-17T09:47:57.590501][INFO][seed188] Set up logging
[2024-05-17T09:47:57.614748][INFO][seed188] args: -m;1000;-o;/mnt/beegfs/rcabanas/dev/credici/papers/causal_flavour/learntmodels/miter1000;--data;/mnt/beegfs/rcabanas/dev/credici/papers/causal_flavour/data/simple_learner_4Q10k_data.csv;-rw;-s;188;/mnt/beegfs/rcabanas/dev/credici/papers/causal_flavour/models/simple_learner_4Q10k.uai
[2024-05-17T09:47:57.616307][INFO][seed198] Starting logger with seed 198
[2024-05-17T09:47:57.588965][INFO][seed166] Set up logging
[2024-05-17T09:47:57.592135][INFO][seed163] Set up logging
[2024-05-17T09:47:57.593215][INFO][seed153] Set up logging
[2024-05-17T09:47:57.622173][INFO][seed182] Loaded model and info: /mnt/beegfs/rcabanas/dev/credici/papers/causal_flavour/models/simple_learner_4Q10k.uai
[2024-05-17T09:47:57.624885][INFO][seed197] Loaded model and info: /mnt/beegfs/rcabanas/dev/credici/papers/causal_flavour/models/simple_learner_4Q10k.uai
[2024-05-17T09:47:57.619089][INFO][seed188] Starting logger with seed 188
[2024-05-17T09:47:57.628889][INFO][seed164] Loaded model and info: /mnt/beegfs/rcabanas/dev/credici/papers/causal_flavour/models/simple_learner_4Q10k.uai
[2024-05-17T09:47:57.618576][INFO][seed166] args: -m;1000;-o;/mnt/beegfs/rcabanas/dev/credici/papers/causal_flavour/learntmodels/miter1000;--data;/mnt/beegfs/rcabanas/dev/credici/papers/causal_flavour/data/simple_learner_4Q10k_data.csv;-rw;-s;166;/mnt/beegfs/rcabanas/dev/credici/papers/causal_flavour/models/simple_learner_4Q10k.uai
[2024-05-17T09:47:57.608897][INFO][seed177] Set up logging
[2024-05-17T09:47:57.619397][INFO][seed163] args: -m;1000;-o;/mnt/beegfs/rcabanas/dev/credici/papers/causal_flavour/learntmodels/miter1000;--data;/mnt/beegfs/rcabanas/dev/credici/papers/causal_flavour/data/simple_learner_4Q10k_data.csv;-rw;-s;163;/mnt/beegfs/rcabanas/dev/credici/papers/causal_flavour/models/simple_learner_4Q10k.uai
[2024-05-17T09:47:57.607758][INFO][seed175] Set up logging
[2024-05-17T09:47:57.612007][INFO][seed162] Set up logging
[2024-05-17T09:47:57.636935][INFO][seed162] args: -m;1000;-o;/mnt/beegfs/rcabanas/dev/credici/papers/causal_flavour/learntmodels/miter1000;--data;/mnt/beegfs/rcabanas/dev/credici/papers/causal_flavour/data/simple_learner_4Q10k_data.csv;-rw;-s;162;/mnt/beegfs/rcabanas/dev/credici/papers/causal_flavour/models/simple_learner_4Q10k.uai
[2024-05-17T09:47:57.640622][INFO][seed162] Starting logger with seed 162
[2024-05-17T09:47:57.619467][INFO][seed153] args: -m;1000;-o;/mnt/beegfs/rcabanas/dev/credici/papers/causal_flavour/learntmodels/miter1000;--data;/mnt/beegfs/rcabanas/dev/credici/papers/causal_flavour/data/simple_learner_4Q10k_data.csv;-rw;-s;153;/mnt/beegfs/rcabanas/dev/credici/papers/causal_flavour/models/simple_learner_4Q10k.uai
[2024-05-17T09:47:57.617218][INFO][seed194] Set up logging
[2024-05-17T09:47:57.637535][INFO][seed194] args: -m;1000;-o;/mnt/beegfs/rcabanas/dev/credici/papers/causal_flavour/learntmodels/miter1000;--data;/mnt/beegfs/rcabanas/dev/credici/papers/causal_flavour/data/simple_learner_4Q10k_data.csv;-rw;-s;194;/mnt/beegfs/rcabanas/dev/credici/papers/causal_flavour/models/simple_learner_4Q10k.uai
[2024-05-17T09:47:57.642374][INFO][seed194] Starting logger with seed 194
[2024-05-17T09:47:57.612460][INFO][seed165] Set up logging
[2024-05-17T09:47:57.614997][INFO][seed200] Set up logging
[2024-05-17T09:47:57.642465][INFO][seed200] args: -m;1000;-o;/mnt/beegfs/rcabanas/dev/credici/papers/causal_flavour/learntmodels/miter1000;--data;/mnt/beegfs/rcabanas/dev/credici/papers/causal_flavour/data/simple_learner_4Q10k_data.csv;-rw;-s;200;/mnt/beegfs/rcabanas/dev/credici/papers/causal_flavour/models/simple_learner_4Q10k.uai
[2024-05-17T09:47:57.645618][INFO][seed200] Starting logger with seed 200
[2024-05-17T09:47:57.624058][INFO][seed166] Starting logger with seed 166
[2024-05-17T09:47:57.631891][INFO][seed177] args: -m;1000;-o;/mnt/beegfs/rcabanas/dev/credici/papers/causal_flavour/learntmodels/miter1000;--data;/mnt/beegfs/rcabanas/dev/credici/papers/causal_flavour/data/simple_learner_4Q10k_data.csv;-rw;-s;177;/mnt/beegfs/rcabanas/dev/credici/papers/causal_flavour/models/simple_learner_4Q10k.uai
[2024-05-17T09:47:57.637227][INFO][seed177] Starting logger with seed 177
[2024-05-17T09:47:57.622430][INFO][seed163] Starting logger with seed 163
[2024-05-17T09:47:57.629781][INFO][seed160] Set up logging
[2024-05-17T09:47:57.656926][INFO][seed160] args: -m;1000;-o;/mnt/beegfs/rcabanas/dev/credici/papers/causal_flavour/learntmodels/miter1000;--data;/mnt/beegfs/rcabanas/dev/credici/papers/causal_flavour/data/simple_learner_4Q10k_data.csv;-rw;-s;160;/mnt/beegfs/rcabanas/dev/credici/papers/causal_flavour/models/simple_learner_4Q10k.uai
[2024-05-17T09:47:57.660392][INFO][seed160] Starting logger with seed 160
[2024-05-17T09:47:57.636126][INFO][seed175] args: -m;1000;-o;/mnt/beegfs/rcabanas/dev/credici/papers/causal_flavour/learntmodels/miter1000;--data;/mnt/beegfs/rcabanas/dev/credici/papers/causal_flavour/data/simple_learner_4Q10k_data.csv;-rw;-s;175;/mnt/beegfs/rcabanas/dev/credici/papers/causal_flavour/models/simple_learner_4Q10k.uai
[2024-05-17T09:47:57.640300][INFO][seed175] Starting logger with seed 175
[2024-05-17T09:47:57.632893][INFO][seed152] Set up logging
[2024-05-17T09:47:57.622313][INFO][seed153] Starting logger with seed 153
[2024-05-17T09:47:57.647779][INFO][seed195] Set up logging
[2024-05-17T09:47:57.670790][INFO][seed195] args: -m;1000;-o;/mnt/beegfs/rcabanas/dev/credici/papers/causal_flavour/learntmodels/miter1000;--data;/mnt/beegfs/rcabanas/dev/credici/papers/causal_flavour/data/simple_learner_4Q10k_data.csv;-rw;-s;195;/mnt/beegfs/rcabanas/dev/credici/papers/causal_flavour/models/simple_learner_4Q10k.uai
[2024-05-17T09:47:57.678298][INFO][seed195] Starting logger with seed 195
[2024-05-17T09:47:57.640960][INFO][seed165] args: -m;1000;-o;/mnt/beegfs/rcabanas/dev/credici/papers/causal_flavour/learntmodels/miter1000;--data;/mnt/beegfs/rcabanas/dev/credici/papers/causal_flavour/data/simple_learner_4Q10k_data.csv;-rw;-s;165;/mnt/beegfs/rcabanas/dev/credici/papers/causal_flavour/models/simple_learner_4Q10k.uai
[2024-05-17T09:47:57.645424][INFO][seed165] Starting logger with seed 165
[2024-05-17T09:47:57.656638][INFO][seed191] Set up logging
[2024-05-17T09:47:57.683082][INFO][seed191] args: -m;1000;-o;/mnt/beegfs/rcabanas/dev/credici/papers/causal_flavour/learntmodels/miter1000;--data;/mnt/beegfs/rcabanas/dev/credici/papers/causal_flavour/data/simple_learner_4Q10k_data.csv;-rw;-s;191;/mnt/beegfs/rcabanas/dev/credici/papers/causal_flavour/models/simple_learner_4Q10k.uai
[2024-05-17T09:47:57.666880][INFO][seed181] Set up logging
[2024-05-17T09:47:57.665764][INFO][seed174] Set up logging
[2024-05-17T09:47:57.666146][INFO][seed168] Set up logging
[2024-05-17T09:47:57.690457][INFO][seed168] args: -m;1000;-o;/mnt/beegfs/rcabanas/dev/credici/papers/causal_flavour/learntmodels/miter1000;--data;/mnt/beegfs/rcabanas/dev/credici/papers/causal_flavour/data/simple_learner_4Q10k_data.csv;-rw;-s;168;/mnt/beegfs/rcabanas/dev/credici/papers/causal_flavour/models/simple_learner_4Q10k.uai
[2024-05-17T09:47:57.696218][INFO][seed168] Starting logger with seed 168
[2024-05-17T09:47:57.672738][INFO][seed150] Set up logging
[2024-05-17T09:47:57.659299][INFO][seed152] args: -m;1000;-o;/mnt/beegfs/rcabanas/dev/credici/papers/causal_flavour/learntmodels/miter1000;--data;/mnt/beegfs/rcabanas/dev/credici/papers/causal_flavour/data/simple_learner_4Q10k_data.csv;-rw;-s;152;/mnt/beegfs/rcabanas/dev/credici/papers/causal_flavour/models/simple_learner_4Q10k.uai
[2024-05-17T09:47:57.674702][INFO][seed156] Set up logging
[2024-05-17T09:47:57.686595][INFO][seed191] Starting logger with seed 191
[2024-05-17T09:47:57.690077][INFO][seed181] args: -m;1000;-o;/mnt/beegfs/rcabanas/dev/credici/papers/causal_flavour/learntmodels/miter1000;--data;/mnt/beegfs/rcabanas/dev/credici/papers/causal_flavour/data/simple_learner_4Q10k_data.csv;-rw;-s;181;/mnt/beegfs/rcabanas/dev/credici/papers/causal_flavour/models/simple_learner_4Q10k.uai
[2024-05-17T09:47:57.690454][INFO][seed174] args: -m;1000;-o;/mnt/beegfs/rcabanas/dev/credici/papers/causal_flavour/learntmodels/miter1000;--data;/mnt/beegfs/rcabanas/dev/credici/papers/causal_flavour/data/simple_learner_4Q10k_data.csv;-rw;-s;174;/mnt/beegfs/rcabanas/dev/credici/papers/causal_flavour/models/simple_learner_4Q10k.uai
[2024-05-17T09:47:57.696846][INFO][seed150] args: -m;1000;-o;/mnt/beegfs/rcabanas/dev/credici/papers/causal_flavour/learntmodels/miter1000;--data;/mnt/beegfs/rcabanas/dev/credici/papers/causal_flavour/data/simple_learner_4Q10k_data.csv;-rw;-s;150;/mnt/beegfs/rcabanas/dev/credici/papers/causal_flavour/models/simple_learner_4Q10k.uai
[2024-05-17T09:47:57.667125][INFO][seed152] Starting logger with seed 152
[2024-05-17T09:47:57.699249][INFO][seed156] args: -m;1000;-o;/mnt/beegfs/rcabanas/dev/credici/papers/causal_flavour/learntmodels/miter1000;--data;/mnt/beegfs/rcabanas/dev/credici/papers/causal_flavour/data/simple_learner_4Q10k_data.csv;-rw;-s;156;/mnt/beegfs/rcabanas/dev/credici/papers/causal_flavour/models/simple_learner_4Q10k.uai
[2024-05-17T09:47:57.695016][INFO][seed181] Starting logger with seed 181
[2024-05-17T09:47:57.693372][INFO][seed174] Starting logger with seed 174
[2024-05-17T09:47:57.701477][INFO][seed150] Starting logger with seed 150
[2024-05-17T09:47:57.736906][INFO][seed196] Loaded model and info: /mnt/beegfs/rcabanas/dev/credici/papers/causal_flavour/models/simple_learner_4Q10k.uai
[2024-05-17T09:47:57.706603][INFO][seed156] Starting logger with seed 156
[2024-05-17T09:47:57.784908][INFO][seed170] Loaded model and info: /mnt/beegfs/rcabanas/dev/credici/papers/causal_flavour/models/simple_learner_4Q10k.uai
[2024-05-17T09:47:57.811362][INFO][seed185] Loaded 10000 data instances
[2024-05-17T09:47:57.812067][INFO][seed185] Starting learning up to 1000 iterations
[2024-05-17T09:47:57.821397][INFO][seed189] Loaded model and info: /mnt/beegfs/rcabanas/dev/credici/papers/causal_flavour/models/simple_learner_4Q10k.uai
[2024-05-17T09:47:57.835383][INFO][seed155] Loaded model and info: /mnt/beegfs/rcabanas/dev/credici/papers/causal_flavour/models/simple_learner_4Q10k.uai
[2024-05-17T09:47:57.838123][INFO][seed180] Loaded 10000 data instances
[2024-05-17T09:47:57.838751][INFO][seed180] Starting learning up to 1000 iterations
[2024-05-17T09:47:57.849825][INFO][seed187] Loaded model and info: /mnt/beegfs/rcabanas/dev/credici/papers/causal_flavour/models/simple_learner_4Q10k.uai
[2024-05-17T09:47:57.857256][INFO][seed171] Loaded 10000 data instances
[2024-05-17T09:47:57.857938][INFO][seed171] Starting learning up to 1000 iterations
[2024-05-17T09:47:57.908600][INFO][seed179] Loaded model and info: /mnt/beegfs/rcabanas/dev/credici/papers/causal_flavour/models/simple_learner_4Q10k.uai
[2024-05-17T09:47:57.911660][INFO][seed161] Loaded model and info: /mnt/beegfs/rcabanas/dev/credici/papers/causal_flavour/models/simple_learner_4Q10k.uai
[2024-05-17T09:47:57.922744][INFO][seed190] Loaded model and info: /mnt/beegfs/rcabanas/dev/credici/papers/causal_flavour/models/simple_learner_4Q10k.uai
[2024-05-17T09:47:57.936404][INFO][seed184] Loaded model and info: /mnt/beegfs/rcabanas/dev/credici/papers/causal_flavour/models/simple_learner_4Q10k.uai
[2024-05-17T09:47:57.940345][INFO][seed151] Loaded model and info: /mnt/beegfs/rcabanas/dev/credici/papers/causal_flavour/models/simple_learner_4Q10k.uai
[2024-05-17T09:47:57.942505][INFO][seed167] Loaded model and info: /mnt/beegfs/rcabanas/dev/credici/papers/causal_flavour/models/simple_learner_4Q10k.uai
[2024-05-17T09:47:57.953395][INFO][seed158] Loaded model and info: /mnt/beegfs/rcabanas/dev/credici/papers/causal_flavour/models/simple_learner_4Q10k.uai
[2024-05-17T09:47:57.986898][INFO][seed199] Loaded model and info: /mnt/beegfs/rcabanas/dev/credici/papers/causal_flavour/models/simple_learner_4Q10k.uai
[2024-05-17T09:47:58.005228][INFO][seed178] Loaded model and info: /mnt/beegfs/rcabanas/dev/credici/papers/causal_flavour/models/simple_learner_4Q10k.uai
[2024-05-17T09:47:58.007803][INFO][seed188] Loaded model and info: /mnt/beegfs/rcabanas/dev/credici/papers/causal_flavour/models/simple_learner_4Q10k.uai
[2024-05-17T09:47:58.013125][INFO][seed177] Loaded model and info: /mnt/beegfs/rcabanas/dev/credici/papers/causal_flavour/models/simple_learner_4Q10k.uai
[2024-05-17T09:47:58.013192][INFO][seed198] Loaded model and info: /mnt/beegfs/rcabanas/dev/credici/papers/causal_flavour/models/simple_learner_4Q10k.uai
[2024-05-17T09:47:58.013268][INFO][seed193] Loaded model and info: /mnt/beegfs/rcabanas/dev/credici/papers/causal_flavour/models/simple_learner_4Q10k.uai
[2024-05-17T09:47:58.014512][INFO][seed153] Loaded model and info: /mnt/beegfs/rcabanas/dev/credici/papers/causal_flavour/models/simple_learner_4Q10k.uai
[2024-05-17T09:47:58.014488][INFO][seed166] Loaded model and info: /mnt/beegfs/rcabanas/dev/credici/papers/causal_flavour/models/simple_learner_4Q10k.uai
[2024-05-17T09:47:58.015554][INFO][seed162] Loaded model and info: /mnt/beegfs/rcabanas/dev/credici/papers/causal_flavour/models/simple_learner_4Q10k.uai
[2024-05-17T09:47:58.015647][INFO][seed163] Loaded model and info: /mnt/beegfs/rcabanas/dev/credici/papers/causal_flavour/models/simple_learner_4Q10k.uai
[2024-05-17T09:47:58.018278][INFO][seed200] Loaded model and info: /mnt/beegfs/rcabanas/dev/credici/papers/causal_flavour/models/simple_learner_4Q10k.uai
[2024-05-17T09:47:58.018406][INFO][seed194] Loaded model and info: /mnt/beegfs/rcabanas/dev/credici/papers/causal_flavour/models/simple_learner_4Q10k.uai
[2024-05-17T09:47:58.018521][INFO][seed176] Loaded 10000 data instances
[2024-05-17T09:47:58.021235][INFO][seed191] Loaded model and info: /mnt/beegfs/rcabanas/dev/credici/papers/causal_flavour/models/simple_learner_4Q10k.uai
[2024-05-17T09:47:58.022310][INFO][seed152] Loaded model and info: /mnt/beegfs/rcabanas/dev/credici/papers/causal_flavour/models/simple_learner_4Q10k.uai
[2024-05-17T09:47:58.021597][INFO][seed160] Loaded model and info: /mnt/beegfs/rcabanas/dev/credici/papers/causal_flavour/models/simple_learner_4Q10k.uai
[2024-05-17T09:47:58.021688][INFO][seed165] Loaded model and info: /mnt/beegfs/rcabanas/dev/credici/papers/causal_flavour/models/simple_learner_4Q10k.uai
[2024-05-17T09:47:58.021547][INFO][seed175] Loaded model and info: /mnt/beegfs/rcabanas/dev/credici/papers/causal_flavour/models/simple_learner_4Q10k.uai
[2024-05-17T09:47:58.026038][INFO][seed176] Starting learning up to 1000 iterations
[2024-05-17T09:47:58.031193][INFO][seed181] Loaded model and info: /mnt/beegfs/rcabanas/dev/credici/papers/causal_flavour/models/simple_learner_4Q10k.uai
[2024-05-17T09:47:58.031291][INFO][seed195] Loaded model and info: /mnt/beegfs/rcabanas/dev/credici/papers/causal_flavour/models/simple_learner_4Q10k.uai
[2024-05-17T09:47:58.031432][INFO][seed174] Loaded model and info: /mnt/beegfs/rcabanas/dev/credici/papers/causal_flavour/models/simple_learner_4Q10k.uai
[2024-05-17T09:47:58.031457][INFO][seed156] Loaded model and info: /mnt/beegfs/rcabanas/dev/credici/papers/causal_flavour/models/simple_learner_4Q10k.uai
[2024-05-17T09:47:58.034983][INFO][seed150] Loaded model and info: /mnt/beegfs/rcabanas/dev/credici/papers/causal_flavour/models/simple_learner_4Q10k.uai
[2024-05-17T09:47:58.035808][INFO][seed168] Loaded model and info: /mnt/beegfs/rcabanas/dev/credici/papers/causal_flavour/models/simple_learner_4Q10k.uai
[2024-05-17T09:47:58.050460][INFO][seed159] Loaded 10000 data instances
[2024-05-17T09:47:58.054970][INFO][seed159] Starting learning up to 1000 iterations
[2024-05-17T09:47:58.070870][INFO][seed183] Loaded 10000 data instances
[2024-05-17T09:47:58.071605][INFO][seed183] Starting learning up to 1000 iterations
[2024-05-17T09:47:58.087300][INFO][seed192] Loaded 10000 data instances
[2024-05-17T09:47:58.088069][INFO][seed192] Starting learning up to 1000 iterations
[2024-05-17T09:47:58.116455][INFO][seed186] Loaded 10000 data instances
[2024-05-17T09:47:58.117279][INFO][seed186] Starting learning up to 1000 iterations
[2024-05-17T09:47:58.133473][INFO][seed169] Loaded 10000 data instances
[2024-05-17T09:47:58.134251][INFO][seed169] Starting learning up to 1000 iterations
[2024-05-17T09:47:58.146871][INFO][seed172] Loaded 10000 data instances
[2024-05-17T09:47:58.147671][INFO][seed172] Starting learning up to 1000 iterations
[2024-05-17T09:47:58.148611][INFO][seed182] Loaded 10000 data instances
[2024-05-17T09:47:58.149276][INFO][seed182] Starting learning up to 1000 iterations
[2024-05-17T09:47:58.154138][INFO][seed154] Loaded 10000 data instances
[2024-05-17T09:47:58.156864][INFO][seed173] Loaded 10000 data instances
[2024-05-17T09:47:58.157591][INFO][seed173] Starting learning up to 1000 iterations
[2024-05-17T09:47:58.161503][INFO][seed197] Loaded 10000 data instances
[2024-05-17T09:47:58.161720][INFO][seed154] Starting learning up to 1000 iterations
[2024-05-17T09:47:58.162228][INFO][seed197] Starting learning up to 1000 iterations
[2024-05-17T09:47:58.186308][INFO][seed164] Loaded 10000 data instances
[2024-05-17T09:47:58.187172][INFO][seed164] Starting learning up to 1000 iterations
[2024-05-17T09:47:58.211489][INFO][seed196] Loaded 10000 data instances
[2024-05-17T09:47:58.217960][INFO][seed196] Starting learning up to 1000 iterations
[2024-05-17T09:47:58.243948][INFO][seed170] Loaded 10000 data instances
[2024-05-17T09:47:58.244676][INFO][seed170] Starting learning up to 1000 iterations
[2024-05-17T09:47:58.345727][INFO][seed189] Loaded 10000 data instances
[2024-05-17T09:47:58.350250][INFO][seed189] Starting learning up to 1000 iterations
[2024-05-17T09:47:58.359530][INFO][seed179] Loaded 10000 data instances
[2024-05-17T09:47:58.371595][INFO][seed179] Starting learning up to 1000 iterations
[2024-05-17T09:47:58.371388][INFO][seed187] Loaded 10000 data instances
[2024-05-17T09:47:58.372370][INFO][seed187] Starting learning up to 1000 iterations
[2024-05-17T09:47:58.372794][INFO][seed190] Loaded 10000 data instances
[2024-05-17T09:47:58.380251][INFO][seed155] Loaded 10000 data instances
[2024-05-17T09:47:58.381100][INFO][seed155] Starting learning up to 1000 iterations
[2024-05-17T09:47:58.382687][INFO][seed161] Loaded 10000 data instances
[2024-05-17T09:47:58.383141][INFO][seed161] Starting learning up to 1000 iterations
[2024-05-17T09:47:58.383591][INFO][seed190] Starting learning up to 1000 iterations
[2024-05-17T09:47:58.406112][INFO][seed167] Loaded 10000 data instances
[2024-05-17T09:47:58.406805][INFO][seed167] Starting learning up to 1000 iterations
[2024-05-17T09:47:58.407956][INFO][seed151] Loaded 10000 data instances
[2024-05-17T09:47:58.408633][INFO][seed151] Starting learning up to 1000 iterations
[2024-05-17T09:47:58.412681][INFO][seed184] Loaded 10000 data instances
[2024-05-17T09:47:58.413351][INFO][seed184] Starting learning up to 1000 iterations
[2024-05-17T09:47:58.414847][INFO][seed158] Loaded 10000 data instances
[2024-05-17T09:47:58.415565][INFO][seed158] Starting learning up to 1000 iterations
[2024-05-17T09:47:58.417517][INFO][seed153] Loaded 10000 data instances
[2024-05-17T09:47:58.418149][INFO][seed153] Starting learning up to 1000 iterations
[2024-05-17T09:47:58.419712][INFO][seed191] Loaded 10000 data instances
[2024-05-17T09:47:58.419974][INFO][seed178] Loaded 10000 data instances
[2024-05-17T09:47:58.420564][INFO][seed178] Starting learning up to 1000 iterations
[2024-05-17T09:47:58.426019][INFO][seed191] Starting learning up to 1000 iterations
[2024-05-17T09:47:58.429987][INFO][seed166] Loaded 10000 data instances
[2024-05-17T09:47:58.430693][INFO][seed166] Starting learning up to 1000 iterations
[2024-05-17T09:47:58.432247][INFO][seed198] Loaded 10000 data instances
[2024-05-17T09:47:58.432936][INFO][seed198] Starting learning up to 1000 iterations
[2024-05-17T09:47:58.434354][INFO][seed194] Loaded 10000 data instances
[2024-05-17T09:47:58.435021][INFO][seed194] Starting learning up to 1000 iterations
[2024-05-17T09:47:58.443257][INFO][seed200] Loaded 10000 data instances
[2024-05-17T09:47:58.443959][INFO][seed200] Starting learning up to 1000 iterations
[2024-05-17T09:47:58.445388][INFO][seed177] Loaded 10000 data instances
[2024-05-17T09:47:58.447025][INFO][seed193] Loaded 10000 data instances
[2024-05-17T09:47:58.452904][INFO][seed193] Starting learning up to 1000 iterations
[2024-05-17T09:47:58.453271][INFO][seed199] Loaded 10000 data instances
[2024-05-17T09:47:58.453926][INFO][seed199] Starting learning up to 1000 iterations
[2024-05-17T09:47:58.455135][INFO][seed177] Starting learning up to 1000 iterations
[2024-05-17T09:47:58.456477][INFO][seed150] Loaded 10000 data instances
[2024-05-17T09:47:58.457456][INFO][seed150] Starting learning up to 1000 iterations
[2024-05-17T09:47:58.470149][INFO][seed162] Loaded 10000 data instances
[2024-05-17T09:47:58.475375][INFO][seed163] Loaded 10000 data instances
[2024-05-17T09:47:58.476268][INFO][seed163] Starting learning up to 1000 iterations
[2024-05-17T09:47:58.475910][INFO][seed195] Loaded 10000 data instances
[2024-05-17T09:47:58.476161][INFO][seed168] Loaded 10000 data instances
[2024-05-17T09:47:58.477198][INFO][seed168] Starting learning up to 1000 iterations
[2024-05-17T09:47:58.477102][INFO][seed195] Starting learning up to 1000 iterations
[2024-05-17T09:47:58.477574][INFO][seed156] Loaded 10000 data instances
[2024-05-17T09:47:58.478578][INFO][seed156] Starting learning up to 1000 iterations
[2024-05-17T09:47:58.479718][INFO][seed188] Loaded 10000 data instances
[2024-05-17T09:47:58.480392][INFO][seed188] Starting learning up to 1000 iterations
[2024-05-17T09:47:58.488763][INFO][seed160] Loaded 10000 data instances
[2024-05-17T09:47:58.489905][INFO][seed181] Loaded 10000 data instances
[2024-05-17T09:47:58.490737][INFO][seed162] Starting learning up to 1000 iterations
[2024-05-17T09:47:58.491283][INFO][seed181] Starting learning up to 1000 iterations
[2024-05-17T09:47:58.494652][INFO][seed160] Starting learning up to 1000 iterations
[2024-05-17T09:47:58.494907][INFO][seed165] Loaded 10000 data instances
[2024-05-17T09:47:58.495782][INFO][seed165] Starting learning up to 1000 iterations
[2024-05-17T09:47:58.497021][INFO][seed174] Loaded 10000 data instances
[2024-05-17T09:47:58.497840][INFO][seed174] Starting learning up to 1000 iterations
[2024-05-17T09:47:58.520404][INFO][seed175] Loaded 10000 data instances
[2024-05-17T09:47:58.524939][INFO][seed175] Starting learning up to 1000 iterations
[2024-05-17T09:47:58.543803][INFO][seed152] Loaded 10000 data instances
[2024-05-17T09:47:58.551100][INFO][seed152] Starting learning up to 1000 iterations
[2024-05-17T10:14:18.319509][INFO][seed190] Ellapsed time: 1579906.ms
[2024-05-17T10:14:18.370380][INFO][seed190] Saved model at /mnt/beegfs/rcabanas/dev/credici/papers/causal_flavour/learntmodels/miter1000/simple_learner_4Q10k/model_190.uai
[2024-05-17T10:14:18.370776][INFO][seed190] Closing log file
[2024-05-17T10:14:18.370910][INFO][seed190] Closed log file
[2024-05-17T10:14:42.212718][INFO][seed161] Ellapsed time: 1603792.ms
[2024-05-17T10:14:42.250450][INFO][seed161] Saved model at /mnt/beegfs/rcabanas/dev/credici/papers/causal_flavour/learntmodels/miter1000/simple_learner_4Q10k/model_161.uai
[2024-05-17T10:14:42.250771][INFO][seed161] Closing log file
[2024-05-17T10:14:42.250894][INFO][seed161] Closed log file
[2024-05-17T10:15:50.063638][INFO][seed194] Ellapsed time: 1671607.ms
[2024-05-17T10:15:50.096867][INFO][seed194] Saved model at /mnt/beegfs/rcabanas/dev/credici/papers/causal_flavour/learntmodels/miter1000/simple_learner_4Q10k/model_194.uai
[2024-05-17T10:15:50.097187][INFO][seed194] Closing log file
[2024-05-17T10:15:50.097312][INFO][seed194] Closed log file
[2024-05-17T10:15:51.587966][INFO][seed199] Ellapsed time: 1673116.ms
[2024-05-17T10:15:51.618208][INFO][seed199] Saved model at /mnt/beegfs/rcabanas/dev/credici/papers/causal_flavour/learntmodels/miter1000/simple_learner_4Q10k/model_199.uai
[2024-05-17T10:15:51.618542][INFO][seed199] Closing log file
[2024-05-17T10:15:51.618668][INFO][seed199] Closed log file
[2024-05-17T10:15:57.739930][INFO][seed177] Ellapsed time: 1679271.ms
[2024-05-17T10:15:57.789959][INFO][seed177] Saved model at /mnt/beegfs/rcabanas/dev/credici/papers/causal_flavour/learntmodels/miter1000/simple_learner_4Q10k/model_177.uai
[2024-05-17T10:15:57.790341][INFO][seed177] Closing log file
[2024-05-17T10:15:57.790466][INFO][seed177] Closed log file
[2024-05-17T10:16:00.458398][INFO][seed191] Ellapsed time: 1681990.ms
[2024-05-17T10:16:00.490027][INFO][seed191] Saved model at /mnt/beegfs/rcabanas/dev/credici/papers/causal_flavour/learntmodels/miter1000/simple_learner_4Q10k/model_191.uai
[2024-05-17T10:16:00.490339][INFO][seed191] Closing log file
[2024-05-17T10:16:00.490462][INFO][seed191] Closed log file
[2024-05-17T10:16:10.819232][INFO][seed188] Ellapsed time: 1692301.ms
[2024-05-17T10:16:10.853590][INFO][seed188] Saved model at /mnt/beegfs/rcabanas/dev/credici/papers/causal_flavour/learntmodels/miter1000/simple_learner_4Q10k/model_188.uai
[2024-05-17T10:16:10.853869][INFO][seed188] Closing log file
[2024-05-17T10:16:10.853991][INFO][seed188] Closed log file
[2024-05-17T10:16:13.739079][INFO][seed178] Ellapsed time: 1695284.ms
[2024-05-17T10:16:13.770401][INFO][seed178] Saved model at /mnt/beegfs/rcabanas/dev/credici/papers/causal_flavour/learntmodels/miter1000/simple_learner_4Q10k/model_178.uai
[2024-05-17T10:16:13.770637][INFO][seed178] Closing log file
[2024-05-17T10:16:13.770753][INFO][seed178] Closed log file
[2024-05-17T10:16:31.593074][INFO][seed198] Ellapsed time: 1713124.ms
[2024-05-17T10:16:31.624153][INFO][seed198] Saved model at /mnt/beegfs/rcabanas/dev/credici/papers/causal_flavour/learntmodels/miter1000/simple_learner_4Q10k/model_198.uai
[2024-05-17T10:16:31.624426][INFO][seed198] Closing log file
[2024-05-17T10:16:31.624553][INFO][seed198] Closed log file
[2024-05-17T10:16:33.090965][INFO][seed184] Ellapsed time: 1714640.ms
[2024-05-17T10:16:33.120398][INFO][seed184] Saved model at /mnt/beegfs/rcabanas/dev/credici/papers/causal_flavour/learntmodels/miter1000/simple_learner_4Q10k/model_184.uai
[2024-05-17T10:16:33.120649][INFO][seed184] Closing log file
[2024-05-17T10:16:33.120939][INFO][seed184] Closed log file
[2024-05-17T10:17:29.718126][INFO][seed167] Ellapsed time: 1771277.ms
[2024-05-17T10:17:29.747146][INFO][seed167] Saved model at /mnt/beegfs/rcabanas/dev/credici/papers/causal_flavour/learntmodels/miter1000/simple_learner_4Q10k/model_167.uai
[2024-05-17T10:17:29.747494][INFO][seed167] Closing log file
[2024-05-17T10:17:29.747612][INFO][seed167] Closed log file
[2024-05-17T10:17:57.915006][INFO][seed200] Ellapsed time: 1799437.ms
[2024-05-17T10:17:57.961853][INFO][seed200] Saved model at /mnt/beegfs/rcabanas/dev/credici/papers/causal_flavour/learntmodels/miter1000/simple_learner_4Q10k/model_200.uai
[2024-05-17T10:17:57.962156][INFO][seed200] Closing log file
[2024-05-17T10:17:57.962275][INFO][seed200] Closed log file
[2024-05-17T10:17:57.980231][INFO][seed193] Ellapsed time: 1799490.ms
[2024-05-17T10:17:58.006339][INFO][seed193] Saved model at /mnt/beegfs/rcabanas/dev/credici/papers/causal_flavour/learntmodels/miter1000/simple_learner_4Q10k/model_193.uai
[2024-05-17T10:17:58.006595][INFO][seed193] Closing log file
[2024-05-17T10:17:58.006717][INFO][seed193] Closed log file
[2024-05-17T10:18:11.434825][INFO][seed153] Ellapsed time: 1812983.ms
[2024-05-17T10:18:11.465281][INFO][seed153] Saved model at /mnt/beegfs/rcabanas/dev/credici/papers/causal_flavour/learntmodels/miter1000/simple_learner_4Q10k/model_153.uai
[2024-05-17T10:18:11.465579][INFO][seed153] Closing log file
[2024-05-17T10:18:11.465696][INFO][seed153] Closed log file
[2024-05-17T10:18:14.538712][INFO][seed179] Ellapsed time: 1816138.ms
[2024-05-17T10:18:14.585886][INFO][seed179] Saved model at /mnt/beegfs/rcabanas/dev/credici/papers/causal_flavour/learntmodels/miter1000/simple_learner_4Q10k/model_179.uai
[2024-05-17T10:18:14.586193][INFO][seed179] Closing log file
[2024-05-17T10:18:14.586310][INFO][seed179] Closed log file
[2024-05-17T10:18:16.731381][INFO][seed158] Ellapsed time: 1818279.ms
[2024-05-17T10:18:16.771022][INFO][seed158] Saved model at /mnt/beegfs/rcabanas/dev/credici/papers/causal_flavour/learntmodels/miter1000/simple_learner_4Q10k/model_158.uai
[2024-05-17T10:18:16.771305][INFO][seed158] Closing log file
[2024-05-17T10:18:16.771442][INFO][seed158] Closed log file
[2024-05-17T10:18:29.736691][INFO][seed151] Ellapsed time: 1831310.ms
[2024-05-17T10:18:29.772302][INFO][seed151] Saved model at /mnt/beegfs/rcabanas/dev/credici/papers/causal_flavour/learntmodels/miter1000/simple_learner_4Q10k/model_151.uai
[2024-05-17T10:18:29.772605][INFO][seed151] Closing log file
[2024-05-17T10:18:29.772722][INFO][seed151] Closed log file
[2024-05-17T10:18:34.317323][INFO][seed166] Ellapsed time: 1835854.ms
[2024-05-17T10:18:34.354202][INFO][seed166] Saved model at /mnt/beegfs/rcabanas/dev/credici/papers/causal_flavour/learntmodels/miter1000/simple_learner_4Q10k/model_166.uai
[2024-05-17T10:18:34.354481][INFO][seed166] Closing log file
[2024-05-17T10:18:34.354600][INFO][seed166] Closed log file
[2024-05-17T10:24:56.637632][INFO][seed180] Ellapsed time: 2218764.ms
[2024-05-17T10:24:56.707359][INFO][seed180] Saved model at /mnt/beegfs/rcabanas/dev/credici/papers/causal_flavour/learntmodels/miter1000/simple_learner_4Q10k/model_180.uai
[2024-05-17T10:24:56.707789][INFO][seed180] Closing log file
[2024-05-17T10:24:56.707930][INFO][seed180] Closed log file
[2024-05-17T10:25:10.756264][INFO][seed155] Ellapsed time: 2232354.ms
[2024-05-17T10:25:10.824253][INFO][seed155] Saved model at /mnt/beegfs/rcabanas/dev/credici/papers/causal_flavour/learntmodels/miter1000/simple_learner_4Q10k/model_155.uai
[2024-05-17T10:25:10.824627][INFO][seed155] Closing log file
[2024-05-17T10:25:10.824771][INFO][seed155] Closed log file
[2024-05-17T10:25:45.593667][INFO][seed195] Ellapsed time: 2267076.ms
[2024-05-17T10:25:45.631395][INFO][seed195] Saved model at /mnt/beegfs/rcabanas/dev/credici/papers/causal_flavour/learntmodels/miter1000/simple_learner_4Q10k/model_195.uai
[2024-05-17T10:25:45.631714][INFO][seed195] Closing log file
[2024-05-17T10:25:45.631841][INFO][seed195] Closed log file
[2024-05-17T10:25:48.205131][INFO][seed189] Ellapsed time: 2269821.ms
[2024-05-17T10:25:48.242851][INFO][seed189] Saved model at /mnt/beegfs/rcabanas/dev/credici/papers/causal_flavour/learntmodels/miter1000/simple_learner_4Q10k/model_189.uai
[2024-05-17T10:25:48.243151][INFO][seed189] Closing log file
[2024-05-17T10:25:48.243275][INFO][seed189] Closed log file
[2024-05-17T10:25:49.013617][INFO][seed170] Ellapsed time: 2270729.ms
[2024-05-17T10:25:49.057111][INFO][seed170] Saved model at /mnt/beegfs/rcabanas/dev/credici/papers/causal_flavour/learntmodels/miter1000/simple_learner_4Q10k/model_170.uai
[2024-05-17T10:25:49.057511][INFO][seed170] Closing log file
[2024-05-17T10:25:49.057635][INFO][seed170] Closed log file
[2024-05-17T10:25:50.432789][INFO][seed152] Ellapsed time: 2271848.ms
[2024-05-17T10:25:50.471966][INFO][seed152] Saved model at /mnt/beegfs/rcabanas/dev/credici/papers/causal_flavour/learntmodels/miter1000/simple_learner_4Q10k/model_152.uai
[2024-05-17T10:25:50.472205][INFO][seed152] Closing log file
[2024-05-17T10:25:50.472339][INFO][seed152] Closed log file
[2024-05-17T10:26:25.235877][INFO][seed171] Ellapsed time: 2307356.ms
[2024-05-17T10:26:25.289812][INFO][seed171] Saved model at /mnt/beegfs/rcabanas/dev/credici/papers/causal_flavour/learntmodels/miter1000/simple_learner_4Q10k/model_171.uai
[2024-05-17T10:26:25.290094][INFO][seed171] Closing log file
[2024-05-17T10:26:25.290220][INFO][seed171] Closed log file
[2024-05-17T10:27:24.814123][INFO][seed156] Ellapsed time: 2366320.ms
[2024-05-17T10:27:24.850850][INFO][seed156] Saved model at /mnt/beegfs/rcabanas/dev/credici/papers/causal_flavour/learntmodels/miter1000/simple_learner_4Q10k/model_156.uai
[2024-05-17T10:27:24.851065][INFO][seed156] Closing log file
[2024-05-17T10:27:24.851191][INFO][seed156] Closed log file
[2024-05-17T10:33:24.733958][INFO][seed197] Ellapsed time: 2726528.ms
[2024-05-17T10:33:24.790743][INFO][seed197] Saved model at /mnt/beegfs/rcabanas/dev/credici/papers/causal_flavour/learntmodels/miter1000/simple_learner_4Q10k/model_197.uai
[2024-05-17T10:33:24.792066][INFO][seed197] Closing log file
[2024-05-17T10:33:24.792208][INFO][seed197] Closed log file
[2024-05-17T10:33:27.946799][INFO][seed159] Ellapsed time: 2729869.ms
[2024-05-17T10:33:27.992929][INFO][seed159] Saved model at /mnt/beegfs/rcabanas/dev/credici/papers/causal_flavour/learntmodels/miter1000/simple_learner_4Q10k/model_159.uai
[2024-05-17T10:33:27.993298][INFO][seed159] Closing log file
[2024-05-17T10:33:27.993468][INFO][seed159] Closed log file
[2024-05-17T10:33:28.093528][INFO][seed165] Ellapsed time: 2729551.ms
[2024-05-17T10:33:28.133879][INFO][seed165] Saved model at /mnt/beegfs/rcabanas/dev/credici/papers/causal_flavour/learntmodels/miter1000/simple_learner_4Q10k/model_165.uai
[2024-05-17T10:33:28.134279][INFO][seed165] Closing log file
[2024-05-17T10:33:28.134453][INFO][seed165] Closed log file
[2024-05-17T10:33:34.488287][INFO][seed173] Ellapsed time: 2736310.ms
[2024-05-17T10:33:34.550224][INFO][seed173] Saved model at /mnt/beegfs/rcabanas/dev/credici/papers/causal_flavour/learntmodels/miter1000/simple_learner_4Q10k/model_173.uai
[2024-05-17T10:33:34.550613][INFO][seed173] Closing log file
[2024-05-17T10:33:34.550746][INFO][seed173] Closed log file
[2024-05-17T10:33:38.673296][INFO][seed160] Ellapsed time: 2740137.ms
[2024-05-17T10:33:38.713754][INFO][seed160] Saved model at /mnt/beegfs/rcabanas/dev/credici/papers/causal_flavour/learntmodels/miter1000/simple_learner_4Q10k/model_160.uai
[2024-05-17T10:33:38.714069][INFO][seed160] Closing log file
[2024-05-17T10:33:38.714193][INFO][seed160] Closed log file
[2024-05-17T10:33:47.215730][INFO][seed183] Ellapsed time: 2749100.ms
[2024-05-17T10:33:47.264670][INFO][seed183] Saved model at /mnt/beegfs/rcabanas/dev/credici/papers/causal_flavour/learntmodels/miter1000/simple_learner_4Q10k/model_183.uai
[2024-05-17T10:33:47.264966][INFO][seed183] Closing log file
[2024-05-17T10:33:47.265086][INFO][seed183] Closed log file
[2024-05-17T10:33:52.412743][INFO][seed164] Ellapsed time: 2754197.ms
[2024-05-17T10:33:52.457079][INFO][seed164] Saved model at /mnt/beegfs/rcabanas/dev/credici/papers/causal_flavour/learntmodels/miter1000/simple_learner_4Q10k/model_164.uai
[2024-05-17T10:33:52.457336][INFO][seed164] Closing log file
[2024-05-17T10:33:52.457460][INFO][seed164] Closed log file
[2024-05-17T10:33:55.518228][INFO][seed169] Ellapsed time: 2757363.ms
[2024-05-17T10:33:55.574450][INFO][seed169] Saved model at /mnt/beegfs/rcabanas/dev/credici/papers/causal_flavour/learntmodels/miter1000/simple_learner_4Q10k/model_169.uai
[2024-05-17T10:33:55.574758][INFO][seed169] Closing log file
[2024-05-17T10:33:55.574879][INFO][seed169] Closed log file
[2024-05-17T10:34:00.199602][INFO][seed154] Ellapsed time: 2762014.ms
[2024-05-17T10:34:00.244258][INFO][seed154] Saved model at /mnt/beegfs/rcabanas/dev/credici/papers/causal_flavour/learntmodels/miter1000/simple_learner_4Q10k/model_154.uai
[2024-05-17T10:34:00.244505][INFO][seed154] Closing log file
[2024-05-17T10:34:00.244624][INFO][seed154] Closed log file
[2024-05-17T10:34:11.692539][INFO][seed174] Ellapsed time: 2773157.ms
[2024-05-17T10:34:11.724905][INFO][seed174] Saved model at /mnt/beegfs/rcabanas/dev/credici/papers/causal_flavour/learntmodels/miter1000/simple_learner_4Q10k/model_174.uai
[2024-05-17T10:34:11.725192][INFO][seed174] Closing log file
[2024-05-17T10:34:11.725340][INFO][seed174] Closed log file
[2024-05-17T10:34:13.292376][INFO][seed175] Ellapsed time: 2774723.ms
[2024-05-17T10:34:13.338188][INFO][seed175] Saved model at /mnt/beegfs/rcabanas/dev/credici/papers/causal_flavour/learntmodels/miter1000/simple_learner_4Q10k/model_175.uai
[2024-05-17T10:34:13.338471][INFO][seed175] Closing log file
[2024-05-17T10:34:13.338588][INFO][seed175] Closed log file
[2024-05-17T10:34:13.974912][INFO][seed162] Ellapsed time: 2775456.ms
[2024-05-17T10:34:14.005339][INFO][seed162] Saved model at /mnt/beegfs/rcabanas/dev/credici/papers/causal_flavour/learntmodels/miter1000/simple_learner_4Q10k/model_162.uai
[2024-05-17T10:34:14.005527][INFO][seed162] Closing log file
[2024-05-17T10:34:14.005645][INFO][seed162] Closed log file
[2024-05-17T10:34:28.604057][INFO][seed168] Ellapsed time: 2790086.ms
[2024-05-17T10:34:28.637786][INFO][seed168] Saved model at /mnt/beegfs/rcabanas/dev/credici/papers/causal_flavour/learntmodels/miter1000/simple_learner_4Q10k/model_168.uai
[2024-05-17T10:34:28.638031][INFO][seed168] Closing log file
[2024-05-17T10:34:28.638150][INFO][seed168] Closed log file
[2024-05-17T10:34:34.107356][INFO][seed192] Ellapsed time: 2796007.ms
[2024-05-17T10:34:34.159181][INFO][seed192] Saved model at /mnt/beegfs/rcabanas/dev/credici/papers/causal_flavour/learntmodels/miter1000/simple_learner_4Q10k/model_192.uai
[2024-05-17T10:34:34.159402][INFO][seed192] Closing log file
[2024-05-17T10:34:34.159519][INFO][seed192] Closed log file
[2024-05-17T10:34:35.218891][INFO][seed187] Ellapsed time: 2796802.ms
[2024-05-17T10:34:35.266779][INFO][seed187] Saved model at /mnt/beegfs/rcabanas/dev/credici/papers/causal_flavour/learntmodels/miter1000/simple_learner_4Q10k/model_187.uai
[2024-05-17T10:34:35.267033][INFO][seed187] Closing log file
[2024-05-17T10:34:35.267151][INFO][seed187] Closed log file
[2024-05-17T10:35:06.791678][INFO][seed150] Ellapsed time: 2828293.ms
[2024-05-17T10:35:06.834397][INFO][seed150] Saved model at /mnt/beegfs/rcabanas/dev/credici/papers/causal_flavour/learntmodels/miter1000/simple_learner_4Q10k/model_150.uai
[2024-05-17T10:35:06.834619][INFO][seed150] Closing log file
[2024-05-17T10:35:06.834737][INFO][seed150] Closed log file
[2024-05-17T10:39:20.161051][INFO][seed196] Ellapsed time: 3081909.ms
[2024-05-17T10:39:20.200234][INFO][seed196] Saved model at /mnt/beegfs/rcabanas/dev/credici/papers/causal_flavour/learntmodels/miter1000/simple_learner_4Q10k/model_196.uai
[2024-05-17T10:39:20.200498][INFO][seed196] Closing log file
[2024-05-17T10:39:20.200618][INFO][seed196] Closed log file
[2024-05-17T10:39:21.226109][INFO][seed172] Ellapsed time: 3083069.ms
[2024-05-17T10:39:21.284735][INFO][seed172] Saved model at /mnt/beegfs/rcabanas/dev/credici/papers/causal_flavour/learntmodels/miter1000/simple_learner_4Q10k/model_172.uai
[2024-05-17T10:39:21.284992][INFO][seed172] Closing log file
[2024-05-17T10:39:21.285113][INFO][seed172] Closed log file
[2024-05-17T10:39:22.612752][INFO][seed163] Ellapsed time: 3084088.ms
[2024-05-17T10:39:22.651712][INFO][seed163] Saved model at /mnt/beegfs/rcabanas/dev/credici/papers/causal_flavour/learntmodels/miter1000/simple_learner_4Q10k/model_163.uai
[2024-05-17T10:39:22.651947][INFO][seed163] Closing log file
[2024-05-17T10:39:22.652063][INFO][seed163] Closed log file
[2024-05-17T10:39:26.439919][INFO][seed185] Ellapsed time: 3088606.ms
[2024-05-17T10:39:26.504504][INFO][seed185] Saved model at /mnt/beegfs/rcabanas/dev/credici/papers/causal_flavour/learntmodels/miter1000/simple_learner_4Q10k/model_185.uai
[2024-05-17T10:39:26.504744][INFO][seed185] Closing log file
[2024-05-17T10:39:26.504863][INFO][seed185] Closed log file
[2024-05-17T10:39:31.651431][INFO][seed181] Ellapsed time: 3093128.ms
[2024-05-17T10:39:31.685459][INFO][seed181] Saved model at /mnt/beegfs/rcabanas/dev/credici/papers/causal_flavour/learntmodels/miter1000/simple_learner_4Q10k/model_181.uai
[2024-05-17T10:39:31.685691][INFO][seed181] Closing log file
[2024-05-17T10:39:31.685806][INFO][seed181] Closed log file
[2024-05-17T10:39:43.791645][INFO][seed182] Ellapsed time: 3105612.ms
[2024-05-17T10:39:43.818660][INFO][seed182] Saved model at /mnt/beegfs/rcabanas/dev/credici/papers/causal_flavour/learntmodels/miter1000/simple_learner_4Q10k/model_182.uai
[2024-05-17T10:39:43.818874][INFO][seed182] Closing log file
[2024-05-17T10:39:43.818989][INFO][seed182] Closed log file
[2024-05-17T10:39:49.471464][INFO][seed186] Ellapsed time: 3111320.ms
[2024-05-17T10:39:49.497180][INFO][seed186] Saved model at /mnt/beegfs/rcabanas/dev/credici/papers/causal_flavour/learntmodels/miter1000/simple_learner_4Q10k/model_186.uai
[2024-05-17T10:39:49.497409][INFO][seed186] Closing log file
[2024-05-17T10:39:49.497525][INFO][seed186] Closed log file
[2024-05-17T10:39:54.756713][INFO][seed176] Ellapsed time: 3116703.ms
[2024-05-17T10:39:54.793485][INFO][seed176] Saved model at /mnt/beegfs/rcabanas/dev/credici/papers/causal_flavour/learntmodels/miter1000/simple_learner_4Q10k/model_176.uai
[2024-05-17T10:39:54.793702][INFO][seed176] Closing log file
[2024-05-17T10:39:54.793818][INFO][seed176] Closed log file
