150
1500
['learn.py', '1500', '153']
['learn.py', '1500', '158']
['learn.py', '1500', '150']
['learn.py', '1500', '179']
seed=153
seed=158
/mnt/beegfs/rcabanas/dev/credici
/mnt/beegfs/rcabanas/dev/credici
/mnt/beegfs/rcabanas/dev/credici/papers/causal_flavour
/mnt/beegfs/rcabanas/dev/credici/papers/causal_flavour
/mnt/beegfs/rcabanas/dev/credici/papers/causal_flavour/learntmodels
/mnt/beegfs/rcabanas/dev/credici/papers/causal_flavour/learntmodels
/mnt/beegfs/rcabanas/dev/credici/papers/causal_flavour/models
/mnt/beegfs/rcabanas/dev/credici/papers/causal_flavour/models
/mnt/beegfs/rcabanas/dev/credici/target/credici-0.1.5-dev-SNAPSHOT-jar-with-dependencies.jar
/mnt/beegfs/rcabanas/dev/credici/target/credici-0.1.5-dev-SNAPSHOT-jar-with-dependencies.jar
/mnt/beegfs/rcabanas/dev/credici/papers/causal_flavour/code/LearnCF.java
/mnt/beegfs/rcabanas/dev/credici/papers/causal_flavour/code/LearnCF.java
['learn.py', '1500', '159']
seed=150
/mnt/beegfs/rcabanas/dev/credici
/mnt/beegfs/rcabanas/dev/credici/papers/causal_flavour
/mnt/beegfs/rcabanas/dev/credici/papers/causal_flavour/learntmodels
/mnt/beegfs/rcabanas/dev/credici/papers/causal_flavour/models
/mnt/beegfs/rcabanas/dev/credici/target/credici-0.1.5-dev-SNAPSHOT-jar-with-dependencies.jar
/mnt/beegfs/rcabanas/dev/credici/papers/causal_flavour/code/LearnCF.java
seed=179
/mnt/beegfs/rcabanas/dev/credici
/mnt/beegfs/rcabanas/dev/credici/papers/causal_flavour
/mnt/beegfs/rcabanas/dev/credici/papers/causal_flavour/learntmodels
/mnt/beegfs/rcabanas/dev/credici/papers/causal_flavour/models
/mnt/beegfs/rcabanas/dev/credici/target/credici-0.1.5-dev-SNAPSHOT-jar-with-dependencies.jar
/mnt/beegfs/rcabanas/dev/credici/papers/causal_flavour/code/LearnCF.java
['learn.py', '1500', '154']
seed=159
/mnt/beegfs/rcabanas/dev/credici
/mnt/beegfs/rcabanas/dev/credici/papers/causal_flavour
/mnt/beegfs/rcabanas/dev/credici/papers/causal_flavour/learntmodels
/mnt/beegfs/rcabanas/dev/credici/papers/causal_flavour/models
/mnt/beegfs/rcabanas/dev/credici/target/credici-0.1.5-dev-SNAPSHOT-jar-with-dependencies.jar
/mnt/beegfs/rcabanas/dev/credici/papers/causal_flavour/code/LearnCF.java
['learn.py', '1500', '151']
seed=154
/mnt/beegfs/rcabanas/dev/credici
/mnt/beegfs/rcabanas/dev/credici/papers/causal_flavour
/mnt/beegfs/rcabanas/dev/credici/papers/causal_flavour/learntmodels
/mnt/beegfs/rcabanas/dev/credici/papers/causal_flavour/models
/mnt/beegfs/rcabanas/dev/credici/target/credici-0.1.5-dev-SNAPSHOT-jar-with-dependencies.jar
/mnt/beegfs/rcabanas/dev/credici/papers/causal_flavour/code/LearnCF.java
['learn.py', '1500', '152']
['learn.py', '1500', '168']
['learn.py', '1500', '164']
seed=151
/mnt/beegfs/rcabanas/dev/credici
/mnt/beegfs/rcabanas/dev/credici/papers/causal_flavour
/mnt/beegfs/rcabanas/dev/credici/papers/causal_flavour/learntmodels
/mnt/beegfs/rcabanas/dev/credici/papers/causal_flavour/models
/mnt/beegfs/rcabanas/dev/credici/target/credici-0.1.5-dev-SNAPSHOT-jar-with-dependencies.jar
/mnt/beegfs/rcabanas/dev/credici/papers/causal_flavour/code/LearnCF.java
['learn.py', '1500', '167']
seed=152
/mnt/beegfs/rcabanas/dev/credici
/mnt/beegfs/rcabanas/dev/credici/papers/causal_flavour
/mnt/beegfs/rcabanas/dev/credici/papers/causal_flavour/learntmodels
/mnt/beegfs/rcabanas/dev/credici/papers/causal_flavour/models
/mnt/beegfs/rcabanas/dev/credici/target/credici-0.1.5-dev-SNAPSHOT-jar-with-dependencies.jar
/mnt/beegfs/rcabanas/dev/credici/papers/causal_flavour/code/LearnCF.java
seed=168
/mnt/beegfs/rcabanas/dev/credici
/mnt/beegfs/rcabanas/dev/credici/papers/causal_flavour
/mnt/beegfs/rcabanas/dev/credici/papers/causal_flavour/learntmodels
/mnt/beegfs/rcabanas/dev/credici/papers/causal_flavour/models
/mnt/beegfs/rcabanas/dev/credici/target/credici-0.1.5-dev-SNAPSHOT-jar-with-dependencies.jar
/mnt/beegfs/rcabanas/dev/credici/papers/causal_flavour/code/LearnCF.java
seed=164
/mnt/beegfs/rcabanas/dev/credici
/mnt/beegfs/rcabanas/dev/credici/papers/causal_flavour
/mnt/beegfs/rcabanas/dev/credici/papers/causal_flavour/learntmodels
/mnt/beegfs/rcabanas/dev/credici/papers/causal_flavour/models
/mnt/beegfs/rcabanas/dev/credici/target/credici-0.1.5-dev-SNAPSHOT-jar-with-dependencies.jar
/mnt/beegfs/rcabanas/dev/credici/papers/causal_flavour/code/LearnCF.java
['learn.py', '1500', '171']
seed=171
/mnt/beegfs/rcabanas/dev/credici
/mnt/beegfs/rcabanas/dev/credici/papers/causal_flavour
/mnt/beegfs/rcabanas/dev/credici/papers/causal_flavour/learntmodels
/mnt/beegfs/rcabanas/dev/credici/papers/causal_flavour/models
/mnt/beegfs/rcabanas/dev/credici/target/credici-0.1.5-dev-SNAPSHOT-jar-with-dependencies.jar
/mnt/beegfs/rcabanas/dev/credici/papers/causal_flavour/code/LearnCF.java
['learn.py', '1500', '161']
['learn.py', '1500', '156']
seed=167
/mnt/beegfs/rcabanas/dev/credici
/mnt/beegfs/rcabanas/dev/credici/papers/causal_flavour
/mnt/beegfs/rcabanas/dev/credici/papers/causal_flavour/learntmodels
/mnt/beegfs/rcabanas/dev/credici/papers/causal_flavour/models
/mnt/beegfs/rcabanas/dev/credici/target/credici-0.1.5-dev-SNAPSHOT-jar-with-dependencies.jar
/mnt/beegfs/rcabanas/dev/credici/papers/causal_flavour/code/LearnCF.java
['learn.py', '1500', '162']
seed=156
/mnt/beegfs/rcabanas/dev/credici
/mnt/beegfs/rcabanas/dev/credici/papers/causal_flavour
/mnt/beegfs/rcabanas/dev/credici/papers/causal_flavour/learntmodels
seed=161
/mnt/beegfs/rcabanas/dev/credici/papers/causal_flavour/models
/mnt/beegfs/rcabanas/dev/credici/target/credici-0.1.5-dev-SNAPSHOT-jar-with-dependencies.jar
/mnt/beegfs/rcabanas/dev/credici
/mnt/beegfs/rcabanas/dev/credici/papers/causal_flavour
/mnt/beegfs/rcabanas/dev/credici/papers/causal_flavour/learntmodels
/mnt/beegfs/rcabanas/dev/credici/papers/causal_flavour/models
/mnt/beegfs/rcabanas/dev/credici/target/credici-0.1.5-dev-SNAPSHOT-jar-with-dependencies.jar
/mnt/beegfs/rcabanas/dev/credici/papers/causal_flavour/code/LearnCF.java
/mnt/beegfs/rcabanas/dev/credici/papers/causal_flavour/code/LearnCF.java
['learn.py', '1500', '176']
seed=162
/mnt/beegfs/rcabanas/dev/credici
/mnt/beegfs/rcabanas/dev/credici/papers/causal_flavour
/mnt/beegfs/rcabanas/dev/credici/papers/causal_flavour/learntmodels
/mnt/beegfs/rcabanas/dev/credici/papers/causal_flavour/models
/mnt/beegfs/rcabanas/dev/credici/target/credici-0.1.5-dev-SNAPSHOT-jar-with-dependencies.jar
/mnt/beegfs/rcabanas/dev/credici/papers/causal_flavour/code/LearnCF.java
seed=176
/mnt/beegfs/rcabanas/dev/credici
/mnt/beegfs/rcabanas/dev/credici/papers/causal_flavour
/mnt/beegfs/rcabanas/dev/credici/papers/causal_flavour/learntmodels
/mnt/beegfs/rcabanas/dev/credici/papers/causal_flavour/models
/mnt/beegfs/rcabanas/dev/credici/target/credici-0.1.5-dev-SNAPSHOT-jar-with-dependencies.jar
/mnt/beegfs/rcabanas/dev/credici/papers/causal_flavour/code/LearnCF.java
['learn.py', '1500', '165']
['learn.py', '1500', '172']
['learn.py', '1500', '157']
seed=165
/mnt/beegfs/rcabanas/dev/credici
/mnt/beegfs/rcabanas/dev/credici/papers/causal_flavour
/mnt/beegfs/rcabanas/dev/credici/papers/causal_flavour/learntmodels
/mnt/beegfs/rcabanas/dev/credici/papers/causal_flavour/models
/mnt/beegfs/rcabanas/dev/credici/target/credici-0.1.5-dev-SNAPSHOT-jar-with-dependencies.jar
/mnt/beegfs/rcabanas/dev/credici/papers/causal_flavour/code/LearnCF.java
['learn.py', '1500', '163']
['learn.py', '1500', '166']
['learn.py', '1500', '169']
['learn.py', '1500', '160']
seed=172
/mnt/beegfs/rcabanas/dev/credici
seed=157
/mnt/beegfs/rcabanas/dev/credici/papers/causal_flavour
seed=163
/mnt/beegfs/rcabanas/dev/credici
/mnt/beegfs/rcabanas/dev/credici/papers/causal_flavour/learntmodels
/mnt/beegfs/rcabanas/dev/credici
/mnt/beegfs/rcabanas/dev/credici/papers/causal_flavour
/mnt/beegfs/rcabanas/dev/credici/papers/causal_flavour/learntmodels
/mnt/beegfs/rcabanas/dev/credici/papers/causal_flavour/models
/mnt/beegfs/rcabanas/dev/credici/papers/causal_flavour
seed=166
/mnt/beegfs/rcabanas/dev/credici/papers/causal_flavour/models
seed=169
seed=160
/mnt/beegfs/rcabanas/dev/credici
/mnt/beegfs/rcabanas/dev/credici/target/credici-0.1.5-dev-SNAPSHOT-jar-with-dependencies.jar
/mnt/beegfs/rcabanas/dev/credici/papers/causal_flavour/learntmodels
/mnt/beegfs/rcabanas/dev/credici
/mnt/beegfs/rcabanas/dev/credici/target/credici-0.1.5-dev-SNAPSHOT-jar-with-dependencies.jar
/mnt/beegfs/rcabanas/dev/credici
/mnt/beegfs/rcabanas/dev/credici/papers/causal_flavour
/mnt/beegfs/rcabanas/dev/credici/papers/causal_flavour/code/LearnCF.java
/mnt/beegfs/rcabanas/dev/credici/papers/causal_flavour/models
/mnt/beegfs/rcabanas/dev/credici/target/credici-0.1.5-dev-SNAPSHOT-jar-with-dependencies.jar
/mnt/beegfs/rcabanas/dev/credici/papers/causal_flavour/code/LearnCF.java
/mnt/beegfs/rcabanas/dev/credici/papers/causal_flavour
/mnt/beegfs/rcabanas/dev/credici/papers/causal_flavour/learntmodels
/mnt/beegfs/rcabanas/dev/credici/papers/causal_flavour/models
/mnt/beegfs/rcabanas/dev/credici/target/credici-0.1.5-dev-SNAPSHOT-jar-with-dependencies.jar
/mnt/beegfs/rcabanas/dev/credici/papers/causal_flavour/code/LearnCF.java
/mnt/beegfs/rcabanas/dev/credici/papers/causal_flavour/code/LearnCF.java
/mnt/beegfs/rcabanas/dev/credici/papers/causal_flavour
/mnt/beegfs/rcabanas/dev/credici/papers/causal_flavour/learntmodels
/mnt/beegfs/rcabanas/dev/credici/papers/causal_flavour/models
/mnt/beegfs/rcabanas/dev/credici/target/credici-0.1.5-dev-SNAPSHOT-jar-with-dependencies.jar
/mnt/beegfs/rcabanas/dev/credici/papers/causal_flavour/code/LearnCF.java
/mnt/beegfs/rcabanas/dev/credici/papers/causal_flavour/learntmodels
/mnt/beegfs/rcabanas/dev/credici/papers/causal_flavour/models
/mnt/beegfs/rcabanas/dev/credici/target/credici-0.1.5-dev-SNAPSHOT-jar-with-dependencies.jar
/mnt/beegfs/rcabanas/dev/credici/papers/causal_flavour/code/LearnCF.java
['learn.py', '1500', '186']
['learn.py', '1500', '190']
['learn.py', '1500', '199']
seed=186
/mnt/beegfs/rcabanas/dev/credici
/mnt/beegfs/rcabanas/dev/credici/papers/causal_flavour
/mnt/beegfs/rcabanas/dev/credici/papers/causal_flavour/learntmodels
/mnt/beegfs/rcabanas/dev/credici/papers/causal_flavour/models
/mnt/beegfs/rcabanas/dev/credici/target/credici-0.1.5-dev-SNAPSHOT-jar-with-dependencies.jar
/mnt/beegfs/rcabanas/dev/credici/papers/causal_flavour/code/LearnCF.java
['learn.py', '1500', '170']
seed=199
seed=190
/mnt/beegfs/rcabanas/dev/credici
/mnt/beegfs/rcabanas/dev/credici
/mnt/beegfs/rcabanas/dev/credici/papers/causal_flavour
/mnt/beegfs/rcabanas/dev/credici/papers/causal_flavour
/mnt/beegfs/rcabanas/dev/credici/papers/causal_flavour/learntmodels
/mnt/beegfs/rcabanas/dev/credici/papers/causal_flavour/learntmodels
/mnt/beegfs/rcabanas/dev/credici/papers/causal_flavour/models
/mnt/beegfs/rcabanas/dev/credici/papers/causal_flavour/models
/mnt/beegfs/rcabanas/dev/credici/target/credici-0.1.5-dev-SNAPSHOT-jar-with-dependencies.jar
/mnt/beegfs/rcabanas/dev/credici/papers/causal_flavour/code/LearnCF.java
/mnt/beegfs/rcabanas/dev/credici/target/credici-0.1.5-dev-SNAPSHOT-jar-with-dependencies.jar
['learn.py', '1500', '173']
/mnt/beegfs/rcabanas/dev/credici/papers/causal_flavour/code/LearnCF.java
seed=170
/mnt/beegfs/rcabanas/dev/credici
/mnt/beegfs/rcabanas/dev/credici/papers/causal_flavour
/mnt/beegfs/rcabanas/dev/credici/papers/causal_flavour/learntmodels
/mnt/beegfs/rcabanas/dev/credici/papers/causal_flavour/models
/mnt/beegfs/rcabanas/dev/credici/target/credici-0.1.5-dev-SNAPSHOT-jar-with-dependencies.jar
/mnt/beegfs/rcabanas/dev/credici/papers/causal_flavour/code/LearnCF.java
['learn.py', '1500', '175']
seed=173
/mnt/beegfs/rcabanas/dev/credici
/mnt/beegfs/rcabanas/dev/credici/papers/causal_flavour
/mnt/beegfs/rcabanas/dev/credici/papers/causal_flavour/learntmodels
/mnt/beegfs/rcabanas/dev/credici/papers/causal_flavour/models
/mnt/beegfs/rcabanas/dev/credici/target/credici-0.1.5-dev-SNAPSHOT-jar-with-dependencies.jar
/mnt/beegfs/rcabanas/dev/credici/papers/causal_flavour/code/LearnCF.java
['learn.py', '1500', '178']
seed=175
/mnt/beegfs/rcabanas/dev/credici
/mnt/beegfs/rcabanas/dev/credici/papers/causal_flavour
/mnt/beegfs/rcabanas/dev/credici/papers/causal_flavour/learntmodels
/mnt/beegfs/rcabanas/dev/credici/papers/causal_flavour/models
/mnt/beegfs/rcabanas/dev/credici/target/credici-0.1.5-dev-SNAPSHOT-jar-with-dependencies.jar
/mnt/beegfs/rcabanas/dev/credici/papers/causal_flavour/code/LearnCF.java
seed=178
/mnt/beegfs/rcabanas/dev/credici
/mnt/beegfs/rcabanas/dev/credici/papers/causal_flavour
/mnt/beegfs/rcabanas/dev/credici/papers/causal_flavour/learntmodels
/mnt/beegfs/rcabanas/dev/credici/papers/causal_flavour/models
/mnt/beegfs/rcabanas/dev/credici/target/credici-0.1.5-dev-SNAPSHOT-jar-with-dependencies.jar
/mnt/beegfs/rcabanas/dev/credici/papers/causal_flavour/code/LearnCF.java
['learn.py', '1500', '177']
seed=177
/mnt/beegfs/rcabanas/dev/credici
/mnt/beegfs/rcabanas/dev/credici/papers/causal_flavour
/mnt/beegfs/rcabanas/dev/credici/papers/causal_flavour/learntmodels
/mnt/beegfs/rcabanas/dev/credici/papers/causal_flavour/models
/mnt/beegfs/rcabanas/dev/credici/target/credici-0.1.5-dev-SNAPSHOT-jar-with-dependencies.jar
/mnt/beegfs/rcabanas/dev/credici/papers/causal_flavour/code/LearnCF.java
['learn.py', '1500', '184']
['learn.py', '1500', '180']
['learn.py', '1500', '187']
seed=184
/mnt/beegfs/rcabanas/dev/credici
/mnt/beegfs/rcabanas/dev/credici/papers/causal_flavour
/mnt/beegfs/rcabanas/dev/credici/papers/causal_flavour/learntmodels
/mnt/beegfs/rcabanas/dev/credici/papers/causal_flavour/models
/mnt/beegfs/rcabanas/dev/credici/target/credici-0.1.5-dev-SNAPSHOT-jar-with-dependencies.jar
/mnt/beegfs/rcabanas/dev/credici/papers/causal_flavour/code/LearnCF.java
['learn.py', '1500', '197']
seed=180
/mnt/beegfs/rcabanas/dev/credici
/mnt/beegfs/rcabanas/dev/credici/papers/causal_flavour
/mnt/beegfs/rcabanas/dev/credici/papers/causal_flavour/learntmodels
/mnt/beegfs/rcabanas/dev/credici/papers/causal_flavour/models
/mnt/beegfs/rcabanas/dev/credici/target/credici-0.1.5-dev-SNAPSHOT-jar-with-dependencies.jar
/mnt/beegfs/rcabanas/dev/credici/papers/causal_flavour/code/LearnCF.java
['learn.py', '1500', '183']
seed=187
/mnt/beegfs/rcabanas/dev/credici
/mnt/beegfs/rcabanas/dev/credici/papers/causal_flavour
/mnt/beegfs/rcabanas/dev/credici/papers/causal_flavour/learntmodels
/mnt/beegfs/rcabanas/dev/credici/papers/causal_flavour/models
/mnt/beegfs/rcabanas/dev/credici/target/credici-0.1.5-dev-SNAPSHOT-jar-with-dependencies.jar
/mnt/beegfs/rcabanas/dev/credici/papers/causal_flavour/code/LearnCF.java
['learn.py', '1500', '191']
seed=197
/mnt/beegfs/rcabanas/dev/credici
/mnt/beegfs/rcabanas/dev/credici/papers/causal_flavour
/mnt/beegfs/rcabanas/dev/credici/papers/causal_flavour/learntmodels
/mnt/beegfs/rcabanas/dev/credici/papers/causal_flavour/models
/mnt/beegfs/rcabanas/dev/credici/target/credici-0.1.5-dev-SNAPSHOT-jar-with-dependencies.jar
/mnt/beegfs/rcabanas/dev/credici/papers/causal_flavour/code/LearnCF.java
['learn.py', '1500', '182']
['learn.py', '1500', '189']
seed=183
/mnt/beegfs/rcabanas/dev/credici
/mnt/beegfs/rcabanas/dev/credici/papers/causal_flavour
/mnt/beegfs/rcabanas/dev/credici/papers/causal_flavour/learntmodels
/mnt/beegfs/rcabanas/dev/credici/papers/causal_flavour/models
/mnt/beegfs/rcabanas/dev/credici/target/credici-0.1.5-dev-SNAPSHOT-jar-with-dependencies.jar
/mnt/beegfs/rcabanas/dev/credici/papers/causal_flavour/code/LearnCF.java
seed=191
/mnt/beegfs/rcabanas/dev/credici
/mnt/beegfs/rcabanas/dev/credici/papers/causal_flavour
/mnt/beegfs/rcabanas/dev/credici/papers/causal_flavour/learntmodels
/mnt/beegfs/rcabanas/dev/credici/papers/causal_flavour/models
/mnt/beegfs/rcabanas/dev/credici/target/credici-0.1.5-dev-SNAPSHOT-jar-with-dependencies.jar
/mnt/beegfs/rcabanas/dev/credici/papers/causal_flavour/code/LearnCF.java
['learn.py', '1500', '194']
['learn.py', '1500', '155']
seed=182
seed=189
/mnt/beegfs/rcabanas/dev/credici
/mnt/beegfs/rcabanas/dev/credici
/mnt/beegfs/rcabanas/dev/credici/papers/causal_flavour
/mnt/beegfs/rcabanas/dev/credici/papers/causal_flavour/learntmodels
/mnt/beegfs/rcabanas/dev/credici/papers/causal_flavour/models
/mnt/beegfs/rcabanas/dev/credici/target/credici-0.1.5-dev-SNAPSHOT-jar-with-dependencies.jar
/mnt/beegfs/rcabanas/dev/credici/papers/causal_flavour
/mnt/beegfs/rcabanas/dev/credici/papers/causal_flavour/code/LearnCF.java
/mnt/beegfs/rcabanas/dev/credici/papers/causal_flavour/learntmodels
/mnt/beegfs/rcabanas/dev/credici/papers/causal_flavour/models
/mnt/beegfs/rcabanas/dev/credici/target/credici-0.1.5-dev-SNAPSHOT-jar-with-dependencies.jar
/mnt/beegfs/rcabanas/dev/credici/papers/causal_flavour/code/LearnCF.java
['learn.py', '1500', '185']
seed=194
/mnt/beegfs/rcabanas/dev/credici
/mnt/beegfs/rcabanas/dev/credici/papers/causal_flavour
/mnt/beegfs/rcabanas/dev/credici/papers/causal_flavour/learntmodels
/mnt/beegfs/rcabanas/dev/credici/papers/causal_flavour/models
/mnt/beegfs/rcabanas/dev/credici/target/credici-0.1.5-dev-SNAPSHOT-jar-with-dependencies.jar
/mnt/beegfs/rcabanas/dev/credici/papers/causal_flavour/code/LearnCF.java
seed=155
/mnt/beegfs/rcabanas/dev/credici
/mnt/beegfs/rcabanas/dev/credici/papers/causal_flavour
/mnt/beegfs/rcabanas/dev/credici/papers/causal_flavour/learntmodels
/mnt/beegfs/rcabanas/dev/credici/papers/causal_flavour/models
/mnt/beegfs/rcabanas/dev/credici/target/credici-0.1.5-dev-SNAPSHOT-jar-with-dependencies.jar
/mnt/beegfs/rcabanas/dev/credici/papers/causal_flavour/code/LearnCF.java
['learn.py', '1500', '193']
['learn.py', '1500', '181']
['learn.py', '1500', '174']
['learn.py', '1500', '195']
['learn.py', '1500', '200']
['learn.py', '1500', '188']
['learn.py', '1500', '196']
['learn.py', '1500', '198']
seed=185
/mnt/beegfs/rcabanas/dev/credici
/mnt/beegfs/rcabanas/dev/credici/papers/causal_flavour
/mnt/beegfs/rcabanas/dev/credici/papers/causal_flavour/learntmodels
/mnt/beegfs/rcabanas/dev/credici/papers/causal_flavour/models
/mnt/beegfs/rcabanas/dev/credici/target/credici-0.1.5-dev-SNAPSHOT-jar-with-dependencies.jar
/mnt/beegfs/rcabanas/dev/credici/papers/causal_flavour/code/LearnCF.java
seed=193
/mnt/beegfs/rcabanas/dev/credici
/mnt/beegfs/rcabanas/dev/credici/papers/causal_flavour
/mnt/beegfs/rcabanas/dev/credici/papers/causal_flavour/learntmodels
/mnt/beegfs/rcabanas/dev/credici/papers/causal_flavour/models
/mnt/beegfs/rcabanas/dev/credici/target/credici-0.1.5-dev-SNAPSHOT-jar-with-dependencies.jar
/mnt/beegfs/rcabanas/dev/credici/papers/causal_flavour/code/LearnCF.java
seed=181
/mnt/beegfs/rcabanas/dev/credici
/mnt/beegfs/rcabanas/dev/credici/papers/causal_flavour
/mnt/beegfs/rcabanas/dev/credici/papers/causal_flavour/learntmodels
/mnt/beegfs/rcabanas/dev/credici/papers/causal_flavour/models
/mnt/beegfs/rcabanas/dev/credici/target/credici-0.1.5-dev-SNAPSHOT-jar-with-dependencies.jar
/mnt/beegfs/rcabanas/dev/credici/papers/causal_flavour/code/LearnCF.java
seed=174
/mnt/beegfs/rcabanas/dev/credici
/mnt/beegfs/rcabanas/dev/credici/papers/causal_flavour
/mnt/beegfs/rcabanas/dev/credici/papers/causal_flavour/learntmodels
/mnt/beegfs/rcabanas/dev/credici/papers/causal_flavour/models
/mnt/beegfs/rcabanas/dev/credici/target/credici-0.1.5-dev-SNAPSHOT-jar-with-dependencies.jar
/mnt/beegfs/rcabanas/dev/credici/papers/causal_flavour/code/LearnCF.java
seed=195
/mnt/beegfs/rcabanas/dev/credici
/mnt/beegfs/rcabanas/dev/credici/papers/causal_flavour
/mnt/beegfs/rcabanas/dev/credici/papers/causal_flavour/learntmodels
/mnt/beegfs/rcabanas/dev/credici/papers/causal_flavour/models
/mnt/beegfs/rcabanas/dev/credici/target/credici-0.1.5-dev-SNAPSHOT-jar-with-dependencies.jar
/mnt/beegfs/rcabanas/dev/credici/papers/causal_flavour/code/LearnCF.java
seed=200
/mnt/beegfs/rcabanas/dev/credici
/mnt/beegfs/rcabanas/dev/credici/papers/causal_flavour
/mnt/beegfs/rcabanas/dev/credici/papers/causal_flavour/learntmodels
/mnt/beegfs/rcabanas/dev/credici/papers/causal_flavour/models
/mnt/beegfs/rcabanas/dev/credici/target/credici-0.1.5-dev-SNAPSHOT-jar-with-dependencies.jar
/mnt/beegfs/rcabanas/dev/credici/papers/causal_flavour/code/LearnCF.java
seed=188
/mnt/beegfs/rcabanas/dev/credici
/mnt/beegfs/rcabanas/dev/credici/papers/causal_flavour
/mnt/beegfs/rcabanas/dev/credici/papers/causal_flavour/learntmodels
seed=196
seed=198
/mnt/beegfs/rcabanas/dev/credici/papers/causal_flavour/models
/mnt/beegfs/rcabanas/dev/credici/target/credici-0.1.5-dev-SNAPSHOT-jar-with-dependencies.jar
/mnt/beegfs/rcabanas/dev/credici/papers/causal_flavour/code/LearnCF.java
/mnt/beegfs/rcabanas/dev/credici
/mnt/beegfs/rcabanas/dev/credici/papers/causal_flavour
/mnt/beegfs/rcabanas/dev/credici/papers/causal_flavour/learntmodels
/mnt/beegfs/rcabanas/dev/credici/papers/causal_flavour/models
/mnt/beegfs/rcabanas/dev/credici/target/credici-0.1.5-dev-SNAPSHOT-jar-with-dependencies.jar
/mnt/beegfs/rcabanas/dev/credici
/mnt/beegfs/rcabanas/dev/credici/papers/causal_flavour
/mnt/beegfs/rcabanas/dev/credici/papers/causal_flavour/learntmodels
/mnt/beegfs/rcabanas/dev/credici/papers/causal_flavour/models
/mnt/beegfs/rcabanas/dev/credici/target/credici-0.1.5-dev-SNAPSHOT-jar-with-dependencies.jar
/mnt/beegfs/rcabanas/dev/credici/papers/causal_flavour/code/LearnCF.java
/mnt/beegfs/rcabanas/dev/credici/papers/causal_flavour/code/LearnCF.java
[2024-05-17T11:00:25.914804][INFO][seed150] Set up logging
[2024-05-17T11:00:25.944954][INFO][seed150] args: -m;1500;-o;/mnt/beegfs/rcabanas/dev/credici/papers/causal_flavour/learntmodels/miter1500;--data;/mnt/beegfs/rcabanas/dev/credici/papers/causal_flavour/data/simple_learner_4Q10k_data.csv;-rw;-s;150;/mnt/beegfs/rcabanas/dev/credici/papers/causal_flavour/models/simple_learner_4Q10k.uai
[2024-05-17T11:00:25.948844][INFO][seed150] Starting logger with seed 150
[2024-05-17T11:00:25.952874][INFO][seed158] Set up logging
[2024-05-17T11:00:25.979027][INFO][seed158] args: -m;1500;-o;/mnt/beegfs/rcabanas/dev/credici/papers/causal_flavour/learntmodels/miter1500;--data;/mnt/beegfs/rcabanas/dev/credici/papers/causal_flavour/data/simple_learner_4Q10k_data.csv;-rw;-s;158;/mnt/beegfs/rcabanas/dev/credici/papers/causal_flavour/models/simple_learner_4Q10k.uai
[2024-05-17T11:00:25.970780][INFO][seed179] Set up logging
[2024-05-17T11:00:25.952490][INFO][seed153] Set up logging
[2024-05-17T11:00:25.986110][INFO][seed153] args: -m;1500;-o;/mnt/beegfs/rcabanas/dev/credici/papers/causal_flavour/learntmodels/miter1500;--data;/mnt/beegfs/rcabanas/dev/credici/papers/causal_flavour/data/simple_learner_4Q10k_data.csv;-rw;-s;153;/mnt/beegfs/rcabanas/dev/credici/papers/causal_flavour/models/simple_learner_4Q10k.uai
[2024-05-17T11:00:25.988075][INFO][seed179] args: -m;1500;-o;/mnt/beegfs/rcabanas/dev/credici/papers/causal_flavour/learntmodels/miter1500;--data;/mnt/beegfs/rcabanas/dev/credici/papers/causal_flavour/data/simple_learner_4Q10k_data.csv;-rw;-s;179;/mnt/beegfs/rcabanas/dev/credici/papers/causal_flavour/models/simple_learner_4Q10k.uai
[2024-05-17T11:00:25.988668][INFO][seed153] Starting logger with seed 153
[2024-05-17T11:00:25.989059][INFO][seed158] Starting logger with seed 158
[2024-05-17T11:00:26.000877][INFO][seed179] Starting logger with seed 179
[2024-05-17T11:00:25.991330][INFO][seed154] Set up logging
[2024-05-17T11:00:26.018901][INFO][seed154] args: -m;1500;-o;/mnt/beegfs/rcabanas/dev/credici/papers/causal_flavour/learntmodels/miter1500;--data;/mnt/beegfs/rcabanas/dev/credici/papers/causal_flavour/data/simple_learner_4Q10k_data.csv;-rw;-s;154;/mnt/beegfs/rcabanas/dev/credici/papers/causal_flavour/models/simple_learner_4Q10k.uai
[2024-05-17T11:00:26.029119][INFO][seed154] Starting logger with seed 154
[2024-05-17T11:00:26.027288][INFO][seed151] Set up logging
[2024-05-17T11:00:26.047716][INFO][seed151] args: -m;1500;-o;/mnt/beegfs/rcabanas/dev/credici/papers/causal_flavour/learntmodels/miter1500;--data;/mnt/beegfs/rcabanas/dev/credici/papers/causal_flavour/data/simple_learner_4Q10k_data.csv;-rw;-s;151;/mnt/beegfs/rcabanas/dev/credici/papers/causal_flavour/models/simple_learner_4Q10k.uai
[2024-05-17T11:00:26.020864][INFO][seed168] Set up logging
[2024-05-17T11:00:26.050221][INFO][seed168] args: -m;1500;-o;/mnt/beegfs/rcabanas/dev/credici/papers/causal_flavour/learntmodels/miter1500;--data;/mnt/beegfs/rcabanas/dev/credici/papers/causal_flavour/data/simple_learner_4Q10k_data.csv;-rw;-s;168;/mnt/beegfs/rcabanas/dev/credici/papers/causal_flavour/models/simple_learner_4Q10k.uai
[2024-05-17T11:00:26.052335][INFO][seed168] Starting logger with seed 168
[2024-05-17T11:00:26.058750][INFO][seed151] Starting logger with seed 151
[2024-05-17T11:00:26.038404][INFO][seed159] Set up logging
[2024-05-17T11:00:26.068643][INFO][seed159] args: -m;1500;-o;/mnt/beegfs/rcabanas/dev/credici/papers/causal_flavour/learntmodels/miter1500;--data;/mnt/beegfs/rcabanas/dev/credici/papers/causal_flavour/data/simple_learner_4Q10k_data.csv;-rw;-s;159;/mnt/beegfs/rcabanas/dev/credici/papers/causal_flavour/models/simple_learner_4Q10k.uai
[2024-05-17T11:00:26.070595][INFO][seed159] Starting logger with seed 159
[2024-05-17T11:00:26.047176][INFO][seed152] Set up logging
[2024-05-17T11:00:26.086205][INFO][seed152] args: -m;1500;-o;/mnt/beegfs/rcabanas/dev/credici/papers/causal_flavour/learntmodels/miter1500;--data;/mnt/beegfs/rcabanas/dev/credici/papers/causal_flavour/data/simple_learner_4Q10k_data.csv;-rw;-s;152;/mnt/beegfs/rcabanas/dev/credici/papers/causal_flavour/models/simple_learner_4Q10k.uai
[2024-05-17T11:00:26.088583][INFO][seed152] Starting logger with seed 152
[2024-05-17T11:00:26.081162][INFO][seed156] Set up logging
[2024-05-17T11:00:26.110436][INFO][seed156] args: -m;1500;-o;/mnt/beegfs/rcabanas/dev/credici/papers/causal_flavour/learntmodels/miter1500;--data;/mnt/beegfs/rcabanas/dev/credici/papers/causal_flavour/data/simple_learner_4Q10k_data.csv;-rw;-s;156;/mnt/beegfs/rcabanas/dev/credici/papers/causal_flavour/models/simple_learner_4Q10k.uai
[2024-05-17T11:00:26.094284][INFO][seed167] Set up logging
[2024-05-17T11:00:26.081314][INFO][seed171] Set up logging
[2024-05-17T11:00:26.114426][INFO][seed156] Starting logger with seed 156
[2024-05-17T11:00:26.114585][INFO][seed171] args: -m;1500;-o;/mnt/beegfs/rcabanas/dev/credici/papers/causal_flavour/learntmodels/miter1500;--data;/mnt/beegfs/rcabanas/dev/credici/papers/causal_flavour/data/simple_learner_4Q10k_data.csv;-rw;-s;171;/mnt/beegfs/rcabanas/dev/credici/papers/causal_flavour/models/simple_learner_4Q10k.uai
[2024-05-17T11:00:26.116381][INFO][seed171] Starting logger with seed 171
[2024-05-17T11:00:26.118336][INFO][seed167] args: -m;1500;-o;/mnt/beegfs/rcabanas/dev/credici/papers/causal_flavour/learntmodels/miter1500;--data;/mnt/beegfs/rcabanas/dev/credici/papers/causal_flavour/data/simple_learner_4Q10k_data.csv;-rw;-s;167;/mnt/beegfs/rcabanas/dev/credici/papers/causal_flavour/models/simple_learner_4Q10k.uai
[2024-05-17T11:00:26.123536][INFO][seed167] Starting logger with seed 167
[2024-05-17T11:00:26.111054][INFO][seed162] Set up logging
[2024-05-17T11:00:26.128752][INFO][seed162] args: -m;1500;-o;/mnt/beegfs/rcabanas/dev/credici/papers/causal_flavour/learntmodels/miter1500;--data;/mnt/beegfs/rcabanas/dev/credici/papers/causal_flavour/data/simple_learner_4Q10k_data.csv;-rw;-s;162;/mnt/beegfs/rcabanas/dev/credici/papers/causal_flavour/models/simple_learner_4Q10k.uai
[2024-05-17T11:00:26.101842][INFO][seed164] Set up logging
[2024-05-17T11:00:26.103045][INFO][seed161] Set up logging
[2024-05-17T11:00:26.131593][INFO][seed164] args: -m;1500;-o;/mnt/beegfs/rcabanas/dev/credici/papers/causal_flavour/learntmodels/miter1500;--data;/mnt/beegfs/rcabanas/dev/credici/papers/causal_flavour/data/simple_learner_4Q10k_data.csv;-rw;-s;164;/mnt/beegfs/rcabanas/dev/credici/papers/causal_flavour/models/simple_learner_4Q10k.uai
[2024-05-17T11:00:26.132655][INFO][seed161] args: -m;1500;-o;/mnt/beegfs/rcabanas/dev/credici/papers/causal_flavour/learntmodels/miter1500;--data;/mnt/beegfs/rcabanas/dev/credici/papers/causal_flavour/data/simple_learner_4Q10k_data.csv;-rw;-s;161;/mnt/beegfs/rcabanas/dev/credici/papers/causal_flavour/models/simple_learner_4Q10k.uai
[2024-05-17T11:00:26.139398][INFO][seed162] Starting logger with seed 162
[2024-05-17T11:00:26.140033][INFO][seed161] Starting logger with seed 161
[2024-05-17T11:00:26.139725][INFO][seed164] Starting logger with seed 164
[2024-05-17T11:00:26.177428][INFO][seed150] Loaded model and info: /mnt/beegfs/rcabanas/dev/credici/papers/causal_flavour/models/simple_learner_4Q10k.uai
[2024-05-17T11:00:26.152250][INFO][seed176] Set up logging
[2024-05-17T11:00:26.181103][INFO][seed176] args: -m;1500;-o;/mnt/beegfs/rcabanas/dev/credici/papers/causal_flavour/learntmodels/miter1500;--data;/mnt/beegfs/rcabanas/dev/credici/papers/causal_flavour/data/simple_learner_4Q10k_data.csv;-rw;-s;176;/mnt/beegfs/rcabanas/dev/credici/papers/causal_flavour/models/simple_learner_4Q10k.uai
[2024-05-17T11:00:26.188952][INFO][seed176] Starting logger with seed 176
[2024-05-17T11:00:26.193639][INFO][seed153] Loaded model and info: /mnt/beegfs/rcabanas/dev/credici/papers/causal_flavour/models/simple_learner_4Q10k.uai
[2024-05-17T11:00:26.182735][INFO][seed165] Set up logging
[2024-05-17T11:00:26.215495][INFO][seed165] args: -m;1500;-o;/mnt/beegfs/rcabanas/dev/credici/papers/causal_flavour/learntmodels/miter1500;--data;/mnt/beegfs/rcabanas/dev/credici/papers/causal_flavour/data/simple_learner_4Q10k_data.csv;-rw;-s;165;/mnt/beegfs/rcabanas/dev/credici/papers/causal_flavour/models/simple_learner_4Q10k.uai
[2024-05-17T11:00:26.217391][INFO][seed165] Starting logger with seed 165
[2024-05-17T11:00:26.223277][INFO][seed158] Loaded model and info: /mnt/beegfs/rcabanas/dev/credici/papers/causal_flavour/models/simple_learner_4Q10k.uai
[2024-05-17T11:00:26.245574][INFO][seed179] Loaded model and info: /mnt/beegfs/rcabanas/dev/credici/papers/causal_flavour/models/simple_learner_4Q10k.uai
[2024-05-17T11:00:26.271665][INFO][seed168] Loaded model and info: /mnt/beegfs/rcabanas/dev/credici/papers/causal_flavour/models/simple_learner_4Q10k.uai
[2024-05-17T11:00:26.273780][INFO][seed154] Loaded model and info: /mnt/beegfs/rcabanas/dev/credici/papers/causal_flavour/models/simple_learner_4Q10k.uai
[2024-05-17T11:00:26.269054][INFO][seed160] Set up logging
[2024-05-17T11:00:26.289162][INFO][seed160] args: -m;1500;-o;/mnt/beegfs/rcabanas/dev/credici/papers/causal_flavour/learntmodels/miter1500;--data;/mnt/beegfs/rcabanas/dev/credici/papers/causal_flavour/data/simple_learner_4Q10k_data.csv;-rw;-s;160;/mnt/beegfs/rcabanas/dev/credici/papers/causal_flavour/models/simple_learner_4Q10k.uai
[2024-05-17T11:00:26.263339][INFO][seed172] Set up logging
[2024-05-17T11:00:26.292382][INFO][seed172] args: -m;1500;-o;/mnt/beegfs/rcabanas/dev/credici/papers/causal_flavour/learntmodels/miter1500;--data;/mnt/beegfs/rcabanas/dev/credici/papers/causal_flavour/data/simple_learner_4Q10k_data.csv;-rw;-s;172;/mnt/beegfs/rcabanas/dev/credici/papers/causal_flavour/models/simple_learner_4Q10k.uai
[2024-05-17T11:00:26.269515][INFO][seed163] Set up logging
[2024-05-17T11:00:26.294583][INFO][seed163] args: -m;1500;-o;/mnt/beegfs/rcabanas/dev/credici/papers/causal_flavour/learntmodels/miter1500;--data;/mnt/beegfs/rcabanas/dev/credici/papers/causal_flavour/data/simple_learner_4Q10k_data.csv;-rw;-s;163;/mnt/beegfs/rcabanas/dev/credici/papers/causal_flavour/models/simple_learner_4Q10k.uai
[2024-05-17T11:00:26.271786][INFO][seed166] Set up logging
[2024-05-17T11:00:26.268328][INFO][seed169] Set up logging
[2024-05-17T11:00:26.301237][INFO][seed160] Starting logger with seed 160
[2024-05-17T11:00:26.302689][INFO][seed172] Starting logger with seed 172
[2024-05-17T11:00:26.302749][INFO][seed169] args: -m;1500;-o;/mnt/beegfs/rcabanas/dev/credici/papers/causal_flavour/learntmodels/miter1500;--data;/mnt/beegfs/rcabanas/dev/credici/papers/causal_flavour/data/simple_learner_4Q10k_data.csv;-rw;-s;169;/mnt/beegfs/rcabanas/dev/credici/papers/causal_flavour/models/simple_learner_4Q10k.uai
[2024-05-17T11:00:26.302940][INFO][seed163] Starting logger with seed 163
[2024-05-17T11:00:26.306742][INFO][seed169] Starting logger with seed 169
[2024-05-17T11:00:26.295566][INFO][seed166] args: -m;1500;-o;/mnt/beegfs/rcabanas/dev/credici/papers/causal_flavour/learntmodels/miter1500;--data;/mnt/beegfs/rcabanas/dev/credici/papers/causal_flavour/data/simple_learner_4Q10k_data.csv;-rw;-s;166;/mnt/beegfs/rcabanas/dev/credici/papers/causal_flavour/models/simple_learner_4Q10k.uai
[2024-05-17T11:00:26.309828][INFO][seed166] Starting logger with seed 166
[2024-05-17T11:00:26.313021][INFO][seed152] Loaded model and info: /mnt/beegfs/rcabanas/dev/credici/papers/causal_flavour/models/simple_learner_4Q10k.uai
[2024-05-17T11:00:26.289769][INFO][seed157] Set up logging
[2024-05-17T11:00:26.322358][INFO][seed157] args: -m;1500;-o;/mnt/beegfs/rcabanas/dev/credici/papers/causal_flavour/learntmodels/miter1500;--data;/mnt/beegfs/rcabanas/dev/credici/papers/causal_flavour/data/simple_learner_4Q10k_data.csv;-rw;-s;157;/mnt/beegfs/rcabanas/dev/credici/papers/causal_flavour/models/simple_learner_4Q10k.uai
[2024-05-17T11:00:26.310486][INFO][seed186] Set up logging
[2024-05-17T11:00:26.325526][INFO][seed157] Starting logger with seed 157
[2024-05-17T11:00:26.328082][INFO][seed151] Loaded model and info: /mnt/beegfs/rcabanas/dev/credici/papers/causal_flavour/models/simple_learner_4Q10k.uai
[2024-05-17T11:00:26.329640][INFO][seed186] args: -m;1500;-o;/mnt/beegfs/rcabanas/dev/credici/papers/causal_flavour/learntmodels/miter1500;--data;/mnt/beegfs/rcabanas/dev/credici/papers/causal_flavour/data/simple_learner_4Q10k_data.csv;-rw;-s;186;/mnt/beegfs/rcabanas/dev/credici/papers/causal_flavour/models/simple_learner_4Q10k.uai
[2024-05-17T11:00:26.333286][INFO][seed186] Starting logger with seed 186
[2024-05-17T11:00:26.333546][INFO][seed159] Loaded model and info: /mnt/beegfs/rcabanas/dev/credici/papers/causal_flavour/models/simple_learner_4Q10k.uai
[2024-05-17T11:00:26.329899][INFO][seed199] Set up logging
[2024-05-17T11:00:26.360741][INFO][seed199] args: -m;1500;-o;/mnt/beegfs/rcabanas/dev/credici/papers/causal_flavour/learntmodels/miter1500;--data;/mnt/beegfs/rcabanas/dev/credici/papers/causal_flavour/data/simple_learner_4Q10k_data.csv;-rw;-s;199;/mnt/beegfs/rcabanas/dev/credici/papers/causal_flavour/models/simple_learner_4Q10k.uai
[2024-05-17T11:00:26.362843][INFO][seed199] Starting logger with seed 199
[2024-05-17T11:00:26.360678][INFO][seed190] Set up logging
[2024-05-17T11:00:26.384144][INFO][seed190] args: -m;1500;-o;/mnt/beegfs/rcabanas/dev/credici/papers/causal_flavour/learntmodels/miter1500;--data;/mnt/beegfs/rcabanas/dev/credici/papers/causal_flavour/data/simple_learner_4Q10k_data.csv;-rw;-s;190;/mnt/beegfs/rcabanas/dev/credici/papers/causal_flavour/models/simple_learner_4Q10k.uai
[2024-05-17T11:00:26.389753][INFO][seed190] Starting logger with seed 190
[2024-05-17T11:00:26.390235][INFO][seed167] Loaded model and info: /mnt/beegfs/rcabanas/dev/credici/papers/causal_flavour/models/simple_learner_4Q10k.uai
[2024-05-17T11:00:26.399073][INFO][seed156] Loaded model and info: /mnt/beegfs/rcabanas/dev/credici/papers/causal_flavour/models/simple_learner_4Q10k.uai
[2024-05-17T11:00:26.391645][INFO][seed178] Set up logging
[2024-05-17T11:00:26.413523][INFO][seed171] Loaded model and info: /mnt/beegfs/rcabanas/dev/credici/papers/causal_flavour/models/simple_learner_4Q10k.uai
[2024-05-17T11:00:26.413574][INFO][seed161] Loaded model and info: /mnt/beegfs/rcabanas/dev/credici/papers/causal_flavour/models/simple_learner_4Q10k.uai
[2024-05-17T11:00:26.407917][INFO][seed178] args: -m;1500;-o;/mnt/beegfs/rcabanas/dev/credici/papers/causal_flavour/learntmodels/miter1500;--data;/mnt/beegfs/rcabanas/dev/credici/papers/causal_flavour/data/simple_learner_4Q10k_data.csv;-rw;-s;178;/mnt/beegfs/rcabanas/dev/credici/papers/causal_flavour/models/simple_learner_4Q10k.uai
[2024-05-17T11:00:26.418149][INFO][seed178] Starting logger with seed 178
[2024-05-17T11:00:26.427393][INFO][seed164] Loaded model and info: /mnt/beegfs/rcabanas/dev/credici/papers/causal_flavour/models/simple_learner_4Q10k.uai
[2024-05-17T11:00:26.431503][INFO][seed162] Loaded model and info: /mnt/beegfs/rcabanas/dev/credici/papers/causal_flavour/models/simple_learner_4Q10k.uai
[2024-05-17T11:00:26.400730][INFO][seed173] Set up logging
[2024-05-17T11:00:26.433891][INFO][seed173] args: -m;1500;-o;/mnt/beegfs/rcabanas/dev/credici/papers/causal_flavour/learntmodels/miter1500;--data;/mnt/beegfs/rcabanas/dev/credici/papers/causal_flavour/data/simple_learner_4Q10k_data.csv;-rw;-s;173;/mnt/beegfs/rcabanas/dev/credici/papers/causal_flavour/models/simple_learner_4Q10k.uai
[2024-05-17T11:00:26.435646][INFO][seed173] Starting logger with seed 173
[2024-05-17T11:00:26.455178][INFO][seed176] Loaded model and info: /mnt/beegfs/rcabanas/dev/credici/papers/causal_flavour/models/simple_learner_4Q10k.uai
[2024-05-17T11:00:26.481774][INFO][seed165] Loaded model and info: /mnt/beegfs/rcabanas/dev/credici/papers/causal_flavour/models/simple_learner_4Q10k.uai
[2024-05-17T11:00:26.452395][INFO][seed175] Set up logging
[2024-05-17T11:00:26.486311][INFO][seed175] args: -m;1500;-o;/mnt/beegfs/rcabanas/dev/credici/papers/causal_flavour/learntmodels/miter1500;--data;/mnt/beegfs/rcabanas/dev/credici/papers/causal_flavour/data/simple_learner_4Q10k_data.csv;-rw;-s;175;/mnt/beegfs/rcabanas/dev/credici/papers/causal_flavour/models/simple_learner_4Q10k.uai
[2024-05-17T11:00:26.488329][INFO][seed175] Starting logger with seed 175
[2024-05-17T11:00:26.542949][INFO][seed172] Loaded model and info: /mnt/beegfs/rcabanas/dev/credici/papers/causal_flavour/models/simple_learner_4Q10k.uai
[2024-05-17T11:00:26.544829][INFO][seed169] Loaded model and info: /mnt/beegfs/rcabanas/dev/credici/papers/causal_flavour/models/simple_learner_4Q10k.uai
[2024-05-17T11:00:26.554519][INFO][seed166] Loaded model and info: /mnt/beegfs/rcabanas/dev/credici/papers/causal_flavour/models/simple_learner_4Q10k.uai
[2024-05-17T11:00:26.543566][INFO][seed184] Set up logging
[2024-05-17T11:00:26.563531][INFO][seed160] Loaded model and info: /mnt/beegfs/rcabanas/dev/credici/papers/causal_flavour/models/simple_learner_4Q10k.uai
[2024-05-17T11:00:26.565076][INFO][seed157] Loaded model and info: /mnt/beegfs/rcabanas/dev/credici/papers/causal_flavour/models/simple_learner_4Q10k.uai
[2024-05-17T11:00:26.568211][INFO][seed184] args: -m;1500;-o;/mnt/beegfs/rcabanas/dev/credici/papers/causal_flavour/learntmodels/miter1500;--data;/mnt/beegfs/rcabanas/dev/credici/papers/causal_flavour/data/simple_learner_4Q10k_data.csv;-rw;-s;184;/mnt/beegfs/rcabanas/dev/credici/papers/causal_flavour/models/simple_learner_4Q10k.uai
[2024-05-17T11:00:26.570327][INFO][seed184] Starting logger with seed 184
[2024-05-17T11:00:26.571410][INFO][seed163] Loaded model and info: /mnt/beegfs/rcabanas/dev/credici/papers/causal_flavour/models/simple_learner_4Q10k.uai
[2024-05-17T11:00:26.576952][INFO][seed153] Loaded 10000 data instances
[2024-05-17T11:00:26.548054][INFO][seed191] Set up logging
[2024-05-17T11:00:26.577917][INFO][seed153] Starting learning up to 1500 iterations
[2024-05-17T11:00:26.577878][INFO][seed191] args: -m;1500;-o;/mnt/beegfs/rcabanas/dev/credici/papers/causal_flavour/learntmodels/miter1500;--data;/mnt/beegfs/rcabanas/dev/credici/papers/causal_flavour/data/simple_learner_4Q10k_data.csv;-rw;-s;191;/mnt/beegfs/rcabanas/dev/credici/papers/causal_flavour/models/simple_learner_4Q10k.uai
[2024-05-17T11:00:26.578371][INFO][seed158] Loaded 10000 data instances
[2024-05-17T11:00:26.579541][INFO][seed191] Starting logger with seed 191
[2024-05-17T11:00:26.548800][INFO][seed197] Set up logging
[2024-05-17T11:00:26.550199][INFO][seed177] Set up logging
[2024-05-17T11:00:26.580541][INFO][seed197] args: -m;1500;-o;/mnt/beegfs/rcabanas/dev/credici/papers/causal_flavour/learntmodels/miter1500;--data;/mnt/beegfs/rcabanas/dev/credici/papers/causal_flavour/data/simple_learner_4Q10k_data.csv;-rw;-s;197;/mnt/beegfs/rcabanas/dev/credici/papers/causal_flavour/models/simple_learner_4Q10k.uai
[2024-05-17T11:00:26.550779][INFO][seed183] Set up logging
[2024-05-17T11:00:26.581211][INFO][seed177] args: -m;1500;-o;/mnt/beegfs/rcabanas/dev/credici/papers/causal_flavour/learntmodels/miter1500;--data;/mnt/beegfs/rcabanas/dev/credici/papers/causal_flavour/data/simple_learner_4Q10k_data.csv;-rw;-s;177;/mnt/beegfs/rcabanas/dev/credici/papers/causal_flavour/models/simple_learner_4Q10k.uai
[2024-05-17T11:00:26.582466][INFO][seed197] Starting logger with seed 197
[2024-05-17T11:00:26.581714][INFO][seed183] args: -m;1500;-o;/mnt/beegfs/rcabanas/dev/credici/papers/causal_flavour/learntmodels/miter1500;--data;/mnt/beegfs/rcabanas/dev/credici/papers/causal_flavour/data/simple_learner_4Q10k_data.csv;-rw;-s;183;/mnt/beegfs/rcabanas/dev/credici/papers/causal_flavour/models/simple_learner_4Q10k.uai
[2024-05-17T11:00:26.583554][INFO][seed183] Starting logger with seed 183
[2024-05-17T11:00:26.582898][INFO][seed177] Starting logger with seed 177
[2024-05-17T11:00:26.591199][INFO][seed158] Starting learning up to 1500 iterations
[2024-05-17T11:00:26.568114][INFO][seed174] Set up logging
[2024-05-17T11:00:26.597258][INFO][seed174] args: -m;1500;-o;/mnt/beegfs/rcabanas/dev/credici/papers/causal_flavour/learntmodels/miter1500;--data;/mnt/beegfs/rcabanas/dev/credici/papers/causal_flavour/data/simple_learner_4Q10k_data.csv;-rw;-s;174;/mnt/beegfs/rcabanas/dev/credici/papers/causal_flavour/models/simple_learner_4Q10k.uai
[2024-05-17T11:00:26.598531][INFO][seed150] Loaded 10000 data instances
[2024-05-17T11:00:26.601111][INFO][seed174] Starting logger with seed 174
[2024-05-17T11:00:26.590834][INFO][seed182] Set up logging
[2024-05-17T11:00:26.572023][INFO][seed180] Set up logging
[2024-05-17T11:00:26.605261][INFO][seed180] args: -m;1500;-o;/mnt/beegfs/rcabanas/dev/credici/papers/causal_flavour/learntmodels/miter1500;--data;/mnt/beegfs/rcabanas/dev/credici/papers/causal_flavour/data/simple_learner_4Q10k_data.csv;-rw;-s;180;/mnt/beegfs/rcabanas/dev/credici/papers/causal_flavour/models/simple_learner_4Q10k.uai
[2024-05-17T11:00:26.580734][INFO][seed200] Set up logging
[2024-05-17T11:00:26.608080][INFO][seed150] Starting learning up to 1500 iterations
[2024-05-17T11:00:26.609417][INFO][seed182] args: -m;1500;-o;/mnt/beegfs/rcabanas/dev/credici/papers/causal_flavour/learntmodels/miter1500;--data;/mnt/beegfs/rcabanas/dev/credici/papers/causal_flavour/data/simple_learner_4Q10k_data.csv;-rw;-s;182;/mnt/beegfs/rcabanas/dev/credici/papers/causal_flavour/models/simple_learner_4Q10k.uai
[2024-05-17T11:00:26.607230][INFO][seed200] args: -m;1500;-o;/mnt/beegfs/rcabanas/dev/credici/papers/causal_flavour/learntmodels/miter1500;--data;/mnt/beegfs/rcabanas/dev/credici/papers/causal_flavour/data/simple_learner_4Q10k_data.csv;-rw;-s;200;/mnt/beegfs/rcabanas/dev/credici/papers/causal_flavour/models/simple_learner_4Q10k.uai
[2024-05-17T11:00:26.611505][INFO][seed180] Starting logger with seed 180
[2024-05-17T11:00:26.612417][INFO][seed200] Starting logger with seed 200
[2024-05-17T11:00:26.624007][INFO][seed182] Starting logger with seed 182
[2024-05-17T11:00:26.608305][INFO][seed187] Set up logging
[2024-05-17T11:00:26.637096][INFO][seed187] args: -m;1500;-o;/mnt/beegfs/rcabanas/dev/credici/papers/causal_flavour/learntmodels/miter1500;--data;/mnt/beegfs/rcabanas/dev/credici/papers/causal_flavour/data/simple_learner_4Q10k_data.csv;-rw;-s;187;/mnt/beegfs/rcabanas/dev/credici/papers/causal_flavour/models/simple_learner_4Q10k.uai
[2024-05-17T11:00:26.639126][INFO][seed187] Starting logger with seed 187
[2024-05-17T11:00:26.626768][INFO][seed194] Set up logging
[2024-05-17T11:00:26.646304][INFO][seed186] Loaded model and info: /mnt/beegfs/rcabanas/dev/credici/papers/causal_flavour/models/simple_learner_4Q10k.uai
[2024-05-17T11:00:26.648150][INFO][seed194] args: -m;1500;-o;/mnt/beegfs/rcabanas/dev/credici/papers/causal_flavour/learntmodels/miter1500;--data;/mnt/beegfs/rcabanas/dev/credici/papers/causal_flavour/data/simple_learner_4Q10k_data.csv;-rw;-s;194;/mnt/beegfs/rcabanas/dev/credici/papers/causal_flavour/models/simple_learner_4Q10k.uai
[2024-05-17T11:00:26.665024][INFO][seed173] Loaded model and info: /mnt/beegfs/rcabanas/dev/credici/papers/causal_flavour/models/simple_learner_4Q10k.uai
[2024-05-17T11:00:26.665107][INFO][seed199] Loaded model and info: /mnt/beegfs/rcabanas/dev/credici/papers/causal_flavour/models/simple_learner_4Q10k.uai
[2024-05-17T11:00:26.666958][INFO][seed179] Loaded 10000 data instances
[2024-05-17T11:00:26.664285][INFO][seed194] Starting logger with seed 194
[2024-05-17T11:00:26.668721][INFO][seed178] Loaded model and info: /mnt/beegfs/rcabanas/dev/credici/papers/causal_flavour/models/simple_learner_4Q10k.uai
[2024-05-17T11:00:26.649191][INFO][seed155] Set up logging
[2024-05-17T11:00:26.676633][INFO][seed190] Loaded model and info: /mnt/beegfs/rcabanas/dev/credici/papers/causal_flavour/models/simple_learner_4Q10k.uai
[2024-05-17T11:00:26.678243][INFO][seed155] args: -m;1500;-o;/mnt/beegfs/rcabanas/dev/credici/papers/causal_flavour/learntmodels/miter1500;--data;/mnt/beegfs/rcabanas/dev/credici/papers/causal_flavour/data/simple_learner_4Q10k_data.csv;-rw;-s;155;/mnt/beegfs/rcabanas/dev/credici/papers/causal_flavour/models/simple_learner_4Q10k.uai
[2024-05-17T11:00:26.680020][INFO][seed179] Starting learning up to 1500 iterations
[2024-05-17T11:00:26.684368][INFO][seed155] Starting logger with seed 155
[2024-05-17T11:00:26.693030][INFO][seed168] Loaded 10000 data instances
[2024-05-17T11:00:26.693807][INFO][seed168] Starting learning up to 1500 iterations
[2024-05-17T11:00:26.699304][INFO][seed154] Loaded 10000 data instances
[2024-05-17T11:00:26.703763][INFO][seed154] Starting learning up to 1500 iterations
[2024-05-17T11:00:26.692008][INFO][seed193] Set up logging
[2024-05-17T11:00:26.687002][INFO][seed189] Set up logging
[2024-05-17T11:00:26.711879][INFO][seed189] args: -m;1500;-o;/mnt/beegfs/rcabanas/dev/credici/papers/causal_flavour/learntmodels/miter1500;--data;/mnt/beegfs/rcabanas/dev/credici/papers/causal_flavour/data/simple_learner_4Q10k_data.csv;-rw;-s;189;/mnt/beegfs/rcabanas/dev/credici/papers/causal_flavour/models/simple_learner_4Q10k.uai
[2024-05-17T11:00:26.713517][INFO][seed189] Starting logger with seed 189
[2024-05-17T11:00:26.721073][INFO][seed193] args: -m;1500;-o;/mnt/beegfs/rcabanas/dev/credici/papers/causal_flavour/learntmodels/miter1500;--data;/mnt/beegfs/rcabanas/dev/credici/papers/causal_flavour/data/simple_learner_4Q10k_data.csv;-rw;-s;193;/mnt/beegfs/rcabanas/dev/credici/papers/causal_flavour/models/simple_learner_4Q10k.uai
[2024-05-17T11:00:26.722930][INFO][seed193] Starting logger with seed 193
[2024-05-17T11:00:26.708063][INFO][seed181] Set up logging
[2024-05-17T11:00:26.734423][INFO][seed181] args: -m;1500;-o;/mnt/beegfs/rcabanas/dev/credici/papers/causal_flavour/learntmodels/miter1500;--data;/mnt/beegfs/rcabanas/dev/credici/papers/causal_flavour/data/simple_learner_4Q10k_data.csv;-rw;-s;181;/mnt/beegfs/rcabanas/dev/credici/papers/causal_flavour/models/simple_learner_4Q10k.uai
[2024-05-17T11:00:26.736485][INFO][seed181] Starting logger with seed 181
[2024-05-17T11:00:26.717635][INFO][seed170] Set up logging
[2024-05-17T11:00:26.748028][INFO][seed170] args: -m;1500;-o;/mnt/beegfs/rcabanas/dev/credici/papers/causal_flavour/learntmodels/miter1500;--data;/mnt/beegfs/rcabanas/dev/credici/papers/causal_flavour/data/simple_learner_4Q10k_data.csv;-rw;-s;170;/mnt/beegfs/rcabanas/dev/credici/papers/causal_flavour/models/simple_learner_4Q10k.uai
[2024-05-17T11:00:26.750474][INFO][seed170] Starting logger with seed 170
[2024-05-17T11:00:26.755427][INFO][seed161] Loaded 10000 data instances
[2024-05-17T11:00:26.756022][INFO][seed152] Loaded 10000 data instances
[2024-05-17T11:00:26.758364][INFO][seed159] Loaded 10000 data instances
[2024-05-17T11:00:26.735376][INFO][seed188] Set up logging
[2024-05-17T11:00:26.760710][INFO][seed152] Starting learning up to 1500 iterations
[2024-05-17T11:00:26.760866][INFO][seed188] args: -m;1500;-o;/mnt/beegfs/rcabanas/dev/credici/papers/causal_flavour/learntmodels/miter1500;--data;/mnt/beegfs/rcabanas/dev/credici/papers/causal_flavour/data/simple_learner_4Q10k_data.csv;-rw;-s;188;/mnt/beegfs/rcabanas/dev/credici/papers/causal_flavour/models/simple_learner_4Q10k.uai
[2024-05-17T11:00:26.764276][INFO][seed159] Starting learning up to 1500 iterations
[2024-05-17T11:00:26.768257][INFO][seed161] Starting learning up to 1500 iterations
[2024-05-17T11:00:26.768909][INFO][seed188] Starting logger with seed 188
[2024-05-17T11:00:26.774395][INFO][seed175] Loaded model and info: /mnt/beegfs/rcabanas/dev/credici/papers/causal_flavour/models/simple_learner_4Q10k.uai
[2024-05-17T11:00:26.753185][INFO][seed195] Set up logging
[2024-05-17T11:00:26.779932][INFO][seed195] args: -m;1500;-o;/mnt/beegfs/rcabanas/dev/credici/papers/causal_flavour/learntmodels/miter1500;--data;/mnt/beegfs/rcabanas/dev/credici/papers/causal_flavour/data/simple_learner_4Q10k_data.csv;-rw;-s;195;/mnt/beegfs/rcabanas/dev/credici/papers/causal_flavour/models/simple_learner_4Q10k.uai
[2024-05-17T11:00:26.782253][INFO][seed171] Loaded 10000 data instances
[2024-05-17T11:00:26.783050][INFO][seed171] Starting learning up to 1500 iterations
[2024-05-17T11:00:26.757894][INFO][seed185] Set up logging
[2024-05-17T11:00:26.785230][INFO][seed162] Loaded 10000 data instances
[2024-05-17T11:00:26.750591][INFO][seed196] Set up logging
[2024-05-17T11:00:26.785896][INFO][seed151] Loaded 10000 data instances
[2024-05-17T11:00:26.786145][INFO][seed162] Starting learning up to 1500 iterations
[2024-05-17T11:00:26.786516][INFO][seed196] args: -m;1500;-o;/mnt/beegfs/rcabanas/dev/credici/papers/causal_flavour/learntmodels/miter1500;--data;/mnt/beegfs/rcabanas/dev/credici/papers/causal_flavour/data/simple_learner_4Q10k_data.csv;-rw;-s;196;/mnt/beegfs/rcabanas/dev/credici/papers/causal_flavour/models/simple_learner_4Q10k.uai
[2024-05-17T11:00:26.786733][INFO][seed151] Starting learning up to 1500 iterations
[2024-05-17T11:00:26.788008][INFO][seed156] Loaded 10000 data instances
[2024-05-17T11:00:26.788341][INFO][seed196] Starting logger with seed 196
[2024-05-17T11:00:26.787207][INFO][seed185] args: -m;1500;-o;/mnt/beegfs/rcabanas/dev/credici/papers/causal_flavour/learntmodels/miter1500;--data;/mnt/beegfs/rcabanas/dev/credici/papers/causal_flavour/data/simple_learner_4Q10k_data.csv;-rw;-s;185;/mnt/beegfs/rcabanas/dev/credici/papers/causal_flavour/models/simple_learner_4Q10k.uai
[2024-05-17T11:00:26.788796][INFO][seed156] Starting learning up to 1500 iterations
[2024-05-17T11:00:26.789923][INFO][seed195] Starting logger with seed 195
[2024-05-17T11:00:26.789935][INFO][seed185] Starting logger with seed 185
[2024-05-17T11:00:26.765012][INFO][seed198] Set up logging
[2024-05-17T11:00:26.793869][INFO][seed198] args: -m;1500;-o;/mnt/beegfs/rcabanas/dev/credici/papers/causal_flavour/learntmodels/miter1500;--data;/mnt/beegfs/rcabanas/dev/credici/papers/causal_flavour/data/simple_learner_4Q10k_data.csv;-rw;-s;198;/mnt/beegfs/rcabanas/dev/credici/papers/causal_flavour/models/simple_learner_4Q10k.uai
[2024-05-17T11:00:26.796681][INFO][seed167] Loaded 10000 data instances
[2024-05-17T11:00:26.801378][INFO][seed167] Starting learning up to 1500 iterations
[2024-05-17T11:00:26.805765][INFO][seed198] Starting logger with seed 198
[2024-05-17T11:00:26.808116][INFO][seed164] Loaded 10000 data instances
[2024-05-17T11:00:26.809008][INFO][seed164] Starting learning up to 1500 iterations
[2024-05-17T11:00:26.828506][INFO][seed200] Loaded model and info: /mnt/beegfs/rcabanas/dev/credici/papers/causal_flavour/models/simple_learner_4Q10k.uai
[2024-05-17T11:00:26.831387][INFO][seed174] Loaded model and info: /mnt/beegfs/rcabanas/dev/credici/papers/causal_flavour/models/simple_learner_4Q10k.uai
[2024-05-17T11:00:26.837401][INFO][seed183] Loaded model and info: /mnt/beegfs/rcabanas/dev/credici/papers/causal_flavour/models/simple_learner_4Q10k.uai
[2024-05-17T11:00:26.837284][INFO][seed177] Loaded model and info: /mnt/beegfs/rcabanas/dev/credici/papers/causal_flavour/models/simple_learner_4Q10k.uai
[2024-05-17T11:00:26.840437][INFO][seed187] Loaded model and info: /mnt/beegfs/rcabanas/dev/credici/papers/causal_flavour/models/simple_learner_4Q10k.uai
[2024-05-17T11:00:26.842761][INFO][seed180] Loaded model and info: /mnt/beegfs/rcabanas/dev/credici/papers/causal_flavour/models/simple_learner_4Q10k.uai
[2024-05-17T11:00:26.843431][INFO][seed182] Loaded model and info: /mnt/beegfs/rcabanas/dev/credici/papers/causal_flavour/models/simple_learner_4Q10k.uai
[2024-05-17T11:00:26.847780][INFO][seed191] Loaded model and info: /mnt/beegfs/rcabanas/dev/credici/papers/causal_flavour/models/simple_learner_4Q10k.uai
[2024-05-17T11:00:26.848974][INFO][seed197] Loaded model and info: /mnt/beegfs/rcabanas/dev/credici/papers/causal_flavour/models/simple_learner_4Q10k.uai
[2024-05-17T11:00:26.850110][INFO][seed184] Loaded model and info: /mnt/beegfs/rcabanas/dev/credici/papers/causal_flavour/models/simple_learner_4Q10k.uai
[2024-05-17T11:00:26.854436][INFO][seed176] Loaded 10000 data instances
[2024-05-17T11:00:26.855930][INFO][seed176] Starting learning up to 1500 iterations
[2024-05-17T11:00:26.883436][INFO][seed194] Loaded model and info: /mnt/beegfs/rcabanas/dev/credici/papers/causal_flavour/models/simple_learner_4Q10k.uai
[2024-05-17T11:00:26.886123][INFO][seed165] Loaded 10000 data instances
[2024-05-17T11:00:26.886911][INFO][seed165] Starting learning up to 1500 iterations
[2024-05-17T11:00:26.923475][INFO][seed189] Loaded model and info: /mnt/beegfs/rcabanas/dev/credici/papers/causal_flavour/models/simple_learner_4Q10k.uai
[2024-05-17T11:00:26.931308][INFO][seed155] Loaded model and info: /mnt/beegfs/rcabanas/dev/credici/papers/causal_flavour/models/simple_learner_4Q10k.uai
[2024-05-17T11:00:26.947711][INFO][seed181] Loaded model and info: /mnt/beegfs/rcabanas/dev/credici/papers/causal_flavour/models/simple_learner_4Q10k.uai
[2024-05-17T11:00:26.950893][INFO][seed166] Loaded 10000 data instances
[2024-05-17T11:00:26.951715][INFO][seed166] Starting learning up to 1500 iterations
[2024-05-17T11:00:26.960957][INFO][seed163] Loaded 10000 data instances
[2024-05-17T11:00:26.961807][INFO][seed163] Starting learning up to 1500 iterations
[2024-05-17T11:00:26.965409][INFO][seed193] Loaded model and info: /mnt/beegfs/rcabanas/dev/credici/papers/causal_flavour/models/simple_learner_4Q10k.uai
[2024-05-17T11:00:26.972011][INFO][seed170] Loaded model and info: /mnt/beegfs/rcabanas/dev/credici/papers/causal_flavour/models/simple_learner_4Q10k.uai
[2024-05-17T11:00:26.989816][INFO][seed157] Loaded 10000 data instances
[2024-05-17T11:00:26.990697][INFO][seed157] Starting learning up to 1500 iterations
[2024-05-17T11:00:26.998989][INFO][seed188] Loaded model and info: /mnt/beegfs/rcabanas/dev/credici/papers/causal_flavour/models/simple_learner_4Q10k.uai
[2024-05-17T11:00:27.000626][INFO][seed169] Loaded 10000 data instances
[2024-05-17T11:00:27.001499][INFO][seed169] Starting learning up to 1500 iterations
[2024-05-17T11:00:27.010136][INFO][seed185] Loaded model and info: /mnt/beegfs/rcabanas/dev/credici/papers/causal_flavour/models/simple_learner_4Q10k.uai
[2024-05-17T11:00:27.010924][INFO][seed160] Loaded 10000 data instances
[2024-05-17T11:00:27.011104][INFO][seed196] Loaded model and info: /mnt/beegfs/rcabanas/dev/credici/papers/causal_flavour/models/simple_learner_4Q10k.uai
[2024-05-17T11:00:27.011958][INFO][seed198] Loaded model and info: /mnt/beegfs/rcabanas/dev/credici/papers/causal_flavour/models/simple_learner_4Q10k.uai
[2024-05-17T11:00:27.012919][INFO][seed186] Loaded 10000 data instances
[2024-05-17T11:00:27.013476][INFO][seed172] Loaded 10000 data instances
[2024-05-17T11:00:27.015125][INFO][seed195] Loaded model and info: /mnt/beegfs/rcabanas/dev/credici/papers/causal_flavour/models/simple_learner_4Q10k.uai
[2024-05-17T11:00:27.020369][INFO][seed186] Starting learning up to 1500 iterations
[2024-05-17T11:00:27.023981][INFO][seed160] Starting learning up to 1500 iterations
[2024-05-17T11:00:27.026068][INFO][seed172] Starting learning up to 1500 iterations
[2024-05-17T11:00:27.032391][INFO][seed190] Loaded 10000 data instances
[2024-05-17T11:00:27.033894][INFO][seed178] Loaded 10000 data instances
[2024-05-17T11:00:27.034666][INFO][seed178] Starting learning up to 1500 iterations
[2024-05-17T11:00:27.037275][INFO][seed190] Starting learning up to 1500 iterations
[2024-05-17T11:00:27.041467][INFO][seed199] Loaded 10000 data instances
[2024-05-17T11:00:27.048279][INFO][seed199] Starting learning up to 1500 iterations
[2024-05-17T11:00:27.088588][INFO][seed173] Loaded 10000 data instances
[2024-05-17T11:00:27.089483][INFO][seed173] Starting learning up to 1500 iterations
[2024-05-17T11:00:27.193970][INFO][seed175] Loaded 10000 data instances
[2024-05-17T11:00:27.208532][INFO][seed175] Starting learning up to 1500 iterations
[2024-05-17T11:00:27.270422][INFO][seed174] Loaded 10000 data instances
[2024-05-17T11:00:27.270664][INFO][seed180] Loaded 10000 data instances
[2024-05-17T11:00:27.271116][INFO][seed174] Starting learning up to 1500 iterations
[2024-05-17T11:00:27.277934][INFO][seed155] Loaded 10000 data instances
[2024-05-17T11:00:27.280832][INFO][seed180] Starting learning up to 1500 iterations
[2024-05-17T11:00:27.286188][INFO][seed155] Starting learning up to 1500 iterations
[2024-05-17T11:00:27.286515][INFO][seed191] Loaded 10000 data instances
[2024-05-17T11:00:27.288609][INFO][seed197] Loaded 10000 data instances
[2024-05-17T11:00:27.289294][INFO][seed197] Starting learning up to 1500 iterations
[2024-05-17T11:00:27.289906][INFO][seed200] Loaded 10000 data instances
[2024-05-17T11:00:27.290773][INFO][seed181] Loaded 10000 data instances
[2024-05-17T11:00:27.291678][INFO][seed181] Starting learning up to 1500 iterations
[2024-05-17T11:00:27.291892][INFO][seed193] Loaded 10000 data instances
[2024-05-17T11:00:27.291897][INFO][seed182] Loaded 10000 data instances
[2024-05-17T11:00:27.294023][INFO][seed182] Starting learning up to 1500 iterations
[2024-05-17T11:00:27.295206][INFO][seed193] Starting learning up to 1500 iterations
[2024-05-17T11:00:27.295926][INFO][seed194] Loaded 10000 data instances
[2024-05-17T11:00:27.296615][INFO][seed194] Starting learning up to 1500 iterations
[2024-05-17T11:00:27.298823][INFO][seed191] Starting learning up to 1500 iterations
[2024-05-17T11:00:27.300543][INFO][seed183] Loaded 10000 data instances
[2024-05-17T11:00:27.301558][INFO][seed183] Starting learning up to 1500 iterations
[2024-05-17T11:00:27.303729][INFO][seed200] Starting learning up to 1500 iterations
[2024-05-17T11:00:27.337597][INFO][seed185] Loaded 10000 data instances
[2024-05-17T11:00:27.339693][INFO][seed185] Starting learning up to 1500 iterations
[2024-05-17T11:00:27.342455][INFO][seed195] Loaded 10000 data instances
[2024-05-17T11:00:27.345211][INFO][seed189] Loaded 10000 data instances
[2024-05-17T11:00:27.345785][INFO][seed195] Starting learning up to 1500 iterations
[2024-05-17T11:00:27.348916][INFO][seed188] Loaded 10000 data instances
[2024-05-17T11:00:27.348863][INFO][seed187] Loaded 10000 data instances
[2024-05-17T11:00:27.349646][INFO][seed188] Starting learning up to 1500 iterations
[2024-05-17T11:00:27.349974][INFO][seed187] Starting learning up to 1500 iterations
[2024-05-17T11:00:27.350320][INFO][seed189] Starting learning up to 1500 iterations
[2024-05-17T11:00:27.367326][INFO][seed198] Loaded 10000 data instances
[2024-05-17T11:00:27.367575][INFO][seed184] Loaded 10000 data instances
[2024-05-17T11:00:27.368732][INFO][seed184] Starting learning up to 1500 iterations
[2024-05-17T11:00:27.379620][INFO][seed198] Starting learning up to 1500 iterations
[2024-05-17T11:00:27.380598][INFO][seed177] Loaded 10000 data instances
[2024-05-17T11:00:27.388587][INFO][seed177] Starting learning up to 1500 iterations
[2024-05-17T11:00:27.435478][INFO][seed170] Loaded 10000 data instances
[2024-05-17T11:00:27.445404][INFO][seed170] Starting learning up to 1500 iterations
[2024-05-17T11:00:27.459370][INFO][seed196] Loaded 10000 data instances
[2024-05-17T11:00:27.460938][INFO][seed196] Starting learning up to 1500 iterations
[2024-05-17T11:39:45.827570][INFO][seed200] Ellapsed time: 2358488.ms
[2024-05-17T11:39:45.874895][INFO][seed200] Saved model at /mnt/beegfs/rcabanas/dev/credici/papers/causal_flavour/learntmodels/miter1500/simple_learner_4Q10k/model_200.uai
[2024-05-17T11:39:45.875310][INFO][seed200] Closing log file
[2024-05-17T11:39:45.875435][INFO][seed200] Closed log file
['learn.py', '1500', '192']
seed=192
/mnt/beegfs/rcabanas/dev/credici
/mnt/beegfs/rcabanas/dev/credici/papers/causal_flavour
/mnt/beegfs/rcabanas/dev/credici/papers/causal_flavour/learntmodels
/mnt/beegfs/rcabanas/dev/credici/papers/causal_flavour/models
/mnt/beegfs/rcabanas/dev/credici/target/credici-0.1.5-dev-SNAPSHOT-jar-with-dependencies.jar
/mnt/beegfs/rcabanas/dev/credici/papers/causal_flavour/code/LearnCF.java
[2024-05-17T11:39:48.535035][INFO][seed192] Set up logging
[2024-05-17T11:39:48.559267][INFO][seed192] args: -m;1500;-o;/mnt/beegfs/rcabanas/dev/credici/papers/causal_flavour/learntmodels/miter1500;--data;/mnt/beegfs/rcabanas/dev/credici/papers/causal_flavour/data/simple_learner_4Q10k_data.csv;-rw;-s;192;/mnt/beegfs/rcabanas/dev/credici/papers/causal_flavour/models/simple_learner_4Q10k.uai
[2024-05-17T11:39:48.568517][INFO][seed192] Starting logger with seed 192
[2024-05-17T11:39:48.785572][INFO][seed192] Loaded model and info: /mnt/beegfs/rcabanas/dev/credici/papers/causal_flavour/models/simple_learner_4Q10k.uai
[2024-05-17T11:39:49.175874][INFO][seed192] Loaded 10000 data instances
[2024-05-17T11:39:49.176767][INFO][seed192] Starting learning up to 1500 iterations
[2024-05-17T11:39:56.123197][INFO][seed174] Ellapsed time: 2368815.ms
[2024-05-17T11:39:56.159640][INFO][seed174] Saved model at /mnt/beegfs/rcabanas/dev/credici/papers/causal_flavour/learntmodels/miter1500/simple_learner_4Q10k/model_174.uai
[2024-05-17T11:39:56.160041][INFO][seed174] Closing log file
[2024-05-17T11:39:56.160167][INFO][seed174] Closed log file
[2024-05-17T11:50:16.599533][INFO][seed198] Ellapsed time: 2989199.ms
[2024-05-17T11:50:16.645104][INFO][seed198] Saved model at /mnt/beegfs/rcabanas/dev/credici/papers/causal_flavour/learntmodels/miter1500/simple_learner_4Q10k/model_198.uai
[2024-05-17T11:50:16.645637][INFO][seed198] Closing log file
[2024-05-17T11:50:16.645775][INFO][seed198] Closed log file
[2024-05-17T11:50:23.434072][INFO][seed196] Ellapsed time: 2995952.ms
[2024-05-17T11:50:23.473096][INFO][seed196] Saved model at /mnt/beegfs/rcabanas/dev/credici/papers/causal_flavour/learntmodels/miter1500/simple_learner_4Q10k/model_196.uai
[2024-05-17T11:50:23.473411][INFO][seed196] Closing log file
[2024-05-17T11:50:23.473545][INFO][seed196] Closed log file
[2024-05-17T11:50:49.111615][INFO][seed195] Ellapsed time: 3021720.ms
[2024-05-17T11:50:49.146874][INFO][seed195] Saved model at /mnt/beegfs/rcabanas/dev/credici/papers/causal_flavour/learntmodels/miter1500/simple_learner_4Q10k/model_195.uai
[2024-05-17T11:50:49.147168][INFO][seed195] Closing log file
[2024-05-17T11:50:49.147287][INFO][seed195] Closed log file
[2024-05-17T11:51:13.205153][INFO][seed193] Ellapsed time: 3045891.ms
[2024-05-17T11:51:13.266007][INFO][seed193] Saved model at /mnt/beegfs/rcabanas/dev/credici/papers/causal_flavour/learntmodels/miter1500/simple_learner_4Q10k/model_193.uai
[2024-05-17T11:51:13.266495][INFO][seed193] Closing log file
[2024-05-17T11:51:13.266641][INFO][seed193] Closed log file
[2024-05-17T11:51:36.802229][INFO][seed181] Ellapsed time: 3069488.ms
[2024-05-17T11:51:36.853795][INFO][seed181] Saved model at /mnt/beegfs/rcabanas/dev/credici/papers/causal_flavour/learntmodels/miter1500/simple_learner_4Q10k/model_181.uai
[2024-05-17T11:51:36.854110][INFO][seed181] Closing log file
[2024-05-17T11:51:36.854236][INFO][seed181] Closed log file
[2024-05-17T11:51:45.690307][INFO][seed188] Ellapsed time: 3078328.ms
[2024-05-17T11:51:45.741400][INFO][seed188] Saved model at /mnt/beegfs/rcabanas/dev/credici/papers/causal_flavour/learntmodels/miter1500/simple_learner_4Q10k/model_188.uai
[2024-05-17T11:51:45.741670][INFO][seed188] Closing log file
[2024-05-17T11:51:45.741789][INFO][seed188] Closed log file
[2024-05-17T11:51:47.482263][INFO][seed194] Ellapsed time: 3080167.ms
[2024-05-17T11:51:47.541941][INFO][seed194] Saved model at /mnt/beegfs/rcabanas/dev/credici/papers/causal_flavour/learntmodels/miter1500/simple_learner_4Q10k/model_194.uai
[2024-05-17T11:51:47.542244][INFO][seed194] Closing log file
[2024-05-17T11:51:47.542365][INFO][seed194] Closed log file
[2024-05-17T11:52:20.013673][INFO][seed155] Ellapsed time: 3112711.ms
[2024-05-17T11:52:20.073911][INFO][seed155] Saved model at /mnt/beegfs/rcabanas/dev/credici/papers/causal_flavour/learntmodels/miter1500/simple_learner_4Q10k/model_155.uai
[2024-05-17T11:52:20.074186][INFO][seed155] Closing log file
[2024-05-17T11:52:20.074305][INFO][seed155] Closed log file
[2024-05-17T11:57:51.424272][INFO][seed167] Ellapsed time: 3444594.ms
[2024-05-17T11:57:51.467603][INFO][seed167] Saved model at /mnt/beegfs/rcabanas/dev/credici/papers/causal_flavour/learntmodels/miter1500/simple_learner_4Q10k/model_167.uai
[2024-05-17T11:57:51.468037][INFO][seed167] Closing log file
[2024-05-17T11:57:51.468202][INFO][seed167] Closed log file
[2024-05-17T11:58:20.822542][INFO][seed178] Ellapsed time: 3473766.ms
[2024-05-17T11:58:20.888105][INFO][seed178] Saved model at /mnt/beegfs/rcabanas/dev/credici/papers/causal_flavour/learntmodels/miter1500/simple_learner_4Q10k/model_178.uai
[2024-05-17T11:58:20.888537][INFO][seed178] Closing log file
[2024-05-17T11:58:20.888653][INFO][seed178] Closed log file
[2024-05-17T11:58:27.899818][INFO][seed168] Ellapsed time: 3481167.ms
[2024-05-17T11:58:27.951415][INFO][seed168] Saved model at /mnt/beegfs/rcabanas/dev/credici/papers/causal_flavour/learntmodels/miter1500/simple_learner_4Q10k/model_168.uai
[2024-05-17T11:58:27.951886][INFO][seed168] Closing log file
[2024-05-17T11:58:27.952030][INFO][seed168] Closed log file
[2024-05-17T11:58:28.731568][INFO][seed160] Ellapsed time: 3481695.ms
[2024-05-17T11:58:28.794239][INFO][seed160] Saved model at /mnt/beegfs/rcabanas/dev/credici/papers/causal_flavour/learntmodels/miter1500/simple_learner_4Q10k/model_160.uai
[2024-05-17T11:58:28.794732][INFO][seed160] Closing log file
[2024-05-17T11:58:28.794862][INFO][seed160] Closed log file
[2024-05-17T11:58:28.940788][INFO][seed157] Ellapsed time: 3481910.ms
[2024-05-17T11:58:28.977335][INFO][seed157] Saved model at /mnt/beegfs/rcabanas/dev/credici/papers/causal_flavour/learntmodels/miter1500/simple_learner_4Q10k/model_157.uai
[2024-05-17T11:58:28.977711][INFO][seed157] Closing log file
[2024-05-17T11:58:28.977858][INFO][seed157] Closed log file
[2024-05-17T11:58:40.461132][INFO][seed185] Ellapsed time: 3493105.ms
[2024-05-17T11:58:40.507774][INFO][seed185] Saved model at /mnt/beegfs/rcabanas/dev/credici/papers/causal_flavour/learntmodels/miter1500/simple_learner_4Q10k/model_185.uai
[2024-05-17T11:58:40.508096][INFO][seed185] Closing log file
[2024-05-17T11:58:40.508221][INFO][seed185] Closed log file
[2024-05-17T11:58:50.585022][INFO][seed180] Ellapsed time: 3503274.ms
[2024-05-17T11:58:50.611939][INFO][seed189] Ellapsed time: 3503222.ms
[2024-05-17T11:58:50.620141][INFO][seed180] Saved model at /mnt/beegfs/rcabanas/dev/credici/papers/causal_flavour/learntmodels/miter1500/simple_learner_4Q10k/model_180.uai
[2024-05-17T11:58:50.620511][INFO][seed180] Closing log file
[2024-05-17T11:58:50.620631][INFO][seed180] Closed log file
[2024-05-17T11:58:50.638934][INFO][seed189] Saved model at /mnt/beegfs/rcabanas/dev/credici/papers/causal_flavour/learntmodels/miter1500/simple_learner_4Q10k/model_189.uai
[2024-05-17T11:58:50.639242][INFO][seed189] Closing log file
[2024-05-17T11:58:50.639363][INFO][seed189] Closed log file
[2024-05-17T11:58:56.229835][INFO][seed197] Ellapsed time: 3508916.ms
[2024-05-17T11:58:56.294243][INFO][seed197] Saved model at /mnt/beegfs/rcabanas/dev/credici/papers/causal_flavour/learntmodels/miter1500/simple_learner_4Q10k/model_197.uai
[2024-05-17T11:58:56.294576][INFO][seed197] Closing log file
[2024-05-17T11:58:56.294694][INFO][seed197] Closed log file
[2024-05-17T11:59:01.107117][INFO][seed182] Ellapsed time: 3513793.ms
[2024-05-17T11:59:01.162231][INFO][seed182] Saved model at /mnt/beegfs/rcabanas/dev/credici/papers/causal_flavour/learntmodels/miter1500/simple_learner_4Q10k/model_182.uai
[2024-05-17T11:59:01.162547][INFO][seed182] Closing log file
[2024-05-17T11:59:01.162671][INFO][seed182] Closed log file
[2024-05-17T11:59:02.973399][INFO][seed156] Ellapsed time: 3516138.ms
[2024-05-17T11:59:03.008016][INFO][seed156] Saved model at /mnt/beegfs/rcabanas/dev/credici/papers/causal_flavour/learntmodels/miter1500/simple_learner_4Q10k/model_156.uai
[2024-05-17T11:59:03.008282][INFO][seed156] Closing log file
[2024-05-17T11:59:03.008413][INFO][seed156] Closed log file
[2024-05-17T11:59:06.602542][INFO][seed183] Ellapsed time: 3519282.ms
[2024-05-17T11:59:06.660162][INFO][seed183] Saved model at /mnt/beegfs/rcabanas/dev/credici/papers/causal_flavour/learntmodels/miter1500/simple_learner_4Q10k/model_183.uai
[2024-05-17T11:59:06.660482][INFO][seed183] Closing log file
[2024-05-17T11:59:06.660603][INFO][seed183] Closed log file
[2024-05-17T11:59:08.711539][INFO][seed191] Ellapsed time: 3521400.ms
[2024-05-17T11:59:08.763536][INFO][seed191] Saved model at /mnt/beegfs/rcabanas/dev/credici/papers/causal_flavour/learntmodels/miter1500/simple_learner_4Q10k/model_191.uai
[2024-05-17T11:59:08.763845][INFO][seed191] Closing log file
[2024-05-17T11:59:08.763962][INFO][seed191] Closed log file
[2024-05-17T11:59:10.549612][INFO][seed152] Ellapsed time: 3523748.ms
[2024-05-17T11:59:10.599118][INFO][seed152] Saved model at /mnt/beegfs/rcabanas/dev/credici/papers/causal_flavour/learntmodels/miter1500/simple_learner_4Q10k/model_152.uai
[2024-05-17T11:59:10.599552][INFO][seed152] Closing log file
[2024-05-17T11:59:10.599689][INFO][seed152] Closed log file
[2024-05-17T11:59:15.852591][INFO][seed171] Ellapsed time: 3529053.ms
[2024-05-17T11:59:15.882081][INFO][seed171] Saved model at /mnt/beegfs/rcabanas/dev/credici/papers/causal_flavour/learntmodels/miter1500/simple_learner_4Q10k/model_171.uai
[2024-05-17T11:59:15.882286][INFO][seed171] Closing log file
[2024-05-17T11:59:15.882409][INFO][seed171] Closed log file
[2024-05-17T11:59:21.368072][INFO][seed161] Ellapsed time: 3534585.ms
[2024-05-17T11:59:21.423130][INFO][seed161] Saved model at /mnt/beegfs/rcabanas/dev/credici/papers/causal_flavour/learntmodels/miter1500/simple_learner_4Q10k/model_161.uai
[2024-05-17T11:59:21.423388][INFO][seed161] Closing log file
[2024-05-17T11:59:21.423523][INFO][seed161] Closed log file
[2024-05-17T12:05:24.679939][INFO][seed150] Ellapsed time: 3898044.ms
[2024-05-17T12:05:24.717349][INFO][seed150] Saved model at /mnt/beegfs/rcabanas/dev/credici/papers/causal_flavour/learntmodels/miter1500/simple_learner_4Q10k/model_150.uai
[2024-05-17T12:05:24.717792][INFO][seed150] Closing log file
[2024-05-17T12:05:24.717921][INFO][seed150] Closed log file
[2024-05-17T12:05:56.104273][INFO][seed159] Ellapsed time: 3929317.ms
[2024-05-17T12:05:56.139939][INFO][seed159] Saved model at /mnt/beegfs/rcabanas/dev/credici/papers/causal_flavour/learntmodels/miter1500/simple_learner_4Q10k/model_159.uai
[2024-05-17T12:05:56.140241][INFO][seed159] Closing log file
[2024-05-17T12:05:56.140369][INFO][seed159] Closed log file
[2024-05-17T12:05:57.233858][INFO][seed187] Ellapsed time: 3929840.ms
[2024-05-17T12:05:57.298822][INFO][seed187] Saved model at /mnt/beegfs/rcabanas/dev/credici/papers/causal_flavour/learntmodels/miter1500/simple_learner_4Q10k/model_187.uai
[2024-05-17T12:05:57.298997][INFO][seed187] Closing log file
[2024-05-17T12:05:57.299049][INFO][seed187] Closed log file
[2024-05-17T12:05:57.406549][INFO][seed190] Ellapsed time: 3930344.ms
[2024-05-17T12:05:57.456784][INFO][seed190] Saved model at /mnt/beegfs/rcabanas/dev/credici/papers/causal_flavour/learntmodels/miter1500/simple_learner_4Q10k/model_190.uai
[2024-05-17T12:05:57.457394][INFO][seed190] Closing log file
[2024-05-17T12:05:57.457633][INFO][seed190] Closed log file
[2024-05-17T12:06:09.913177][INFO][seed177] Ellapsed time: 3942499.ms
[2024-05-17T12:06:09.971945][INFO][seed177] Saved model at /mnt/beegfs/rcabanas/dev/credici/papers/causal_flavour/learntmodels/miter1500/simple_learner_4Q10k/model_177.uai
[2024-05-17T12:06:09.972328][INFO][seed177] Closing log file
[2024-05-17T12:06:09.972463][INFO][seed177] Closed log file
[2024-05-17T12:06:10.175524][INFO][seed186] Ellapsed time: 3943136.ms
[2024-05-17T12:06:10.232823][INFO][seed186] Saved model at /mnt/beegfs/rcabanas/dev/credici/papers/causal_flavour/learntmodels/miter1500/simple_learner_4Q10k/model_186.uai
[2024-05-17T12:06:10.233163][INFO][seed186] Closing log file
[2024-05-17T12:06:10.233294][INFO][seed186] Closed log file
[2024-05-17T12:06:13.249540][INFO][seed184] Ellapsed time: 3945867.ms
[2024-05-17T12:06:13.312313][INFO][seed184] Saved model at /mnt/beegfs/rcabanas/dev/credici/papers/causal_flavour/learntmodels/miter1500/simple_learner_4Q10k/model_184.uai
[2024-05-17T12:06:13.312623][INFO][seed184] Closing log file
[2024-05-17T12:06:13.312744][INFO][seed184] Closed log file
[2024-05-17T12:06:17.435257][INFO][seed179] Ellapsed time: 3950744.ms
[2024-05-17T12:06:17.496974][INFO][seed179] Saved model at /mnt/beegfs/rcabanas/dev/credici/papers/causal_flavour/learntmodels/miter1500/simple_learner_4Q10k/model_179.uai
[2024-05-17T12:06:17.497297][INFO][seed179] Closing log file
[2024-05-17T12:06:17.497417][INFO][seed179] Closed log file
[2024-05-17T12:06:17.537651][INFO][seed175] Ellapsed time: 3950293.ms
[2024-05-17T12:06:17.564040][INFO][seed175] Saved model at /mnt/beegfs/rcabanas/dev/credici/papers/causal_flavour/learntmodels/miter1500/simple_learner_4Q10k/model_175.uai
[2024-05-17T12:06:17.564241][INFO][seed175] Closing log file
[2024-05-17T12:06:17.564364][INFO][seed175] Closed log file
[2024-05-17T12:06:18.447574][INFO][seed158] Ellapsed time: 3951795.ms
[2024-05-17T12:06:18.483732][INFO][seed158] Saved model at /mnt/beegfs/rcabanas/dev/credici/papers/causal_flavour/learntmodels/miter1500/simple_learner_4Q10k/model_158.uai
[2024-05-17T12:06:18.483967][INFO][seed158] Closing log file
[2024-05-17T12:06:18.484091][INFO][seed158] Closed log file
[2024-05-17T12:06:19.342750][INFO][seed173] Ellapsed time: 3952234.ms
[2024-05-17T12:06:19.412261][INFO][seed173] Saved model at /mnt/beegfs/rcabanas/dev/credici/papers/causal_flavour/learntmodels/miter1500/simple_learner_4Q10k/model_173.uai
[2024-05-17T12:06:19.412539][INFO][seed173] Closing log file
[2024-05-17T12:06:19.412658][INFO][seed173] Closed log file
[2024-05-17T12:06:24.746058][INFO][seed153] Ellapsed time: 3958141.ms
[2024-05-17T12:06:24.786457][INFO][seed153] Saved model at /mnt/beegfs/rcabanas/dev/credici/papers/causal_flavour/learntmodels/miter1500/simple_learner_4Q10k/model_153.uai
[2024-05-17T12:06:24.786697][INFO][seed153] Closing log file
[2024-05-17T12:06:24.786815][INFO][seed153] Closed log file
[2024-05-17T12:06:28.670943][INFO][seed151] Ellapsed time: 3961857.ms
[2024-05-17T12:06:28.719470][INFO][seed151] Saved model at /mnt/beegfs/rcabanas/dev/credici/papers/causal_flavour/learntmodels/miter1500/simple_learner_4Q10k/model_151.uai
[2024-05-17T12:06:28.719714][INFO][seed151] Closing log file
[2024-05-17T12:06:28.719835][INFO][seed151] Closed log file
[2024-05-17T12:07:16.540479][INFO][seed199] Ellapsed time: 4009445.ms
[2024-05-17T12:07:16.588306][INFO][seed199] Saved model at /mnt/beegfs/rcabanas/dev/credici/papers/causal_flavour/learntmodels/miter1500/simple_learner_4Q10k/model_199.uai
[2024-05-17T12:07:16.588555][INFO][seed199] Closing log file
[2024-05-17T12:07:16.588674][INFO][seed199] Closed log file
[2024-05-17T12:07:22.658193][INFO][seed164] Ellapsed time: 4015828.ms
[2024-05-17T12:07:22.715669][INFO][seed164] Saved model at /mnt/beegfs/rcabanas/dev/credici/papers/causal_flavour/learntmodels/miter1500/simple_learner_4Q10k/model_164.uai
[2024-05-17T12:07:22.715910][INFO][seed164] Closing log file
[2024-05-17T12:07:22.716025][INFO][seed164] Closed log file
[2024-05-17T12:08:00.019431][INFO][seed154] Ellapsed time: 4053296.ms
[2024-05-17T12:08:00.056663][INFO][seed154] Saved model at /mnt/beegfs/rcabanas/dev/credici/papers/causal_flavour/learntmodels/miter1500/simple_learner_4Q10k/model_154.uai
[2024-05-17T12:08:00.056840][INFO][seed154] Closing log file
[2024-05-17T12:08:00.056954][INFO][seed154] Closed log file
[2024-05-17T12:10:26.218220][INFO][seed172] Ellapsed time: 4199166.ms
[2024-05-17T12:10:26.258674][INFO][seed172] Saved model at /mnt/beegfs/rcabanas/dev/credici/papers/causal_flavour/learntmodels/miter1500/simple_learner_4Q10k/model_172.uai
[2024-05-17T12:10:26.258944][INFO][seed172] Closing log file
[2024-05-17T12:10:26.259059][INFO][seed172] Closed log file
[2024-05-17T12:10:53.996845][INFO][seed176] Ellapsed time: 4227109.ms
[2024-05-17T12:10:54.025992][INFO][seed176] Saved model at /mnt/beegfs/rcabanas/dev/credici/papers/causal_flavour/learntmodels/miter1500/simple_learner_4Q10k/model_176.uai
[2024-05-17T12:10:54.026272][INFO][seed176] Closing log file
[2024-05-17T12:10:54.026389][INFO][seed176] Closed log file
[2024-05-17T12:11:17.222955][INFO][seed166] Ellapsed time: 4250247.ms
[2024-05-17T12:11:17.275565][INFO][seed166] Saved model at /mnt/beegfs/rcabanas/dev/credici/papers/causal_flavour/learntmodels/miter1500/simple_learner_4Q10k/model_166.uai
[2024-05-17T12:11:17.275808][INFO][seed166] Closing log file
[2024-05-17T12:11:17.275926][INFO][seed166] Closed log file
[2024-05-17T12:11:17.648996][INFO][seed170] Ellapsed time: 4250162.ms
[2024-05-17T12:11:17.692573][INFO][seed170] Saved model at /mnt/beegfs/rcabanas/dev/credici/papers/causal_flavour/learntmodels/miter1500/simple_learner_4Q10k/model_170.uai
[2024-05-17T12:11:17.692805][INFO][seed170] Closing log file
[2024-05-17T12:11:17.692929][INFO][seed170] Closed log file
[2024-05-17T12:11:21.343655][INFO][seed165] Ellapsed time: 4254416.ms
[2024-05-17T12:11:21.373525][INFO][seed165] Saved model at /mnt/beegfs/rcabanas/dev/credici/papers/causal_flavour/learntmodels/miter1500/simple_learner_4Q10k/model_165.uai
[2024-05-17T12:11:21.373739][INFO][seed165] Closing log file
[2024-05-17T12:11:21.373859][INFO][seed165] Closed log file
[2024-05-17T12:11:24.681145][INFO][seed163] Ellapsed time: 4257704.ms
[2024-05-17T12:11:24.709727][INFO][seed163] Saved model at /mnt/beegfs/rcabanas/dev/credici/papers/causal_flavour/learntmodels/miter1500/simple_learner_4Q10k/model_163.uai
[2024-05-17T12:11:24.709931][INFO][seed163] Closing log file
[2024-05-17T12:11:24.710046][INFO][seed163] Closed log file
[2024-05-17T12:11:45.315800][INFO][seed162] Ellapsed time: 4278495.ms
[2024-05-17T12:11:45.361346][INFO][seed162] Saved model at /mnt/beegfs/rcabanas/dev/credici/papers/causal_flavour/learntmodels/miter1500/simple_learner_4Q10k/model_162.uai
[2024-05-17T12:11:45.361564][INFO][seed162] Closing log file
[2024-05-17T12:11:45.361679][INFO][seed162] Closed log file
[2024-05-17T12:11:47.364879][INFO][seed169] Ellapsed time: 4280333.ms
[2024-05-17T12:11:47.410388][INFO][seed169] Saved model at /mnt/beegfs/rcabanas/dev/credici/papers/causal_flavour/learntmodels/miter1500/simple_learner_4Q10k/model_169.uai
[2024-05-17T12:11:47.410622][INFO][seed169] Closing log file
[2024-05-17T12:11:47.410755][INFO][seed169] Closed log file
[2024-05-17T12:18:27.611761][INFO][seed192] Ellapsed time: 2318399.ms
[2024-05-17T12:18:27.656102][INFO][seed192] Saved model at /mnt/beegfs/rcabanas/dev/credici/papers/causal_flavour/learntmodels/miter1500/simple_learner_4Q10k/model_192.uai
[2024-05-17T12:18:27.656336][INFO][seed192] Closing log file
[2024-05-17T12:18:27.656468][INFO][seed192] Closed log file
