0
1000
['learn.py', '1000', '20']
['learn.py', '1000', '7']
['learn.py', '1000', '18']
seed=20
/mnt/beegfs/rcabanas/dev/credici
/mnt/beegfs/rcabanas/dev/credici/papers/causal_flavour
/mnt/beegfs/rcabanas/dev/credici/papers/causal_flavour/learntmodels
/mnt/beegfs/rcabanas/dev/credici/papers/causal_flavour/models
seed=7
seed=18
/mnt/beegfs/rcabanas/dev/credici/target/credici-0.1.5-dev-SNAPSHOT-jar-with-dependencies.jar
/mnt/beegfs/rcabanas/dev/credici
/mnt/beegfs/rcabanas/dev/credici
/mnt/beegfs/rcabanas/dev/credici/papers/causal_flavour/code/LearnCF.java
/mnt/beegfs/rcabanas/dev/credici/papers/causal_flavour
/mnt/beegfs/rcabanas/dev/credici/papers/causal_flavour
/mnt/beegfs/rcabanas/dev/credici/papers/causal_flavour/learntmodels
/mnt/beegfs/rcabanas/dev/credici/papers/causal_flavour/learntmodels
/mnt/beegfs/rcabanas/dev/credici/papers/causal_flavour/models
/mnt/beegfs/rcabanas/dev/credici/papers/causal_flavour/models
/mnt/beegfs/rcabanas/dev/credici/target/credici-0.1.5-dev-SNAPSHOT-jar-with-dependencies.jar
/mnt/beegfs/rcabanas/dev/credici/target/credici-0.1.5-dev-SNAPSHOT-jar-with-dependencies.jar
/mnt/beegfs/rcabanas/dev/credici/papers/causal_flavour/code/LearnCF.java
/mnt/beegfs/rcabanas/dev/credici/papers/causal_flavour/code/LearnCF.java
['learn.py', '1000', '1']
['learn.py', '1000', '17']
['learn.py', '1000', '13']
['learn.py', '1000', '15']
seed=1
seed=17
/mnt/beegfs/rcabanas/dev/credici
/mnt/beegfs/rcabanas/dev/credici
/mnt/beegfs/rcabanas/dev/credici/papers/causal_flavour
/mnt/beegfs/rcabanas/dev/credici/papers/causal_flavour
/mnt/beegfs/rcabanas/dev/credici/papers/causal_flavour/learntmodels
/mnt/beegfs/rcabanas/dev/credici/papers/causal_flavour/learntmodels
/mnt/beegfs/rcabanas/dev/credici/papers/causal_flavour/models
/mnt/beegfs/rcabanas/dev/credici/papers/causal_flavour/models
/mnt/beegfs/rcabanas/dev/credici/target/credici-0.1.5-dev-SNAPSHOT-jar-with-dependencies.jar
/mnt/beegfs/rcabanas/dev/credici/target/credici-0.1.5-dev-SNAPSHOT-jar-with-dependencies.jar
/mnt/beegfs/rcabanas/dev/credici/papers/causal_flavour/code/LearnCF.java
/mnt/beegfs/rcabanas/dev/credici/papers/causal_flavour/code/LearnCF.java
seed=13
/mnt/beegfs/rcabanas/dev/credici
seed=15
/mnt/beegfs/rcabanas/dev/credici/papers/causal_flavour
/mnt/beegfs/rcabanas/dev/credici/papers/causal_flavour/learntmodels
/mnt/beegfs/rcabanas/dev/credici
/mnt/beegfs/rcabanas/dev/credici/papers/causal_flavour/models
/mnt/beegfs/rcabanas/dev/credici/papers/causal_flavour
/mnt/beegfs/rcabanas/dev/credici/target/credici-0.1.5-dev-SNAPSHOT-jar-with-dependencies.jar
['learn.py', '1000', '31']
['learn.py', '1000', '6']
/mnt/beegfs/rcabanas/dev/credici/papers/causal_flavour/learntmodels
/mnt/beegfs/rcabanas/dev/credici/papers/causal_flavour/models
/mnt/beegfs/rcabanas/dev/credici/papers/causal_flavour/code/LearnCF.java
/mnt/beegfs/rcabanas/dev/credici/target/credici-0.1.5-dev-SNAPSHOT-jar-with-dependencies.jar
/mnt/beegfs/rcabanas/dev/credici/papers/causal_flavour/code/LearnCF.java
seed=6
/mnt/beegfs/rcabanas/dev/credici
seed=31
/mnt/beegfs/rcabanas/dev/credici/papers/causal_flavour
/mnt/beegfs/rcabanas/dev/credici
/mnt/beegfs/rcabanas/dev/credici/papers/causal_flavour/learntmodels
/mnt/beegfs/rcabanas/dev/credici/papers/causal_flavour
/mnt/beegfs/rcabanas/dev/credici/papers/causal_flavour/models
/mnt/beegfs/rcabanas/dev/credici/papers/causal_flavour/learntmodels
/mnt/beegfs/rcabanas/dev/credici/target/credici-0.1.5-dev-SNAPSHOT-jar-with-dependencies.jar
/mnt/beegfs/rcabanas/dev/credici/papers/causal_flavour/models
/mnt/beegfs/rcabanas/dev/credici/papers/causal_flavour/code/LearnCF.java
/mnt/beegfs/rcabanas/dev/credici/target/credici-0.1.5-dev-SNAPSHOT-jar-with-dependencies.jar
/mnt/beegfs/rcabanas/dev/credici/papers/causal_flavour/code/LearnCF.java
['learn.py', '1000', '12']
['learn.py', '1000', '22']
seed=22
seed=12
/mnt/beegfs/rcabanas/dev/credici
/mnt/beegfs/rcabanas/dev/credici
/mnt/beegfs/rcabanas/dev/credici/papers/causal_flavour
/mnt/beegfs/rcabanas/dev/credici/papers/causal_flavour
/mnt/beegfs/rcabanas/dev/credici/papers/causal_flavour/learntmodels
/mnt/beegfs/rcabanas/dev/credici/papers/causal_flavour/learntmodels
/mnt/beegfs/rcabanas/dev/credici/papers/causal_flavour/models
/mnt/beegfs/rcabanas/dev/credici/papers/causal_flavour/models
/mnt/beegfs/rcabanas/dev/credici/target/credici-0.1.5-dev-SNAPSHOT-jar-with-dependencies.jar
/mnt/beegfs/rcabanas/dev/credici/target/credici-0.1.5-dev-SNAPSHOT-jar-with-dependencies.jar
/mnt/beegfs/rcabanas/dev/credici/papers/causal_flavour/code/LearnCF.java
/mnt/beegfs/rcabanas/dev/credici/papers/causal_flavour/code/LearnCF.java
['learn.py', '1000', '4']
['learn.py', '1000', '23']
['learn.py', '1000', '14']
['learn.py', '1000', '25']
['learn.py', '1000', '8']
['learn.py', '1000', '24']
seed=4
/mnt/beegfs/rcabanas/dev/credici
seed=23
/mnt/beegfs/rcabanas/dev/credici
/mnt/beegfs/rcabanas/dev/credici/papers/causal_flavour
seed=14
/mnt/beegfs/rcabanas/dev/credici/papers/causal_flavour
/mnt/beegfs/rcabanas/dev/credici/papers/causal_flavour/learntmodels
/mnt/beegfs/rcabanas/dev/credici
/mnt/beegfs/rcabanas/dev/credici/papers/causal_flavour
/mnt/beegfs/rcabanas/dev/credici/papers/causal_flavour/learntmodels
/mnt/beegfs/rcabanas/dev/credici/papers/causal_flavour/models
/mnt/beegfs/rcabanas/dev/credici/target/credici-0.1.5-dev-SNAPSHOT-jar-with-dependencies.jar
/mnt/beegfs/rcabanas/dev/credici/papers/causal_flavour/code/LearnCF.java
/mnt/beegfs/rcabanas/dev/credici/papers/causal_flavour/models
/mnt/beegfs/rcabanas/dev/credici/papers/causal_flavour/learntmodels
/mnt/beegfs/rcabanas/dev/credici/target/credici-0.1.5-dev-SNAPSHOT-jar-with-dependencies.jar
/mnt/beegfs/rcabanas/dev/credici/papers/causal_flavour/code/LearnCF.java
/mnt/beegfs/rcabanas/dev/credici/papers/causal_flavour/models
/mnt/beegfs/rcabanas/dev/credici/target/credici-0.1.5-dev-SNAPSHOT-jar-with-dependencies.jar
/mnt/beegfs/rcabanas/dev/credici/papers/causal_flavour/code/LearnCF.java
seed=8
/mnt/beegfs/rcabanas/dev/credici
/mnt/beegfs/rcabanas/dev/credici/papers/causal_flavour
/mnt/beegfs/rcabanas/dev/credici/papers/causal_flavour/learntmodels
seed=24
seed=25
/mnt/beegfs/rcabanas/dev/credici
/mnt/beegfs/rcabanas/dev/credici/papers/causal_flavour
/mnt/beegfs/rcabanas/dev/credici/papers/causal_flavour/learntmodels
/mnt/beegfs/rcabanas/dev/credici/papers/causal_flavour/models
/mnt/beegfs/rcabanas/dev/credici/target/credici-0.1.5-dev-SNAPSHOT-jar-with-dependencies.jar
/mnt/beegfs/rcabanas/dev/credici/papers/causal_flavour/code/LearnCF.java
/mnt/beegfs/rcabanas/dev/credici/papers/causal_flavour/models
/mnt/beegfs/rcabanas/dev/credici/target/credici-0.1.5-dev-SNAPSHOT-jar-with-dependencies.jar
/mnt/beegfs/rcabanas/dev/credici/papers/causal_flavour/code/LearnCF.java
/mnt/beegfs/rcabanas/dev/credici
/mnt/beegfs/rcabanas/dev/credici/papers/causal_flavour
/mnt/beegfs/rcabanas/dev/credici/papers/causal_flavour/learntmodels
/mnt/beegfs/rcabanas/dev/credici/papers/causal_flavour/models
/mnt/beegfs/rcabanas/dev/credici/target/credici-0.1.5-dev-SNAPSHOT-jar-with-dependencies.jar
/mnt/beegfs/rcabanas/dev/credici/papers/causal_flavour/code/LearnCF.java
['learn.py', '1000', '27']
['learn.py', '1000', '21']
['learn.py', '1000', '42']
['learn.py', '1000', '0']
['learn.py', '1000', '26']
seed=27
/mnt/beegfs/rcabanas/dev/credici
/mnt/beegfs/rcabanas/dev/credici/papers/causal_flavour
/mnt/beegfs/rcabanas/dev/credici/papers/causal_flavour/learntmodels
/mnt/beegfs/rcabanas/dev/credici/papers/causal_flavour/models
/mnt/beegfs/rcabanas/dev/credici/target/credici-0.1.5-dev-SNAPSHOT-jar-with-dependencies.jar
/mnt/beegfs/rcabanas/dev/credici/papers/causal_flavour/code/LearnCF.java
seed=21
/mnt/beegfs/rcabanas/dev/credici
/mnt/beegfs/rcabanas/dev/credici/papers/causal_flavour
/mnt/beegfs/rcabanas/dev/credici/papers/causal_flavour/learntmodels
/mnt/beegfs/rcabanas/dev/credici/papers/causal_flavour/models
/mnt/beegfs/rcabanas/dev/credici/target/credici-0.1.5-dev-SNAPSHOT-jar-with-dependencies.jar
/mnt/beegfs/rcabanas/dev/credici/papers/causal_flavour/code/LearnCF.java
['learn.py', '1000', '37']
seed=42
/mnt/beegfs/rcabanas/dev/credici
/mnt/beegfs/rcabanas/dev/credici/papers/causal_flavour
/mnt/beegfs/rcabanas/dev/credici/papers/causal_flavour/learntmodels
/mnt/beegfs/rcabanas/dev/credici/papers/causal_flavour/models
/mnt/beegfs/rcabanas/dev/credici/target/credici-0.1.5-dev-SNAPSHOT-jar-with-dependencies.jar
/mnt/beegfs/rcabanas/dev/credici/papers/causal_flavour/code/LearnCF.java
seed=0
/mnt/beegfs/rcabanas/dev/credici
/mnt/beegfs/rcabanas/dev/credici/papers/causal_flavour
/mnt/beegfs/rcabanas/dev/credici/papers/causal_flavour/learntmodels
/mnt/beegfs/rcabanas/dev/credici/papers/causal_flavour/models
/mnt/beegfs/rcabanas/dev/credici/target/credici-0.1.5-dev-SNAPSHOT-jar-with-dependencies.jar
/mnt/beegfs/rcabanas/dev/credici/papers/causal_flavour/code/LearnCF.java
['learn.py', '1000', '9']
['learn.py', '1000', '49']
['learn.py', '1000', '33']
['learn.py', '1000', '30']
['learn.py', '1000', '41']
seed=26
/mnt/beegfs/rcabanas/dev/credici
/mnt/beegfs/rcabanas/dev/credici/papers/causal_flavour
/mnt/beegfs/rcabanas/dev/credici/papers/causal_flavour/learntmodels
/mnt/beegfs/rcabanas/dev/credici/papers/causal_flavour/models
/mnt/beegfs/rcabanas/dev/credici/target/credici-0.1.5-dev-SNAPSHOT-jar-with-dependencies.jar
/mnt/beegfs/rcabanas/dev/credici/papers/causal_flavour/code/LearnCF.java
['learn.py', '1000', '44']
['learn.py', '1000', '19']
['learn.py', '1000', '29']
['learn.py', '1000', '36']
['learn.py', '1000', '10']
seed=37
/mnt/beegfs/rcabanas/dev/credici
/mnt/beegfs/rcabanas/dev/credici/papers/causal_flavour
/mnt/beegfs/rcabanas/dev/credici/papers/causal_flavour/learntmodels
/mnt/beegfs/rcabanas/dev/credici/papers/causal_flavour/models
/mnt/beegfs/rcabanas/dev/credici/target/credici-0.1.5-dev-SNAPSHOT-jar-with-dependencies.jar
/mnt/beegfs/rcabanas/dev/credici/papers/causal_flavour/code/LearnCF.java
['learn.py', '1000', '11']
['learn.py', '1000', '47']
['learn.py', '1000', '35']
seed=9
/mnt/beegfs/rcabanas/dev/credici
/mnt/beegfs/rcabanas/dev/credici/papers/causal_flavour
/mnt/beegfs/rcabanas/dev/credici/papers/causal_flavour/learntmodels
/mnt/beegfs/rcabanas/dev/credici/papers/causal_flavour/models
/mnt/beegfs/rcabanas/dev/credici/target/credici-0.1.5-dev-SNAPSHOT-jar-with-dependencies.jar
/mnt/beegfs/rcabanas/dev/credici/papers/causal_flavour/code/LearnCF.java
seed=49
/mnt/beegfs/rcabanas/dev/credici
seed=33
/mnt/beegfs/rcabanas/dev/credici
/mnt/beegfs/rcabanas/dev/credici/papers/causal_flavour
/mnt/beegfs/rcabanas/dev/credici/papers/causal_flavour/learntmodels
/mnt/beegfs/rcabanas/dev/credici/papers/causal_flavour/models
seed=30
/mnt/beegfs/rcabanas/dev/credici/papers/causal_flavour
/mnt/beegfs/rcabanas/dev/credici/papers/causal_flavour/learntmodels
/mnt/beegfs/rcabanas/dev/credici/papers/causal_flavour/models
/mnt/beegfs/rcabanas/dev/credici/target/credici-0.1.5-dev-SNAPSHOT-jar-with-dependencies.jar
/mnt/beegfs/rcabanas/dev/credici/target/credici-0.1.5-dev-SNAPSHOT-jar-with-dependencies.jar
seed=41
/mnt/beegfs/rcabanas/dev/credici
/mnt/beegfs/rcabanas/dev/credici/papers/causal_flavour
/mnt/beegfs/rcabanas/dev/credici/papers/causal_flavour/learntmodels
/mnt/beegfs/rcabanas/dev/credici/papers/causal_flavour/models
/mnt/beegfs/rcabanas/dev/credici/target/credici-0.1.5-dev-SNAPSHOT-jar-with-dependencies.jar
['learn.py', '1000', '46']
['learn.py', '1000', '39']
/mnt/beegfs/rcabanas/dev/credici/papers/causal_flavour/code/LearnCF.java
['learn.py', '1000', '5']
/mnt/beegfs/rcabanas/dev/credici/papers/causal_flavour/code/LearnCF.java
/mnt/beegfs/rcabanas/dev/credici
/mnt/beegfs/rcabanas/dev/credici/papers/causal_flavour/code/LearnCF.java
seed=44
/mnt/beegfs/rcabanas/dev/credici
seed=19
/mnt/beegfs/rcabanas/dev/credici
/mnt/beegfs/rcabanas/dev/credici/papers/causal_flavour
/mnt/beegfs/rcabanas/dev/credici/papers/causal_flavour/learntmodels
/mnt/beegfs/rcabanas/dev/credici/papers/causal_flavour
/mnt/beegfs/rcabanas/dev/credici/papers/causal_flavour/learntmodels
/mnt/beegfs/rcabanas/dev/credici/papers/causal_flavour/models
/mnt/beegfs/rcabanas/dev/credici/papers/causal_flavour
/mnt/beegfs/rcabanas/dev/credici/papers/causal_flavour/learntmodels
/mnt/beegfs/rcabanas/dev/credici/papers/causal_flavour/models
/mnt/beegfs/rcabanas/dev/credici/target/credici-0.1.5-dev-SNAPSHOT-jar-with-dependencies.jar
/mnt/beegfs/rcabanas/dev/credici/papers/causal_flavour/code/LearnCF.java
['learn.py', '1000', '3']
/mnt/beegfs/rcabanas/dev/credici/papers/causal_flavour/models
/mnt/beegfs/rcabanas/dev/credici/target/credici-0.1.5-dev-SNAPSHOT-jar-with-dependencies.jar
/mnt/beegfs/rcabanas/dev/credici/papers/causal_flavour/code/LearnCF.java
/mnt/beegfs/rcabanas/dev/credici/target/credici-0.1.5-dev-SNAPSHOT-jar-with-dependencies.jar
/mnt/beegfs/rcabanas/dev/credici/papers/causal_flavour/code/LearnCF.java
['learn.py', '1000', '34']
seed=29
/mnt/beegfs/rcabanas/dev/credici
/mnt/beegfs/rcabanas/dev/credici/papers/causal_flavour
/mnt/beegfs/rcabanas/dev/credici/papers/causal_flavour/learntmodels
/mnt/beegfs/rcabanas/dev/credici/papers/causal_flavour/models
/mnt/beegfs/rcabanas/dev/credici/target/credici-0.1.5-dev-SNAPSHOT-jar-with-dependencies.jar
/mnt/beegfs/rcabanas/dev/credici/papers/causal_flavour/code/LearnCF.java
seed=36
/mnt/beegfs/rcabanas/dev/credici
/mnt/beegfs/rcabanas/dev/credici/papers/causal_flavour
/mnt/beegfs/rcabanas/dev/credici/papers/causal_flavour/learntmodels
/mnt/beegfs/rcabanas/dev/credici/papers/causal_flavour/models
/mnt/beegfs/rcabanas/dev/credici/target/credici-0.1.5-dev-SNAPSHOT-jar-with-dependencies.jar
/mnt/beegfs/rcabanas/dev/credici/papers/causal_flavour/code/LearnCF.java
seed=10
/mnt/beegfs/rcabanas/dev/credici
/mnt/beegfs/rcabanas/dev/credici/papers/causal_flavour
/mnt/beegfs/rcabanas/dev/credici/papers/causal_flavour/learntmodels
/mnt/beegfs/rcabanas/dev/credici/papers/causal_flavour/models
/mnt/beegfs/rcabanas/dev/credici/target/credici-0.1.5-dev-SNAPSHOT-jar-with-dependencies.jar
/mnt/beegfs/rcabanas/dev/credici/papers/causal_flavour/code/LearnCF.java
['learn.py', '1000', '2']
['learn.py', '1000', '45']
seed=11
/mnt/beegfs/rcabanas/dev/credici
/mnt/beegfs/rcabanas/dev/credici/papers/causal_flavour
/mnt/beegfs/rcabanas/dev/credici/papers/causal_flavour/learntmodels
/mnt/beegfs/rcabanas/dev/credici/papers/causal_flavour/models
/mnt/beegfs/rcabanas/dev/credici/target/credici-0.1.5-dev-SNAPSHOT-jar-with-dependencies.jar
/mnt/beegfs/rcabanas/dev/credici/papers/causal_flavour/code/LearnCF.java
seed=35
/mnt/beegfs/rcabanas/dev/credici
/mnt/beegfs/rcabanas/dev/credici/papers/causal_flavour
seed=47
/mnt/beegfs/rcabanas/dev/credici
/mnt/beegfs/rcabanas/dev/credici/papers/causal_flavour
/mnt/beegfs/rcabanas/dev/credici/papers/causal_flavour/learntmodels
/mnt/beegfs/rcabanas/dev/credici/papers/causal_flavour/models
/mnt/beegfs/rcabanas/dev/credici/target/credici-0.1.5-dev-SNAPSHOT-jar-with-dependencies.jar
/mnt/beegfs/rcabanas/dev/credici/papers/causal_flavour/learntmodels
/mnt/beegfs/rcabanas/dev/credici/papers/causal_flavour/code/LearnCF.java
/mnt/beegfs/rcabanas/dev/credici/papers/causal_flavour/models
/mnt/beegfs/rcabanas/dev/credici/target/credici-0.1.5-dev-SNAPSHOT-jar-with-dependencies.jar
/mnt/beegfs/rcabanas/dev/credici/papers/causal_flavour/code/LearnCF.java
seed=39
/mnt/beegfs/rcabanas/dev/credici
/mnt/beegfs/rcabanas/dev/credici/papers/causal_flavour
/mnt/beegfs/rcabanas/dev/credici/papers/causal_flavour/learntmodels
/mnt/beegfs/rcabanas/dev/credici/papers/causal_flavour/models
seed=46
seed=5
/mnt/beegfs/rcabanas/dev/credici
/mnt/beegfs/rcabanas/dev/credici/papers/causal_flavour
/mnt/beegfs/rcabanas/dev/credici/papers/causal_flavour/learntmodels
/mnt/beegfs/rcabanas/dev/credici/papers/causal_flavour/models
/mnt/beegfs/rcabanas/dev/credici/target/credici-0.1.5-dev-SNAPSHOT-jar-with-dependencies.jar
/mnt/beegfs/rcabanas/dev/credici/papers/causal_flavour/code/LearnCF.java
/mnt/beegfs/rcabanas/dev/credici/target/credici-0.1.5-dev-SNAPSHOT-jar-with-dependencies.jar
/mnt/beegfs/rcabanas/dev/credici
/mnt/beegfs/rcabanas/dev/credici/papers/causal_flavour
/mnt/beegfs/rcabanas/dev/credici/papers/causal_flavour/learntmodels
/mnt/beegfs/rcabanas/dev/credici/papers/causal_flavour/models
/mnt/beegfs/rcabanas/dev/credici/target/credici-0.1.5-dev-SNAPSHOT-jar-with-dependencies.jar
/mnt/beegfs/rcabanas/dev/credici/papers/causal_flavour/code/LearnCF.java
/mnt/beegfs/rcabanas/dev/credici/papers/causal_flavour/code/LearnCF.java
seed=3
/mnt/beegfs/rcabanas/dev/credici
/mnt/beegfs/rcabanas/dev/credici/papers/causal_flavour
/mnt/beegfs/rcabanas/dev/credici/papers/causal_flavour/learntmodels
/mnt/beegfs/rcabanas/dev/credici/papers/causal_flavour/models
/mnt/beegfs/rcabanas/dev/credici/target/credici-0.1.5-dev-SNAPSHOT-jar-with-dependencies.jar
/mnt/beegfs/rcabanas/dev/credici/papers/causal_flavour/code/LearnCF.java
seed=34
/mnt/beegfs/rcabanas/dev/credici
/mnt/beegfs/rcabanas/dev/credici/papers/causal_flavour
/mnt/beegfs/rcabanas/dev/credici/papers/causal_flavour/learntmodels
/mnt/beegfs/rcabanas/dev/credici/papers/causal_flavour/models
/mnt/beegfs/rcabanas/dev/credici/target/credici-0.1.5-dev-SNAPSHOT-jar-with-dependencies.jar
/mnt/beegfs/rcabanas/dev/credici/papers/causal_flavour/code/LearnCF.java
seed=2
/mnt/beegfs/rcabanas/dev/credici
/mnt/beegfs/rcabanas/dev/credici/papers/causal_flavour
/mnt/beegfs/rcabanas/dev/credici/papers/causal_flavour/learntmodels
/mnt/beegfs/rcabanas/dev/credici/papers/causal_flavour/models
/mnt/beegfs/rcabanas/dev/credici/target/credici-0.1.5-dev-SNAPSHOT-jar-with-dependencies.jar
/mnt/beegfs/rcabanas/dev/credici/papers/causal_flavour/code/LearnCF.java
seed=45
/mnt/beegfs/rcabanas/dev/credici
/mnt/beegfs/rcabanas/dev/credici/papers/causal_flavour
/mnt/beegfs/rcabanas/dev/credici/papers/causal_flavour/learntmodels
/mnt/beegfs/rcabanas/dev/credici/papers/causal_flavour/models
/mnt/beegfs/rcabanas/dev/credici/target/credici-0.1.5-dev-SNAPSHOT-jar-with-dependencies.jar
/mnt/beegfs/rcabanas/dev/credici/papers/causal_flavour/code/LearnCF.java
['learn.py', '1000', '50']
['learn.py', '1000', '48']
seed=50
/mnt/beegfs/rcabanas/dev/credici
/mnt/beegfs/rcabanas/dev/credici/papers/causal_flavour
/mnt/beegfs/rcabanas/dev/credici/papers/causal_flavour/learntmodels
/mnt/beegfs/rcabanas/dev/credici/papers/causal_flavour/models
/mnt/beegfs/rcabanas/dev/credici/target/credici-0.1.5-dev-SNAPSHOT-jar-with-dependencies.jar
/mnt/beegfs/rcabanas/dev/credici/papers/causal_flavour/code/LearnCF.java
seed=48
/mnt/beegfs/rcabanas/dev/credici
/mnt/beegfs/rcabanas/dev/credici/papers/causal_flavour
/mnt/beegfs/rcabanas/dev/credici/papers/causal_flavour/learntmodels
/mnt/beegfs/rcabanas/dev/credici/papers/causal_flavour/models
/mnt/beegfs/rcabanas/dev/credici/target/credici-0.1.5-dev-SNAPSHOT-jar-with-dependencies.jar
/mnt/beegfs/rcabanas/dev/credici/papers/causal_flavour/code/LearnCF.java
['learn.py', '1000', '16']
['learn.py', '1000', '40']
['learn.py', '1000', '28']
['learn.py', '1000', '38']
['learn.py', '1000', '32']
seed=16
/mnt/beegfs/rcabanas/dev/credici
/mnt/beegfs/rcabanas/dev/credici/papers/causal_flavour
/mnt/beegfs/rcabanas/dev/credici/papers/causal_flavour/learntmodels
/mnt/beegfs/rcabanas/dev/credici/papers/causal_flavour/models
/mnt/beegfs/rcabanas/dev/credici/target/credici-0.1.5-dev-SNAPSHOT-jar-with-dependencies.jar
/mnt/beegfs/rcabanas/dev/credici/papers/causal_flavour/code/LearnCF.java
seed=40
/mnt/beegfs/rcabanas/dev/credici
/mnt/beegfs/rcabanas/dev/credici/papers/causal_flavour
/mnt/beegfs/rcabanas/dev/credici/papers/causal_flavour/learntmodels
/mnt/beegfs/rcabanas/dev/credici/papers/causal_flavour/models
/mnt/beegfs/rcabanas/dev/credici/target/credici-0.1.5-dev-SNAPSHOT-jar-with-dependencies.jar
/mnt/beegfs/rcabanas/dev/credici/papers/causal_flavour/code/LearnCF.java
seed=28
/mnt/beegfs/rcabanas/dev/credici
/mnt/beegfs/rcabanas/dev/credici/papers/causal_flavour
/mnt/beegfs/rcabanas/dev/credici/papers/causal_flavour/learntmodels
/mnt/beegfs/rcabanas/dev/credici/papers/causal_flavour/models
/mnt/beegfs/rcabanas/dev/credici/target/credici-0.1.5-dev-SNAPSHOT-jar-with-dependencies.jar
/mnt/beegfs/rcabanas/dev/credici/papers/causal_flavour/code/LearnCF.java
seed=38
/mnt/beegfs/rcabanas/dev/credici
/mnt/beegfs/rcabanas/dev/credici/papers/causal_flavour
/mnt/beegfs/rcabanas/dev/credici/papers/causal_flavour/learntmodels
/mnt/beegfs/rcabanas/dev/credici/papers/causal_flavour/models
/mnt/beegfs/rcabanas/dev/credici/target/credici-0.1.5-dev-SNAPSHOT-jar-with-dependencies.jar
/mnt/beegfs/rcabanas/dev/credici/papers/causal_flavour/code/LearnCF.java
seed=32
/mnt/beegfs/rcabanas/dev/credici
/mnt/beegfs/rcabanas/dev/credici/papers/causal_flavour
/mnt/beegfs/rcabanas/dev/credici/papers/causal_flavour/learntmodels
/mnt/beegfs/rcabanas/dev/credici/papers/causal_flavour/models
/mnt/beegfs/rcabanas/dev/credici/target/credici-0.1.5-dev-SNAPSHOT-jar-with-dependencies.jar
/mnt/beegfs/rcabanas/dev/credici/papers/causal_flavour/code/LearnCF.java
[2024-04-15T09:30:22.438145][INFO][seed17] Set up logging
[2024-04-15T09:30:22.438945][INFO][seed6] Set up logging
[2024-04-15T09:30:22.432418][INFO][seed7] Set up logging
[2024-04-15T09:30:22.465027][INFO][seed7] args: -m;1000;-o;/mnt/beegfs/rcabanas/dev/credici/papers/causal_flavour/learntmodels/miter1000;--data;/mnt/beegfs/rcabanas/dev/credici/papers/causal_flavour/data/simple_learner_10Q_data.csv;-s;7;/mnt/beegfs/rcabanas/dev/credici/papers/causal_flavour/models/simple_learner_10Q.uai
[2024-04-15T09:30:22.469397][INFO][seed7] Starting logger with seed 7
[2024-04-15T09:30:22.472213][INFO][seed17] args: -m;1000;-o;/mnt/beegfs/rcabanas/dev/credici/papers/causal_flavour/learntmodels/miter1000;--data;/mnt/beegfs/rcabanas/dev/credici/papers/causal_flavour/data/simple_learner_10Q_data.csv;-s;17;/mnt/beegfs/rcabanas/dev/credici/papers/causal_flavour/models/simple_learner_10Q.uai
[2024-04-15T09:30:22.464124][INFO][seed6] args: -m;1000;-o;/mnt/beegfs/rcabanas/dev/credici/papers/causal_flavour/learntmodels/miter1000;--data;/mnt/beegfs/rcabanas/dev/credici/papers/causal_flavour/data/simple_learner_10Q_data.csv;-s;6;/mnt/beegfs/rcabanas/dev/credici/papers/causal_flavour/models/simple_learner_10Q.uai
[2024-04-15T09:30:22.474419][SEVERE][seed7] Not rewriting. File exits: /mnt/beegfs/rcabanas/dev/credici/papers/causal_flavour/learntmodels/miter1000/simple_learner_10Q/model_7.uai
[2024-04-15T09:30:22.474809][SEVERE][seed7] java.lang.IllegalStateException: Not rewriting. File exits: /mnt/beegfs/rcabanas/dev/credici/papers/causal_flavour/learntmodels/miter1000/simple_learner_10Q/model_7.uai
[2024-04-15T09:30:22.474934][INFO][seed7] Closing log file
[2024-04-15T09:30:22.475051][INFO][seed7] Closed log file
[2024-04-15T09:30:22.478513][INFO][seed6] Starting logger with seed 6
[2024-04-15T09:30:22.484201][SEVERE][seed6] Not rewriting. File exits: /mnt/beegfs/rcabanas/dev/credici/papers/causal_flavour/learntmodels/miter1000/simple_learner_10Q/model_6.uai
[2024-04-15T09:30:22.484555][SEVERE][seed6] java.lang.IllegalStateException: Not rewriting. File exits: /mnt/beegfs/rcabanas/dev/credici/papers/causal_flavour/learntmodels/miter1000/simple_learner_10Q/model_6.uai
[2024-04-15T09:30:22.484679][INFO][seed6] Closing log file
[2024-04-15T09:30:22.484791][INFO][seed6] Closed log file
[2024-04-15T09:30:22.482806][INFO][seed17] Starting logger with seed 17
[2024-04-15T09:30:22.485241][SEVERE][seed17] Not rewriting. File exits: /mnt/beegfs/rcabanas/dev/credici/papers/causal_flavour/learntmodels/miter1000/simple_learner_10Q/model_17.uai
[2024-04-15T09:30:22.485365][SEVERE][seed17] java.lang.IllegalStateException: Not rewriting. File exits: /mnt/beegfs/rcabanas/dev/credici/papers/causal_flavour/learntmodels/miter1000/simple_learner_10Q/model_17.uai
[2024-04-15T09:30:22.485413][INFO][seed17] Closing log file
[2024-04-15T09:30:22.485449][INFO][seed17] Closed log file
[2024-04-15T09:30:22.491796][INFO][seed20] Set up logging
[2024-04-15T09:30:22.521462][INFO][seed20] args: -m;1000;-o;/mnt/beegfs/rcabanas/dev/credici/papers/causal_flavour/learntmodels/miter1000;--data;/mnt/beegfs/rcabanas/dev/credici/papers/causal_flavour/data/simple_learner_10Q_data.csv;-s;20;/mnt/beegfs/rcabanas/dev/credici/papers/causal_flavour/models/simple_learner_10Q.uai
[2024-04-15T09:30:22.528090][INFO][seed20] Starting logger with seed 20
[2024-04-15T09:30:22.532212][SEVERE][seed20] Not rewriting. File exits: /mnt/beegfs/rcabanas/dev/credici/papers/causal_flavour/learntmodels/miter1000/simple_learner_10Q/model_20.uai
[2024-04-15T09:30:22.532442][SEVERE][seed20] java.lang.IllegalStateException: Not rewriting. File exits: /mnt/beegfs/rcabanas/dev/credici/papers/causal_flavour/learntmodels/miter1000/simple_learner_10Q/model_20.uai
[2024-04-15T09:30:22.532578][INFO][seed20] Closing log file
[2024-04-15T09:30:22.517988][INFO][seed31] Set up logging
[2024-04-15T09:30:22.532692][INFO][seed20] Closed log file
[2024-04-15T09:30:22.542115][INFO][seed31] args: -m;1000;-o;/mnt/beegfs/rcabanas/dev/credici/papers/causal_flavour/learntmodels/miter1000;--data;/mnt/beegfs/rcabanas/dev/credici/papers/causal_flavour/data/simple_learner_10Q_data.csv;-s;31;/mnt/beegfs/rcabanas/dev/credici/papers/causal_flavour/models/simple_learner_10Q.uai
[2024-04-15T09:30:22.538804][INFO][seed13] Set up logging
[2024-04-15T09:30:22.557956][INFO][seed31] Starting logger with seed 31
[2024-04-15T09:30:22.560305][SEVERE][seed31] Not rewriting. File exits: /mnt/beegfs/rcabanas/dev/credici/papers/causal_flavour/learntmodels/miter1000/simple_learner_10Q/model_31.uai
[2024-04-15T09:30:22.560405][SEVERE][seed31] java.lang.IllegalStateException: Not rewriting. File exits: /mnt/beegfs/rcabanas/dev/credici/papers/causal_flavour/learntmodels/miter1000/simple_learner_10Q/model_31.uai
[2024-04-15T09:30:22.560453][INFO][seed31] Closing log file
[2024-04-15T09:30:22.560491][INFO][seed31] Closed log file
[2024-04-15T09:30:22.568268][INFO][seed13] args: -m;1000;-o;/mnt/beegfs/rcabanas/dev/credici/papers/causal_flavour/learntmodels/miter1000;--data;/mnt/beegfs/rcabanas/dev/credici/papers/causal_flavour/data/simple_learner_10Q_data.csv;-s;13;/mnt/beegfs/rcabanas/dev/credici/papers/causal_flavour/models/simple_learner_10Q.uai
[2024-04-15T09:30:22.573427][INFO][seed13] Starting logger with seed 13
[2024-04-15T09:30:22.576874][SEVERE][seed13] Not rewriting. File exits: /mnt/beegfs/rcabanas/dev/credici/papers/causal_flavour/learntmodels/miter1000/simple_learner_10Q/model_13.uai
[2024-04-15T09:30:22.577829][SEVERE][seed13] java.lang.IllegalStateException: Not rewriting. File exits: /mnt/beegfs/rcabanas/dev/credici/papers/causal_flavour/learntmodels/miter1000/simple_learner_10Q/model_13.uai
[2024-04-15T09:30:22.577957][INFO][seed13] Closing log file
[2024-04-15T09:30:22.578068][INFO][seed13] Closed log file
[2024-04-15T09:30:22.546701][INFO][seed1] Set up logging
[2024-04-15T09:30:22.580787][INFO][seed1] args: -m;1000;-o;/mnt/beegfs/rcabanas/dev/credici/papers/causal_flavour/learntmodels/miter1000;--data;/mnt/beegfs/rcabanas/dev/credici/papers/causal_flavour/data/simple_learner_10Q_data.csv;-s;1;/mnt/beegfs/rcabanas/dev/credici/papers/causal_flavour/models/simple_learner_10Q.uai
[2024-04-15T09:30:22.584287][INFO][seed1] Starting logger with seed 1
[2024-04-15T09:30:22.588550][SEVERE][seed1] Not rewriting. File exits: /mnt/beegfs/rcabanas/dev/credici/papers/causal_flavour/learntmodels/miter1000/simple_learner_10Q/model_1.uai
[2024-04-15T09:30:22.588842][SEVERE][seed1] java.lang.IllegalStateException: Not rewriting. File exits: /mnt/beegfs/rcabanas/dev/credici/papers/causal_flavour/learntmodels/miter1000/simple_learner_10Q/model_1.uai
[2024-04-15T09:30:22.588964][INFO][seed1] Closing log file
[2024-04-15T09:30:22.565180][INFO][seed22] Set up logging
[2024-04-15T09:30:22.589076][INFO][seed1] Closed log file
[2024-04-15T09:30:22.596561][INFO][seed22] args: -m;1000;-o;/mnt/beegfs/rcabanas/dev/credici/papers/causal_flavour/learntmodels/miter1000;--data;/mnt/beegfs/rcabanas/dev/credici/papers/causal_flavour/data/simple_learner_10Q_data.csv;-s;22;/mnt/beegfs/rcabanas/dev/credici/papers/causal_flavour/models/simple_learner_10Q.uai
[2024-04-15T09:30:22.576098][INFO][seed15] Set up logging
[2024-04-15T09:30:22.601006][INFO][seed22] Starting logger with seed 22
[2024-04-15T09:30:22.600127][INFO][seed15] args: -m;1000;-o;/mnt/beegfs/rcabanas/dev/credici/papers/causal_flavour/learntmodels/miter1000;--data;/mnt/beegfs/rcabanas/dev/credici/papers/causal_flavour/data/simple_learner_10Q_data.csv;-s;15;/mnt/beegfs/rcabanas/dev/credici/papers/causal_flavour/models/simple_learner_10Q.uai
[2024-04-15T09:30:22.604332][SEVERE][seed22] Not rewriting. File exits: /mnt/beegfs/rcabanas/dev/credici/papers/causal_flavour/learntmodels/miter1000/simple_learner_10Q/model_22.uai
[2024-04-15T09:30:22.605146][SEVERE][seed22] java.lang.IllegalStateException: Not rewriting. File exits: /mnt/beegfs/rcabanas/dev/credici/papers/causal_flavour/learntmodels/miter1000/simple_learner_10Q/model_22.uai
[2024-04-15T09:30:22.605266][INFO][seed22] Closing log file
[2024-04-15T09:30:22.605377][INFO][seed22] Closed log file
[2024-04-15T09:30:22.615198][INFO][seed15] Starting logger with seed 15
[2024-04-15T09:30:22.617688][SEVERE][seed15] Not rewriting. File exits: /mnt/beegfs/rcabanas/dev/credici/papers/causal_flavour/learntmodels/miter1000/simple_learner_10Q/model_15.uai
[2024-04-15T09:30:22.617804][SEVERE][seed15] java.lang.IllegalStateException: Not rewriting. File exits: /mnt/beegfs/rcabanas/dev/credici/papers/causal_flavour/learntmodels/miter1000/simple_learner_10Q/model_15.uai
[2024-04-15T09:30:22.617854][INFO][seed15] Closing log file
[2024-04-15T09:30:22.617891][INFO][seed15] Closed log file
[2024-04-15T09:30:22.598352][INFO][seed12] Set up logging
[2024-04-15T09:30:22.632242][INFO][seed12] args: -m;1000;-o;/mnt/beegfs/rcabanas/dev/credici/papers/causal_flavour/learntmodels/miter1000;--data;/mnt/beegfs/rcabanas/dev/credici/papers/causal_flavour/data/simple_learner_10Q_data.csv;-s;12;/mnt/beegfs/rcabanas/dev/credici/papers/causal_flavour/models/simple_learner_10Q.uai
[2024-04-15T09:30:22.640269][INFO][seed12] Starting logger with seed 12
[2024-04-15T09:30:22.642549][SEVERE][seed12] Not rewriting. File exits: /mnt/beegfs/rcabanas/dev/credici/papers/causal_flavour/learntmodels/miter1000/simple_learner_10Q/model_12.uai
[2024-04-15T09:30:22.642648][SEVERE][seed12] java.lang.IllegalStateException: Not rewriting. File exits: /mnt/beegfs/rcabanas/dev/credici/papers/causal_flavour/learntmodels/miter1000/simple_learner_10Q/model_12.uai
[2024-04-15T09:30:22.642692][INFO][seed12] Closing log file
[2024-04-15T09:30:22.642728][INFO][seed12] Closed log file
[2024-04-15T09:30:22.647329][INFO][seed38] Set up logging
[2024-04-15T09:30:22.662648][INFO][seed38] args: -m;1000;-o;/mnt/beegfs/rcabanas/dev/credici/papers/causal_flavour/learntmodels/miter1000;--data;/mnt/beegfs/rcabanas/dev/credici/papers/causal_flavour/data/simple_learner_10Q_data.csv;-s;38;/mnt/beegfs/rcabanas/dev/credici/papers/causal_flavour/models/simple_learner_10Q.uai
[2024-04-15T09:30:22.652081][INFO][seed25] Set up logging
[2024-04-15T09:30:22.670546][INFO][seed25] args: -m;1000;-o;/mnt/beegfs/rcabanas/dev/credici/papers/causal_flavour/learntmodels/miter1000;--data;/mnt/beegfs/rcabanas/dev/credici/papers/causal_flavour/data/simple_learner_10Q_data.csv;-s;25;/mnt/beegfs/rcabanas/dev/credici/papers/causal_flavour/models/simple_learner_10Q.uai
[2024-04-15T09:30:22.678461][INFO][seed25] Starting logger with seed 25
[2024-04-15T09:30:22.677895][INFO][seed38] Starting logger with seed 38
[2024-04-15T09:30:22.680265][SEVERE][seed38] Not rewriting. File exits: /mnt/beegfs/rcabanas/dev/credici/papers/causal_flavour/learntmodels/miter1000/simple_learner_10Q/model_38.uai
[2024-04-15T09:30:22.680355][SEVERE][seed38] java.lang.IllegalStateException: Not rewriting. File exits: /mnt/beegfs/rcabanas/dev/credici/papers/causal_flavour/learntmodels/miter1000/simple_learner_10Q/model_38.uai
[2024-04-15T09:30:22.684489][SEVERE][seed25] Not rewriting. File exits: /mnt/beegfs/rcabanas/dev/credici/papers/causal_flavour/learntmodels/miter1000/simple_learner_10Q/model_25.uai
[2024-04-15T09:30:22.680401][INFO][seed38] Closing log file
[2024-04-15T09:30:22.680436][INFO][seed38] Closed log file
[2024-04-15T09:30:22.684873][SEVERE][seed25] java.lang.IllegalStateException: Not rewriting. File exits: /mnt/beegfs/rcabanas/dev/credici/papers/causal_flavour/learntmodels/miter1000/simple_learner_10Q/model_25.uai
[2024-04-15T09:30:22.684997][INFO][seed25] Closing log file
[2024-04-15T09:30:22.685112][INFO][seed25] Closed log file
[2024-04-15T09:30:22.700017][INFO][seed8] Set up logging
[2024-04-15T09:30:22.697485][INFO][seed4] Set up logging
[2024-04-15T09:30:22.716549][INFO][seed8] args: -m;1000;-o;/mnt/beegfs/rcabanas/dev/credici/papers/causal_flavour/learntmodels/miter1000;--data;/mnt/beegfs/rcabanas/dev/credici/papers/causal_flavour/data/simple_learner_10Q_data.csv;-s;8;/mnt/beegfs/rcabanas/dev/credici/papers/causal_flavour/models/simple_learner_10Q.uai
[2024-04-15T09:30:22.730650][INFO][seed4] args: -m;1000;-o;/mnt/beegfs/rcabanas/dev/credici/papers/causal_flavour/learntmodels/miter1000;--data;/mnt/beegfs/rcabanas/dev/credici/papers/causal_flavour/data/simple_learner_10Q_data.csv;-s;4;/mnt/beegfs/rcabanas/dev/credici/papers/causal_flavour/models/simple_learner_10Q.uai
[2024-04-15T09:30:22.733493][INFO][seed8] Starting logger with seed 8
[2024-04-15T09:30:22.736647][INFO][seed4] Starting logger with seed 4
[2024-04-15T09:30:22.736994][SEVERE][seed8] Not rewriting. File exits: /mnt/beegfs/rcabanas/dev/credici/papers/causal_flavour/learntmodels/miter1000/simple_learner_10Q/model_8.uai
[2024-04-15T09:30:22.737135][SEVERE][seed8] java.lang.IllegalStateException: Not rewriting. File exits: /mnt/beegfs/rcabanas/dev/credici/papers/causal_flavour/learntmodels/miter1000/simple_learner_10Q/model_8.uai
[2024-04-15T09:30:22.737182][INFO][seed8] Closing log file
[2024-04-15T09:30:22.739228][SEVERE][seed4] Not rewriting. File exits: /mnt/beegfs/rcabanas/dev/credici/papers/causal_flavour/learntmodels/miter1000/simple_learner_10Q/model_4.uai
[2024-04-15T09:30:22.737219][INFO][seed8] Closed log file
[2024-04-15T09:30:22.740614][SEVERE][seed4] java.lang.IllegalStateException: Not rewriting. File exits: /mnt/beegfs/rcabanas/dev/credici/papers/causal_flavour/learntmodels/miter1000/simple_learner_10Q/model_4.uai
[2024-04-15T09:30:22.740738][INFO][seed4] Closing log file
[2024-04-15T09:30:22.740855][INFO][seed4] Closed log file
[2024-04-15T09:30:22.736430][INFO][seed24] Set up logging
[2024-04-15T09:30:22.752809][INFO][seed24] args: -m;1000;-o;/mnt/beegfs/rcabanas/dev/credici/papers/causal_flavour/learntmodels/miter1000;--data;/mnt/beegfs/rcabanas/dev/credici/papers/causal_flavour/data/simple_learner_10Q_data.csv;-s;24;/mnt/beegfs/rcabanas/dev/credici/papers/causal_flavour/models/simple_learner_10Q.uai
[2024-04-15T09:30:22.768268][INFO][seed24] Starting logger with seed 24
[2024-04-15T09:30:22.770407][SEVERE][seed24] Not rewriting. File exits: /mnt/beegfs/rcabanas/dev/credici/papers/causal_flavour/learntmodels/miter1000/simple_learner_10Q/model_24.uai
[2024-04-15T09:30:22.770545][SEVERE][seed24] java.lang.IllegalStateException: Not rewriting. File exits: /mnt/beegfs/rcabanas/dev/credici/papers/causal_flavour/learntmodels/miter1000/simple_learner_10Q/model_24.uai
[2024-04-15T09:30:22.770593][INFO][seed24] Closing log file
[2024-04-15T09:30:22.770631][INFO][seed24] Closed log file
[2024-04-15T09:30:22.776851][INFO][seed19] Set up logging
[2024-04-15T09:30:22.808121][INFO][seed19] args: -m;1000;-o;/mnt/beegfs/rcabanas/dev/credici/papers/causal_flavour/learntmodels/miter1000;--data;/mnt/beegfs/rcabanas/dev/credici/papers/causal_flavour/data/simple_learner_10Q_data.csv;-s;19;/mnt/beegfs/rcabanas/dev/credici/papers/causal_flavour/models/simple_learner_10Q.uai
[2024-04-15T09:30:22.784611][INFO][seed14] Set up logging
[2024-04-15T09:30:22.810165][INFO][seed19] Starting logger with seed 19
[2024-04-15T09:30:22.812233][SEVERE][seed19] Not rewriting. File exits: /mnt/beegfs/rcabanas/dev/credici/papers/causal_flavour/learntmodels/miter1000/simple_learner_10Q/model_19.uai
[2024-04-15T09:30:22.812337][SEVERE][seed19] java.lang.IllegalStateException: Not rewriting. File exits: /mnt/beegfs/rcabanas/dev/credici/papers/causal_flavour/learntmodels/miter1000/simple_learner_10Q/model_19.uai
[2024-04-15T09:30:22.812383][INFO][seed19] Closing log file
[2024-04-15T09:30:22.812419][INFO][seed19] Closed log file
[2024-04-15T09:30:22.813904][INFO][seed14] args: -m;1000;-o;/mnt/beegfs/rcabanas/dev/credici/papers/causal_flavour/learntmodels/miter1000;--data;/mnt/beegfs/rcabanas/dev/credici/papers/causal_flavour/data/simple_learner_10Q_data.csv;-s;14;/mnt/beegfs/rcabanas/dev/credici/papers/causal_flavour/models/simple_learner_10Q.uai
[2024-04-15T09:30:22.816177][INFO][seed14] Starting logger with seed 14
[2024-04-15T09:30:22.818113][SEVERE][seed14] Not rewriting. File exits: /mnt/beegfs/rcabanas/dev/credici/papers/causal_flavour/learntmodels/miter1000/simple_learner_10Q/model_14.uai
[2024-04-15T09:30:22.820598][SEVERE][seed14] java.lang.IllegalStateException: Not rewriting. File exits: /mnt/beegfs/rcabanas/dev/credici/papers/causal_flavour/learntmodels/miter1000/simple_learner_10Q/model_14.uai
[2024-04-15T09:30:22.820730][INFO][seed14] Closing log file
[2024-04-15T09:30:22.820840][INFO][seed14] Closed log file
[2024-04-15T09:30:22.811774][INFO][seed30] Set up logging
[2024-04-15T09:30:22.842274][INFO][seed30] args: -m;1000;-o;/mnt/beegfs/rcabanas/dev/credici/papers/causal_flavour/learntmodels/miter1000;--data;/mnt/beegfs/rcabanas/dev/credici/papers/causal_flavour/data/simple_learner_10Q_data.csv;-s;30;/mnt/beegfs/rcabanas/dev/credici/papers/causal_flavour/models/simple_learner_10Q.uai
[2024-04-15T09:30:22.814313][INFO][seed33] Set up logging
[2024-04-15T09:30:22.844023][INFO][seed30] Starting logger with seed 30
[2024-04-15T09:30:22.844038][INFO][seed33] args: -m;1000;-o;/mnt/beegfs/rcabanas/dev/credici/papers/causal_flavour/learntmodels/miter1000;--data;/mnt/beegfs/rcabanas/dev/credici/papers/causal_flavour/data/simple_learner_10Q_data.csv;-s;33;/mnt/beegfs/rcabanas/dev/credici/papers/causal_flavour/models/simple_learner_10Q.uai
[2024-04-15T09:30:22.845803][INFO][seed33] Starting logger with seed 33
[2024-04-15T09:30:22.847480][SEVERE][seed30] Not rewriting. File exits: /mnt/beegfs/rcabanas/dev/credici/papers/causal_flavour/learntmodels/miter1000/simple_learner_10Q/model_30.uai
[2024-04-15T09:30:22.847766][SEVERE][seed30] java.lang.IllegalStateException: Not rewriting. File exits: /mnt/beegfs/rcabanas/dev/credici/papers/causal_flavour/learntmodels/miter1000/simple_learner_10Q/model_30.uai
[2024-04-15T09:30:22.847886][INFO][seed30] Closing log file
[2024-04-15T09:30:22.848][INFO][seed30] Closed log file
[2024-04-15T09:30:22.849367][SEVERE][seed33] Not rewriting. File exits: /mnt/beegfs/rcabanas/dev/credici/papers/causal_flavour/learntmodels/miter1000/simple_learner_10Q/model_33.uai
[2024-04-15T09:30:22.822727][INFO][seed5] Set up logging
[2024-04-15T09:30:22.849698][SEVERE][seed33] java.lang.IllegalStateException: Not rewriting. File exits: /mnt/beegfs/rcabanas/dev/credici/papers/causal_flavour/learntmodels/miter1000/simple_learner_10Q/model_33.uai
[2024-04-15T09:30:22.850273][INFO][seed5] args: -m;1000;-o;/mnt/beegfs/rcabanas/dev/credici/papers/causal_flavour/learntmodels/miter1000;--data;/mnt/beegfs/rcabanas/dev/credici/papers/causal_flavour/data/simple_learner_10Q_data.csv;-s;5;/mnt/beegfs/rcabanas/dev/credici/papers/causal_flavour/models/simple_learner_10Q.uai
[2024-04-15T09:30:22.849819][INFO][seed33] Closing log file
[2024-04-15T09:30:22.850286][INFO][seed33] Closed log file
[2024-04-15T09:30:22.837941][INFO][seed36] Set up logging
[2024-04-15T09:30:22.856220][INFO][seed5] Starting logger with seed 5
[2024-04-15T09:30:22.831457][INFO][seed44] Set up logging
[2024-04-15T09:30:22.859687][SEVERE][seed5] Not rewriting. File exits: /mnt/beegfs/rcabanas/dev/credici/papers/causal_flavour/learntmodels/miter1000/simple_learner_10Q/model_5.uai
[2024-04-15T09:30:22.859670][INFO][seed44] args: -m;1000;-o;/mnt/beegfs/rcabanas/dev/credici/papers/causal_flavour/learntmodels/miter1000;--data;/mnt/beegfs/rcabanas/dev/credici/papers/causal_flavour/data/simple_learner_10Q_data.csv;-s;44;/mnt/beegfs/rcabanas/dev/credici/papers/causal_flavour/models/simple_learner_10Q.uai
[2024-04-15T09:30:22.859847][SEVERE][seed5] java.lang.IllegalStateException: Not rewriting. File exits: /mnt/beegfs/rcabanas/dev/credici/papers/causal_flavour/learntmodels/miter1000/simple_learner_10Q/model_5.uai
[2024-04-15T09:30:22.859985][INFO][seed5] Closing log file
[2024-04-15T09:30:22.860095][INFO][seed5] Closed log file
[2024-04-15T09:30:22.866374][INFO][seed44] Starting logger with seed 44
[2024-04-15T09:30:22.841933][INFO][seed27] Set up logging
[2024-04-15T09:30:22.868236][INFO][seed27] args: -m;1000;-o;/mnt/beegfs/rcabanas/dev/credici/papers/causal_flavour/learntmodels/miter1000;--data;/mnt/beegfs/rcabanas/dev/credici/papers/causal_flavour/data/simple_learner_10Q_data.csv;-s;27;/mnt/beegfs/rcabanas/dev/credici/papers/causal_flavour/models/simple_learner_10Q.uai
[2024-04-15T09:30:22.839571][INFO][seed42] Set up logging
[2024-04-15T09:30:22.868899][INFO][seed42] args: -m;1000;-o;/mnt/beegfs/rcabanas/dev/credici/papers/causal_flavour/learntmodels/miter1000;--data;/mnt/beegfs/rcabanas/dev/credici/papers/causal_flavour/data/simple_learner_10Q_data.csv;-s;42;/mnt/beegfs/rcabanas/dev/credici/papers/causal_flavour/models/simple_learner_10Q.uai
[2024-04-15T09:30:22.868153][INFO][seed36] args: -m;1000;-o;/mnt/beegfs/rcabanas/dev/credici/papers/causal_flavour/learntmodels/miter1000;--data;/mnt/beegfs/rcabanas/dev/credici/papers/causal_flavour/data/simple_learner_10Q_data.csv;-s;36;/mnt/beegfs/rcabanas/dev/credici/papers/causal_flavour/models/simple_learner_10Q.uai
[2024-04-15T09:30:22.842808][INFO][seed23] Set up logging
[2024-04-15T09:30:22.845604][INFO][seed21] Set up logging
[2024-04-15T09:30:22.870185][INFO][seed27] Starting logger with seed 27
[2024-04-15T09:30:22.870255][SEVERE][seed44] Not rewriting. File exits: /mnt/beegfs/rcabanas/dev/credici/papers/causal_flavour/learntmodels/miter1000/simple_learner_10Q/model_44.uai
[2024-04-15T09:30:22.870533][SEVERE][seed44] java.lang.IllegalStateException: Not rewriting. File exits: /mnt/beegfs/rcabanas/dev/credici/papers/causal_flavour/learntmodels/miter1000/simple_learner_10Q/model_44.uai
[2024-04-15T09:30:22.870650][INFO][seed44] Closing log file
[2024-04-15T09:30:22.870763][INFO][seed44] Closed log file
[2024-04-15T09:30:22.871092][INFO][seed23] args: -m;1000;-o;/mnt/beegfs/rcabanas/dev/credici/papers/causal_flavour/learntmodels/miter1000;--data;/mnt/beegfs/rcabanas/dev/credici/papers/causal_flavour/data/simple_learner_10Q_data.csv;-s;23;/mnt/beegfs/rcabanas/dev/credici/papers/causal_flavour/models/simple_learner_10Q.uai
[2024-04-15T09:30:22.871748][INFO][seed42] Starting logger with seed 42
[2024-04-15T09:30:22.872696][INFO][seed21] args: -m;1000;-o;/mnt/beegfs/rcabanas/dev/credici/papers/causal_flavour/learntmodels/miter1000;--data;/mnt/beegfs/rcabanas/dev/credici/papers/causal_flavour/data/simple_learner_10Q_data.csv;-s;21;/mnt/beegfs/rcabanas/dev/credici/papers/causal_flavour/models/simple_learner_10Q.uai
[2024-04-15T09:30:22.873916][SEVERE][seed42] Not rewriting. File exits: /mnt/beegfs/rcabanas/dev/credici/papers/causal_flavour/learntmodels/miter1000/simple_learner_10Q/model_42.uai
[2024-04-15T09:30:22.873914][SEVERE][seed27] Not rewriting. File exits: /mnt/beegfs/rcabanas/dev/credici/papers/causal_flavour/learntmodels/miter1000/simple_learner_10Q/model_27.uai
[2024-04-15T09:30:22.874176][SEVERE][seed27] java.lang.IllegalStateException: Not rewriting. File exits: /mnt/beegfs/rcabanas/dev/credici/papers/causal_flavour/learntmodels/miter1000/simple_learner_10Q/model_27.uai
[2024-04-15T09:30:22.874295][INFO][seed27] Closing log file
[2024-04-15T09:30:22.874415][INFO][seed27] Closed log file
[2024-04-15T09:30:22.870231][INFO][seed36] Starting logger with seed 36
[2024-04-15T09:30:22.872423][SEVERE][seed36] Not rewriting. File exits: /mnt/beegfs/rcabanas/dev/credici/papers/causal_flavour/learntmodels/miter1000/simple_learner_10Q/model_36.uai
[2024-04-15T09:30:22.872555][SEVERE][seed36] java.lang.IllegalStateException: Not rewriting. File exits: /mnt/beegfs/rcabanas/dev/credici/papers/causal_flavour/learntmodels/miter1000/simple_learner_10Q/model_36.uai
[2024-04-15T09:30:22.872601][INFO][seed36] Closing log file
[2024-04-15T09:30:22.872639][INFO][seed36] Closed log file
[2024-04-15T09:30:22.847939][INFO][seed35] Set up logging
[2024-04-15T09:30:22.875054][INFO][seed21] Starting logger with seed 21
[2024-04-15T09:30:22.875415][SEVERE][seed42] java.lang.IllegalStateException: Not rewriting. File exits: /mnt/beegfs/rcabanas/dev/credici/papers/causal_flavour/learntmodels/miter1000/simple_learner_10Q/model_42.uai
[2024-04-15T09:30:22.875940][INFO][seed42] Closing log file
[2024-04-15T09:30:22.876049][INFO][seed42] Closed log file
[2024-04-15T09:30:22.848229][INFO][seed49] Set up logging
[2024-04-15T09:30:22.875381][INFO][seed35] args: -m;1000;-o;/mnt/beegfs/rcabanas/dev/credici/papers/causal_flavour/learntmodels/miter1000;--data;/mnt/beegfs/rcabanas/dev/credici/papers/causal_flavour/data/simple_learner_10Q_data.csv;-s;35;/mnt/beegfs/rcabanas/dev/credici/papers/causal_flavour/models/simple_learner_10Q.uai
[2024-04-15T09:30:22.877123][INFO][seed49] args: -m;1000;-o;/mnt/beegfs/rcabanas/dev/credici/papers/causal_flavour/learntmodels/miter1000;--data;/mnt/beegfs/rcabanas/dev/credici/papers/causal_flavour/data/simple_learner_10Q_data.csv;-s;49;/mnt/beegfs/rcabanas/dev/credici/papers/causal_flavour/models/simple_learner_10Q.uai
[2024-04-15T09:30:22.879218][INFO][seed49] Starting logger with seed 49
[2024-04-15T09:30:22.878682][SEVERE][seed21] Not rewriting. File exits: /mnt/beegfs/rcabanas/dev/credici/papers/causal_flavour/learntmodels/miter1000/simple_learner_10Q/model_21.uai
[2024-04-15T09:30:22.880934][SEVERE][seed21] java.lang.IllegalStateException: Not rewriting. File exits: /mnt/beegfs/rcabanas/dev/credici/papers/causal_flavour/learntmodels/miter1000/simple_learner_10Q/model_21.uai
[2024-04-15T09:30:22.881052][INFO][seed21] Closing log file
[2024-04-15T09:30:22.881162][INFO][seed21] Closed log file
[2024-04-15T09:30:22.868287][INFO][seed0] Set up logging
[2024-04-15T09:30:22.882747][SEVERE][seed49] Not rewriting. File exits: /mnt/beegfs/rcabanas/dev/credici/papers/causal_flavour/learntmodels/miter1000/simple_learner_10Q/model_49.uai
[2024-04-15T09:30:22.882973][SEVERE][seed49] java.lang.IllegalStateException: Not rewriting. File exits: /mnt/beegfs/rcabanas/dev/credici/papers/causal_flavour/learntmodels/miter1000/simple_learner_10Q/model_49.uai
[2024-04-15T09:30:22.883089][INFO][seed49] Closing log file
[2024-04-15T09:30:22.883200][INFO][seed49] Closed log file
[2024-04-15T09:30:22.867843][INFO][seed11] Set up logging
[2024-04-15T09:30:22.883786][INFO][seed0] args: -m;1000;-o;/mnt/beegfs/rcabanas/dev/credici/papers/causal_flavour/learntmodels/miter1000;--data;/mnt/beegfs/rcabanas/dev/credici/papers/causal_flavour/data/simple_learner_10Q_data.csv;-s;0;/mnt/beegfs/rcabanas/dev/credici/papers/causal_flavour/models/simple_learner_10Q.uai
[2024-04-15T09:30:22.885587][INFO][seed11] args: -m;1000;-o;/mnt/beegfs/rcabanas/dev/credici/papers/causal_flavour/learntmodels/miter1000;--data;/mnt/beegfs/rcabanas/dev/credici/papers/causal_flavour/data/simple_learner_10Q_data.csv;-s;11;/mnt/beegfs/rcabanas/dev/credici/papers/causal_flavour/models/simple_learner_10Q.uai
[2024-04-15T09:30:22.887111][INFO][seed23] Starting logger with seed 23
[2024-04-15T09:30:22.889215][SEVERE][seed23] Not rewriting. File exits: /mnt/beegfs/rcabanas/dev/credici/papers/causal_flavour/learntmodels/miter1000/simple_learner_10Q/model_23.uai
[2024-04-15T09:30:22.889320][SEVERE][seed23] java.lang.IllegalStateException: Not rewriting. File exits: /mnt/beegfs/rcabanas/dev/credici/papers/causal_flavour/learntmodels/miter1000/simple_learner_10Q/model_23.uai
[2024-04-15T09:30:22.889366][INFO][seed23] Closing log file
[2024-04-15T09:30:22.889400][INFO][seed23] Closed log file
[2024-04-15T09:30:22.878283][INFO][seed45] Set up logging
[2024-04-15T09:30:22.880366][INFO][seed34] Set up logging
[2024-04-15T09:30:22.896029][INFO][seed35] Starting logger with seed 35
[2024-04-15T09:30:22.896135][INFO][seed11] Starting logger with seed 11
[2024-04-15T09:30:22.898650][SEVERE][seed35] Not rewriting. File exits: /mnt/beegfs/rcabanas/dev/credici/papers/causal_flavour/learntmodels/miter1000/simple_learner_10Q/model_35.uai
[2024-04-15T09:30:22.896233][INFO][seed0] Starting logger with seed 0
[2024-04-15T09:30:22.900139][SEVERE][seed0] Not rewriting. File exits: /mnt/beegfs/rcabanas/dev/credici/papers/causal_flavour/learntmodels/miter1000/simple_learner_10Q/model_0.uai
[2024-04-15T09:30:22.900313][SEVERE][seed0] java.lang.IllegalStateException: Not rewriting. File exits: /mnt/beegfs/rcabanas/dev/credici/papers/causal_flavour/learntmodels/miter1000/simple_learner_10Q/model_0.uai
[2024-04-15T09:30:22.900432][INFO][seed0] Closing log file
[2024-04-15T09:30:22.900560][INFO][seed0] Closed log file
[2024-04-15T09:30:22.901228][SEVERE][seed11] Not rewriting. File exits: /mnt/beegfs/rcabanas/dev/credici/papers/causal_flavour/learntmodels/miter1000/simple_learner_10Q/model_11.uai
[2024-04-15T09:30:22.901523][SEVERE][seed35] java.lang.IllegalStateException: Not rewriting. File exits: /mnt/beegfs/rcabanas/dev/credici/papers/causal_flavour/learntmodels/miter1000/simple_learner_10Q/model_35.uai
[2024-04-15T09:30:22.901767][INFO][seed35] Closing log file
[2024-04-15T09:30:22.901549][SEVERE][seed11] java.lang.IllegalStateException: Not rewriting. File exits: /mnt/beegfs/rcabanas/dev/credici/papers/causal_flavour/learntmodels/miter1000/simple_learner_10Q/model_11.uai
[2024-04-15T09:30:22.880993][INFO][seed10] Set up logging
[2024-04-15T09:30:22.901880][INFO][seed35] Closed log file
[2024-04-15T09:30:22.901669][INFO][seed11] Closing log file
[2024-04-15T09:30:22.901790][INFO][seed11] Closed log file
[2024-04-15T09:30:22.903950][INFO][seed34] args: -m;1000;-o;/mnt/beegfs/rcabanas/dev/credici/papers/causal_flavour/learntmodels/miter1000;--data;/mnt/beegfs/rcabanas/dev/credici/papers/causal_flavour/data/simple_learner_10Q_data.csv;-s;34;/mnt/beegfs/rcabanas/dev/credici/papers/causal_flavour/models/simple_learner_10Q.uai
[2024-04-15T09:30:22.905781][INFO][seed34] Starting logger with seed 34
[2024-04-15T09:30:22.881365][INFO][seed16] Set up logging
[2024-04-15T09:30:22.908079][INFO][seed45] args: -m;1000;-o;/mnt/beegfs/rcabanas/dev/credici/papers/causal_flavour/learntmodels/miter1000;--data;/mnt/beegfs/rcabanas/dev/credici/papers/causal_flavour/data/simple_learner_10Q_data.csv;-s;45;/mnt/beegfs/rcabanas/dev/credici/papers/causal_flavour/models/simple_learner_10Q.uai
[2024-04-15T09:30:22.908538][INFO][seed16] args: -m;1000;-o;/mnt/beegfs/rcabanas/dev/credici/papers/causal_flavour/learntmodels/miter1000;--data;/mnt/beegfs/rcabanas/dev/credici/papers/causal_flavour/data/simple_learner_10Q_data.csv;-s;16;/mnt/beegfs/rcabanas/dev/credici/papers/causal_flavour/models/simple_learner_10Q.uai
[2024-04-15T09:30:22.909568][INFO][seed10] args: -m;1000;-o;/mnt/beegfs/rcabanas/dev/credici/papers/causal_flavour/learntmodels/miter1000;--data;/mnt/beegfs/rcabanas/dev/credici/papers/causal_flavour/data/simple_learner_10Q_data.csv;-s;10;/mnt/beegfs/rcabanas/dev/credici/papers/causal_flavour/models/simple_learner_10Q.uai
[2024-04-15T09:30:22.910155][SEVERE][seed34] Not rewriting. File exits: /mnt/beegfs/rcabanas/dev/credici/papers/causal_flavour/learntmodels/miter1000/simple_learner_10Q/model_34.uai
[2024-04-15T09:30:22.910355][SEVERE][seed34] java.lang.IllegalStateException: Not rewriting. File exits: /mnt/beegfs/rcabanas/dev/credici/papers/causal_flavour/learntmodels/miter1000/simple_learner_10Q/model_34.uai
[2024-04-15T09:30:22.910471][INFO][seed34] Closing log file
[2024-04-15T09:30:22.910588][INFO][seed34] Closed log file
[2024-04-15T09:30:22.911167][INFO][seed10] Starting logger with seed 10
[2024-04-15T09:30:22.910017][INFO][seed45] Starting logger with seed 45
[2024-04-15T09:30:22.912063][SEVERE][seed45] Not rewriting. File exits: /mnt/beegfs/rcabanas/dev/credici/papers/causal_flavour/learntmodels/miter1000/simple_learner_10Q/model_45.uai
[2024-04-15T09:30:22.912170][SEVERE][seed45] java.lang.IllegalStateException: Not rewriting. File exits: /mnt/beegfs/rcabanas/dev/credici/papers/causal_flavour/learntmodels/miter1000/simple_learner_10Q/model_45.uai
[2024-04-15T09:30:22.912214][INFO][seed45] Closing log file
[2024-04-15T09:30:22.912249][INFO][seed45] Closed log file
[2024-04-15T09:30:22.914035][SEVERE][seed10] Not rewriting. File exits: /mnt/beegfs/rcabanas/dev/credici/papers/causal_flavour/learntmodels/miter1000/simple_learner_10Q/model_10.uai
[2024-04-15T09:30:22.914743][SEVERE][seed10] java.lang.IllegalStateException: Not rewriting. File exits: /mnt/beegfs/rcabanas/dev/credici/papers/causal_flavour/learntmodels/miter1000/simple_learner_10Q/model_10.uai
[2024-04-15T09:30:22.914861][INFO][seed10] Closing log file
[2024-04-15T09:30:22.914970][INFO][seed10] Closed log file
[2024-04-15T09:30:22.881257][INFO][seed50] Set up logging
[2024-04-15T09:30:22.881520][INFO][seed26] Set up logging
[2024-04-15T09:30:22.918429][INFO][seed26] args: -m;1000;-o;/mnt/beegfs/rcabanas/dev/credici/papers/causal_flavour/learntmodels/miter1000;--data;/mnt/beegfs/rcabanas/dev/credici/papers/causal_flavour/data/simple_learner_10Q_data.csv;-s;26;/mnt/beegfs/rcabanas/dev/credici/papers/causal_flavour/models/simple_learner_10Q.uai
[2024-04-15T09:30:22.918864][INFO][seed50] args: -m;1000;-o;/mnt/beegfs/rcabanas/dev/credici/papers/causal_flavour/learntmodels/miter1000;--data;/mnt/beegfs/rcabanas/dev/credici/papers/causal_flavour/data/simple_learner_10Q_data.csv;-s;50;/mnt/beegfs/rcabanas/dev/credici/papers/causal_flavour/models/simple_learner_10Q.uai
[2024-04-15T09:30:22.893944][INFO][seed47] Set up logging
[2024-04-15T09:30:22.921477][INFO][seed47] args: -m;1000;-o;/mnt/beegfs/rcabanas/dev/credici/papers/causal_flavour/learntmodels/miter1000;--data;/mnt/beegfs/rcabanas/dev/credici/papers/causal_flavour/data/simple_learner_10Q_data.csv;-s;47;/mnt/beegfs/rcabanas/dev/credici/papers/causal_flavour/models/simple_learner_10Q.uai
[2024-04-15T09:30:22.924959][INFO][seed47] Starting logger with seed 47
[2024-04-15T09:30:22.924932][INFO][seed16] Starting logger with seed 16
[2024-04-15T09:30:22.926974][SEVERE][seed16] Not rewriting. File exits: /mnt/beegfs/rcabanas/dev/credici/papers/causal_flavour/learntmodels/miter1000/simple_learner_10Q/model_16.uai
[2024-04-15T09:30:22.927089][SEVERE][seed16] java.lang.IllegalStateException: Not rewriting. File exits: /mnt/beegfs/rcabanas/dev/credici/papers/causal_flavour/learntmodels/miter1000/simple_learner_10Q/model_16.uai
[2024-04-15T09:30:22.927135][INFO][seed16] Closing log file
[2024-04-15T09:30:22.927172][INFO][seed16] Closed log file
[2024-04-15T09:30:22.925169][INFO][seed50] Starting logger with seed 50
[2024-04-15T09:30:22.927206][SEVERE][seed50] Not rewriting. File exits: /mnt/beegfs/rcabanas/dev/credici/papers/causal_flavour/learntmodels/miter1000/simple_learner_10Q/model_50.uai
[2024-04-15T09:30:22.927318][SEVERE][seed50] java.lang.IllegalStateException: Not rewriting. File exits: /mnt/beegfs/rcabanas/dev/credici/papers/causal_flavour/learntmodels/miter1000/simple_learner_10Q/model_50.uai
[2024-04-15T09:30:22.927364][INFO][seed50] Closing log file
[2024-04-15T09:30:22.927400][INFO][seed50] Closed log file
[2024-04-15T09:30:22.925197][INFO][seed26] Starting logger with seed 26
[2024-04-15T09:30:22.927342][SEVERE][seed26] Not rewriting. File exits: /mnt/beegfs/rcabanas/dev/credici/papers/causal_flavour/learntmodels/miter1000/simple_learner_10Q/model_26.uai
[2024-04-15T09:30:22.927446][SEVERE][seed26] java.lang.IllegalStateException: Not rewriting. File exits: /mnt/beegfs/rcabanas/dev/credici/papers/causal_flavour/learntmodels/miter1000/simple_learner_10Q/model_26.uai
[2024-04-15T09:30:22.927492][INFO][seed26] Closing log file
[2024-04-15T09:30:22.927536][INFO][seed26] Closed log file
[2024-04-15T09:30:22.928697][SEVERE][seed47] Not rewriting. File exits: /mnt/beegfs/rcabanas/dev/credici/papers/causal_flavour/learntmodels/miter1000/simple_learner_10Q/model_47.uai
[2024-04-15T09:30:22.928938][SEVERE][seed47] java.lang.IllegalStateException: Not rewriting. File exits: /mnt/beegfs/rcabanas/dev/credici/papers/causal_flavour/learntmodels/miter1000/simple_learner_10Q/model_47.uai
[2024-04-15T09:30:22.929059][INFO][seed47] Closing log file
[2024-04-15T09:30:22.929173][INFO][seed47] Closed log file
['learn.py', '1000', '43']
[2024-04-15T09:30:22.927172][INFO][seed41] Set up logging
[2024-04-15T09:30:22.918820][INFO][seed28] Set up logging
[2024-04-15T09:30:22.918847][INFO][seed39] Set up logging
[2024-04-15T09:30:22.941791][INFO][seed28] args: -m;1000;-o;/mnt/beegfs/rcabanas/dev/credici/papers/causal_flavour/learntmodels/miter1000;--data;/mnt/beegfs/rcabanas/dev/credici/papers/causal_flavour/data/simple_learner_10Q_data.csv;-s;28;/mnt/beegfs/rcabanas/dev/credici/papers/causal_flavour/models/simple_learner_10Q.uai
[2024-04-15T09:30:22.918903][INFO][seed40] Set up logging
[2024-04-15T09:30:22.942595][INFO][seed41] args: -m;1000;-o;/mnt/beegfs/rcabanas/dev/credici/papers/causal_flavour/learntmodels/miter1000;--data;/mnt/beegfs/rcabanas/dev/credici/papers/causal_flavour/data/simple_learner_10Q_data.csv;-s;41;/mnt/beegfs/rcabanas/dev/credici/papers/causal_flavour/models/simple_learner_10Q.uai
[2024-04-15T09:30:22.942353][INFO][seed39] args: -m;1000;-o;/mnt/beegfs/rcabanas/dev/credici/papers/causal_flavour/learntmodels/miter1000;--data;/mnt/beegfs/rcabanas/dev/credici/papers/causal_flavour/data/simple_learner_10Q_data.csv;-s;39;/mnt/beegfs/rcabanas/dev/credici/papers/causal_flavour/models/simple_learner_10Q.uai
[2024-04-15T09:30:22.943091][INFO][seed40] args: -m;1000;-o;/mnt/beegfs/rcabanas/dev/credici/papers/causal_flavour/learntmodels/miter1000;--data;/mnt/beegfs/rcabanas/dev/credici/papers/causal_flavour/data/simple_learner_10Q_data.csv;-s;40;/mnt/beegfs/rcabanas/dev/credici/papers/causal_flavour/models/simple_learner_10Q.uai
[2024-04-15T09:30:22.943674][INFO][seed28] Starting logger with seed 28
[2024-04-15T09:30:22.944182][INFO][seed39] Starting logger with seed 39
[2024-04-15T09:30:22.946575][INFO][seed40] Starting logger with seed 40
[2024-04-15T09:30:22.947274][SEVERE][seed28] Not rewriting. File exits: /mnt/beegfs/rcabanas/dev/credici/papers/causal_flavour/learntmodels/miter1000/simple_learner_10Q/model_28.uai
[2024-04-15T09:30:22.947521][SEVERE][seed28] java.lang.IllegalStateException: Not rewriting. File exits: /mnt/beegfs/rcabanas/dev/credici/papers/causal_flavour/learntmodels/miter1000/simple_learner_10Q/model_28.uai
[2024-04-15T09:30:22.947636][INFO][seed28] Closing log file
[2024-04-15T09:30:22.947744][INFO][seed28] Closed log file
[2024-04-15T09:30:22.948320][SEVERE][seed39] Not rewriting. File exits: /mnt/beegfs/rcabanas/dev/credici/papers/causal_flavour/learntmodels/miter1000/simple_learner_10Q/model_39.uai
[2024-04-15T09:30:22.923933][INFO][seed29] Set up logging
[2024-04-15T09:30:22.925407][INFO][seed2] Set up logging
[2024-04-15T09:30:22.948592][SEVERE][seed39] java.lang.IllegalStateException: Not rewriting. File exits: /mnt/beegfs/rcabanas/dev/credici/papers/causal_flavour/learntmodels/miter1000/simple_learner_10Q/model_39.uai
[2024-04-15T09:30:22.948710][INFO][seed39] Closing log file
[2024-04-15T09:30:22.948819][INFO][seed39] Closed log file
[2024-04-15T09:30:22.926152][INFO][seed32] Set up logging
[2024-04-15T09:30:22.926111][INFO][seed48] Set up logging
[2024-04-15T09:30:22.950014][INFO][seed48] args: -m;1000;-o;/mnt/beegfs/rcabanas/dev/credici/papers/causal_flavour/learntmodels/miter1000;--data;/mnt/beegfs/rcabanas/dev/credici/papers/causal_flavour/data/simple_learner_10Q_data.csv;-s;48;/mnt/beegfs/rcabanas/dev/credici/papers/causal_flavour/models/simple_learner_10Q.uai
[2024-04-15T09:30:22.948896][INFO][seed29] args: -m;1000;-o;/mnt/beegfs/rcabanas/dev/credici/papers/causal_flavour/learntmodels/miter1000;--data;/mnt/beegfs/rcabanas/dev/credici/papers/causal_flavour/data/simple_learner_10Q_data.csv;-s;29;/mnt/beegfs/rcabanas/dev/credici/papers/causal_flavour/models/simple_learner_10Q.uai
[2024-04-15T09:30:22.949204][INFO][seed2] args: -m;1000;-o;/mnt/beegfs/rcabanas/dev/credici/papers/causal_flavour/learntmodels/miter1000;--data;/mnt/beegfs/rcabanas/dev/credici/papers/causal_flavour/data/simple_learner_10Q_data.csv;-s;2;/mnt/beegfs/rcabanas/dev/credici/papers/causal_flavour/models/simple_learner_10Q.uai
[2024-04-15T09:30:22.950521][SEVERE][seed40] Not rewriting. File exits: /mnt/beegfs/rcabanas/dev/credici/papers/causal_flavour/learntmodels/miter1000/simple_learner_10Q/model_40.uai
[2024-04-15T09:30:22.925944][INFO][seed46] Set up logging
[2024-04-15T09:30:22.951577][INFO][seed46] args: -m;1000;-o;/mnt/beegfs/rcabanas/dev/credici/papers/causal_flavour/learntmodels/miter1000;--data;/mnt/beegfs/rcabanas/dev/credici/papers/causal_flavour/data/simple_learner_10Q_data.csv;-s;46;/mnt/beegfs/rcabanas/dev/credici/papers/causal_flavour/models/simple_learner_10Q.uai
[2024-04-15T09:30:22.953203][INFO][seed46] Starting logger with seed 46
[2024-04-15T09:30:22.949641][INFO][seed32] args: -m;1000;-o;/mnt/beegfs/rcabanas/dev/credici/papers/causal_flavour/learntmodels/miter1000;--data;/mnt/beegfs/rcabanas/dev/credici/papers/causal_flavour/data/simple_learner_10Q_data.csv;-s;32;/mnt/beegfs/rcabanas/dev/credici/papers/causal_flavour/models/simple_learner_10Q.uai
[2024-04-15T09:30:22.950376][INFO][seed29] Starting logger with seed 29
[2024-04-15T09:30:22.950741][INFO][seed2] Starting logger with seed 2
[2024-04-15T09:30:22.950779][SEVERE][seed40] java.lang.IllegalStateException: Not rewriting. File exits: /mnt/beegfs/rcabanas/dev/credici/papers/causal_flavour/learntmodels/miter1000/simple_learner_10Q/model_40.uai
[2024-04-15T09:30:22.953434][INFO][seed48] Starting logger with seed 48
[2024-04-15T09:30:22.926836][INFO][seed3] Set up logging
[2024-04-15T09:30:22.953123][INFO][seed32] Starting logger with seed 32
[2024-04-15T09:30:22.953739][SEVERE][seed29] Not rewriting. File exits: /mnt/beegfs/rcabanas/dev/credici/papers/causal_flavour/learntmodels/miter1000/simple_learner_10Q/model_29.uai
[2024-04-15T09:30:22.950895][INFO][seed40] Closing log file
[2024-04-15T09:30:22.955804][SEVERE][seed2] Not rewriting. File exits: /mnt/beegfs/rcabanas/dev/credici/papers/causal_flavour/learntmodels/miter1000/simple_learner_10Q/model_2.uai
[2024-04-15T09:30:22.954941][INFO][seed3] args: -m;1000;-o;/mnt/beegfs/rcabanas/dev/credici/papers/causal_flavour/learntmodels/miter1000;--data;/mnt/beegfs/rcabanas/dev/credici/papers/causal_flavour/data/simple_learner_10Q_data.csv;-s;3;/mnt/beegfs/rcabanas/dev/credici/papers/causal_flavour/models/simple_learner_10Q.uai
[2024-04-15T09:30:22.956769][SEVERE][seed46] Not rewriting. File exits: /mnt/beegfs/rcabanas/dev/credici/papers/causal_flavour/learntmodels/miter1000/simple_learner_10Q/model_46.uai
[2024-04-15T09:30:22.956895][SEVERE][seed32] Not rewriting. File exits: /mnt/beegfs/rcabanas/dev/credici/papers/causal_flavour/learntmodels/miter1000/simple_learner_10Q/model_32.uai
[2024-04-15T09:30:22.953896][SEVERE][seed29] java.lang.IllegalStateException: Not rewriting. File exits: /mnt/beegfs/rcabanas/dev/credici/papers/causal_flavour/learntmodels/miter1000/simple_learner_10Q/model_29.uai
[2024-04-15T09:30:22.957150][SEVERE][seed48] Not rewriting. File exits: /mnt/beegfs/rcabanas/dev/credici/papers/causal_flavour/learntmodels/miter1000/simple_learner_10Q/model_48.uai
[2024-04-15T09:30:22.951004][INFO][seed40] Closed log file
[2024-04-15T09:30:22.956564][SEVERE][seed2] java.lang.IllegalStateException: Not rewriting. File exits: /mnt/beegfs/rcabanas/dev/credici/papers/causal_flavour/learntmodels/miter1000/simple_learner_10Q/model_2.uai
[2024-04-15T09:30:22.956591][INFO][seed3] Starting logger with seed 3
[2024-04-15T09:30:22.956936][SEVERE][seed46] java.lang.IllegalStateException: Not rewriting. File exits: /mnt/beegfs/rcabanas/dev/credici/papers/causal_flavour/learntmodels/miter1000/simple_learner_10Q/model_46.uai
[2024-04-15T09:30:22.957081][SEVERE][seed32] java.lang.IllegalStateException: Not rewriting. File exits: /mnt/beegfs/rcabanas/dev/credici/papers/causal_flavour/learntmodels/miter1000/simple_learner_10Q/model_32.uai
[2024-04-15T09:30:22.954013][INFO][seed29] Closing log file
[2024-04-15T09:30:22.957419][SEVERE][seed48] java.lang.IllegalStateException: Not rewriting. File exits: /mnt/beegfs/rcabanas/dev/credici/papers/causal_flavour/learntmodels/miter1000/simple_learner_10Q/model_48.uai
[2024-04-15T09:30:22.955878][INFO][seed41] Starting logger with seed 41
[2024-04-15T09:30:22.958124][SEVERE][seed41] Not rewriting. File exits: /mnt/beegfs/rcabanas/dev/credici/papers/causal_flavour/learntmodels/miter1000/simple_learner_10Q/model_41.uai
[2024-04-15T09:30:22.958224][SEVERE][seed41] java.lang.IllegalStateException: Not rewriting. File exits: /mnt/beegfs/rcabanas/dev/credici/papers/causal_flavour/learntmodels/miter1000/simple_learner_10Q/model_41.uai
[2024-04-15T09:30:22.958268][INFO][seed41] Closing log file
[2024-04-15T09:30:22.958303][INFO][seed41] Closed log file
[2024-04-15T09:30:22.956685][INFO][seed2] Closing log file
[2024-04-15T09:30:22.960613][SEVERE][seed3] Not rewriting. File exits: /mnt/beegfs/rcabanas/dev/credici/papers/causal_flavour/learntmodels/miter1000/simple_learner_10Q/model_3.uai
[2024-04-15T09:30:22.957053][INFO][seed46] Closing log file
[2024-04-15T09:30:22.957201][INFO][seed32] Closing log file
[2024-04-15T09:30:22.954121][INFO][seed29] Closed log file
[2024-04-15T09:30:22.957543][INFO][seed48] Closing log file
[2024-04-15T09:30:22.956794][INFO][seed2] Closed log file
[2024-04-15T09:30:22.960811][SEVERE][seed3] java.lang.IllegalStateException: Not rewriting. File exits: /mnt/beegfs/rcabanas/dev/credici/papers/causal_flavour/learntmodels/miter1000/simple_learner_10Q/model_3.uai
[2024-04-15T09:30:22.957164][INFO][seed46] Closed log file
[2024-04-15T09:30:22.957311][INFO][seed32] Closed log file
[2024-04-15T09:30:22.957665][INFO][seed48] Closed log file
[2024-04-15T09:30:22.960927][INFO][seed3] Closing log file
[2024-04-15T09:30:22.961036][INFO][seed3] Closed log file
[2024-04-15T09:30:22.932401][INFO][seed37] Set up logging
[2024-04-15T09:30:22.941899][INFO][seed9] Set up logging
[2024-04-15T09:30:22.969399][INFO][seed37] args: -m;1000;-o;/mnt/beegfs/rcabanas/dev/credici/papers/causal_flavour/learntmodels/miter1000;--data;/mnt/beegfs/rcabanas/dev/credici/papers/causal_flavour/data/simple_learner_10Q_data.csv;-s;37;/mnt/beegfs/rcabanas/dev/credici/papers/causal_flavour/models/simple_learner_10Q.uai
[2024-04-15T09:30:22.969840][INFO][seed9] args: -m;1000;-o;/mnt/beegfs/rcabanas/dev/credici/papers/causal_flavour/learntmodels/miter1000;--data;/mnt/beegfs/rcabanas/dev/credici/papers/causal_flavour/data/simple_learner_10Q_data.csv;-s;9;/mnt/beegfs/rcabanas/dev/credici/papers/causal_flavour/models/simple_learner_10Q.uai
seed=43
/mnt/beegfs/rcabanas/dev/credici
/mnt/beegfs/rcabanas/dev/credici/papers/causal_flavour
/mnt/beegfs/rcabanas/dev/credici/papers/causal_flavour/learntmodels
/mnt/beegfs/rcabanas/dev/credici/papers/causal_flavour/models
[2024-04-15T09:30:22.973123][INFO][seed37] Starting logger with seed 37
/mnt/beegfs/rcabanas/dev/credici/target/credici-0.1.5-dev-SNAPSHOT-jar-with-dependencies.jar
/mnt/beegfs/rcabanas/dev/credici/papers/causal_flavour/code/LearnCF.java
[2024-04-15T09:30:22.975735][INFO][seed9] Starting logger with seed 9
[2024-04-15T09:30:22.977118][SEVERE][seed37] Not rewriting. File exits: /mnt/beegfs/rcabanas/dev/credici/papers/causal_flavour/learntmodels/miter1000/simple_learner_10Q/model_37.uai
[2024-04-15T09:30:22.977368][SEVERE][seed37] java.lang.IllegalStateException: Not rewriting. File exits: /mnt/beegfs/rcabanas/dev/credici/papers/causal_flavour/learntmodels/miter1000/simple_learner_10Q/model_37.uai
[2024-04-15T09:30:22.977509][INFO][seed37] Closing log file
[2024-04-15T09:30:22.977626][INFO][seed37] Closed log file
[2024-04-15T09:30:22.979254][SEVERE][seed9] Not rewriting. File exits: /mnt/beegfs/rcabanas/dev/credici/papers/causal_flavour/learntmodels/miter1000/simple_learner_10Q/model_9.uai
[2024-04-15T09:30:22.979414][SEVERE][seed9] java.lang.IllegalStateException: Not rewriting. File exits: /mnt/beegfs/rcabanas/dev/credici/papers/causal_flavour/learntmodels/miter1000/simple_learner_10Q/model_9.uai
[2024-04-15T09:30:22.979543][INFO][seed9] Closing log file
[2024-04-15T09:30:22.979657][INFO][seed9] Closed log file
[2024-04-15T09:30:22.948753][INFO][seed18] Set up logging
[2024-04-15T09:30:22.986736][INFO][seed18] args: -m;1000;-o;/mnt/beegfs/rcabanas/dev/credici/papers/causal_flavour/learntmodels/miter1000;--data;/mnt/beegfs/rcabanas/dev/credici/papers/causal_flavour/data/simple_learner_10Q_data.csv;-s;18;/mnt/beegfs/rcabanas/dev/credici/papers/causal_flavour/models/simple_learner_10Q.uai
[2024-04-15T09:30:22.988312][INFO][seed18] Starting logger with seed 18
[2024-04-15T09:30:22.991913][SEVERE][seed18] Not rewriting. File exits: /mnt/beegfs/rcabanas/dev/credici/papers/causal_flavour/learntmodels/miter1000/simple_learner_10Q/model_18.uai
[2024-04-15T09:30:22.992172][SEVERE][seed18] java.lang.IllegalStateException: Not rewriting. File exits: /mnt/beegfs/rcabanas/dev/credici/papers/causal_flavour/learntmodels/miter1000/simple_learner_10Q/model_18.uai
[2024-04-15T09:30:22.992291][INFO][seed18] Closing log file
[2024-04-15T09:30:22.992402][INFO][seed18] Closed log file
[2024-04-15T09:30:24.963738][INFO][seed43] Set up logging
[2024-04-15T09:30:24.987215][INFO][seed43] args: -m;1000;-o;/mnt/beegfs/rcabanas/dev/credici/papers/causal_flavour/learntmodels/miter1000;--data;/mnt/beegfs/rcabanas/dev/credici/papers/causal_flavour/data/simple_learner_10Q_data.csv;-s;43;/mnt/beegfs/rcabanas/dev/credici/papers/causal_flavour/models/simple_learner_10Q.uai
[2024-04-15T09:30:24.995580][INFO][seed43] Starting logger with seed 43
[2024-04-15T09:30:24.999418][SEVERE][seed43] Not rewriting. File exits: /mnt/beegfs/rcabanas/dev/credici/papers/causal_flavour/learntmodels/miter1000/simple_learner_10Q/model_43.uai
[2024-04-15T09:30:24.999588][SEVERE][seed43] java.lang.IllegalStateException: Not rewriting. File exits: /mnt/beegfs/rcabanas/dev/credici/papers/causal_flavour/learntmodels/miter1000/simple_learner_10Q/model_43.uai
[2024-04-15T09:30:24.999705][INFO][seed43] Closing log file
[2024-04-15T09:30:24.999814][INFO][seed43] Closed log file
