50
1000
['learn.py', '1000', '86']
['learn.py', '1000', '71']
seed=86
/mnt/beegfs/rcabanas/dev/credici
/mnt/beegfs/rcabanas/dev/credici/papers/causal_flavour
/mnt/beegfs/rcabanas/dev/credici/papers/causal_flavour/learntmodels
/mnt/beegfs/rcabanas/dev/credici/papers/causal_flavour/models
/mnt/beegfs/rcabanas/dev/credici/target/credici-0.1.5-dev-SNAPSHOT-jar-with-dependencies.jar
/mnt/beegfs/rcabanas/dev/credici/papers/causal_flavour/code/LearnCF.java
['learn.py', '1000', '92']
seed=71
/mnt/beegfs/rcabanas/dev/credici
/mnt/beegfs/rcabanas/dev/credici/papers/causal_flavour
/mnt/beegfs/rcabanas/dev/credici/papers/causal_flavour/learntmodels
/mnt/beegfs/rcabanas/dev/credici/papers/causal_flavour/models
/mnt/beegfs/rcabanas/dev/credici/target/credici-0.1.5-dev-SNAPSHOT-jar-with-dependencies.jar
/mnt/beegfs/rcabanas/dev/credici/papers/causal_flavour/code/LearnCF.java
seed=92
/mnt/beegfs/rcabanas/dev/credici
/mnt/beegfs/rcabanas/dev/credici/papers/causal_flavour
/mnt/beegfs/rcabanas/dev/credici/papers/causal_flavour/learntmodels
/mnt/beegfs/rcabanas/dev/credici/papers/causal_flavour/models
/mnt/beegfs/rcabanas/dev/credici/target/credici-0.1.5-dev-SNAPSHOT-jar-with-dependencies.jar
/mnt/beegfs/rcabanas/dev/credici/papers/causal_flavour/code/LearnCF.java
['learn.py', '1000', '90']
['learn.py', '1000', '82']
['learn.py', '1000', '99']
['learn.py', '1000', '70']
seed=90
/mnt/beegfs/rcabanas/dev/credici
/mnt/beegfs/rcabanas/dev/credici/papers/causal_flavour
/mnt/beegfs/rcabanas/dev/credici/papers/causal_flavour/learntmodels
/mnt/beegfs/rcabanas/dev/credici/papers/causal_flavour/models
/mnt/beegfs/rcabanas/dev/credici/target/credici-0.1.5-dev-SNAPSHOT-jar-with-dependencies.jar
/mnt/beegfs/rcabanas/dev/credici/papers/causal_flavour/code/LearnCF.java
seed=82
/mnt/beegfs/rcabanas/dev/credici
/mnt/beegfs/rcabanas/dev/credici/papers/causal_flavour
/mnt/beegfs/rcabanas/dev/credici/papers/causal_flavour/learntmodels
/mnt/beegfs/rcabanas/dev/credici/papers/causal_flavour/models
/mnt/beegfs/rcabanas/dev/credici/target/credici-0.1.5-dev-SNAPSHOT-jar-with-dependencies.jar
/mnt/beegfs/rcabanas/dev/credici/papers/causal_flavour/code/LearnCF.java
['learn.py', '1000', '79']
seed=99
/mnt/beegfs/rcabanas/dev/credici
/mnt/beegfs/rcabanas/dev/credici/papers/causal_flavour
/mnt/beegfs/rcabanas/dev/credici/papers/causal_flavour/learntmodels
/mnt/beegfs/rcabanas/dev/credici/papers/causal_flavour/models
/mnt/beegfs/rcabanas/dev/credici/target/credici-0.1.5-dev-SNAPSHOT-jar-with-dependencies.jar
/mnt/beegfs/rcabanas/dev/credici/papers/causal_flavour/code/LearnCF.java
['learn.py', '1000', '50']
['learn.py', '1000', '98']
seed=70
/mnt/beegfs/rcabanas/dev/credici
/mnt/beegfs/rcabanas/dev/credici/papers/causal_flavour
/mnt/beegfs/rcabanas/dev/credici/papers/causal_flavour/learntmodels
/mnt/beegfs/rcabanas/dev/credici/papers/causal_flavour/models
['learn.py', '1000', '72']
/mnt/beegfs/rcabanas/dev/credici/target/credici-0.1.5-dev-SNAPSHOT-jar-with-dependencies.jar
/mnt/beegfs/rcabanas/dev/credici/papers/causal_flavour/code/LearnCF.java
seed=79
/mnt/beegfs/rcabanas/dev/credici
/mnt/beegfs/rcabanas/dev/credici/papers/causal_flavour
/mnt/beegfs/rcabanas/dev/credici/papers/causal_flavour/learntmodels
/mnt/beegfs/rcabanas/dev/credici/papers/causal_flavour/models
/mnt/beegfs/rcabanas/dev/credici/target/credici-0.1.5-dev-SNAPSHOT-jar-with-dependencies.jar
/mnt/beegfs/rcabanas/dev/credici/papers/causal_flavour/code/LearnCF.java
seed=50
/mnt/beegfs/rcabanas/dev/credici
/mnt/beegfs/rcabanas/dev/credici/papers/causal_flavour
/mnt/beegfs/rcabanas/dev/credici/papers/causal_flavour/learntmodels
/mnt/beegfs/rcabanas/dev/credici/papers/causal_flavour/models
/mnt/beegfs/rcabanas/dev/credici/target/credici-0.1.5-dev-SNAPSHOT-jar-with-dependencies.jar
seed=98
/mnt/beegfs/rcabanas/dev/credici/papers/causal_flavour/code/LearnCF.java
/mnt/beegfs/rcabanas/dev/credici
/mnt/beegfs/rcabanas/dev/credici/papers/causal_flavour
seed=72
/mnt/beegfs/rcabanas/dev/credici/papers/causal_flavour/learntmodels
/mnt/beegfs/rcabanas/dev/credici/papers/causal_flavour/models
/mnt/beegfs/rcabanas/dev/credici
/mnt/beegfs/rcabanas/dev/credici/target/credici-0.1.5-dev-SNAPSHOT-jar-with-dependencies.jar
/mnt/beegfs/rcabanas/dev/credici/papers/causal_flavour
/mnt/beegfs/rcabanas/dev/credici/papers/causal_flavour/learntmodels
/mnt/beegfs/rcabanas/dev/credici/papers/causal_flavour/code/LearnCF.java
/mnt/beegfs/rcabanas/dev/credici/papers/causal_flavour/models
/mnt/beegfs/rcabanas/dev/credici/target/credici-0.1.5-dev-SNAPSHOT-jar-with-dependencies.jar
/mnt/beegfs/rcabanas/dev/credici/papers/causal_flavour/code/LearnCF.java
['learn.py', '1000', '66']
['learn.py', '1000', '73']
seed=66
/mnt/beegfs/rcabanas/dev/credici
/mnt/beegfs/rcabanas/dev/credici/papers/causal_flavour
/mnt/beegfs/rcabanas/dev/credici/papers/causal_flavour/learntmodels
/mnt/beegfs/rcabanas/dev/credici/papers/causal_flavour/models
/mnt/beegfs/rcabanas/dev/credici/target/credici-0.1.5-dev-SNAPSHOT-jar-with-dependencies.jar
/mnt/beegfs/rcabanas/dev/credici/papers/causal_flavour/code/LearnCF.java
seed=73
/mnt/beegfs/rcabanas/dev/credici
/mnt/beegfs/rcabanas/dev/credici/papers/causal_flavour
/mnt/beegfs/rcabanas/dev/credici/papers/causal_flavour/learntmodels
/mnt/beegfs/rcabanas/dev/credici/papers/causal_flavour/models
/mnt/beegfs/rcabanas/dev/credici/target/credici-0.1.5-dev-SNAPSHOT-jar-with-dependencies.jar
/mnt/beegfs/rcabanas/dev/credici/papers/causal_flavour/code/LearnCF.java
['learn.py', '1000', '65']
['learn.py', '1000', '57']
['learn.py', '1000', '68']
seed=57
seed=65
/mnt/beegfs/rcabanas/dev/credici
/mnt/beegfs/rcabanas/dev/credici/papers/causal_flavour
/mnt/beegfs/rcabanas/dev/credici/papers/causal_flavour/learntmodels
/mnt/beegfs/rcabanas/dev/credici
/mnt/beegfs/rcabanas/dev/credici/papers/causal_flavour/models
/mnt/beegfs/rcabanas/dev/credici/papers/causal_flavour
/mnt/beegfs/rcabanas/dev/credici/target/credici-0.1.5-dev-SNAPSHOT-jar-with-dependencies.jar
/mnt/beegfs/rcabanas/dev/credici/papers/causal_flavour/learntmodels
/mnt/beegfs/rcabanas/dev/credici/papers/causal_flavour/code/LearnCF.java
/mnt/beegfs/rcabanas/dev/credici/papers/causal_flavour/models
/mnt/beegfs/rcabanas/dev/credici/target/credici-0.1.5-dev-SNAPSHOT-jar-with-dependencies.jar
/mnt/beegfs/rcabanas/dev/credici/papers/causal_flavour/code/LearnCF.java
seed=68
/mnt/beegfs/rcabanas/dev/credici
/mnt/beegfs/rcabanas/dev/credici/papers/causal_flavour
/mnt/beegfs/rcabanas/dev/credici/papers/causal_flavour/learntmodels
/mnt/beegfs/rcabanas/dev/credici/papers/causal_flavour/models
/mnt/beegfs/rcabanas/dev/credici/target/credici-0.1.5-dev-SNAPSHOT-jar-with-dependencies.jar
/mnt/beegfs/rcabanas/dev/credici/papers/causal_flavour/code/LearnCF.java
['learn.py', '1000', '81']
['learn.py', '1000', '89']
['learn.py', '1000', '97']
['learn.py', '1000', '96']
seed=81
seed=89
/mnt/beegfs/rcabanas/dev/credici
/mnt/beegfs/rcabanas/dev/credici
/mnt/beegfs/rcabanas/dev/credici/papers/causal_flavour
/mnt/beegfs/rcabanas/dev/credici/papers/causal_flavour
/mnt/beegfs/rcabanas/dev/credici/papers/causal_flavour/learntmodels
/mnt/beegfs/rcabanas/dev/credici/papers/causal_flavour/learntmodels
/mnt/beegfs/rcabanas/dev/credici/papers/causal_flavour/models
/mnt/beegfs/rcabanas/dev/credici/target/credici-0.1.5-dev-SNAPSHOT-jar-with-dependencies.jar
/mnt/beegfs/rcabanas/dev/credici/papers/causal_flavour/models
/mnt/beegfs/rcabanas/dev/credici/papers/causal_flavour/code/LearnCF.java
/mnt/beegfs/rcabanas/dev/credici/target/credici-0.1.5-dev-SNAPSHOT-jar-with-dependencies.jar
/mnt/beegfs/rcabanas/dev/credici/papers/causal_flavour/code/LearnCF.java
seed=97
/mnt/beegfs/rcabanas/dev/credici
/mnt/beegfs/rcabanas/dev/credici/papers/causal_flavour
/mnt/beegfs/rcabanas/dev/credici/papers/causal_flavour/learntmodels
/mnt/beegfs/rcabanas/dev/credici/papers/causal_flavour/models
/mnt/beegfs/rcabanas/dev/credici/target/credici-0.1.5-dev-SNAPSHOT-jar-with-dependencies.jar
/mnt/beegfs/rcabanas/dev/credici/papers/causal_flavour/code/LearnCF.java
['learn.py', '1000', '52']
['learn.py', '1000', '95']
seed=96
/mnt/beegfs/rcabanas/dev/credici
/mnt/beegfs/rcabanas/dev/credici/papers/causal_flavour
/mnt/beegfs/rcabanas/dev/credici/papers/causal_flavour/learntmodels
/mnt/beegfs/rcabanas/dev/credici/papers/causal_flavour/models
/mnt/beegfs/rcabanas/dev/credici/target/credici-0.1.5-dev-SNAPSHOT-jar-with-dependencies.jar
/mnt/beegfs/rcabanas/dev/credici/papers/causal_flavour/code/LearnCF.java
seed=52
/mnt/beegfs/rcabanas/dev/credici
/mnt/beegfs/rcabanas/dev/credici/papers/causal_flavour
/mnt/beegfs/rcabanas/dev/credici/papers/causal_flavour/learntmodels
/mnt/beegfs/rcabanas/dev/credici/papers/causal_flavour/models
/mnt/beegfs/rcabanas/dev/credici/target/credici-0.1.5-dev-SNAPSHOT-jar-with-dependencies.jar
/mnt/beegfs/rcabanas/dev/credici/papers/causal_flavour/code/LearnCF.java
seed=95
/mnt/beegfs/rcabanas/dev/credici
/mnt/beegfs/rcabanas/dev/credici/papers/causal_flavour
/mnt/beegfs/rcabanas/dev/credici/papers/causal_flavour/learntmodels
/mnt/beegfs/rcabanas/dev/credici/papers/causal_flavour/models
/mnt/beegfs/rcabanas/dev/credici/target/credici-0.1.5-dev-SNAPSHOT-jar-with-dependencies.jar
/mnt/beegfs/rcabanas/dev/credici/papers/causal_flavour/code/LearnCF.java
['learn.py', '1000', '84']
['learn.py', '1000', '67']
seed=84
/mnt/beegfs/rcabanas/dev/credici
/mnt/beegfs/rcabanas/dev/credici/papers/causal_flavour
/mnt/beegfs/rcabanas/dev/credici/papers/causal_flavour/learntmodels
['learn.py', '1000', '80']
/mnt/beegfs/rcabanas/dev/credici/papers/causal_flavour/models
seed=67
/mnt/beegfs/rcabanas/dev/credici/target/credici-0.1.5-dev-SNAPSHOT-jar-with-dependencies.jar
/mnt/beegfs/rcabanas/dev/credici
/mnt/beegfs/rcabanas/dev/credici/papers/causal_flavour/code/LearnCF.java
/mnt/beegfs/rcabanas/dev/credici/papers/causal_flavour
/mnt/beegfs/rcabanas/dev/credici/papers/causal_flavour/learntmodels
/mnt/beegfs/rcabanas/dev/credici/papers/causal_flavour/models
/mnt/beegfs/rcabanas/dev/credici/target/credici-0.1.5-dev-SNAPSHOT-jar-with-dependencies.jar
/mnt/beegfs/rcabanas/dev/credici/papers/causal_flavour/code/LearnCF.java
['learn.py', '1000', '88']
seed=80
/mnt/beegfs/rcabanas/dev/credici
/mnt/beegfs/rcabanas/dev/credici/papers/causal_flavour
/mnt/beegfs/rcabanas/dev/credici/papers/causal_flavour/learntmodels
/mnt/beegfs/rcabanas/dev/credici/papers/causal_flavour/models
/mnt/beegfs/rcabanas/dev/credici/target/credici-0.1.5-dev-SNAPSHOT-jar-with-dependencies.jar
/mnt/beegfs/rcabanas/dev/credici/papers/causal_flavour/code/LearnCF.java
seed=88
/mnt/beegfs/rcabanas/dev/credici
/mnt/beegfs/rcabanas/dev/credici/papers/causal_flavour
/mnt/beegfs/rcabanas/dev/credici/papers/causal_flavour/learntmodels
/mnt/beegfs/rcabanas/dev/credici/papers/causal_flavour/models
/mnt/beegfs/rcabanas/dev/credici/target/credici-0.1.5-dev-SNAPSHOT-jar-with-dependencies.jar
/mnt/beegfs/rcabanas/dev/credici/papers/causal_flavour/code/LearnCF.java
['learn.py', '1000', '58']
['learn.py', '1000', '78']
seed=58
seed=78
/mnt/beegfs/rcabanas/dev/credici
/mnt/beegfs/rcabanas/dev/credici
/mnt/beegfs/rcabanas/dev/credici/papers/causal_flavour
/mnt/beegfs/rcabanas/dev/credici/papers/causal_flavour/learntmodels
/mnt/beegfs/rcabanas/dev/credici/papers/causal_flavour
/mnt/beegfs/rcabanas/dev/credici/papers/causal_flavour/learntmodels
/mnt/beegfs/rcabanas/dev/credici/papers/causal_flavour/models
/mnt/beegfs/rcabanas/dev/credici/papers/causal_flavour/models
/mnt/beegfs/rcabanas/dev/credici/target/credici-0.1.5-dev-SNAPSHOT-jar-with-dependencies.jar
/mnt/beegfs/rcabanas/dev/credici/target/credici-0.1.5-dev-SNAPSHOT-jar-with-dependencies.jar
/mnt/beegfs/rcabanas/dev/credici/papers/causal_flavour/code/LearnCF.java
/mnt/beegfs/rcabanas/dev/credici/papers/causal_flavour/code/LearnCF.java
['learn.py', '1000', '63']
['learn.py', '1000', '93']
['learn.py', '1000', '91']
['learn.py', '1000', '64']
seed=63
/mnt/beegfs/rcabanas/dev/credici
seed=93
seed=91
seed=64
/mnt/beegfs/rcabanas/dev/credici/papers/causal_flavour
/mnt/beegfs/rcabanas/dev/credici
/mnt/beegfs/rcabanas/dev/credici
/mnt/beegfs/rcabanas/dev/credici
/mnt/beegfs/rcabanas/dev/credici/papers/causal_flavour/learntmodels
/mnt/beegfs/rcabanas/dev/credici/papers/causal_flavour
/mnt/beegfs/rcabanas/dev/credici/papers/causal_flavour
/mnt/beegfs/rcabanas/dev/credici/papers/causal_flavour
/mnt/beegfs/rcabanas/dev/credici/papers/causal_flavour/models
/mnt/beegfs/rcabanas/dev/credici/papers/causal_flavour/learntmodels
/mnt/beegfs/rcabanas/dev/credici/papers/causal_flavour/learntmodels
/mnt/beegfs/rcabanas/dev/credici/papers/causal_flavour/learntmodels
/mnt/beegfs/rcabanas/dev/credici/target/credici-0.1.5-dev-SNAPSHOT-jar-with-dependencies.jar
/mnt/beegfs/rcabanas/dev/credici/papers/causal_flavour/models
/mnt/beegfs/rcabanas/dev/credici/papers/causal_flavour/models
/mnt/beegfs/rcabanas/dev/credici/papers/causal_flavour/models
/mnt/beegfs/rcabanas/dev/credici/papers/causal_flavour/code/LearnCF.java
/mnt/beegfs/rcabanas/dev/credici/target/credici-0.1.5-dev-SNAPSHOT-jar-with-dependencies.jar
/mnt/beegfs/rcabanas/dev/credici/target/credici-0.1.5-dev-SNAPSHOT-jar-with-dependencies.jar
/mnt/beegfs/rcabanas/dev/credici/target/credici-0.1.5-dev-SNAPSHOT-jar-with-dependencies.jar
/mnt/beegfs/rcabanas/dev/credici/papers/causal_flavour/code/LearnCF.java
/mnt/beegfs/rcabanas/dev/credici/papers/causal_flavour/code/LearnCF.java
/mnt/beegfs/rcabanas/dev/credici/papers/causal_flavour/code/LearnCF.java
['learn.py', '1000', '56']
seed=56
/mnt/beegfs/rcabanas/dev/credici
/mnt/beegfs/rcabanas/dev/credici/papers/causal_flavour
/mnt/beegfs/rcabanas/dev/credici/papers/causal_flavour/learntmodels
/mnt/beegfs/rcabanas/dev/credici/papers/causal_flavour/models
/mnt/beegfs/rcabanas/dev/credici/target/credici-0.1.5-dev-SNAPSHOT-jar-with-dependencies.jar
/mnt/beegfs/rcabanas/dev/credici/papers/causal_flavour/code/LearnCF.java
['learn.py', '1000', '87']
['learn.py', '1000', '54']
['learn.py', '1000', '100']
['learn.py', '1000', '60']
['learn.py', '1000', '69']
['learn.py', '1000', '51']
seed=87
/mnt/beegfs/rcabanas/dev/credici
seed=54
/mnt/beegfs/rcabanas/dev/credici/papers/causal_flavour
/mnt/beegfs/rcabanas/dev/credici
seed=100
seed=60
/mnt/beegfs/rcabanas/dev/credici/papers/causal_flavour/learntmodels
seed=69
['learn.py', '1000', '74']
/mnt/beegfs/rcabanas/dev/credici/papers/causal_flavour
/mnt/beegfs/rcabanas/dev/credici/papers/causal_flavour/learntmodels
/mnt/beegfs/rcabanas/dev/credici
/mnt/beegfs/rcabanas/dev/credici
/mnt/beegfs/rcabanas/dev/credici/papers/causal_flavour/models
/mnt/beegfs/rcabanas/dev/credici
/mnt/beegfs/rcabanas/dev/credici/papers/causal_flavour/models
/mnt/beegfs/rcabanas/dev/credici/papers/causal_flavour
/mnt/beegfs/rcabanas/dev/credici/papers/causal_flavour
/mnt/beegfs/rcabanas/dev/credici/target/credici-0.1.5-dev-SNAPSHOT-jar-with-dependencies.jar
/mnt/beegfs/rcabanas/dev/credici/papers/causal_flavour
/mnt/beegfs/rcabanas/dev/credici/target/credici-0.1.5-dev-SNAPSHOT-jar-with-dependencies.jar
/mnt/beegfs/rcabanas/dev/credici/papers/causal_flavour/learntmodels
seed=51
/mnt/beegfs/rcabanas/dev/credici/papers/causal_flavour/learntmodels
/mnt/beegfs/rcabanas/dev/credici/papers/causal_flavour/code/LearnCF.java
/mnt/beegfs/rcabanas/dev/credici/papers/causal_flavour/learntmodels
/mnt/beegfs/rcabanas/dev/credici/papers/causal_flavour/code/LearnCF.java
/mnt/beegfs/rcabanas/dev/credici/papers/causal_flavour/models
/mnt/beegfs/rcabanas/dev/credici/target/credici-0.1.5-dev-SNAPSHOT-jar-with-dependencies.jar
/mnt/beegfs/rcabanas/dev/credici
/mnt/beegfs/rcabanas/dev/credici/papers/causal_flavour/models
/mnt/beegfs/rcabanas/dev/credici/papers/causal_flavour/models
seed=74
/mnt/beegfs/rcabanas/dev/credici/papers/causal_flavour/code/LearnCF.java
/mnt/beegfs/rcabanas/dev/credici/papers/causal_flavour
/mnt/beegfs/rcabanas/dev/credici/papers/causal_flavour/learntmodels
/mnt/beegfs/rcabanas/dev/credici/target/credici-0.1.5-dev-SNAPSHOT-jar-with-dependencies.jar
/mnt/beegfs/rcabanas/dev/credici/target/credici-0.1.5-dev-SNAPSHOT-jar-with-dependencies.jar
/mnt/beegfs/rcabanas/dev/credici
/mnt/beegfs/rcabanas/dev/credici/papers/causal_flavour/models
/mnt/beegfs/rcabanas/dev/credici/papers/causal_flavour/code/LearnCF.java
/mnt/beegfs/rcabanas/dev/credici/papers/causal_flavour/code/LearnCF.java
/mnt/beegfs/rcabanas/dev/credici/papers/causal_flavour
/mnt/beegfs/rcabanas/dev/credici/target/credici-0.1.5-dev-SNAPSHOT-jar-with-dependencies.jar
/mnt/beegfs/rcabanas/dev/credici/papers/causal_flavour/learntmodels
/mnt/beegfs/rcabanas/dev/credici/papers/causal_flavour/code/LearnCF.java
/mnt/beegfs/rcabanas/dev/credici/papers/causal_flavour/models
/mnt/beegfs/rcabanas/dev/credici/target/credici-0.1.5-dev-SNAPSHOT-jar-with-dependencies.jar
/mnt/beegfs/rcabanas/dev/credici/papers/causal_flavour/code/LearnCF.java
['learn.py', '1000', '83']
seed=83
/mnt/beegfs/rcabanas/dev/credici
/mnt/beegfs/rcabanas/dev/credici/papers/causal_flavour
/mnt/beegfs/rcabanas/dev/credici/papers/causal_flavour/learntmodels
/mnt/beegfs/rcabanas/dev/credici/papers/causal_flavour/models
/mnt/beegfs/rcabanas/dev/credici/target/credici-0.1.5-dev-SNAPSHOT-jar-with-dependencies.jar
/mnt/beegfs/rcabanas/dev/credici/papers/causal_flavour/code/LearnCF.java
['learn.py', '1000', '75']
seed=75
/mnt/beegfs/rcabanas/dev/credici
/mnt/beegfs/rcabanas/dev/credici/papers/causal_flavour
/mnt/beegfs/rcabanas/dev/credici/papers/causal_flavour/learntmodels
/mnt/beegfs/rcabanas/dev/credici/papers/causal_flavour/models
/mnt/beegfs/rcabanas/dev/credici/target/credici-0.1.5-dev-SNAPSHOT-jar-with-dependencies.jar
['learn.py', '1000', '53']
/mnt/beegfs/rcabanas/dev/credici/papers/causal_flavour/code/LearnCF.java
['learn.py', '1000', '77']
['learn.py', '1000', '94']
seed=53
/mnt/beegfs/rcabanas/dev/credici
/mnt/beegfs/rcabanas/dev/credici/papers/causal_flavour
/mnt/beegfs/rcabanas/dev/credici/papers/causal_flavour/learntmodels
/mnt/beegfs/rcabanas/dev/credici/papers/causal_flavour/models
/mnt/beegfs/rcabanas/dev/credici/target/credici-0.1.5-dev-SNAPSHOT-jar-with-dependencies.jar
/mnt/beegfs/rcabanas/dev/credici/papers/causal_flavour/code/LearnCF.java
seed=77
/mnt/beegfs/rcabanas/dev/credici
/mnt/beegfs/rcabanas/dev/credici/papers/causal_flavour
/mnt/beegfs/rcabanas/dev/credici/papers/causal_flavour/learntmodels
/mnt/beegfs/rcabanas/dev/credici/papers/causal_flavour/models
/mnt/beegfs/rcabanas/dev/credici/target/credici-0.1.5-dev-SNAPSHOT-jar-with-dependencies.jar
/mnt/beegfs/rcabanas/dev/credici/papers/causal_flavour/code/LearnCF.java
seed=94
/mnt/beegfs/rcabanas/dev/credici
/mnt/beegfs/rcabanas/dev/credici/papers/causal_flavour
/mnt/beegfs/rcabanas/dev/credici/papers/causal_flavour/learntmodels
/mnt/beegfs/rcabanas/dev/credici/papers/causal_flavour/models
['learn.py', '1000', '59']
/mnt/beegfs/rcabanas/dev/credici/target/credici-0.1.5-dev-SNAPSHOT-jar-with-dependencies.jar
/mnt/beegfs/rcabanas/dev/credici/papers/causal_flavour/code/LearnCF.java
['learn.py', '1000', '55']
['learn.py', '1000', '76']
['learn.py', '1000', '85']
seed=59
/mnt/beegfs/rcabanas/dev/credici
/mnt/beegfs/rcabanas/dev/credici/papers/causal_flavour
/mnt/beegfs/rcabanas/dev/credici/papers/causal_flavour/learntmodels
/mnt/beegfs/rcabanas/dev/credici/papers/causal_flavour/models
/mnt/beegfs/rcabanas/dev/credici/target/credici-0.1.5-dev-SNAPSHOT-jar-with-dependencies.jar
/mnt/beegfs/rcabanas/dev/credici/papers/causal_flavour/code/LearnCF.java
seed=55
/mnt/beegfs/rcabanas/dev/credici
/mnt/beegfs/rcabanas/dev/credici/papers/causal_flavour
/mnt/beegfs/rcabanas/dev/credici/papers/causal_flavour/learntmodels
/mnt/beegfs/rcabanas/dev/credici/papers/causal_flavour/models
/mnt/beegfs/rcabanas/dev/credici/target/credici-0.1.5-dev-SNAPSHOT-jar-with-dependencies.jar
/mnt/beegfs/rcabanas/dev/credici/papers/causal_flavour/code/LearnCF.java
seed=76
/mnt/beegfs/rcabanas/dev/credici
/mnt/beegfs/rcabanas/dev/credici/papers/causal_flavour
/mnt/beegfs/rcabanas/dev/credici/papers/causal_flavour/learntmodels
/mnt/beegfs/rcabanas/dev/credici/papers/causal_flavour/models
/mnt/beegfs/rcabanas/dev/credici/target/credici-0.1.5-dev-SNAPSHOT-jar-with-dependencies.jar
/mnt/beegfs/rcabanas/dev/credici/papers/causal_flavour/code/LearnCF.java
seed=85
/mnt/beegfs/rcabanas/dev/credici
/mnt/beegfs/rcabanas/dev/credici/papers/causal_flavour
/mnt/beegfs/rcabanas/dev/credici/papers/causal_flavour/learntmodels
/mnt/beegfs/rcabanas/dev/credici/papers/causal_flavour/models
/mnt/beegfs/rcabanas/dev/credici/target/credici-0.1.5-dev-SNAPSHOT-jar-with-dependencies.jar
/mnt/beegfs/rcabanas/dev/credici/papers/causal_flavour/code/LearnCF.java
['learn.py', '1000', '61']
seed=61
/mnt/beegfs/rcabanas/dev/credici
/mnt/beegfs/rcabanas/dev/credici/papers/causal_flavour
/mnt/beegfs/rcabanas/dev/credici/papers/causal_flavour/learntmodels
/mnt/beegfs/rcabanas/dev/credici/papers/causal_flavour/models
/mnt/beegfs/rcabanas/dev/credici/target/credici-0.1.5-dev-SNAPSHOT-jar-with-dependencies.jar
/mnt/beegfs/rcabanas/dev/credici/papers/causal_flavour/code/LearnCF.java
[2024-04-15T09:30:23.259165][INFO][seed86] Set up logging
[2024-04-15T09:30:23.295547][INFO][seed86] args: -m;1000;-o;/mnt/beegfs/rcabanas/dev/credici/papers/causal_flavour/learntmodels/miter1000;--data;/mnt/beegfs/rcabanas/dev/credici/papers/causal_flavour/data/simple_learner_10Q_data.csv;-s;86;/mnt/beegfs/rcabanas/dev/credici/papers/causal_flavour/models/simple_learner_10Q.uai
[2024-04-15T09:30:23.301808][INFO][seed86] Starting logger with seed 86
[2024-04-15T09:30:23.306481][SEVERE][seed86] Not rewriting. File exits: /mnt/beegfs/rcabanas/dev/credici/papers/causal_flavour/learntmodels/miter1000/simple_learner_10Q/model_86.uai
[2024-04-15T09:30:23.307046][SEVERE][seed86] java.lang.IllegalStateException: Not rewriting. File exits: /mnt/beegfs/rcabanas/dev/credici/papers/causal_flavour/learntmodels/miter1000/simple_learner_10Q/model_86.uai
[2024-04-15T09:30:23.309524][INFO][seed86] Closing log file
[2024-04-15T09:30:23.309733][INFO][seed86] Closed log file
[2024-04-15T09:30:23.325988][INFO][seed71] Set up logging
[2024-04-15T09:30:23.340412][INFO][seed71] args: -m;1000;-o;/mnt/beegfs/rcabanas/dev/credici/papers/causal_flavour/learntmodels/miter1000;--data;/mnt/beegfs/rcabanas/dev/credici/papers/causal_flavour/data/simple_learner_10Q_data.csv;-s;71;/mnt/beegfs/rcabanas/dev/credici/papers/causal_flavour/models/simple_learner_10Q.uai
[2024-04-15T09:30:23.350099][INFO][seed71] Starting logger with seed 71
[2024-04-15T09:30:23.355119][SEVERE][seed71] Not rewriting. File exits: /mnt/beegfs/rcabanas/dev/credici/papers/causal_flavour/learntmodels/miter1000/simple_learner_10Q/model_71.uai
[2024-04-15T09:30:23.355445][SEVERE][seed71] java.lang.IllegalStateException: Not rewriting. File exits: /mnt/beegfs/rcabanas/dev/credici/papers/causal_flavour/learntmodels/miter1000/simple_learner_10Q/model_71.uai
[2024-04-15T09:30:23.355553][INFO][seed71] Closing log file
[2024-04-15T09:30:23.355665][INFO][seed71] Closed log file
[2024-04-15T09:30:23.501232][INFO][seed92] Set up logging
[2024-04-15T09:30:23.533139][INFO][seed92] args: -m;1000;-o;/mnt/beegfs/rcabanas/dev/credici/papers/causal_flavour/learntmodels/miter1000;--data;/mnt/beegfs/rcabanas/dev/credici/papers/causal_flavour/data/simple_learner_10Q_data.csv;-s;92;/mnt/beegfs/rcabanas/dev/credici/papers/causal_flavour/models/simple_learner_10Q.uai
[2024-04-15T09:30:23.534596][INFO][seed92] Starting logger with seed 92
[2024-04-15T09:30:23.536361][SEVERE][seed92] Not rewriting. File exits: /mnt/beegfs/rcabanas/dev/credici/papers/causal_flavour/learntmodels/miter1000/simple_learner_10Q/model_92.uai
[2024-04-15T09:30:23.536450][SEVERE][seed92] java.lang.IllegalStateException: Not rewriting. File exits: /mnt/beegfs/rcabanas/dev/credici/papers/causal_flavour/learntmodels/miter1000/simple_learner_10Q/model_92.uai
[2024-04-15T09:30:23.536491][INFO][seed92] Closing log file
[2024-04-15T09:30:23.536523][INFO][seed92] Closed log file
[2024-04-15T09:30:23.711712][INFO][seed82] Set up logging
[2024-04-15T09:30:23.726974][INFO][seed82] args: -m;1000;-o;/mnt/beegfs/rcabanas/dev/credici/papers/causal_flavour/learntmodels/miter1000;--data;/mnt/beegfs/rcabanas/dev/credici/papers/causal_flavour/data/simple_learner_10Q_data.csv;-s;82;/mnt/beegfs/rcabanas/dev/credici/papers/causal_flavour/models/simple_learner_10Q.uai
[2024-04-15T09:30:23.730627][INFO][seed82] Starting logger with seed 82
[2024-04-15T09:30:23.747512][SEVERE][seed82] Not rewriting. File exits: /mnt/beegfs/rcabanas/dev/credici/papers/causal_flavour/learntmodels/miter1000/simple_learner_10Q/model_82.uai
[2024-04-15T09:30:23.747886][SEVERE][seed82] java.lang.IllegalStateException: Not rewriting. File exits: /mnt/beegfs/rcabanas/dev/credici/papers/causal_flavour/learntmodels/miter1000/simple_learner_10Q/model_82.uai
[2024-04-15T09:30:23.747989][INFO][seed82] Closing log file
[2024-04-15T09:30:23.748090][INFO][seed82] Closed log file
[2024-04-15T09:30:23.734752][INFO][seed70] Set up logging
[2024-04-15T09:30:23.766429][INFO][seed70] args: -m;1000;-o;/mnt/beegfs/rcabanas/dev/credici/papers/causal_flavour/learntmodels/miter1000;--data;/mnt/beegfs/rcabanas/dev/credici/papers/causal_flavour/data/simple_learner_10Q_data.csv;-s;70;/mnt/beegfs/rcabanas/dev/credici/papers/causal_flavour/models/simple_learner_10Q.uai
[2024-04-15T09:30:23.767910][INFO][seed70] Starting logger with seed 70
[2024-04-15T09:30:23.769760][SEVERE][seed70] Not rewriting. File exits: /mnt/beegfs/rcabanas/dev/credici/papers/causal_flavour/learntmodels/miter1000/simple_learner_10Q/model_70.uai
[2024-04-15T09:30:23.769846][SEVERE][seed70] java.lang.IllegalStateException: Not rewriting. File exits: /mnt/beegfs/rcabanas/dev/credici/papers/causal_flavour/learntmodels/miter1000/simple_learner_10Q/model_70.uai
[2024-04-15T09:30:23.769886][INFO][seed70] Closing log file
[2024-04-15T09:30:23.769930][INFO][seed70] Closed log file
[2024-04-15T09:30:23.757120][INFO][seed90] Set up logging
[2024-04-15T09:30:23.790841][INFO][seed90] args: -m;1000;-o;/mnt/beegfs/rcabanas/dev/credici/papers/causal_flavour/learntmodels/miter1000;--data;/mnt/beegfs/rcabanas/dev/credici/papers/causal_flavour/data/simple_learner_10Q_data.csv;-s;90;/mnt/beegfs/rcabanas/dev/credici/papers/causal_flavour/models/simple_learner_10Q.uai
[2024-04-15T09:30:23.792227][INFO][seed90] Starting logger with seed 90
[2024-04-15T09:30:23.793928][SEVERE][seed90] Not rewriting. File exits: /mnt/beegfs/rcabanas/dev/credici/papers/causal_flavour/learntmodels/miter1000/simple_learner_10Q/model_90.uai
[2024-04-15T09:30:23.794011][SEVERE][seed90] java.lang.IllegalStateException: Not rewriting. File exits: /mnt/beegfs/rcabanas/dev/credici/papers/causal_flavour/learntmodels/miter1000/simple_learner_10Q/model_90.uai
[2024-04-15T09:30:23.794050][INFO][seed90] Closing log file
[2024-04-15T09:30:23.794083][INFO][seed90] Closed log file
[2024-04-15T09:30:23.792971][INFO][seed99] Set up logging
[2024-04-15T09:30:23.812300][INFO][seed99] args: -m;1000;-o;/mnt/beegfs/rcabanas/dev/credici/papers/causal_flavour/learntmodels/miter1000;--data;/mnt/beegfs/rcabanas/dev/credici/papers/causal_flavour/data/simple_learner_10Q_data.csv;-s;99;/mnt/beegfs/rcabanas/dev/credici/papers/causal_flavour/models/simple_learner_10Q.uai
[2024-04-15T09:30:23.814113][INFO][seed99] Starting logger with seed 99
[2024-04-15T09:30:23.819617][SEVERE][seed99] Not rewriting. File exits: /mnt/beegfs/rcabanas/dev/credici/papers/causal_flavour/learntmodels/miter1000/simple_learner_10Q/model_99.uai
[2024-04-15T09:30:23.820224][SEVERE][seed99] java.lang.IllegalStateException: Not rewriting. File exits: /mnt/beegfs/rcabanas/dev/credici/papers/causal_flavour/learntmodels/miter1000/simple_learner_10Q/model_99.uai
[2024-04-15T09:30:23.820330][INFO][seed99] Closing log file
[2024-04-15T09:30:23.820427][INFO][seed99] Closed log file
[2024-04-15T09:30:23.798393][INFO][seed98] Set up logging
[2024-04-15T09:30:23.800697][INFO][seed50] Set up logging
[2024-04-15T09:30:23.830965][INFO][seed98] args: -m;1000;-o;/mnt/beegfs/rcabanas/dev/credici/papers/causal_flavour/learntmodels/miter1000;--data;/mnt/beegfs/rcabanas/dev/credici/papers/causal_flavour/data/simple_learner_10Q_data.csv;-s;98;/mnt/beegfs/rcabanas/dev/credici/papers/causal_flavour/models/simple_learner_10Q.uai
[2024-04-15T09:30:23.831461][INFO][seed50] args: -m;1000;-o;/mnt/beegfs/rcabanas/dev/credici/papers/causal_flavour/learntmodels/miter1000;--data;/mnt/beegfs/rcabanas/dev/credici/papers/causal_flavour/data/simple_learner_10Q_data.csv;-s;50;/mnt/beegfs/rcabanas/dev/credici/papers/causal_flavour/models/simple_learner_10Q.uai
[2024-04-15T09:30:23.832821][INFO][seed50] Starting logger with seed 50
[2024-04-15T09:30:23.832504][INFO][seed98] Starting logger with seed 98
[2024-04-15T09:30:23.834467][SEVERE][seed98] Not rewriting. File exits: /mnt/beegfs/rcabanas/dev/credici/papers/causal_flavour/learntmodels/miter1000/simple_learner_10Q/model_98.uai
[2024-04-15T09:30:23.834581][SEVERE][seed98] java.lang.IllegalStateException: Not rewriting. File exits: /mnt/beegfs/rcabanas/dev/credici/papers/causal_flavour/learntmodels/miter1000/simple_learner_10Q/model_98.uai
[2024-04-15T09:30:23.835695][SEVERE][seed50] Not rewriting. File exits: /mnt/beegfs/rcabanas/dev/credici/papers/causal_flavour/learntmodels/miter1000/simple_learner_10Q/model_50.uai
[2024-04-15T09:30:23.835848][SEVERE][seed50] java.lang.IllegalStateException: Not rewriting. File exits: /mnt/beegfs/rcabanas/dev/credici/papers/causal_flavour/learntmodels/miter1000/simple_learner_10Q/model_50.uai
[2024-04-15T09:30:23.834621][INFO][seed98] Closing log file
[2024-04-15T09:30:23.835951][INFO][seed50] Closing log file
[2024-04-15T09:30:23.835616][INFO][seed98] Closed log file
[2024-04-15T09:30:23.836057][INFO][seed50] Closed log file
[2024-04-15T09:30:23.820444][INFO][seed66] Set up logging
[2024-04-15T09:30:23.845407][INFO][seed66] args: -m;1000;-o;/mnt/beegfs/rcabanas/dev/credici/papers/causal_flavour/learntmodels/miter1000;--data;/mnt/beegfs/rcabanas/dev/credici/papers/causal_flavour/data/simple_learner_10Q_data.csv;-s;66;/mnt/beegfs/rcabanas/dev/credici/papers/causal_flavour/models/simple_learner_10Q.uai
[2024-04-15T09:30:23.847643][INFO][seed66] Starting logger with seed 66
[2024-04-15T09:30:23.817171][INFO][seed72] Set up logging
[2024-04-15T09:30:23.832310][INFO][seed79] Set up logging
[2024-04-15T09:30:23.850568][INFO][seed72] args: -m;1000;-o;/mnt/beegfs/rcabanas/dev/credici/papers/causal_flavour/learntmodels/miter1000;--data;/mnt/beegfs/rcabanas/dev/credici/papers/causal_flavour/data/simple_learner_10Q_data.csv;-s;72;/mnt/beegfs/rcabanas/dev/credici/papers/causal_flavour/models/simple_learner_10Q.uai
[2024-04-15T09:30:23.852346][INFO][seed79] args: -m;1000;-o;/mnt/beegfs/rcabanas/dev/credici/papers/causal_flavour/learntmodels/miter1000;--data;/mnt/beegfs/rcabanas/dev/credici/papers/causal_flavour/data/simple_learner_10Q_data.csv;-s;79;/mnt/beegfs/rcabanas/dev/credici/papers/causal_flavour/models/simple_learner_10Q.uai
[2024-04-15T09:30:23.854598][SEVERE][seed66] Not rewriting. File exits: /mnt/beegfs/rcabanas/dev/credici/papers/causal_flavour/learntmodels/miter1000/simple_learner_10Q/model_66.uai
[2024-04-15T09:30:23.854909][SEVERE][seed66] java.lang.IllegalStateException: Not rewriting. File exits: /mnt/beegfs/rcabanas/dev/credici/papers/causal_flavour/learntmodels/miter1000/simple_learner_10Q/model_66.uai
[2024-04-15T09:30:23.855015][INFO][seed66] Closing log file
[2024-04-15T09:30:23.852232][INFO][seed72] Starting logger with seed 72
[2024-04-15T09:30:23.854120][SEVERE][seed72] Not rewriting. File exits: /mnt/beegfs/rcabanas/dev/credici/papers/causal_flavour/learntmodels/miter1000/simple_learner_10Q/model_72.uai
[2024-04-15T09:30:23.854222][SEVERE][seed72] java.lang.IllegalStateException: Not rewriting. File exits: /mnt/beegfs/rcabanas/dev/credici/papers/causal_flavour/learntmodels/miter1000/simple_learner_10Q/model_72.uai
[2024-04-15T09:30:23.854264][INFO][seed72] Closing log file
[2024-04-15T09:30:23.854296][INFO][seed72] Closed log file
[2024-04-15T09:30:23.855115][INFO][seed66] Closed log file
[2024-04-15T09:30:23.841210][INFO][seed73] Set up logging
[2024-04-15T09:30:23.865185][INFO][seed79] Starting logger with seed 79
[2024-04-15T09:30:23.867246][SEVERE][seed79] Not rewriting. File exits: /mnt/beegfs/rcabanas/dev/credici/papers/causal_flavour/learntmodels/miter1000/simple_learner_10Q/model_79.uai
[2024-04-15T09:30:23.867363][SEVERE][seed79] java.lang.IllegalStateException: Not rewriting. File exits: /mnt/beegfs/rcabanas/dev/credici/papers/causal_flavour/learntmodels/miter1000/simple_learner_10Q/model_79.uai
[2024-04-15T09:30:23.867412][INFO][seed79] Closing log file
[2024-04-15T09:30:23.867451][INFO][seed79] Closed log file
[2024-04-15T09:30:23.869832][INFO][seed73] args: -m;1000;-o;/mnt/beegfs/rcabanas/dev/credici/papers/causal_flavour/learntmodels/miter1000;--data;/mnt/beegfs/rcabanas/dev/credici/papers/causal_flavour/data/simple_learner_10Q_data.csv;-s;73;/mnt/beegfs/rcabanas/dev/credici/papers/causal_flavour/models/simple_learner_10Q.uai
[2024-04-15T09:30:23.871407][INFO][seed73] Starting logger with seed 73
[2024-04-15T09:30:23.874257][SEVERE][seed73] Not rewriting. File exits: /mnt/beegfs/rcabanas/dev/credici/papers/causal_flavour/learntmodels/miter1000/simple_learner_10Q/model_73.uai
[2024-04-15T09:30:23.874952][SEVERE][seed73] java.lang.IllegalStateException: Not rewriting. File exits: /mnt/beegfs/rcabanas/dev/credici/papers/causal_flavour/learntmodels/miter1000/simple_learner_10Q/model_73.uai
[2024-04-15T09:30:23.875066][INFO][seed73] Closing log file
[2024-04-15T09:30:23.875163][INFO][seed73] Closed log file
[2024-04-15T09:30:23.980139][INFO][seed89] Set up logging
[2024-04-15T09:30:24.003734][INFO][seed89] args: -m;1000;-o;/mnt/beegfs/rcabanas/dev/credici/papers/causal_flavour/learntmodels/miter1000;--data;/mnt/beegfs/rcabanas/dev/credici/papers/causal_flavour/data/simple_learner_10Q_data.csv;-s;89;/mnt/beegfs/rcabanas/dev/credici/papers/causal_flavour/models/simple_learner_10Q.uai
[2024-04-15T09:30:24.018859][INFO][seed89] Starting logger with seed 89
[2024-04-15T09:30:24.021858][SEVERE][seed89] Not rewriting. File exits: /mnt/beegfs/rcabanas/dev/credici/papers/causal_flavour/learntmodels/miter1000/simple_learner_10Q/model_89.uai
[2024-04-15T09:30:24.021989][SEVERE][seed89] java.lang.IllegalStateException: Not rewriting. File exits: /mnt/beegfs/rcabanas/dev/credici/papers/causal_flavour/learntmodels/miter1000/simple_learner_10Q/model_89.uai
[2024-04-15T09:30:24.022031][INFO][seed89] Closing log file
[2024-04-15T09:30:24.022064][INFO][seed89] Closed log file
[2024-04-15T09:30:24.010106][INFO][seed68] Set up logging
[2024-04-15T09:30:24.029120][INFO][seed68] args: -m;1000;-o;/mnt/beegfs/rcabanas/dev/credici/papers/causal_flavour/learntmodels/miter1000;--data;/mnt/beegfs/rcabanas/dev/credici/papers/causal_flavour/data/simple_learner_10Q_data.csv;-s;68;/mnt/beegfs/rcabanas/dev/credici/papers/causal_flavour/models/simple_learner_10Q.uai
[2024-04-15T09:30:24.040129][INFO][seed68] Starting logger with seed 68
[2024-04-15T09:30:24.041975][SEVERE][seed68] Not rewriting. File exits: /mnt/beegfs/rcabanas/dev/credici/papers/causal_flavour/learntmodels/miter1000/simple_learner_10Q/model_68.uai
[2024-04-15T09:30:24.042056][SEVERE][seed68] java.lang.IllegalStateException: Not rewriting. File exits: /mnt/beegfs/rcabanas/dev/credici/papers/causal_flavour/learntmodels/miter1000/simple_learner_10Q/model_68.uai
[2024-04-15T09:30:24.042096][INFO][seed68] Closing log file
[2024-04-15T09:30:24.042127][INFO][seed68] Closed log file
[2024-04-15T09:30:24.035591][INFO][seed96] Set up logging
[2024-04-15T09:30:24.070199][INFO][seed96] args: -m;1000;-o;/mnt/beegfs/rcabanas/dev/credici/papers/causal_flavour/learntmodels/miter1000;--data;/mnt/beegfs/rcabanas/dev/credici/papers/causal_flavour/data/simple_learner_10Q_data.csv;-s;96;/mnt/beegfs/rcabanas/dev/credici/papers/causal_flavour/models/simple_learner_10Q.uai
[2024-04-15T09:30:24.071919][INFO][seed96] Starting logger with seed 96
[2024-04-15T09:30:24.075444][SEVERE][seed96] Not rewriting. File exits: /mnt/beegfs/rcabanas/dev/credici/papers/causal_flavour/learntmodels/miter1000/simple_learner_10Q/model_96.uai
[2024-04-15T09:30:24.075750][SEVERE][seed96] java.lang.IllegalStateException: Not rewriting. File exits: /mnt/beegfs/rcabanas/dev/credici/papers/causal_flavour/learntmodels/miter1000/simple_learner_10Q/model_96.uai
[2024-04-15T09:30:24.075854][INFO][seed96] Closing log file
[2024-04-15T09:30:24.075951][INFO][seed96] Closed log file
[2024-04-15T09:30:24.060853][INFO][seed57] Set up logging
[2024-04-15T09:30:24.078727][INFO][seed57] args: -m;1000;-o;/mnt/beegfs/rcabanas/dev/credici/papers/causal_flavour/learntmodels/miter1000;--data;/mnt/beegfs/rcabanas/dev/credici/papers/causal_flavour/data/simple_learner_10Q_data.csv;-s;57;/mnt/beegfs/rcabanas/dev/credici/papers/causal_flavour/models/simple_learner_10Q.uai
[2024-04-15T09:30:24.081748][INFO][seed57] Starting logger with seed 57
[2024-04-15T09:30:24.083857][SEVERE][seed57] Not rewriting. File exits: /mnt/beegfs/rcabanas/dev/credici/papers/causal_flavour/learntmodels/miter1000/simple_learner_10Q/model_57.uai
[2024-04-15T09:30:24.085149][SEVERE][seed57] java.lang.IllegalStateException: Not rewriting. File exits: /mnt/beegfs/rcabanas/dev/credici/papers/causal_flavour/learntmodels/miter1000/simple_learner_10Q/model_57.uai
[2024-04-15T09:30:24.085252][INFO][seed57] Closing log file
[2024-04-15T09:30:24.085348][INFO][seed57] Closed log file
[2024-04-15T09:30:24.086525][INFO][seed95] Set up logging
[2024-04-15T09:30:24.098296][INFO][seed95] args: -m;1000;-o;/mnt/beegfs/rcabanas/dev/credici/papers/causal_flavour/learntmodels/miter1000;--data;/mnt/beegfs/rcabanas/dev/credici/papers/causal_flavour/data/simple_learner_10Q_data.csv;-s;95;/mnt/beegfs/rcabanas/dev/credici/papers/causal_flavour/models/simple_learner_10Q.uai
[2024-04-15T09:30:24.081344][INFO][seed81] Set up logging
[2024-04-15T09:30:24.107361][INFO][seed95] Starting logger with seed 95
[2024-04-15T09:30:24.107974][INFO][seed81] args: -m;1000;-o;/mnt/beegfs/rcabanas/dev/credici/papers/causal_flavour/learntmodels/miter1000;--data;/mnt/beegfs/rcabanas/dev/credici/papers/causal_flavour/data/simple_learner_10Q_data.csv;-s;81;/mnt/beegfs/rcabanas/dev/credici/papers/causal_flavour/models/simple_learner_10Q.uai
[2024-04-15T09:30:24.088396][INFO][seed65] Set up logging
[2024-04-15T09:30:24.109366][INFO][seed81] Starting logger with seed 81
[2024-04-15T09:30:24.111517][INFO][seed65] args: -m;1000;-o;/mnt/beegfs/rcabanas/dev/credici/papers/causal_flavour/learntmodels/miter1000;--data;/mnt/beegfs/rcabanas/dev/credici/papers/causal_flavour/data/simple_learner_10Q_data.csv;-s;65;/mnt/beegfs/rcabanas/dev/credici/papers/causal_flavour/models/simple_learner_10Q.uai
[2024-04-15T09:30:24.111164][SEVERE][seed81] Not rewriting. File exits: /mnt/beegfs/rcabanas/dev/credici/papers/causal_flavour/learntmodels/miter1000/simple_learner_10Q/model_81.uai
[2024-04-15T09:30:24.111939][SEVERE][seed81] java.lang.IllegalStateException: Not rewriting. File exits: /mnt/beegfs/rcabanas/dev/credici/papers/causal_flavour/learntmodels/miter1000/simple_learner_10Q/model_81.uai
[2024-04-15T09:30:24.112222][SEVERE][seed95] Not rewriting. File exits: /mnt/beegfs/rcabanas/dev/credici/papers/causal_flavour/learntmodels/miter1000/simple_learner_10Q/model_95.uai
[2024-04-15T09:30:24.112043][INFO][seed81] Closing log file
[2024-04-15T09:30:24.112537][SEVERE][seed95] java.lang.IllegalStateException: Not rewriting. File exits: /mnt/beegfs/rcabanas/dev/credici/papers/causal_flavour/learntmodels/miter1000/simple_learner_10Q/model_95.uai
[2024-04-15T09:30:24.112642][INFO][seed95] Closing log file
[2024-04-15T09:30:24.112754][INFO][seed95] Closed log file
[2024-04-15T09:30:24.112145][INFO][seed81] Closed log file
[2024-04-15T09:30:24.120141][INFO][seed65] Starting logger with seed 65
[2024-04-15T09:30:24.099758][INFO][seed80] Set up logging
[2024-04-15T09:30:24.099051][INFO][seed52] Set up logging
[2024-04-15T09:30:24.121431][INFO][seed80] args: -m;1000;-o;/mnt/beegfs/rcabanas/dev/credici/papers/causal_flavour/learntmodels/miter1000;--data;/mnt/beegfs/rcabanas/dev/credici/papers/causal_flavour/data/simple_learner_10Q_data.csv;-s;80;/mnt/beegfs/rcabanas/dev/credici/papers/causal_flavour/models/simple_learner_10Q.uai
[2024-04-15T09:30:24.122585][INFO][seed52] args: -m;1000;-o;/mnt/beegfs/rcabanas/dev/credici/papers/causal_flavour/learntmodels/miter1000;--data;/mnt/beegfs/rcabanas/dev/credici/papers/causal_flavour/data/simple_learner_10Q_data.csv;-s;52;/mnt/beegfs/rcabanas/dev/credici/papers/causal_flavour/models/simple_learner_10Q.uai
[2024-04-15T09:30:24.122584][SEVERE][seed65] Not rewriting. File exits: /mnt/beegfs/rcabanas/dev/credici/papers/causal_flavour/learntmodels/miter1000/simple_learner_10Q/model_65.uai
[2024-04-15T09:30:24.122788][SEVERE][seed65] java.lang.IllegalStateException: Not rewriting. File exits: /mnt/beegfs/rcabanas/dev/credici/papers/causal_flavour/learntmodels/miter1000/simple_learner_10Q/model_65.uai
[2024-04-15T09:30:24.122895][INFO][seed65] Closing log file
[2024-04-15T09:30:24.122995][INFO][seed65] Closed log file
[2024-04-15T09:30:24.123836][INFO][seed80] Starting logger with seed 80
[2024-04-15T09:30:24.128272][SEVERE][seed80] Not rewriting. File exits: /mnt/beegfs/rcabanas/dev/credici/papers/causal_flavour/learntmodels/miter1000/simple_learner_10Q/model_80.uai
[2024-04-15T09:30:24.128582][SEVERE][seed80] java.lang.IllegalStateException: Not rewriting. File exits: /mnt/beegfs/rcabanas/dev/credici/papers/causal_flavour/learntmodels/miter1000/simple_learner_10Q/model_80.uai
[2024-04-15T09:30:24.128697][INFO][seed80] Closing log file
[2024-04-15T09:30:24.128795][INFO][seed80] Closed log file
[2024-04-15T09:30:24.128885][INFO][seed52] Starting logger with seed 52
[2024-04-15T09:30:24.132057][SEVERE][seed52] Not rewriting. File exits: /mnt/beegfs/rcabanas/dev/credici/papers/causal_flavour/learntmodels/miter1000/simple_learner_10Q/model_52.uai
[2024-04-15T09:30:24.132273][SEVERE][seed52] java.lang.IllegalStateException: Not rewriting. File exits: /mnt/beegfs/rcabanas/dev/credici/papers/causal_flavour/learntmodels/miter1000/simple_learner_10Q/model_52.uai
[2024-04-15T09:30:24.132376][INFO][seed52] Closing log file
[2024-04-15T09:30:24.132474][INFO][seed52] Closed log file
[2024-04-15T09:30:24.141090][INFO][seed97] Set up logging
[2024-04-15T09:30:24.175562][INFO][seed97] args: -m;1000;-o;/mnt/beegfs/rcabanas/dev/credici/papers/causal_flavour/learntmodels/miter1000;--data;/mnt/beegfs/rcabanas/dev/credici/papers/causal_flavour/data/simple_learner_10Q_data.csv;-s;97;/mnt/beegfs/rcabanas/dev/credici/papers/causal_flavour/models/simple_learner_10Q.uai
[2024-04-15T09:30:24.177279][INFO][seed97] Starting logger with seed 97
[2024-04-15T09:30:24.179255][SEVERE][seed97] Not rewriting. File exits: /mnt/beegfs/rcabanas/dev/credici/papers/causal_flavour/learntmodels/miter1000/simple_learner_10Q/model_97.uai
[2024-04-15T09:30:24.179341][SEVERE][seed97] java.lang.IllegalStateException: Not rewriting. File exits: /mnt/beegfs/rcabanas/dev/credici/papers/causal_flavour/learntmodels/miter1000/simple_learner_10Q/model_97.uai
[2024-04-15T09:30:24.179382][INFO][seed97] Closing log file
[2024-04-15T09:30:24.179417][INFO][seed97] Closed log file
[2024-04-15T09:30:24.170666][INFO][seed64] Set up logging
[2024-04-15T09:30:24.185458][INFO][seed64] args: -m;1000;-o;/mnt/beegfs/rcabanas/dev/credici/papers/causal_flavour/learntmodels/miter1000;--data;/mnt/beegfs/rcabanas/dev/credici/papers/causal_flavour/data/simple_learner_10Q_data.csv;-s;64;/mnt/beegfs/rcabanas/dev/credici/papers/causal_flavour/models/simple_learner_10Q.uai
[2024-04-15T09:30:24.192689][INFO][seed64] Starting logger with seed 64
[2024-04-15T09:30:24.197243][SEVERE][seed64] Not rewriting. File exits: /mnt/beegfs/rcabanas/dev/credici/papers/causal_flavour/learntmodels/miter1000/simple_learner_10Q/model_64.uai
[2024-04-15T09:30:24.197506][SEVERE][seed64] java.lang.IllegalStateException: Not rewriting. File exits: /mnt/beegfs/rcabanas/dev/credici/papers/causal_flavour/learntmodels/miter1000/simple_learner_10Q/model_64.uai
[2024-04-15T09:30:24.197613][INFO][seed64] Closing log file
[2024-04-15T09:30:24.197729][INFO][seed64] Closed log file
[2024-04-15T09:30:24.174227][INFO][seed63] Set up logging
[2024-04-15T09:30:24.201228][INFO][seed63] args: -m;1000;-o;/mnt/beegfs/rcabanas/dev/credici/papers/causal_flavour/learntmodels/miter1000;--data;/mnt/beegfs/rcabanas/dev/credici/papers/causal_flavour/data/simple_learner_10Q_data.csv;-s;63;/mnt/beegfs/rcabanas/dev/credici/papers/causal_flavour/models/simple_learner_10Q.uai
[2024-04-15T09:30:24.208733][INFO][seed63] Starting logger with seed 63
[2024-04-15T09:30:24.211938][SEVERE][seed63] Not rewriting. File exits: /mnt/beegfs/rcabanas/dev/credici/papers/causal_flavour/learntmodels/miter1000/simple_learner_10Q/model_63.uai
[2024-04-15T09:30:24.212127][SEVERE][seed63] java.lang.IllegalStateException: Not rewriting. File exits: /mnt/beegfs/rcabanas/dev/credici/papers/causal_flavour/learntmodels/miter1000/simple_learner_10Q/model_63.uai
[2024-04-15T09:30:24.212229][INFO][seed63] Closing log file
[2024-04-15T09:30:24.212326][INFO][seed63] Closed log file
[2024-04-15T09:30:24.209774][INFO][seed93] Set up logging
[2024-04-15T09:30:24.208076][INFO][seed67] Set up logging
[2024-04-15T09:30:24.229199][INFO][seed67] args: -m;1000;-o;/mnt/beegfs/rcabanas/dev/credici/papers/causal_flavour/learntmodels/miter1000;--data;/mnt/beegfs/rcabanas/dev/credici/papers/causal_flavour/data/simple_learner_10Q_data.csv;-s;67;/mnt/beegfs/rcabanas/dev/credici/papers/causal_flavour/models/simple_learner_10Q.uai
[2024-04-15T09:30:24.229185][INFO][seed93] args: -m;1000;-o;/mnt/beegfs/rcabanas/dev/credici/papers/causal_flavour/learntmodels/miter1000;--data;/mnt/beegfs/rcabanas/dev/credici/papers/causal_flavour/data/simple_learner_10Q_data.csv;-s;93;/mnt/beegfs/rcabanas/dev/credici/papers/causal_flavour/models/simple_learner_10Q.uai
[2024-04-15T09:30:24.241199][INFO][seed67] Starting logger with seed 67
[2024-04-15T09:30:24.244260][SEVERE][seed67] Not rewriting. File exits: /mnt/beegfs/rcabanas/dev/credici/papers/causal_flavour/learntmodels/miter1000/simple_learner_10Q/model_67.uai
[2024-04-15T09:30:24.244395][SEVERE][seed67] java.lang.IllegalStateException: Not rewriting. File exits: /mnt/beegfs/rcabanas/dev/credici/papers/causal_flavour/learntmodels/miter1000/simple_learner_10Q/model_67.uai
[2024-04-15T09:30:24.244494][INFO][seed67] Closing log file
[2024-04-15T09:30:24.244586][INFO][seed67] Closed log file
[2024-04-15T09:30:24.241498][INFO][seed93] Starting logger with seed 93
[2024-04-15T09:30:24.243440][SEVERE][seed93] Not rewriting. File exits: /mnt/beegfs/rcabanas/dev/credici/papers/causal_flavour/learntmodels/miter1000/simple_learner_10Q/model_93.uai
[2024-04-15T09:30:24.243557][SEVERE][seed93] java.lang.IllegalStateException: Not rewriting. File exits: /mnt/beegfs/rcabanas/dev/credici/papers/causal_flavour/learntmodels/miter1000/simple_learner_10Q/model_93.uai
[2024-04-15T09:30:24.243597][INFO][seed93] Closing log file
[2024-04-15T09:30:24.243628][INFO][seed93] Closed log file
[2024-04-15T09:30:24.225435][INFO][seed88] Set up logging
[2024-04-15T09:30:24.250339][INFO][seed88] args: -m;1000;-o;/mnt/beegfs/rcabanas/dev/credici/papers/causal_flavour/learntmodels/miter1000;--data;/mnt/beegfs/rcabanas/dev/credici/papers/causal_flavour/data/simple_learner_10Q_data.csv;-s;88;/mnt/beegfs/rcabanas/dev/credici/papers/causal_flavour/models/simple_learner_10Q.uai
[2024-04-15T09:30:24.228878][INFO][seed78] Set up logging
[2024-04-15T09:30:24.253910][INFO][seed88] Starting logger with seed 88
[2024-04-15T09:30:24.255506][INFO][seed78] args: -m;1000;-o;/mnt/beegfs/rcabanas/dev/credici/papers/causal_flavour/learntmodels/miter1000;--data;/mnt/beegfs/rcabanas/dev/credici/papers/causal_flavour/data/simple_learner_10Q_data.csv;-s;78;/mnt/beegfs/rcabanas/dev/credici/papers/causal_flavour/models/simple_learner_10Q.uai
[2024-04-15T09:30:24.234655][INFO][seed58] Set up logging
[2024-04-15T09:30:24.256330][INFO][seed58] args: -m;1000;-o;/mnt/beegfs/rcabanas/dev/credici/papers/causal_flavour/learntmodels/miter1000;--data;/mnt/beegfs/rcabanas/dev/credici/papers/causal_flavour/data/simple_learner_10Q_data.csv;-s;58;/mnt/beegfs/rcabanas/dev/credici/papers/causal_flavour/models/simple_learner_10Q.uai
[2024-04-15T09:30:24.257155][SEVERE][seed88] Not rewriting. File exits: /mnt/beegfs/rcabanas/dev/credici/papers/causal_flavour/learntmodels/miter1000/simple_learner_10Q/model_88.uai
[2024-04-15T09:30:24.257361][SEVERE][seed88] java.lang.IllegalStateException: Not rewriting. File exits: /mnt/beegfs/rcabanas/dev/credici/papers/causal_flavour/learntmodels/miter1000/simple_learner_10Q/model_88.uai
[2024-04-15T09:30:24.257537][INFO][seed88] Closing log file
[2024-04-15T09:30:24.258468][INFO][seed88] Closed log file
[2024-04-15T09:30:24.261623][INFO][seed58] Starting logger with seed 58
[2024-04-15T09:30:24.261870][INFO][seed78] Starting logger with seed 78
[2024-04-15T09:30:24.264174][SEVERE][seed78] Not rewriting. File exits: /mnt/beegfs/rcabanas/dev/credici/papers/causal_flavour/learntmodels/miter1000/simple_learner_10Q/model_78.uai
[2024-04-15T09:30:24.265189][SEVERE][seed78] java.lang.IllegalStateException: Not rewriting. File exits: /mnt/beegfs/rcabanas/dev/credici/papers/causal_flavour/learntmodels/miter1000/simple_learner_10Q/model_78.uai
[2024-04-15T09:30:24.265296][INFO][seed78] Closing log file
[2024-04-15T09:30:24.265336][SEVERE][seed58] Not rewriting. File exits: /mnt/beegfs/rcabanas/dev/credici/papers/causal_flavour/learntmodels/miter1000/simple_learner_10Q/model_58.uai
[2024-04-15T09:30:24.265392][INFO][seed78] Closed log file
[2024-04-15T09:30:24.265660][SEVERE][seed58] java.lang.IllegalStateException: Not rewriting. File exits: /mnt/beegfs/rcabanas/dev/credici/papers/causal_flavour/learntmodels/miter1000/simple_learner_10Q/model_58.uai
[2024-04-15T09:30:24.265763][INFO][seed58] Closing log file
[2024-04-15T09:30:24.265863][INFO][seed58] Closed log file
[2024-04-15T09:30:24.247944][INFO][seed91] Set up logging
[2024-04-15T09:30:24.273176][INFO][seed91] args: -m;1000;-o;/mnt/beegfs/rcabanas/dev/credici/papers/causal_flavour/learntmodels/miter1000;--data;/mnt/beegfs/rcabanas/dev/credici/papers/causal_flavour/data/simple_learner_10Q_data.csv;-s;91;/mnt/beegfs/rcabanas/dev/credici/papers/causal_flavour/models/simple_learner_10Q.uai
[2024-04-15T09:30:24.290596][INFO][seed91] Starting logger with seed 91
[2024-04-15T09:30:24.294119][SEVERE][seed91] Not rewriting. File exits: /mnt/beegfs/rcabanas/dev/credici/papers/causal_flavour/learntmodels/miter1000/simple_learner_10Q/model_91.uai
[2024-04-15T09:30:24.294330][SEVERE][seed91] java.lang.IllegalStateException: Not rewriting. File exits: /mnt/beegfs/rcabanas/dev/credici/papers/causal_flavour/learntmodels/miter1000/simple_learner_10Q/model_91.uai
[2024-04-15T09:30:24.294429][INFO][seed91] Closing log file
[2024-04-15T09:30:24.294526][INFO][seed91] Closed log file
[2024-04-15T09:30:24.279630][INFO][seed84] Set up logging
[2024-04-15T09:30:24.311209][INFO][seed84] args: -m;1000;-o;/mnt/beegfs/rcabanas/dev/credici/papers/causal_flavour/learntmodels/miter1000;--data;/mnt/beegfs/rcabanas/dev/credici/papers/causal_flavour/data/simple_learner_10Q_data.csv;-s;84;/mnt/beegfs/rcabanas/dev/credici/papers/causal_flavour/models/simple_learner_10Q.uai
[2024-04-15T09:30:24.313557][INFO][seed84] Starting logger with seed 84
[2024-04-15T09:30:24.317918][SEVERE][seed84] Not rewriting. File exits: /mnt/beegfs/rcabanas/dev/credici/papers/causal_flavour/learntmodels/miter1000/simple_learner_10Q/model_84.uai
[2024-04-15T09:30:24.318086][SEVERE][seed84] java.lang.IllegalStateException: Not rewriting. File exits: /mnt/beegfs/rcabanas/dev/credici/papers/causal_flavour/learntmodels/miter1000/simple_learner_10Q/model_84.uai
[2024-04-15T09:30:24.318186][INFO][seed84] Closing log file
[2024-04-15T09:30:24.318284][INFO][seed84] Closed log file
[2024-04-15T09:30:24.311871][INFO][seed76] Set up logging
[2024-04-15T09:30:24.327210][INFO][seed76] args: -m;1000;-o;/mnt/beegfs/rcabanas/dev/credici/papers/causal_flavour/learntmodels/miter1000;--data;/mnt/beegfs/rcabanas/dev/credici/papers/causal_flavour/data/simple_learner_10Q_data.csv;-s;76;/mnt/beegfs/rcabanas/dev/credici/papers/causal_flavour/models/simple_learner_10Q.uai
[2024-04-15T09:30:24.316577][INFO][seed100] Set up logging
[2024-04-15T09:30:24.334146][INFO][seed100] args: -m;1000;-o;/mnt/beegfs/rcabanas/dev/credici/papers/causal_flavour/learntmodels/miter1000;--data;/mnt/beegfs/rcabanas/dev/credici/papers/causal_flavour/data/simple_learner_10Q_data.csv;-s;100;/mnt/beegfs/rcabanas/dev/credici/papers/causal_flavour/models/simple_learner_10Q.uai
[2024-04-15T09:30:24.335137][INFO][seed76] Starting logger with seed 76
[2024-04-15T09:30:24.322893][INFO][seed77] Set up logging
[2024-04-15T09:30:24.336973][SEVERE][seed76] Not rewriting. File exits: /mnt/beegfs/rcabanas/dev/credici/papers/causal_flavour/learntmodels/miter1000/simple_learner_10Q/model_76.uai
[2024-04-15T09:30:24.337165][INFO][seed77] args: -m;1000;-o;/mnt/beegfs/rcabanas/dev/credici/papers/causal_flavour/learntmodels/miter1000;--data;/mnt/beegfs/rcabanas/dev/credici/papers/causal_flavour/data/simple_learner_10Q_data.csv;-s;77;/mnt/beegfs/rcabanas/dev/credici/papers/causal_flavour/models/simple_learner_10Q.uai
[2024-04-15T09:30:24.337795][SEVERE][seed76] java.lang.IllegalStateException: Not rewriting. File exits: /mnt/beegfs/rcabanas/dev/credici/papers/causal_flavour/learntmodels/miter1000/simple_learner_10Q/model_76.uai
[2024-04-15T09:30:24.337906][INFO][seed76] Closing log file
[2024-04-15T09:30:24.338004][INFO][seed76] Closed log file
[2024-04-15T09:30:24.348150][INFO][seed100] Starting logger with seed 100
[2024-04-15T09:30:24.350088][SEVERE][seed100] Not rewriting. File exits: /mnt/beegfs/rcabanas/dev/credici/papers/causal_flavour/learntmodels/miter1000/simple_learner_10Q/model_100.uai
[2024-04-15T09:30:24.350191][SEVERE][seed100] java.lang.IllegalStateException: Not rewriting. File exits: /mnt/beegfs/rcabanas/dev/credici/papers/causal_flavour/learntmodels/miter1000/simple_learner_10Q/model_100.uai
[2024-04-15T09:30:24.350230][INFO][seed100] Closing log file
[2024-04-15T09:30:24.350262][INFO][seed100] Closed log file
[2024-04-15T09:30:24.348949][INFO][seed77] Starting logger with seed 77
[2024-04-15T09:30:24.350747][SEVERE][seed77] Not rewriting. File exits: /mnt/beegfs/rcabanas/dev/credici/papers/causal_flavour/learntmodels/miter1000/simple_learner_10Q/model_77.uai
[2024-04-15T09:30:24.350826][SEVERE][seed77] java.lang.IllegalStateException: Not rewriting. File exits: /mnt/beegfs/rcabanas/dev/credici/papers/causal_flavour/learntmodels/miter1000/simple_learner_10Q/model_77.uai
[2024-04-15T09:30:24.350865][INFO][seed77] Closing log file
[2024-04-15T09:30:24.350896][INFO][seed77] Closed log file
[2024-04-15T09:30:24.350929][INFO][seed51] Set up logging
[2024-04-15T09:30:24.368786][INFO][seed51] args: -m;1000;-o;/mnt/beegfs/rcabanas/dev/credici/papers/causal_flavour/learntmodels/miter1000;--data;/mnt/beegfs/rcabanas/dev/credici/papers/causal_flavour/data/simple_learner_10Q_data.csv;-s;51;/mnt/beegfs/rcabanas/dev/credici/papers/causal_flavour/models/simple_learner_10Q.uai
[2024-04-15T09:30:24.351672][INFO][seed74] Set up logging
[2024-04-15T09:30:24.370856][INFO][seed74] args: -m;1000;-o;/mnt/beegfs/rcabanas/dev/credici/papers/causal_flavour/learntmodels/miter1000;--data;/mnt/beegfs/rcabanas/dev/credici/papers/causal_flavour/data/simple_learner_10Q_data.csv;-s;74;/mnt/beegfs/rcabanas/dev/credici/papers/causal_flavour/models/simple_learner_10Q.uai
[2024-04-15T09:30:24.353837][INFO][seed60] Set up logging
[2024-04-15T09:30:24.376622][INFO][seed60] args: -m;1000;-o;/mnt/beegfs/rcabanas/dev/credici/papers/causal_flavour/learntmodels/miter1000;--data;/mnt/beegfs/rcabanas/dev/credici/papers/causal_flavour/data/simple_learner_10Q_data.csv;-s;60;/mnt/beegfs/rcabanas/dev/credici/papers/causal_flavour/models/simple_learner_10Q.uai
[2024-04-15T09:30:24.381607][INFO][seed60] Starting logger with seed 60
[2024-04-15T09:30:24.381693][INFO][seed74] Starting logger with seed 74
[2024-04-15T09:30:24.381197][INFO][seed51] Starting logger with seed 51
[2024-04-15T09:30:24.382908][SEVERE][seed51] Not rewriting. File exits: /mnt/beegfs/rcabanas/dev/credici/papers/causal_flavour/learntmodels/miter1000/simple_learner_10Q/model_51.uai
[2024-04-15T09:30:24.382987][SEVERE][seed51] java.lang.IllegalStateException: Not rewriting. File exits: /mnt/beegfs/rcabanas/dev/credici/papers/causal_flavour/learntmodels/miter1000/simple_learner_10Q/model_51.uai
[2024-04-15T09:30:24.383026][INFO][seed51] Closing log file
[2024-04-15T09:30:24.383058][INFO][seed51] Closed log file
[2024-04-15T09:30:24.385080][SEVERE][seed60] Not rewriting. File exits: /mnt/beegfs/rcabanas/dev/credici/papers/causal_flavour/learntmodels/miter1000/simple_learner_10Q/model_60.uai
[2024-04-15T09:30:24.385373][SEVERE][seed74] Not rewriting. File exits: /mnt/beegfs/rcabanas/dev/credici/papers/causal_flavour/learntmodels/miter1000/simple_learner_10Q/model_74.uai
[2024-04-15T09:30:24.385372][SEVERE][seed60] java.lang.IllegalStateException: Not rewriting. File exits: /mnt/beegfs/rcabanas/dev/credici/papers/causal_flavour/learntmodels/miter1000/simple_learner_10Q/model_60.uai
[2024-04-15T09:30:24.385644][SEVERE][seed74] java.lang.IllegalStateException: Not rewriting. File exits: /mnt/beegfs/rcabanas/dev/credici/papers/causal_flavour/learntmodels/miter1000/simple_learner_10Q/model_74.uai
[2024-04-15T09:30:24.385475][INFO][seed60] Closing log file
[2024-04-15T09:30:24.385758][INFO][seed74] Closing log file
[2024-04-15T09:30:24.385574][INFO][seed60] Closed log file
[2024-04-15T09:30:24.385857][INFO][seed74] Closed log file
[2024-04-15T09:30:24.369004][INFO][seed54] Set up logging
[2024-04-15T09:30:24.405090][INFO][seed54] args: -m;1000;-o;/mnt/beegfs/rcabanas/dev/credici/papers/causal_flavour/learntmodels/miter1000;--data;/mnt/beegfs/rcabanas/dev/credici/papers/causal_flavour/data/simple_learner_10Q_data.csv;-s;54;/mnt/beegfs/rcabanas/dev/credici/papers/causal_flavour/models/simple_learner_10Q.uai
[2024-04-15T09:30:24.406924][INFO][seed54] Starting logger with seed 54
[2024-04-15T09:30:24.410343][SEVERE][seed54] Not rewriting. File exits: /mnt/beegfs/rcabanas/dev/credici/papers/causal_flavour/learntmodels/miter1000/simple_learner_10Q/model_54.uai
[2024-04-15T09:30:24.410611][SEVERE][seed54] java.lang.IllegalStateException: Not rewriting. File exits: /mnt/beegfs/rcabanas/dev/credici/papers/causal_flavour/learntmodels/miter1000/simple_learner_10Q/model_54.uai
[2024-04-15T09:30:24.410725][INFO][seed54] Closing log file
[2024-04-15T09:30:24.391086][INFO][seed83] Set up logging
[2024-04-15T09:30:24.410832][INFO][seed54] Closed log file
[2024-04-15T09:30:24.411707][INFO][seed83] args: -m;1000;-o;/mnt/beegfs/rcabanas/dev/credici/papers/causal_flavour/learntmodels/miter1000;--data;/mnt/beegfs/rcabanas/dev/credici/papers/causal_flavour/data/simple_learner_10Q_data.csv;-s;83;/mnt/beegfs/rcabanas/dev/credici/papers/causal_flavour/models/simple_learner_10Q.uai
[2024-04-15T09:30:24.414736][INFO][seed83] Starting logger with seed 83
[2024-04-15T09:30:24.418417][SEVERE][seed83] Not rewriting. File exits: /mnt/beegfs/rcabanas/dev/credici/papers/causal_flavour/learntmodels/miter1000/simple_learner_10Q/model_83.uai
[2024-04-15T09:30:24.418623][SEVERE][seed83] java.lang.IllegalStateException: Not rewriting. File exits: /mnt/beegfs/rcabanas/dev/credici/papers/causal_flavour/learntmodels/miter1000/simple_learner_10Q/model_83.uai
[2024-04-15T09:30:24.418739][INFO][seed83] Closing log file
[2024-04-15T09:30:24.406793][INFO][seed55] Set up logging
[2024-04-15T09:30:24.418838][INFO][seed83] Closed log file
[2024-04-15T09:30:24.408062][INFO][seed56] Set up logging
[2024-04-15T09:30:24.425369][INFO][seed56] args: -m;1000;-o;/mnt/beegfs/rcabanas/dev/credici/papers/causal_flavour/learntmodels/miter1000;--data;/mnt/beegfs/rcabanas/dev/credici/papers/causal_flavour/data/simple_learner_10Q_data.csv;-s;56;/mnt/beegfs/rcabanas/dev/credici/papers/causal_flavour/models/simple_learner_10Q.uai
[2024-04-15T09:30:24.421750][INFO][seed55] args: -m;1000;-o;/mnt/beegfs/rcabanas/dev/credici/papers/causal_flavour/learntmodels/miter1000;--data;/mnt/beegfs/rcabanas/dev/credici/papers/causal_flavour/data/simple_learner_10Q_data.csv;-s;55;/mnt/beegfs/rcabanas/dev/credici/papers/causal_flavour/models/simple_learner_10Q.uai
[2024-04-15T09:30:24.430230][INFO][seed55] Starting logger with seed 55
[2024-04-15T09:30:24.431631][INFO][seed56] Starting logger with seed 56
[2024-04-15T09:30:24.434426][SEVERE][seed55] Not rewriting. File exits: /mnt/beegfs/rcabanas/dev/credici/papers/causal_flavour/learntmodels/miter1000/simple_learner_10Q/model_55.uai
[2024-04-15T09:30:24.434735][SEVERE][seed55] java.lang.IllegalStateException: Not rewriting. File exits: /mnt/beegfs/rcabanas/dev/credici/papers/causal_flavour/learntmodels/miter1000/simple_learner_10Q/model_55.uai
[2024-04-15T09:30:24.434846][INFO][seed55] Closing log file
[2024-04-15T09:30:24.434949][INFO][seed55] Closed log file
[2024-04-15T09:30:24.435122][SEVERE][seed56] Not rewriting. File exits: /mnt/beegfs/rcabanas/dev/credici/papers/causal_flavour/learntmodels/miter1000/simple_learner_10Q/model_56.uai
[2024-04-15T09:30:24.435256][SEVERE][seed56] java.lang.IllegalStateException: Not rewriting. File exits: /mnt/beegfs/rcabanas/dev/credici/papers/causal_flavour/learntmodels/miter1000/simple_learner_10Q/model_56.uai
[2024-04-15T09:30:24.435355][INFO][seed56] Closing log file
[2024-04-15T09:30:24.435449][INFO][seed56] Closed log file
[2024-04-15T09:30:24.442215][INFO][seed59] Set up logging
[2024-04-15T09:30:24.456871][INFO][seed59] args: -m;1000;-o;/mnt/beegfs/rcabanas/dev/credici/papers/causal_flavour/learntmodels/miter1000;--data;/mnt/beegfs/rcabanas/dev/credici/papers/causal_flavour/data/simple_learner_10Q_data.csv;-s;59;/mnt/beegfs/rcabanas/dev/credici/papers/causal_flavour/models/simple_learner_10Q.uai
[2024-04-15T09:30:24.469582][INFO][seed59] Starting logger with seed 59
[2024-04-15T09:30:24.451323][INFO][seed87] Set up logging
[2024-04-15T09:30:24.449008][INFO][seed85] Set up logging
[2024-04-15T09:30:24.472608][INFO][seed87] args: -m;1000;-o;/mnt/beegfs/rcabanas/dev/credici/papers/causal_flavour/learntmodels/miter1000;--data;/mnt/beegfs/rcabanas/dev/credici/papers/causal_flavour/data/simple_learner_10Q_data.csv;-s;87;/mnt/beegfs/rcabanas/dev/credici/papers/causal_flavour/models/simple_learner_10Q.uai
[2024-04-15T09:30:24.473542][INFO][seed85] args: -m;1000;-o;/mnt/beegfs/rcabanas/dev/credici/papers/causal_flavour/learntmodels/miter1000;--data;/mnt/beegfs/rcabanas/dev/credici/papers/causal_flavour/data/simple_learner_10Q_data.csv;-s;85;/mnt/beegfs/rcabanas/dev/credici/papers/causal_flavour/models/simple_learner_10Q.uai
[2024-04-15T09:30:24.473473][SEVERE][seed59] Not rewriting. File exits: /mnt/beegfs/rcabanas/dev/credici/papers/causal_flavour/learntmodels/miter1000/simple_learner_10Q/model_59.uai
[2024-04-15T09:30:24.453438][INFO][seed53] Set up logging
[2024-04-15T09:30:24.473732][SEVERE][seed59] java.lang.IllegalStateException: Not rewriting. File exits: /mnt/beegfs/rcabanas/dev/credici/papers/causal_flavour/learntmodels/miter1000/simple_learner_10Q/model_59.uai
[2024-04-15T09:30:24.474478][INFO][seed53] args: -m;1000;-o;/mnt/beegfs/rcabanas/dev/credici/papers/causal_flavour/learntmodels/miter1000;--data;/mnt/beegfs/rcabanas/dev/credici/papers/causal_flavour/data/simple_learner_10Q_data.csv;-s;53;/mnt/beegfs/rcabanas/dev/credici/papers/causal_flavour/models/simple_learner_10Q.uai
[2024-04-15T09:30:24.473839][INFO][seed59] Closing log file
[2024-04-15T09:30:24.474849][INFO][seed85] Starting logger with seed 85
[2024-04-15T09:30:24.473935][INFO][seed59] Closed log file
[2024-04-15T09:30:24.475440][INFO][seed87] Starting logger with seed 87
[2024-04-15T09:30:24.477295][SEVERE][seed85] Not rewriting. File exits: /mnt/beegfs/rcabanas/dev/credici/papers/causal_flavour/learntmodels/miter1000/simple_learner_10Q/model_85.uai
[2024-04-15T09:30:24.477869][SEVERE][seed85] java.lang.IllegalStateException: Not rewriting. File exits: /mnt/beegfs/rcabanas/dev/credici/papers/causal_flavour/learntmodels/miter1000/simple_learner_10Q/model_85.uai
[2024-04-15T09:30:24.477973][INFO][seed85] Closing log file
[2024-04-15T09:30:24.478236][SEVERE][seed87] Not rewriting. File exits: /mnt/beegfs/rcabanas/dev/credici/papers/causal_flavour/learntmodels/miter1000/simple_learner_10Q/model_87.uai
[2024-04-15T09:30:24.478067][INFO][seed85] Closed log file
[2024-04-15T09:30:24.478444][SEVERE][seed87] java.lang.IllegalStateException: Not rewriting. File exits: /mnt/beegfs/rcabanas/dev/credici/papers/causal_flavour/learntmodels/miter1000/simple_learner_10Q/model_87.uai
[2024-04-15T09:30:24.478544][INFO][seed87] Closing log file
[2024-04-15T09:30:24.478641][INFO][seed87] Closed log file
[2024-04-15T09:30:24.454091][INFO][seed75] Set up logging
[2024-04-15T09:30:24.487826][INFO][seed75] args: -m;1000;-o;/mnt/beegfs/rcabanas/dev/credici/papers/causal_flavour/learntmodels/miter1000;--data;/mnt/beegfs/rcabanas/dev/credici/papers/causal_flavour/data/simple_learner_10Q_data.csv;-s;75;/mnt/beegfs/rcabanas/dev/credici/papers/causal_flavour/models/simple_learner_10Q.uai
[2024-04-15T09:30:24.463050][INFO][seed69] Set up logging
[2024-04-15T09:30:24.489973][INFO][seed69] args: -m;1000;-o;/mnt/beegfs/rcabanas/dev/credici/papers/causal_flavour/learntmodels/miter1000;--data;/mnt/beegfs/rcabanas/dev/credici/papers/causal_flavour/data/simple_learner_10Q_data.csv;-s;69;/mnt/beegfs/rcabanas/dev/credici/papers/causal_flavour/models/simple_learner_10Q.uai
[2024-04-15T09:30:24.491239][INFO][seed69] Starting logger with seed 69
[2024-04-15T09:30:24.488810][INFO][seed53] Starting logger with seed 53
[2024-04-15T09:30:24.490502][SEVERE][seed53] Not rewriting. File exits: /mnt/beegfs/rcabanas/dev/credici/papers/causal_flavour/learntmodels/miter1000/simple_learner_10Q/model_53.uai
[2024-04-15T09:30:24.490596][SEVERE][seed53] java.lang.IllegalStateException: Not rewriting. File exits: /mnt/beegfs/rcabanas/dev/credici/papers/causal_flavour/learntmodels/miter1000/simple_learner_10Q/model_53.uai
[2024-04-15T09:30:24.490635][INFO][seed53] Closing log file
[2024-04-15T09:30:24.490674][INFO][seed53] Closed log file
[2024-04-15T09:30:24.489217][INFO][seed75] Starting logger with seed 75
[2024-04-15T09:30:24.491138][SEVERE][seed75] Not rewriting. File exits: /mnt/beegfs/rcabanas/dev/credici/papers/causal_flavour/learntmodels/miter1000/simple_learner_10Q/model_75.uai
[2024-04-15T09:30:24.491229][SEVERE][seed75] java.lang.IllegalStateException: Not rewriting. File exits: /mnt/beegfs/rcabanas/dev/credici/papers/causal_flavour/learntmodels/miter1000/simple_learner_10Q/model_75.uai
[2024-04-15T09:30:24.491270][INFO][seed75] Closing log file
[2024-04-15T09:30:24.491303][INFO][seed75] Closed log file
[2024-04-15T09:30:24.493712][SEVERE][seed69] Not rewriting. File exits: /mnt/beegfs/rcabanas/dev/credici/papers/causal_flavour/learntmodels/miter1000/simple_learner_10Q/model_69.uai
[2024-04-15T09:30:24.494057][SEVERE][seed69] java.lang.IllegalStateException: Not rewriting. File exits: /mnt/beegfs/rcabanas/dev/credici/papers/causal_flavour/learntmodels/miter1000/simple_learner_10Q/model_69.uai
[2024-04-15T09:30:24.494172][INFO][seed69] Closing log file
[2024-04-15T09:30:24.494270][INFO][seed69] Closed log file
[2024-04-15T09:30:24.495434][INFO][seed94] Set up logging
[2024-04-15T09:30:24.510084][INFO][seed94] args: -m;1000;-o;/mnt/beegfs/rcabanas/dev/credici/papers/causal_flavour/learntmodels/miter1000;--data;/mnt/beegfs/rcabanas/dev/credici/papers/causal_flavour/data/simple_learner_10Q_data.csv;-s;94;/mnt/beegfs/rcabanas/dev/credici/papers/causal_flavour/models/simple_learner_10Q.uai
[2024-04-15T09:30:24.517468][INFO][seed94] Starting logger with seed 94
[2024-04-15T09:30:24.529788][SEVERE][seed94] Not rewriting. File exits: /mnt/beegfs/rcabanas/dev/credici/papers/causal_flavour/learntmodels/miter1000/simple_learner_10Q/model_94.uai
[2024-04-15T09:30:24.529924][SEVERE][seed94] java.lang.IllegalStateException: Not rewriting. File exits: /mnt/beegfs/rcabanas/dev/credici/papers/causal_flavour/learntmodels/miter1000/simple_learner_10Q/model_94.uai
[2024-04-15T09:30:24.529966][INFO][seed94] Closing log file
[2024-04-15T09:30:24.529999][INFO][seed94] Closed log file
[2024-04-15T09:30:24.510083][INFO][seed61] Set up logging
[2024-04-15T09:30:24.533188][INFO][seed61] args: -m;1000;-o;/mnt/beegfs/rcabanas/dev/credici/papers/causal_flavour/learntmodels/miter1000;--data;/mnt/beegfs/rcabanas/dev/credici/papers/causal_flavour/data/simple_learner_10Q_data.csv;-s;61;/mnt/beegfs/rcabanas/dev/credici/papers/causal_flavour/models/simple_learner_10Q.uai
[2024-04-15T09:30:24.536717][INFO][seed61] Starting logger with seed 61
[2024-04-15T09:30:24.539638][SEVERE][seed61] Not rewriting. File exits: /mnt/beegfs/rcabanas/dev/credici/papers/causal_flavour/learntmodels/miter1000/simple_learner_10Q/model_61.uai
[2024-04-15T09:30:24.539779][SEVERE][seed61] java.lang.IllegalStateException: Not rewriting. File exits: /mnt/beegfs/rcabanas/dev/credici/papers/causal_flavour/learntmodels/miter1000/simple_learner_10Q/model_61.uai
[2024-04-15T09:30:24.539882][INFO][seed61] Closing log file
[2024-04-15T09:30:24.539982][INFO][seed61] Closed log file
