#
# A fatal error has been detected by the Java Runtime Environment:
#
#  SIGBUS (0x7) at pc=0x00007ff484c41d00, pid=51198, tid=51666
#
# JRE version:  (13.0.7+5) (build )
# Java VM: OpenJDK 64-Bit Server VM (13.0.7+5-Ubuntu-0ubuntu120.04, mixed mode, tiered, serial gc, linux-amd64)
# Problematic frame:
# V  [libjvm.so+0x88ad00]
#
# No core dump will be written. Core dumps have been disabled. To enable core dumping, try "ulimit -c unlimited" before starting Java again
#
#

---------------  S U M M A R Y ------------

Command Line: -Xmx64g --add-modules=ALL-DEFAULT jdk.compiler/com.sun.tools.javac.launcher.Main /mnt/beegfs/rcabanas/dev/credici/papers/causal_flavour/code/LearnCF.java -m 1000 -o /mnt/beegfs/rcabanas/dev/credici/papers/causal_flavour/learntmodels/miter1000 --data /mnt/beegfs/rcabanas/dev/credici/papers/causal_flavour/data/simple_learner_4Q_data.csv -rw -s 34 /mnt/beegfs/rcabanas/dev/credici/papers/causal_flavour/models/simple_learner_4Q.uai

Host: AMD EPYC 7542 32-Core Processor, 64 cores, 251G, Ubuntu 20.04.4 LTS
Time: Fri May 17 11:29:50 2024 CEST elapsed time: 0.264504 seconds (0d 0h 0m 0s)

---------------  T H R E A D  ---------------

Current thread (0x00007ff47c018000):  JavaThread "Unknown thread" [_thread_in_vm, id=51666, stack(0x00007ff483f6a000,0x00007ff48406b000)]

Stack: [0x00007ff483f6a000,0x00007ff48406b000],  sp=0x00007ff484069b48,  free space=1022k
Native frames: (J=compiled Java code, A=aot compiled Java code, j=interpreted, Vv=VM code, C=native code)
V  [libjvm.so+0x88ad00]
V  [libjvm.so+0x85273c]
V  [libjvm.so+0xf25add]
V  [libjvm.so+0x908da5]  JNI_CreateJavaVM+0x55
C  [libjli.so+0x4d6f]
C  [libjli.so+0x9d3d]


siginfo: si_signo: 7 (SIGBUS), si_code: 2 (BUS_ADRERR), si_addr: 0x00007ff484c41d00

Registers:
RAX=0x0000000000000000, RBX=0x00007ff484069dd7, RCX=0x0000000000000001, RDX=0x0000000000000000
RSP=0x00007ff484069b48, RBP=0x00007ff484069ba0, RSI=0x00007ff485456ffb, RDI=0x00007ff484069b50
R8 =0x0000000000000000, R9 =0x00007ff46478dd9e, R10=0x0000000000000001, R11=0x0000000000000000
R12=0x00007ff484069c30, R13=0x00007ff484069b50, R14=0x00007ff484069c50, R15=0x00007ff47c018000
RIP=0x00007ff484c41d00, EFLAGS=0x0000000000010246, CSGSFS=0x0000000000000033, ERR=0x0000000000000014
  TRAPNO=0x000000000000000e

Top of Stack: (sp=0x00007ff484069b48)
0x00007ff484069b48:   00007ff485304200 00007ff47c020100
0x00007ff484069b58:   0000000000000000 0000000066472300
0x00007ff484069b68:   0000000000000000 00007ff484069c30
0x00007ff484069b78:   00007ff485456ffb 0000000000000000 

Instructions: (pc=0x00007ff484c41d00)
0x00007ff484c41c00:   
[error occurred during error reporting (printing registers, top of stack, instructions near pc), id 0x7, SIGBUS (0x7) at pc=0x00007ff484ff0258]


---------------  P R O C E S S  ---------------

Threads class SMR info:
_java_thread_list=0x00007ff4857acb40, length=0, elements={
}

Java Threads: ( => current thread )

Other Threads:

[error occurred during error reporting (printing all threads), id 0xb, SIGSEGV (0xb) at pc=0x00007ff4852d83f5]

VM state:not at safepoint (not fully initialized)

VM Mutex/Monitor currently owned by a thread: None

Deoptimization events (0 events):
No events

Classes unloaded (0 events):
No events

Classes redefined (0 events):
No events

Internal exceptions (0 events):
No events

Events (2 events):
Event: 0.189 Protecting memory [0x00007ff483f6a000,0x00007ff483f6e000] with protection modes 0
Event: 0.196 Loaded shared library /usr/lib/jvm/java-13-openjdk-amd64/lib/libzip.so


Dynamic libraries:
564bbb9a2000-564bbb9a3000 r--p 00000000 07:0f 4860                       /usr/lib/jvm/java-13-openjdk-amd64/bin/java
564bbb9a3000-564bbb9a4000 r-xp 00001000 07:0f 4860                       /usr/lib/jvm/java-13-openjdk-amd64/bin/java
564bbb9a4000-564bbb9a5000 r--p 00002000 07:0f 4860                       /usr/lib/jvm/java-13-openjdk-amd64/bin/java
564bbb9a5000-564bbb9a6000 r--p 00002000 07:0f 4860                       /usr/lib/jvm/java-13-openjdk-amd64/bin/java
564bbb9a6000-564bbb9a7000 rw-p 00003000 07:0f 4860                       /usr/lib/jvm/java-13-openjdk-amd64/bin/java
564bbc9c0000-564bbc9e1000 rw-p 00000000 00:00 0                          [heap]
7ff46478a000-7ff4649fa000 rwxp 00000000 00:00 0 
7ff4649fa000-7ff464d19000 ---p 00000000 00:00 0 
7ff464d19000-7ff464f89000 rwxp 00000000 00:00 0 
7ff464f89000-7ff46c251000 ---p 00000000 00:00 0 
7ff46c251000-7ff46c4c1000 rwxp 00000000 00:00 0 
7ff46c4c1000-7ff47378a000 ---p 00000000 00:00 0 
7ff47378a000-7ff47c000000 r--s 00000000 07:0f 5215                       /usr/lib/jvm/java-13-openjdk-amd64/lib/modules
7ff47c000000-7ff47c02d000 rw-p 00000000 00:00 0 
7ff47c02d000-7ff480000000 ---p 00000000 00:00 0 
7ff483d15000-7ff483d1a000 rw-p 00000000 00:00 0 
7ff483d1a000-7ff483e00000 ---p 00000000 00:00 0 
7ff483e00000-7ff483e05000 rw-p 00000000 00:00 0 
7ff483e05000-7ff483eeb000 ---p 00000000 00:00 0 
7ff483eeb000-7ff483ef0000 rw-p 00000000 00:00 0 
7ff483ef0000-7ff483ef7000 ---p 00000000 00:00 0 
7ff483ef7000-7ff483ef9000 r--p 00000000 07:0f 5214                       /usr/lib/jvm/java-13-openjdk-amd64/lib/libzip.so
7ff483ef9000-7ff483efd000 r-xp 00002000 07:0f 5214                       /usr/lib/jvm/java-13-openjdk-amd64/lib/libzip.so
7ff483efd000-7ff483eff000 r--p 00006000 07:0f 5214                       /usr/lib/jvm/java-13-openjdk-amd64/lib/libzip.so
7ff483eff000-7ff483f00000 r--p 00007000 07:0f 5214                       /usr/lib/jvm/java-13-openjdk-amd64/lib/libzip.so
7ff483f00000-7ff483f01000 rw-p 00008000 07:0f 5214                       /usr/lib/jvm/java-13-openjdk-amd64/lib/libzip.so
7ff483f01000-7ff483f09000 rw-s 00000000 08:03 67204689                   /tmp/hsperfdata_rcabanas/51198
7ff483f09000-7ff483f0c000 r--p 00000000 07:0f 9108                       /usr/lib/x86_64-linux-gnu/libnss_files-2.31.so
7ff483f0c000-7ff483f13000 r-xp 00003000 07:0f 9108                       /usr/lib/x86_64-linux-gnu/libnss_files-2.31.so
7ff483f13000-7ff483f15000 r--p 0000a000 07:0f 9108                       /usr/lib/x86_64-linux-gnu/libnss_files-2.31.so
7ff483f15000-7ff483f16000 r--p 0000b000 07:0f 9108                       /usr/lib/x86_64-linux-gnu/libnss_files-2.31.so
7ff483f16000-7ff483f17000 rw-p 0000c000 07:0f 9108                       /usr/lib/x86_64-linux-gnu/libnss_files-2.31.so
7ff483f17000-7ff483f1d000 rw-p 00000000 00:00 0 
7ff483f23000-7ff483f25000 r--p 00000000 07:0f 5195                       /usr/lib/jvm/java-13-openjdk-amd64/lib/libjimage.so
7ff483f25000-7ff483f28000 r-xp 00002000 07:0f 5195                       /usr/lib/jvm/java-13-openjdk-amd64/lib/libjimage.so
7ff483f28000-7ff483f29000 r--p 00005000 07:0f 5195                       /usr/lib/jvm/java-13-openjdk-amd64/lib/libjimage.so
7ff483f29000-7ff483f2a000 ---p 00006000 07:0f 5195                       /usr/lib/jvm/java-13-openjdk-amd64/lib/libjimage.so
7ff483f2a000-7ff483f2b000 r--p 00006000 07:0f 5195                       /usr/lib/jvm/java-13-openjdk-amd64/lib/libjimage.so
7ff483f2b000-7ff483f2c000 rw-p 00007000 07:0f 5195                       /usr/lib/jvm/java-13-openjdk-amd64/lib/libjimage.so
7ff483f2c000-7ff483f39000 r--p 00000000 07:0f 5191                       /usr/lib/jvm/java-13-openjdk-amd64/lib/libjava.so
7ff483f39000-7ff483f4e000 r-xp 0000d000 07:0f 5191                       /usr/lib/jvm/java-13-openjdk-amd64/lib/libjava.so
7ff483f4e000-7ff483f54000 r--p 00022000 07:0f 5191                       /usr/lib/jvm/java-13-openjdk-amd64/lib/libjava.so
7ff483f54000-7ff483f55000 ---p 00028000 07:0f 5191                       /usr/lib/jvm/java-13-openjdk-amd64/lib/libjava.so
7ff483f55000-7ff483f56000 r--p 00028000 07:0f 5191                       /usr/lib/jvm/java-13-openjdk-amd64/lib/libjava.so
7ff483f56000-7ff483f58000 rw-p 00029000 07:0f 5191                       /usr/lib/jvm/java-13-openjdk-amd64/lib/libjava.so
7ff483f58000-7ff483f5d000 r--p 00000000 07:0f 5213                       /usr/lib/jvm/java-13-openjdk-amd64/lib/libverify.so
7ff483f5d000-7ff483f64000 r-xp 00005000 07:0f 5213                       /usr/lib/jvm/java-13-openjdk-amd64/lib/libverify.so
7ff483f64000-7ff483f66000 r--p 0000c000 07:0f 5213                       /usr/lib/jvm/java-13-openjdk-amd64/lib/libverify.so
7ff483f66000-7ff483f67000 ---p 0000e000 07:0f 5213                       /usr/lib/jvm/java-13-openjdk-amd64/lib/libverify.so
7ff483f67000-7ff483f69000 r--p 0000e000 07:0f 5213                       /usr/lib/jvm/java-13-openjdk-amd64/lib/libverify.so
7ff483f69000-7ff483f6a000 rw-p 00010000 07:0f 5213                       /usr/lib/jvm/java-13-openjdk-amd64/lib/libverify.so
7ff483f6a000-7ff483f6e000 ---p 00000000 00:00 0 
7ff483f6e000-7ff48406b000 rw-p 00000000 00:00 0 
7ff48406b000-7ff48406e000 r--p 00000000 07:0f 8948                       /usr/lib/x86_64-linux-gnu/libgcc_s.so.1
7ff48406e000-7ff484080000 r-xp 00003000 07:0f 8948                       /usr/lib/x86_64-linux-gnu/libgcc_s.so.1
7ff484080000-7ff484084000 r--p 00015000 07:0f 8948                       /usr/lib/x86_64-linux-gnu/libgcc_s.so.1
7ff484084000-7ff484085000 r--p 00018000 07:0f 8948                       /usr/lib/x86_64-linux-gnu/libgcc_s.so.1
7ff484085000-7ff484086000 rw-p 00019000 07:0f 8948                       /usr/lib/x86_64-linux-gnu/libgcc_s.so.1
7ff484086000-7ff484093000 r--p 00000000 07:0f 9062                       /usr/lib/x86_64-linux-gnu/libm-2.31.so
7ff484093000-7ff48413a000 r-xp 0000d000 07:0f 9062                       /usr/lib/x86_64-linux-gnu/libm-2.31.so
7ff48413a000-7ff4841d3000 r--p 000b4000 07:0f 9062                       /usr/lib/x86_64-linux-gnu/libm-2.31.so
7ff4841d3000-7ff4841d4000 r--p 0014c000 07:0f 9062                       /usr/lib/x86_64-linux-gnu/libm-2.31.so
7ff4841d4000-7ff4841d5000 rw-p 0014d000 07:0f 9062                       /usr/lib/x86_64-linux-gnu/libm-2.31.so
7ff4841d5000-7ff48426b000 r--p 00000000 07:0f 9213                       /usr/lib/x86_64-linux-gnu/libstdc++.so.6.0.28
7ff48426b000-7ff48435c000 r-xp 00096000 07:0f 9213                       /usr/lib/x86_64-linux-gnu/libstdc++.so.6.0.28
7ff48435c000-7ff4843a5000 r--p 00187000 07:0f 9213                       /usr/lib/x86_64-linux-gnu/libstdc++.so.6.0.28
7ff4843a5000-7ff4843a6000 ---p 001d0000 07:0f 9213                       /usr/lib/x86_64-linux-gnu/libstdc++.so.6.0.28
7ff4843a6000-7ff4843b1000 r--p 001d0000 07:0f 9213                       /usr/lib/x86_64-linux-gnu/libstdc++.so.6.0.28
7ff4843b1000-7ff4843b4000 rw-p 001db000 07:0f 9213                       /usr/lib/x86_64-linux-gnu/libstdc++.so.6.0.28
7ff4843b4000-7ff4843b7000 rw-p 00000000 00:00 0 
7ff4843b7000-7ff48463d000 r--p 00000000 07:0f 5226                       /usr/lib/jvm/java-13-openjdk-amd64/lib/server/libjvm.so
7ff48463d000-7ff4853ba000 r-xp 00286000 07:0f 5226                       /usr/lib/jvm/java-13-openjdk-amd64/lib/server/libjvm.so
7ff4853ba000-7ff485635000 r--p 01003000 07:0f 5226                       /usr/lib/jvm/java-13-openjdk-amd64/lib/server/libjvm.so
7ff485635000-7ff4856fa000 r--p 0127d000 07:0f 5226                       /usr/lib/jvm/java-13-openjdk-amd64/lib/server/libjvm.so
7ff4856fa000-7ff485735000 rw-p 01342000 07:0f 5226                       /usr/lib/jvm/java-13-openjdk-amd64/lib/server/libjvm.so
7ff485735000-7ff4857bb000 rw-p 00000000 00:00 0 
7ff4857bb000-7ff4857c1000 r--p 00000000 07:0f 9166                       /usr/lib/x86_64-linux-gnu/libpthread-2.31.so
7ff4857c1000-7ff4857d2000 r-xp 00006000 07:0f 9166                       /usr/lib/x86_64-linux-gnu/libpthread-2.31.so
7ff4857d2000-7ff4857d8000 r--p 00017000 07:0f 9166                       /usr/lib/x86_64-linux-gnu/libpthread-2.31.so
7ff4857d8000-7ff4857d9000 r--p 0001c000 07:0f 9166                       /usr/lib/x86_64-linux-gnu/libpthread-2.31.so
7ff4857d9000-7ff4857da000 rw-p 0001d000 07:0f 9166                       /usr/lib/x86_64-linux-gnu/libpthread-2.31.so
7ff4857da000-7ff4857de000 rw-p 00000000 00:00 0 
7ff4857de000-7ff4857df000 r--p 00000000 07:0f 8893                       /usr/lib/x86_64-linux-gnu/libdl-2.31.so
7ff4857df000-7ff4857e1000 r-xp 00001000 07:0f 8893                       /usr/lib/x86_64-linux-gnu/libdl-2.31.so
7ff4857e1000-7ff4857e2000 r--p 00003000 07:0f 8893                       /usr/lib/x86_64-linux-gnu/libdl-2.31.so
7ff4857e2000-7ff4857e3000 r--p 00003000 07:0f 8893                       /usr/lib/x86_64-linux-gnu/libdl-2.31.so
7ff4857e3000-7ff4857e4000 rw-p 00004000 07:0f 8893                       /usr/lib/x86_64-linux-gnu/libdl-2.31.so
7ff4857e4000-7ff4857e6000 r--p 00000000 07:0f 9290                       /usr/lib/x86_64-linux-gnu/libz.so.1.2.11
7ff4857e6000-7ff4857f7000 r-xp 00002000 07:0f 9290                       /usr/lib/x86_64-linux-gnu/libz.so.1.2.11
7ff4857f7000-7ff4857fd000 r--p 00013000 07:0f 9290                       /usr/lib/x86_64-linux-gnu/libz.so.1.2.11
7ff4857fd000-7ff4857fe000 ---p 00019000 07:0f 9290                       /usr/lib/x86_64-linux-gnu/libz.so.1.2.11
7ff4857fe000-7ff4857ff000 r--p 00019000 07:0f 9290                       /usr/lib/x86_64-linux-gnu/libz.so.1.2.11
7ff4857ff000-7ff485800000 rw-p 0001a000 07:0f 9290                       /usr/lib/x86_64-linux-gnu/libz.so.1.2.11
7ff485800000-7ff485822000 r--p 00000000 07:0f 8851                       /usr/lib/x86_64-linux-gnu/libc-2.31.so
7ff485822000-7ff48599a000 r-xp 00022000 07:0f 8851                       /usr/lib/x86_64-linux-gnu/libc-2.31.so
7ff48599a000-7ff4859e8000 r--p 0019a000 07:0f 8851                       /usr/lib/x86_64-linux-gnu/libc-2.31.so
7ff4859e8000-7ff4859ec000 r--p 001e7000 07:0f 8851                       /usr/lib/x86_64-linux-gnu/libc-2.31.so
7ff4859ec000-7ff4859ee000 rw-p 001eb000 07:0f 8851                       /usr/lib/x86_64-linux-gnu/libc-2.31.so
7ff4859ee000-7ff4859f2000 rw-p 00000000 00:00 0 
7ff4859f4000-7ff4859f6000 r--s 0000c000 07:0f 20930                      /usr/share/java/java-atk-wrapper.jar
7ff4859f6000-7ff4859f7000 ---p 00000000 00:00 0 
7ff4859f7000-7ff4859f8000 r--p 00000000 00:00 0 
7ff4859f8000-7ff4859fb000 r--p 00000000 07:0f 5196                       /usr/lib/jvm/java-13-openjdk-amd64/lib/libjli.so
7ff4859fb000-7ff485a05000 r-xp 00003000 07:0f 5196                       /usr/lib/jvm/java-13-openjdk-amd64/lib/libjli.so
7ff485a05000-7ff485a08000 r--p 0000d000 07:0f 5196                       /usr/lib/jvm/java-13-openjdk-amd64/lib/libjli.so
7ff485a08000-7ff485a09000 r--p 0000f000 07:0f 5196                       /usr/lib/jvm/java-13-openjdk-amd64/lib/libjli.so
7ff485a09000-7ff485a0a000 rw-p 00010000 07:0f 5196                       /usr/lib/jvm/java-13-openjdk-amd64/lib/libjli.so
7ff485a0a000-7ff485a0c000 rw-p 00000000 00:00 0 
7ff485a0c000-7ff485a0d000 r--p 00000000 07:0f 8572                       /usr/lib/x86_64-linux-gnu/ld-2.31.so
7ff485a0d000-7ff485a30000 r-xp 00001000 07:0f 8572                       /usr/lib/x86_64-linux-gnu/ld-2.31.so
7ff485a30000-7ff485a38000 r--p 00024000 07:0f 8572                       /usr/lib/x86_64-linux-gnu/ld-2.31.so
7ff485a38000-7ff485a39000 ---p 00000000 00:00 0 
7ff485a39000-7ff485a3a000 r--p 0002c000 07:0f 8572                       /usr/lib/x86_64-linux-gnu/ld-2.31.so
7ff485a3a000-7ff485a3b000 rw-p 0002d000 07:0f 8572                       /usr/lib/x86_64-linux-gnu/ld-2.31.so
7ff485a3b000-7ff485a3c000 rw-p 00000000 00:00 0 
7ffd04acf000-7ffd04af0000 rw-p 00000000 00:00 0                          [stack]
7ffd04b52000-7ffd04b54000 r-xp 00000000 00:00 0                          [vdso]
ffffffffff600000-ffffffffff601000 r-xp 00000000 00:00 0                  [vsyscall]


VM Arguments:
jvm_args: -Xmx64g --add-modules=ALL-DEFAULT 
java_command: jdk.compiler/com.sun.tools.javac.launcher.Main /mnt/beegfs/rcabanas/dev/credici/papers/causal_flavour/code/LearnCF.java -m 1000 -o /mnt/beegfs/rcabanas/dev/credici/papers/causal_flavour/learntmodels/miter1000 --data /mnt/beegfs/rcabanas/dev/credici/papers/causal_flavour/data/simple_learner_4Q_data.csv -rw -s 34 /mnt/beegfs/rcabanas/dev/credici/papers/causal_flavour/models/simple_learner_4Q.uai
java_class_path (initial): /mnt/beegfs/rcabanas/dev/credici/target/credici-0.1.5-dev-SNAPSHOT-jar-with-dependencies.jar
Launcher Type: SUN_STANDARD

[Global flags]
     intx CICompilerCount                          = 2                                         {product} {ergonomic}
   size_t InitialHeapSize                          = 2147483648                                {product} {ergonomic}
   size_t MaxHeapSize                              = 68719476736                               {product} {command line}
   size_t MinHeapSize                              = 6815736                                   {product} {ergonomic}
    uintx NonNMethodCodeHeapSize                   = 5826188                                {pd product} {ergonomic}
    uintx NonProfiledCodeHeapSize                  = 122916026                              {pd product} {ergonomic}
    uintx ProfiledCodeHeapSize                     = 122916026                              {pd product} {ergonomic}
    uintx ReservedCodeCacheSize                    = 251658240                              {pd product} {ergonomic}
     bool SegmentedCodeCache                       = true                                      {product} {ergonomic}
     bool UseSerialGC                              = true                                      {product} {ergonomic}

Logging:
Log output configuration:
 #0: stdout all=warning uptime,level,tags
 #1: stderr all=off uptime,level,tags

Environment Variables:
PATH=/usr/local/sbin:/usr/local/bin:/usr/sbin:/usr/bin:/sbin:/bin
LD_LIBRARY_PATH=/.singularity.d/libs

Signal Handlers:
SIGSEGV: [libjvm.so+0xf8fcf0], sa_mask[0]=11111111011111111101111111111110, sa_flags=SA_RESTART|SA_SIGINFO
SIGBUS: [libjvm.so+0xf8fcf0], sa_mask[0]=11111111011111111101111111111110, sa_flags=SA_RESTART|SA_SIGINFO
SIGFPE: [libjvm.so+0xf8fcf0], sa_mask[0]=11111111011111111101111111111110, sa_flags=SA_RESTART|SA_SIGINFO
SIGPIPE: [libjvm.so+0xc3ffa0], sa_mask[0]=11111111011111111101111111111110, sa_flags=SA_RESTART|SA_SIGINFO
SIGXFSZ: [libjvm.so+0xc3ffa0], sa_mask[0]=11111111011111111101111111111110, sa_flags=SA_RESTART|SA_SIGINFO
SIGILL: [libjvm.so+0xf8fcf0], sa_mask[0]=11111111011111111101111111111110, sa_flags=SA_RESTART|SA_SIGINFO
SIGUSR2: [libjvm.so+0xc3fe40], sa_mask[0]=00000000000000000000000000000000, sa_flags=SA_RESTART|SA_SIGINFO
SIGHUP: SIG_DFL, sa_mask[0]=00000000000000000000000000000000, sa_flags=none
SIGINT: SIG_DFL, sa_mask[0]=00000000000000000000000000000000, sa_flags=none
SIGTERM: SIG_DFL, sa_mask[0]=00000000000000000000000000000000, sa_flags=none
SIGQUIT: SIG_DFL, sa_mask[0]=00000000000000000000000000000000, sa_flags=none


---------------  S Y S T E M  ---------------

OS:DISTRIB_ID=Ubuntu
DISTRIB_RELEASE=20.04
DISTRIB_CODENAME=focal
DISTRIB_DESCRIPTION="Ubuntu 20.04.4 LTS"
uname:Linux 3.10.0-1160.15.2.el7.x86_64 #1 SMP Wed Feb 3 15:06:38 UTC 2021 x86_64
OS uptime: 778 days 18:29 hours
libc:glibc 2.31 NPTL 2.31 
rlimit (soft/hard): STACK 8192k/infinity , CORE 0k/infinity , NPROC 4096/1030157 , NOFILE 131072/131072 , AS infinity/infinity , CPU infinity/infinity , DATA infinity/infinity , FSIZE infinity/infinity , MEMLOCK infinity/infinity
load average:2.60 0.71 0.39

/proc/meminfo:
MemTotal:       263800832 kB
MemFree:        251864928 kB
MemAvailable:   252688404 kB
Buffers:          310180 kB
Cached:          1446268 kB
SwapCached:          916 kB
Active:          1936372 kB
Inactive:        1112884 kB
Active(anon):    1439848 kB
Inactive(anon):   164020 kB
Active(file):     496524 kB
Inactive(file):   948864 kB
Unevictable:       13672 kB
Mlocked:           13672 kB
SwapTotal:       4194300 kB
SwapFree:         296596 kB
Dirty:               436 kB
Writeback:             0 kB
AnonPages:       1163736 kB
Mapped:           270900 kB
Shmem:            291764 kB
Slab:             671808 kB
SReclaimable:     262160 kB
SUnreclaim:       409648 kB
KernelStack:       32928 kB
PageTables:        48924 kB
NFS_Unstable:          0 kB
Bounce:                0 kB
WritebackTmp:          0 kB
CommitLimit:    136094716 kB
Committed_AS:   36279552 kB
VmallocTotal:   34359738367 kB
VmallocUsed:      909540 kB
VmallocChunk:   34224581808 kB
Percpu:            69632 kB
HardwareCorrupted:     0 kB
AnonHugePages:    227328 kB
CmaTotal:              0 kB
CmaFree:               0 kB
HugePages_Total:       0
HugePages_Free:        0
HugePages_Rsvd:        0
HugePages_Surp:        0
Hugepagesize:       2048 kB
DirectMap4k:      622792 kB
DirectMap2M:    27551744 kB
DirectMap1G:    240123904 kB

/sys/kernel/mm/transparent_hugepage/enabled:
[always] madvise never

/sys/kernel/mm/transparent_hugepage/defrag (defrag/compaction efforts parameter):
[always] madvise never


/proc/sys/kernel/threads-max (system-wide limit on the number of threads):
2060314


/proc/sys/vm/max_map_count (maximum number of memory map areas a process may have):
65530


/proc/sys/kernel/pid_max (system-wide limit on number of process identifiers):
262144



Steal ticks since vm start: 0
Steal ticks percentage since vm start:  0.000

CPU:total 64 (initial active 1) (32 cores per cpu, 1 threads per core) family 23 model 49 stepping 0, cmov, cx8, fxsr, mmx, sse, sse2, sse3, ssse3, sse4.1, sse4.2, popcnt, avx, avx2, aes, clmul, mmxext, 3dnowpref, lzcnt, sse4a, tsc, tscinvbit, tscinv, bmi1, bmi2, adx, sha, fma
CPU Model and flags from /proc/cpuinfo:
model name	: AMD EPYC 7542 32-Core Processor
flags		: fpu vme de pse tsc msr pae mce cx8 apic sep mtrr pge mca cmov pat pse36 clflush mmx fxsr sse sse2 ht syscall nx mmxext fxsr_opt pdpe1gb rdtscp lm constant_tsc art rep_good nopl nonstop_tsc extd_apicid aperfmperf eagerfpu pni pclmulqdq monitor ssse3 fma cx16 sse4_1 sse4_2 movbe popcnt aes xsave avx f16c rdrand lahf_lm cmp_legacy svm extapic cr8_legacy abm sse4a misalignsse 3dnowprefetch osvw ibs skinit wdt tce topoext perfctr_core perfctr_nb bpext perfctr_l2 cpb cat_l3 cdp_l3 hw_pstate sme retpoline_amd ssbd ibrs ibpb stibp vmmcall fsgsbase bmi1 avx2 smep bmi2 cqm rdt_a rdseed adx smap clflushopt clwb sha_ni xsaveopt xsavec xgetbv1 cqm_llc cqm_occup_llc cqm_mbm_total cqm_mbm_local clzero irperf xsaveerptr arat npt lbrv svm_lock nrip_save tsc_scale vmcb_clean flushbyasid decodeassists pausefilter pfthreshold avic v_vmsave_vmload vgif umip overflow_recov succor smca
Online cpus:0-63
Offline cpus:64-255
BIOS frequency limitation:2900000
Frequency switch latency (ns):0
Available cpu frequencies:2900000 2400000 1500000 
Current governor:conservative
Core performance/turbo boost:1

Memory: 4k page, physical 263800832k(251858984k free), swap 4194300k(296596k free)

vm_info: OpenJDK 64-Bit Server VM (13.0.7+5-Ubuntu-0ubuntu120.04) for linux-amd64 JRE (13.0.7+5-Ubuntu-0ubuntu120.04), built on Apr 21 2021 05:36:19 by "unknown" with gcc 9.3.0

END.
