#
# A fatal error has been detected by the Java Runtime Environment:
#
#  SIGBUS (0x7) at pc=0x00007f844c610179, pid=60978, tid=61252
#
# JRE version:  (13.0.7+5) (build )
# Java VM: OpenJDK 64-Bit Server VM (13.0.7+5-Ubuntu-0ubuntu120.04, mixed mode, tiered, serial gc, linux-amd64)
# Problematic frame:
# C  [libjimage.so+0x3179]
#
# No core dump will be written. Core dumps have been disabled. To enable core dumping, try "ulimit -c unlimited" before starting Java again
#
#

---------------  S U M M A R Y ------------

Command Line: -Xmx64g --add-modules=ALL-DEFAULT jdk.compiler/com.sun.tools.javac.launcher.Main /mnt/beegfs/rcabanas/dev/credici/papers/causal_flavour/code/LearnCF.java -m 1000 -o /mnt/beegfs/rcabanas/dev/credici/papers/causal_flavour/learntmodels/miter1000 --data /mnt/beegfs/rcabanas/dev/credici/papers/causal_flavour/data/simple_learner_10Q_data.csv -rw -s 131 /mnt/beegfs/rcabanas/dev/credici/papers/causal_flavour/models/simple_learner_10Q.uai

Host: AMD EPYC 7542 32-Core Processor, 64 cores, 251G, Ubuntu 20.04.4 LTS
Time: Mon Apr 15 11:32:53 2024 CEST elapsed time: 0.211774 seconds (0d 0h 0m 0s)

---------------  T H R E A D  ---------------

Current thread (0x00007f8448018000):  JavaThread "Unknown thread" [_thread_in_vm, id=61252, stack(0x00007f844c654000,0x00007f844c755000)]

Stack: [0x00007f844c654000,0x00007f844c755000],  sp=0x00007f844c751b28,  free space=1014k
Native frames: (J=compiled Java code, A=aot compiled Java code, j=interpreted, Vv=VM code, C=native code)
C  [libjimage.so+0x3179]
C  [libjimage.so+0x4181]  JIMAGE_FindResource+0xf1
V  [libjvm.so+0x5b78f1]
V  [libjvm.so+0x5b9693]
V  [libjvm.so+0xed5fd3]
V  [libjvm.so+0xed4b12]
V  [libjvm.so+0xed502a]
V  [libjvm.so+0x5ab538]
V  [libjvm.so+0x5b4926]
V  [libjvm.so+0x5b4d89]
V  [libjvm.so+0xa92660]
V  [libjvm.so+0x5b96e0]
V  [libjvm.so+0xed5fd3]
V  [libjvm.so+0xed4b12]
V  [libjvm.so+0xed6c05]
V  [libjvm.so+0xf4b10f]
V  [libjvm.so+0xf4bd71]
V  [libjvm.so+0x85278d]
V  [libjvm.so+0xf25add]
V  [libjvm.so+0x908da5]  JNI_CreateJavaVM+0x55
C  [libjli.so+0x4d6f]
C  [libjli.so+0x9d3d]


siginfo: si_signo: 7 (SIGBUS), si_code: 2 (BUS_ADRERR), si_addr: 0x00007f843f818399

Registers:
RAX=0x000000000004bfd5, RBX=0x00007f844c752c48, RCX=0x0000000000000000, RDX=0x00007f843f7ab1f0
RSP=0x00007f844c751b28, RBP=0x00007f844c751b90, RSI=0x00007f843f818399, RDI=0x00007f844c751b30
R8 =0x0000000000003a8d, R9 =0x00007f844c7529c0, R10=0x00007f844daed818, R11=0x00007f844c751b30
R12=0x00007f8448009830, R13=0x00007f844c751bb0, R14=0x000000000004bfd5, R15=0x00007f84480226b0
RIP=0x00007f844c610179, EFLAGS=0x0000000000010206, CSGSFS=0x0000000000000033, ERR=0x0000000000000004
  TRAPNO=0x000000000000000e

Top of Stack: (sp=0x00007f844c751b28)
0x00007f844c751b28:   00007f844c610cbc 0000000000000000
0x00007f844c751b38:   0000000000000000 0000000000000000
0x00007f844c751b48:   0000000000000000 0000000000000000
0x00007f844c751b58:   0000000000000000 0000000000000000 

Instructions: (pc=0x00007f844c610179)
0x00007f844c610079:   00 00 48 89 d9 b8 93 01 00 01 0f 1f 44 00 00 69
0x00007f844c610089:   d0 93 01 00 01 48 83 c1 01 40 0f b6 c6 0f b6 71
0x00007f844c610099:   ff 31 d0 40 84 f6 75 e7 25 ff ff ff 7f 31 d2 41
0x00007f844c6100a9:   f7 f4 89 d0 41 8b 34 80 48 8b 07 ff 50 20 85 c0
0x00007f844c6100b9:   7f 15 74 62 f7 d0 41 89 c0 48 83 c4 08 44 89 c0
0x00007f844c6100c9:   5b 41 5c 41 5d 5d c3 41 0f b6 4d 00 89 c6 84 c9
0x00007f844c6100d9:   74 1b 0f 1f 44 00 00 69 f6 93 01 00 01 48 83 c3
0x00007f844c6100e9:   01 31 ce 0f b6 4b ff 84 c9 75 ec 89 f0 25 ff ff
0x00007f844c6100f9:   ff 7f 31 d2 48 83 c4 08 41 f7 f4 5b 41 5c 41 5d
0x00007f844c610109:   5d 41 89 d0 44 89 c0 c3 0f 1f 80 00 00 00 00 b8
0x00007f844c610119:   93 01 00 01 eb 87 41 b8 ff ff ff ff eb 9b 41 83
0x00007f844c610129:   c8 ff 44 89 c0 c3 90 f3 0f 1e fa eb 1d 66 2e 0f
0x00007f844c610139:   1f 84 00 00 00 00 00 0f b6 16 84 d2 74 13 38 c2
0x00007f844c610149:   75 15 48 83 c7 01 48 83 c6 01 0f b6 07 84 c0 75
0x00007f844c610159:   e6 48 89 f8 c3 66 90 31 c0 c3 90 66 66 2e 0f 1f
0x00007f844c610169:   84 00 00 00 00 00 90 f3 0f 1e fa 48 85 f6 74 51
0x00007f844c610179:   0f b6 06 84 c0 74 4a 0f b6 d0 83 e0 07 c1 fa 03
0x00007f844c610189:   44 8d 50 01 0f b6 c0 41 89 d1 4c 8d 44 06 02 48
0x00007f844c610199:   8d 56 01 31 c0 66 90 0f b6 0a 48 c1 e0 08 48 83
0x00007f844c6101a9:   c2 01 48 09 c8 49 39 d0 75 ed 49 63 d1 48 89 04
0x00007f844c6101b9:   d7 41 0f b6 c2 48 8d 74 06 01 0f b6 06 84 c0 75
0x00007f844c6101c9:   b6 c3 90 0f 1f 40 00 f3 0f 1e fa 66 0f ef c0 0f
0x00007f844c6101d9:   11 07 0f 11 47 10 0f 11 47 20 0f 11 47 30 c3 0f
0x00007f844c6101e9:   1f 84 00 00 00 00 00 f3 0f 1e fa 48 8b 46 10 48
0x00007f844c6101f9:   89 37 48 89 47 08 c3 f3 0f 1e fa c3 90 66 2e 0f
0x00007f844c610209:   1f 84 00 00 00 00 00 f3 0f 1e fa 48 b8 00 00 00
0x00007f844c610219:   00 08 00 00 00 55 be 08 00 00 00 48 89 e5 53 48
0x00007f844c610229:   89 fb 48 83 ec 08 48 89 07 bf 08 00 00 00 e8 04
0x00007f844c610239:   f0 ff ff 48 89 43 08 48 83 c4 08 5b 5d c3 90 0f
0x00007f844c610249:   1f 84 00 00 00 00 00 f3 0f 1e fa 55 48 89 e5 41
0x00007f844c610259:   54 49 89 f4 53 48 89 fb 8b 17 48 8b 7f 08 3b 53
0x00007f844c610269:   04 74 14 8d 42 01 89 03 4c 89 24 d7 5b 41 5c 5d 



---------------  P R O C E S S  ---------------

Threads class SMR info:
_java_thread_list=0x00007f844de96b40, length=0, elements={
}

Java Threads: ( => current thread )

Other Threads:

=>0x00007f8448018000 (exited) JavaThread "Unknown thread" [_thread_in_vm, id=61252, stack(0x00007f844c654000,0x00007f844c755000)]

Threads with active compile tasks:

VM state:not at safepoint (not fully initialized)

VM Mutex/Monitor currently owned by a thread: None

GC Heap History (0 events):
No events

Deoptimization events (0 events):
No events

Classes unloaded (0 events):
No events

Classes redefined (0 events):
No events

Internal exceptions (0 events):
No events

Events (14 events):
Event: 0.113 Protecting memory [0x00007f844c654000,0x00007f844c658000] with protection modes 0
Event: 0.118 Loaded shared library /usr/lib/jvm/java-13-openjdk-amd64/lib/libzip.so
Event: 0.166 loading class java/lang/Object
Event: 0.199 loading class java/lang/Object done
Event: 0.199 loading class java/lang/String
Event: 0.204 loading class java/io/Serializable
Event: 0.204 loading class java/io/Serializable done
Event: 0.204 loading class java/lang/Comparable
Event: 0.208 loading class java/lang/Comparable done
Event: 0.208 loading class java/lang/CharSequence
Event: 0.208 loading class java/lang/CharSequence done
Event: 0.208 loading class java/lang/constant/Constable
Event: 0.208 loading class java/lang/constant/Constable done
Event: 0.208 loading class java/lang/constant/ConstantDesc


Dynamic libraries:
55c8d2ae0000-55c8d2ae1000 r--p 00000000 07:0a 4860                       /usr/lib/jvm/java-13-openjdk-amd64/bin/java
55c8d2ae1000-55c8d2ae2000 r-xp 00001000 07:0a 4860                       /usr/lib/jvm/java-13-openjdk-amd64/bin/java
55c8d2ae2000-55c8d2ae3000 r--p 00002000 07:0a 4860                       /usr/lib/jvm/java-13-openjdk-amd64/bin/java
55c8d2ae3000-55c8d2ae4000 r--p 00002000 07:0a 4860                       /usr/lib/jvm/java-13-openjdk-amd64/bin/java
55c8d2ae4000-55c8d2ae5000 rw-p 00003000 07:0a 4860                       /usr/lib/jvm/java-13-openjdk-amd64/bin/java
55c8d3fca000-55c8d3feb000 rw-p 00000000 00:00 0                          [heap]
7f74228a9000-7f7422ca9000 rw-p 00000000 00:00 0 
7f7422ca9000-7f74230a9000 ---p 00000000 00:00 0 
7f74230a9000-7f7423354000 rw-p 00000000 00:00 0 
7f7423354000-7f74285ff000 ---p 00000000 00:00 0 
7f74285ff000-7f7428755000 rw-p 00000000 00:00 0 
7f7428755000-7f742b0a9000 ---p 00000000 00:00 0 
7f742b0a9000-7f742b355000 rw-p 00000000 00:00 0 
7f742b355000-7f74305ff000 ---p 00000000 00:00 0 
7f74305ff000-7f745b0a0000 rw-p 00000000 00:00 0 
7f745b0a0000-7f7985b50000 ---p 00000000 00:00 0 
7f7985b50000-7f79db0b0000 rw-p 00000000 00:00 0 
7f79db0b0000-7f8430600000 ---p 00000000 00:00 0 
7f843078a000-7f84309fa000 rwxp 00000000 00:00 0 
7f84309fa000-7f8430d19000 ---p 00000000 00:00 0 
7f8430d19000-7f8430f89000 rwxp 00000000 00:00 0 
7f8430f89000-7f8438251000 ---p 00000000 00:00 0 
7f8438251000-7f84384c1000 rwxp 00000000 00:00 0 
7f84384c1000-7f843f78a000 ---p 00000000 00:00 0 
7f843f78a000-7f8448000000 r--s 00000000 07:0a 5215                       /usr/lib/jvm/java-13-openjdk-amd64/lib/modules
7f8448000000-7f8448060000 rw-p 00000000 00:00 0 
7f8448060000-7f844c000000 ---p 00000000 00:00 0 
7f844c2e2000-7f844c404000 rw-p 00000000 00:00 0 
7f844c404000-7f844c4ea000 ---p 00000000 00:00 0 
7f844c4ea000-7f844c4ef000 rw-p 00000000 00:00 0 
7f844c4ef000-7f844c5d5000 ---p 00000000 00:00 0 
7f844c5d5000-7f844c5da000 rw-p 00000000 00:00 0 
7f844c5da000-7f844c5e1000 ---p 00000000 00:00 0 
7f844c5e1000-7f844c5e3000 r--p 00000000 07:0a 5214                       /usr/lib/jvm/java-13-openjdk-amd64/lib/libzip.so
7f844c5e3000-7f844c5e7000 r-xp 00002000 07:0a 5214                       /usr/lib/jvm/java-13-openjdk-amd64/lib/libzip.so
7f844c5e7000-7f844c5e9000 r--p 00006000 07:0a 5214                       /usr/lib/jvm/java-13-openjdk-amd64/lib/libzip.so
7f844c5e9000-7f844c5ea000 r--p 00007000 07:0a 5214                       /usr/lib/jvm/java-13-openjdk-amd64/lib/libzip.so
7f844c5ea000-7f844c5eb000 rw-p 00008000 07:0a 5214                       /usr/lib/jvm/java-13-openjdk-amd64/lib/libzip.so
7f844c5eb000-7f844c5f3000 rw-s 00000000 08:03 34981435                   /tmp/hsperfdata_rcabanas/60978
7f844c5f3000-7f844c5f6000 r--p 00000000 07:0a 9108                       /usr/lib/x86_64-linux-gnu/libnss_files-2.31.so
7f844c5f6000-7f844c5fd000 r-xp 00003000 07:0a 9108                       /usr/lib/x86_64-linux-gnu/libnss_files-2.31.so
7f844c5fd000-7f844c5ff000 r--p 0000a000 07:0a 9108                       /usr/lib/x86_64-linux-gnu/libnss_files-2.31.so
7f844c5ff000-7f844c600000 r--p 0000b000 07:0a 9108                       /usr/lib/x86_64-linux-gnu/libnss_files-2.31.so
7f844c600000-7f844c601000 rw-p 0000c000 07:0a 9108                       /usr/lib/x86_64-linux-gnu/libnss_files-2.31.so
7f844c601000-7f844c607000 rw-p 00000000 00:00 0 
7f844c60d000-7f844c60f000 r--p 00000000 07:0a 5195                       /usr/lib/jvm/java-13-openjdk-amd64/lib/libjimage.so
7f844c60f000-7f844c612000 r-xp 00002000 07:0a 5195                       /usr/lib/jvm/java-13-openjdk-amd64/lib/libjimage.so
7f844c612000-7f844c613000 r--p 00005000 07:0a 5195                       /usr/lib/jvm/java-13-openjdk-amd64/lib/libjimage.so
7f844c613000-7f844c614000 ---p 00006000 07:0a 5195                       /usr/lib/jvm/java-13-openjdk-amd64/lib/libjimage.so
7f844c614000-7f844c615000 r--p 00006000 07:0a 5195                       /usr/lib/jvm/java-13-openjdk-amd64/lib/libjimage.so
7f844c615000-7f844c616000 rw-p 00007000 07:0a 5195                       /usr/lib/jvm/java-13-openjdk-amd64/lib/libjimage.so
7f844c616000-7f844c623000 r--p 00000000 07:0a 5191                       /usr/lib/jvm/java-13-openjdk-amd64/lib/libjava.so
7f844c623000-7f844c638000 r-xp 0000d000 07:0a 5191                       /usr/lib/jvm/java-13-openjdk-amd64/lib/libjava.so
7f844c638000-7f844c63e000 r--p 00022000 07:0a 5191                       /usr/lib/jvm/java-13-openjdk-amd64/lib/libjava.so
7f844c63e000-7f844c63f000 ---p 00028000 07:0a 5191                       /usr/lib/jvm/java-13-openjdk-amd64/lib/libjava.so
7f844c63f000-7f844c640000 r--p 00028000 07:0a 5191                       /usr/lib/jvm/java-13-openjdk-amd64/lib/libjava.so
7f844c640000-7f844c642000 rw-p 00029000 07:0a 5191                       /usr/lib/jvm/java-13-openjdk-amd64/lib/libjava.so
7f844c642000-7f844c647000 r--p 00000000 07:0a 5213                       /usr/lib/jvm/java-13-openjdk-amd64/lib/libverify.so
7f844c647000-7f844c64e000 r-xp 00005000 07:0a 5213                       /usr/lib/jvm/java-13-openjdk-amd64/lib/libverify.so
7f844c64e000-7f844c650000 r--p 0000c000 07:0a 5213                       /usr/lib/jvm/java-13-openjdk-amd64/lib/libverify.so
7f844c650000-7f844c651000 ---p 0000e000 07:0a 5213                       /usr/lib/jvm/java-13-openjdk-amd64/lib/libverify.so
7f844c651000-7f844c653000 r--p 0000e000 07:0a 5213                       /usr/lib/jvm/java-13-openjdk-amd64/lib/libverify.so
7f844c653000-7f844c654000 rw-p 00010000 07:0a 5213                       /usr/lib/jvm/java-13-openjdk-amd64/lib/libverify.so
7f844c654000-7f844c658000 ---p 00000000 00:00 0 
7f844c658000-7f844c755000 rw-p 00000000 00:00 0 
7f844c755000-7f844c758000 r--p 00000000 07:0a 8948                       /usr/lib/x86_64-linux-gnu/libgcc_s.so.1
7f844c758000-7f844c76a000 r-xp 00003000 07:0a 8948                       /usr/lib/x86_64-linux-gnu/libgcc_s.so.1
7f844c76a000-7f844c76e000 r--p 00015000 07:0a 8948                       /usr/lib/x86_64-linux-gnu/libgcc_s.so.1
7f844c76e000-7f844c76f000 r--p 00018000 07:0a 8948                       /usr/lib/x86_64-linux-gnu/libgcc_s.so.1
7f844c76f000-7f844c770000 rw-p 00019000 07:0a 8948                       /usr/lib/x86_64-linux-gnu/libgcc_s.so.1
7f844c770000-7f844c77d000 r--p 00000000 07:0a 9062                       /usr/lib/x86_64-linux-gnu/libm-2.31.so
7f844c77d000-7f844c824000 r-xp 0000d000 07:0a 9062                       /usr/lib/x86_64-linux-gnu/libm-2.31.so
7f844c824000-7f844c8bd000 r--p 000b4000 07:0a 9062                       /usr/lib/x86_64-linux-gnu/libm-2.31.so
7f844c8bd000-7f844c8be000 r--p 0014c000 07:0a 9062                       /usr/lib/x86_64-linux-gnu/libm-2.31.so
7f844c8be000-7f844c8bf000 rw-p 0014d000 07:0a 9062                       /usr/lib/x86_64-linux-gnu/libm-2.31.so
7f844c8bf000-7f844c955000 r--p 00000000 07:0a 9213                       /usr/lib/x86_64-linux-gnu/libstdc++.so.6.0.28
7f844c955000-7f844ca46000 r-xp 00096000 07:0a 9213                       /usr/lib/x86_64-linux-gnu/libstdc++.so.6.0.28
7f844ca46000-7f844ca8f000 r--p 00187000 07:0a 9213                       /usr/lib/x86_64-linux-gnu/libstdc++.so.6.0.28
7f844ca8f000-7f844ca90000 ---p 001d0000 07:0a 9213                       /usr/lib/x86_64-linux-gnu/libstdc++.so.6.0.28
7f844ca90000-7f844ca9b000 r--p 001d0000 07:0a 9213                       /usr/lib/x86_64-linux-gnu/libstdc++.so.6.0.28
7f844ca9b000-7f844ca9e000 rw-p 001db000 07:0a 9213                       /usr/lib/x86_64-linux-gnu/libstdc++.so.6.0.28
7f844ca9e000-7f844caa1000 rw-p 00000000 00:00 0 
7f844caa1000-7f844cd27000 r--p 00000000 07:0a 5226                       /usr/lib/jvm/java-13-openjdk-amd64/lib/server/libjvm.so
7f844cd27000-7f844daa4000 r-xp 00286000 07:0a 5226                       /usr/lib/jvm/java-13-openjdk-amd64/lib/server/libjvm.so
7f844daa4000-7f844dd1f000 r--p 01003000 07:0a 5226                       /usr/lib/jvm/java-13-openjdk-amd64/lib/server/libjvm.so
7f844dd1f000-7f844dde4000 r--p 0127d000 07:0a 5226                       /usr/lib/jvm/java-13-openjdk-amd64/lib/server/libjvm.so
7f844dde4000-7f844de1f000 rw-p 01342000 07:0a 5226                       /usr/lib/jvm/java-13-openjdk-amd64/lib/server/libjvm.so
7f844de1f000-7f844dea5000 rw-p 00000000 00:00 0 
7f844dea5000-7f844deab000 r--p 00000000 07:0a 9166                       /usr/lib/x86_64-linux-gnu/libpthread-2.31.so
7f844deab000-7f844debc000 r-xp 00006000 07:0a 9166                       /usr/lib/x86_64-linux-gnu/libpthread-2.31.so
7f844debc000-7f844dec2000 r--p 00017000 07:0a 9166                       /usr/lib/x86_64-linux-gnu/libpthread-2.31.so
7f844dec2000-7f844dec3000 r--p 0001c000 07:0a 9166                       /usr/lib/x86_64-linux-gnu/libpthread-2.31.so
7f844dec3000-7f844dec4000 rw-p 0001d000 07:0a 9166                       /usr/lib/x86_64-linux-gnu/libpthread-2.31.so
7f844dec4000-7f844dec8000 rw-p 00000000 00:00 0 
7f844dec8000-7f844dec9000 r--p 00000000 07:0a 8893                       /usr/lib/x86_64-linux-gnu/libdl-2.31.so
7f844dec9000-7f844decb000 r-xp 00001000 07:0a 8893                       /usr/lib/x86_64-linux-gnu/libdl-2.31.so
7f844decb000-7f844decc000 r--p 00003000 07:0a 8893                       /usr/lib/x86_64-linux-gnu/libdl-2.31.so
7f844decc000-7f844decd000 r--p 00003000 07:0a 8893                       /usr/lib/x86_64-linux-gnu/libdl-2.31.so
7f844decd000-7f844dece000 rw-p 00004000 07:0a 8893                       /usr/lib/x86_64-linux-gnu/libdl-2.31.so
7f844dece000-7f844ded0000 r--p 00000000 07:0a 9290                       /usr/lib/x86_64-linux-gnu/libz.so.1.2.11
7f844ded0000-7f844dee1000 r-xp 00002000 07:0a 9290                       /usr/lib/x86_64-linux-gnu/libz.so.1.2.11
7f844dee1000-7f844dee7000 r--p 00013000 07:0a 9290                       /usr/lib/x86_64-linux-gnu/libz.so.1.2.11
7f844dee7000-7f844dee8000 ---p 00019000 07:0a 9290                       /usr/lib/x86_64-linux-gnu/libz.so.1.2.11
7f844dee8000-7f844dee9000 r--p 00019000 07:0a 9290                       /usr/lib/x86_64-linux-gnu/libz.so.1.2.11
7f844dee9000-7f844deea000 rw-p 0001a000 07:0a 9290                       /usr/lib/x86_64-linux-gnu/libz.so.1.2.11
7f844deea000-7f844df0c000 r--p 00000000 07:0a 8851                       /usr/lib/x86_64-linux-gnu/libc-2.31.so
7f844df0c000-7f844e084000 r-xp 00022000 07:0a 8851                       /usr/lib/x86_64-linux-gnu/libc-2.31.so
7f844e084000-7f844e0d2000 r--p 0019a000 07:0a 8851                       /usr/lib/x86_64-linux-gnu/libc-2.31.so
7f844e0d2000-7f844e0d6000 r--p 001e7000 07:0a 8851                       /usr/lib/x86_64-linux-gnu/libc-2.31.so
7f844e0d6000-7f844e0d8000 rw-p 001eb000 07:0a 8851                       /usr/lib/x86_64-linux-gnu/libc-2.31.so
7f844e0d8000-7f844e0dc000 rw-p 00000000 00:00 0 
7f844e0de000-7f844e0e0000 r--s 0000c000 07:0a 20930                      /usr/share/java/java-atk-wrapper.jar
7f844e0e0000-7f844e0e1000 ---p 00000000 00:00 0 
7f844e0e1000-7f844e0e2000 r--p 00000000 00:00 0 
7f844e0e2000-7f844e0e5000 r--p 00000000 07:0a 5196                       /usr/lib/jvm/java-13-openjdk-amd64/lib/libjli.so
7f844e0e5000-7f844e0ef000 r-xp 00003000 07:0a 5196                       /usr/lib/jvm/java-13-openjdk-amd64/lib/libjli.so
7f844e0ef000-7f844e0f2000 r--p 0000d000 07:0a 5196                       /usr/lib/jvm/java-13-openjdk-amd64/lib/libjli.so
7f844e0f2000-7f844e0f3000 r--p 0000f000 07:0a 5196                       /usr/lib/jvm/java-13-openjdk-amd64/lib/libjli.so
7f844e0f3000-7f844e0f4000 rw-p 00010000 07:0a 5196                       /usr/lib/jvm/java-13-openjdk-amd64/lib/libjli.so
7f844e0f4000-7f844e0f6000 rw-p 00000000 00:00 0 
7f844e0f6000-7f844e0f7000 r--p 00000000 07:0a 8572                       /usr/lib/x86_64-linux-gnu/ld-2.31.so
7f844e0f7000-7f844e11a000 r-xp 00001000 07:0a 8572                       /usr/lib/x86_64-linux-gnu/ld-2.31.so
7f844e11a000-7f844e122000 r--p 00024000 07:0a 8572                       /usr/lib/x86_64-linux-gnu/ld-2.31.so
7f844e122000-7f844e123000 ---p 00000000 00:00 0 
7f844e123000-7f844e124000 r--p 0002c000 07:0a 8572                       /usr/lib/x86_64-linux-gnu/ld-2.31.so
7f844e124000-7f844e125000 rw-p 0002d000 07:0a 8572                       /usr/lib/x86_64-linux-gnu/ld-2.31.so
7f844e125000-7f844e126000 rw-p 00000000 00:00 0 
7ffced12d000-7ffced14e000 rw-p 00000000 00:00 0                          [stack]
7ffced1bd000-7ffced1bf000 r-xp 00000000 00:00 0                          [vdso]
ffffffffff600000-ffffffffff601000 r-xp 00000000 00:00 0                  [vsyscall]


VM Arguments:
jvm_args: -Xmx64g --add-modules=ALL-DEFAULT 
java_command: jdk.compiler/com.sun.tools.javac.launcher.Main /mnt/beegfs/rcabanas/dev/credici/papers/causal_flavour/code/LearnCF.java -m 1000 -o /mnt/beegfs/rcabanas/dev/credici/papers/causal_flavour/learntmodels/miter1000 --data /mnt/beegfs/rcabanas/dev/credici/papers/causal_flavour/data/simple_learner_10Q_data.csv -rw -s 131 /mnt/beegfs/rcabanas/dev/credici/papers/causal_flavour/models/simple_learner_10Q.uai
java_class_path (initial): /mnt/beegfs/rcabanas/dev/credici/target/credici-0.1.5-dev-SNAPSHOT-jar-with-dependencies.jar
Launcher Type: SUN_STANDARD

[Global flags]
     intx CICompilerCount                          = 2                                         {product} {ergonomic}
   size_t InitialHeapSize                          = 2147483648                                {product} {ergonomic}
   size_t MaxHeapSize                              = 68719476736                               {product} {command line}
   size_t MaxNewSize                               = 22906470400                               {product} {ergonomic}
   size_t MinHeapDeltaBytes                        = 196608                                    {product} {ergonomic}
   size_t MinHeapSize                              = 8388608                                   {product} {ergonomic}
   size_t NewSize                                  = 715784192                                 {product} {ergonomic}
    uintx NonNMethodCodeHeapSize                   = 5826188                                {pd product} {ergonomic}
    uintx NonProfiledCodeHeapSize                  = 122916026                              {pd product} {ergonomic}
   size_t OldSize                                  = 1431699456                                {product} {ergonomic}
    uintx ProfiledCodeHeapSize                     = 122916026                              {pd product} {ergonomic}
    uintx ReservedCodeCacheSize                    = 251658240                              {pd product} {ergonomic}
     bool SegmentedCodeCache                       = true                                      {product} {ergonomic}
   size_t SoftMaxHeapSize                          = 68719476736                            {manageable} {ergonomic}
     bool UseSerialGC                              = true                                      {product} {ergonomic}

Logging:
Log output configuration:
 #0: stdout all=warning uptime,level,tags
 #1: stderr all=off uptime,level,tags

Environment Variables:
PATH=/usr/local/sbin:/usr/local/bin:/usr/sbin:/usr/bin:/sbin:/bin
LD_LIBRARY_PATH=/.singularity.d/libs

Signal Handlers:
SIGSEGV: [libjvm.so+0xf8fcf0], sa_mask[0]=11111111011111111101111111111110, sa_flags=SA_RESTART|SA_SIGINFO
SIGBUS: [libjvm.so+0xf8fcf0], sa_mask[0]=11111111011111111101111111111110, sa_flags=SA_RESTART|SA_SIGINFO
SIGFPE: [libjvm.so+0xf8fcf0], sa_mask[0]=11111111011111111101111111111110, sa_flags=SA_RESTART|SA_SIGINFO
SIGPIPE: [libjvm.so+0xc3ffa0], sa_mask[0]=11111111011111111101111111111110, sa_flags=SA_RESTART|SA_SIGINFO
SIGXFSZ: [libjvm.so+0xc3ffa0], sa_mask[0]=11111111011111111101111111111110, sa_flags=SA_RESTART|SA_SIGINFO
SIGILL: [libjvm.so+0xf8fcf0], sa_mask[0]=11111111011111111101111111111110, sa_flags=SA_RESTART|SA_SIGINFO
SIGUSR2: [libjvm.so+0xc3fe40], sa_mask[0]=00000000000000000000000000000000, sa_flags=SA_RESTART|SA_SIGINFO
SIGHUP: SIG_DFL, sa_mask[0]=00000000000000000000000000000000, sa_flags=none
SIGINT: SIG_DFL, sa_mask[0]=00000000000000000000000000000000, sa_flags=none
SIGTERM: SIG_DFL, sa_mask[0]=00000000000000000000000000000000, sa_flags=none
SIGQUIT: SIG_DFL, sa_mask[0]=00000000000000000000000000000000, sa_flags=none


---------------  S Y S T E M  ---------------

OS:DISTRIB_ID=Ubuntu
DISTRIB_RELEASE=20.04
DISTRIB_CODENAME=focal
DISTRIB_DESCRIPTION="Ubuntu 20.04.4 LTS"
uname:Linux 3.10.0-1160.15.2.el7.x86_64 #1 SMP Wed Feb 3 15:06:38 UTC 2021 x86_64
OS uptime: 1024 days 17:11 hours
libc:glibc 2.31 NPTL 2.31 
rlimit (soft/hard): STACK 8192k/infinity , CORE 0k/infinity , NPROC 4096/1030217 , NOFILE 131072/131072 , AS infinity/infinity , CPU infinity/infinity , DATA infinity/infinity , FSIZE infinity/infinity , MEMLOCK infinity/infinity
load average:0.12 0.12 0.08

/proc/meminfo:
MemTotal:       263895364 kB
MemFree:        211387968 kB
MemAvailable:   251403408 kB
Buffers:          300664 kB
Cached:         40434260 kB
SwapCached:         2552 kB
Active:          5037424 kB
Inactive:       36882976 kB
Active(anon):    2032988 kB
Inactive(anon):   730600 kB
Active(file):    3004436 kB
Inactive(file): 36152376 kB
Unevictable:       14288 kB
Mlocked:           14288 kB
SwapTotal:      37748728 kB
SwapFree:       35090472 kB
Dirty:               188 kB
Writeback:             0 kB
AnonPages:        923720 kB
Mapped:           367968 kB
Shmem:           1559664 kB
Slab:            2366576 kB
SReclaimable:    1744252 kB
SUnreclaim:       622324 kB
KernelStack:       21728 kB
PageTables:        34168 kB
NFS_Unstable:          0 kB
Bounce:                0 kB
WritebackTmp:          0 kB
CommitLimit:    169696408 kB
Committed_AS:   38019992 kB
VmallocTotal:   34359738367 kB
VmallocUsed:      870236 kB
VmallocChunk:   34222409240 kB
Percpu:            22016 kB
HardwareCorrupted:     0 kB
AnonHugePages:    108544 kB
CmaTotal:              0 kB
CmaFree:               0 kB
HugePages_Total:       0
HugePages_Free:        0
HugePages_Rsvd:        0
HugePages_Surp:        0
Hugepagesize:       2048 kB
DirectMap4k:      505448 kB
DirectMap2M:    20328448 kB
DirectMap1G:    247463936 kB

/sys/kernel/mm/transparent_hugepage/enabled:
[always] madvise never

/sys/kernel/mm/transparent_hugepage/defrag (defrag/compaction efforts parameter):
[always] madvise never


/proc/sys/kernel/threads-max (system-wide limit on the number of threads):
2060435


/proc/sys/vm/max_map_count (maximum number of memory map areas a process may have):
65530


/proc/sys/kernel/pid_max (system-wide limit on number of process identifiers):
65536



Steal ticks since vm start: 0
Steal ticks percentage since vm start:  0.000

CPU:total 64 (initial active 1) (32 cores per cpu, 1 threads per core) family 23 model 49 stepping 0, cmov, cx8, fxsr, mmx, sse, sse2, sse3, ssse3, sse4.1, sse4.2, popcnt, avx, avx2, aes, clmul, mmxext, 3dnowpref, lzcnt, sse4a, tsc, tscinvbit, tscinv, bmi1, bmi2, adx, sha, fma
CPU Model and flags from /proc/cpuinfo:
model name	: AMD EPYC 7542 32-Core Processor
flags		: fpu vme de pse tsc msr pae mce cx8 apic sep mtrr pge mca cmov pat pse36 clflush mmx fxsr sse sse2 ht syscall nx mmxext fxsr_opt pdpe1gb rdtscp lm constant_tsc art rep_good nopl nonstop_tsc extd_apicid aperfmperf eagerfpu pni pclmulqdq monitor ssse3 fma cx16 sse4_1 sse4_2 movbe popcnt aes xsave avx f16c rdrand lahf_lm cmp_legacy svm extapic cr8_legacy abm sse4a misalignsse 3dnowprefetch osvw ibs skinit wdt tce topoext perfctr_core perfctr_nb bpext perfctr_l2 cpb cat_l3 cdp_l3 hw_pstate sme retpoline_amd ssbd ibrs ibpb stibp vmmcall fsgsbase bmi1 avx2 smep bmi2 cqm rdt_a rdseed adx smap clflushopt clwb sha_ni xsaveopt xsavec xgetbv1 cqm_llc cqm_occup_llc cqm_mbm_total cqm_mbm_local clzero irperf xsaveerptr arat npt lbrv svm_lock nrip_save tsc_scale vmcb_clean flushbyasid decodeassists pausefilter pfthreshold avic v_vmsave_vmload vgif umip overflow_recov succor smca
Online cpus:0-63
Offline cpus:
BIOS frequency limitation:2900000
Frequency switch latency (ns):0
Available cpu frequencies:2900000 2400000 1500000 
Current governor:conservative
Core performance/turbo boost:1

Memory: 4k page, physical 263895364k(211384828k free), swap 37748728k(35090472k free)

vm_info: OpenJDK 64-Bit Server VM (13.0.7+5-Ubuntu-0ubuntu120.04) for linux-amd64 JRE (13.0.7+5-Ubuntu-0ubuntu120.04), built on Apr 21 2021 05:36:19 by "unknown" with gcc 9.3.0

END.
